Warp 1.0.0-beta.2 initialized:
   CUDA Toolkit: 12.8, Driver: 13.2
   Devices:
     "cpu"    | x86_64
     "cuda:0" | NVIDIA GeForce RTX 4090 (sm_89)
   Kernel cache: /root/.cache/warp/1.0.0-beta.2
[33;20mWARNING - Triangle area is too small (min_area=6.521010963748954e-12), may cause numerical instability (system.py:213)[0m
Module pamo_safe_project.kernels.geometry_kernels load on device 'cuda:0' took 16.66 ms
Module pamo_safe_project.kernels.energy_kernels.elastic_energy load on device 'cuda:0' took 53.86 ms
Module pamo_safe_project.kernels.energy_kernels.hinge_energy load on device 'cuda:0' took 93.37 ms
Module pamo_safe_project.kernels.energy_kernels.contact_detection load on device 'cuda:0' took 15.90 ms
Module pamo_safe_project.kernels.energy_kernels.distance_energy load on device 'cuda:0' took 21.01 ms
Module pamo_safe_project.kernels.energy_kernels.collision_energy load on device 'cuda:0' took 180.11 ms
Module pamo_safe_project.kernels.utils_kernels load on device 'cuda:0' took 3.14 ms
Module tangent_plane_gpu load on device 'cuda:0' took 1.22 ms
Module locality_gpu load on device 'cuda:0' took 0.68 ms
Module pamo_safe_project.kernels.solver_kernels load on device 'cuda:0' took 2.98 ms
Module warp.utils load on device 'cuda:0' took 1.67 ms
Module pamo_safe_project.kernels.distance_kernels.grad_funcs load on device 'cuda:0' took 17.81 ms
Module pamo_safe_project.kernels.distance_kernels.hessian_funcs load on device 'cuda:0' took 187.78 ms
Module pamo_safe_project.kernels.distance_kernels.distance_kernels load on device 'cuda:0' took 287.00 ms
Module pamo_safe_project.kernels.distance_kernels.grad_funcs_struct load on device 'cuda:0' took 94.61 ms
Module pamo_safe_project.kernels.distance_kernels.distance_kernels_struct load on device 'cuda:0' took 95.25 ms
Module pamo_safe_project.kernels.ccd_kernels load on device 'cuda:0' took 102.02 ms
Module pamo_safe_project.kernels.energy_kernels.lb_curvature_energy load on device 'cuda:0' took 8.08 ms
