Stage1 :  True
Stage3 :  True
Warp 1.0.0-beta.2 initialized:
   CUDA Toolkit: 12.8, Driver: 13.2
   Devices:
     "cpu"    | x86_64
     "cuda:0" | NVIDIA GeForce RTX 4090 (sm_89)
   Kernel cache: /root/.cache/warp/1.0.0-beta.2
Target faces : 1478
Time for Remeshing: 0.39087963104248047 sec
Time for Simplification: 0.659494161605835 sec
Module pamo_safe_project.kernels.geometry_kernels load on device 'cuda:0' took 79.28 ms
Module pamo_safe_project.kernels.energy_kernels.elastic_energy load on device 'cuda:0' took 10.82 ms
Module pamo_safe_project.kernels.energy_kernels.hinge_energy load on device 'cuda:0' took 31.68 ms
Module pamo_safe_project.kernels.energy_kernels.contact_detection load on device 'cuda:0' took 51.29 ms
Module pamo_safe_project.kernels.energy_kernels.distance_energy load on device 'cuda:0' took 20.99 ms
Module pamo_safe_project.kernels.energy_kernels.collision_energy load on device 'cuda:0' took 172.25 ms
Module pamo_safe_project.kernels.utils_kernels load on device 'cuda:0' took 3.23 ms
Module pamo_safe_project.kernels.solver_kernels load on device 'cuda:0' took 2.63 ms
Module warp.utils load on device 'cuda:0' took 1.41 ms
Module pamo_safe_project.kernels.distance_kernels.grad_funcs load on device 'cuda:0' took 16.94 ms
Module pamo_safe_project.kernels.distance_kernels.hessian_funcs load on device 'cuda:0' took 183.32 ms
Module pamo_safe_project.kernels.distance_kernels.distance_kernels load on device 'cuda:0' took 209.14 ms
Module pamo_safe_project.kernels.distance_kernels.grad_funcs_struct load on device 'cuda:0' took 83.20 ms
Module pamo_safe_project.kernels.distance_kernels.distance_kernels_struct load on device 'cuda:0' took 17.81 ms
Module pamo_safe_project.kernels.ccd_kernels load on device 'cuda:0' took 22.01 ms
Module pamo_safe_project.kernels.energy_kernels.lb_curvature_energy load on device 'cuda:0' took 3.24 ms
Module locality_gpu load on device 'cuda:0' took 0.74 ms
{"pamo_run_ms": 2981.717264279723, "stage1": "original", "method": "full", "maintenance_ms": 8007.938857190311, "status": "pending_independent_audit"}
