Warp 1.0.0-beta.2 initialized:
   CUDA Toolkit: 12.8, Driver: 13.2
   Devices:
     "cpu"    | x86_64
     "cuda:0" | NVIDIA GeForce RTX 4080 SUPER (sm_89)
   Kernel cache: /root/.cache/warp/1.0.0-beta.2
[33;20mWARNING - Triangle area is too small (min_area=2.9518573712628176e-09), may cause numerical instability (system.py:213)[0m
Module pamo_safe_project.kernels.geometry_kernels load on device 'cuda:0' took 27.02 ms
Module pamo_safe_project.kernels.energy_kernels.elastic_energy load on device 'cuda:0' took 21.43 ms
Module pamo_safe_project.kernels.energy_kernels.hinge_energy load on device 'cuda:0' took 64.92 ms
Module pamo_safe_project.kernels.energy_kernels.precision_contact_detection load on device 'cuda:0' took 52.57 ms
Module pamo_safe_project.kernels.energy_kernels.distance_energy load on device 'cuda:0' took 75.72 ms
Module pamo_safe_project.kernels.energy_kernels.precision_gradient_collision_energy load on device 'cuda:0' took 119.43 ms
Module pamo_safe_project.kernels.utils_kernels load on device 'cuda:0' took 6.72 ms
Module tangent_plane_gpu load on device 'cuda:0' took 4.20 ms
Module locality_gpu load on device 'cuda:0' took 2.05 ms
Module pamo_safe_project.kernels.solver_kernels load on device 'cuda:0' took 5.38 ms
Module warp.utils load on device 'cuda:0' took 2.74 ms
Module pamo_safe_project.kernels.distance_kernels.grad_funcs load on device 'cuda:0' took 33.67 ms
Module pamo_safe_project.kernels.distance_kernels.hessian_funcs load on device 'cuda:0' took 147.01 ms
Module pamo_safe_project.kernels.distance_kernels.distance_kernels load on device 'cuda:0' took 204.75 ms
Module pamo_safe_project.kernels.distance_kernels.grad_funcs_struct load on device 'cuda:0' took 31.29 ms
Module pamo_safe_project.kernels.distance_kernels.distance_kernels_struct load on device 'cuda:0' took 34.48 ms
Module pamo_safe_project.kernels.energy_kernels.collision_energy load on device 'cuda:0' took 138.44 ms
Module pamo_safe_project.kernels.ccd_kernels load on device 'cuda:0' took 41.02 ms
Module pamo_safe_project.kernels.energy_kernels.lb_curvature_energy load on device 'cuda:0' took 5.75 ms
Module pamo_safe_project.kernels.energy_kernels.contact_detection load on device 'cuda:0' took 30.64 ms
Module robust_pt_gpu load on device 'cuda:0' took 8.35 ms
Module pamo_safe_project.kernels.energy_kernels.precision_collision_energy load on device 'cuda:0' took 140.73 ms
Module pamo_safe_project.kernels.precision_ccd_kernels load on device 'cuda:0' took 39.83 ms
Module robust_pt_gradient_gpu load on device 'cuda:0' took 8.29 ms
