Stage1 :  True
Stage3 :  True
Warp 1.0.0-beta.2 initialized:
   CUDA Toolkit: 12.8, Driver: 13.2
   Devices:
     "cpu"    | x86_64
     "cuda:0" | NVIDIA GeForce RTX 4090 (sm_89)
   Kernel cache: /root/.cache/warp/1.0.0-beta.2
Target faces : 2950
Time for Remeshing: 0.18771862983703613 sec
Time for Simplification: 0.663006067276001 sec
Module pamo_safe_project.kernels.geometry_kernels load on device 'cuda:0' took 12.25 ms
Module pamo_safe_project.kernels.energy_kernels.elastic_energy load on device 'cuda:0' took 16.71 ms
Module pamo_safe_project.kernels.energy_kernels.hinge_energy load on device 'cuda:0' took 68.00 ms
Module pamo_safe_project.kernels.energy_kernels.contact_detection load on device 'cuda:0' took 15.89 ms
Module pamo_safe_project.kernels.energy_kernels.distance_energy load on device 'cuda:0' took 20.70 ms
Module pamo_safe_project.kernels.energy_kernels.collision_energy load on device 'cuda:0' took 181.04 ms
Module pamo_safe_project.kernels.utils_kernels load on device 'cuda:0' took 3.42 ms
Module pamo_safe_project.kernels.solver_kernels load on device 'cuda:0' took 3.05 ms
Module warp.utils load on device 'cuda:0' took 1.50 ms
Module pamo_safe_project.kernels.distance_kernels.grad_funcs load on device 'cuda:0' took 16.46 ms
Module pamo_safe_project.kernels.distance_kernels.hessian_funcs load on device 'cuda:0' took 184.01 ms
Module pamo_safe_project.kernels.distance_kernels.distance_kernels load on device 'cuda:0' took 221.73 ms
Module pamo_safe_project.kernels.distance_kernels.grad_funcs_struct load on device 'cuda:0' took 26.39 ms
Module pamo_safe_project.kernels.distance_kernels.distance_kernels_struct load on device 'cuda:0' took 46.33 ms
Module pamo_safe_project.kernels.ccd_kernels load on device 'cuda:0' took 90.52 ms
Module pamo_safe_project.kernels.energy_kernels.lb_curvature_energy load on device 'cuda:0' took 3.14 ms
Module locality_gpu load on device 'cuda:0' took 0.72 ms
