Warp 1.0.0-beta.2 initialized:
   CUDA Toolkit: 12.8, Driver: 13.2
   Devices:
     "cpu"    | x86_64
     "cuda:0" | NVIDIA GeForce RTX 4080 SUPER (sm_89)
   Kernel cache: /root/.cache/warp/1.0.0-beta.2
[33;20mWARNING - Triangle area is too small (min_area=6.91657378076755e-09), may cause numerical instability (system.py:213)[0m
Module pamo_safe_project.kernels.geometry_kernels load on device 'cuda:0' took 25.96 ms
Module pamo_safe_project.kernels.energy_kernels.elastic_energy load on device 'cuda:0' took 20.57 ms
Module pamo_safe_project.kernels.energy_kernels.hinge_energy load on device 'cuda:0' took 50.66 ms
Module pamo_safe_project.kernels.energy_kernels.precision_contact_detection load on device 'cuda:0' took 28.12 ms
Module pamo_safe_project.kernels.energy_kernels.distance_energy load on device 'cuda:0' took 39.46 ms
Module pamo_safe_project.kernels.energy_kernels.preserved_collision_energy load on device 'cuda:0' took 120.00 ms
Module pamo_safe_project.kernels.utils_kernels load on device 'cuda:0' took 6.01 ms
Module tangent_plane_gpu load on device 'cuda:0' took 2.15 ms
Module locality_gpu load on device 'cuda:0' took 1.23 ms
Module pamo_safe_project.kernels.solver_kernels load on device 'cuda:0' took 3.96 ms
Module warp.utils load on device 'cuda:0' took 1.97 ms
Module pamo_safe_project.kernels.distance_kernels.grad_funcs load on device 'cuda:0' took 23.07 ms
Module pamo_safe_project.kernels.distance_kernels.hessian_funcs load on device 'cuda:0' took 101.98 ms
Module pamo_safe_project.kernels.distance_kernels.distance_kernels load on device 'cuda:0' took 140.51 ms
Module pamo_safe_project.kernels.distance_kernels.grad_funcs_struct load on device 'cuda:0' took 21.86 ms
Module pamo_safe_project.kernels.distance_kernels.distance_kernels_struct load on device 'cuda:0' took 23.79 ms
Module pamo_safe_project.kernels.energy_kernels.collision_energy load on device 'cuda:0' took 97.24 ms
Module pamo_safe_project.kernels.ccd_kernels load on device 'cuda:0' took 30.23 ms
Module pamo_safe_project.kernels.energy_kernels.lb_curvature_energy load on device 'cuda:0' took 3.79 ms
Module pamo_safe_project.kernels.energy_kernels.contact_detection load on device 'cuda:0' took 20.35 ms
Module tangent_preserved_gpu load on device 'cuda:0' took 1.66 ms
Module robust_pt_gpu load on device 'cuda:0' took 5.83 ms
Module pamo_safe_project.kernels.energy_kernels.precision_collision_energy load on device 'cuda:0' took 94.94 ms
Module pamo_safe_project.kernels.precision_ccd_kernels load on device 'cuda:0' took 27.89 ms
Module robust_pt_gradient_gpu load on device 'cuda:0' took 6.30 ms
Module pamo_safe_project.kernels.energy_kernels.precision_gradient_collision_energy load on device 'cuda:0' took 84.95 ms
Module fixed_geometry_gpu load on device 'cuda:0' took 6.75 ms
Module pamo_safe_project.kernels.preserved_ccd load on device 'cuda:0' took 35.47 ms
