Warp 1.0.0-beta.2 initialized:
   CUDA Toolkit: 12.8, Driver: 13.2
   Devices:
     "cpu"    | x86_64
     "cuda:0" | NVIDIA GeForce RTX 4080 SUPER (sm_89)
   Kernel cache: /root/.cache/warp/1.0.0-beta.2
[33;20mWARNING - Triangle area is too small (min_area=2.1438446659062852e-13), may cause numerical instability (system.py:213)[0m
Module pamo_safe_project.kernels.geometry_kernels load on device 'cuda:0' took 27.32 ms
Module pamo_safe_project.kernels.energy_kernels.elastic_energy load on device 'cuda:0' took 21.45 ms
Module pamo_safe_project.kernels.energy_kernels.hinge_energy load on device 'cuda:0' took 52.65 ms
Module pamo_safe_project.kernels.energy_kernels.precision_contact_detection load on device 'cuda:0' took 29.54 ms
Module pamo_safe_project.kernels.energy_kernels.distance_energy load on device 'cuda:0' took 41.18 ms
Module pamo_safe_project.kernels.energy_kernels.preserved_collision_energy load on device 'cuda:0' took 124.97 ms
Module pamo_safe_project.kernels.utils_kernels load on device 'cuda:0' took 6.17 ms
Module tangent_plane_gpu load on device 'cuda:0' took 2.26 ms
Module locality_gpu load on device 'cuda:0' took 1.25 ms
Module pamo_safe_project.kernels.solver_kernels load on device 'cuda:0' took 4.11 ms
Module warp.utils load on device 'cuda:0' took 1.81 ms
Module pamo_safe_project.kernels.distance_kernels.grad_funcs load on device 'cuda:0' took 23.05 ms
Module pamo_safe_project.kernels.distance_kernels.hessian_funcs load on device 'cuda:0' took 104.11 ms
Module pamo_safe_project.kernels.distance_kernels.distance_kernels load on device 'cuda:0' took 147.56 ms
Module pamo_safe_project.kernels.distance_kernels.grad_funcs_struct load on device 'cuda:0' took 25.53 ms
Module pamo_safe_project.kernels.distance_kernels.distance_kernels_struct load on device 'cuda:0' took 27.88 ms
Module pamo_safe_project.kernels.energy_kernels.collision_energy load on device 'cuda:0' took 108.05 ms
Module pamo_safe_project.kernels.ccd_kernels load on device 'cuda:0' took 29.87 ms
Module pamo_safe_project.kernels.energy_kernels.lb_curvature_energy load on device 'cuda:0' took 3.90 ms
Module pamo_safe_project.kernels.energy_kernels.contact_detection load on device 'cuda:0' took 21.56 ms
Module tangent_preserved_gpu load on device 'cuda:0' took 1.73 ms
Module robust_pt_gpu load on device 'cuda:0' took 5.61 ms
Module pamo_safe_project.kernels.energy_kernels.precision_collision_energy load on device 'cuda:0' took 91.13 ms
Module pamo_safe_project.kernels.precision_ccd_kernels load on device 'cuda:0' took 30.02 ms
Module robust_pt_gradient_gpu load on device 'cuda:0' took 6.46 ms
Module pamo_safe_project.kernels.energy_kernels.precision_gradient_collision_energy load on device 'cuda:0' took 83.32 ms
Module fixed_geometry_gpu load on device 'cuda:0' took 6.39 ms
Module pamo_safe_project.kernels.preserved_ccd load on device 'cuda:0' took 32.39 ms
