Stage1 :  True
Stage3 :  True
Warp 1.0.0-beta.2 initialized:
   CUDA Toolkit: 12.8, Driver: 13.2
   Devices:
     "cpu"    | x86_64
     "cuda:0" | NVIDIA GeForce RTX 4090 (sm_89)
   Kernel cache: /root/.cache/warp/1.0.0-beta.2
Target faces : 4860
Time for Remeshing: 0.08751583099365234 sec
Time for Simplification: 0.32077693939208984 sec
Module pamo_safe_project.kernels.geometry_kernels load on device 'cuda:0' took 12.05 ms
Module pamo_safe_project.kernels.energy_kernels.elastic_energy load on device 'cuda:0' took 10.85 ms
Module pamo_safe_project.kernels.energy_kernels.hinge_energy load on device 'cuda:0' took 26.40 ms
Module pamo_safe_project.kernels.energy_kernels.contact_detection load on device 'cuda:0' took 15.77 ms
Module pamo_safe_project.kernels.energy_kernels.distance_energy load on device 'cuda:0' took 21.66 ms
Module pamo_safe_project.kernels.energy_kernels.collision_energy load on device 'cuda:0' took 69.11 ms
Module pamo_safe_project.kernels.utils_kernels load on device 'cuda:0' took 3.12 ms
Module pamo_safe_project.kernels.solver_kernels load on device 'cuda:0' took 2.58 ms
Module warp.utils load on device 'cuda:0' took 1.34 ms
Module pamo_safe_project.kernels.distance_kernels.grad_funcs load on device 'cuda:0' took 16.63 ms
Module pamo_safe_project.kernels.distance_kernels.hessian_funcs load on device 'cuda:0' took 72.39 ms
Module pamo_safe_project.kernels.distance_kernels.distance_kernels load on device 'cuda:0' took 101.65 ms
Module pamo_safe_project.kernels.distance_kernels.grad_funcs_struct load on device 'cuda:0' took 15.62 ms
Module pamo_safe_project.kernels.distance_kernels.distance_kernels_struct load on device 'cuda:0' took 17.21 ms
Module pamo_safe_project.kernels.ccd_kernels load on device 'cuda:0' took 21.15 ms
Module pamo_safe_project.kernels.energy_kernels.lb_curvature_energy load on device 'cuda:0' took 3.13 ms
Module locality_gpu load on device 'cuda:0' took 0.70 ms
{"pamo_run_ms": 1365.2116088196635, "stage1": "original", "method": "full", "maintenance_ms": 3017.0490657910705, "status": "pending_independent_audit"}
