Stage1 :  True
Stage3 :  True
{"original_config_sha256": "df1eb24db57394c32e31f6d67a58cd7ef6c25febc11aff39c5e9503ee82d6390", "max_blocks": 67108864}
Warp 1.0.0-beta.2 initialized:
   CUDA Toolkit: 12.8, Driver: 13.2
   Devices:
     "cpu"    | x86_64
     "cuda:0" | NVIDIA GeForce RTX 4080 SUPER (sm_89)
   Kernel cache: /root/.cache/warp/1.0.0-beta.2
Target faces : 109938
Time for Remeshing: 0.08746075630187988 sec
Time for Simplification: 0.25714921951293945 sec
Module pamo_safe_project.kernels.geometry_kernels load on device 'cuda:0' took 20.48 ms
Module pamo_safe_project.kernels.energy_kernels.elastic_energy load on device 'cuda:0' took 15.67 ms
Module pamo_safe_project.kernels.energy_kernels.hinge_energy load on device 'cuda:0' took 35.31 ms
Module pamo_safe_project.kernels.energy_kernels.contact_detection load on device 'cuda:0' took 21.59 ms
Module pamo_safe_project.kernels.energy_kernels.distance_energy load on device 'cuda:0' took 27.68 ms
Module pamo_safe_project.kernels.energy_kernels.collision_energy load on device 'cuda:0' took 96.09 ms
Module pamo_safe_project.kernels.utils_kernels load on device 'cuda:0' took 4.11 ms
Module pamo_safe_project.kernels.solver_kernels load on device 'cuda:0' took 3.72 ms
Module warp.utils load on device 'cuda:0' took 1.64 ms
Module pamo_safe_project.kernels.distance_kernels.grad_funcs load on device 'cuda:0' took 94.64 ms
Module pamo_safe_project.kernels.distance_kernels.hessian_funcs load on device 'cuda:0' took 99.52 ms
Module pamo_safe_project.kernels.distance_kernels.distance_kernels load on device 'cuda:0' took 142.29 ms
Module pamo_safe_project.kernels.distance_kernels.grad_funcs_struct load on device 'cuda:0' took 21.57 ms
Module pamo_safe_project.kernels.distance_kernels.distance_kernels_struct load on device 'cuda:0' took 23.43 ms
Module pamo_safe_project.kernels.ccd_kernels load on device 'cuda:0' took 27.37 ms
Module pamo_safe_project.kernels.energy_kernels.lb_curvature_energy load on device 'cuda:0' took 3.92 ms
Module locality_gpu load on device 'cuda:0' took 0.86 ms
{"pamo_run_ms": 5895.685535855591, "stage1": "original", "method": "full", "maintenance_ms": 6959.218864329159, "status": "pending_independent_audit"}
