Warp 1.0.0-beta.2 initialized:
   CUDA Toolkit: 12.8, Driver: 13.2
   Devices:
     "cpu"    | x86_64
     "cuda:0" | NVIDIA GeForce RTX 4080 SUPER (sm_89)
   Kernel cache: /root/.cache/warp/1.0.0-beta.2
[33;20mWARNING - Triangle area is too small (min_area=2.6604281463004703e-16), may cause numerical instability (system.py:213)[0m
Module pamo_safe_project.kernels.geometry_kernels load on device 'cuda:0' took 26.48 ms
Module pamo_safe_project.kernels.energy_kernels.elastic_energy load on device 'cuda:0' took 21.21 ms
Module pamo_safe_project.kernels.energy_kernels.hinge_energy load on device 'cuda:0' took 51.78 ms
Module pamo_safe_project.kernels.energy_kernels.precision_contact_detection load on device 'cuda:0' took 28.24 ms
Module pamo_safe_project.kernels.energy_kernels.distance_energy load on device 'cuda:0' took 30.12 ms
Module pamo_safe_project.kernels.energy_kernels.preserved_collision_energy load on device 'cuda:0' took 88.97 ms
Module pamo_safe_project.kernels.utils_kernels load on device 'cuda:0' took 4.25 ms
Module tangent_plane_gpu load on device 'cuda:0' took 1.72 ms
Module locality_gpu load on device 'cuda:0' took 0.88 ms
Module pamo_safe_project.kernels.solver_kernels load on device 'cuda:0' took 4.16 ms
Module warp.utils load on device 'cuda:0' took 2.00 ms
Module pamo_safe_project.kernels.distance_kernels.grad_funcs load on device 'cuda:0' took 23.91 ms
Module pamo_safe_project.kernels.distance_kernels.hessian_funcs load on device 'cuda:0' took 100.17 ms
Module pamo_safe_project.kernels.distance_kernels.distance_kernels load on device 'cuda:0' took 143.42 ms
Module pamo_safe_project.kernels.distance_kernels.grad_funcs_struct load on device 'cuda:0' took 21.60 ms
Module pamo_safe_project.kernels.distance_kernels.distance_kernels_struct load on device 'cuda:0' took 26.28 ms
Module pamo_safe_project.kernels.energy_kernels.collision_energy load on device 'cuda:0' took 95.74 ms
Module pamo_safe_project.kernels.ccd_kernels load on device 'cuda:0' took 29.79 ms
Module pamo_safe_project.kernels.energy_kernels.lb_curvature_energy load on device 'cuda:0' took 3.67 ms
Module pamo_safe_project.kernels.energy_kernels.contact_detection load on device 'cuda:0' took 20.80 ms
Module tangent_preserved_gpu load on device 'cuda:0' took 1.43 ms
Module robust_pt_gpu load on device 'cuda:0' took 5.45 ms
Module pamo_safe_project.kernels.energy_kernels.precision_collision_energy load on device 'cuda:0' took 96.57 ms
Module pamo_safe_project.kernels.precision_ccd_kernels load on device 'cuda:0' took 27.41 ms
Module robust_pt_gradient_gpu load on device 'cuda:0' took 5.46 ms
Module pamo_safe_project.kernels.energy_kernels.precision_gradient_collision_energy load on device 'cuda:0' took 84.72 ms
Module fixed_geometry_gpu load on device 'cuda:0' took 6.08 ms
Module pamo_safe_project.kernels.preserved_ccd load on device 'cuda:0' took 34.27 ms
