Warp 1.0.0-beta.2 initialized:
   CUDA Toolkit: 12.8, Driver: 13.2
   Devices:
     "cpu"    | x86_64
     "cuda:0" | NVIDIA GeForce RTX 4080 SUPER (sm_89)
   Kernel cache: /root/.cache/warp/1.0.0-beta.2
[33;20mWARNING - Triangle area is too small (min_area=5.864804256206608e-11), may cause numerical instability (system.py:213)[0m
Module pamo_safe_project.kernels.geometry_kernels load on device 'cuda:0' took 26.23 ms
Module pamo_safe_project.kernels.energy_kernels.elastic_energy load on device 'cuda:0' took 20.86 ms
Module pamo_safe_project.kernels.energy_kernels.hinge_energy load on device 'cuda:0' took 51.40 ms
Module pamo_safe_project.kernels.energy_kernels.precision_contact_detection load on device 'cuda:0' took 28.29 ms
Module pamo_safe_project.kernels.energy_kernels.distance_energy load on device 'cuda:0' took 39.74 ms
Module pamo_safe_project.kernels.energy_kernels.preserved_collision_energy load on device 'cuda:0' took 121.43 ms
Module pamo_safe_project.kernels.utils_kernels load on device 'cuda:0' took 6.07 ms
Module tangent_plane_gpu load on device 'cuda:0' took 2.11 ms
Module locality_gpu load on device 'cuda:0' took 1.28 ms
Module pamo_safe_project.kernels.solver_kernels load on device 'cuda:0' took 4.03 ms
Module warp.utils load on device 'cuda:0' took 1.77 ms
Module pamo_safe_project.kernels.distance_kernels.grad_funcs load on device 'cuda:0' took 24.89 ms
Module pamo_safe_project.kernels.distance_kernels.hessian_funcs load on device 'cuda:0' took 170.02 ms
Module pamo_safe_project.kernels.distance_kernels.distance_kernels load on device 'cuda:0' took 146.58 ms
Module pamo_safe_project.kernels.distance_kernels.grad_funcs_struct load on device 'cuda:0' took 21.18 ms
Module pamo_safe_project.kernels.distance_kernels.distance_kernels_struct load on device 'cuda:0' took 24.61 ms
Module pamo_safe_project.kernels.energy_kernels.collision_energy load on device 'cuda:0' took 102.77 ms
Module pamo_safe_project.kernels.ccd_kernels load on device 'cuda:0' took 31.92 ms
Module pamo_safe_project.kernels.energy_kernels.lb_curvature_energy load on device 'cuda:0' took 4.42 ms
Module pamo_safe_project.kernels.energy_kernels.contact_detection load on device 'cuda:0' took 22.33 ms
Module tangent_preserved_gpu load on device 'cuda:0' took 1.41 ms
Module robust_pt_gpu load on device 'cuda:0' took 5.98 ms
Module pamo_safe_project.kernels.energy_kernels.precision_collision_energy load on device 'cuda:0' took 106.59 ms
Module pamo_safe_project.kernels.precision_ccd_kernels load on device 'cuda:0' took 28.12 ms
Module robust_pt_gradient_gpu load on device 'cuda:0' took 6.59 ms
Module pamo_safe_project.kernels.energy_kernels.precision_gradient_collision_energy load on device 'cuda:0' took 83.48 ms
Module fixed_geometry_gpu load on device 'cuda:0' took 6.86 ms
Module pamo_safe_project.kernels.preserved_ccd load on device 'cuda:0' took 35.21 ms
