Stage1 :  True
Stage3 :  True
{"original_config_sha256": "df1eb24db57394c32e31f6d67a58cd7ef6c25febc11aff39c5e9503ee82d6390", "max_blocks": 67108864}
Warp 1.0.0-beta.2 initialized:
   CUDA Toolkit: 12.8, Driver: 13.2
   Devices:
     "cpu"    | x86_64
     "cuda:0" | NVIDIA GeForce RTX 4080 SUPER (sm_89)
   Kernel cache: /root/.cache/warp/1.0.0-beta.2
Target faces : 109578
Time for Remeshing: 0.10259723663330078 sec
Time for Simplification: 0.2631194591522217 sec
Module pamo_safe_project.kernels.geometry_kernels load on device 'cuda:0' took 24.05 ms
Module pamo_safe_project.kernels.energy_kernels.elastic_energy load on device 'cuda:0' took 18.58 ms
Module pamo_safe_project.kernels.energy_kernels.hinge_energy load on device 'cuda:0' took 38.97 ms
Module pamo_safe_project.kernels.energy_kernels.contact_detection load on device 'cuda:0' took 22.03 ms
Module pamo_safe_project.kernels.energy_kernels.distance_energy load on device 'cuda:0' took 30.24 ms
Module pamo_safe_project.kernels.energy_kernels.collision_energy load on device 'cuda:0' took 96.11 ms
Module pamo_safe_project.kernels.utils_kernels load on device 'cuda:0' took 4.01 ms
Module pamo_safe_project.kernels.solver_kernels load on device 'cuda:0' took 3.72 ms
Module warp.utils load on device 'cuda:0' took 1.65 ms
Module pamo_safe_project.kernels.distance_kernels.grad_funcs load on device 'cuda:0' took 94.64 ms
Module pamo_safe_project.kernels.distance_kernels.hessian_funcs load on device 'cuda:0' took 94.93 ms
Module pamo_safe_project.kernels.distance_kernels.distance_kernels load on device 'cuda:0' took 151.68 ms
Module pamo_safe_project.kernels.distance_kernels.grad_funcs_struct load on device 'cuda:0' took 24.07 ms
Module pamo_safe_project.kernels.distance_kernels.distance_kernels_struct load on device 'cuda:0' took 26.35 ms
Module pamo_safe_project.kernels.ccd_kernels load on device 'cuda:0' took 29.53 ms
Module pamo_safe_project.kernels.energy_kernels.lb_curvature_energy load on device 'cuda:0' took 3.82 ms
Module locality_gpu load on device 'cuda:0' took 0.98 ms
{"pamo_run_ms": 6122.507098130882, "stage1": "original", "method": "full", "maintenance_ms": 6960.636438801885, "status": "pending_independent_audit"}
