Warp 1.0.0-beta.2 initialized:
   CUDA Toolkit: 12.8, Driver: 13.2
   Devices:
     "cpu"    | x86_64
     "cuda:0" | NVIDIA GeForce RTX 4080 SUPER (sm_89)
   Kernel cache: /root/.cache/warp/1.0.0-beta.2
Module pamo_safe_project.kernels.geometry_kernels load on device 'cuda:0' took 26.13 ms
Module pamo_safe_project.kernels.energy_kernels.elastic_energy load on device 'cuda:0' took 22.11 ms
Module pamo_safe_project.kernels.energy_kernels.hinge_energy load on device 'cuda:0' took 50.85 ms
Module pamo_safe_project.kernels.energy_kernels.precision_contact_detection load on device 'cuda:0' took 28.23 ms
Module pamo_safe_project.kernels.energy_kernels.distance_energy load on device 'cuda:0' took 39.42 ms
Module pamo_safe_project.kernels.energy_kernels.preserved_collision_energy load on device 'cuda:0' took 119.53 ms
Module pamo_safe_project.kernels.utils_kernels load on device 'cuda:0' took 5.92 ms
Module tangent_plane_gpu load on device 'cuda:0' took 2.13 ms
Module locality_gpu load on device 'cuda:0' took 1.25 ms
Module pamo_safe_project.kernels.solver_kernels load on device 'cuda:0' took 6.70 ms
Module warp.utils load on device 'cuda:0' took 2.44 ms
Module pamo_safe_project.kernels.distance_kernels.grad_funcs load on device 'cuda:0' took 32.42 ms
Module pamo_safe_project.kernels.distance_kernels.hessian_funcs load on device 'cuda:0' took 140.93 ms
Module pamo_safe_project.kernels.distance_kernels.distance_kernels load on device 'cuda:0' took 197.02 ms
Module pamo_safe_project.kernels.distance_kernels.grad_funcs_struct load on device 'cuda:0' took 30.35 ms
Module pamo_safe_project.kernels.distance_kernels.distance_kernels_struct load on device 'cuda:0' took 19.77 ms
Module pamo_safe_project.kernels.energy_kernels.collision_energy load on device 'cuda:0' took 77.69 ms
Module pamo_safe_project.kernels.ccd_kernels load on device 'cuda:0' took 22.49 ms
Module pamo_safe_project.kernels.energy_kernels.lb_curvature_energy load on device 'cuda:0' took 3.14 ms
Module pamo_safe_project.kernels.energy_kernels.contact_detection load on device 'cuda:0' took 16.81 ms
Module tangent_preserved_gpu load on device 'cuda:0' took 1.21 ms
Module robust_pt_gpu load on device 'cuda:0' took 5.63 ms
Module pamo_safe_project.kernels.energy_kernels.precision_collision_energy load on device 'cuda:0' took 76.62 ms
Module pamo_safe_project.kernels.precision_ccd_kernels load on device 'cuda:0' took 23.53 ms
Module robust_pt_gradient_gpu load on device 'cuda:0' took 4.55 ms
Module pamo_safe_project.kernels.energy_kernels.precision_gradient_collision_energy load on device 'cuda:0' took 67.07 ms
Module fixed_geometry_gpu load on device 'cuda:0' took 6.11 ms
Module pamo_safe_project.kernels.preserved_ccd load on device 'cuda:0' took 26.55 ms
