Stage1 :  True
Stage3 :  True
Warp 1.0.0-beta.2 initialized:
   CUDA Toolkit: 12.8, Driver: 13.2
   Devices:
     "cpu"    | x86_64
     "cuda:0" | NVIDIA GeForce RTX 4080 SUPER (sm_89)
   Kernel cache: /root/.cache/warp/1.0.0-beta.2
Target faces : 4204
Time for Remeshing: 0.0874643325805664 sec
Time for Simplification: 0.1414356231689453 sec
Module pamo_safe_project.kernels.geometry_kernels load on device 'cuda:0' took 26.16 ms
Module pamo_safe_project.kernels.energy_kernels.elastic_energy load on device 'cuda:0' took 22.95 ms
Module pamo_safe_project.kernels.energy_kernels.hinge_energy load on device 'cuda:0' took 54.03 ms
Module pamo_safe_project.kernels.energy_kernels.contact_detection load on device 'cuda:0' took 29.70 ms
Module pamo_safe_project.kernels.energy_kernels.distance_energy load on device 'cuda:0' took 44.88 ms
Module pamo_safe_project.kernels.energy_kernels.collision_energy load on device 'cuda:0' took 139.37 ms
Module pamo_safe_project.kernels.utils_kernels load on device 'cuda:0' took 5.71 ms
Module pamo_safe_project.kernels.solver_kernels load on device 'cuda:0' took 4.60 ms
Module warp.utils load on device 'cuda:0' took 2.21 ms
Module pamo_safe_project.kernels.distance_kernels.grad_funcs load on device 'cuda:0' took 34.40 ms
Module pamo_safe_project.kernels.distance_kernels.hessian_funcs load on device 'cuda:0' took 149.93 ms
Module pamo_safe_project.kernels.distance_kernels.distance_kernels load on device 'cuda:0' took 207.86 ms
Module pamo_safe_project.kernels.distance_kernels.grad_funcs_struct load on device 'cuda:0' took 30.84 ms
Module pamo_safe_project.kernels.distance_kernels.distance_kernels_struct load on device 'cuda:0' took 37.50 ms
Module pamo_safe_project.kernels.ccd_kernels load on device 'cuda:0' took 39.28 ms
Module pamo_safe_project.kernels.energy_kernels.lb_curvature_energy load on device 'cuda:0' took 5.78 ms
Module locality_gpu load on device 'cuda:0' took 1.16 ms
