Stage1 :  True
Stage3 :  True
{"original_config_sha256": "df1eb24db57394c32e31f6d67a58cd7ef6c25febc11aff39c5e9503ee82d6390", "max_blocks": 67108864}
Warp 1.0.0-beta.2 initialized:
   CUDA Toolkit: 12.8, Driver: 13.2
   Devices:
     "cpu"    | x86_64
     "cuda:0" | NVIDIA GeForce RTX 4080 SUPER (sm_89)
   Kernel cache: /root/.cache/warp/1.0.0-beta.2
Target faces : 29546
Time for Remeshing: 0.09037137031555176 sec
Time for Simplification: 0.0582120418548584 sec
Module pamo_safe_project.kernels.geometry_kernels load on device 'cuda:0' took 25.81 ms
Module pamo_safe_project.kernels.energy_kernels.elastic_energy load on device 'cuda:0' took 21.03 ms
Module pamo_safe_project.kernels.energy_kernels.hinge_energy load on device 'cuda:0' took 51.13 ms
Module pamo_safe_project.kernels.energy_kernels.contact_detection load on device 'cuda:0' took 29.27 ms
Module pamo_safe_project.kernels.energy_kernels.distance_energy load on device 'cuda:0' took 39.98 ms
Module pamo_safe_project.kernels.energy_kernels.collision_energy load on device 'cuda:0' took 134.10 ms
Module pamo_safe_project.kernels.utils_kernels load on device 'cuda:0' took 5.68 ms
Module pamo_safe_project.kernels.solver_kernels load on device 'cuda:0' took 4.69 ms
Module warp.utils load on device 'cuda:0' took 2.51 ms
Module pamo_safe_project.kernels.distance_kernels.grad_funcs load on device 'cuda:0' took 133.20 ms
Module pamo_safe_project.kernels.distance_kernels.hessian_funcs load on device 'cuda:0' took 161.12 ms
Module pamo_safe_project.kernels.distance_kernels.distance_kernels load on device 'cuda:0' took 199.06 ms
Module pamo_safe_project.kernels.distance_kernels.grad_funcs_struct load on device 'cuda:0' took 30.65 ms
Module pamo_safe_project.kernels.distance_kernels.distance_kernels_struct load on device 'cuda:0' took 33.48 ms
Module pamo_safe_project.kernels.ccd_kernels load on device 'cuda:0' took 38.95 ms
Module pamo_safe_project.kernels.energy_kernels.lb_curvature_energy load on device 'cuda:0' took 5.49 ms
Module locality_gpu load on device 'cuda:0' took 1.15 ms
{"pamo_run_ms": 2881.9897640496492, "stage1": "original", "method": "full", "maintenance_ms": 3303.561025299132, "status": "pending_independent_audit"}
