Warp 1.0.0-beta.2 initialized:
   CUDA Toolkit: 12.8, Driver: 13.2
   Devices:
     "cpu"    | x86_64
     "cuda:0" | NVIDIA GeForce RTX 4090 (sm_89)
   Kernel cache: /root/.cache/warp/1.0.0-beta.2
[33;20mWARNING - Triangle area is too small (min_area=5.912396046444654e-12), may cause numerical instability (system.py:213)[0m
Module pamo_safe_project.kernels.geometry_kernels load on device 'cuda:0' took 17.15 ms
Module pamo_safe_project.kernels.energy_kernels.elastic_energy load on device 'cuda:0' took 10.98 ms
Module pamo_safe_project.kernels.energy_kernels.hinge_energy load on device 'cuda:0' took 27.89 ms
Module pamo_safe_project.kernels.energy_kernels.contact_detection load on device 'cuda:0' took 16.61 ms
Module pamo_safe_project.kernels.energy_kernels.distance_energy load on device 'cuda:0' took 21.49 ms
Module pamo_safe_project.kernels.energy_kernels.collision_energy load on device 'cuda:0' took 74.65 ms
Module pamo_safe_project.kernels.utils_kernels load on device 'cuda:0' took 3.22 ms
Module locality_gpu load on device 'cuda:0' took 0.78 ms
Module pamo_safe_project.kernels.solver_kernels load on device 'cuda:0' took 2.58 ms
Module warp.utils load on device 'cuda:0' took 1.39 ms
Module pamo_safe_project.kernels.distance_kernels.grad_funcs load on device 'cuda:0' took 17.43 ms
Module pamo_safe_project.kernels.distance_kernels.hessian_funcs load on device 'cuda:0' took 74.69 ms
Module pamo_safe_project.kernels.distance_kernels.distance_kernels load on device 'cuda:0' took 104.07 ms
Module pamo_safe_project.kernels.distance_kernels.grad_funcs_struct load on device 'cuda:0' took 16.37 ms
Module pamo_safe_project.kernels.distance_kernels.distance_kernels_struct load on device 'cuda:0' took 17.78 ms
Module pamo_safe_project.kernels.ccd_kernels load on device 'cuda:0' took 21.62 ms
Module pamo_safe_project.kernels.energy_kernels.lb_curvature_energy load on device 'cuda:0' took 4.48 ms
{"quality_generation_ms": 193.08108650147915, "requested_edge_length_mm": 0.1859857026942946, "actual_edge_length_mm": 0.1859857026942946, "max_protected_edge_mm": 0.1946312888176367, "active_fraction": 1.0, "input_faces": 5534, "output_faces": 6048, "fp64_restoration_max_mm": 0.0, "iterations": 3, "fixed_contract_before_projection": {"passed": true, "external_faces": 0, "external_faces_retained": 0, "missing_fixed_vertices": 0}, "safe_projection_ms": 932.5954066589475, "projection_fp64_restoration_max_mm": 7.706978869844667e-08, "collision_scope": "whole_mesh_author_energy_and_ccd", "fixed_contract": {"passed": true, "external_faces": 0, "external_faces_retained": 0, "missing_fixed_vertices": 0}, "method": "global", "maintenance_ms": 2832.5625509023666, "status": "pending_independent_audit"}
