Warp 1.0.0-beta.2 initialized:
   CUDA Toolkit: 12.8, Driver: 13.2
   Devices:
     "cpu"    | x86_64
     "cuda:0" | NVIDIA GeForce RTX 4090 (sm_89)
   Kernel cache: /root/.cache/warp/1.0.0-beta.2
[33;20mWARNING - Triangle area is too small (min_area=4.204262828589766e-09), may cause numerical instability (system.py:213)[0m
Module pamo_safe_project.kernels.geometry_kernels load on device 'cuda:0' took 23.61 ms
Module pamo_safe_project.kernels.energy_kernels.elastic_energy load on device 'cuda:0' took 11.12 ms
Module pamo_safe_project.kernels.energy_kernels.hinge_energy load on device 'cuda:0' took 27.93 ms
Module pamo_safe_project.kernels.energy_kernels.contact_detection load on device 'cuda:0' took 16.70 ms
Module pamo_safe_project.kernels.energy_kernels.distance_energy load on device 'cuda:0' took 21.22 ms
Module pamo_safe_project.kernels.energy_kernels.collision_energy load on device 'cuda:0' took 72.19 ms
Module pamo_safe_project.kernels.utils_kernels load on device 'cuda:0' took 3.23 ms
Module locality_gpu load on device 'cuda:0' took 0.79 ms
Module pamo_safe_project.kernels.solver_kernels load on device 'cuda:0' took 2.61 ms
Module warp.utils load on device 'cuda:0' took 1.38 ms
Module pamo_safe_project.kernels.distance_kernels.grad_funcs load on device 'cuda:0' took 17.86 ms
Module pamo_safe_project.kernels.distance_kernels.hessian_funcs load on device 'cuda:0' took 72.67 ms
Module pamo_safe_project.kernels.distance_kernels.distance_kernels load on device 'cuda:0' took 102.12 ms
Module pamo_safe_project.kernels.distance_kernels.grad_funcs_struct load on device 'cuda:0' took 15.91 ms
Module pamo_safe_project.kernels.distance_kernels.distance_kernels_struct load on device 'cuda:0' took 17.36 ms
Module pamo_safe_project.kernels.ccd_kernels load on device 'cuda:0' took 21.80 ms
Module pamo_safe_project.kernels.energy_kernels.lb_curvature_energy load on device 'cuda:0' took 3.12 ms
{"quality_generation_ms": 25.23619309067726, "requested_edge_length_mm": 0.10017230311519329, "actual_edge_length_mm": 0.21504095740135046, "max_protected_edge_mm": 0.28294862815967164, "active_fraction": 0.1896551724137931, "input_faces": 2088, "output_faces": 1972, "fp64_restoration_max_mm": 0.0, "iterations": 3, "fixed_contract_before_projection": {"passed": true, "external_faces": 1692, "external_faces_retained": 1692, "missing_fixed_vertices": 0}, "safe_projection_ms": 898.2985783368349, "projection_fp64_restoration_max_mm": 8.090276503484344e-08, "collision_scope": "whole_mesh_author_energy_and_ccd", "fixed_contract": {"passed": true, "external_faces": 1692, "external_faces_retained": 1692, "missing_fixed_vertices": 0}, "method": "boolean", "maintenance_ms": 2754.616607911885, "status": "pending_independent_audit"}
