Stage1 :  True
Stage3 :  True
Warp 1.0.0-beta.2 initialized:
   CUDA Toolkit: 12.8, Driver: 13.2
   Devices:
     "cpu"    | x86_64
     "cuda:0" | NVIDIA GeForce RTX 4080 SUPER (sm_89)
   Kernel cache: /root/.cache/warp/1.0.0-beta.2
Target faces : 3360
Time for Remeshing: 0.1372087001800537 sec
Time for Simplification: 0.5734586715698242 sec
Module pamo_safe_project.kernels.geometry_kernels load on device 'cuda:0' took 22.72 ms
Module pamo_safe_project.kernels.energy_kernels.elastic_energy load on device 'cuda:0' took 20.93 ms
Module pamo_safe_project.kernels.energy_kernels.hinge_energy load on device 'cuda:0' took 51.36 ms
Module pamo_safe_project.kernels.energy_kernels.contact_detection load on device 'cuda:0' took 30.11 ms
Module pamo_safe_project.kernels.energy_kernels.distance_energy load on device 'cuda:0' took 40.39 ms
Module pamo_safe_project.kernels.energy_kernels.collision_energy load on device 'cuda:0' took 135.35 ms
Module pamo_safe_project.kernels.utils_kernels load on device 'cuda:0' took 6.03 ms
Module pamo_safe_project.kernels.solver_kernels load on device 'cuda:0' took 4.93 ms
Module warp.utils load on device 'cuda:0' took 2.47 ms
Module pamo_safe_project.kernels.distance_kernels.grad_funcs load on device 'cuda:0' took 33.32 ms
Module pamo_safe_project.kernels.distance_kernels.hessian_funcs load on device 'cuda:0' took 142.53 ms
Module pamo_safe_project.kernels.distance_kernels.distance_kernels load on device 'cuda:0' took 200.65 ms
Module pamo_safe_project.kernels.distance_kernels.grad_funcs_struct load on device 'cuda:0' took 31.05 ms
Module pamo_safe_project.kernels.distance_kernels.distance_kernels_struct load on device 'cuda:0' took 34.10 ms
Module pamo_safe_project.kernels.ccd_kernels load on device 'cuda:0' took 40.08 ms
Module pamo_safe_project.kernels.energy_kernels.lb_curvature_energy load on device 'cuda:0' took 5.78 ms
{"生成时间": "2026-10-05T07:16:52.384408+08:00", "修改时间及修改内容": "首次生成，固定第二刀完整三阶段", "文档概述": "原始PaMO输出，不是维护发布，无后续父反馈", "索引目录": ["source_sha256", "output"], "source_sha256": "4ea0b5037f8e2e41c78a62def5e3233430dd0f781bec547e0b1851902ae709ef", "SDF_extension_sha256": "7388625beeb38be480f8d78faeb724e6797b063e813f2cd69c9c53598d1b9bf2", "isolated_run_sha256": "840fa02afda353f07b9434aba24b3abe6d879937efe4a273444938f5468ad6f6", "full_PaMO_calls": 1, "new_publications": 0, "full_ms": 2822.2081726416945, "finite": true, "zero_or_small_faces": 0, "components": 2, "source_components": 2, "euler": 4, "source_euler": 4, "output": "raw_full_candidate.obj", "output_sha256": "943787c17bcdeb62a0f920cef701db0faae65f9d983628a70b4d22bce525f41c", "embedding": {"parsed": true, "topology_valid": true, "vertices": 1657, "faces": 3306, "closed": true, "self_intersection_pairs": 0, "embedded_closed": true, "kernel": "EPECK_on_stored_binary64"}}
