Warp 1.0.0-beta.2 initialized:
   CUDA Toolkit: 12.8, Driver: 13.2
   Devices:
     "cpu"    | x86_64
     "cuda:0" | NVIDIA GeForce RTX 4080 SUPER (sm_89)
   Kernel cache: /root/.cache/warp/1.0.0-beta.2
[33;20mWARNING - Triangle area is too small (min_area=2.1438446659062852e-13), may cause numerical instability (system.py:213)[0m
Module pamo_safe_project.kernels.geometry_kernels load on device 'cuda:0' took 26.59 ms
Module pamo_safe_project.kernels.energy_kernels.elastic_energy load on device 'cuda:0' took 20.76 ms
Module pamo_safe_project.kernels.energy_kernels.hinge_energy load on device 'cuda:0' took 51.15 ms
Module pamo_safe_project.kernels.energy_kernels.precision_contact_detection load on device 'cuda:0' took 28.31 ms
Module pamo_safe_project.kernels.energy_kernels.distance_energy load on device 'cuda:0' took 39.91 ms
Module pamo_safe_project.kernels.energy_kernels.preserved_collision_energy load on device 'cuda:0' took 121.61 ms
Module pamo_safe_project.kernels.utils_kernels load on device 'cuda:0' took 5.95 ms
Module tangent_plane_gpu load on device 'cuda:0' took 2.12 ms
Module locality_gpu load on device 'cuda:0' took 1.26 ms
Module pamo_safe_project.kernels.solver_kernels load on device 'cuda:0' took 3.87 ms
Module warp.utils load on device 'cuda:0' took 1.78 ms
Module pamo_safe_project.kernels.distance_kernels.grad_funcs load on device 'cuda:0' took 24.05 ms
Module pamo_safe_project.kernels.distance_kernels.hessian_funcs load on device 'cuda:0' took 112.61 ms
Module pamo_safe_project.kernels.distance_kernels.distance_kernels load on device 'cuda:0' took 146.18 ms
Module pamo_safe_project.kernels.distance_kernels.grad_funcs_struct load on device 'cuda:0' took 22.37 ms
Module pamo_safe_project.kernels.distance_kernels.distance_kernels_struct load on device 'cuda:0' took 25.08 ms
Module pamo_safe_project.kernels.energy_kernels.collision_energy load on device 'cuda:0' took 100.98 ms
Module pamo_safe_project.kernels.ccd_kernels load on device 'cuda:0' took 29.44 ms
Module pamo_safe_project.kernels.energy_kernels.lb_curvature_energy load on device 'cuda:0' took 4.18 ms
Module pamo_safe_project.kernels.energy_kernels.contact_detection load on device 'cuda:0' took 20.39 ms
Module tangent_preserved_gpu load on device 'cuda:0' took 1.78 ms
Module robust_pt_gpu load on device 'cuda:0' took 5.77 ms
Module pamo_safe_project.kernels.energy_kernels.precision_collision_energy load on device 'cuda:0' took 100.07 ms
Module pamo_safe_project.kernels.precision_ccd_kernels load on device 'cuda:0' took 29.08 ms
Module robust_pt_gradient_gpu load on device 'cuda:0' took 5.48 ms
Module pamo_safe_project.kernels.energy_kernels.precision_gradient_collision_energy load on device 'cuda:0' took 83.13 ms
Module fixed_geometry_gpu load on device 'cuda:0' took 6.04 ms
Module pamo_safe_project.kernels.preserved_ccd load on device 'cuda:0' took 32.33 ms
