Stage1 :  True
Stage3 :  True
Warp 1.0.0-beta.2 initialized:
   CUDA Toolkit: 12.8, Driver: 13.2
   Devices:
     "cpu"    | x86_64
     "cuda:0" | NVIDIA GeForce RTX 4080 SUPER (sm_89)
   Kernel cache: /root/.cache/warp/1.0.0-beta.2
Target faces : 1510
Time for Remeshing: 0.09494352340698242 sec
Time for Simplification: 0.31149840354919434 sec
Module pamo_safe_project.kernels.geometry_kernels load on device 'cuda:0' took 22.25 ms
Module pamo_safe_project.kernels.energy_kernels.elastic_energy load on device 'cuda:0' took 20.51 ms
Module pamo_safe_project.kernels.energy_kernels.hinge_energy load on device 'cuda:0' took 51.05 ms
Module pamo_safe_project.kernels.energy_kernels.contact_detection load on device 'cuda:0' took 29.69 ms
Module pamo_safe_project.kernels.energy_kernels.distance_energy load on device 'cuda:0' took 39.69 ms
Module pamo_safe_project.kernels.energy_kernels.collision_energy load on device 'cuda:0' took 132.31 ms
Module pamo_safe_project.kernels.utils_kernels load on device 'cuda:0' took 5.78 ms
Module pamo_safe_project.kernels.solver_kernels load on device 'cuda:0' took 5.33 ms
Module warp.utils load on device 'cuda:0' took 2.28 ms
Module pamo_safe_project.kernels.distance_kernels.grad_funcs load on device 'cuda:0' took 32.86 ms
Module pamo_safe_project.kernels.distance_kernels.hessian_funcs load on device 'cuda:0' took 140.82 ms
Module pamo_safe_project.kernels.distance_kernels.distance_kernels load on device 'cuda:0' took 200.80 ms
Module pamo_safe_project.kernels.distance_kernels.grad_funcs_struct load on device 'cuda:0' took 31.28 ms
Module pamo_safe_project.kernels.distance_kernels.distance_kernels_struct load on device 'cuda:0' took 33.50 ms
Module pamo_safe_project.kernels.ccd_kernels load on device 'cuda:0' took 40.35 ms
Module pamo_safe_project.kernels.energy_kernels.lb_curvature_energy load on device 'cuda:0' took 5.65 ms
Module locality_gpu load on device 'cuda:0' took 1.18 ms
