Warp 1.0.0-beta.2 initialized:
   CUDA Toolkit: 12.8, Driver: 13.2
   Devices:
     "cpu"    | x86_64
     "cuda:0" | NVIDIA GeForce RTX 4090 (sm_89)
   Kernel cache: /root/.cache/warp/1.0.0-beta.2
Module pamo_safe_project.kernels.geometry_kernels load on device 'cuda:0' took 16.69 ms
Module pamo_safe_project.kernels.energy_kernels.elastic_energy load on device 'cuda:0' took 11.75 ms
Module pamo_safe_project.kernels.energy_kernels.hinge_energy load on device 'cuda:0' took 26.61 ms
Module pamo_safe_project.kernels.energy_kernels.contact_detection load on device 'cuda:0' took 16.13 ms
Module pamo_safe_project.kernels.energy_kernels.distance_energy load on device 'cuda:0' took 20.93 ms
Module pamo_safe_project.kernels.energy_kernels.collision_energy load on device 'cuda:0' took 70.28 ms
Module pamo_safe_project.kernels.utils_kernels load on device 'cuda:0' took 3.09 ms
Module locality_gpu load on device 'cuda:0' took 0.77 ms
Module pamo_safe_project.kernels.solver_kernels load on device 'cuda:0' took 2.51 ms
Module warp.utils load on device 'cuda:0' took 1.38 ms
Module pamo_safe_project.kernels.distance_kernels.grad_funcs load on device 'cuda:0' took 17.52 ms
Module pamo_safe_project.kernels.distance_kernels.hessian_funcs load on device 'cuda:0' took 72.36 ms
Module pamo_safe_project.kernels.distance_kernels.distance_kernels load on device 'cuda:0' took 102.26 ms
Module pamo_safe_project.kernels.distance_kernels.grad_funcs_struct load on device 'cuda:0' took 16.36 ms
Module pamo_safe_project.kernels.distance_kernels.distance_kernels_struct load on device 'cuda:0' took 17.21 ms
Module pamo_safe_project.kernels.ccd_kernels load on device 'cuda:0' took 21.52 ms
Module pamo_safe_project.kernels.energy_kernels.lb_curvature_energy load on device 'cuda:0' took 3.06 ms
{"quality_generation_ms": 67.1758335083723, "requested_edge_length_mm": 0.09765685226149556, "actual_edge_length_mm": 0.19134065395707958, "max_protected_edge_mm": 0.2517640183645784, "active_fraction": 0.08614627285513361, "input_faces": 5688, "output_faces": 5526, "fp64_restoration_max_mm": 0.0, "iterations": 3, "fixed_contract_before_projection": {"passed": true, "external_faces": 5198, "external_faces_retained": 5198, "missing_fixed_vertices": 0}, "safe_projection_ms": 924.3286084383726, "projection_fp64_restoration_max_mm": 1.507183755150509e-07, "collision_scope": "whole_mesh_author_energy_and_ccd", "fixed_contract": {"passed": true, "external_faces": 5198, "external_faces_retained": 5198, "missing_fixed_vertices": 0}, "method": "boolean", "maintenance_ms": 2987.1351309120655, "status": "pending_independent_audit"}
