Stage1 :  True
Stage3 :  True
Warp 1.0.0-beta.2 initialized:
   CUDA Toolkit: 12.8, Driver: 13.2
   Devices:
     "cpu"    | x86_64
     "cuda:0" | NVIDIA GeForce RTX 4090 (sm_89)
   Kernel cache: /root/.cache/warp/1.0.0-beta.2
Target faces : 2914
Time for Remeshing: 0.0877695083618164 sec
Time for Simplification: 0.36174988746643066 sec
Module pamo_safe_project.kernels.geometry_kernels load on device 'cuda:0' took 12.09 ms
Module pamo_safe_project.kernels.energy_kernels.elastic_energy load on device 'cuda:0' took 10.71 ms
Module pamo_safe_project.kernels.energy_kernels.hinge_energy load on device 'cuda:0' took 31.24 ms
Module pamo_safe_project.kernels.energy_kernels.contact_detection load on device 'cuda:0' took 15.90 ms
Module pamo_safe_project.kernels.energy_kernels.distance_energy load on device 'cuda:0' took 20.86 ms
Module pamo_safe_project.kernels.energy_kernels.collision_energy load on device 'cuda:0' took 69.89 ms
Module pamo_safe_project.kernels.utils_kernels load on device 'cuda:0' took 3.21 ms
Module pamo_safe_project.kernels.solver_kernels load on device 'cuda:0' took 2.58 ms
Module warp.utils load on device 'cuda:0' took 1.38 ms
Module pamo_safe_project.kernels.distance_kernels.grad_funcs load on device 'cuda:0' took 16.61 ms
Module pamo_safe_project.kernels.distance_kernels.hessian_funcs load on device 'cuda:0' took 72.14 ms
Module pamo_safe_project.kernels.distance_kernels.distance_kernels load on device 'cuda:0' took 107.28 ms
Module pamo_safe_project.kernels.distance_kernels.grad_funcs_struct load on device 'cuda:0' took 15.71 ms
Module pamo_safe_project.kernels.distance_kernels.distance_kernels_struct load on device 'cuda:0' took 17.20 ms
Module pamo_safe_project.kernels.ccd_kernels load on device 'cuda:0' took 21.11 ms
Module pamo_safe_project.kernels.energy_kernels.lb_curvature_energy load on device 'cuda:0' took 3.09 ms
Module locality_gpu load on device 'cuda:0' took 0.72 ms
{"pamo_run_ms": 1390.143713913858, "stage1": "original", "method": "full", "maintenance_ms": 2954.295943491161, "status": "pending_independent_audit"}
