Warp 1.0.0-beta.2 initialized:
   CUDA Toolkit: 12.8, Driver: 13.2
   Devices:
     "cpu"    | x86_64
     "cuda:0" | NVIDIA GeForce RTX 4080 SUPER (sm_89)
   Kernel cache: /root/.cache/warp/1.0.0-beta.2
[33;20mWARNING - Triangle area is too small (min_area=7.175109185501301e-16), may cause numerical instability (system.py:213)[0m
Module pamo_safe_project.kernels.geometry_kernels load on device 'cuda:0' took 27.86 ms
Module pamo_safe_project.kernels.energy_kernels.elastic_energy load on device 'cuda:0' took 21.70 ms
Module pamo_safe_project.kernels.energy_kernels.hinge_energy load on device 'cuda:0' took 53.26 ms
Module pamo_safe_project.kernels.energy_kernels.precision_contact_detection load on device 'cuda:0' took 29.76 ms
Module pamo_safe_project.kernels.energy_kernels.distance_energy load on device 'cuda:0' took 41.50 ms
Module pamo_safe_project.kernels.energy_kernels.preserved_collision_energy load on device 'cuda:0' took 126.41 ms
Module pamo_safe_project.kernels.utils_kernels load on device 'cuda:0' took 6.46 ms
Module tangent_plane_gpu load on device 'cuda:0' took 2.41 ms
Module locality_gpu load on device 'cuda:0' took 1.40 ms
Module pamo_safe_project.kernels.solver_kernels load on device 'cuda:0' took 5.86 ms
Module warp.utils load on device 'cuda:0' took 2.71 ms
Module pamo_safe_project.kernels.distance_kernels.grad_funcs load on device 'cuda:0' took 32.99 ms
Module pamo_safe_project.kernels.distance_kernels.hessian_funcs load on device 'cuda:0' took 145.53 ms
Module pamo_safe_project.kernels.distance_kernels.distance_kernels load on device 'cuda:0' took 200.91 ms
Module pamo_safe_project.kernels.distance_kernels.grad_funcs_struct load on device 'cuda:0' took 26.01 ms
Module pamo_safe_project.kernels.distance_kernels.distance_kernels_struct load on device 'cuda:0' took 28.06 ms
Module pamo_safe_project.kernels.energy_kernels.collision_energy load on device 'cuda:0' took 110.89 ms
Module pamo_safe_project.kernels.ccd_kernels load on device 'cuda:0' took 32.35 ms
Module pamo_safe_project.kernels.energy_kernels.lb_curvature_energy load on device 'cuda:0' took 4.30 ms
Module pamo_safe_project.kernels.energy_kernels.contact_detection load on device 'cuda:0' took 23.89 ms
Module tangent_preserved_gpu load on device 'cuda:0' took 1.69 ms
Module robust_pt_gpu load on device 'cuda:0' took 6.57 ms
Module pamo_safe_project.kernels.energy_kernels.precision_collision_energy load on device 'cuda:0' took 107.12 ms
Module pamo_safe_project.kernels.precision_ccd_kernels load on device 'cuda:0' took 31.21 ms
Module robust_pt_gradient_gpu load on device 'cuda:0' took 6.65 ms
Module pamo_safe_project.kernels.energy_kernels.precision_gradient_collision_energy load on device 'cuda:0' took 95.85 ms
Module fixed_geometry_gpu load on device 'cuda:0' took 7.34 ms
Module pamo_safe_project.kernels.preserved_ccd load on device 'cuda:0' took 36.95 ms
