Stage1 :  True
Stage3 :  True
Warp 1.0.0-beta.2 initialized:
   CUDA Toolkit: 12.8, Driver: 13.2
   Devices:
     "cpu"    | x86_64
     "cuda:0" | NVIDIA GeForce RTX 4080 SUPER (sm_89)
   Kernel cache: /root/.cache/warp/1.0.0-beta.2
Target faces : 1984
Time for Remeshing: 0.08480143547058105 sec
Time for Simplification: 1.428926706314087 sec
Module pamo_safe_project.kernels.geometry_kernels load on device 'cuda:0' took 17.82 ms
Module pamo_safe_project.kernels.energy_kernels.elastic_energy load on device 'cuda:0' took 16.32 ms
Module pamo_safe_project.kernels.energy_kernels.hinge_energy load on device 'cuda:0' took 42.87 ms
Module pamo_safe_project.kernels.energy_kernels.contact_detection load on device 'cuda:0' took 24.25 ms
Module pamo_safe_project.kernels.energy_kernels.distance_energy load on device 'cuda:0' took 29.51 ms
Module pamo_safe_project.kernels.energy_kernels.collision_energy load on device 'cuda:0' took 92.06 ms
Module pamo_safe_project.kernels.utils_kernels load on device 'cuda:0' took 4.01 ms
Module pamo_safe_project.kernels.solver_kernels load on device 'cuda:0' took 3.20 ms
Module warp.utils load on device 'cuda:0' took 1.60 ms
Module pamo_safe_project.kernels.distance_kernels.grad_funcs load on device 'cuda:0' took 22.48 ms
Module pamo_safe_project.kernels.distance_kernels.hessian_funcs load on device 'cuda:0' took 98.46 ms
Module pamo_safe_project.kernels.distance_kernels.distance_kernels load on device 'cuda:0' took 138.60 ms
Module pamo_safe_project.kernels.distance_kernels.grad_funcs_struct load on device 'cuda:0' took 20.75 ms
Module pamo_safe_project.kernels.distance_kernels.distance_kernels_struct load on device 'cuda:0' took 22.03 ms
Module pamo_safe_project.kernels.ccd_kernels load on device 'cuda:0' took 26.94 ms
Module pamo_safe_project.kernels.energy_kernels.lb_curvature_energy load on device 'cuda:0' took 4.17 ms
Module locality_gpu load on device 'cuda:0' took 0.98 ms
{"pamo_run_ms": 2958.97557772696, "stage1": "original", "method": "full", "maintenance_ms": 5185.921537689865, "status": "pending_independent_audit"}
