Stage1 :  True
Stage3 :  True
Warp 1.0.0-beta.2 initialized:
   CUDA Toolkit: 12.8, Driver: 13.2
   Devices:
     "cpu"    | x86_64
     "cuda:0" | NVIDIA GeForce RTX 4080 SUPER (sm_89)
   Kernel cache: /root/.cache/warp/1.0.0-beta.2
Target faces : 109578
Time for Remeshing: 0.1380605697631836 sec
Time for Simplification: 0.298583984375 sec
Module pamo_safe_project.kernels.geometry_kernels load on device 'cuda:0' took 228.53 ms
Module pamo_safe_project.kernels.energy_kernels.elastic_energy load on device 'cuda:0' took 22.01 ms
Module pamo_safe_project.kernels.energy_kernels.hinge_energy load on device 'cuda:0' took 52.32 ms
Module pamo_safe_project.kernels.energy_kernels.contact_detection load on device 'cuda:0' took 33.98 ms
Module pamo_safe_project.kernels.energy_kernels.distance_energy load on device 'cuda:0' took 43.09 ms
Module pamo_safe_project.kernels.energy_kernels.collision_energy load on device 'cuda:0' took 148.33 ms
Module pamo_safe_project.kernels.utils_kernels load on device 'cuda:0' took 6.09 ms
Module pamo_safe_project.kernels.solver_kernels load on device 'cuda:0' took 4.95 ms
Module warp.utils load on device 'cuda:0' took 2.54 ms
Module pamo_safe_project.kernels.distance_kernels.grad_funcs load on device 'cuda:0' took 33.29 ms
Module pamo_safe_project.kernels.distance_kernels.hessian_funcs load on device 'cuda:0' took 154.85 ms
Module pamo_safe_project.kernels.distance_kernels.distance_kernels load on device 'cuda:0' took 216.30 ms
Module pamo_safe_project.kernels.distance_kernels.grad_funcs_struct load on device 'cuda:0' took 31.41 ms
Module pamo_safe_project.kernels.distance_kernels.distance_kernels_struct load on device 'cuda:0' took 35.30 ms
Module pamo_safe_project.kernels.ccd_kernels load on device 'cuda:0' took 52.12 ms
Module pamo_safe_project.kernels.energy_kernels.lb_curvature_energy load on device 'cuda:0' took 6.14 ms
Module locality_gpu load on device 'cuda:0' took 1.48 ms
[33;20mWARNING - Number of contacts (33561518) exceeds max_blocks (33554432) (energy.py:943)[0m
[34;20mINFO - Retrying with smaller detection radius: 0.005 (energy.py:947)[0m
{"pamo_run_ms": 5531.431708484888, "stage1": "original", "method": "full", "maintenance_ms": 9246.379996649921, "status": "pending_independent_audit"}
