Stage1 :  True
Stage3 :  True
Warp 1.0.0-beta.2 initialized:
   CUDA Toolkit: 12.8, Driver: 13.2
   Devices:
     "cpu"    | x86_64
     "cuda:0" | NVIDIA GeForce RTX 4080 SUPER (sm_89)
   Kernel cache: /root/.cache/warp/1.0.0-beta.2
Target faces : 2208
Time for Remeshing: 0.13812685012817383 sec
Time for Simplification: 1.3593685626983643 sec
Module pamo_safe_project.kernels.geometry_kernels load on device 'cuda:0' took 23.70 ms
Module pamo_safe_project.kernels.energy_kernels.elastic_energy load on device 'cuda:0' took 22.33 ms
Module pamo_safe_project.kernels.energy_kernels.hinge_energy load on device 'cuda:0' took 56.65 ms
Module pamo_safe_project.kernels.energy_kernels.contact_detection load on device 'cuda:0' took 33.59 ms
Module pamo_safe_project.kernels.energy_kernels.distance_energy load on device 'cuda:0' took 42.97 ms
Module pamo_safe_project.kernels.energy_kernels.collision_energy load on device 'cuda:0' took 140.41 ms
Module pamo_safe_project.kernels.utils_kernels load on device 'cuda:0' took 6.53 ms
Module pamo_safe_project.kernels.solver_kernels load on device 'cuda:0' took 6.53 ms
Module warp.utils load on device 'cuda:0' took 4.53 ms
Module pamo_safe_project.kernels.distance_kernels.grad_funcs load on device 'cuda:0' took 38.70 ms
Module pamo_safe_project.kernels.distance_kernels.hessian_funcs load on device 'cuda:0' took 149.08 ms
Module pamo_safe_project.kernels.distance_kernels.distance_kernels load on device 'cuda:0' took 220.23 ms
Module pamo_safe_project.kernels.distance_kernels.grad_funcs_struct load on device 'cuda:0' took 37.27 ms
Module pamo_safe_project.kernels.distance_kernels.distance_kernels_struct load on device 'cuda:0' took 35.78 ms
Module pamo_safe_project.kernels.ccd_kernels load on device 'cuda:0' took 44.19 ms
Module pamo_safe_project.kernels.energy_kernels.lb_curvature_energy load on device 'cuda:0' took 6.40 ms
Module locality_gpu load on device 'cuda:0' took 2.21 ms
{"pamo_run_ms": 3454.334259033203, "stage1": "original", "method": "full", "maintenance_ms": 6042.210680432618, "status": "pending_independent_audit"}
