Warp 1.0.0-beta.2 initialized:
   CUDA Toolkit: 12.8, Driver: 13.2
   Devices:
     "cpu"    | x86_64
     "cuda:0" | NVIDIA GeForce RTX 4080 SUPER (sm_89)
   Kernel cache: /root/.cache/warp/1.0.0-beta.2
[33;20mWARNING - Triangle area is too small (min_area=2.2444918493993285e-15), may cause numerical instability (system.py:213)[0m
Module pamo_safe_project.kernels.geometry_kernels load on device 'cuda:0' took 27.29 ms
Module pamo_safe_project.kernels.energy_kernels.elastic_energy load on device 'cuda:0' took 21.10 ms
Module pamo_safe_project.kernels.energy_kernels.hinge_energy load on device 'cuda:0' took 55.80 ms
Module pamo_safe_project.kernels.energy_kernels.precision_contact_detection load on device 'cuda:0' took 41.99 ms
Module pamo_safe_project.kernels.energy_kernels.distance_energy load on device 'cuda:0' took 44.15 ms
Module pamo_safe_project.kernels.energy_kernels.precision_gradient_collision_energy load on device 'cuda:0' took 1076.07 ms
Module pamo_safe_project.kernels.utils_kernels load on device 'cuda:0' took 13.69 ms
Module tangent_plane_gpu load on device 'cuda:0' took 8.82 ms
Module locality_gpu load on device 'cuda:0' took 4.12 ms
Module pamo_safe_project.kernels.solver_kernels load on device 'cuda:0' took 7.40 ms
Module warp.utils load on device 'cuda:0' took 3.45 ms
Module pamo_safe_project.kernels.distance_kernels.grad_funcs load on device 'cuda:0' took 33.34 ms
Module pamo_safe_project.kernels.distance_kernels.hessian_funcs load on device 'cuda:0' took 157.66 ms
Module pamo_safe_project.kernels.distance_kernels.distance_kernels load on device 'cuda:0' took 217.83 ms
Module pamo_safe_project.kernels.distance_kernels.grad_funcs_struct load on device 'cuda:0' took 30.28 ms
Module pamo_safe_project.kernels.distance_kernels.distance_kernels_struct load on device 'cuda:0' took 34.29 ms
Module pamo_safe_project.kernels.energy_kernels.collision_energy load on device 'cuda:0' took 150.05 ms
Module pamo_safe_project.kernels.ccd_kernels load on device 'cuda:0' took 57.82 ms
Module pamo_safe_project.kernels.energy_kernels.lb_curvature_energy load on device 'cuda:0' took 9.38 ms
Module pamo_safe_project.kernels.energy_kernels.contact_detection load on device 'cuda:0' took 49.30 ms
Module robust_pt_gpu load on device 'cuda:0' took 8.66 ms
Module pamo_safe_project.kernels.energy_kernels.precision_collision_energy load on device 'cuda:0' took 142.68 ms
Module pamo_safe_project.kernels.precision_ccd_kernels load on device 'cuda:0' took 40.82 ms
Module robust_pt_gradient_gpu load on device 'cuda:0' took 9.25 ms
