o-[Process     ] Max used threads = 4
o-[I/O         ] Loading file /tmp/geogram_native_quality_20261006_08/inputs/07_parent.obj...
o-[I/O         ] (FP64) nb_v:2304 nb_e:0 nb_f:4608 nb_b:0 tri:1 dim:3
o-[I/O         ] Attributes on vertices: point[3]
o-[I/O         ] Loading file /tmp/geogram_native_quality_20261006_08/inputs/07_tool.obj...
o-[I/O         ] (FP64) nb_v:642 nb_e:0 nb_f:1280 nb_b:0 tri:1 dim:3
o-[I/O         ] Attributes on vertices: point[3]
NATIVE_QUALITY_REGION {"group":4602,"boundary_attempt":false,"point_budget":64,"source_facets":12,"boundary_points":14,"new_points":8,"boundary_unchanged":true,"before_bad":11,"after_score_computed":true,"after_bad":4,"after_valid":true,"before_bad_area":0.000525079,"after_bad_area":0.00179987,"selected":false}
NATIVE_QUALITY_REGION {"group":4602,"boundary_attempt":true,"point_budget":128,"source_facets":12,"boundary_points":14,"new_points":21,"boundary_unchanged":true,"before_bad":11,"after_score_computed":true,"after_bad":0,"after_valid":true,"before_bad_area":0.000525079,"after_bad_area":0,"selected":true}
NATIVE_QUALITY_REGION {"group":4603,"boundary_attempt":false,"point_budget":64,"source_facets":8,"boundary_points":10,"new_points":2,"boundary_unchanged":true,"before_bad":7,"after_score_computed":true,"after_bad":3,"after_valid":true,"before_bad_area":0.000424812,"after_bad_area":0.000501863,"selected":false}
NATIVE_QUALITY_REGION {"group":4603,"boundary_attempt":true,"point_budget":128,"source_facets":8,"boundary_points":10,"new_points":14,"boundary_unchanged":true,"before_bad":7,"after_score_computed":true,"after_bad":0,"after_valid":true,"before_bad_area":0.000424812,"after_bad_area":0,"selected":true}
NATIVE_QUALITY_REGION {"group":4604,"boundary_attempt":false,"point_budget":64,"source_facets":3,"boundary_points":5,"new_points":0,"boundary_unchanged":true,"before_bad":2,"after_score_computed":true,"after_bad":2,"after_valid":true,"before_bad_area":0.000117829,"after_bad_area":0.000117829,"selected":false}
NATIVE_QUALITY_REGION {"group":4605,"boundary_attempt":false,"point_budget":64,"source_facets":4,"boundary_points":6,"new_points":0,"boundary_unchanged":true,"before_bad":3,"after_score_computed":true,"after_bad":3,"after_valid":true,"before_bad_area":0.000278184,"after_bad_area":0.000278184,"selected":false}
NATIVE_QUALITY_REGION {"group":4606,"boundary_attempt":false,"point_budget":64,"source_facets":12,"boundary_points":14,"new_points":13,"boundary_unchanged":true,"before_bad":11,"after_score_computed":true,"after_bad":8,"after_valid":true,"before_bad_area":0.00194291,"after_bad_area":0.00180605,"selected":true}
NATIVE_QUALITY_REGION {"group":4607,"boundary_attempt":false,"point_budget":64,"source_facets":11,"boundary_points":13,"new_points":4,"boundary_unchanged":true,"before_bad":11,"after_score_computed":true,"after_bad":5,"after_valid":true,"before_bad_area":0.00200545,"after_bad_area":0.00184216,"selected":true}
NATIVE_QUALITY_REGION {"group":4649,"boundary_attempt":false,"point_budget":64,"source_facets":2,"boundary_points":4,"new_points":0,"boundary_unchanged":true,"before_bad":1,"after_score_computed":true,"after_bad":1,"after_valid":true,"before_bad_area":1.05678e-06,"after_bad_area":1.05678e-06,"selected":false}
NATIVE_QUALITY_REGION {"group":4652,"boundary_attempt":false,"point_budget":64,"source_facets":3,"boundary_points":5,"new_points":0,"boundary_unchanged":true,"before_bad":1,"after_score_computed":true,"after_bad":1,"after_valid":true,"before_bad_area":1.8024e-06,"after_bad_area":1.8024e-06,"selected":false}
NATIVE_QUALITY_REGION {"group":4659,"boundary_attempt":false,"point_budget":64,"source_facets":2,"boundary_points":4,"new_points":1,"boundary_unchanged":true,"before_bad":1,"after_score_computed":true,"after_bad":1,"after_valid":true,"before_bad_area":1.28127e-06,"after_bad_area":2.01675e-06,"selected":false}
NATIVE_QUALITY_REGION {"group":4660,"boundary_attempt":false,"point_budget":64,"source_facets":3,"boundary_points":5,"new_points":0,"boundary_unchanged":true,"before_bad":1,"after_score_computed":true,"after_bad":1,"after_valid":true,"before_bad_area":1.37666e-06,"after_bad_area":1.37666e-06,"selected":false}
NATIVE_QUALITY_REGION {"group":4665,"boundary_attempt":false,"point_budget":64,"source_facets":2,"boundary_points":4,"new_points":0,"boundary_unchanged":true,"before_bad":1,"after_score_computed":true,"after_bad":1,"after_valid":true,"before_bad_area":2.30352e-07,"after_bad_area":2.30352e-07,"selected":false}
NATIVE_QUALITY_REGION {"group":4672,"boundary_attempt":false,"point_budget":64,"source_facets":3,"boundary_points":5,"new_points":0,"boundary_unchanged":true,"before_bad":1,"after_score_computed":true,"after_bad":1,"after_valid":true,"before_bad_area":2.11787e-06,"after_bad_area":2.11787e-06,"selected":false}
NATIVE_QUALITY_REGION {"group":4651,"boundary_attempt":false,"point_budget":128,"source_facets":8,"boundary_points":10,"new_points":0,"boundary_unchanged":true,"before_bad":5,"after_score_computed":true,"after_bad":5,"after_valid":true,"before_bad_area":0.000856398,"after_bad_area":0.000856398,"selected":false}
NATIVE_QUALITY_REGION {"group":4652,"boundary_attempt":false,"point_budget":128,"source_facets":9,"boundary_points":11,"new_points":1,"boundary_unchanged":true,"before_bad":3,"after_score_computed":true,"after_bad":4,"after_valid":true,"before_bad_area":0.000841506,"after_bad_area":0.000841115,"selected":false}
NATIVE_QUALITY_REGION {"group":4653,"boundary_attempt":false,"point_budget":128,"source_facets":38,"boundary_points":14,"new_points":13,"boundary_unchanged":true,"before_bad":11,"after_score_computed":true,"after_bad":8,"after_valid":true,"before_bad_area":0.00194291,"after_bad_area":0.00180605,"selected":true}
NATIVE_QUALITY_REGION {"group":4654,"boundary_attempt":false,"point_budget":128,"source_facets":19,"boundary_points":13,"new_points":4,"boundary_unchanged":true,"before_bad":11,"after_score_computed":true,"after_bad":5,"after_valid":true,"before_bad_area":0.00200545,"after_bad_area":0.00184216,"selected":true}
NATIVE_QUALITY_REGION {"group":4661,"boundary_attempt":false,"point_budget":128,"source_facets":2,"boundary_points":4,"new_points":0,"boundary_unchanged":true,"before_bad":1,"after_score_computed":true,"after_bad":1,"after_valid":true,"before_bad_area":1.05678e-06,"after_bad_area":1.05678e-06,"selected":false}
NATIVE_QUALITY_REGION {"group":4662,"boundary_attempt":false,"point_budget":128,"source_facets":3,"boundary_points":5,"new_points":0,"boundary_unchanged":true,"before_bad":1,"after_score_computed":true,"after_bad":1,"after_valid":true,"before_bad_area":1.8024e-06,"after_bad_area":1.8024e-06,"selected":false}
NATIVE_QUALITY_REGION {"group":4665,"boundary_attempt":false,"point_budget":128,"source_facets":2,"boundary_points":4,"new_points":1,"boundary_unchanged":true,"before_bad":1,"after_score_computed":true,"after_bad":1,"after_valid":true,"before_bad_area":1.28127e-06,"after_bad_area":2.01675e-06,"selected":false}
NATIVE_QUALITY_REGION {"group":4666,"boundary_attempt":false,"point_budget":128,"source_facets":3,"boundary_points":5,"new_points":0,"boundary_unchanged":true,"before_bad":1,"after_score_computed":true,"after_bad":1,"after_valid":true,"before_bad_area":1.37666e-06,"after_bad_area":1.37666e-06,"selected":false}
NATIVE_QUALITY_REGION {"group":4670,"boundary_attempt":false,"point_budget":128,"source_facets":2,"boundary_points":4,"new_points":0,"boundary_unchanged":true,"before_bad":1,"after_score_computed":true,"after_bad":1,"after_valid":true,"before_bad_area":2.30352e-07,"after_bad_area":2.30352e-07,"selected":false}
NATIVE_QUALITY_REGION {"group":4671,"boundary_attempt":false,"point_budget":128,"source_facets":3,"boundary_points":5,"new_points":0,"boundary_unchanged":true,"before_bad":1,"after_score_computed":true,"after_bad":1,"after_valid":true,"before_bad_area":2.11787e-06,"after_bad_area":2.11787e-06,"selected":false}
NATIVE_QUALITY_REGION {"group":4672,"boundary_attempt":false,"point_budget":128,"source_facets":5,"boundary_points":7,"new_points":0,"boundary_unchanged":true,"before_bad":2,"after_score_computed":true,"after_bad":2,"after_valid":true,"before_bad_area":0.000730212,"after_bad_area":0.000730212,"selected":false}
NATIVE_QUALITY_REGION {"group":4673,"boundary_attempt":false,"point_budget":128,"source_facets":5,"boundary_points":7,"new_points":0,"boundary_unchanged":true,"before_bad":3,"after_score_computed":true,"after_bad":3,"after_valid":true,"before_bad_area":0.000837736,"after_bad_area":0.000837736,"selected":false}
o-[QualityBoundary] shared_edges=0 before_bad=1785 after_bad=1776 before_area=0.861451 after_area=0.861151 accepted=1
o-[QualityBoundary] shared_edges=5 before_bad=1781 after_bad=1776 before_area=0.859412 after_area=0.861151 accepted=0
NATIVE_RESULT {"load_ms":4.0108740000000003,"boolean_ms":144.28437099999999,"save_ms":5.8216330000000003,"faces":4740,"vertices":2370,"simplify":true}
