Stage1 :  True
Stage3 :  True
{"original_config_sha256": "df1eb24db57394c32e31f6d67a58cd7ef6c25febc11aff39c5e9503ee82d6390", "max_blocks": 67108864}
Warp 1.0.0-beta.2 initialized:
   CUDA Toolkit: 12.8, Driver: 13.2
   Devices:
     "cpu"    | x86_64
     "cuda:0" | NVIDIA GeForce RTX 4080 SUPER (sm_89)
   Kernel cache: /root/.cache/warp/1.0.0-beta.2
Target faces : 67550
Time for Remeshing: 0.10936450958251953 sec
Time for Simplification: 0.024851322174072266 sec
Module pamo_safe_project.kernels.geometry_kernels load on device 'cuda:0' took 25.09 ms
Module pamo_safe_project.kernels.energy_kernels.elastic_energy load on device 'cuda:0' took 175.20 ms
Module pamo_safe_project.kernels.energy_kernels.hinge_energy load on device 'cuda:0' took 54.55 ms
Module pamo_safe_project.kernels.energy_kernels.contact_detection load on device 'cuda:0' took 31.10 ms
Module pamo_safe_project.kernels.energy_kernels.distance_energy load on device 'cuda:0' took 41.21 ms
Module pamo_safe_project.kernels.energy_kernels.collision_energy load on device 'cuda:0' took 136.94 ms
Module pamo_safe_project.kernels.utils_kernels load on device 'cuda:0' took 6.13 ms
Module pamo_safe_project.kernels.solver_kernels load on device 'cuda:0' took 6.97 ms
Module warp.utils load on device 'cuda:0' took 2.61 ms
Module pamo_safe_project.kernels.distance_kernels.grad_funcs load on device 'cuda:0' took 32.87 ms
Module pamo_safe_project.kernels.distance_kernels.hessian_funcs load on device 'cuda:0' took 144.13 ms
Module pamo_safe_project.kernels.distance_kernels.distance_kernels load on device 'cuda:0' took 201.86 ms
Module pamo_safe_project.kernels.distance_kernels.grad_funcs_struct load on device 'cuda:0' took 31.31 ms
Module pamo_safe_project.kernels.distance_kernels.distance_kernels_struct load on device 'cuda:0' took 34.16 ms
Module pamo_safe_project.kernels.ccd_kernels load on device 'cuda:0' took 40.68 ms
Module pamo_safe_project.kernels.energy_kernels.lb_curvature_energy load on device 'cuda:0' took 5.87 ms
Module locality_gpu load on device 'cuda:0' took 1.37 ms
{"pamo_run_ms": 4830.072804354131, "stage1": "original", "method": "full", "maintenance_ms": 5658.394707366824, "status": "pending_independent_audit"}
