Warp 1.0.0-beta.2 initialized:
   CUDA Toolkit: 12.8, Driver: 13.2
   Devices:
     "cpu"    | x86_64
     "cuda:0" | NVIDIA GeForce RTX 4080 SUPER (sm_89)
   Kernel cache: /root/.cache/warp/1.0.0-beta.2
[33;20mWARNING - Triangle area is too small (min_area=2.2444918494700057e-15), may cause numerical instability (system.py:213)[0m
Module pamo_safe_project.kernels.geometry_kernels load on device 'cuda:0' took 27.72 ms
Module pamo_safe_project.kernels.energy_kernels.elastic_energy load on device 'cuda:0' took 20.95 ms
Module pamo_safe_project.kernels.energy_kernels.hinge_energy load on device 'cuda:0' took 51.27 ms
Module pamo_safe_project.kernels.energy_kernels.precision_contact_detection load on device 'cuda:0' took 28.48 ms
Module pamo_safe_project.kernels.energy_kernels.distance_energy load on device 'cuda:0' took 39.80 ms
Module pamo_safe_project.kernels.energy_kernels.preserved_collision_energy load on device 'cuda:0' took 121.96 ms
Module pamo_safe_project.kernels.utils_kernels load on device 'cuda:0' took 6.10 ms
Module tangent_plane_gpu load on device 'cuda:0' took 2.19 ms
Module locality_gpu load on device 'cuda:0' took 1.21 ms
Module pamo_safe_project.kernels.solver_kernels load on device 'cuda:0' took 5.43 ms
Module warp.utils load on device 'cuda:0' took 2.39 ms
Module pamo_safe_project.kernels.distance_kernels.grad_funcs load on device 'cuda:0' took 32.37 ms
Module pamo_safe_project.kernels.distance_kernels.hessian_funcs load on device 'cuda:0' took 140.01 ms
Module pamo_safe_project.kernels.distance_kernels.distance_kernels load on device 'cuda:0' took 197.05 ms
Module pamo_safe_project.kernels.distance_kernels.grad_funcs_struct load on device 'cuda:0' took 30.17 ms
Module pamo_safe_project.kernels.distance_kernels.distance_kernels_struct load on device 'cuda:0' took 33.35 ms
Module pamo_safe_project.kernels.energy_kernels.collision_energy load on device 'cuda:0' took 101.98 ms
Module pamo_safe_project.kernels.ccd_kernels load on device 'cuda:0' took 26.87 ms
Module pamo_safe_project.kernels.energy_kernels.lb_curvature_energy load on device 'cuda:0' took 5.26 ms
Module pamo_safe_project.kernels.energy_kernels.contact_detection load on device 'cuda:0' took 20.10 ms
Module tangent_preserved_gpu load on device 'cuda:0' took 1.82 ms
Module robust_pt_gpu load on device 'cuda:0' took 5.84 ms
Module pamo_safe_project.kernels.energy_kernels.precision_collision_energy load on device 'cuda:0' took 90.84 ms
Module pamo_safe_project.kernels.precision_ccd_kernels load on device 'cuda:0' took 28.88 ms
Module robust_pt_gradient_gpu load on device 'cuda:0' took 5.55 ms
Module pamo_safe_project.kernels.energy_kernels.precision_gradient_collision_energy load on device 'cuda:0' took 84.87 ms
Module fixed_geometry_gpu load on device 'cuda:0' took 6.65 ms
Module pamo_safe_project.kernels.preserved_ccd load on device 'cuda:0' took 34.78 ms
