o-[Process     ] Max used threads = 4
o-[I/O         ] Loading file /tmp/geogram_native_quality_20261006_20/inputs/08_parent.obj...
o-[I/O         ] (FP64) nb_v:2304 nb_e:0 nb_f:4608 nb_b:0 tri:1 dim:3
o-[I/O         ] Attributes on vertices: point[3]
o-[I/O         ] Loading file /tmp/geogram_native_quality_20261006_20/inputs/08_tool.obj...
o-[I/O         ] (FP64) nb_v:642 nb_e:0 nb_f:1280 nb_b:0 tri:1 dim:3
o-[I/O         ] Attributes on vertices: point[3]
NATIVE_QUALITY_REGION {"group":5,"boundary_attempt":false,"point_budget":64,"source_facets":13,"boundary_points":15,"new_points":8,"boundary_unchanged":true,"before_bad":11,"after_score_computed":true,"after_bad":4,"after_valid":true,"before_bad_area":0.00058621,"after_bad_area":0.00216718,"selected":false}
NATIVE_QUALITY_REGION {"group":5,"boundary_attempt":true,"point_budget":128,"source_facets":13,"boundary_points":15,"new_points":20,"boundary_unchanged":true,"before_bad":11,"after_score_computed":true,"after_bad":0,"after_valid":true,"before_bad_area":0.00058621,"after_bad_area":0,"selected":true}
NATIVE_QUALITY_REGION {"group":2284,"boundary_attempt":false,"point_budget":64,"source_facets":12,"boundary_points":14,"new_points":4,"boundary_unchanged":true,"before_bad":11,"after_score_computed":true,"after_bad":4,"after_valid":true,"before_bad_area":0.00218185,"after_bad_area":0.000719386,"selected":true}
NATIVE_QUALITY_REGION {"group":2302,"boundary_attempt":false,"point_budget":64,"source_facets":11,"boundary_points":13,"new_points":12,"boundary_unchanged":true,"before_bad":9,"after_score_computed":true,"after_bad":5,"after_valid":true,"before_bad_area":0.000545683,"after_bad_area":0.00205784,"selected":false}
NATIVE_QUALITY_REGION {"group":2302,"boundary_attempt":true,"point_budget":128,"source_facets":11,"boundary_points":13,"new_points":18,"boundary_unchanged":true,"before_bad":9,"after_score_computed":true,"after_bad":0,"after_valid":true,"before_bad_area":0.000545683,"after_bad_area":0,"selected":true}
NATIVE_QUALITY_REGION {"group":2303,"boundary_attempt":false,"point_budget":64,"source_facets":16,"boundary_points":18,"new_points":15,"boundary_unchanged":true,"before_bad":14,"after_score_computed":true,"after_bad":6,"after_valid":true,"before_bad_area":0.00224704,"after_bad_area":0.00221918,"selected":true}
NATIVE_QUALITY_REGION {"group":2345,"boundary_attempt":false,"point_budget":64,"source_facets":2,"boundary_points":4,"new_points":0,"boundary_unchanged":true,"before_bad":1,"after_score_computed":true,"after_bad":1,"after_valid":true,"before_bad_area":1.05678e-06,"after_bad_area":1.05678e-06,"selected":false}
NATIVE_QUALITY_REGION {"group":2345,"boundary_attempt":true,"point_budget":128,"source_facets":2,"boundary_points":4,"new_points":5,"boundary_unchanged":true,"before_bad":1,"after_score_computed":true,"after_bad":0,"after_valid":true,"before_bad_area":1.05678e-06,"after_bad_area":0,"selected":true}
NATIVE_QUALITY_REGION {"group":2349,"boundary_attempt":false,"point_budget":64,"source_facets":3,"boundary_points":5,"new_points":0,"boundary_unchanged":true,"before_bad":1,"after_score_computed":true,"after_bad":1,"after_valid":true,"before_bad_area":1.8024e-06,"after_bad_area":1.8024e-06,"selected":false}
NATIVE_QUALITY_REGION {"group":2359,"boundary_attempt":false,"point_budget":64,"source_facets":3,"boundary_points":5,"new_points":0,"boundary_unchanged":true,"before_bad":1,"after_score_computed":true,"after_bad":1,"after_valid":true,"before_bad_area":1.35744e-06,"after_bad_area":1.35744e-06,"selected":false}
NATIVE_QUALITY_REGION {"group":2361,"boundary_attempt":false,"point_budget":64,"source_facets":2,"boundary_points":4,"new_points":0,"boundary_unchanged":true,"before_bad":1,"after_score_computed":true,"after_bad":1,"after_valid":true,"before_bad_area":2.77336e-07,"after_bad_area":2.77336e-07,"selected":false}
NATIVE_QUALITY_REGION {"group":2361,"boundary_attempt":true,"point_budget":128,"source_facets":2,"boundary_points":4,"new_points":4,"boundary_unchanged":true,"before_bad":1,"after_score_computed":true,"after_bad":0,"after_valid":true,"before_bad_area":2.77336e-07,"after_bad_area":0,"selected":true}
NATIVE_QUALITY_REGION {"group":2368,"boundary_attempt":false,"point_budget":64,"source_facets":3,"boundary_points":5,"new_points":0,"boundary_unchanged":true,"before_bad":1,"after_score_computed":true,"after_bad":1,"after_valid":true,"before_bad_area":2.11787e-06,"after_bad_area":2.11787e-06,"selected":false}
o-[QualityBoundary] shared_edges=972 before_bad=1766 after_bad=27 before_area=0.924594 after_area=0.00492065 accepted=1
o-[FloatEdge   ] contracted_zero_length_edges=0 contracted_machine_new_edges=1 max_length=3.46945e-18
NATIVE_RESULT {"load_ms":3.8747349999999998,"boolean_ms":244.01155900000001,"save_ms":26.555375999999999,"faces":26770,"vertices":13385,"simplify":true}
