Stage1 :  True
Stage3 :  True
Warp 1.0.0-beta.2 initialized:
   CUDA Toolkit: 12.8, Driver: 13.2
   Devices:
     "cpu"    | x86_64
     "cuda:0" | NVIDIA GeForce RTX 4090 (sm_89)
   Kernel cache: /root/.cache/warp/1.0.0-beta.2
Target faces : 44856
Time for Remeshing: 0.07969355583190918 sec
Time for Simplification: 0.18005156517028809 sec
Module pamo_safe_project.kernels.geometry_kernels load on device 'cuda:0' took 12.11 ms
Module pamo_safe_project.kernels.energy_kernels.elastic_energy load on device 'cuda:0' took 10.99 ms
Module pamo_safe_project.kernels.energy_kernels.hinge_energy load on device 'cuda:0' took 27.20 ms
Module pamo_safe_project.kernels.energy_kernels.contact_detection load on device 'cuda:0' took 15.98 ms
Module pamo_safe_project.kernels.energy_kernels.distance_energy load on device 'cuda:0' took 20.96 ms
Module pamo_safe_project.kernels.energy_kernels.collision_energy load on device 'cuda:0' took 69.93 ms
Module pamo_safe_project.kernels.utils_kernels load on device 'cuda:0' took 3.18 ms
Module pamo_safe_project.kernels.solver_kernels load on device 'cuda:0' took 2.57 ms
Module warp.utils load on device 'cuda:0' took 1.39 ms
Module pamo_safe_project.kernels.distance_kernels.grad_funcs load on device 'cuda:0' took 16.82 ms
Module pamo_safe_project.kernels.distance_kernels.hessian_funcs load on device 'cuda:0' took 74.28 ms
Module pamo_safe_project.kernels.distance_kernels.distance_kernels load on device 'cuda:0' took 103.09 ms
Module pamo_safe_project.kernels.distance_kernels.grad_funcs_struct load on device 'cuda:0' took 15.70 ms
Module pamo_safe_project.kernels.distance_kernels.distance_kernels_struct load on device 'cuda:0' took 17.77 ms
Module pamo_safe_project.kernels.ccd_kernels load on device 'cuda:0' took 21.77 ms
Module pamo_safe_project.kernels.energy_kernels.lb_curvature_energy load on device 'cuda:0' took 3.23 ms
Module locality_gpu load on device 'cuda:0' took 0.74 ms
{"pamo_run_ms": 2098.3348647132516, "stage1": "original", "method": "full", "maintenance_ms": 3865.7312281429768, "status": "pending_independent_audit"}
