Stage1 :  True
Stage3 :  True
Warp 1.0.0-beta.2 initialized:
   CUDA Toolkit: 12.8, Driver: 13.2
   Devices:
     "cpu"    | x86_64
     "cuda:0" | NVIDIA GeForce RTX 4080 SUPER (sm_89)
   Kernel cache: /root/.cache/warp/1.0.0-beta.2
Target faces : 1882
Time for Remeshing: 0.09962320327758789 sec
Time for Simplification: 0.3780555725097656 sec
Module pamo_safe_project.kernels.geometry_kernels load on device 'cuda:0' took 21.83 ms
Module pamo_safe_project.kernels.energy_kernels.elastic_energy load on device 'cuda:0' took 20.51 ms
Module pamo_safe_project.kernels.energy_kernels.hinge_energy load on device 'cuda:0' took 50.39 ms
Module pamo_safe_project.kernels.energy_kernels.contact_detection load on device 'cuda:0' took 29.03 ms
Module pamo_safe_project.kernels.energy_kernels.distance_energy load on device 'cuda:0' took 39.05 ms
Module pamo_safe_project.kernels.energy_kernels.collision_energy load on device 'cuda:0' took 128.70 ms
Module pamo_safe_project.kernels.utils_kernels load on device 'cuda:0' took 5.56 ms
Module pamo_safe_project.kernels.solver_kernels load on device 'cuda:0' took 4.52 ms
Module warp.utils load on device 'cuda:0' took 2.21 ms
Module pamo_safe_project.kernels.distance_kernels.grad_funcs load on device 'cuda:0' took 32.03 ms
Module pamo_safe_project.kernels.distance_kernels.hessian_funcs load on device 'cuda:0' took 139.13 ms
Module pamo_safe_project.kernels.distance_kernels.distance_kernels load on device 'cuda:0' took 148.32 ms
Module pamo_safe_project.kernels.distance_kernels.grad_funcs_struct load on device 'cuda:0' took 20.86 ms
Module pamo_safe_project.kernels.distance_kernels.distance_kernels_struct load on device 'cuda:0' took 23.02 ms
Module pamo_safe_project.kernels.ccd_kernels load on device 'cuda:0' took 28.55 ms
Module pamo_safe_project.kernels.energy_kernels.lb_curvature_energy load on device 'cuda:0' took 3.86 ms
Module locality_gpu load on device 'cuda:0' took 0.81 ms
