Stage1 :  True
Stage3 :  True
Warp 1.0.0-beta.2 initialized:
   CUDA Toolkit: 12.8, Driver: 13.2
   Devices:
     "cpu"    | x86_64
     "cuda:0" | NVIDIA GeForce RTX 4080 SUPER (sm_89)
   Kernel cache: /root/.cache/warp/1.0.0-beta.2
Target faces : 1798
Time for Remeshing: 0.1341702938079834 sec
Time for Simplification: 0.34642887115478516 sec
Module pamo_safe_project.kernels.geometry_kernels load on device 'cuda:0' took 23.66 ms
Module pamo_safe_project.kernels.energy_kernels.elastic_energy load on device 'cuda:0' took 21.59 ms
Module pamo_safe_project.kernels.energy_kernels.hinge_energy load on device 'cuda:0' took 53.00 ms
Module pamo_safe_project.kernels.energy_kernels.contact_detection load on device 'cuda:0' took 30.89 ms
Module pamo_safe_project.kernels.energy_kernels.distance_energy load on device 'cuda:0' took 41.86 ms
Module pamo_safe_project.kernels.energy_kernels.collision_energy load on device 'cuda:0' took 138.43 ms
Module pamo_safe_project.kernels.utils_kernels load on device 'cuda:0' took 6.07 ms
Module pamo_safe_project.kernels.solver_kernels load on device 'cuda:0' took 5.03 ms
Module warp.utils load on device 'cuda:0' took 2.57 ms
Module pamo_safe_project.kernels.distance_kernels.grad_funcs load on device 'cuda:0' took 33.78 ms
Module pamo_safe_project.kernels.distance_kernels.hessian_funcs load on device 'cuda:0' took 145.00 ms
Module pamo_safe_project.kernels.distance_kernels.distance_kernels load on device 'cuda:0' took 205.15 ms
Module pamo_safe_project.kernels.distance_kernels.grad_funcs_struct load on device 'cuda:0' took 31.34 ms
Module pamo_safe_project.kernels.distance_kernels.distance_kernels_struct load on device 'cuda:0' took 34.37 ms
Module pamo_safe_project.kernels.ccd_kernels load on device 'cuda:0' took 41.31 ms
Module pamo_safe_project.kernels.energy_kernels.lb_curvature_energy load on device 'cuda:0' took 5.91 ms
Module locality_gpu load on device 'cuda:0' took 1.32 ms
{"pamo_run_ms": 2024.0936931222677, "stage1": "original", "method": "full", "maintenance_ms": 4812.480635941029, "status": "pending_independent_audit"}
