Stage1 :  True
Stage3 :  True
{"original_config_sha256": "df1eb24db57394c32e31f6d67a58cd7ef6c25febc11aff39c5e9503ee82d6390", "max_blocks": 67108864}
Warp 1.0.0-beta.2 initialized:
   CUDA Toolkit: 12.8, Driver: 13.2
   Devices:
     "cpu"    | x86_64
     "cuda:0" | NVIDIA GeForce RTX 4080 SUPER (sm_89)
   Kernel cache: /root/.cache/warp/1.0.0-beta.2
Target faces : 39434
Time for Remeshing: 0.08872103691101074 sec
Time for Simplification: 0.05692338943481445 sec
Module pamo_safe_project.kernels.geometry_kernels load on device 'cuda:0' took 23.40 ms
Module pamo_safe_project.kernels.energy_kernels.elastic_energy load on device 'cuda:0' took 89.20 ms
Module pamo_safe_project.kernels.energy_kernels.hinge_energy load on device 'cuda:0' took 50.43 ms
Module pamo_safe_project.kernels.energy_kernels.contact_detection load on device 'cuda:0' took 29.23 ms
Module pamo_safe_project.kernels.energy_kernels.distance_energy load on device 'cuda:0' took 39.11 ms
Module pamo_safe_project.kernels.energy_kernels.collision_energy load on device 'cuda:0' took 129.89 ms
Module pamo_safe_project.kernels.utils_kernels load on device 'cuda:0' took 5.69 ms
Module pamo_safe_project.kernels.solver_kernels load on device 'cuda:0' took 5.90 ms
Module warp.utils load on device 'cuda:0' took 2.24 ms
Module pamo_safe_project.kernels.distance_kernels.grad_funcs load on device 'cuda:0' took 31.82 ms
Module pamo_safe_project.kernels.distance_kernels.hessian_funcs load on device 'cuda:0' took 139.53 ms
Module pamo_safe_project.kernels.distance_kernels.distance_kernels load on device 'cuda:0' took 196.51 ms
Module pamo_safe_project.kernels.distance_kernels.grad_funcs_struct load on device 'cuda:0' took 29.87 ms
Module pamo_safe_project.kernels.distance_kernels.distance_kernels_struct load on device 'cuda:0' took 32.98 ms
Module pamo_safe_project.kernels.ccd_kernels load on device 'cuda:0' took 39.50 ms
Module pamo_safe_project.kernels.energy_kernels.lb_curvature_energy load on device 'cuda:0' took 5.54 ms
Module locality_gpu load on device 'cuda:0' took 1.14 ms
{"pamo_run_ms": 3260.1616252213717, "stage1": "original", "method": "full", "maintenance_ms": 3732.8314278274775, "status": "pending_independent_audit"}
