o-[Process     ] Max used threads = 4
o-[I/O         ] Loading file /tmp/geogram_native_quality_20261006_13/inputs/07_parent.obj...
o-[I/O         ] (FP64) nb_v:2304 nb_e:0 nb_f:4608 nb_b:0 tri:1 dim:3
o-[I/O         ] Attributes on vertices: point[3]
o-[I/O         ] Loading file /tmp/geogram_native_quality_20261006_13/inputs/07_tool.obj...
o-[I/O         ] (FP64) nb_v:642 nb_e:0 nb_f:1280 nb_b:0 tri:1 dim:3
o-[I/O         ] Attributes on vertices: point[3]
    >>o-[QualityStrip] group=1184 slices=8 before_bad=2 after_bad=0
    >>o-[QualityStrip] group=1185 slices=32 before_bad=2 after_bad=0
    >>o-[QualityStrip] group=1782 slices=4 before_bad=1 after_bad=0
    >>o-[QualityStrip] group=1783 slices=4 before_bad=2 after_bad=0
    >>o-[QualityStrip] group=1784 slices=8 before_bad=2 after_bad=0
    >>o-[QualityStrip] group=1186 slices=64 before_bad=2 after_bad=0
NATIVE_QUALITY_REGION {"group":5,"boundary_attempt":false,"point_budget":64,"source_facets":13,"boundary_points":15,"new_points":8,"boundary_unchanged":true,"before_bad":11,"after_score_computed":true,"after_bad":4,"after_valid":true,"before_bad_area":0.00058205,"after_bad_area":0.00212835,"selected":false}
    >>o-[QualityStrip] group=606 slices=4 before_bad=1 after_bad=0
    >>o-[QualityStrip] group=1785 slices=32 before_bad=2 after_bad=0
    >>o-[QualityStrip] group=607 slices=4 before_bad=2 after_bad=0
    >>o-[QualityStrip] group=1187 slices=64 before_bad=2 after_bad=0
NATIVE_QUALITY_REGION {"group":5,"boundary_attempt":true,"point_budget":128,"source_facets":13,"boundary_points":15,"new_points":20,"boundary_unchanged":true,"before_bad":11,"after_score_computed":true,"after_bad":0,"after_valid":true,"before_bad_area":0.00058205,"after_bad_area":0,"selected":true}
    >>o-[QualityStrip] group=608 slices=8 before_bad=2 after_bad=0
    >>o-[QualityStrip] group=1786 slices=64 before_bad=2 after_bad=0
    >>o-[QualityStrip] group=1188 slices=32 before_bad=2 after_bad=0
    >>o-[QualityStrip] group=6 slices=4 before_bad=1 after_bad=0
    >>o-[QualityStrip] group=1189 slices=8 before_bad=2 after_bad=0
    >>o-[QualityStrip] group=7 slices=4 before_bad=2 after_bad=0
    >>o-[QualityStrip] group=609 slices=32 before_bad=2 after_bad=0
    >>o-[QualityStrip] group=1190 slices=4 before_bad=2 after_bad=0
    >>o-[QualityStrip] group=8 slices=8 before_bad=2 after_bad=0
    >>o-[QualityStrip] group=1191 slices=4 before_bad=1 after_bad=0
    >>o-[QualityStrip] group=1787 slices=64 before_bad=2 after_bad=0
    >>o-[QualityStrip] group=9 slices=32 before_bad=2 after_bad=0
    >>o-[QualityStrip] group=610 slices=64 before_bad=2 after_bad=0
    >>o-[QualityStrip] group=1788 slices=32 before_bad=2 after_bad=0
    >>o-[QualityStrip] group=1789 slices=8 before_bad=2 after_bad=0
    >>o-[QualityStrip] group=1790 slices=4 before_bad=2 after_bad=0
    >>o-[QualityStrip] group=10 slices=64 before_bad=2 after_bad=0
    >>o-[QualityStrip] group=1791 slices=4 before_bad=1 after_bad=0
    >>o-[QualityStrip] group=611 slices=64 before_bad=2 after_bad=0
    >>o-[QualityStrip] group=612 slices=32 before_bad=2 after_bad=0
    >>o-[QualityStrip] group=11 slices=64 before_bad=2 after_bad=0
    >>o-[QualityStrip] group=1206 slices=4 before_bad=1 after_bad=0
    >>o-[QualityStrip] group=613 slices=8 before_bad=2 after_bad=0
    >>o-[QualityStrip] group=1207 slices=4 before_bad=2 after_bad=0
    >>o-[QualityStrip] group=614 slices=4 before_bad=2 after_bad=0
    >>o-[QualityStrip] group=12 slices=32 before_bad=2 after_bad=0
    >>o-[QualityStrip] group=1208 slices=8 before_bad=2 after_bad=0
    >>o-[QualityStrip] group=615 slices=4 before_bad=1 after_bad=0
    >>o-[QualityStrip] group=13 slices=8 before_bad=2 after_bad=0
    >>o-[QualityStrip] group=14 slices=4 before_bad=2 after_bad=0
    >>o-[QualityStrip] group=1209 slices=32 before_bad=2 after_bad=0
    >>o-[QualityStrip] group=15 slices=4 before_bad=1 after_bad=0
    >>o-[QualityStrip] group=1806 slices=4 before_bad=1 after_bad=0
    >>o-[QualityStrip] group=1807 slices=4 before_bad=2 after_bad=0
    >>o-[QualityStrip] group=1210 slices=64 before_bad=2 after_bad=0
    >>o-[QualityStrip] group=1808 slices=8 before_bad=2 after_bad=0
    >>o-[QualityStrip] group=1809 slices=32 before_bad=2 after_bad=0
    >>o-[QualityStrip] group=630 slices=4 before_bad=1 after_bad=0
    >>o-[QualityStrip] group=1211 slices=64 before_bad=2 after_bad=0
    >>o-[QualityStrip] group=631 slices=4 before_bad=2 after_bad=0
    >>o-[QualityStrip] group=632 slices=8 before_bad=2 after_bad=0
    >>o-[QualityStrip] group=1212 slices=32 before_bad=2 after_bad=0
    >>o-[QualityStrip] group=30 slices=4 before_bad=1 after_bad=0
    >>o-[QualityStrip] group=1810 slices=64 before_bad=2 after_bad=0
    >>o-[QualityStrip] group=1213 slices=8 before_bad=2 after_bad=0
    >>o-[QualityStrip] group=31 slices=4 before_bad=2 after_bad=0
    >>o-[QualityStrip] group=633 slices=32 before_bad=2 after_bad=0
    >>o-[QualityStrip] group=1214 slices=4 before_bad=2 after_bad=0
    >>o-[QualityStrip] group=32 slices=8 before_bad=2 after_bad=0
    >>o-[QualityStrip] group=1215 slices=4 before_bad=1 after_bad=0
    >>o-[QualityStrip] group=1811 slices=64 before_bad=2 after_bad=0
    >>o-[QualityStrip] group=33 slices=32 before_bad=2 after_bad=0
    >>o-[QualityStrip] group=634 slices=64 before_bad=2 after_bad=0
    >>o-[QualityStrip] group=1812 slices=32 before_bad=2 after_bad=0
    >>o-[QualityStrip] group=1813 slices=8 before_bad=2 after_bad=0
    >>o-[QualityStrip] group=1814 slices=4 before_bad=2 after_bad=0
    >>o-[QualityStrip] group=34 slices=64 before_bad=2 after_bad=0
    >>o-[QualityStrip] group=1815 slices=4 before_bad=1 after_bad=0
    >>o-[QualityStrip] group=635 slices=64 before_bad=2 after_bad=0
    >>o-[QualityStrip] group=636 slices=32 before_bad=2 after_bad=0
    >>o-[QualityStrip] group=1230 slices=4 before_bad=1 after_bad=0
    >>o-[QualityStrip] group=35 slices=64 before_bad=2 after_bad=0
    >>o-[QualityStrip] group=637 slices=8 before_bad=2 after_bad=0
    >>o-[QualityStrip] group=1231 slices=4 before_bad=2 after_bad=0
    >>o-[QualityStrip] group=638 slices=4 before_bad=2 after_bad=0
    >>o-[QualityStrip] group=1232 slices=8 before_bad=2 after_bad=0
    >>o-[QualityStrip] group=36 slices=32 before_bad=2 after_bad=0
    >>o-[QualityStrip] group=639 slices=4 before_bad=1 after_bad=0
    >>o-[QualityStrip] group=37 slices=8 before_bad=2 after_bad=0
    >>o-[QualityStrip] group=38 slices=4 before_bad=2 after_bad=0
    >>o-[QualityStrip] group=1233 slices=32 before_bad=2 after_bad=0
    >>o-[QualityStrip] group=39 slices=4 before_bad=1 after_bad=0
    >>o-[QualityStrip] group=1830 slices=4 before_bad=1 after_bad=0
    >>o-[QualityStrip] group=1831 slices=4 before_bad=2 after_bad=0
    >>o-[QualityStrip] group=1234 slices=64 before_bad=2 after_bad=0
    >>o-[QualityStrip] group=1832 slices=8 before_bad=2 after_bad=0
    >>o-[QualityStrip] group=1833 slices=32 before_bad=2 after_bad=0
    >>o-[QualityStrip] group=654 slices=4 before_bad=1 after_bad=0
    >>o-[QualityStrip] group=655 slices=4 before_bad=2 after_bad=0
    >>o-[QualityStrip] group=1235 slices=64 before_bad=2 after_bad=0
    >>o-[QualityStrip] group=656 slices=8 before_bad=2 after_bad=0
    >>o-[QualityStrip] group=54 slices=4 before_bad=1 after_bad=0
    >>o-[QualityStrip] group=1834 slices=64 before_bad=2 after_bad=0
    >>o-[QualityStrip] group=55 slices=4 before_bad=2 after_bad=0
    >>o-[QualityStrip] group=1236 slices=32 before_bad=2 after_bad=0
    >>o-[QualityStrip] group=657 slices=32 before_bad=2 after_bad=0
    >>o-[QualityStrip] group=56 slices=8 before_bad=2 after_bad=0
    >>o-[QualityStrip] group=1237 slices=8 before_bad=2 after_bad=0
    >>o-[QualityStrip] group=1238 slices=4 before_bad=2 after_bad=0
    >>o-[QualityStrip] group=1239 slices=4 before_bad=1 after_bad=0
    >>o-[QualityStrip] group=1835 slices=64 before_bad=2 after_bad=0
    >>o-[QualityStrip] group=57 slices=32 before_bad=2 after_bad=0
    >>o-[QualityStrip] group=658 slices=64 before_bad=2 after_bad=0
    >>o-[QualityStrip] group=1836 slices=32 before_bad=2 after_bad=0
    >>o-[QualityStrip] group=1837 slices=8 before_bad=2 after_bad=0
    >>o-[QualityStrip] group=58 slices=64 before_bad=2 after_bad=0
    >>o-[QualityStrip] group=1838 slices=4 before_bad=2 after_bad=0
    >>o-[QualityStrip] group=659 slices=64 before_bad=2 after_bad=0
    >>o-[QualityStrip] group=1839 slices=4 before_bad=1 after_bad=0
    >>o-[QualityStrip] group=660 slices=32 before_bad=2 after_bad=0
    >>o-[QualityStrip] group=59 slices=64 before_bad=2 after_bad=0
    >>o-[QualityStrip] group=661 slices=8 before_bad=2 after_bad=0
    >>o-[QualityStrip] group=1254 slices=4 before_bad=1 after_bad=0
    >>o-[QualityStrip] group=662 slices=4 before_bad=2 after_bad=0
    >>o-[QualityStrip] group=60 slices=32 before_bad=2 after_bad=0
    >>o-[QualityStrip] group=1255 slices=4 before_bad=2 after_bad=0
    >>o-[QualityStrip] group=663 slices=4 before_bad=1 after_bad=0
    >>o-[QualityStrip] group=61 slices=8 before_bad=2 after_bad=0
    >>o-[QualityStrip] group=1256 slices=8 before_bad=2 after_bad=0
    >>o-[QualityStrip] group=62 slices=4 before_bad=2 after_bad=0
    >>o-[QualityStrip] group=63 slices=4 before_bad=1 after_bad=0
    >>o-[QualityStrip] group=1257 slices=32 before_bad=2 after_bad=0
    >>o-[QualityStrip] group=1854 slices=4 before_bad=1 after_bad=0
    >>o-[QualityStrip] group=1855 slices=4 before_bad=2 after_bad=0
    >>o-[QualityStrip] group=1856 slices=8 before_bad=2 after_bad=0
    >>o-[QualityStrip] group=1258 slices=64 before_bad=2 after_bad=0
    >>o-[QualityStrip] group=1857 slices=32 before_bad=2 after_bad=0
    >>o-[QualityStrip] group=678 slices=4 before_bad=1 after_bad=0
    >>o-[QualityStrip] group=679 slices=4 before_bad=2 after_bad=0
    >>o-[QualityStrip] group=1259 slices=64 before_bad=2 after_bad=0
    >>o-[QualityStrip] group=78 slices=4 before_bad=1 after_bad=0
    >>o-[QualityStrip] group=680 slices=8 before_bad=2 after_bad=0
    >>o-[QualityStrip] group=79 slices=4 before_bad=2 after_bad=0
    >>o-[QualityStrip] group=1858 slices=64 before_bad=2 after_bad=0
    >>o-[QualityStrip] group=1260 slices=32 before_bad=2 after_bad=0
    >>o-[QualityStrip] group=80 slices=8 before_bad=2 after_bad=0
    >>o-[QualityStrip] group=681 slices=32 before_bad=2 after_bad=0
    >>o-[QualityStrip] group=1261 slices=8 before_bad=2 after_bad=0
    >>o-[QualityStrip] group=1262 slices=4 before_bad=2 after_bad=0
    >>o-[QualityStrip] group=81 slices=32 before_bad=2 after_bad=0
    >>o-[QualityStrip] group=1263 slices=4 before_bad=1 after_bad=0
    >>o-[QualityStrip] group=1859 slices=64 before_bad=2 after_bad=0
    >>o-[QualityStrip] group=682 slices=64 before_bad=2 after_bad=0
    >>o-[QualityStrip] group=1860 slices=32 before_bad=2 after_bad=0
    >>o-[QualityStrip] group=82 slices=64 before_bad=2 after_bad=0
    >>o-[QualityStrip] group=1861 slices=8 before_bad=2 after_bad=0
    >>o-[QualityStrip] group=1862 slices=4 before_bad=2 after_bad=0
    >>o-[QualityStrip] group=683 slices=64 before_bad=2 after_bad=0
    >>o-[QualityStrip] group=1863 slices=4 before_bad=1 after_bad=0
    >>o-[QualityStrip] group=83 slices=64 before_bad=2 after_bad=0
    >>o-[QualityStrip] group=684 slices=32 before_bad=2 after_bad=0
    >>o-[QualityStrip] group=685 slices=8 before_bad=2 after_bad=0
    >>o-[QualityStrip] group=1278 slices=4 before_bad=1 after_bad=0
    >>o-[QualityStrip] group=84 slices=32 before_bad=2 after_bad=0
    >>o-[QualityStrip] group=686 slices=4 before_bad=2 after_bad=0
    >>o-[QualityStrip] group=1279 slices=4 before_bad=2 after_bad=0
    >>o-[QualityStrip] group=85 slices=8 before_bad=2 after_bad=0
    >>o-[QualityStrip] group=687 slices=4 before_bad=1 after_bad=0
    >>o-[QualityStrip] group=1280 slices=8 before_bad=2 after_bad=0
    >>o-[QualityStrip] group=86 slices=4 before_bad=2 after_bad=0
    >>o-[QualityStrip] group=87 slices=4 before_bad=1 after_bad=0
    >>o-[QualityStrip] group=1281 slices=32 before_bad=2 after_bad=0
    >>o-[QualityStrip] group=1878 slices=4 before_bad=1 after_bad=0
    >>o-[QualityStrip] group=1879 slices=4 before_bad=2 after_bad=0
    >>o-[QualityStrip] group=1880 slices=8 before_bad=2 after_bad=0
    >>o-[QualityStrip] group=1282 slices=64 before_bad=2 after_bad=0
    >>o-[QualityStrip] group=702 slices=4 before_bad=1 after_bad=0
    >>o-[QualityStrip] group=1881 slices=32 before_bad=2 after_bad=0
    >>o-[QualityStrip] group=703 slices=4 before_bad=2 after_bad=0
    >>o-[QualityStrip] group=102 slices=4 before_bad=1 after_bad=0
    >>o-[QualityStrip] group=1283 slices=64 before_bad=2 after_bad=0
    >>o-[QualityStrip] group=704 slices=8 before_bad=2 after_bad=0
    >>o-[QualityStrip] group=103 slices=4 before_bad=2 after_bad=0
    >>o-[QualityStrip] group=104 slices=8 before_bad=2 after_bad=0
    >>o-[QualityStrip] group=1284 slices=32 before_bad=2 after_bad=0
    >>o-[QualityStrip] group=1882 slices=64 before_bad=2 after_bad=0
    >>o-[QualityStrip] group=705 slices=32 before_bad=2 after_bad=0
    >>o-[QualityStrip] group=1285 slices=8 before_bad=2 after_bad=0
    >>o-[QualityStrip] group=105 slices=32 before_bad=2 after_bad=0
    >>o-[QualityStrip] group=1286 slices=4 before_bad=2 after_bad=0
    >>o-[QualityStrip] group=1287 slices=4 before_bad=1 after_bad=0
    >>o-[QualityStrip] group=1883 slices=64 before_bad=2 after_bad=0
    >>o-[QualityStrip] group=706 slices=64 before_bad=2 after_bad=0
    >>o-[QualityStrip] group=106 slices=64 before_bad=2 after_bad=0
    >>o-[QualityStrip] group=1884 slices=32 before_bad=2 after_bad=0
    >>o-[QualityStrip] group=1885 slices=8 before_bad=2 after_bad=0
    >>o-[QualityStrip] group=707 slices=64 before_bad=2 after_bad=0
    >>o-[QualityStrip] group=1886 slices=4 before_bad=2 after_bad=0
    >>o-[QualityStrip] group=107 slices=64 before_bad=2 after_bad=0
    >>o-[QualityStrip] group=1887 slices=4 before_bad=1 after_bad=0
    >>o-[QualityStrip] group=708 slices=32 before_bad=2 after_bad=0
    >>o-[QualityStrip] group=108 slices=32 before_bad=2 after_bad=0
    >>o-[QualityStrip] group=709 slices=8 before_bad=2 after_bad=0
    >>o-[QualityStrip] group=1302 slices=4 before_bad=1 after_bad=0
    >>o-[QualityStrip] group=109 slices=8 before_bad=2 after_bad=0
    >>o-[QualityStrip] group=710 slices=4 before_bad=2 after_bad=0
    >>o-[QualityStrip] group=1303 slices=4 before_bad=2 after_bad=0
    >>o-[QualityStrip] group=110 slices=4 before_bad=2 after_bad=0
    >>o-[QualityStrip] group=711 slices=4 before_bad=1 after_bad=0
    >>o-[QualityStrip] group=1304 slices=8 before_bad=2 after_bad=0
    >>o-[QualityStrip] group=111 slices=4 before_bad=1 after_bad=0
    >>o-[QualityStrip] group=1305 slices=32 before_bad=2 after_bad=0
    >>o-[QualityStrip] group=1902 slices=4 before_bad=1 after_bad=0
    >>o-[QualityStrip] group=1903 slices=4 before_bad=2 after_bad=0
    >>o-[QualityStrip] group=1306 slices=64 before_bad=2 after_bad=0
    >>o-[QualityStrip] group=1904 slices=8 before_bad=2 after_bad=0
    >>o-[QualityStrip] group=726 slices=4 before_bad=1 after_bad=0
    >>o-[QualityStrip] group=1905 slices=32 before_bad=2 after_bad=0
    >>o-[QualityStrip] group=126 slices=4 before_bad=1 after_bad=0
    >>o-[QualityStrip] group=727 slices=4 before_bad=2 after_bad=0
    >>o-[QualityStrip] group=1307 slices=64 before_bad=2 after_bad=0
    >>o-[QualityStrip] group=127 slices=4 before_bad=2 after_bad=0
    >>o-[QualityStrip] group=728 slices=8 before_bad=2 after_bad=0
    >>o-[QualityStrip] group=128 slices=8 before_bad=2 after_bad=0
    >>o-[QualityStrip] group=1308 slices=32 before_bad=2 after_bad=0
    >>o-[QualityStrip] group=1906 slices=64 before_bad=2 after_bad=0
    >>o-[QualityStrip] group=729 slices=32 before_bad=2 after_bad=0
    >>o-[QualityStrip] group=1309 slices=8 before_bad=2 after_bad=0
    >>o-[QualityStrip] group=129 slices=32 before_bad=2 after_bad=0
    >>o-[QualityStrip] group=1310 slices=4 before_bad=2 after_bad=0
    >>o-[QualityStrip] group=1311 slices=4 before_bad=1 after_bad=0
    >>o-[QualityStrip] group=1907 slices=64 before_bad=2 after_bad=0
    >>o-[QualityStrip] group=730 slices=64 before_bad=2 after_bad=0
    >>o-[QualityStrip] group=130 slices=64 before_bad=2 after_bad=0
    >>o-[QualityStrip] group=1908 slices=32 before_bad=2 after_bad=0
    >>o-[QualityStrip] group=1909 slices=8 before_bad=2 after_bad=0
    >>o-[QualityStrip] group=731 slices=64 before_bad=2 after_bad=0
    >>o-[QualityStrip] group=131 slices=64 before_bad=2 after_bad=0
    >>o-[QualityStrip] group=1910 slices=4 before_bad=2 after_bad=0
    >>o-[QualityStrip] group=1911 slices=4 before_bad=1 after_bad=0
    >>o-[QualityStrip] group=732 slices=32 before_bad=2 after_bad=0
    >>o-[QualityStrip] group=132 slices=32 before_bad=2 after_bad=0
    >>o-[QualityStrip] group=733 slices=8 before_bad=2 after_bad=0
    >>o-[QualityStrip] group=133 slices=8 before_bad=2 after_bad=0
    >>o-[QualityStrip] group=734 slices=4 before_bad=2 after_bad=0
    >>o-[QualityStrip] group=1326 slices=4 before_bad=1 after_bad=0
    >>o-[QualityStrip] group=134 slices=4 before_bad=2 after_bad=0
    >>o-[QualityStrip] group=735 slices=4 before_bad=1 after_bad=0
    >>o-[QualityStrip] group=1327 slices=4 before_bad=2 after_bad=0
    >>o-[QualityStrip] group=135 slices=4 before_bad=1 after_bad=0
    >>o-[QualityStrip] group=1328 slices=8 before_bad=2 after_bad=0
    >>o-[QualityStrip] group=1329 slices=32 before_bad=2 after_bad=0
    >>o-[QualityStrip] group=1926 slices=4 before_bad=1 after_bad=0
    >>o-[QualityStrip] group=1927 slices=4 before_bad=2 after_bad=0
    >>o-[QualityStrip] group=1928 slices=8 before_bad=2 after_bad=0
    >>o-[QualityStrip] group=1330 slices=64 before_bad=2 after_bad=0
    >>o-[QualityStrip] group=750 slices=4 before_bad=1 after_bad=0
    >>o-[QualityStrip] group=150 slices=4 before_bad=1 after_bad=0
    >>o-[QualityStrip] group=1929 slices=32 before_bad=2 after_bad=0
    >>o-[QualityStrip] group=751 slices=4 before_bad=2 after_bad=0
    >>o-[QualityStrip] group=151 slices=4 before_bad=2 after_bad=0
    >>o-[QualityStrip] group=752 slices=8 before_bad=2 after_bad=0
    >>o-[QualityStrip] group=1331 slices=64 before_bad=2 after_bad=0
    >>o-[QualityStrip] group=152 slices=8 before_bad=2 after_bad=0
    >>o-[QualityStrip] group=753 slices=32 before_bad=2 after_bad=0
    >>o-[QualityStrip] group=1930 slices=64 before_bad=2 after_bad=0
    >>o-[QualityStrip] group=1332 slices=32 before_bad=2 after_bad=0
    >>o-[QualityStrip] group=153 slices=32 before_bad=2 after_bad=0
    >>o-[QualityStrip] group=1333 slices=8 before_bad=2 after_bad=0
    >>o-[QualityStrip] group=1334 slices=4 before_bad=2 after_bad=0
    >>o-[QualityStrip] group=1335 slices=4 before_bad=1 after_bad=0
    >>o-[QualityStrip] group=754 slices=64 before_bad=2 after_bad=0
    >>o-[QualityStrip] group=1931 slices=64 before_bad=2 after_bad=0
    >>o-[QualityStrip] group=154 slices=64 before_bad=2 after_bad=0
    >>o-[QualityStrip] group=1932 slices=32 before_bad=2 after_bad=0
    >>o-[QualityStrip] group=755 slices=64 before_bad=2 after_bad=0
    >>o-[QualityStrip] group=1933 slices=8 before_bad=2 after_bad=0
    >>o-[QualityStrip] group=155 slices=64 before_bad=2 after_bad=0
    >>o-[QualityStrip] group=1934 slices=4 before_bad=2 after_bad=0
    >>o-[QualityStrip] group=1935 slices=4 before_bad=1 after_bad=0
    >>o-[QualityStrip] group=756 slices=32 before_bad=2 after_bad=0
    >>o-[QualityStrip] group=156 slices=32 before_bad=2 after_bad=0
    >>o-[QualityStrip] group=757 slices=8 before_bad=2 after_bad=0
    >>o-[QualityStrip] group=157 slices=8 before_bad=2 after_bad=0
    >>o-[QualityStrip] group=758 slices=4 before_bad=2 after_bad=0
    >>o-[QualityStrip] group=1350 slices=4 before_bad=1 after_bad=0
    >>o-[QualityStrip] group=158 slices=4 before_bad=2 after_bad=0
    >>o-[QualityStrip] group=759 slices=4 before_bad=1 after_bad=0
    >>o-[QualityStrip] group=1351 slices=4 before_bad=2 after_bad=0
    >>o-[QualityStrip] group=159 slices=4 before_bad=1 after_bad=0
    >>o-[QualityStrip] group=1352 slices=8 before_bad=2 after_bad=0
    >>o-[QualityStrip] group=1353 slices=32 before_bad=2 after_bad=0
    >>o-[QualityStrip] group=1950 slices=4 before_bad=1 after_bad=0
    >>o-[QualityStrip] group=1951 slices=4 before_bad=2 after_bad=0
    >>o-[QualityStrip] group=1354 slices=64 before_bad=2 after_bad=0
    >>o-[QualityStrip] group=1952 slices=8 before_bad=2 after_bad=0
    >>o-[QualityStrip] group=774 slices=4 before_bad=1 after_bad=0
    >>o-[QualityStrip] group=174 slices=4 before_bad=1 after_bad=0
    >>o-[QualityStrip] group=775 slices=4 before_bad=2 after_bad=0
    >>o-[QualityStrip] group=1953 slices=32 before_bad=2 after_bad=0
    >>o-[QualityStrip] group=175 slices=4 before_bad=2 after_bad=0
    >>o-[QualityStrip] group=776 slices=8 before_bad=2 after_bad=0
    >>o-[QualityStrip] group=1355 slices=64 before_bad=2 after_bad=0
    >>o-[QualityStrip] group=176 slices=8 before_bad=2 after_bad=0
    >>o-[QualityStrip] group=777 slices=32 before_bad=2 after_bad=0
    >>o-[QualityStrip] group=1356 slices=32 before_bad=2 after_bad=0
    >>o-[QualityStrip] group=1954 slices=64 before_bad=2 after_bad=0
    >>o-[QualityStrip] group=177 slices=32 before_bad=2 after_bad=0
    >>o-[QualityStrip] group=1357 slices=8 before_bad=2 after_bad=0
    >>o-[QualityStrip] group=1358 slices=4 before_bad=2 after_bad=0
    >>o-[QualityStrip] group=1359 slices=4 before_bad=1 after_bad=0
    >>o-[QualityStrip] group=778 slices=64 before_bad=2 after_bad=0
    >>o-[QualityStrip] group=1955 slices=64 before_bad=2 after_bad=0
    >>o-[QualityStrip] group=178 slices=64 before_bad=2 after_bad=0
    >>o-[QualityStrip] group=1956 slices=32 before_bad=2 after_bad=0
    >>o-[QualityStrip] group=779 slices=64 before_bad=2 after_bad=0
    >>o-[QualityStrip] group=1957 slices=8 before_bad=2 after_bad=0
    >>o-[QualityStrip] group=179 slices=64 before_bad=2 after_bad=0
    >>o-[QualityStrip] group=1958 slices=4 before_bad=2 after_bad=0
    >>o-[QualityStrip] group=1959 slices=4 before_bad=1 after_bad=0
    >>o-[QualityStrip] group=780 slices=32 before_bad=2 after_bad=0
    >>o-[QualityStrip] group=180 slices=32 before_bad=2 after_bad=0
    >>o-[QualityStrip] group=781 slices=8 before_bad=2 after_bad=0
    >>o-[QualityStrip] group=181 slices=8 before_bad=2 after_bad=0
    >>o-[QualityStrip] group=1374 slices=4 before_bad=1 after_bad=0
    >>o-[QualityStrip] group=782 slices=4 before_bad=2 after_bad=0
    >>o-[QualityStrip] group=182 slices=4 before_bad=2 after_bad=0
    >>o-[QualityStrip] group=1375 slices=4 before_bad=2 after_bad=0
    >>o-[QualityStrip] group=783 slices=4 before_bad=1 after_bad=0
    >>o-[QualityStrip] group=183 slices=4 before_bad=1 after_bad=0
    >>o-[QualityStrip] group=1376 slices=8 before_bad=2 after_bad=0
    >>o-[QualityStrip] group=1377 slices=32 before_bad=2 after_bad=0
    >>o-[QualityStrip] group=1974 slices=4 before_bad=1 after_bad=0
    >>o-[QualityStrip] group=1975 slices=4 before_bad=2 after_bad=0
    >>o-[QualityStrip] group=1378 slices=64 before_bad=2 after_bad=0
    >>o-[QualityStrip] group=1976 slices=8 before_bad=2 after_bad=0
    >>o-[QualityStrip] group=798 slices=4 before_bad=1 after_bad=0
    >>o-[QualityStrip] group=198 slices=4 before_bad=1 after_bad=0
    >>o-[QualityStrip] group=799 slices=4 before_bad=2 after_bad=0
    >>o-[QualityStrip] group=1977 slices=32 before_bad=2 after_bad=0
    >>o-[QualityStrip] group=199 slices=4 before_bad=2 after_bad=0
    >>o-[QualityStrip] group=1379 slices=64 before_bad=2 after_bad=0
    >>o-[QualityStrip] group=800 slices=8 before_bad=2 after_bad=0
    >>o-[QualityStrip] group=200 slices=8 before_bad=2 after_bad=0
    >>o-[QualityStrip] group=1380 slices=32 before_bad=2 after_bad=0
    >>o-[QualityStrip] group=801 slices=32 before_bad=2 after_bad=0
    >>o-[QualityStrip] group=1978 slices=64 before_bad=2 after_bad=0
    >>o-[QualityStrip] group=201 slices=32 before_bad=2 after_bad=0
    >>o-[QualityStrip] group=1381 slices=8 before_bad=2 after_bad=0
    >>o-[QualityStrip] group=1382 slices=4 before_bad=2 after_bad=0
    >>o-[QualityStrip] group=1383 slices=4 before_bad=1 after_bad=0
    >>o-[QualityStrip] group=802 slices=64 before_bad=2 after_bad=0
    >>o-[QualityStrip] group=1979 slices=64 before_bad=2 after_bad=0
    >>o-[QualityStrip] group=202 slices=64 before_bad=2 after_bad=0
    >>o-[QualityStrip] group=1980 slices=32 before_bad=2 after_bad=0
    >>o-[QualityStrip] group=803 slices=64 before_bad=2 after_bad=0
    >>o-[QualityStrip] group=1981 slices=8 before_bad=2 after_bad=0
    >>o-[QualityStrip] group=203 slices=64 before_bad=2 after_bad=0
    >>o-[QualityStrip] group=1982 slices=4 before_bad=2 after_bad=0
    >>o-[QualityStrip] group=1983 slices=4 before_bad=1 after_bad=0
    >>o-[QualityStrip] group=804 slices=32 before_bad=2 after_bad=0
    >>o-[QualityStrip] group=204 slices=32 before_bad=2 after_bad=0
    >>o-[QualityStrip] group=805 slices=8 before_bad=2 after_bad=0
    >>o-[QualityStrip] group=1398 slices=4 before_bad=1 after_bad=0
    >>o-[QualityStrip] group=205 slices=8 before_bad=2 after_bad=0
    >>o-[QualityStrip] group=806 slices=4 before_bad=2 after_bad=0
    >>o-[QualityStrip] group=1399 slices=4 before_bad=2 after_bad=0
    >>o-[QualityStrip] group=206 slices=4 before_bad=2 after_bad=0
    >>o-[QualityStrip] group=807 slices=4 before_bad=1 after_bad=0
    >>o-[QualityStrip] group=1400 slices=8 before_bad=2 after_bad=0
    >>o-[QualityStrip] group=207 slices=4 before_bad=1 after_bad=0
    >>o-[QualityStrip] group=1401 slices=32 before_bad=2 after_bad=0
    >>o-[QualityStrip] group=1998 slices=4 before_bad=1 after_bad=0
    >>o-[QualityStrip] group=1999 slices=4 before_bad=2 after_bad=0
    >>o-[QualityStrip] group=1402 slices=64 before_bad=2 after_bad=0
    >>o-[QualityStrip] group=2000 slices=8 before_bad=2 after_bad=0
    >>o-[QualityStrip] group=822 slices=4 before_bad=1 after_bad=0
    >>o-[QualityStrip] group=222 slices=4 before_bad=1 after_bad=0
    >>o-[QualityStrip] group=823 slices=4 before_bad=2 after_bad=0
    >>o-[QualityStrip] group=2001 slices=32 before_bad=2 after_bad=0
    >>o-[QualityStrip] group=223 slices=4 before_bad=2 after_bad=0
    >>o-[QualityStrip] group=1403 slices=64 before_bad=2 after_bad=0
    >>o-[QualityStrip] group=824 slices=8 before_bad=2 after_bad=0
    >>o-[QualityStrip] group=224 slices=8 before_bad=2 after_bad=0
    >>o-[QualityStrip] group=1404 slices=32 before_bad=2 after_bad=0
    >>o-[QualityStrip] group=825 slices=32 before_bad=2 after_bad=0
    >>o-[QualityStrip] group=2002 slices=64 before_bad=2 after_bad=0
    >>o-[QualityStrip] group=225 slices=32 before_bad=2 after_bad=0
    >>o-[QualityStrip] group=1405 slices=8 before_bad=2 after_bad=0
    >>o-[QualityStrip] group=1406 slices=4 before_bad=2 after_bad=0
    >>o-[QualityStrip] group=1407 slices=4 before_bad=1 after_bad=0
    >>o-[QualityStrip] group=826 slices=64 before_bad=2 after_bad=0
    >>o-[QualityStrip] group=2003 slices=64 before_bad=2 after_bad=0
    >>o-[QualityStrip] group=226 slices=64 before_bad=2 after_bad=0
    >>o-[QualityStrip] group=2004 slices=32 before_bad=2 after_bad=0
    >>o-[QualityStrip] group=827 slices=64 before_bad=2 after_bad=0
    >>o-[QualityStrip] group=2005 slices=8 before_bad=2 after_bad=0
    >>o-[QualityStrip] group=227 slices=64 before_bad=2 after_bad=0
    >>o-[QualityStrip] group=2006 slices=4 before_bad=2 after_bad=0
    >>o-[QualityStrip] group=828 slices=32 before_bad=2 after_bad=0
    >>o-[QualityStrip] group=2007 slices=4 before_bad=1 after_bad=0
    >>o-[QualityStrip] group=228 slices=32 before_bad=2 after_bad=0
    >>o-[QualityStrip] group=829 slices=8 before_bad=2 after_bad=0
    >>o-[QualityStrip] group=1422 slices=4 before_bad=1 after_bad=0
    >>o-[QualityStrip] group=229 slices=8 before_bad=2 after_bad=0
    >>o-[QualityStrip] group=830 slices=4 before_bad=2 after_bad=0
    >>o-[QualityStrip] group=1423 slices=4 before_bad=2 after_bad=0
    >>o-[QualityStrip] group=230 slices=4 before_bad=2 after_bad=0
    >>o-[QualityStrip] group=831 slices=4 before_bad=1 after_bad=0
    >>o-[QualityStrip] group=1424 slices=8 before_bad=2 after_bad=0
    >>o-[QualityStrip] group=231 slices=4 before_bad=1 after_bad=0
    >>o-[QualityStrip] group=1425 slices=32 before_bad=2 after_bad=0
    >>o-[QualityStrip] group=2022 slices=4 before_bad=1 after_bad=0
    >>o-[QualityStrip] group=2023 slices=4 before_bad=2 after_bad=0
    >>o-[QualityStrip] group=1426 slices=64 before_bad=2 after_bad=0
    >>o-[QualityStrip] group=2024 slices=8 before_bad=2 after_bad=0
    >>o-[QualityStrip] group=846 slices=4 before_bad=1 after_bad=0
    >>o-[QualityStrip] group=246 slices=4 before_bad=1 after_bad=0
    >>o-[QualityStrip] group=847 slices=4 before_bad=2 after_bad=0
    >>o-[QualityStrip] group=2025 slices=32 before_bad=2 after_bad=0
    >>o-[QualityStrip] group=247 slices=4 before_bad=2 after_bad=0
    >>o-[QualityStrip] group=1427 slices=64 before_bad=2 after_bad=0
    >>o-[QualityStrip] group=848 slices=8 before_bad=2 after_bad=0
    >>o-[QualityStrip] group=248 slices=8 before_bad=2 after_bad=0
    >>o-[QualityStrip] group=1428 slices=32 before_bad=2 after_bad=0
    >>o-[QualityStrip] group=849 slices=32 before_bad=2 after_bad=0
    >>o-[QualityStrip] group=2026 slices=64 before_bad=2 after_bad=0
    >>o-[QualityStrip] group=249 slices=32 before_bad=2 after_bad=0
    >>o-[QualityStrip] group=1429 slices=8 before_bad=2 after_bad=0
    >>o-[QualityStrip] group=1430 slices=4 before_bad=2 after_bad=0
    >>o-[QualityStrip] group=1431 slices=4 before_bad=1 after_bad=0
    >>o-[QualityStrip] group=850 slices=64 before_bad=2 after_bad=0
    >>o-[QualityStrip] group=2027 slices=64 before_bad=2 after_bad=0
    >>o-[QualityStrip] group=250 slices=64 before_bad=2 after_bad=0
    >>o-[QualityStrip] group=2028 slices=32 before_bad=2 after_bad=0
    >>o-[QualityStrip] group=851 slices=64 before_bad=2 after_bad=0
    >>o-[QualityStrip] group=2029 slices=8 before_bad=2 after_bad=0
    >>o-[QualityStrip] group=251 slices=64 before_bad=2 after_bad=0
    >>o-[QualityStrip] group=2030 slices=4 before_bad=2 after_bad=0
    >>o-[QualityStrip] group=852 slices=32 before_bad=2 after_bad=0
    >>o-[QualityStrip] group=2031 slices=4 before_bad=1 after_bad=0
    >>o-[QualityStrip] group=252 slices=32 before_bad=2 after_bad=0
    >>o-[QualityStrip] group=853 slices=8 before_bad=2 after_bad=0
    >>o-[QualityStrip] group=253 slices=8 before_bad=2 after_bad=0
    >>o-[QualityStrip] group=1446 slices=4 before_bad=1 after_bad=0
    >>o-[QualityStrip] group=854 slices=4 before_bad=2 after_bad=0
    >>o-[QualityStrip] group=254 slices=4 before_bad=2 after_bad=0
    >>o-[QualityStrip] group=1447 slices=4 before_bad=2 after_bad=0
    >>o-[QualityStrip] group=855 slices=4 before_bad=1 after_bad=0
    >>o-[QualityStrip] group=255 slices=4 before_bad=1 after_bad=0
    >>o-[QualityStrip] group=1448 slices=8 before_bad=2 after_bad=0
    >>o-[QualityStrip] group=1449 slices=32 before_bad=2 after_bad=0
    >>o-[QualityStrip] group=2046 slices=4 before_bad=1 after_bad=0
    >>o-[QualityStrip] group=2047 slices=4 before_bad=2 after_bad=0
    >>o-[QualityStrip] group=1450 slices=64 before_bad=2 after_bad=0
    >>o-[QualityStrip] group=2048 slices=8 before_bad=2 after_bad=0
    >>o-[QualityStrip] group=870 slices=4 before_bad=1 after_bad=0
    >>o-[QualityStrip] group=270 slices=4 before_bad=1 after_bad=0
    >>o-[QualityStrip] group=871 slices=4 before_bad=2 after_bad=0
    >>o-[QualityStrip] group=2049 slices=32 before_bad=2 after_bad=0
    >>o-[QualityStrip] group=271 slices=4 before_bad=2 after_bad=0
    >>o-[QualityStrip] group=1451 slices=64 before_bad=2 after_bad=0
    >>o-[QualityStrip] group=872 slices=8 before_bad=2 after_bad=0
    >>o-[QualityStrip] group=272 slices=8 before_bad=2 after_bad=0
    >>o-[QualityStrip] group=1452 slices=32 before_bad=2 after_bad=0
    >>o-[QualityStrip] group=873 slices=32 before_bad=2 after_bad=0
    >>o-[QualityStrip] group=2050 slices=64 before_bad=2 after_bad=0
    >>o-[QualityStrip] group=273 slices=32 before_bad=2 after_bad=0
    >>o-[QualityStrip] group=1453 slices=8 before_bad=2 after_bad=0
    >>o-[QualityStrip] group=1454 slices=4 before_bad=2 after_bad=0
    >>o-[QualityStrip] group=1455 slices=4 before_bad=1 after_bad=0
    >>o-[QualityStrip] group=874 slices=64 before_bad=2 after_bad=0
    >>o-[QualityStrip] group=2051 slices=64 before_bad=2 after_bad=0
    >>o-[QualityStrip] group=274 slices=64 before_bad=2 after_bad=0
    >>o-[QualityStrip] group=2052 slices=32 before_bad=2 after_bad=0
    >>o-[QualityStrip] group=875 slices=64 before_bad=2 after_bad=0
    >>o-[QualityStrip] group=2053 slices=8 before_bad=2 after_bad=0
    >>o-[QualityStrip] group=275 slices=64 before_bad=2 after_bad=0
    >>o-[QualityStrip] group=2054 slices=4 before_bad=2 after_bad=0
    >>o-[QualityStrip] group=876 slices=32 before_bad=2 after_bad=0
    >>o-[QualityStrip] group=2055 slices=4 before_bad=1 after_bad=0
    >>o-[QualityStrip] group=276 slices=32 before_bad=2 after_bad=0
    >>o-[QualityStrip] group=877 slices=8 before_bad=2 after_bad=0
    >>o-[QualityStrip] group=277 slices=8 before_bad=2 after_bad=0
    >>o-[QualityStrip] group=878 slices=4 before_bad=2 after_bad=0
    >>o-[QualityStrip] group=1470 slices=4 before_bad=1 after_bad=0
    >>o-[QualityStrip] group=278 slices=4 before_bad=2 after_bad=0
    >>o-[QualityStrip] group=879 slices=4 before_bad=1 after_bad=0
    >>o-[QualityStrip] group=1471 slices=4 before_bad=2 after_bad=0
    >>o-[QualityStrip] group=279 slices=4 before_bad=1 after_bad=0
    >>o-[QualityStrip] group=1472 slices=8 before_bad=2 after_bad=0
    >>o-[QualityStrip] group=1473 slices=32 before_bad=2 after_bad=0
    >>o-[QualityStrip] group=2070 slices=4 before_bad=1 after_bad=0
    >>o-[QualityStrip] group=2071 slices=4 before_bad=2 after_bad=0
    >>o-[QualityStrip] group=1474 slices=64 before_bad=2 after_bad=0
    >>o-[QualityStrip] group=2072 slices=8 before_bad=2 after_bad=0
    >>o-[QualityStrip] group=894 slices=4 before_bad=1 after_bad=0
    >>o-[QualityStrip] group=294 slices=4 before_bad=1 after_bad=0
    >>o-[QualityStrip] group=895 slices=4 before_bad=2 after_bad=0
    >>o-[QualityStrip] group=2073 slices=32 before_bad=2 after_bad=0
    >>o-[QualityStrip] group=295 slices=4 before_bad=2 after_bad=0
    >>o-[QualityStrip] group=1475 slices=64 before_bad=2 after_bad=0
    >>o-[QualityStrip] group=896 slices=8 before_bad=2 after_bad=0
    >>o-[QualityStrip] group=296 slices=8 before_bad=2 after_bad=0
    >>o-[QualityStrip] group=1476 slices=32 before_bad=2 after_bad=0
    >>o-[QualityStrip] group=897 slices=32 before_bad=2 after_bad=0
    >>o-[QualityStrip] group=2074 slices=64 before_bad=2 after_bad=0
    >>o-[QualityStrip] group=297 slices=32 before_bad=2 after_bad=0
    >>o-[QualityStrip] group=1477 slices=8 before_bad=2 after_bad=0
    >>o-[QualityStrip] group=1478 slices=4 before_bad=2 after_bad=0
    >>o-[QualityStrip] group=1479 slices=4 before_bad=1 after_bad=0
    >>o-[QualityStrip] group=898 slices=64 before_bad=2 after_bad=0
    >>o-[QualityStrip] group=2075 slices=64 before_bad=2 after_bad=0
    >>o-[QualityStrip] group=298 slices=64 before_bad=2 after_bad=0
    >>o-[QualityStrip] group=2076 slices=32 before_bad=2 after_bad=0
    >>o-[QualityStrip] group=899 slices=64 before_bad=2 after_bad=0
    >>o-[QualityStrip] group=2077 slices=8 before_bad=2 after_bad=0
    >>o-[QualityStrip] group=299 slices=64 before_bad=2 after_bad=0
    >>o-[QualityStrip] group=2078 slices=4 before_bad=2 after_bad=0
    >>o-[QualityStrip] group=900 slices=32 before_bad=2 after_bad=0
    >>o-[QualityStrip] group=2079 slices=4 before_bad=1 after_bad=0
    >>o-[QualityStrip] group=901 slices=8 before_bad=2 after_bad=0
    >>o-[QualityStrip] group=300 slices=32 before_bad=2 after_bad=0
    >>o-[QualityStrip] group=1494 slices=4 before_bad=1 after_bad=0
    >>o-[QualityStrip] group=902 slices=4 before_bad=2 after_bad=0
    >>o-[QualityStrip] group=301 slices=8 before_bad=2 after_bad=0
    >>o-[QualityStrip] group=1495 slices=4 before_bad=2 after_bad=0
    >>o-[QualityStrip] group=903 slices=4 before_bad=1 after_bad=0
    >>o-[QualityStrip] group=302 slices=4 before_bad=2 after_bad=0
    >>o-[QualityStrip] group=1496 slices=8 before_bad=2 after_bad=0
    >>o-[QualityStrip] group=303 slices=4 before_bad=1 after_bad=0
    >>o-[QualityStrip] group=1497 slices=32 before_bad=2 after_bad=0
    >>o-[QualityStrip] group=2094 slices=4 before_bad=1 after_bad=0
    >>o-[QualityStrip] group=1498 slices=64 before_bad=2 after_bad=0
    >>o-[QualityStrip] group=2095 slices=4 before_bad=2 after_bad=0
    >>o-[QualityStrip] group=2096 slices=8 before_bad=2 after_bad=0
    >>o-[QualityStrip] group=918 slices=4 before_bad=1 after_bad=0
    >>o-[QualityStrip] group=919 slices=4 before_bad=2 after_bad=0
    >>o-[QualityStrip] group=318 slices=4 before_bad=1 after_bad=0
    >>o-[QualityStrip] group=1499 slices=64 before_bad=2 after_bad=0
    >>o-[QualityStrip] group=2097 slices=32 before_bad=2 after_bad=0
    >>o-[QualityStrip] group=920 slices=8 before_bad=2 after_bad=0
    >>o-[QualityStrip] group=319 slices=4 before_bad=2 after_bad=0
    >>o-[QualityStrip] group=320 slices=8 before_bad=2 after_bad=0
    >>o-[QualityStrip] group=1500 slices=32 before_bad=2 after_bad=0
    >>o-[QualityStrip] group=921 slices=32 before_bad=2 after_bad=0
    >>o-[QualityStrip] group=1501 slices=8 before_bad=2 after_bad=0
    >>o-[QualityStrip] group=321 slices=32 before_bad=2 after_bad=0
    >>o-[QualityStrip] group=2098 slices=64 before_bad=2 after_bad=0
    >>o-[QualityStrip] group=1502 slices=4 before_bad=2 after_bad=0
    >>o-[QualityStrip] group=1503 slices=4 before_bad=1 after_bad=0
    >>o-[QualityStrip] group=922 slices=64 before_bad=2 after_bad=0
    >>o-[QualityStrip] group=322 slices=64 before_bad=2 after_bad=0
    >>o-[QualityStrip] group=2099 slices=64 before_bad=2 after_bad=0
    >>o-[QualityStrip] group=923 slices=64 before_bad=2 after_bad=0
    >>o-[QualityStrip] group=2100 slices=32 before_bad=2 after_bad=0
    >>o-[QualityStrip] group=2101 slices=8 before_bad=2 after_bad=0
    >>o-[QualityStrip] group=323 slices=64 before_bad=2 after_bad=0
    >>o-[QualityStrip] group=924 slices=32 before_bad=2 after_bad=0
    >>o-[QualityStrip] group=2102 slices=4 before_bad=2 after_bad=0
    >>o-[QualityStrip] group=2103 slices=4 before_bad=1 after_bad=0
    >>o-[QualityStrip] group=925 slices=8 before_bad=2 after_bad=0
    >>o-[QualityStrip] group=324 slices=32 before_bad=2 after_bad=0
    >>o-[QualityStrip] group=1518 slices=4 before_bad=1 after_bad=0
    >>o-[QualityStrip] group=926 slices=4 before_bad=2 after_bad=0
    >>o-[QualityStrip] group=325 slices=8 before_bad=2 after_bad=0
    >>o-[QualityStrip] group=1519 slices=4 before_bad=2 after_bad=0
    >>o-[QualityStrip] group=927 slices=4 before_bad=1 after_bad=0
    >>o-[QualityStrip] group=326 slices=4 before_bad=2 after_bad=0
    >>o-[QualityStrip] group=1520 slices=8 before_bad=2 after_bad=0
    >>o-[QualityStrip] group=327 slices=4 before_bad=1 after_bad=0
    >>o-[QualityStrip] group=1521 slices=32 before_bad=2 after_bad=0
    >>o-[QualityStrip] group=2118 slices=4 before_bad=1 after_bad=0
    >>o-[QualityStrip] group=1522 slices=64 before_bad=2 after_bad=0
    >>o-[QualityStrip] group=2119 slices=4 before_bad=2 after_bad=0
    >>o-[QualityStrip] group=942 slices=4 before_bad=1 after_bad=0
    >>o-[QualityStrip] group=2120 slices=8 before_bad=2 after_bad=0
    >>o-[QualityStrip] group=943 slices=4 before_bad=2 after_bad=0
    >>o-[QualityStrip] group=342 slices=4 before_bad=1 after_bad=0
    >>o-[QualityStrip] group=1523 slices=64 before_bad=2 after_bad=0
    >>o-[QualityStrip] group=944 slices=8 before_bad=2 after_bad=0
    >>o-[QualityStrip] group=343 slices=4 before_bad=2 after_bad=0
    >>o-[QualityStrip] group=2121 slices=32 before_bad=2 after_bad=0
    >>o-[QualityStrip] group=344 slices=8 before_bad=2 after_bad=0
    >>o-[QualityStrip] group=1524 slices=32 before_bad=2 after_bad=0
    >>o-[QualityStrip] group=945 slices=32 before_bad=2 after_bad=0
    >>o-[QualityStrip] group=1525 slices=8 before_bad=2 after_bad=0
    >>o-[QualityStrip] group=345 slices=32 before_bad=2 after_bad=0
    >>o-[QualityStrip] group=2122 slices=64 before_bad=2 after_bad=0
    >>o-[QualityStrip] group=1526 slices=4 before_bad=2 after_bad=0
    >>o-[QualityStrip] group=1527 slices=4 before_bad=1 after_bad=0
    >>o-[QualityStrip] group=946 slices=64 before_bad=2 after_bad=0
    >>o-[QualityStrip] group=346 slices=64 before_bad=2 after_bad=0
    >>o-[QualityStrip] group=2123 slices=64 before_bad=2 after_bad=0
    >>o-[QualityStrip] group=947 slices=64 before_bad=2 after_bad=0
    >>o-[QualityStrip] group=2124 slices=32 before_bad=2 after_bad=0
    >>o-[QualityStrip] group=2125 slices=8 before_bad=2 after_bad=0
    >>o-[QualityStrip] group=347 slices=64 before_bad=2 after_bad=0
    >>o-[QualityStrip] group=948 slices=32 before_bad=2 after_bad=0
    >>o-[QualityStrip] group=2126 slices=4 before_bad=2 after_bad=0
    >>o-[QualityStrip] group=949 slices=8 before_bad=2 after_bad=0
    >>o-[QualityStrip] group=2127 slices=4 before_bad=1 after_bad=0
    >>o-[QualityStrip] group=1542 slices=4 before_bad=1 after_bad=0
    >>o-[QualityStrip] group=950 slices=4 before_bad=2 after_bad=0
    >>o-[QualityStrip] group=348 slices=32 before_bad=2 after_bad=0
    >>o-[QualityStrip] group=1543 slices=4 before_bad=2 after_bad=0
    >>o-[QualityStrip] group=951 slices=4 before_bad=1 after_bad=0
    >>o-[QualityStrip] group=349 slices=8 before_bad=2 after_bad=0
    >>o-[QualityStrip] group=1544 slices=8 before_bad=2 after_bad=0
    >>o-[QualityStrip] group=350 slices=4 before_bad=2 after_bad=0
    >>o-[QualityStrip] group=351 slices=4 before_bad=1 after_bad=0
    >>o-[QualityStrip] group=1545 slices=32 before_bad=2 after_bad=0
    >>o-[QualityStrip] group=2142 slices=4 before_bad=1 after_bad=0
    >>o-[QualityStrip] group=1546 slices=64 before_bad=2 after_bad=0
    >>o-[QualityStrip] group=2143 slices=4 before_bad=2 after_bad=0
    >>o-[QualityStrip] group=966 slices=4 before_bad=1 after_bad=0
    >>o-[QualityStrip] group=2144 slices=8 before_bad=2 after_bad=0
    >>o-[QualityStrip] group=967 slices=4 before_bad=2 after_bad=0
    >>o-[QualityStrip] group=968 slices=8 before_bad=2 after_bad=0
    >>o-[QualityStrip] group=1547 slices=64 before_bad=2 after_bad=0
    >>o-[QualityStrip] group=366 slices=4 before_bad=1 after_bad=0
    >>o-[QualityStrip] group=2145 slices=32 before_bad=2 after_bad=0
    >>o-[QualityStrip] group=367 slices=4 before_bad=2 after_bad=0
    >>o-[QualityStrip] group=969 slices=32 before_bad=2 after_bad=0
    >>o-[QualityStrip] group=1548 slices=32 before_bad=2 after_bad=0
    >>o-[QualityStrip] group=368 slices=8 before_bad=2 after_bad=0
    >>o-[QualityStrip] group=1549 slices=8 before_bad=2 after_bad=0
    >>o-[QualityStrip] group=2146 slices=64 before_bad=2 after_bad=0
    >>o-[QualityStrip] group=1550 slices=4 before_bad=2 after_bad=0
    >>o-[QualityStrip] group=369 slices=32 before_bad=2 after_bad=0
    >>o-[QualityStrip] group=1551 slices=4 before_bad=1 after_bad=0
    >>o-[QualityStrip] group=970 slices=64 before_bad=2 after_bad=0
    >>o-[QualityStrip] group=2147 slices=64 before_bad=2 after_bad=0
    >>o-[QualityStrip] group=370 slices=64 before_bad=2 after_bad=0
    >>o-[QualityStrip] group=971 slices=64 before_bad=2 after_bad=0
    >>o-[QualityStrip] group=2148 slices=32 before_bad=2 after_bad=0
    >>o-[QualityStrip] group=2149 slices=8 before_bad=2 after_bad=0
    >>o-[QualityStrip] group=972 slices=32 before_bad=2 after_bad=0
    >>o-[QualityStrip] group=371 slices=64 before_bad=2 after_bad=0
    >>o-[QualityStrip] group=2150 slices=4 before_bad=2 after_bad=0
    >>o-[QualityStrip] group=973 slices=8 before_bad=2 after_bad=0
    >>o-[QualityStrip] group=2151 slices=4 before_bad=1 after_bad=0
    >>o-[QualityStrip] group=974 slices=4 before_bad=2 after_bad=0
    >>o-[QualityStrip] group=1566 slices=4 before_bad=1 after_bad=0
    >>o-[QualityStrip] group=372 slices=32 before_bad=2 after_bad=0
    >>o-[QualityStrip] group=975 slices=4 before_bad=1 after_bad=0
    >>o-[QualityStrip] group=1567 slices=4 before_bad=2 after_bad=0
    >>o-[QualityStrip] group=373 slices=8 before_bad=2 after_bad=0
    >>o-[QualityStrip] group=1568 slices=8 before_bad=2 after_bad=0
    >>o-[QualityStrip] group=374 slices=4 before_bad=2 after_bad=0
    >>o-[QualityStrip] group=375 slices=4 before_bad=1 after_bad=0
    >>o-[QualityStrip] group=1569 slices=32 before_bad=2 after_bad=0
    >>o-[QualityStrip] group=2166 slices=4 before_bad=1 after_bad=0
    >>o-[QualityStrip] group=1570 slices=64 before_bad=2 after_bad=0
    >>o-[QualityStrip] group=2167 slices=4 before_bad=2 after_bad=0
    >>o-[QualityStrip] group=990 slices=4 before_bad=1 after_bad=0
    >>o-[QualityStrip] group=2168 slices=8 before_bad=2 after_bad=0
    >>o-[QualityStrip] group=991 slices=4 before_bad=2 after_bad=0
    >>o-[QualityStrip] group=1571 slices=64 before_bad=2 after_bad=0
    >>o-[QualityStrip] group=992 slices=8 before_bad=2 after_bad=0
    >>o-[QualityStrip] group=390 slices=4 before_bad=1 after_bad=0
    >>o-[QualityStrip] group=2169 slices=32 before_bad=2 after_bad=0
    >>o-[QualityStrip] group=391 slices=4 before_bad=2 after_bad=0
    >>o-[QualityStrip] group=1572 slices=32 before_bad=2 after_bad=0
    >>o-[QualityStrip] group=993 slices=32 before_bad=2 after_bad=0
    >>o-[QualityStrip] group=392 slices=8 before_bad=2 after_bad=0
    >>o-[QualityStrip] group=1573 slices=8 before_bad=2 after_bad=0
    >>o-[QualityStrip] group=1574 slices=4 before_bad=2 after_bad=0
    >>o-[QualityStrip] group=2170 slices=64 before_bad=2 after_bad=0
    >>o-[QualityStrip] group=393 slices=32 before_bad=2 after_bad=0
    >>o-[QualityStrip] group=1575 slices=4 before_bad=1 after_bad=0
    >>o-[QualityStrip] group=994 slices=64 before_bad=2 after_bad=0
    >>o-[QualityStrip] group=2171 slices=64 before_bad=2 after_bad=0
    >>o-[QualityStrip] group=394 slices=64 before_bad=2 after_bad=0
    >>o-[QualityStrip] group=995 slices=64 before_bad=2 after_bad=0
    >>o-[QualityStrip] group=2172 slices=32 before_bad=2 after_bad=0
    >>o-[QualityStrip] group=2173 slices=8 before_bad=2 after_bad=0
    >>o-[QualityStrip] group=996 slices=32 before_bad=2 after_bad=0
    >>o-[QualityStrip] group=395 slices=64 before_bad=2 after_bad=0
    >>o-[QualityStrip] group=2174 slices=4 before_bad=2 after_bad=0
    >>o-[QualityStrip] group=997 slices=8 before_bad=2 after_bad=0
    >>o-[QualityStrip] group=2175 slices=4 before_bad=1 after_bad=0
    >>o-[QualityStrip] group=1590 slices=4 before_bad=1 after_bad=0
    >>o-[QualityStrip] group=998 slices=4 before_bad=2 after_bad=0
    >>o-[QualityStrip] group=396 slices=32 before_bad=2 after_bad=0
    >>o-[QualityStrip] group=1591 slices=4 before_bad=2 after_bad=0
    >>o-[QualityStrip] group=999 slices=4 before_bad=1 after_bad=0
    >>o-[QualityStrip] group=397 slices=8 before_bad=2 after_bad=0
    >>o-[QualityStrip] group=1592 slices=8 before_bad=2 after_bad=0
    >>o-[QualityStrip] group=398 slices=4 before_bad=2 after_bad=0
    >>o-[QualityStrip] group=399 slices=4 before_bad=1 after_bad=0
    >>o-[QualityStrip] group=1593 slices=32 before_bad=2 after_bad=0
    >>o-[QualityStrip] group=1594 slices=64 before_bad=2 after_bad=0
    >>o-[QualityStrip] group=2190 slices=4 before_bad=1 after_bad=0
    >>o-[QualityStrip] group=2191 slices=4 before_bad=2 after_bad=0
    >>o-[QualityStrip] group=1014 slices=4 before_bad=1 after_bad=0
    >>o-[QualityStrip] group=2192 slices=8 before_bad=2 after_bad=0
    >>o-[QualityStrip] group=1015 slices=4 before_bad=2 after_bad=0
    >>o-[QualityStrip] group=1595 slices=64 before_bad=2 after_bad=0
    >>o-[QualityStrip] group=1016 slices=8 before_bad=2 after_bad=0
    >>o-[QualityStrip] group=414 slices=4 before_bad=1 after_bad=0
    >>o-[QualityStrip] group=2193 slices=32 before_bad=2 after_bad=0
    >>o-[QualityStrip] group=415 slices=4 before_bad=2 after_bad=0
    >>o-[QualityStrip] group=1596 slices=32 before_bad=2 after_bad=0
    >>o-[QualityStrip] group=1017 slices=32 before_bad=2 after_bad=0
    >>o-[QualityStrip] group=416 slices=8 before_bad=2 after_bad=0
    >>o-[QualityStrip] group=1597 slices=8 before_bad=2 after_bad=0
    >>o-[QualityStrip] group=1598 slices=4 before_bad=2 after_bad=0
    >>o-[QualityStrip] group=2194 slices=64 before_bad=2 after_bad=0
    >>o-[QualityStrip] group=417 slices=32 before_bad=2 after_bad=0
    >>o-[QualityStrip] group=1599 slices=4 before_bad=1 after_bad=0
    >>o-[QualityStrip] group=1018 slices=64 before_bad=2 after_bad=0
    >>o-[QualityStrip] group=2195 slices=64 before_bad=2 after_bad=0
    >>o-[QualityStrip] group=418 slices=64 before_bad=2 after_bad=0
    >>o-[QualityStrip] group=1019 slices=64 before_bad=2 after_bad=0
    >>o-[QualityStrip] group=2196 slices=32 before_bad=2 after_bad=0
    >>o-[QualityStrip] group=2197 slices=8 before_bad=2 after_bad=0
    >>o-[QualityStrip] group=1020 slices=32 before_bad=2 after_bad=0
    >>o-[QualityStrip] group=419 slices=64 before_bad=2 after_bad=0
    >>o-[QualityStrip] group=2198 slices=4 before_bad=2 after_bad=0
    >>o-[QualityStrip] group=1021 slices=8 before_bad=2 after_bad=0
    >>o-[QualityStrip] group=2199 slices=4 before_bad=1 after_bad=0
    >>o-[QualityStrip] group=1614 slices=4 before_bad=1 after_bad=0
    >>o-[QualityStrip] group=1022 slices=4 before_bad=2 after_bad=0
    >>o-[QualityStrip] group=420 slices=32 before_bad=2 after_bad=0
    >>o-[QualityStrip] group=1615 slices=4 before_bad=2 after_bad=0
    >>o-[QualityStrip] group=1023 slices=4 before_bad=1 after_bad=0
    >>o-[QualityStrip] group=421 slices=8 before_bad=2 after_bad=0
    >>o-[QualityStrip] group=1616 slices=8 before_bad=2 after_bad=0
    >>o-[QualityStrip] group=422 slices=4 before_bad=2 after_bad=0
    >>o-[QualityStrip] group=423 slices=4 before_bad=1 after_bad=0
    >>o-[QualityStrip] group=1617 slices=32 before_bad=2 after_bad=0
    >>o-[QualityStrip] group=1618 slices=64 before_bad=2 after_bad=0
    >>o-[QualityStrip] group=2214 slices=4 before_bad=1 after_bad=0
    >>o-[QualityStrip] group=2215 slices=4 before_bad=2 after_bad=0
    >>o-[QualityStrip] group=1038 slices=4 before_bad=1 after_bad=0
    >>o-[QualityStrip] group=2216 slices=8 before_bad=2 after_bad=0
    >>o-[QualityStrip] group=1039 slices=4 before_bad=2 after_bad=0
    >>o-[QualityStrip] group=1619 slices=64 before_bad=2 after_bad=0
    >>o-[QualityStrip] group=1040 slices=8 before_bad=2 after_bad=0
    >>o-[QualityStrip] group=438 slices=4 before_bad=1 after_bad=0
    >>o-[QualityStrip] group=2217 slices=32 before_bad=2 after_bad=0
    >>o-[QualityStrip] group=439 slices=4 before_bad=2 after_bad=0
    >>o-[QualityStrip] group=1620 slices=32 before_bad=2 after_bad=0
    >>o-[QualityStrip] group=1041 slices=32 before_bad=2 after_bad=0
    >>o-[QualityStrip] group=440 slices=8 before_bad=2 after_bad=0
    >>o-[QualityStrip] group=1621 slices=8 before_bad=2 after_bad=0
    >>o-[QualityStrip] group=1622 slices=4 before_bad=2 after_bad=0
    >>o-[QualityStrip] group=2218 slices=64 before_bad=2 after_bad=0
    >>o-[QualityStrip] group=441 slices=32 before_bad=2 after_bad=0
    >>o-[QualityStrip] group=1623 slices=4 before_bad=1 after_bad=0
    >>o-[QualityStrip] group=1042 slices=64 before_bad=2 after_bad=0
    >>o-[QualityStrip] group=2219 slices=64 before_bad=2 after_bad=0
    >>o-[QualityStrip] group=442 slices=64 before_bad=2 after_bad=0
    >>o-[QualityStrip] group=1043 slices=64 before_bad=2 after_bad=0
    >>o-[QualityStrip] group=2220 slices=32 before_bad=2 after_bad=0
    >>o-[QualityStrip] group=2221 slices=8 before_bad=2 after_bad=0
    >>o-[QualityStrip] group=1044 slices=32 before_bad=2 after_bad=0
    >>o-[QualityStrip] group=443 slices=64 before_bad=2 after_bad=0
    >>o-[QualityStrip] group=2222 slices=4 before_bad=2 after_bad=0
    >>o-[QualityStrip] group=1045 slices=8 before_bad=2 after_bad=0
    >>o-[QualityStrip] group=2223 slices=4 before_bad=1 after_bad=0
    >>o-[QualityStrip] group=1046 slices=4 before_bad=2 after_bad=0
    >>o-[QualityStrip] group=1638 slices=4 before_bad=1 after_bad=0
    >>o-[QualityStrip] group=444 slices=32 before_bad=2 after_bad=0
    >>o-[QualityStrip] group=1047 slices=4 before_bad=1 after_bad=0
    >>o-[QualityStrip] group=1639 slices=4 before_bad=2 after_bad=0
    >>o-[QualityStrip] group=445 slices=8 before_bad=2 after_bad=0
    >>o-[QualityStrip] group=1640 slices=8 before_bad=2 after_bad=0
    >>o-[QualityStrip] group=446 slices=4 before_bad=2 after_bad=0
    >>o-[QualityStrip] group=447 slices=4 before_bad=1 after_bad=0
    >>o-[QualityStrip] group=1641 slices=32 before_bad=2 after_bad=0
    >>o-[QualityStrip] group=2238 slices=4 before_bad=1 after_bad=0
    >>o-[QualityStrip] group=1642 slices=64 before_bad=2 after_bad=0
    >>o-[QualityStrip] group=2239 slices=4 before_bad=2 after_bad=0
    >>o-[QualityStrip] group=1062 slices=4 before_bad=1 after_bad=0
    >>o-[QualityStrip] group=2240 slices=8 before_bad=2 after_bad=0
    >>o-[QualityStrip] group=1063 slices=4 before_bad=2 after_bad=0
    >>o-[QualityStrip] group=1643 slices=64 before_bad=2 after_bad=0
    >>o-[QualityStrip] group=1064 slices=8 before_bad=2 after_bad=0
    >>o-[QualityStrip] group=462 slices=4 before_bad=1 after_bad=0
    >>o-[QualityStrip] group=2241 slices=32 before_bad=2 after_bad=0
    >>o-[QualityStrip] group=463 slices=4 before_bad=2 after_bad=0
    >>o-[QualityStrip] group=1644 slices=32 before_bad=2 after_bad=0
    >>o-[QualityStrip] group=464 slices=8 before_bad=2 after_bad=0
    >>o-[QualityStrip] group=1065 slices=32 before_bad=2 after_bad=0
    >>o-[QualityStrip] group=1645 slices=8 before_bad=2 after_bad=0
    >>o-[QualityStrip] group=2242 slices=64 before_bad=2 after_bad=0
    >>o-[QualityStrip] group=1646 slices=4 before_bad=2 after_bad=0
    >>o-[QualityStrip] group=465 slices=32 before_bad=2 after_bad=0
    >>o-[QualityStrip] group=1647 slices=4 before_bad=1 after_bad=0
    >>o-[QualityStrip] group=1066 slices=64 before_bad=2 after_bad=0
    >>o-[QualityStrip] group=2243 slices=64 before_bad=2 after_bad=0
    >>o-[QualityStrip] group=466 slices=64 before_bad=2 after_bad=0
    >>o-[QualityStrip] group=1067 slices=64 before_bad=2 after_bad=0
    >>o-[QualityStrip] group=2244 slices=32 before_bad=2 after_bad=0
    >>o-[QualityStrip] group=2245 slices=8 before_bad=2 after_bad=0
    >>o-[QualityStrip] group=467 slices=64 before_bad=2 after_bad=0
    >>o-[QualityStrip] group=1068 slices=32 before_bad=2 after_bad=0
    >>o-[QualityStrip] group=2246 slices=4 before_bad=2 after_bad=0
    >>o-[QualityStrip] group=1069 slices=8 before_bad=2 after_bad=0
    >>o-[QualityStrip] group=2247 slices=4 before_bad=1 after_bad=0
    >>o-[QualityStrip] group=1662 slices=4 before_bad=1 after_bad=0
    >>o-[QualityStrip] group=468 slices=32 before_bad=2 after_bad=0
    >>o-[QualityStrip] group=1070 slices=4 before_bad=2 after_bad=0
    >>o-[QualityStrip] group=1663 slices=4 before_bad=2 after_bad=0
    >>o-[QualityStrip] group=1071 slices=4 before_bad=1 after_bad=0
    >>o-[QualityStrip] group=469 slices=8 before_bad=2 after_bad=0
    >>o-[QualityStrip] group=1664 slices=8 before_bad=2 after_bad=0
    >>o-[QualityStrip] group=470 slices=4 before_bad=2 after_bad=0
    >>o-[QualityStrip] group=471 slices=4 before_bad=1 after_bad=0
    >>o-[QualityStrip] group=1665 slices=32 before_bad=2 after_bad=0
    >>o-[QualityStrip] group=1666 slices=64 before_bad=2 after_bad=0
    >>o-[QualityStrip] group=2262 slices=4 before_bad=1 after_bad=0
    >>o-[QualityStrip] group=2263 slices=4 before_bad=2 after_bad=0
    >>o-[QualityStrip] group=1086 slices=4 before_bad=1 after_bad=0
    >>o-[QualityStrip] group=2264 slices=8 before_bad=2 after_bad=0
    >>o-[QualityStrip] group=1087 slices=4 before_bad=2 after_bad=0
    >>o-[QualityStrip] group=1667 slices=64 before_bad=2 after_bad=0
    >>o-[QualityStrip] group=486 slices=4 before_bad=1 after_bad=0
    >>o-[QualityStrip] group=1088 slices=8 before_bad=2 after_bad=0
    >>o-[QualityStrip] group=2265 slices=32 before_bad=2 after_bad=0
    >>o-[QualityStrip] group=487 slices=4 before_bad=2 after_bad=0
    >>o-[QualityStrip] group=1668 slices=32 before_bad=2 after_bad=0
    >>o-[QualityStrip] group=488 slices=8 before_bad=2 after_bad=0
    >>o-[QualityStrip] group=1089 slices=32 before_bad=2 after_bad=0
    >>o-[QualityStrip] group=1669 slices=8 before_bad=2 after_bad=0
    >>o-[QualityStrip] group=1670 slices=4 before_bad=2 after_bad=0
    >>o-[QualityStrip] group=2266 slices=64 before_bad=2 after_bad=0
    >>o-[QualityStrip] group=489 slices=32 before_bad=2 after_bad=0
    >>o-[QualityStrip] group=1671 slices=4 before_bad=1 after_bad=0
    >>o-[QualityStrip] group=1090 slices=64 before_bad=2 after_bad=0
    >>o-[QualityStrip] group=2267 slices=64 before_bad=2 after_bad=0
    >>o-[QualityStrip] group=490 slices=64 before_bad=2 after_bad=0
    >>o-[QualityStrip] group=1091 slices=64 before_bad=2 after_bad=0
    >>o-[QualityStrip] group=2268 slices=32 before_bad=2 after_bad=0
    >>o-[QualityStrip] group=2269 slices=8 before_bad=2 after_bad=0
    >>o-[QualityStrip] group=491 slices=64 before_bad=2 after_bad=0
    >>o-[QualityStrip] group=1092 slices=32 before_bad=2 after_bad=0
    >>o-[QualityStrip] group=2270 slices=4 before_bad=2 after_bad=0
    >>o-[QualityStrip] group=1093 slices=8 before_bad=2 after_bad=0
    >>o-[QualityStrip] group=2271 slices=4 before_bad=1 after_bad=0
    >>o-[QualityStrip] group=1686 slices=4 before_bad=1 after_bad=0
    >>o-[QualityStrip] group=492 slices=32 before_bad=2 after_bad=0
    >>o-[QualityStrip] group=1094 slices=4 before_bad=2 after_bad=0
    >>o-[QualityStrip] group=1687 slices=4 before_bad=2 after_bad=0
    >>o-[QualityStrip] group=493 slices=8 before_bad=2 after_bad=0
    >>o-[QualityStrip] group=1095 slices=4 before_bad=1 after_bad=0
    >>o-[QualityStrip] group=1688 slices=8 before_bad=2 after_bad=0
    >>o-[QualityStrip] group=494 slices=4 before_bad=2 after_bad=0
    >>o-[QualityStrip] group=495 slices=4 before_bad=1 after_bad=0
    >>o-[QualityStrip] group=1689 slices=32 before_bad=2 after_bad=0
    >>o-[QualityStrip] group=1690 slices=64 before_bad=2 after_bad=0
    >>o-[QualityStrip] group=1110 slices=4 before_bad=1 after_bad=0
    >>o-[QualityStrip] group=1111 slices=4 before_bad=2 after_bad=0
    >>o-[QualityStrip] group=1691 slices=64 before_bad=2 after_bad=0
    >>o-[QualityStrip] group=510 slices=4 before_bad=1 after_bad=0
    >>o-[QualityStrip] group=1112 slices=8 before_bad=2 after_bad=0
NATIVE_QUALITY_REGION {"group":2284,"boundary_attempt":false,"point_budget":64,"source_facets":12,"boundary_points":14,"new_points":4,"boundary_unchanged":true,"before_bad":11,"after_score_computed":true,"after_bad":4,"after_valid":true,"before_bad_area":    >>o-[QualityStrip] group=511 slices=4 before_bad=2 after_bad=0
0.00214024,"after_bad_area":0.000719386,"selected":true}
    >>o-[QualityStrip] group=1692 slices=32 before_bad=2 after_bad=0
    >>o-[QualityStrip] group=512 slices=8 before_bad=2 after_bad=0
    >>o-[QualityStrip] group=1113 slices=32 before_bad=2 after_bad=0
    >>o-[QualityStrip] group=2285 slices=4 before_bad=1 after_bad=0
    >>o-[QualityStrip] group=1693 slices=8 before_bad=2 after_bad=0
    >>o-[QualityStrip] group=2286 slices=4 before_bad=2 after_bad=0
    >>o-[QualityStrip] group=1694 slices=4 before_bad=2 after_bad=0
    >>o-[QualityStrip] group=513 slices=32 before_bad=2 after_bad=0
    >>o-[QualityStrip] group=1695 slices=4 before_bad=1 after_bad=0
    >>o-[QualityStrip] group=2287 slices=8 before_bad=2 after_bad=0
    >>o-[QualityStrip] group=1114 slices=64 before_bad=2 after_bad=0
    >>o-[QualityStrip] group=2288 slices=32 before_bad=2 after_bad=0
    >>o-[QualityStrip] group=514 slices=64 before_bad=2 after_bad=0
    >>o-[QualityStrip] group=1115 slices=64 before_bad=2 after_bad=0
    >>o-[QualityStrip] group=2289 slices=64 before_bad=2 after_bad=0
    >>o-[QualityStrip] group=515 slices=64 before_bad=2 after_bad=0
    >>o-[QualityStrip] group=1116 slices=32 before_bad=2 after_bad=0
    >>o-[QualityStrip] group=1117 slices=8 before_bad=2 after_bad=0
    >>o-[QualityStrip] group=516 slices=32 before_bad=2 after_bad=0
    >>o-[QualityStrip] group=1118 slices=4 before_bad=2 after_bad=0
    >>o-[QualityStrip] group=1710 slices=4 before_bad=1 after_bad=0
    >>o-[QualityStrip] group=1119 slices=4 before_bad=1 after_bad=0
    >>o-[QualityStrip] group=517 slices=8 before_bad=2 after_bad=0
    >>o-[QualityStrip] group=2290 slices=64 before_bad=2 after_bad=0
    >>o-[QualityStrip] group=1711 slices=4 before_bad=2 after_bad=0
    >>o-[QualityStrip] group=518 slices=4 before_bad=2 after_bad=0
    >>o-[QualityStrip] group=1712 slices=8 before_bad=2 after_bad=0
    >>o-[QualityStrip] group=519 slices=4 before_bad=1 after_bad=0
    >>o-[QualityStrip] group=2291 slices=32 before_bad=2 after_bad=0
    >>o-[QualityStrip] group=2292 slices=8 before_bad=2 after_bad=0
    >>o-[QualityStrip] group=1713 slices=32 before_bad=2 after_bad=0
    >>o-[QualityStrip] group=2293 slices=4 before_bad=2 after_bad=0
    >>o-[QualityStrip] group=2294 slices=4 before_bad=1 after_bad=0
    >>o-[QualityStrip] group=1714 slices=64 before_bad=2 after_bad=0
    >>o-[QualityStrip] group=1134 slices=4 before_bad=1 after_bad=0
    >>o-[QualityStrip] group=1135 slices=4 before_bad=2 after_bad=0
    >>o-[QualityStrip] group=534 slices=4 before_bad=1 after_bad=0
    >>o-[QualityStrip] group=1136 slices=8 before_bad=2 after_bad=0
    >>o-[QualityStrip] group=535 slices=4 before_bad=2 after_bad=0
    >>o-[QualityStrip] group=1715 slices=64 before_bad=2 after_bad=0
    >>o-[QualityStrip] group=536 slices=8 before_bad=2 after_bad=0
    >>o-[QualityStrip] group=1137 slices=32 before_bad=2 after_bad=0
NATIVE_QUALITY_REGION {"group":2302,"boundary_attempt":false,"point_budget":64,"source_facets":11,"boundary_points":13,"new_points":12,"boundary_unchanged":true,"before_bad":9,"after_score_computed":true,"after_bad":5,"after_valid":true,"before_bad_area":0.000542641,"after_bad_area":0.00201945,"selected":false}
    >>o-[QualityStrip] group=1716 slices=32 before_bad=2 after_bad=0
    >>o-[QualityStrip] group=537 slices=32 before_bad=2 after_bad=0
    >>o-[QualityStrip] group=1717 slices=8 before_bad=2 after_bad=0
NATIVE_QUALITY_REGION {"group":2302,"boundary_attempt":true,"point_budget":128,"source_facets":11,"boundary_points":13,"new_points":18,"boundary_unchanged":true,"before_bad":9,"after_score_computed":true,"after_bad":0,"after_valid":true,"before_bad_area":0.000542641,"after_bad_area":0,"selected":true}
    >>o-[QualityStrip] group=1718 slices=4 before_bad=2 after_bad=0
    >>o-[QualityStrip] group=1138 slices=64 before_bad=2 after_bad=0
    >>o-[QualityStrip] group=538 slices=64 before_bad=2 after_bad=0
    >>o-[QualityStrip] group=1719 slices=4 before_bad=1 after_bad=0
    >>o-[QualityStrip] group=1139 slices=64 before_bad=2 after_bad=0
    >>o-[QualityStrip] group=539 slices=64 before_bad=2 after_bad=0
    >>o-[QualityStrip] group=1140 slices=32 before_bad=2 after_bad=0
    >>o-[QualityStrip] group=540 slices=32 before_bad=2 after_bad=0
NATIVE_QUALITY_REGION {"group":2303,"boundary_attempt":false,"point_budget":64,"source_facets":16,"boundary_points":18,"new_points":16,"boundary_unchanged":true,"before_bad":14,"after_score_computed":true,"after_bad":8,"after_valid":true,"before_bad_area":0.00220523,"after_bad_area":0.00217695,"selected":true}
    >>o-[QualityStrip] group=541 slices=8 before_bad=2 after_bad=0
    >>o-[QualityStrip] group=1141 slices=8 before_bad=2 after_bad=0
    >>o-[QualityStrip] group=1734 slices=4 before_bad=1 after_bad=0
    >>o-[QualityStrip] group=1142 slices=4 before_bad=2 after_bad=0
    >>o-[QualityStrip] group=542 slices=4 before_bad=2 after_bad=0
    >>o-[QualityStrip] group=1735 slices=4 before_bad=2 after_bad=0
    >>o-[QualityStrip] group=1143 slices=4 before_bad=1 after_bad=0
    >>o-[QualityStrip] group=543 slices=4 before_bad=1 after_bad=0
    >>o-[QualityStrip] group=1736 slices=8 before_bad=2 after_bad=0
    >>o-[QualityStrip] group=1737 slices=32 before_bad=2 after_bad=0
NATIVE_QUALITY_REGION {"group":2345,"boundary_attempt":false,"point_budget":64,"source_facets":2,"boundary_points":4,"new_points":0,"boundary_unchanged":true,"before_bad":1,"after_score_computed":true,"after_bad":1,"after_valid":true,"before_bad_area":1.05678e-06,"after_bad_area":1.05678e-06,"selected":false}
    >>o-[QualityStrip] group=1738 slices=64 before_bad=2 after_bad=0
NATIVE_QUALITY_REGION {"group":2345,"boundary_attempt":true,"point_budget":128,"source_facets":2,"boundary_points":4,"new_points":5,"boundary_unchanged":true,"before_bad":1,"after_score_computed":true,"after_bad":0,"after_valid":true,"before_bad_area":1.05678e-06,"after_bad_area":0,"selected":true}
    >>o-[QualityStrip] group=558 slices=4 before_bad=1 after_bad=0
    >>o-[QualityStrip] group=1158 slices=4 before_bad=1 after_bad=0
    >>o-[QualityStrip] group=559 slices=4 before_bad=2 after_bad=0
    >>o-[QualityStrip] group=1159 slices=4 before_bad=2 after_bad=0
    >>o-[QualityStrip] group=1739 slices=64 before_bad=2 after_bad=0
NATIVE_QUALITY_REGION {"group":2349,"boundary_attempt":false,"point_budget":64,"source_facets":3,"boundary_points":5,"new_points":0,"boundary_unchanged":true,"before_bad":1,"after_score_computed":true,"after_bad":1,"after_valid":true,"before_bad_area":1.8024e-06,"after_bad_area":1.8024e-06,"selected":false}
    >>o-[QualityStrip] group=560 slices=8 before_bad=2 after_bad=0
    >>o-[QualityStrip] group=1740 slices=32 before_bad=2 after_bad=0
    >>o-[QualityStrip] group=1160 slices=8 before_bad=2 after_bad=0
    >>o-[QualityStrip] group=1741 slices=8 before_bad=2 after_bad=0
    >>o-[QualityStrip] group=2354 slices=4 before_bad=1 after_bad=0
    >>o-[QualityStrip] group=561 slices=32 before_bad=2 after_bad=0
    >>o-[QualityStrip] group=1742 slices=4 before_bad=2 after_bad=0
    >>o-[QualityStrip] group=1161 slices=32 before_bad=2 after_bad=0
    >>o-[QualityStrip] group=1743 slices=4 before_bad=1 after_bad=0
NATIVE_QUALITY_REGION {"group":2357,"boundary_attempt":false,"point_budget":64,"source_facets":3,"boundary_points":5,"new_points":0,"boundary_unchanged":true,"before_bad":1,"after_score_computed":true,"after_bad":1,"after_valid":true,"before_bad_area":1.37666e-06,"after_bad_area":1.37666e-06,"selected":false}
    >>o-[QualityStrip] group=562 slices=64 before_bad=2 after_bad=0
    >>o-[QualityStrip] group=1162 slices=64 before_bad=2 after_bad=0
    >>o-[QualityStrip] group=2360 slices=4 before_bad=1 after_bad=1
NATIVE_QUALITY_REGION {"group":2368,"boundary_attempt":false,"point_budget":64,"source_facets":3,"boundary_points":5,"new_points":0,"boundary_unchanged":true,"before_bad":1,"after_score_computed":true,"after_bad":1,"after_valid":true,"before_bad_area":2.11787e-06,"after_bad_area":2.11787e-06,"selected":false}
    >>o-[QualityStrip] group=563 slices=64 before_bad=2 after_bad=0
    >>o-[QualityStrip] group=1163 slices=64 before_bad=2 after_bad=0
    >>o-[QualityStrip] group=1758 slices=4 before_bad=1 after_bad=0
    >>o-[QualityStrip] group=1759 slices=4 before_bad=2 after_bad=0
    >>o-[QualityStrip] group=564 slices=32 before_bad=2 after_bad=0
    >>o-[QualityStrip] group=1760 slices=8 before_bad=2 after_bad=0
    >>o-[QualityStrip] group=1164 slices=32 before_bad=2 after_bad=0
    >>o-[QualityStrip] group=565 slices=8 before_bad=2 after_bad=0
    >>o-[QualityStrip] group=1165 slices=8 before_bad=2 after_bad=0
    >>o-[QualityStrip] group=566 slices=4 before_bad=2 after_bad=0
    >>o-[QualityStrip] group=1166 slices=4 before_bad=2 after_bad=0
    >>o-[QualityStrip] group=1761 slices=32 before_bad=2 after_bad=0
    >>o-[QualityStrip] group=567 slices=4 before_bad=1 after_bad=0
    >>o-[QualityStrip] group=1167 slices=4 before_bad=1 after_bad=0
    >>o-[QualityStrip] group=1762 slices=64 before_bad=2 after_bad=0
    >>o-[QualityStrip] group=1763 slices=64 before_bad=2 after_bad=0
    >>o-[QualityStrip] group=1764 slices=32 before_bad=2 after_bad=0
    >>o-[QualityStrip] group=1182 slices=4 before_bad=1 after_bad=0
    >>o-[QualityStrip] group=582 slices=4 before_bad=1 after_bad=0
    >>o-[QualityStrip] group=1765 slices=8 before_bad=2 after_bad=0
    >>o-[QualityStrip] group=1183 slices=4 before_bad=2 after_bad=0
    >>o-[QualityStrip] group=583 slices=4 before_bad=2 after_bad=0
    >>o-[QualityStrip] group=1766 slices=4 before_bad=2 after_bad=0
    >>o-[QualityStrip] group=1767 slices=4 before_bad=1 after_bad=0
    >>o-[QualityStrip] group=584 slices=8 before_bad=2 after_bad=0
    >>o-[QualityStrip] group=585 slices=32 before_bad=2 after_bad=0
    >>o-[QualityStrip] group=586 slices=64 before_bad=2 after_bad=0
    >>o-[QualityStrip] group=587 slices=64 before_bad=2 after_bad=0
    >>o-[QualityStrip] group=588 slices=32 before_bad=2 after_bad=0
    >>o-[QualityStrip] group=589 slices=8 before_bad=2 after_bad=0
    >>o-[QualityStrip] group=590 slices=4 before_bad=2 after_bad=0
    >>o-[QualityStrip] group=591 slices=4 before_bad=1 after_bad=0
NATIVE_QUALITY_REGION {"group":2330,"boundary_attempt":false,"point_budget":128,"source_facets":26,"boundary_points":20,"new_points":6,"boundary_unchanged":true,"before_bad":7,"after_score_computed":true,"after_bad":2,"after_valid":true,"before_bad_area":8.53572e-05,"after_bad_area":3.42183e-05,"selected":true}
NATIVE_QUALITY_REGION {"group":2349,"boundary_attempt":false,"point_budget":128,"source_facets":52,"boundary_points":22,"new_points":15,"boundary_unchanged":true,"before_bad":10,"after_score_computed":true,"after_bad":4,"after_valid":true,"before_bad_area":8.97876e-05,"after_bad_area":0.000760539,"selected":false}
NATIVE_QUALITY_REGION {"group":2352,"boundary_attempt":false,"point_budget":128,"source_facets":6,"boundary_points":8,"new_points":2,"boundary_unchanged":true,"before_bad":3,"after_score_computed":true,"after_bad":1,"after_valid":true,"before_bad_area":4.7295e-06,"after_bad_area":5.59124e-07,"selected":true}
NATIVE_QUALITY_REGION {"group":2356,"boundary_attempt":false,"point_budget":128,"source_facets":8,"boundary_points":8,"new_points":1,"boundary_unchanged":true,"before_bad":1,"after_score_computed":true,"after_bad":0,"after_valid":true,"before_bad_area":3.48881e-07,"after_bad_area":0,"selected":true}
NATIVE_QUALITY_REGION {"group":2358,"boundary_attempt":false,"point_budget":128,"source_facets":3,"boundary_points":5,"new_points":0,"boundary_unchanged":true,"before_bad":1,"after_score_computed":true,"after_bad":1,"after_valid":true,"before_bad_area":1.8024e-06,"after_bad_area":1.8024e-06,"selected":false}
NATIVE_QUALITY_REGION {"group":2362,"boundary_attempt":false,"point_budget":128,"source_facets":3,"boundary_points":5,"new_points":0,"boundary_unchanged":true,"before_bad":1,"after_score_computed":true,"after_bad":1,"after_valid":true,"before_bad_area":1.37666e-06,"after_bad_area":1.37666e-06,"selected":false}
NATIVE_QUALITY_REGION {"group":2366,"boundary_attempt":false,"point_budget":128,"source_facets":3,"boundary_points":5,"new_points":0,"boundary_unchanged":true,"before_bad":1,"after_score_computed":true,"after_bad":1,"after_valid":true,"before_bad_area":2.11787e-06,"after_bad_area":2.11787e-06,"selected":false}
o-[QualityBoundary] shared_edges=0 before_bad=39 after_bad=39 before_area=0.000324527 after_area=0.000324527 accepted=1
o-[QualityBoundary] shared_edges=972 before_bad=1768 after_bad=39 before_area=0.858139 after_area=0.000324527 accepted=1
NATIVE_RESULT {"load_ms":3.883181,"boolean_ms":975.54571899999996,"save_ms":43.072800000000001,"faces":45916,"vertices":22958,"simplify":true}
