Warp 1.0.0-beta.2 initialized:
   CUDA Toolkit: 12.8, Driver: 13.2
   Devices:
     "cpu"    | x86_64
     "cuda:0" | NVIDIA GeForce RTX 4090 (sm_89)
   Kernel cache: /root/.cache/warp/1.0.0-beta.2
Module pamo_safe_project.kernels.geometry_kernels load on device 'cuda:0' took 16.96 ms
Module pamo_safe_project.kernels.energy_kernels.elastic_energy load on device 'cuda:0' took 11.74 ms
Module pamo_safe_project.kernels.energy_kernels.hinge_energy load on device 'cuda:0' took 26.64 ms
Module pamo_safe_project.kernels.energy_kernels.contact_detection load on device 'cuda:0' took 15.95 ms
Module pamo_safe_project.kernels.energy_kernels.distance_energy load on device 'cuda:0' took 21.05 ms
Module pamo_safe_project.kernels.energy_kernels.collision_energy load on device 'cuda:0' took 70.91 ms
Module pamo_safe_project.kernels.utils_kernels load on device 'cuda:0' took 3.15 ms
Module locality_gpu load on device 'cuda:0' took 0.75 ms
Module pamo_safe_project.kernels.solver_kernels load on device 'cuda:0' took 2.52 ms
Module warp.utils load on device 'cuda:0' took 1.38 ms
Module pamo_safe_project.kernels.distance_kernels.grad_funcs load on device 'cuda:0' took 17.88 ms
Module pamo_safe_project.kernels.distance_kernels.hessian_funcs load on device 'cuda:0' took 73.60 ms
Module pamo_safe_project.kernels.distance_kernels.distance_kernels load on device 'cuda:0' took 101.83 ms
Module pamo_safe_project.kernels.distance_kernels.grad_funcs_struct load on device 'cuda:0' took 15.58 ms
Module pamo_safe_project.kernels.distance_kernels.distance_kernels_struct load on device 'cuda:0' took 17.16 ms
Module pamo_safe_project.kernels.ccd_kernels load on device 'cuda:0' took 21.40 ms
Module pamo_safe_project.kernels.energy_kernels.lb_curvature_energy load on device 'cuda:0' took 3.09 ms
{"quality_generation_ms": 138.7942424044013, "requested_edge_length_mm": 0.0893124311499407, "actual_edge_length_mm": 0.21937378435981889, "max_protected_edge_mm": 0.2886497162629196, "active_fraction": 0.04563563926113727, "input_faces": 5522, "output_faces": 5450, "fp64_restoration_max_mm": 0.0, "iterations": 3, "fixed_contract_before_projection": {"passed": true, "external_faces": 5270, "external_faces_retained": 5270, "missing_fixed_vertices": 0}, "safe_projection_ms": 929.8205617815256, "projection_fp64_restoration_max_mm": 1.5323044831342746e-07, "collision_scope": "whole_mesh_author_energy_and_ccd", "fixed_contract": {"passed": true, "external_faces": 5270, "external_faces_retained": 5270, "missing_fixed_vertices": 0}, "method": "no_transition", "maintenance_ms": 3055.23276142776, "status": "pending_independent_audit"}
