Warp 1.0.0-beta.2 initialized:
   CUDA Toolkit: 12.8, Driver: 13.2
   Devices:
     "cpu"    | x86_64
     "cuda:0" | NVIDIA GeForce RTX 4080 SUPER (sm_89)
   Kernel cache: /root/.cache/warp/1.0.0-beta.2
[33;20mWARNING - Triangle area is too small (min_area=1.3824544100845348e-11), may cause numerical instability (system.py:213)[0m
Module pamo_safe_project.kernels.geometry_kernels load on device 'cuda:0' took 24.97 ms
Module pamo_safe_project.kernels.energy_kernels.elastic_energy load on device 'cuda:0' took 17.56 ms
Module pamo_safe_project.kernels.energy_kernels.hinge_energy load on device 'cuda:0' took 40.27 ms
Module pamo_safe_project.kernels.energy_kernels.precision_contact_detection load on device 'cuda:0' took 20.70 ms
Module pamo_safe_project.kernels.energy_kernels.distance_energy load on device 'cuda:0' took 30.24 ms
Module pamo_safe_project.kernels.energy_kernels.precision_gradient_collision_energy load on device 'cuda:0' took 12062.56 ms
Module pamo_safe_project.kernels.utils_kernels load on device 'cuda:0' took 4.59 ms
Module tangent_plane_gpu load on device 'cuda:0' took 1.80 ms
Module locality_gpu load on device 'cuda:0' took 0.89 ms
Module pamo_safe_project.kernels.solver_kernels load on device 'cuda:0' took 4.93 ms
Module warp.utils load on device 'cuda:0' took 2.19 ms
Module pamo_safe_project.kernels.distance_kernels.grad_funcs load on device 'cuda:0' took 26.75 ms
Module pamo_safe_project.kernels.distance_kernels.hessian_funcs load on device 'cuda:0' took 105.77 ms
Module pamo_safe_project.kernels.distance_kernels.distance_kernels load on device 'cuda:0' took 139.63 ms
Module pamo_safe_project.kernels.distance_kernels.grad_funcs_struct load on device 'cuda:0' took 23.01 ms
Module pamo_safe_project.kernels.distance_kernels.distance_kernels_struct load on device 'cuda:0' took 24.11 ms
Module pamo_safe_project.kernels.energy_kernels.collision_energy load on device 'cuda:0' took 95.75 ms
Module pamo_safe_project.kernels.ccd_kernels load on device 'cuda:0' took 27.38 ms
Module pamo_safe_project.kernels.energy_kernels.lb_curvature_energy load on device 'cuda:0' took 4.09 ms
Module pamo_safe_project.kernels.energy_kernels.contact_detection load on device 'cuda:0' took 20.35 ms
Module robust_pt_gpu load on device 'cuda:0' took 5.68 ms
Module pamo_safe_project.kernels.energy_kernels.precision_collision_energy load on device 'cuda:0' took 100.27 ms
Module pamo_safe_project.kernels.precision_ccd_kernels load on device 'cuda:0' took 27.69 ms
Module robust_pt_gradient_gpu load on device 'cuda:0' took 203.81 ms
