Stage1 :  True
Stage3 :  True
Warp 1.0.0-beta.2 initialized:
   CUDA Toolkit: 12.8, Driver: 13.2
   Devices:
     "cpu"    | x86_64
     "cuda:0" | NVIDIA GeForce RTX 4080 SUPER (sm_89)
   Kernel cache: /root/.cache/warp/1.0.0-beta.2
Target faces : 1674
Time for Remeshing: 0.14646005630493164 sec
Time for Simplification: 1.3314385414123535 sec
Module pamo_safe_project.kernels.geometry_kernels load on device 'cuda:0' took 23.26 ms
Module pamo_safe_project.kernels.energy_kernels.elastic_energy load on device 'cuda:0' took 21.27 ms
Module pamo_safe_project.kernels.energy_kernels.hinge_energy load on device 'cuda:0' took 51.77 ms
Module pamo_safe_project.kernels.energy_kernels.contact_detection load on device 'cuda:0' took 30.36 ms
Module pamo_safe_project.kernels.energy_kernels.distance_energy load on device 'cuda:0' took 40.40 ms
Module pamo_safe_project.kernels.energy_kernels.collision_energy load on device 'cuda:0' took 134.49 ms
Module pamo_safe_project.kernels.utils_kernels load on device 'cuda:0' took 5.91 ms
Module pamo_safe_project.kernels.solver_kernels load on device 'cuda:0' took 4.82 ms
Module warp.utils load on device 'cuda:0' took 2.46 ms
Module pamo_safe_project.kernels.distance_kernels.grad_funcs load on device 'cuda:0' took 32.96 ms
Module pamo_safe_project.kernels.distance_kernels.hessian_funcs load on device 'cuda:0' took 142.40 ms
Module pamo_safe_project.kernels.distance_kernels.distance_kernels load on device 'cuda:0' took 470.06 ms
Module pamo_safe_project.kernels.distance_kernels.grad_funcs_struct load on device 'cuda:0' took 31.38 ms
Module pamo_safe_project.kernels.distance_kernels.distance_kernels_struct load on device 'cuda:0' took 34.26 ms
Module pamo_safe_project.kernels.ccd_kernels load on device 'cuda:0' took 40.65 ms
Module pamo_safe_project.kernels.energy_kernels.lb_curvature_energy load on device 'cuda:0' took 5.84 ms
Module locality_gpu load on device 'cuda:0' took 1.40 ms
{"pamo_run_ms": 3492.7776930853724, "stage1": "original", "method": "full", "maintenance_ms": 6164.368613623083, "status": "pending_independent_audit"}
