Stage1 :  True
Stage3 :  True
Warp 1.0.0-beta.2 initialized:
   CUDA Toolkit: 12.8, Driver: 13.2
   Devices:
     "cpu"    | x86_64
     "cuda:0" | NVIDIA GeForce RTX 4090 (sm_89)
   Kernel cache: /root/.cache/warp/1.0.0-beta.2
Target faces : 5522
Time for Remeshing: 0.08971023559570312 sec
Time for Simplification: 0.41586995124816895 sec
Module pamo_safe_project.kernels.geometry_kernels load on device 'cuda:0' took 17.92 ms
Module pamo_safe_project.kernels.energy_kernels.elastic_energy load on device 'cuda:0' took 11.09 ms
Module pamo_safe_project.kernels.energy_kernels.hinge_energy load on device 'cuda:0' took 26.67 ms
Module pamo_safe_project.kernels.energy_kernels.contact_detection load on device 'cuda:0' took 16.11 ms
Module pamo_safe_project.kernels.energy_kernels.distance_energy load on device 'cuda:0' took 21.14 ms
Module pamo_safe_project.kernels.energy_kernels.collision_energy load on device 'cuda:0' took 70.77 ms
Module pamo_safe_project.kernels.utils_kernels load on device 'cuda:0' took 3.21 ms
Module pamo_safe_project.kernels.solver_kernels load on device 'cuda:0' took 2.69 ms
Module warp.utils load on device 'cuda:0' took 1.42 ms
Module pamo_safe_project.kernels.distance_kernels.grad_funcs load on device 'cuda:0' took 25.59 ms
Module pamo_safe_project.kernels.distance_kernels.hessian_funcs load on device 'cuda:0' took 95.24 ms
Module pamo_safe_project.kernels.distance_kernels.distance_kernels load on device 'cuda:0' took 108.73 ms
Module pamo_safe_project.kernels.distance_kernels.grad_funcs_struct load on device 'cuda:0' took 16.20 ms
Module pamo_safe_project.kernels.distance_kernels.distance_kernels_struct load on device 'cuda:0' took 17.64 ms
Module pamo_safe_project.kernels.ccd_kernels load on device 'cuda:0' took 21.68 ms
Module pamo_safe_project.kernels.energy_kernels.lb_curvature_energy load on device 'cuda:0' took 3.19 ms
Module locality_gpu load on device 'cuda:0' took 0.74 ms
{"pamo_run_ms": 1516.9327529147267, "stage1": "original", "method": "full", "maintenance_ms": 3141.6672859340906, "status": "pending_independent_audit"}
