Stage1 :  True
Stage3 :  True
Warp 1.0.0-beta.2 initialized:
   CUDA Toolkit: 12.8, Driver: 13.2
   Devices:
     "cpu"    | x86_64
     "cuda:0" | NVIDIA GeForce RTX 4080 SUPER (sm_89)
   Kernel cache: /root/.cache/warp/1.0.0-beta.2
Target faces : 1798
Time for Remeshing: 0.1525254249572754 sec
Time for Simplification: 0.5388712882995605 sec
Module pamo_safe_project.kernels.geometry_kernels load on device 'cuda:0' took 23.06 ms
Module pamo_safe_project.kernels.energy_kernels.elastic_energy load on device 'cuda:0' took 21.09 ms
Module pamo_safe_project.kernels.energy_kernels.hinge_energy load on device 'cuda:0' took 51.46 ms
Module pamo_safe_project.kernels.energy_kernels.contact_detection load on device 'cuda:0' took 32.12 ms
Module pamo_safe_project.kernels.energy_kernels.distance_energy load on device 'cuda:0' took 40.42 ms
Module pamo_safe_project.kernels.energy_kernels.collision_energy load on device 'cuda:0' took 134.49 ms
Module pamo_safe_project.kernels.utils_kernels load on device 'cuda:0' took 5.97 ms
Module pamo_safe_project.kernels.solver_kernels load on device 'cuda:0' took 4.87 ms
Module warp.utils load on device 'cuda:0' took 2.49 ms
Module pamo_safe_project.kernels.distance_kernels.grad_funcs load on device 'cuda:0' took 32.70 ms
Module pamo_safe_project.kernels.distance_kernels.hessian_funcs load on device 'cuda:0' took 141.58 ms
Module pamo_safe_project.kernels.distance_kernels.distance_kernels load on device 'cuda:0' took 200.07 ms
Module pamo_safe_project.kernels.distance_kernels.grad_funcs_struct load on device 'cuda:0' took 32.11 ms
Module pamo_safe_project.kernels.distance_kernels.distance_kernels_struct load on device 'cuda:0' took 34.96 ms
Module pamo_safe_project.kernels.ccd_kernels load on device 'cuda:0' took 41.59 ms
Module pamo_safe_project.kernels.energy_kernels.lb_curvature_energy load on device 'cuda:0' took 7.49 ms
Module locality_gpu load on device 'cuda:0' took 2.23 ms
{"pamo_run_ms": 2422.3165679723024, "stage1": "original", "method": "full", "maintenance_ms": 5055.826859548688, "status": "pending_independent_audit"}
