Warp 1.0.0-beta.2 initialized:
   CUDA Toolkit: 12.8, Driver: 13.2
   Devices:
     "cpu"    | x86_64
     "cuda:0" | NVIDIA GeForce RTX 4080 SUPER (sm_89)
   Kernel cache: /root/.cache/warp/1.0.0-beta.2
[33;20mWARNING - Triangle area is too small (min_area=3.72557634376456e-15), may cause numerical instability (system.py:213)[0m
Module pamo_safe_project.kernels.geometry_kernels load on device 'cuda:0' took 28.17 ms
Module pamo_safe_project.kernels.energy_kernels.elastic_energy load on device 'cuda:0' took 20.93 ms
Module pamo_safe_project.kernels.energy_kernels.hinge_energy load on device 'cuda:0' took 56.66 ms
Module pamo_safe_project.kernels.energy_kernels.precision_contact_detection load on device 'cuda:0' took 29.89 ms
Module pamo_safe_project.kernels.energy_kernels.distance_energy load on device 'cuda:0' took 48.10 ms
Module pamo_safe_project.kernels.energy_kernels.precision_gradient_collision_energy load on device 'cuda:0' took 117.86 ms
Module pamo_safe_project.kernels.utils_kernels load on device 'cuda:0' took 5.70 ms
Module tangent_plane_gpu load on device 'cuda:0' took 2.07 ms
Module locality_gpu load on device 'cuda:0' took 1.20 ms
Module pamo_safe_project.kernels.solver_kernels load on device 'cuda:0' took 5.09 ms
Module warp.utils load on device 'cuda:0' took 2.34 ms
Module pamo_safe_project.kernels.distance_kernels.grad_funcs load on device 'cuda:0' took 36.21 ms
Module pamo_safe_project.kernels.distance_kernels.hessian_funcs load on device 'cuda:0' took 150.63 ms
Module pamo_safe_project.kernels.distance_kernels.distance_kernels load on device 'cuda:0' took 225.33 ms
Module pamo_safe_project.kernels.distance_kernels.grad_funcs_struct load on device 'cuda:0' took 35.29 ms
Module pamo_safe_project.kernels.distance_kernels.distance_kernels_struct load on device 'cuda:0' took 33.39 ms
Module pamo_safe_project.kernels.energy_kernels.collision_energy load on device 'cuda:0' took 141.90 ms
Module pamo_safe_project.kernels.ccd_kernels load on device 'cuda:0' took 44.59 ms
Module pamo_safe_project.kernels.energy_kernels.lb_curvature_energy load on device 'cuda:0' took 5.58 ms
Module pamo_safe_project.kernels.energy_kernels.contact_detection load on device 'cuda:0' took 33.33 ms
Module robust_pt_gpu load on device 'cuda:0' took 8.97 ms
Module pamo_safe_project.kernels.energy_kernels.precision_collision_energy load on device 'cuda:0' took 239.49 ms
Module pamo_safe_project.kernels.precision_ccd_kernels load on device 'cuda:0' took 40.57 ms
Module robust_pt_gradient_gpu load on device 'cuda:0' took 8.07 ms
