only got 13237/16384 samples!
Stage1 :  True
Stage3 :  True
Warp 1.0.0-beta.2 initialized:
   CUDA Toolkit: 12.8, Driver: 13.2
   Devices:
     "cpu"    | x86_64
     "cuda:0" | NVIDIA GeForce RTX 4080 SUPER (sm_89)
   Kernel cache: /root/.cache/warp/1.0.0-beta.2
Target faces : 1280
Time for Remeshing: 0.09808206558227539 sec
Time for Simplification: 0.3690168857574463 sec
Module pamo_safe_project.kernels.geometry_kernels load on device 'cuda:0' took 22.13 ms
Module pamo_safe_project.kernels.energy_kernels.elastic_energy load on device 'cuda:0' took 23.78 ms
Module pamo_safe_project.kernels.energy_kernels.hinge_energy load on device 'cuda:0' took 52.53 ms
Module pamo_safe_project.kernels.energy_kernels.contact_detection load on device 'cuda:0' took 30.15 ms
Module pamo_safe_project.kernels.energy_kernels.distance_energy load on device 'cuda:0' took 40.46 ms
Module pamo_safe_project.kernels.energy_kernels.collision_energy load on device 'cuda:0' took 139.98 ms
Module pamo_safe_project.kernels.utils_kernels load on device 'cuda:0' took 5.66 ms
Module pamo_safe_project.kernels.solver_kernels load on device 'cuda:0' took 6.08 ms
Module warp.utils load on device 'cuda:0' took 2.66 ms
Module pamo_safe_project.kernels.distance_kernels.grad_funcs load on device 'cuda:0' took 33.34 ms
Module pamo_safe_project.kernels.distance_kernels.hessian_funcs load on device 'cuda:0' took 149.23 ms
Module pamo_safe_project.kernels.distance_kernels.distance_kernels load on device 'cuda:0' took 208.66 ms
Module pamo_safe_project.kernels.distance_kernels.grad_funcs_struct load on device 'cuda:0' took 35.44 ms
Module pamo_safe_project.kernels.distance_kernels.distance_kernels_struct load on device 'cuda:0' took 35.10 ms
Module pamo_safe_project.kernels.ccd_kernels load on device 'cuda:0' took 43.75 ms
Module pamo_safe_project.kernels.energy_kernels.lb_curvature_energy load on device 'cuda:0' took 6.71 ms
Module locality_gpu load on device 'cuda:0' took 2.27 ms
{"pamo_run_ms": 2071.6612497344613, "stage1": "original", "method": "full", "maintenance_ms": 4817.640958353877, "status": "pending_independent_audit"}
