Warp 1.0.0-beta.2 initialized:
   CUDA Toolkit: 12.8, Driver: 13.2
   Devices:
     "cpu"    | x86_64
     "cuda:0" | NVIDIA GeForce RTX 4080 SUPER (sm_89)
   Kernel cache: /root/.cache/warp/1.0.0-beta.2
[33;20mWARNING - Triangle area is too small (min_area=7.437200140402214e-15), may cause numerical instability (system.py:213)[0m
Module pamo_safe_project.kernels.geometry_kernels load on device 'cuda:0' took 22.19 ms
Module pamo_safe_project.kernels.energy_kernels.elastic_energy load on device 'cuda:0' took 16.36 ms
Module pamo_safe_project.kernels.energy_kernels.hinge_energy load on device 'cuda:0' took 36.54 ms
Module pamo_safe_project.kernels.energy_kernels.precision_contact_detection load on device 'cuda:0' took 20.99 ms
Module pamo_safe_project.kernels.energy_kernels.distance_energy load on device 'cuda:0' took 29.09 ms
Module pamo_safe_project.kernels.energy_kernels.preserved_collision_energy load on device 'cuda:0' took 83.14 ms
Module pamo_safe_project.kernels.utils_kernels load on device 'cuda:0' took 4.32 ms
Module tangent_plane_gpu load on device 'cuda:0' took 1.55 ms
Module locality_gpu load on device 'cuda:0' took 0.90 ms
Module pamo_safe_project.kernels.solver_kernels load on device 'cuda:0' took 3.65 ms
Module warp.utils load on device 'cuda:0' took 1.70 ms
Module pamo_safe_project.kernels.distance_kernels.grad_funcs load on device 'cuda:0' took 22.41 ms
Module pamo_safe_project.kernels.distance_kernels.hessian_funcs load on device 'cuda:0' took 100.18 ms
Module pamo_safe_project.kernels.distance_kernels.distance_kernels load on device 'cuda:0' took 145.82 ms
Module pamo_safe_project.kernels.distance_kernels.grad_funcs_struct load on device 'cuda:0' took 25.42 ms
Module pamo_safe_project.kernels.distance_kernels.distance_kernels_struct load on device 'cuda:0' took 28.15 ms
Module pamo_safe_project.kernels.energy_kernels.collision_energy load on device 'cuda:0' took 107.81 ms
Module pamo_safe_project.kernels.ccd_kernels load on device 'cuda:0' took 32.29 ms
Module pamo_safe_project.kernels.energy_kernels.lb_curvature_energy load on device 'cuda:0' took 4.61 ms
Module pamo_safe_project.kernels.energy_kernels.contact_detection load on device 'cuda:0' took 23.31 ms
Module tangent_preserved_gpu load on device 'cuda:0' took 1.65 ms
Module robust_pt_gpu load on device 'cuda:0' took 6.18 ms
Module pamo_safe_project.kernels.energy_kernels.precision_collision_energy load on device 'cuda:0' took 98.40 ms
Module pamo_safe_project.kernels.precision_ccd_kernels load on device 'cuda:0' took 27.23 ms
Module robust_pt_gradient_gpu load on device 'cuda:0' took 5.36 ms
Module pamo_safe_project.kernels.energy_kernels.precision_gradient_collision_energy load on device 'cuda:0' took 80.93 ms
Module fixed_geometry_gpu load on device 'cuda:0' took 7.28 ms
Module pamo_safe_project.kernels.preserved_ccd load on device 'cuda:0' took 32.95 ms
