Stage1 :  True
Stage3 :  True
Warp 1.0.0-beta.2 initialized:
   CUDA Toolkit: 12.8, Driver: 13.2
   Devices:
     "cpu"    | x86_64
     "cuda:0" | NVIDIA GeForce RTX 4080 SUPER (sm_89)
   Kernel cache: /root/.cache/warp/1.0.0-beta.2
Target faces : 4146
Time for Remeshing: 0.23309898376464844 sec
Time for Simplification: 0.6371662616729736 sec
Module pamo_safe_project.kernels.geometry_kernels load on device 'cuda:0' took 22.33 ms
Module pamo_safe_project.kernels.energy_kernels.elastic_energy load on device 'cuda:0' took 21.47 ms
Module pamo_safe_project.kernels.energy_kernels.hinge_energy load on device 'cuda:0' took 57.68 ms
Module pamo_safe_project.kernels.energy_kernels.contact_detection load on device 'cuda:0' took 129.28 ms
Module pamo_safe_project.kernels.energy_kernels.distance_energy load on device 'cuda:0' took 108.49 ms
Module pamo_safe_project.kernels.energy_kernels.collision_energy load on device 'cuda:0' took 145.76 ms
Module pamo_safe_project.kernels.utils_kernels load on device 'cuda:0' took 6.82 ms
Module pamo_safe_project.kernels.solver_kernels load on device 'cuda:0' took 6.64 ms
Module warp.utils load on device 'cuda:0' took 4.31 ms
Module pamo_safe_project.kernels.distance_kernels.grad_funcs load on device 'cuda:0' took 35.77 ms
Module pamo_safe_project.kernels.distance_kernels.hessian_funcs load on device 'cuda:0' took 148.11 ms
Module pamo_safe_project.kernels.distance_kernels.distance_kernels load on device 'cuda:0' took 210.26 ms
Module pamo_safe_project.kernels.distance_kernels.grad_funcs_struct load on device 'cuda:0' took 32.65 ms
Module pamo_safe_project.kernels.distance_kernels.distance_kernels_struct load on device 'cuda:0' took 37.71 ms
Module pamo_safe_project.kernels.ccd_kernels load on device 'cuda:0' took 42.77 ms
Module pamo_safe_project.kernels.energy_kernels.lb_curvature_energy load on device 'cuda:0' took 8.50 ms
Module locality_gpu load on device 'cuda:0' took 2.21 ms
{"pamo_run_ms": 2883.5265086963773, "stage1": "original", "method": "full", "maintenance_ms": 5563.93020786345, "status": "pending_independent_audit"}
