Stage1 :  True
Stage3 :  True
{"original_config_sha256": "df1eb24db57394c32e31f6d67a58cd7ef6c25febc11aff39c5e9503ee82d6390", "max_blocks": 67108864}
Warp 1.0.0-beta.2 initialized:
   CUDA Toolkit: 12.8, Driver: 13.2
   Devices:
     "cpu"    | x86_64
     "cuda:0" | NVIDIA GeForce RTX 4080 SUPER (sm_89)
   Kernel cache: /root/.cache/warp/1.0.0-beta.2
Target faces : 28454
Time for Remeshing: 0.10418820381164551 sec
Time for Simplification: 0.39801454544067383 sec
Module pamo_safe_project.kernels.geometry_kernels load on device 'cuda:0' took 23.70 ms
Module pamo_safe_project.kernels.energy_kernels.elastic_energy load on device 'cuda:0' took 20.70 ms
Module pamo_safe_project.kernels.energy_kernels.hinge_energy load on device 'cuda:0' took 50.68 ms
Module pamo_safe_project.kernels.energy_kernels.contact_detection load on device 'cuda:0' took 29.05 ms
Module pamo_safe_project.kernels.energy_kernels.distance_energy load on device 'cuda:0' took 40.21 ms
Module pamo_safe_project.kernels.energy_kernels.collision_energy load on device 'cuda:0' took 131.50 ms
Module pamo_safe_project.kernels.utils_kernels load on device 'cuda:0' took 5.65 ms
Module pamo_safe_project.kernels.solver_kernels load on device 'cuda:0' took 4.57 ms
Module warp.utils load on device 'cuda:0' took 2.29 ms
Module pamo_safe_project.kernels.distance_kernels.grad_funcs load on device 'cuda:0' took 107.80 ms
Module pamo_safe_project.kernels.distance_kernels.hessian_funcs load on device 'cuda:0' took 141.64 ms
Module pamo_safe_project.kernels.distance_kernels.distance_kernels load on device 'cuda:0' took 199.43 ms
Module pamo_safe_project.kernels.distance_kernels.grad_funcs_struct load on device 'cuda:0' took 30.56 ms
Module pamo_safe_project.kernels.distance_kernels.distance_kernels_struct load on device 'cuda:0' took 33.59 ms
Module pamo_safe_project.kernels.ccd_kernels load on device 'cuda:0' took 39.25 ms
Module pamo_safe_project.kernels.energy_kernels.lb_curvature_energy load on device 'cuda:0' took 5.52 ms
Module locality_gpu load on device 'cuda:0' took 1.13 ms
{"pamo_run_ms": 2748.9744015038013, "stage1": "original", "method": "full", "maintenance_ms": 3162.578783929348, "status": "pending_independent_audit"}
