Stage1 :  True
Stage3 :  True
Warp 1.0.0-beta.2 initialized:
   CUDA Toolkit: 12.8, Driver: 13.2
   Devices:
     "cpu"    | x86_64
     "cuda:0" | NVIDIA GeForce RTX 4090 (sm_89)
   Kernel cache: /root/.cache/warp/1.0.0-beta.2
Target faces : 660
Time for Remeshing: 0.1755516529083252 sec
Time for Simplification: 0.40142369270324707 sec
Module pamo_safe_project.kernels.geometry_kernels load on device 'cuda:0' took 12.32 ms
Module pamo_safe_project.kernels.energy_kernels.elastic_energy load on device 'cuda:0' took 10.95 ms
Module pamo_safe_project.kernels.energy_kernels.hinge_energy load on device 'cuda:0' took 54.01 ms
Module pamo_safe_project.kernels.energy_kernels.contact_detection load on device 'cuda:0' took 91.47 ms
Module pamo_safe_project.kernels.energy_kernels.distance_energy load on device 'cuda:0' took 21.55 ms
Module pamo_safe_project.kernels.energy_kernels.collision_energy load on device 'cuda:0' took 184.96 ms
Module pamo_safe_project.kernels.utils_kernels load on device 'cuda:0' took 3.83 ms
Module pamo_safe_project.kernels.solver_kernels load on device 'cuda:0' took 2.69 ms
Module warp.utils load on device 'cuda:0' took 1.42 ms
Module pamo_safe_project.kernels.distance_kernels.grad_funcs load on device 'cuda:0' took 17.38 ms
Module pamo_safe_project.kernels.distance_kernels.hessian_funcs load on device 'cuda:0' took 189.17 ms
Module pamo_safe_project.kernels.distance_kernels.distance_kernels load on device 'cuda:0' took 215.66 ms
Module pamo_safe_project.kernels.distance_kernels.grad_funcs_struct load on device 'cuda:0' took 67.52 ms
Module pamo_safe_project.kernels.distance_kernels.distance_kernels_struct load on device 'cuda:0' took 18.03 ms
Module pamo_safe_project.kernels.ccd_kernels load on device 'cuda:0' took 90.39 ms
Module pamo_safe_project.kernels.energy_kernels.lb_curvature_energy load on device 'cuda:0' took 3.44 ms
Module locality_gpu load on device 'cuda:0' took 0.81 ms
{"pamo_run_ms": 2638.64260353148, "stage1": "original", "method": "full", "maintenance_ms": 7338.525322265923, "status": "pending_independent_audit"}
