Warp 1.0.0-beta.2 initialized:
   CUDA Toolkit: 12.8, Driver: 13.2
   Devices:
     "cpu"    | x86_64
     "cuda:0" | NVIDIA GeForce RTX 4090 (sm_89)
   Kernel cache: /root/.cache/warp/1.0.0-beta.2
[33;20mWARNING - Triangle area is too small (min_area=6.485195074802796e-12), may cause numerical instability (system.py:213)[0m
Module pamo_safe_project.kernels.geometry_kernels load on device 'cuda:0' took 16.82 ms
Module pamo_safe_project.kernels.energy_kernels.elastic_energy load on device 'cuda:0' took 10.86 ms
Module pamo_safe_project.kernels.energy_kernels.hinge_energy load on device 'cuda:0' took 26.33 ms
Module pamo_safe_project.kernels.energy_kernels.precision_contact_detection load on device 'cuda:0' took 15.69 ms
Module pamo_safe_project.kernels.energy_kernels.distance_energy load on device 'cuda:0' took 22.02 ms
Module pamo_safe_project.kernels.energy_kernels.precision_collision_energy load on device 'cuda:0' took 69.79 ms
Module pamo_safe_project.kernels.utils_kernels load on device 'cuda:0' took 3.15 ms
Module tangent_plane_gpu load on device 'cuda:0' took 1.21 ms
Module locality_gpu load on device 'cuda:0' took 0.68 ms
Module pamo_safe_project.kernels.solver_kernels load on device 'cuda:0' took 3.09 ms
Module warp.utils load on device 'cuda:0' took 1.48 ms
Module pamo_safe_project.kernels.distance_kernels.grad_funcs load on device 'cuda:0' took 16.87 ms
Module pamo_safe_project.kernels.distance_kernels.hessian_funcs load on device 'cuda:0' took 73.41 ms
Module pamo_safe_project.kernels.distance_kernels.distance_kernels load on device 'cuda:0' took 102.18 ms
Module pamo_safe_project.kernels.distance_kernels.grad_funcs_struct load on device 'cuda:0' took 15.87 ms
Module pamo_safe_project.kernels.distance_kernels.distance_kernels_struct load on device 'cuda:0' took 18.13 ms
Module pamo_safe_project.kernels.energy_kernels.collision_energy load on device 'cuda:0' took 72.78 ms
Module pamo_safe_project.kernels.ccd_kernels load on device 'cuda:0' took 20.92 ms
Module pamo_safe_project.kernels.energy_kernels.lb_curvature_energy load on device 'cuda:0' took 3.12 ms
Module pamo_safe_project.kernels.energy_kernels.contact_detection load on device 'cuda:0' took 15.79 ms
Module robust_pt_gpu load on device 'cuda:0' took 4.40 ms
Module pamo_safe_project.kernels.precision_ccd_kernels load on device 'cuda:0' took 20.76 ms
