Stage1 :  True
Stage3 :  True
{"original_config_sha256": "df1eb24db57394c32e31f6d67a58cd7ef6c25febc11aff39c5e9503ee82d6390", "max_blocks": 67108864}
Warp 1.0.0-beta.2 initialized:
   CUDA Toolkit: 12.8, Driver: 13.2
   Devices:
     "cpu"    | x86_64
     "cuda:0" | NVIDIA GeForce RTX 4080 SUPER (sm_89)
   Kernel cache: /root/.cache/warp/1.0.0-beta.2
Target faces : 38552
Time for Remeshing: 0.14743471145629883 sec
Time for Simplification: 0.2872147560119629 sec
Module pamo_safe_project.kernels.geometry_kernels load on device 'cuda:0' took 24.14 ms
Module pamo_safe_project.kernels.energy_kernels.elastic_energy load on device 'cuda:0' took 91.38 ms
Module pamo_safe_project.kernels.energy_kernels.hinge_energy load on device 'cuda:0' took 52.01 ms
Module pamo_safe_project.kernels.energy_kernels.contact_detection load on device 'cuda:0' took 30.58 ms
Module pamo_safe_project.kernels.energy_kernels.distance_energy load on device 'cuda:0' took 40.03 ms
Module pamo_safe_project.kernels.energy_kernels.collision_energy load on device 'cuda:0' took 133.04 ms
Module pamo_safe_project.kernels.utils_kernels load on device 'cuda:0' took 7.56 ms
Module pamo_safe_project.kernels.solver_kernels load on device 'cuda:0' took 6.84 ms
Module warp.utils load on device 'cuda:0' took 4.28 ms
Module pamo_safe_project.kernels.distance_kernels.grad_funcs load on device 'cuda:0' took 33.70 ms
Module pamo_safe_project.kernels.distance_kernels.hessian_funcs load on device 'cuda:0' took 141.17 ms
Module pamo_safe_project.kernels.distance_kernels.distance_kernels load on device 'cuda:0' took 199.52 ms
Module pamo_safe_project.kernels.distance_kernels.grad_funcs_struct load on device 'cuda:0' took 32.72 ms
Module pamo_safe_project.kernels.distance_kernels.distance_kernels_struct load on device 'cuda:0' took 34.79 ms
Module pamo_safe_project.kernels.ccd_kernels load on device 'cuda:0' took 40.00 ms
Module pamo_safe_project.kernels.energy_kernels.lb_curvature_energy load on device 'cuda:0' took 6.41 ms
Module locality_gpu load on device 'cuda:0' took 2.22 ms
{"pamo_run_ms": 5411.4806009456515, "stage1": "original", "method": "full", "maintenance_ms": 5897.090792655945, "status": "pending_independent_audit"}
