Stage1 :  True
Stage3 :  True
Warp 1.0.0-beta.2 initialized:
   CUDA Toolkit: 12.8, Driver: 13.2
   Devices:
     "cpu"    | x86_64
     "cuda:0" | NVIDIA GeForce RTX 4080 SUPER (sm_89)
   Kernel cache: /root/.cache/warp/1.0.0-beta.2
Target faces : 3518
Time for Remeshing: 0.12493467330932617 sec
Time for Simplification: 0.4474611282348633 sec
Module pamo_safe_project.kernels.geometry_kernels load on device 'cuda:0' took 22.71 ms
Module pamo_safe_project.kernels.energy_kernels.elastic_energy load on device 'cuda:0' took 21.63 ms
Module pamo_safe_project.kernels.energy_kernels.hinge_energy load on device 'cuda:0' took 53.40 ms
Module pamo_safe_project.kernels.energy_kernels.contact_detection load on device 'cuda:0' took 32.22 ms
Module pamo_safe_project.kernels.energy_kernels.distance_energy load on device 'cuda:0' took 41.93 ms
Module pamo_safe_project.kernels.energy_kernels.collision_energy load on device 'cuda:0' took 136.58 ms
Module pamo_safe_project.kernels.utils_kernels load on device 'cuda:0' took 5.82 ms
Module pamo_safe_project.kernels.solver_kernels load on device 'cuda:0' took 4.62 ms
Module warp.utils load on device 'cuda:0' took 2.28 ms
Module pamo_safe_project.kernels.distance_kernels.grad_funcs load on device 'cuda:0' took 36.94 ms
Module pamo_safe_project.kernels.distance_kernels.hessian_funcs load on device 'cuda:0' took 148.71 ms
Module pamo_safe_project.kernels.distance_kernels.distance_kernels load on device 'cuda:0' took 211.91 ms
Module pamo_safe_project.kernels.distance_kernels.grad_funcs_struct load on device 'cuda:0' took 31.99 ms
Module pamo_safe_project.kernels.distance_kernels.distance_kernels_struct load on device 'cuda:0' took 35.20 ms
Module pamo_safe_project.kernels.ccd_kernels load on device 'cuda:0' took 46.08 ms
Module pamo_safe_project.kernels.energy_kernels.lb_curvature_energy load on device 'cuda:0' took 5.66 ms
Module locality_gpu load on device 'cuda:0' took 1.16 ms
{"pamo_run_ms": 2105.482547543943, "stage1": "original", "method": "full", "maintenance_ms": 4748.606961220503, "status": "pending_independent_audit"}
