Warp 1.0.0-beta.2 initialized:
   CUDA Toolkit: 12.8, Driver: 13.2
   Devices:
     "cpu"    | x86_64
     "cuda:0" | NVIDIA GeForce RTX 4090 (sm_89)
   Kernel cache: /root/.cache/warp/1.0.0-beta.2
Module pamo_safe_project.kernels.geometry_kernels load on device 'cuda:0' took 17.33 ms
Module pamo_safe_project.kernels.energy_kernels.elastic_energy load on device 'cuda:0' took 11.13 ms
Module pamo_safe_project.kernels.energy_kernels.hinge_energy load on device 'cuda:0' took 26.42 ms
Module pamo_safe_project.kernels.energy_kernels.contact_detection load on device 'cuda:0' took 16.18 ms
Module pamo_safe_project.kernels.energy_kernels.distance_energy load on device 'cuda:0' took 22.13 ms
Module pamo_safe_project.kernels.energy_kernels.collision_energy load on device 'cuda:0' took 72.88 ms
Module pamo_safe_project.kernels.utils_kernels load on device 'cuda:0' took 3.06 ms
Module tangent_plane_gpu load on device 'cuda:0' took 1.23 ms
Module locality_gpu load on device 'cuda:0' took 0.67 ms
Module pamo_safe_project.kernels.solver_kernels load on device 'cuda:0' took 2.74 ms
Module warp.utils load on device 'cuda:0' took 1.62 ms
Module pamo_safe_project.kernels.distance_kernels.grad_funcs load on device 'cuda:0' took 22.30 ms
Module pamo_safe_project.kernels.distance_kernels.hessian_funcs load on device 'cuda:0' took 73.36 ms
Module pamo_safe_project.kernels.distance_kernels.distance_kernels load on device 'cuda:0' took 104.37 ms
Module pamo_safe_project.kernels.distance_kernels.grad_funcs_struct load on device 'cuda:0' took 15.60 ms
Module pamo_safe_project.kernels.distance_kernels.distance_kernels_struct load on device 'cuda:0' took 18.45 ms
Module pamo_safe_project.kernels.ccd_kernels load on device 'cuda:0' took 21.40 ms
Module pamo_safe_project.kernels.energy_kernels.lb_curvature_energy load on device 'cuda:0' took 3.13 ms
