Stage1 :  True
Stage3 :  True
Warp 1.0.0-beta.2 initialized:
   CUDA Toolkit: 12.8, Driver: 13.2
   Devices:
     "cpu"    | x86_64
     "cuda:0" | NVIDIA GeForce RTX 4080 SUPER (sm_89)
   Kernel cache: /root/.cache/warp/1.0.0-beta.2
Target faces : 860
Time for Remeshing: 0.06966137886047363 sec
Time for Simplification: 0.5472850799560547 sec
Module pamo_safe_project.kernels.geometry_kernels load on device 'cuda:0' took 23.58 ms
Module pamo_safe_project.kernels.energy_kernels.elastic_energy load on device 'cuda:0' took 22.36 ms
Module pamo_safe_project.kernels.energy_kernels.hinge_energy load on device 'cuda:0' took 51.72 ms
Module pamo_safe_project.kernels.energy_kernels.contact_detection load on device 'cuda:0' took 30.60 ms
Module pamo_safe_project.kernels.energy_kernels.distance_energy load on device 'cuda:0' took 39.35 ms
Module pamo_safe_project.kernels.energy_kernels.collision_energy load on device 'cuda:0' took 134.85 ms
Module pamo_safe_project.kernels.utils_kernels load on device 'cuda:0' took 6.56 ms
Module pamo_safe_project.kernels.solver_kernels load on device 'cuda:0' took 6.80 ms
Module warp.utils load on device 'cuda:0' took 2.27 ms
Module pamo_safe_project.kernels.distance_kernels.grad_funcs load on device 'cuda:0' took 32.15 ms
Module pamo_safe_project.kernels.distance_kernels.hessian_funcs load on device 'cuda:0' took 141.51 ms
Module pamo_safe_project.kernels.distance_kernels.distance_kernels load on device 'cuda:0' took 196.61 ms
Module pamo_safe_project.kernels.distance_kernels.grad_funcs_struct load on device 'cuda:0' took 31.01 ms
Module pamo_safe_project.kernels.distance_kernels.distance_kernels_struct load on device 'cuda:0' took 29.06 ms
Module pamo_safe_project.kernels.ccd_kernels load on device 'cuda:0' took 31.07 ms
Module pamo_safe_project.kernels.energy_kernels.lb_curvature_energy load on device 'cuda:0' took 4.30 ms
Module locality_gpu load on device 'cuda:0' took 2.20 ms
