o-[Process     ] Max used threads = 4
o-[I/O         ] Loading file /tmp/geogram_native_quality_20261006_18/inputs/10_parent.obj...
o-[I/O         ] (FP64) nb_v:24552 nb_e:0 nb_f:49100 nb_b:0 tri:1 dim:3
o-[I/O         ] Attributes on vertices: point[3]
o-[I/O         ] Loading file /tmp/geogram_native_quality_20261006_18/inputs/10_tool.obj...
o-[I/O         ] (FP64) nb_v:674 nb_e:0 nb_f:1344 nb_b:0 tri:1 dim:3
o-[I/O         ] Attributes on vertices: point[3]
NATIVE_QUALITY_REGION {"group":45005,"boundary_attempt":false,"point_budget":64,"source_facets":2,"boundary_points":4,"new_points":0,"boundary_unchanged":true,"before_bad":1,"after_score_computed":true,"after_bad":1,"after_valid":true,"before_bad_area":7.24718e-12,"after_bad_area":7.24718e-12,"selected":false}
NATIVE_QUALITY_REGION {"group":45005,"boundary_attempt":true,"point_budget":128,"source_facets":2,"boundary_points":4,"new_points":9,"boundary_unchanged":true,"before_bad":1,"after_score_computed":true,"after_bad":0,"after_valid":true,"before_bad_area":7.24718e-12,"after_bad_area":0,"selected":true}
NATIVE_QUALITY_REGION {"group":45632,"boundary_attempt":false,"point_budget":64,"source_facets":2,"boundary_points":4,"new_points":1,"boundary_unchanged":true,"before_bad":1,"after_score_computed":true,"after_bad":0,"after_valid":true,"before_bad_area":2.59615e-08,"after_bad_area":0,"selected":true}
NATIVE_QUALITY_REGION {"group":46053,"boundary_attempt":false,"point_budget":64,"source_facets":2,"boundary_points":4,"new_points":0,"boundary_unchanged":true,"before_bad":1,"after_score_computed":true,"after_bad":1,"after_valid":true,"before_bad_area":4.06425e-09,"after_bad_area":4.06425e-09,"selected":false}
NATIVE_QUALITY_REGION {"group":46053,"boundary_attempt":true,"point_budget":128,"source_facets":2,"boundary_points":4,"new_points":8,"boundary_unchanged":true,"before_bad":1,"after_score_computed":true,"after_bad":0,"after_valid":true,"before_bad_area":4.06425e-09,"after_bad_area":0,"selected":true}
NATIVE_QUALITY_REGION {"group":46504,"boundary_attempt":false,"point_budget":64,"source_facets":2,"boundary_points":4,"new_points":0,"boundary_unchanged":true,"before_bad":1,"after_score_computed":true,"after_bad":1,"after_valid":true,"before_bad_area":5.74018e-10,"after_bad_area":5.74018e-10,"selected":false}
NATIVE_QUALITY_REGION {"group":46504,"boundary_attempt":true,"point_budget":128,"source_facets":2,"boundary_points":4,"new_points":5,"boundary_unchanged":true,"before_bad":1,"after_score_computed":true,"after_bad":0,"after_valid":true,"before_bad_area":5.74018e-10,"after_bad_area":0,"selected":true}
NATIVE_QUALITY_REGION {"group":46510,"boundary_attempt":false,"point_budget":64,"source_facets":2,"boundary_points":4,"new_points":0,"boundary_unchanged":true,"before_bad":1,"after_score_computed":true,"after_bad":1,"after_valid":true,"before_bad_area":1.04628e-05,"after_bad_area":1.04628e-05,"selected":false}
NATIVE_QUALITY_REGION {"group":46510,"boundary_attempt":true,"point_budget":128,"source_facets":2,"boundary_points":4,"new_points":5,"boundary_unchanged":true,"before_bad":1,"after_score_computed":true,"after_bad":0,"after_valid":true,"before_bad_area":1.04628e-05,"after_bad_area":0,"selected":true}
NATIVE_QUALITY_REGION {"group":46512,"boundary_attempt":false,"point_budget":64,"source_facets":3,"boundary_points":5,"new_points":0,"boundary_unchanged":true,"before_bad":2,"after_score_computed":true,"after_bad":2,"after_valid":true,"before_bad_area":0.000231534,"after_bad_area":0.000231534,"selected":false}
NATIVE_QUALITY_REGION {"group":46516,"boundary_attempt":false,"point_budget":64,"source_facets":3,"boundary_points":5,"new_points":0,"boundary_unchanged":true,"before_bad":2,"after_score_computed":true,"after_bad":2,"after_valid":true,"before_bad_area":1.3771e-06,"after_bad_area":1.3771e-06,"selected":false}
NATIVE_QUALITY_REGION {"group":46532,"boundary_attempt":false,"point_budget":64,"source_facets":2,"boundary_points":4,"new_points":0,"boundary_unchanged":true,"before_bad":1,"after_score_computed":true,"after_bad":1,"after_valid":true,"before_bad_area":1.25906e-06,"after_bad_area":1.25906e-06,"selected":false}
NATIVE_QUALITY_REGION {"group":46532,"boundary_attempt":true,"point_budget":128,"source_facets":2,"boundary_points":4,"new_points":2,"boundary_unchanged":true,"before_bad":1,"after_score_computed":true,"after_bad":0,"after_valid":true,"before_bad_area":1.25906e-06,"after_bad_area":0,"selected":true}
NATIVE_QUALITY_REGION {"group":46547,"boundary_attempt":false,"point_budget":64,"source_facets":2,"boundary_points":4,"new_points":0,"boundary_unchanged":true,"before_bad":1,"after_score_computed":true,"after_bad":1,"after_valid":true,"before_bad_area":8.01488e-10,"after_bad_area":8.01488e-10,"selected":false}
NATIVE_QUALITY_REGION {"group":46547,"boundary_attempt":true,"point_budget":128,"source_facets":2,"boundary_points":4,"new_points":4,"boundary_unchanged":true,"before_bad":1,"after_score_computed":true,"after_bad":0,"after_valid":true,"before_bad_area":8.01488e-10,"after_bad_area":0,"selected":true}
NATIVE_QUALITY_REGION {"group":46550,"boundary_attempt":false,"point_budget":64,"source_facets":2,"boundary_points":4,"new_points":0,"boundary_unchanged":true,"before_bad":1,"after_score_computed":true,"after_bad":1,"after_valid":true,"before_bad_area":1.00739e-09,"after_bad_area":1.00739e-09,"selected":false}
NATIVE_QUALITY_REGION {"group":46550,"boundary_attempt":true,"point_budget":128,"source_facets":2,"boundary_points":4,"new_points":2,"boundary_unchanged":true,"before_bad":1,"after_score_computed":true,"after_bad":0,"after_valid":true,"before_bad_area":1.00739e-09,"after_bad_area":0,"selected":true}
NATIVE_QUALITY_REGION {"group":46554,"boundary_attempt":false,"point_budget":64,"source_facets":2,"boundary_points":4,"new_points":0,"boundary_unchanged":true,"before_bad":1,"after_score_computed":true,"after_bad":1,"after_valid":true,"before_bad_area":1.56649e-09,"after_bad_area":1.56649e-09,"selected":false}
NATIVE_QUALITY_REGION {"group":46554,"boundary_attempt":true,"point_budget":128,"source_facets":2,"boundary_points":4,"new_points":2,"boundary_unchanged":true,"before_bad":1,"after_score_computed":true,"after_bad":0,"after_valid":true,"before_bad_area":1.56649e-09,"after_bad_area":0,"selected":true}
NATIVE_QUALITY_REGION {"group":46559,"boundary_attempt":false,"point_budget":64,"source_facets":2,"boundary_points":4,"new_points":0,"boundary_unchanged":true,"before_bad":1,"after_score_computed":true,"after_bad":1,"after_valid":true,"before_bad_area":8.19376e-06,"after_bad_area":8.19376e-06,"selected":false}
NATIVE_QUALITY_REGION {"group":46559,"boundary_attempt":true,"point_budget":128,"source_facets":2,"boundary_points":4,"new_points":1,"boundary_unchanged":true,"before_bad":1,"after_score_computed":true,"after_bad":0,"after_valid":true,"before_bad_area":8.19376e-06,"after_bad_area":0,"selected":true}
NATIVE_QUALITY_REGION {"group":46578,"boundary_attempt":false,"point_budget":64,"source_facets":2,"boundary_points":4,"new_points":0,"boundary_unchanged":true,"before_bad":1,"after_score_computed":true,"after_bad":1,"after_valid":true,"before_bad_area":1.42952e-12,"after_bad_area":1.42952e-12,"selected":false}
NATIVE_QUALITY_REGION {"group":46578,"boundary_attempt":true,"point_budget":128,"source_facets":2,"boundary_points":4,"new_points":12,"boundary_unchanged":true,"before_bad":1,"after_score_computed":true,"after_bad":0,"after_valid":true,"before_bad_area":1.42952e-12,"after_bad_area":0,"selected":true}
NATIVE_QUALITY_REGION {"group":46627,"boundary_attempt":false,"point_budget":64,"source_facets":2,"boundary_points":4,"new_points":0,"boundary_unchanged":true,"before_bad":1,"after_score_computed":true,"after_bad":1,"after_valid":true,"before_bad_area":1.53645e-05,"after_bad_area":1.53645e-05,"selected":false}
NATIVE_QUALITY_REGION {"group":46627,"boundary_attempt":true,"point_budget":128,"source_facets":2,"boundary_points":4,"new_points":4,"boundary_unchanged":true,"before_bad":1,"after_score_computed":true,"after_bad":0,"after_valid":true,"before_bad_area":1.53645e-05,"after_bad_area":0,"selected":true}
NATIVE_QUALITY_REGION {"group":46644,"boundary_attempt":false,"point_budget":64,"source_facets":2,"boundary_points":4,"new_points":0,"boundary_unchanged":true,"before_bad":1,"after_score_computed":true,"after_bad":1,"after_valid":true,"before_bad_area":4.02033e-05,"after_bad_area":4.02033e-05,"selected":false}
NATIVE_QUALITY_REGION {"group":46644,"boundary_attempt":true,"point_budget":128,"source_facets":2,"boundary_points":4,"new_points":7,"boundary_unchanged":true,"before_bad":1,"after_score_computed":true,"after_bad":0,"after_valid":true,"before_bad_area":4.02033e-05,"after_bad_area":0,"selected":true}
NATIVE_QUALITY_REGION {"group":46824,"boundary_attempt":false,"point_budget":64,"source_facets":3,"boundary_points":5,"new_points":0,"boundary_unchanged":true,"before_bad":2,"after_score_computed":true,"after_bad":2,"after_valid":true,"before_bad_area":3.2768e-05,"after_bad_area":3.2768e-05,"selected":false}
NATIVE_QUALITY_REGION {"group":46828,"boundary_attempt":false,"point_budget":64,"source_facets":2,"boundary_points":4,"new_points":0,"boundary_unchanged":true,"before_bad":1,"after_score_computed":true,"after_bad":1,"after_valid":true,"before_bad_area":0.000212987,"after_bad_area":0.000212987,"selected":false}
NATIVE_QUALITY_REGION {"group":46828,"boundary_attempt":true,"point_budget":128,"source_facets":2,"boundary_points":4,"new_points":7,"boundary_unchanged":true,"before_bad":1,"after_score_computed":true,"after_bad":0,"after_valid":true,"before_bad_area":0.000212987,"after_bad_area":0,"selected":true}
NATIVE_QUALITY_REGION {"group":46829,"boundary_attempt":false,"point_budget":64,"source_facets":2,"boundary_points":4,"new_points":0,"boundary_unchanged":true,"before_bad":1,"after_score_computed":true,"after_bad":1,"after_valid":true,"before_bad_area":1.83265e-05,"after_bad_area":1.83265e-05,"selected":false}
NATIVE_QUALITY_REGION {"group":46829,"boundary_attempt":true,"point_budget":128,"source_facets":2,"boundary_points":4,"new_points":12,"boundary_unchanged":true,"before_bad":1,"after_score_computed":true,"after_bad":0,"after_valid":true,"before_bad_area":1.83265e-05,"after_bad_area":0,"selected":true}
NATIVE_QUALITY_REGION {"group":46836,"boundary_attempt":false,"point_budget":64,"source_facets":3,"boundary_points":5,"new_points":0,"boundary_unchanged":true,"before_bad":1,"after_score_computed":true,"after_bad":1,"after_valid":true,"before_bad_area":0.000128668,"after_bad_area":0.000128668,"selected":false}
NATIVE_QUALITY_REGION {"group":46837,"boundary_attempt":false,"point_budget":64,"source_facets":4,"boundary_points":5,"new_points":1,"boundary_unchanged":true,"before_bad":1,"after_score_computed":true,"after_bad":2,"after_valid":true,"before_bad_area":1.98487e-05,"after_bad_area":0.000222141,"selected":false}
NATIVE_QUALITY_REGION {"group":47040,"boundary_attempt":false,"point_budget":64,"source_facets":3,"boundary_points":5,"new_points":1,"boundary_unchanged":true,"before_bad":1,"after_score_computed":true,"after_bad":0,"after_valid":true,"before_bad_area":2.48233e-05,"after_bad_area":0,"selected":true}
NATIVE_QUALITY_REGION {"group":47087,"boundary_attempt":false,"point_budget":64,"source_facets":3,"boundary_points":5,"new_points":0,"boundary_unchanged":true,"before_bad":1,"after_score_computed":true,"after_bad":1,"after_valid":true,"before_bad_area":3.50789e-05,"after_bad_area":3.50789e-05,"selected":false}
NATIVE_QUALITY_REGION {"group":47136,"boundary_attempt":false,"point_budget":64,"source_facets":3,"boundary_points":5,"new_points":0,"boundary_unchanged":true,"before_bad":2,"after_score_computed":true,"after_bad":2,"after_valid":true,"before_bad_area":4.698e-05,"after_bad_area":4.698e-05,"selected":false}
NATIVE_QUALITY_REGION {"group":47140,"boundary_attempt":false,"point_budget":64,"source_facets":2,"boundary_points":4,"new_points":0,"boundary_unchanged":true,"before_bad":1,"after_score_computed":true,"after_bad":1,"after_valid":true,"before_bad_area":1.12944e-08,"after_bad_area":1.12944e-08,"selected":false}
NATIVE_QUALITY_REGION {"group":47140,"boundary_attempt":true,"point_budget":128,"source_facets":2,"boundary_points":4,"new_points":4,"boundary_unchanged":true,"before_bad":1,"after_score_computed":true,"after_bad":0,"after_valid":true,"before_bad_area":1.12944e-08,"after_bad_area":0,"selected":true}
NATIVE_QUALITY_REGION {"group":47173,"boundary_attempt":false,"point_budget":64,"source_facets":2,"boundary_points":4,"new_points":0,"boundary_unchanged":true,"before_bad":1,"after_score_computed":true,"after_bad":1,"after_valid":true,"before_bad_area":5.024e-06,"after_bad_area":5.024e-06,"selected":false}
NATIVE_QUALITY_REGION {"group":47173,"boundary_attempt":true,"point_budget":128,"source_facets":2,"boundary_points":4,"new_points":2,"boundary_unchanged":true,"before_bad":1,"after_score_computed":true,"after_bad":0,"after_valid":true,"before_bad_area":5.024e-06,"after_bad_area":0,"selected":true}
NATIVE_QUALITY_REGION {"group":47211,"boundary_attempt":false,"point_budget":64,"source_facets":2,"boundary_points":4,"new_points":0,"boundary_unchanged":true,"before_bad":1,"after_score_computed":true,"after_bad":1,"after_valid":true,"before_bad_area":1.34046e-05,"after_bad_area":1.34046e-05,"selected":false}
NATIVE_QUALITY_REGION {"group":47211,"boundary_attempt":true,"point_budget":128,"source_facets":2,"boundary_points":4,"new_points":6,"boundary_unchanged":true,"before_bad":1,"after_score_computed":true,"after_bad":0,"after_valid":true,"before_bad_area":1.34046e-05,"after_bad_area":0,"selected":true}
NATIVE_QUALITY_REGION {"group":47337,"boundary_attempt":false,"point_budget":64,"source_facets":5,"boundary_points":6,"new_points":0,"boundary_unchanged":true,"before_bad":2,"after_score_computed":true,"after_bad":2,"after_valid":true,"before_bad_area":0.000160523,"after_bad_area":0.000160523,"selected":false}
NATIVE_QUALITY_REGION {"group":47372,"boundary_attempt":false,"point_budget":64,"source_facets":2,"boundary_points":4,"new_points":1,"boundary_unchanged":true,"before_bad":1,"after_score_computed":true,"after_bad":2,"after_valid":true,"before_bad_area":4.46415e-10,"after_bad_area":2.72838e-09,"selected":false}
NATIVE_QUALITY_REGION {"group":47372,"boundary_attempt":true,"point_budget":128,"source_facets":2,"boundary_points":4,"new_points":4,"boundary_unchanged":true,"before_bad":1,"after_score_computed":true,"after_bad":0,"after_valid":true,"before_bad_area":4.46415e-10,"after_bad_area":0,"selected":true}
NATIVE_QUALITY_REGION {"group":47459,"boundary_attempt":false,"point_budget":64,"source_facets":4,"boundary_points":6,"new_points":0,"boundary_unchanged":true,"before_bad":3,"after_score_computed":true,"after_bad":3,"after_valid":true,"before_bad_area":0.000496531,"after_bad_area":0.000496531,"selected":false}
NATIVE_QUALITY_REGION {"group":47495,"boundary_attempt":false,"point_budget":64,"source_facets":2,"boundary_points":4,"new_points":0,"boundary_unchanged":true,"before_bad":1,"after_score_computed":true,"after_bad":1,"after_valid":true,"before_bad_area":0.000132479,"after_bad_area":0.000132479,"selected":false}
NATIVE_QUALITY_REGION {"group":47495,"boundary_attempt":true,"point_budget":128,"source_facets":2,"boundary_points":4,"new_points":10,"boundary_unchanged":true,"before_bad":1,"after_score_computed":true,"after_bad":0,"after_valid":true,"before_bad_area":0.000132479,"after_bad_area":0,"selected":true}
NATIVE_QUALITY_REGION {"group":47556,"boundary_attempt":false,"point_budget":64,"source_facets":2,"boundary_points":4,"new_points":1,"boundary_unchanged":true,"before_bad":1,"after_score_computed":true,"after_bad":0,"after_valid":true,"before_bad_area":1.15043e-05,"after_bad_area":0,"selected":true}
NATIVE_QUALITY_REGION {"group":47683,"boundary_attempt":false,"point_budget":64,"source_facets":2,"boundary_points":4,"new_points":1,"boundary_unchanged":true,"before_bad":1,"after_score_computed":true,"after_bad":1,"after_valid":true,"before_bad_area":2.82569e-08,"after_bad_area":1.37613e-07,"selected":false}
NATIVE_QUALITY_REGION {"group":47683,"boundary_attempt":true,"point_budget":128,"source_facets":2,"boundary_points":4,"new_points":4,"boundary_unchanged":true,"before_bad":1,"after_score_computed":true,"after_bad":0,"after_valid":true,"before_bad_area":2.82569e-08,"after_bad_area":0,"selected":true}
NATIVE_QUALITY_REGION {"group":47770,"boundary_attempt":false,"point_budget":64,"source_facets":3,"boundary_points":5,"new_points":0,"boundary_unchanged":true,"before_bad":1,"after_score_computed":true,"after_bad":1,"after_valid":true,"before_bad_area":3.11635e-06,"after_bad_area":3.11635e-06,"selected":false}
NATIVE_QUALITY_REGION {"group":47793,"boundary_attempt":false,"point_budget":64,"source_facets":2,"boundary_points":4,"new_points":0,"boundary_unchanged":true,"before_bad":1,"after_score_computed":true,"after_bad":1,"after_valid":true,"before_bad_area":1.22934e-05,"after_bad_area":1.22934e-05,"selected":false}
NATIVE_QUALITY_REGION {"group":47793,"boundary_attempt":true,"point_budget":128,"source_facets":2,"boundary_points":4,"new_points":10,"boundary_unchanged":true,"before_bad":1,"after_score_computed":true,"after_bad":0,"after_valid":true,"before_bad_area":1.22934e-05,"after_bad_area":0,"selected":true}
NATIVE_QUALITY_REGION {"group":47804,"boundary_attempt":false,"point_budget":64,"source_facets":4,"boundary_points":5,"new_points":1,"boundary_unchanged":true,"before_bad":1,"after_score_computed":true,"after_bad":0,"after_valid":true,"before_bad_area":0.000245043,"after_bad_area":0,"selected":true}
NATIVE_QUALITY_REGION {"group":47814,"boundary_attempt":false,"point_budget":64,"source_facets":4,"boundary_points":5,"new_points":0,"boundary_unchanged":true,"before_bad":1,"after_score_computed":true,"after_bad":1,"after_valid":true,"before_bad_area":0.000621948,"after_bad_area":0.000621948,"selected":false}
NATIVE_QUALITY_REGION {"group":47819,"boundary_attempt":false,"point_budget":64,"source_facets":4,"boundary_points":5,"new_points":0,"boundary_unchanged":true,"before_bad":2,"after_score_computed":true,"after_bad":2,"after_valid":true,"before_bad_area":0.000257804,"after_bad_area":0.000257804,"selected":false}
NATIVE_QUALITY_REGION {"group":47825,"boundary_attempt":false,"point_budget":64,"source_facets":5,"boundary_points":7,"new_points":0,"boundary_unchanged":true,"before_bad":1,"after_score_computed":true,"after_bad":1,"after_valid":true,"before_bad_area":6.26473e-06,"after_bad_area":6.26473e-06,"selected":false}
NATIVE_QUALITY_REGION {"group":47956,"boundary_attempt":false,"point_budget":64,"source_facets":3,"boundary_points":5,"new_points":0,"boundary_unchanged":true,"before_bad":1,"after_score_computed":true,"after_bad":1,"after_valid":true,"before_bad_area":1.28366e-10,"after_bad_area":1.28366e-10,"selected":false}
NATIVE_QUALITY_REGION {"group":47979,"boundary_attempt":false,"point_budget":64,"source_facets":2,"boundary_points":4,"new_points":0,"boundary_unchanged":true,"before_bad":1,"after_score_computed":true,"after_bad":1,"after_valid":true,"before_bad_area":0.00015145,"after_bad_area":0.00015145,"selected":false}
NATIVE_QUALITY_REGION {"group":47985,"boundary_attempt":false,"point_budget":64,"source_facets":4,"boundary_points":6,"new_points":3,"boundary_unchanged":true,"before_bad":1,"after_score_computed":true,"after_bad":0,"after_valid":true,"before_bad_area":5.93027e-05,"after_bad_area":0,"selected":true}
NATIVE_QUALITY_REGION {"group":47995,"boundary_attempt":false,"point_budget":64,"source_facets":3,"boundary_points":5,"new_points":0,"boundary_unchanged":true,"before_bad":1,"after_score_computed":true,"after_bad":1,"after_valid":true,"before_bad_area":1.07578e-05,"after_bad_area":1.07578e-05,"selected":false}
NATIVE_QUALITY_REGION {"group":47996,"boundary_attempt":false,"point_budget":64,"source_facets":3,"boundary_points":5,"new_points":0,"boundary_unchanged":true,"before_bad":1,"after_score_computed":true,"after_bad":1,"after_valid":true,"before_bad_area":0.00732509,"after_bad_area":0.00732509,"selected":false}
NATIVE_QUALITY_REGION {"group":48009,"boundary_attempt":false,"point_budget":64,"source_facets":6,"boundary_points":8,"new_points":2,"boundary_unchanged":true,"before_bad":3,"after_score_computed":true,"after_bad":2,"after_valid":true,"before_bad_area":0.0057676,"after_bad_area":0.00446629,"selected":true}
NATIVE_QUALITY_REGION {"group":48011,"boundary_attempt":false,"point_budget":64,"source_facets":2,"boundary_points":4,"new_points":0,"boundary_unchanged":true,"before_bad":1,"after_score_computed":true,"after_bad":1,"after_valid":true,"before_bad_area":0.000454949,"after_bad_area":0.000454949,"selected":false}
NATIVE_QUALITY_REGION {"group":48011,"boundary_attempt":true,"point_budget":128,"source_facets":2,"boundary_points":4,"new_points":5,"boundary_unchanged":true,"before_bad":1,"after_score_computed":true,"after_bad":0,"after_valid":true,"before_bad_area":0.000454949,"after_bad_area":0,"selected":true}
NATIVE_QUALITY_REGION {"group":48015,"boundary_attempt":false,"point_budget":64,"source_facets":2,"boundary_points":4,"new_points":0,"boundary_unchanged":true,"before_bad":1,"after_score_computed":true,"after_bad":1,"after_valid":true,"before_bad_area":9.68425e-06,"after_bad_area":9.68425e-06,"selected":false}
NATIVE_QUALITY_REGION {"group":48015,"boundary_attempt":true,"point_budget":128,"source_facets":2,"boundary_points":4,"new_points":2,"boundary_unchanged":true,"before_bad":1,"after_score_computed":true,"after_bad":0,"after_valid":true,"before_bad_area":9.68425e-06,"after_bad_area":0,"selected":true}
NATIVE_QUALITY_REGION {"group":48016,"boundary_attempt":false,"point_budget":64,"source_facets":5,"boundary_points":7,"new_points":4,"boundary_unchanged":true,"before_bad":2,"after_score_computed":true,"after_bad":0,"after_valid":true,"before_bad_area":0.00409329,"after_bad_area":0,"selected":true}
NATIVE_QUALITY_REGION {"group":48018,"boundary_attempt":false,"point_budget":64,"source_facets":7,"boundary_points":7,"new_points":3,"boundary_unchanged":true,"before_bad":2,"after_score_computed":true,"after_bad":1,"after_valid":true,"before_bad_area":6.82247e-05,"after_bad_area":9.50545e-05,"selected":false}
NATIVE_QUALITY_REGION {"group":48018,"boundary_attempt":true,"point_budget":128,"source_facets":7,"boundary_points":7,"new_points":7,"boundary_unchanged":true,"before_bad":2,"after_score_computed":true,"after_bad":0,"after_valid":true,"before_bad_area":6.82247e-05,"after_bad_area":0,"selected":true}
NATIVE_QUALITY_REGION {"group":48020,"boundary_attempt":false,"point_budget":64,"source_facets":3,"boundary_points":5,"new_points":0,"boundary_unchanged":true,"before_bad":1,"after_score_computed":true,"after_bad":1,"after_valid":true,"before_bad_area":2.86303e-05,"after_bad_area":2.86303e-05,"selected":false}
NATIVE_QUALITY_REGION {"group":48027,"boundary_attempt":false,"point_budget":64,"source_facets":3,"boundary_points":5,"new_points":0,"boundary_unchanged":true,"before_bad":1,"after_score_computed":true,"after_bad":1,"after_valid":true,"before_bad_area":1.71383e-06,"after_bad_area":1.71383e-06,"selected":false}
NATIVE_QUALITY_REGION {"group":48033,"boundary_attempt":false,"point_budget":64,"source_facets":7,"boundary_points":8,"new_points":2,"boundary_unchanged":true,"before_bad":4,"after_score_computed":true,"after_bad":2,"after_valid":true,"before_bad_area":0.0133615,"after_bad_area":0.00585995,"selected":true}
NATIVE_QUALITY_REGION {"group":48036,"boundary_attempt":false,"point_budget":64,"source_facets":5,"boundary_points":7,"new_points":2,"boundary_unchanged":true,"before_bad":3,"after_score_computed":true,"after_bad":0,"after_valid":true,"before_bad_area":0.00034458,"after_bad_area":0,"selected":true}
NATIVE_QUALITY_REGION {"group":48039,"boundary_attempt":false,"point_budget":64,"source_facets":2,"boundary_points":4,"new_points":0,"boundary_unchanged":true,"before_bad":2,"after_score_computed":true,"after_bad":2,"after_valid":true,"before_bad_area":0.00040831,"after_bad_area":0.00040831,"selected":false}
NATIVE_QUALITY_REGION {"group":48043,"boundary_attempt":false,"point_budget":64,"source_facets":5,"boundary_points":7,"new_points":1,"boundary_unchanged":true,"before_bad":2,"after_score_computed":true,"after_bad":2,"after_valid":true,"before_bad_area":0.00232642,"after_bad_area":0.00232642,"selected":false}
NATIVE_QUALITY_REGION {"group":48045,"boundary_attempt":false,"point_budget":64,"source_facets":2,"boundary_points":4,"new_points":0,"boundary_unchanged":true,"before_bad":1,"after_score_computed":true,"after_bad":1,"after_valid":true,"before_bad_area":0.0102247,"after_bad_area":0.0102247,"selected":false}
NATIVE_QUALITY_REGION {"group":48045,"boundary_attempt":true,"point_budget":128,"source_facets":2,"boundary_points":4,"new_points":3,"boundary_unchanged":true,"before_bad":1,"after_score_computed":true,"after_bad":0,"after_valid":true,"before_bad_area":0.0102247,"after_bad_area":0,"selected":true}
NATIVE_QUALITY_REGION {"group":48047,"boundary_attempt":false,"point_budget":64,"source_facets":3,"boundary_points":5,"new_points":0,"boundary_unchanged":true,"before_bad":1,"after_score_computed":true,"after_bad":1,"after_valid":true,"before_bad_area":0.000248918,"after_bad_area":0.000248918,"selected":false}
NATIVE_QUALITY_REGION {"group":48052,"boundary_attempt":false,"point_budget":64,"source_facets":3,"boundary_points":5,"new_points":2,"boundary_unchanged":true,"before_bad":1,"after_score_computed":true,"after_bad":0,"after_valid":true,"before_bad_area":6.17054e-05,"after_bad_area":0,"selected":true}
NATIVE_QUALITY_REGION {"group":48057,"boundary_attempt":false,"point_budget":64,"source_facets":3,"boundary_points":5,"new_points":0,"boundary_unchanged":true,"before_bad":1,"after_score_computed":true,"after_bad":1,"after_valid":true,"before_bad_area":0.000233687,"after_bad_area":0.000233687,"selected":false}
NATIVE_QUALITY_REGION {"group":48058,"boundary_attempt":false,"point_budget":64,"source_facets":2,"boundary_points":4,"new_points":0,"boundary_unchanged":true,"before_bad":1,"after_score_computed":true,"after_bad":1,"after_valid":true,"before_bad_area":0.000218774,"after_bad_area":0.000218774,"selected":false}
NATIVE_QUALITY_REGION {"group":48059,"boundary_attempt":false,"point_budget":64,"source_facets":3,"boundary_points":5,"new_points":0,"boundary_unchanged":true,"before_bad":1,"after_score_computed":true,"after_bad":1,"after_valid":true,"before_bad_area":0.000282065,"after_bad_area":0.000282065,"selected":false}
NATIVE_QUALITY_REGION {"group":48062,"boundary_attempt":false,"point_budget":64,"source_facets":4,"boundary_points":6,"new_points":1,"boundary_unchanged":true,"before_bad":2,"after_score_computed":true,"after_bad":0,"after_valid":true,"before_bad_area":0.0128134,"after_bad_area":0,"selected":true}
NATIVE_QUALITY_REGION {"group":48063,"boundary_attempt":false,"point_budget":64,"source_facets":2,"boundary_points":4,"new_points":0,"boundary_unchanged":true,"before_bad":1,"after_score_computed":true,"after_bad":1,"after_valid":true,"before_bad_area":0.000456772,"after_bad_area":0.000456772,"selected":false}
NATIVE_QUALITY_REGION {"group":48063,"boundary_attempt":true,"point_budget":128,"source_facets":2,"boundary_points":4,"new_points":3,"boundary_unchanged":true,"before_bad":1,"after_score_computed":true,"after_bad":0,"after_valid":true,"before_bad_area":0.000456772,"after_bad_area":0,"selected":true}
NATIVE_QUALITY_REGION {"group":48065,"boundary_attempt":false,"point_budget":64,"source_facets":5,"boundary_points":6,"new_points":4,"boundary_unchanged":true,"before_bad":2,"after_score_computed":true,"after_bad":1,"after_valid":true,"before_bad_area":0.00284467,"after_bad_area":0.000173851,"selected":true}
NATIVE_QUALITY_REGION {"group":48068,"boundary_attempt":false,"point_budget":64,"source_facets":3,"boundary_points":4,"new_points":0,"boundary_unchanged":true,"before_bad":2,"after_score_computed":true,"after_bad":2,"after_valid":true,"before_bad_area":0.000128176,"after_bad_area":0.000128176,"selected":false}
NATIVE_QUALITY_REGION {"group":48070,"boundary_attempt":false,"point_budget":64,"source_facets":2,"boundary_points":4,"new_points":0,"boundary_unchanged":true,"before_bad":1,"after_score_computed":true,"after_bad":1,"after_valid":true,"before_bad_area":0.000555895,"after_bad_area":0.000555895,"selected":false}
NATIVE_QUALITY_REGION {"group":48070,"boundary_attempt":true,"point_budget":128,"source_facets":2,"boundary_points":4,"new_points":1,"boundary_unchanged":true,"before_bad":1,"after_score_computed":true,"after_bad":0,"after_valid":true,"before_bad_area":0.000555895,"after_bad_area":0,"selected":true}
NATIVE_QUALITY_REGION {"group":48071,"boundary_attempt":false,"point_budget":64,"source_facets":3,"boundary_points":5,"new_points":3,"boundary_unchanged":true,"before_bad":2,"after_score_computed":true,"after_bad":1,"after_valid":true,"before_bad_area":0.000906929,"after_bad_area":0.000273814,"selected":true}
NATIVE_QUALITY_REGION {"group":48072,"boundary_attempt":false,"point_budget":64,"source_facets":4,"boundary_points":6,"new_points":0,"boundary_unchanged":true,"before_bad":2,"after_score_computed":true,"after_bad":2,"after_valid":true,"before_bad_area":0.0074829,"after_bad_area":0.0074829,"selected":false}
NATIVE_QUALITY_REGION {"group":48073,"boundary_attempt":false,"point_budget":64,"source_facets":2,"boundary_points":4,"new_points":0,"boundary_unchanged":true,"before_bad":1,"after_score_computed":true,"after_bad":1,"after_valid":true,"before_bad_area":0.000774416,"after_bad_area":0.000774416,"selected":false}
NATIVE_QUALITY_REGION {"group":48073,"boundary_attempt":true,"point_budget":128,"source_facets":2,"boundary_points":4,"new_points":3,"boundary_unchanged":true,"before_bad":1,"after_score_computed":true,"after_bad":0,"after_valid":true,"before_bad_area":0.000774416,"after_bad_area":0,"selected":true}
NATIVE_QUALITY_REGION {"group":48082,"boundary_attempt":false,"point_budget":64,"source_facets":3,"boundary_points":5,"new_points":0,"boundary_unchanged":true,"before_bad":1,"after_score_computed":true,"after_bad":1,"after_valid":true,"before_bad_area":0.00531941,"after_bad_area":0.00531941,"selected":false}
NATIVE_QUALITY_REGION {"group":48088,"boundary_attempt":false,"point_budget":64,"source_facets":4,"boundary_points":5,"new_points":1,"boundary_unchanged":true,"before_bad":1,"after_score_computed":true,"after_bad":2,"after_valid":true,"before_bad_area":5.80988e-07,"after_bad_area":6.22078e-07,"selected":false}
NATIVE_QUALITY_REGION {"group":48092,"boundary_attempt":false,"point_budget":64,"source_facets":4,"boundary_points":6,"new_points":0,"boundary_unchanged":true,"before_bad":2,"after_score_computed":true,"after_bad":2,"after_valid":true,"before_bad_area":0.000721238,"after_bad_area":0.000721238,"selected":false}
NATIVE_QUALITY_REGION {"group":48097,"boundary_attempt":false,"point_budget":64,"source_facets":4,"boundary_points":6,"new_points":1,"boundary_unchanged":true,"before_bad":1,"after_score_computed":true,"after_bad":0,"after_valid":true,"before_bad_area":0.00093718,"after_bad_area":0,"selected":true}
NATIVE_QUALITY_REGION {"group":48098,"boundary_attempt":false,"point_budget":64,"source_facets":3,"boundary_points":5,"new_points":3,"boundary_unchanged":true,"before_bad":1,"after_score_computed":true,"after_bad":1,"after_valid":true,"before_bad_area":7.09451e-05,"after_bad_area":0.000173752,"selected":false}
NATIVE_QUALITY_REGION {"group":48099,"boundary_attempt":false,"point_budget":64,"source_facets":2,"boundary_points":4,"new_points":0,"boundary_unchanged":true,"before_bad":1,"after_score_computed":true,"after_bad":1,"after_valid":true,"before_bad_area":1.35043e-05,"after_bad_area":1.35043e-05,"selected":false}
NATIVE_QUALITY_REGION {"group":48107,"boundary_attempt":false,"point_budget":64,"source_facets":4,"boundary_points":6,"new_points":1,"boundary_unchanged":true,"before_bad":1,"after_score_computed":true,"after_bad":2,"after_valid":true,"before_bad_area":0.000138637,"after_bad_area":0.000701668,"selected":false}
NATIVE_QUALITY_REGION {"group":48115,"boundary_attempt":false,"point_budget":64,"source_facets":2,"boundary_points":4,"new_points":0,"boundary_unchanged":true,"before_bad":1,"after_score_computed":true,"after_bad":1,"after_valid":true,"before_bad_area":4.18198e-07,"after_bad_area":4.18198e-07,"selected":false}
NATIVE_QUALITY_REGION {"group":48118,"boundary_attempt":false,"point_budget":64,"source_facets":4,"boundary_points":6,"new_points":0,"boundary_unchanged":true,"before_bad":1,"after_score_computed":true,"after_bad":1,"after_valid":true,"before_bad_area":4.63798e-05,"after_bad_area":4.63798e-05,"selected":false}
NATIVE_QUALITY_REGION {"group":48123,"boundary_attempt":false,"point_budget":64,"source_facets":3,"boundary_points":5,"new_points":0,"boundary_unchanged":true,"before_bad":1,"after_score_computed":true,"after_bad":1,"after_valid":true,"before_bad_area":4.11442e-06,"after_bad_area":4.11442e-06,"selected":false}
NATIVE_QUALITY_REGION {"group":48141,"boundary_attempt":false,"point_budget":64,"source_facets":5,"boundary_points":7,"new_points":1,"boundary_unchanged":true,"before_bad":3,"after_score_computed":true,"after_bad":4,"after_valid":true,"before_bad_area":0.00590482,"after_bad_area":0.00561598,"selected":false}
NATIVE_QUALITY_REGION {"group":48143,"boundary_attempt":false,"point_budget":64,"source_facets":2,"boundary_points":4,"new_points":0,"boundary_unchanged":true,"before_bad":1,"after_score_computed":true,"after_bad":1,"after_valid":true,"before_bad_area":0.000323553,"after_bad_area":0.000323553,"selected":false}
NATIVE_QUALITY_REGION {"group":48143,"boundary_attempt":true,"point_budget":128,"source_facets":2,"boundary_points":4,"new_points":2,"boundary_unchanged":true,"before_bad":1,"after_score_computed":true,"after_bad":0,"after_valid":true,"before_bad_area":0.000323553,"after_bad_area":0,"selected":true}
NATIVE_QUALITY_REGION {"group":48146,"boundary_attempt":false,"point_budget":64,"source_facets":2,"boundary_points":4,"new_points":0,"boundary_unchanged":true,"before_bad":1,"after_score_computed":true,"after_bad":1,"after_valid":true,"before_bad_area":0.000817824,"after_bad_area":0.000817824,"selected":false}
NATIVE_QUALITY_REGION {"group":48146,"boundary_attempt":true,"point_budget":128,"source_facets":2,"boundary_points":4,"new_points":3,"boundary_unchanged":true,"before_bad":1,"after_score_computed":true,"after_bad":0,"after_valid":true,"before_bad_area":0.000817824,"after_bad_area":0,"selected":true}
NATIVE_QUALITY_REGION {"group":48148,"boundary_attempt":false,"point_budget":64,"source_facets":3,"boundary_points":5,"new_points":0,"boundary_unchanged":true,"before_bad":1,"after_score_computed":true,"after_bad":1,"after_valid":true,"before_bad_area":0.00018371,"after_bad_area":0.00018371,"selected":false}
NATIVE_QUALITY_REGION {"group":48151,"boundary_attempt":false,"point_budget":64,"source_facets":4,"boundary_points":6,"new_points":2,"boundary_unchanged":true,"before_bad":2,"after_score_computed":true,"after_bad":2,"after_valid":true,"before_bad_area":0.000595977,"after_bad_area":0.0011367,"selected":false}
NATIVE_QUALITY_REGION {"group":48153,"boundary_attempt":false,"point_budget":64,"source_facets":4,"boundary_points":6,"new_points":1,"boundary_unchanged":true,"before_bad":1,"after_score_computed":true,"after_bad":0,"after_valid":true,"before_bad_area":0.00856499,"after_bad_area":0,"selected":true}
NATIVE_QUALITY_REGION {"group":48156,"boundary_attempt":false,"point_budget":64,"source_facets":4,"boundary_points":6,"new_points":1,"boundary_unchanged":true,"before_bad":2,"after_score_computed":true,"after_bad":3,"after_valid":true,"before_bad_area":0.00181458,"after_bad_area":0.00381108,"selected":false}
NATIVE_QUALITY_REGION {"group":48159,"boundary_attempt":false,"point_budget":64,"source_facets":4,"boundary_points":6,"new_points":1,"boundary_unchanged":true,"before_bad":2,"after_score_computed":true,"after_bad":0,"after_valid":true,"before_bad_area":0.0128606,"after_bad_area":0,"selected":true}
NATIVE_QUALITY_REGION {"group":48163,"boundary_attempt":false,"point_budget":64,"source_facets":2,"boundary_points":4,"new_points":0,"boundary_unchanged":true,"before_bad":1,"after_score_computed":true,"after_bad":1,"after_valid":true,"before_bad_area":0.00218364,"after_bad_area":0.00218364,"selected":false}
NATIVE_QUALITY_REGION {"group":48163,"boundary_attempt":true,"point_budget":128,"source_facets":2,"boundary_points":4,"new_points":6,"boundary_unchanged":true,"before_bad":1,"after_score_computed":true,"after_bad":0,"after_valid":true,"before_bad_area":0.00218364,"after_bad_area":0,"selected":true}
NATIVE_QUALITY_REGION {"group":48165,"boundary_attempt":false,"point_budget":64,"source_facets":3,"boundary_points":5,"new_points":1,"boundary_unchanged":true,"before_bad":1,"after_score_computed":true,"after_bad":1,"after_valid":true,"before_bad_area":0.00357517,"after_bad_area":0.0136067,"selected":false}
NATIVE_QUALITY_REGION {"group":48172,"boundary_attempt":false,"point_budget":64,"source_facets":2,"boundary_points":4,"new_points":0,"boundary_unchanged":true,"before_bad":1,"after_score_computed":true,"after_bad":1,"after_valid":true,"before_bad_area":7.31572e-06,"after_bad_area":7.31572e-06,"selected":false}
NATIVE_QUALITY_REGION {"group":48172,"boundary_attempt":true,"point_budget":128,"source_facets":2,"boundary_points":4,"new_points":8,"boundary_unchanged":true,"before_bad":1,"after_score_computed":true,"after_bad":0,"after_valid":true,"before_bad_area":7.31572e-06,"after_bad_area":0,"selected":true}
NATIVE_QUALITY_REGION {"group":48173,"boundary_attempt":false,"point_budget":64,"source_facets":6,"boundary_points":8,"new_points":2,"boundary_unchanged":true,"before_bad":2,"after_score_computed":true,"after_bad":0,"after_valid":true,"before_bad_area":0.0196214,"after_bad_area":0,"selected":true}
NATIVE_QUALITY_REGION {"group":48178,"boundary_attempt":false,"point_budget":64,"source_facets":4,"boundary_points":6,"new_points":1,"boundary_unchanged":true,"before_bad":1,"after_score_computed":true,"after_bad":1,"after_valid":true,"before_bad_area":0.00193742,"after_bad_area":0.0121163,"selected":false}
NATIVE_QUALITY_REGION {"group":48181,"boundary_attempt":false,"point_budget":64,"source_facets":5,"boundary_points":7,"new_points":1,"boundary_unchanged":true,"before_bad":1,"after_score_computed":true,"after_bad":0,"after_valid":true,"before_bad_area":0.000755692,"after_bad_area":0,"selected":true}
NATIVE_QUALITY_REGION {"group":48189,"boundary_attempt":false,"point_budget":64,"source_facets":4,"boundary_points":6,"new_points":1,"boundary_unchanged":true,"before_bad":1,"after_score_computed":true,"after_bad":0,"after_valid":true,"before_bad_area":0.00218041,"after_bad_area":0,"selected":true}
NATIVE_QUALITY_REGION {"group":48279,"boundary_attempt":false,"point_budget":64,"source_facets":3,"boundary_points":5,"new_points":0,"boundary_unchanged":true,"before_bad":2,"after_score_computed":true,"after_bad":2,"after_valid":true,"before_bad_area":0.00981211,"after_bad_area":0.00981211,"selected":false}
NATIVE_QUALITY_REGION {"group":48280,"boundary_attempt":false,"point_budget":64,"source_facets":5,"boundary_points":7,"new_points":1,"boundary_unchanged":true,"before_bad":2,"after_score_computed":true,"after_bad":0,"after_valid":true,"before_bad_area":0.00327587,"after_bad_area":0,"selected":true}
NATIVE_QUALITY_REGION {"group":48283,"boundary_attempt":false,"point_budget":64,"source_facets":6,"boundary_points":8,"new_points":1,"boundary_unchanged":true,"before_bad":5,"after_score_computed":true,"after_bad":3,"after_valid":true,"before_bad_area":0.0108914,"after_bad_area":0.00410964,"selected":true}
NATIVE_QUALITY_REGION {"group":48285,"boundary_attempt":false,"point_budget":64,"source_facets":4,"boundary_points":6,"new_points":1,"boundary_unchanged":true,"before_bad":3,"after_score_computed":true,"after_bad":1,"after_valid":true,"before_bad_area":0.0171689,"after_bad_area":0.00563858,"selected":true}
NATIVE_QUALITY_REGION {"group":48288,"boundary_attempt":false,"point_budget":64,"source_facets":4,"boundary_points":6,"new_points":0,"boundary_unchanged":true,"before_bad":1,"after_score_computed":true,"after_bad":1,"after_valid":true,"before_bad_area":0.000302769,"after_bad_area":0.000302769,"selected":false}
NATIVE_QUALITY_REGION {"group":48289,"boundary_attempt":false,"point_budget":64,"source_facets":10,"boundary_points":12,"new_points":0,"boundary_unchanged":true,"before_bad":9,"after_score_computed":true,"after_bad":9,"after_valid":true,"before_bad_area":0.0412084,"after_bad_area":0.0412084,"selected":false}
NATIVE_QUALITY_REGION {"group":48292,"boundary_attempt":false,"point_budget":64,"source_facets":3,"boundary_points":5,"new_points":0,"boundary_unchanged":true,"before_bad":1,"after_score_computed":true,"after_bad":1,"after_valid":true,"before_bad_area":0.00701547,"after_bad_area":0.00701547,"selected":false}
NATIVE_QUALITY_REGION {"group":48293,"boundary_attempt":false,"point_budget":64,"source_facets":3,"boundary_points":5,"new_points":0,"boundary_unchanged":true,"before_bad":1,"after_score_computed":true,"after_bad":1,"after_valid":true,"before_bad_area":0.00067829,"after_bad_area":0.00067829,"selected":false}
NATIVE_QUALITY_REGION {"group":48294,"boundary_attempt":false,"point_budget":64,"source_facets":5,"boundary_points":7,"new_points":0,"boundary_unchanged":true,"before_bad":5,"after_score_computed":true,"after_bad":5,"after_valid":true,"before_bad_area":7.14433e-17,"after_bad_area":7.14433e-17,"selected":false}
NATIVE_QUALITY_REGION {"group":48295,"boundary_attempt":false,"point_budget":64,"source_facets":2,"boundary_points":4,"new_points":0,"boundary_unchanged":true,"before_bad":1,"after_score_computed":true,"after_bad":1,"after_valid":true,"before_bad_area":9.96646e-05,"after_bad_area":9.96646e-05,"selected":false}
NATIVE_QUALITY_REGION {"group":48296,"boundary_attempt":false,"point_budget":64,"source_facets":10,"boundary_points":12,"new_points":9,"boundary_unchanged":true,"before_bad":9,"after_score_computed":true,"after_bad":4,"after_valid":true,"before_bad_area":0.0331166,"after_bad_area":0.0151237,"selected":true}
NATIVE_QUALITY_REGION {"group":48297,"boundary_attempt":false,"point_budget":64,"source_facets":11,"boundary_points":13,"new_points":8,"boundary_unchanged":true,"before_bad":8,"after_score_computed":true,"after_bad":3,"after_valid":true,"before_bad_area":0.0218613,"after_bad_area":0.0101872,"selected":true}
NATIVE_QUALITY_REGION {"group":48298,"boundary_attempt":false,"point_budget":64,"source_facets":2,"boundary_points":4,"new_points":0,"boundary_unchanged":true,"before_bad":1,"after_score_computed":true,"after_bad":1,"after_valid":true,"before_bad_area":0.000342739,"after_bad_area":0.000342739,"selected":false}
NATIVE_QUALITY_REGION {"group":48300,"boundary_attempt":false,"point_budget":64,"source_facets":4,"boundary_points":6,"new_points":0,"boundary_unchanged":true,"before_bad":1,"after_score_computed":true,"after_bad":1,"after_valid":true,"before_bad_area":6.06285e-05,"after_bad_area":6.06285e-05,"selected":false}
NATIVE_QUALITY_REGION {"group":48301,"boundary_attempt":false,"point_budget":64,"source_facets":6,"boundary_points":8,"new_points":0,"boundary_unchanged":true,"before_bad":3,"after_score_computed":true,"after_bad":3,"after_valid":true,"before_bad_area":0.017467,"after_bad_area":0.017467,"selected":false}
NATIVE_QUALITY_REGION {"group":48302,"boundary_attempt":false,"point_budget":64,"source_facets":2,"boundary_points":4,"new_points":0,"boundary_unchanged":true,"before_bad":1,"after_score_computed":true,"after_bad":1,"after_valid":true,"before_bad_area":0.00872056,"after_bad_area":0.00872056,"selected":false}
NATIVE_QUALITY_REGION {"group":48302,"boundary_attempt":true,"point_budget":128,"source_facets":2,"boundary_points":4,"new_points":5,"boundary_unchanged":true,"before_bad":1,"after_score_computed":true,"after_bad":0,"after_valid":true,"before_bad_area":0.00872056,"after_bad_area":0,"selected":true}
NATIVE_QUALITY_REGION {"group":48303,"boundary_attempt":false,"point_budget":64,"source_facets":3,"boundary_points":5,"new_points":0,"boundary_unchanged":true,"before_bad":1,"after_score_computed":true,"after_bad":1,"after_valid":true,"before_bad_area":0.0014006,"after_bad_area":0.0014006,"selected":false}
NATIVE_QUALITY_REGION {"group":48304,"boundary_attempt":false,"point_budget":64,"source_facets":4,"boundary_points":6,"new_points":0,"boundary_unchanged":true,"before_bad":4,"after_score_computed":true,"after_bad":4,"after_valid":true,"before_bad_area":2.12104e-16,"after_bad_area":2.12104e-16,"selected":false}
NATIVE_QUALITY_REGION {"group":48305,"boundary_attempt":false,"point_budget":64,"source_facets":3,"boundary_points":5,"new_points":0,"boundary_unchanged":true,"before_bad":3,"after_score_computed":true,"after_bad":3,"after_valid":true,"before_bad_area":1.65441e-16,"after_bad_area":1.65441e-16,"selected":false}
NATIVE_QUALITY_REGION {"group":48306,"boundary_attempt":false,"point_budget":64,"source_facets":4,"boundary_points":6,"new_points":4,"boundary_unchanged":true,"before_bad":2,"after_score_computed":true,"after_bad":3,"after_valid":true,"before_bad_area":9.62415e-05,"after_bad_area":0.00234738,"selected":false}
NATIVE_QUALITY_REGION {"group":48307,"boundary_attempt":false,"point_budget":64,"source_facets":2,"boundary_points":4,"new_points":0,"boundary_unchanged":true,"before_bad":2,"after_score_computed":true,"after_bad":2,"after_valid":true,"before_bad_area":8.2681e-18,"after_bad_area":8.2681e-18,"selected":false}
NATIVE_QUALITY_REGION {"group":48309,"boundary_attempt":false,"point_budget":64,"source_facets":4,"boundary_points":6,"new_points":0,"boundary_unchanged":true,"before_bad":1,"after_score_computed":true,"after_bad":1,"after_valid":true,"before_bad_area":0.000128682,"after_bad_area":0.000128682,"selected":false}
NATIVE_QUALITY_REGION {"group":48310,"boundary_attempt":false,"point_budget":64,"source_facets":5,"boundary_points":7,"new_points":1,"boundary_unchanged":true,"before_bad":2,"after_score_computed":true,"after_bad":1,"after_valid":true,"before_bad_area":0.00852881,"after_bad_area":0.00557609,"selected":true}
NATIVE_QUALITY_REGION {"group":48311,"boundary_attempt":false,"point_budget":64,"source_facets":7,"boundary_points":9,"new_points":1,"boundary_unchanged":true,"before_bad":4,"after_score_computed":true,"after_bad":3,"after_valid":true,"before_bad_area":0.00425554,"after_bad_area":0.0024879,"selected":true}
NATIVE_QUALITY_REGION {"group":48312,"boundary_attempt":false,"point_budget":64,"source_facets":5,"boundary_points":7,"new_points":0,"boundary_unchanged":true,"before_bad":2,"after_score_computed":true,"after_bad":2,"after_valid":true,"before_bad_area":0.0102181,"after_bad_area":0.0102181,"selected":false}
NATIVE_QUALITY_REGION {"group":48313,"boundary_attempt":false,"point_budget":64,"source_facets":3,"boundary_points":5,"new_points":0,"boundary_unchanged":true,"before_bad":1,"after_score_computed":true,"after_bad":1,"after_valid":true,"before_bad_area":0.00689996,"after_bad_area":0.00689996,"selected":false}
NATIVE_QUALITY_REGION {"group":48315,"boundary_attempt":false,"point_budget":64,"source_facets":4,"boundary_points":6,"new_points":0,"boundary_unchanged":true,"before_bad":1,"after_score_computed":true,"after_bad":1,"after_valid":true,"before_bad_area":0.00229089,"after_bad_area":0.00229089,"selected":false}
NATIVE_QUALITY_REGION {"group":48316,"boundary_attempt":false,"point_budget":64,"source_facets":3,"boundary_points":5,"new_points":0,"boundary_unchanged":true,"before_bad":2,"after_score_computed":true,"after_bad":2,"after_valid":true,"before_bad_area":0.0142103,"after_bad_area":0.0142103,"selected":false}
NATIVE_QUALITY_REGION {"group":48317,"boundary_attempt":false,"point_budget":64,"source_facets":4,"boundary_points":6,"new_points":0,"boundary_unchanged":true,"before_bad":4,"after_score_computed":true,"after_bad":4,"after_valid":true,"before_bad_area":4.30585e-18,"after_bad_area":4.30585e-18,"selected":false}
NATIVE_QUALITY_REGION {"group":48318,"boundary_attempt":false,"point_budget":64,"source_facets":5,"boundary_points":7,"new_points":2,"boundary_unchanged":true,"before_bad":2,"after_score_computed":true,"after_bad":2,"after_valid":true,"before_bad_area":0.00561983,"after_bad_area":0.00631693,"selected":false}
NATIVE_QUALITY_REGION {"group":48319,"boundary_attempt":false,"point_budget":64,"source_facets":5,"boundary_points":7,"new_points":0,"boundary_unchanged":true,"before_bad":2,"after_score_computed":true,"after_bad":2,"after_valid":true,"before_bad_area":0.00191568,"after_bad_area":0.00191568,"selected":false}
NATIVE_QUALITY_REGION {"group":48321,"boundary_attempt":false,"point_budget":64,"source_facets":6,"boundary_points":8,"new_points":1,"boundary_unchanged":true,"before_bad":4,"after_score_computed":true,"after_bad":4,"after_valid":true,"before_bad_area":0.00853431,"after_bad_area":0.00634994,"selected":true}
NATIVE_QUALITY_REGION {"group":48322,"boundary_attempt":false,"point_budget":64,"source_facets":5,"boundary_points":7,"new_points":0,"boundary_unchanged":true,"before_bad":1,"after_score_computed":true,"after_bad":1,"after_valid":true,"before_bad_area":0.000300308,"after_bad_area":0.000300308,"selected":false}
NATIVE_QUALITY_REGION {"group":48326,"boundary_attempt":false,"point_budget":64,"source_facets":4,"boundary_points":6,"new_points":0,"boundary_unchanged":true,"before_bad":1,"after_score_computed":true,"after_bad":1,"after_valid":true,"before_bad_area":0.00292037,"after_bad_area":0.00292037,"selected":false}
NATIVE_QUALITY_REGION {"group":48333,"boundary_attempt":false,"point_budget":64,"source_facets":18,"boundary_points":19,"new_points":7,"boundary_unchanged":true,"before_bad":11,"after_score_computed":true,"after_bad":10,"after_valid":true,"before_bad_area":0.0196113,"after_bad_area":0.0183192,"selected":true}
NATIVE_QUALITY_REGION {"group":48335,"boundary_attempt":false,"point_budget":64,"source_facets":24,"boundary_points":25,"new_points":4,"boundary_unchanged":true,"before_bad":19,"after_score_computed":true,"after_bad":14,"after_valid":true,"before_bad_area":0.0261886,"after_bad_area":0.020409,"selected":true}
NATIVE_QUALITY_REGION {"group":45226,"boundary_attempt":false,"point_budget":128,"source_facets":5,"boundary_points":7,"new_points":3,"boundary_unchanged":true,"before_bad":4,"after_score_computed":true,"after_bad":0,"after_valid":true,"before_bad_area":3.82122e-11,"after_bad_area":0,"selected":true}
NATIVE_QUALITY_REGION {"group":45921,"boundary_attempt":false,"point_budget":128,"source_facets":5,"boundary_points":7,"new_points":2,"boundary_unchanged":true,"before_bad":4,"after_score_computed":true,"after_bad":1,"after_valid":true,"before_bad_area":4.22738e-11,"after_bad_area":4.70442e-12,"selected":true}
NATIVE_QUALITY_REGION {"group":46064,"boundary_attempt":false,"point_budget":128,"source_facets":5,"boundary_points":7,"new_points":3,"boundary_unchanged":true,"before_bad":4,"after_score_computed":true,"after_bad":0,"after_valid":true,"before_bad_area":3.40765e-09,"after_bad_area":0,"selected":true}
NATIVE_QUALITY_REGION {"group":46766,"boundary_attempt":false,"point_budget":128,"source_facets":3,"boundary_points":5,"new_points":0,"boundary_unchanged":true,"before_bad":1,"after_score_computed":true,"after_bad":1,"after_valid":true,"before_bad_area":1.40332e-05,"after_bad_area":1.40332e-05,"selected":false}
NATIVE_QUALITY_REGION {"group":46803,"boundary_attempt":false,"point_budget":128,"source_facets":7,"boundary_points":9,"new_points":3,"boundary_unchanged":true,"before_bad":5,"after_score_computed":true,"after_bad":0,"after_valid":true,"before_bad_area":0.000113602,"after_bad_area":0,"selected":true}
NATIVE_QUALITY_REGION {"group":46919,"boundary_attempt":false,"point_budget":128,"source_facets":5,"boundary_points":7,"new_points":0,"boundary_unchanged":true,"before_bad":1,"after_score_computed":true,"after_bad":1,"after_valid":true,"before_bad_area":7.71957e-11,"after_bad_area":7.71957e-11,"selected":false}
NATIVE_QUALITY_REGION {"group":46983,"boundary_attempt":false,"point_budget":128,"source_facets":7,"boundary_points":9,"new_points":1,"boundary_unchanged":true,"before_bad":1,"after_score_computed":true,"after_bad":0,"after_valid":true,"before_bad_area":3.88906e-10,"after_bad_area":0,"selected":true}
NATIVE_QUALITY_REGION {"group":47116,"boundary_attempt":false,"point_budget":128,"source_facets":5,"boundary_points":7,"new_points":0,"boundary_unchanged":true,"before_bad":1,"after_score_computed":true,"after_bad":1,"after_valid":true,"before_bad_area":1.22764e-11,"after_bad_area":1.22764e-11,"selected":false}
NATIVE_QUALITY_REGION {"group":47223,"boundary_attempt":false,"point_budget":128,"source_facets":7,"boundary_points":9,"new_points":3,"boundary_unchanged":true,"before_bad":4,"after_score_computed":true,"after_bad":2,"after_valid":true,"before_bad_area":0.000428871,"after_bad_area":0.000229815,"selected":true}
NATIVE_QUALITY_REGION {"group":47259,"boundary_attempt":false,"point_budget":128,"source_facets":5,"boundary_points":7,"new_points":0,"boundary_unchanged":true,"before_bad":1,"after_score_computed":true,"after_bad":1,"after_valid":true,"before_bad_area":2.84128e-08,"after_bad_area":2.84128e-08,"selected":false}
NATIVE_QUALITY_REGION {"group":47358,"boundary_attempt":false,"point_budget":128,"source_facets":5,"boundary_points":7,"new_points":0,"boundary_unchanged":true,"before_bad":1,"after_score_computed":true,"after_bad":1,"after_valid":true,"before_bad_area":1.15372e-10,"after_bad_area":1.15372e-10,"selected":false}
NATIVE_QUALITY_REGION {"group":47604,"boundary_attempt":false,"point_budget":128,"source_facets":5,"boundary_points":7,"new_points":2,"boundary_unchanged":true,"before_bad":3,"after_score_computed":true,"after_bad":0,"after_valid":true,"before_bad_area":1.03428e-09,"after_bad_area":0,"selected":true}
NATIVE_QUALITY_REGION {"group":47610,"boundary_attempt":false,"point_budget":128,"source_facets":5,"boundary_points":7,"new_points":2,"boundary_unchanged":true,"before_bad":2,"after_score_computed":true,"after_bad":0,"after_valid":true,"before_bad_area":3.43464e-08,"after_bad_area":0,"selected":true}
NATIVE_QUALITY_REGION {"group":47718,"boundary_attempt":false,"point_budget":128,"source_facets":8,"boundary_points":10,"new_points":0,"boundary_unchanged":true,"before_bad":5,"after_score_computed":true,"after_bad":5,"after_valid":true,"before_bad_area":0.0046641,"after_bad_area":0.0046641,"selected":false}
NATIVE_QUALITY_REGION {"group":47960,"boundary_attempt":false,"point_budget":128,"source_facets":10,"boundary_points":10,"new_points":3,"boundary_unchanged":true,"before_bad":1,"after_score_computed":true,"after_bad":1,"after_valid":true,"before_bad_area":1.61005e-10,"after_bad_area":2.34726e-10,"selected":false}
NATIVE_QUALITY_REGION {"group":47990,"boundary_attempt":false,"point_budget":128,"source_facets":5,"boundary_points":7,"new_points":2,"boundary_unchanged":true,"before_bad":4,"after_score_computed":true,"after_bad":1,"after_valid":true,"before_bad_area":2.84278e-09,"after_bad_area":3.15804e-10,"selected":true}
NATIVE_QUALITY_REGION {"group":48051,"boundary_attempt":false,"point_budget":128,"source_facets":7,"boundary_points":7,"new_points":1,"boundary_unchanged":true,"before_bad":1,"after_score_computed":true,"after_bad":0,"after_valid":true,"before_bad_area":2.23207e-10,"after_bad_area":0,"selected":true}
NATIVE_QUALITY_REGION {"group":48054,"boundary_attempt":false,"point_budget":128,"source_facets":17,"boundary_points":15,"new_points":0,"boundary_unchanged":true,"before_bad":2,"after_score_computed":true,"after_bad":2,"after_valid":true,"before_bad_area":0.000641853,"after_bad_area":0.000641853,"selected":false}
NATIVE_QUALITY_REGION {"group":48061,"boundary_attempt":false,"point_budget":128,"source_facets":7,"boundary_points":7,"new_points":1,"boundary_unchanged":true,"before_bad":1,"after_score_computed":true,"after_bad":0,"after_valid":true,"before_bad_area":1.69441e-08,"after_bad_area":0,"selected":true}
NATIVE_QUALITY_REGION {"group":48064,"boundary_attempt":false,"point_budget":128,"source_facets":4,"boundary_points":6,"new_points":0,"boundary_unchanged":true,"before_bad":1,"after_score_computed":true,"after_bad":1,"after_valid":true,"before_bad_area":3.11635e-06,"after_bad_area":3.11635e-06,"selected":false}
NATIVE_QUALITY_REGION {"group":48073,"boundary_attempt":false,"point_budget":128,"source_facets":5,"boundary_points":7,"new_points":0,"boundary_unchanged":true,"before_bad":1,"after_score_computed":true,"after_bad":1,"after_valid":true,"before_bad_area":1.07573e-10,"after_bad_area":1.07573e-10,"selected":false}
NATIVE_QUALITY_REGION {"group":48095,"boundary_attempt":false,"point_budget":128,"source_facets":19,"boundary_points":17,"new_points":9,"boundary_unchanged":true,"before_bad":11,"after_score_computed":true,"after_bad":1,"after_valid":true,"before_bad_area":0.0157676,"after_bad_area":0.000183047,"selected":true}
NATIVE_QUALITY_REGION {"group":48096,"boundary_attempt":false,"point_budget":128,"source_facets":8,"boundary_points":8,"new_points":1,"boundary_unchanged":true,"before_bad":1,"after_score_computed":true,"after_bad":0,"after_valid":true,"before_bad_area":8.60554e-05,"after_bad_area":0,"selected":true}
NATIVE_QUALITY_REGION {"group":48097,"boundary_attempt":false,"point_budget":128,"source_facets":6,"boundary_points":8,"new_points":1,"boundary_unchanged":true,"before_bad":1,"after_score_computed":true,"after_bad":2,"after_valid":true,"before_bad_area":1.05174e-07,"after_bad_area":1.20537e-06,"selected":false}
NATIVE_QUALITY_REGION {"group":48099,"boundary_attempt":false,"point_budget":128,"source_facets":16,"boundary_points":12,"new_points":3,"boundary_unchanged":true,"before_bad":2,"after_score_computed":true,"after_bad":0,"after_valid":true,"before_bad_area":4.41456e-05,"after_bad_area":0,"selected":true}
NATIVE_QUALITY_REGION {"group":48125,"boundary_attempt":false,"point_budget":128,"source_facets":5,"boundary_points":7,"new_points":0,"boundary_unchanged":true,"before_bad":4,"after_score_computed":true,"after_bad":4,"after_valid":true,"before_bad_area":0.00120418,"after_bad_area":0.00120418,"selected":false}
NATIVE_QUALITY_REGION {"group":48130,"boundary_attempt":false,"point_budget":128,"source_facets":15,"boundary_points":9,"new_points":4,"boundary_unchanged":true,"before_bad":5,"after_score_computed":true,"after_bad":4,"after_valid":true,"before_bad_area":0.00284467,"after_bad_area":0.00333724,"selected":false}
NATIVE_QUALITY_REGION {"group":48137,"boundary_attempt":false,"point_budget":128,"source_facets":13,"boundary_points":12,"new_points":0,"boundary_unchanged":true,"before_bad":1,"after_score_computed":true,"after_bad":1,"after_valid":true,"before_bad_area":0.000230944,"after_bad_area":0.000230944,"selected":false}
NATIVE_QUALITY_REGION {"group":48173,"boundary_attempt":false,"point_budget":128,"source_facets":9,"boundary_points":9,"new_points":2,"boundary_unchanged":true,"before_bad":2,"after_score_computed":true,"after_bad":0,"after_valid":true,"before_bad_area":0.011116,"after_bad_area":0,"selected":true}
NATIVE_QUALITY_REGION {"group":48178,"boundary_attempt":false,"point_budget":128,"source_facets":5,"boundary_points":7,"new_points":1,"boundary_unchanged":true,"before_bad":1,"after_score_computed":true,"after_bad":1,"after_valid":true,"before_bad_area":0.00190522,"after_bad_area":0.0136067,"selected":false}
NATIVE_QUALITY_REGION {"group":48183,"boundary_attempt":false,"point_budget":128,"source_facets":13,"boundary_points":11,"new_points":3,"boundary_unchanged":true,"before_bad":1,"after_score_computed":true,"after_bad":2,"after_valid":true,"before_bad_area":3.5181e-07,"after_bad_area":1.27546e-06,"selected":false}
NATIVE_QUALITY_REGION {"group":48214,"boundary_attempt":false,"point_budget":128,"source_facets":7,"boundary_points":9,"new_points":0,"boundary_unchanged":true,"before_bad":1,"after_score_computed":true,"after_bad":1,"after_valid":true,"before_bad_area":0.00350101,"after_bad_area":0.00350101,"selected":false}
NATIVE_QUALITY_REGION {"group":48229,"boundary_attempt":false,"point_budget":128,"source_facets":4,"boundary_points":6,"new_points":0,"boundary_unchanged":true,"before_bad":1,"after_score_computed":true,"after_bad":1,"after_valid":true,"before_bad_area":0.00118589,"after_bad_area":0.00118589,"selected":false}
NATIVE_QUALITY_REGION {"group":48234,"boundary_attempt":false,"point_budget":128,"source_facets":15,"boundary_points":15,"new_points":5,"boundary_unchanged":true,"before_bad":10,"after_score_computed":true,"after_bad":8,"after_valid":true,"before_bad_area":0.0084799,"after_bad_area":0.027014,"selected":false}
NATIVE_QUALITY_REGION {"group":48248,"boundary_attempt":false,"point_budget":128,"source_facets":34,"boundary_points":28,"new_points":4,"boundary_unchanged":true,"before_bad":23,"after_score_computed":true,"after_bad":18,"after_valid":true,"before_bad_area":0.0270607,"after_bad_area":0.0212811,"selected":true}
NATIVE_QUALITY_REGION {"group":48254,"boundary_attempt":false,"point_budget":128,"source_facets":3,"boundary_points":5,"new_points":0,"boundary_unchanged":true,"before_bad":1,"after_score_computed":true,"after_bad":1,"after_valid":true,"before_bad_area":0.000601974,"after_bad_area":0.000601974,"selected":false}
NATIVE_QUALITY_REGION {"group":48259,"boundary_attempt":false,"point_budget":128,"source_facets":2,"boundary_points":4,"new_points":0,"boundary_unchanged":true,"before_bad":1,"after_score_computed":true,"after_bad":1,"after_valid":true,"before_bad_area":8.38869e-10,"after_bad_area":8.38869e-10,"selected":false}
NATIVE_QUALITY_REGION {"group":48260,"boundary_attempt":false,"point_budget":128,"source_facets":6,"boundary_points":8,"new_points":0,"boundary_unchanged":true,"before_bad":1,"after_score_computed":true,"after_bad":1,"after_valid":true,"before_bad_area":5.21387e-10,"after_bad_area":5.21387e-10,"selected":false}
NATIVE_QUALITY_REGION {"group":48271,"boundary_attempt":false,"point_budget":128,"source_facets":4,"boundary_points":6,"new_points":0,"boundary_unchanged":true,"before_bad":1,"after_score_computed":true,"after_bad":1,"after_valid":true,"before_bad_area":3.27335e-10,"after_bad_area":3.27335e-10,"selected":false}
NATIVE_QUALITY_REGION {"group":48274,"boundary_attempt":false,"point_budget":128,"source_facets":5,"boundary_points":7,"new_points":0,"boundary_unchanged":true,"before_bad":2,"after_score_computed":true,"after_bad":2,"after_valid":true,"before_bad_area":2.20658e-08,"after_bad_area":2.20658e-08,"selected":false}
NATIVE_QUALITY_REGION {"group":48278,"boundary_attempt":false,"point_budget":128,"source_facets":2,"boundary_points":4,"new_points":0,"boundary_unchanged":true,"before_bad":1,"after_score_computed":true,"after_bad":1,"after_valid":true,"before_bad_area":1.13239e-05,"after_bad_area":1.13239e-05,"selected":false}
NATIVE_QUALITY_REGION {"group":48281,"boundary_attempt":false,"point_budget":128,"source_facets":7,"boundary_points":9,"new_points":0,"boundary_unchanged":true,"before_bad":4,"after_score_computed":true,"after_bad":4,"after_valid":true,"before_bad_area":0.000792803,"after_bad_area":0.000792803,"selected":false}
NATIVE_QUALITY_REGION {"group":48283,"boundary_attempt":false,"point_budget":128,"source_facets":4,"boundary_points":6,"new_points":0,"boundary_unchanged":true,"before_bad":3,"after_score_computed":true,"after_bad":3,"after_valid":true,"before_bad_area":5.7495e-05,"after_bad_area":5.7495e-05,"selected":false}
NATIVE_QUALITY_REGION {"group":48285,"boundary_attempt":false,"point_budget":128,"source_facets":6,"boundary_points":8,"new_points":0,"boundary_unchanged":true,"before_bad":4,"after_score_computed":true,"after_bad":4,"after_valid":true,"before_bad_area":1.02804e-08,"after_bad_area":1.02804e-08,"selected":false}
NATIVE_QUALITY_REGION {"group":48286,"boundary_attempt":false,"point_budget":128,"source_facets":4,"boundary_points":6,"new_points":0,"boundary_unchanged":true,"before_bad":1,"after_score_computed":true,"after_bad":1,"after_valid":true,"before_bad_area":6.09637e-09,"after_bad_area":6.09637e-09,"selected":false}
NATIVE_QUALITY_REGION {"group":48293,"boundary_attempt":false,"point_budget":128,"source_facets":2,"boundary_points":4,"new_points":0,"boundary_unchanged":true,"before_bad":2,"after_score_computed":true,"after_bad":2,"after_valid":true,"before_bad_area":2.82325e-10,"after_bad_area":2.82325e-10,"selected":false}
NATIVE_QUALITY_REGION {"group":48296,"boundary_attempt":false,"point_budget":128,"source_facets":5,"boundary_points":7,"new_points":1,"boundary_unchanged":true,"before_bad":4,"after_score_computed":true,"after_bad":1,"after_valid":true,"before_bad_area":5.7457e-11,"after_bad_area":1.50429e-11,"selected":true}
o-[QualityBoundary] shared_edges=0 before_bad=566 after_bad=566 before_area=140.957 after_area=140.957 accepted=1
o-[QualityBoundary] shared_edges=124 before_bad=577 after_bad=566 before_area=140.989 after_area=140.957 accepted=0
o-[FloatEdge   ] contracted_zero_length_edges=1 contracted_machine_new_edges=4 max_length=7.85046e-16
NATIVE_RESULT {"load_ms":37.129913000000002,"boolean_ms":1124.051048,"save_ms":55.262934000000001,"faces":49148,"vertices":24576,"simplify":true}
