Stage1 :  True
Stage3 :  True
Warp 1.0.0-beta.2 initialized:
   CUDA Toolkit: 12.8, Driver: 13.2
   Devices:
     "cpu"    | x86_64
     "cuda:0" | NVIDIA GeForce RTX 4090 (sm_89)
   Kernel cache: /root/.cache/warp/1.0.0-beta.2
Target faces : 1860
Time for Remeshing: 0.08243370056152344 sec
Time for Simplification: 0.30228710174560547 sec
Module pamo_safe_project.kernels.geometry_kernels load on device 'cuda:0' took 12.07 ms
Module pamo_safe_project.kernels.energy_kernels.elastic_energy load on device 'cuda:0' took 10.75 ms
Module pamo_safe_project.kernels.energy_kernels.hinge_energy load on device 'cuda:0' took 26.22 ms
Module pamo_safe_project.kernels.energy_kernels.contact_detection load on device 'cuda:0' took 15.95 ms
Module pamo_safe_project.kernels.energy_kernels.distance_energy load on device 'cuda:0' took 20.92 ms
Module pamo_safe_project.kernels.energy_kernels.collision_energy load on device 'cuda:0' took 69.26 ms
Module pamo_safe_project.kernels.utils_kernels load on device 'cuda:0' took 3.13 ms
Module pamo_safe_project.kernels.solver_kernels load on device 'cuda:0' took 2.57 ms
Module warp.utils load on device 'cuda:0' took 1.37 ms
Module pamo_safe_project.kernels.distance_kernels.grad_funcs load on device 'cuda:0' took 16.73 ms
Module pamo_safe_project.kernels.distance_kernels.hessian_funcs load on device 'cuda:0' took 72.64 ms
Module pamo_safe_project.kernels.distance_kernels.distance_kernels load on device 'cuda:0' took 103.00 ms
Module pamo_safe_project.kernels.distance_kernels.grad_funcs_struct load on device 'cuda:0' took 15.77 ms
Module pamo_safe_project.kernels.distance_kernels.distance_kernels_struct load on device 'cuda:0' took 17.44 ms
Module pamo_safe_project.kernels.ccd_kernels load on device 'cuda:0' took 21.59 ms
Module pamo_safe_project.kernels.energy_kernels.lb_curvature_energy load on device 'cuda:0' took 3.12 ms
Module locality_gpu load on device 'cuda:0' took 0.72 ms
