Stage1 :  True
Stage3 :  True
Warp 1.0.0-beta.2 initialized:
   CUDA Toolkit: 12.8, Driver: 13.2
   Devices:
     "cpu"    | x86_64
     "cuda:0" | NVIDIA GeForce RTX 4080 SUPER (sm_89)
   Kernel cache: /root/.cache/warp/1.0.0-beta.2
Target faces : 2492
Time for Remeshing: 0.11722922325134277 sec
Time for Simplification: 3.7634713649749756 sec
Module pamo_safe_project.kernels.geometry_kernels load on device 'cuda:0' took 23.71 ms
Module pamo_safe_project.kernels.energy_kernels.elastic_energy load on device 'cuda:0' took 22.13 ms
Module pamo_safe_project.kernels.energy_kernels.hinge_energy load on device 'cuda:0' took 56.68 ms
Module pamo_safe_project.kernels.energy_kernels.contact_detection load on device 'cuda:0' took 29.41 ms
Module pamo_safe_project.kernels.energy_kernels.distance_energy load on device 'cuda:0' took 41.98 ms
Module pamo_safe_project.kernels.energy_kernels.collision_energy load on device 'cuda:0' took 137.99 ms
Module pamo_safe_project.kernels.utils_kernels load on device 'cuda:0' took 6.56 ms
Module pamo_safe_project.kernels.solver_kernels load on device 'cuda:0' took 6.56 ms
Module warp.utils load on device 'cuda:0' took 4.29 ms
Module pamo_safe_project.kernels.distance_kernels.grad_funcs load on device 'cuda:0' took 35.80 ms
Module pamo_safe_project.kernels.distance_kernels.hessian_funcs load on device 'cuda:0' took 146.52 ms
Module pamo_safe_project.kernels.distance_kernels.distance_kernels load on device 'cuda:0' took 214.90 ms
Module pamo_safe_project.kernels.distance_kernels.grad_funcs_struct load on device 'cuda:0' took 35.77 ms
Module pamo_safe_project.kernels.distance_kernels.distance_kernels_struct load on device 'cuda:0' took 35.76 ms
Module pamo_safe_project.kernels.ccd_kernels load on device 'cuda:0' took 40.74 ms
Module pamo_safe_project.kernels.energy_kernels.lb_curvature_energy load on device 'cuda:0' took 8.58 ms
Module locality_gpu load on device 'cuda:0' took 2.19 ms
{"pamo_run_ms": 5787.781343795359, "stage1": "original", "method": "full", "maintenance_ms": 8619.258717633784, "status": "pending_independent_audit"}
