Stage1 :  True
Stage3 :  True
Warp 1.0.0-beta.2 initialized:
   CUDA Toolkit: 12.8, Driver: 13.2
   Devices:
     "cpu"    | x86_64
     "cuda:0" | NVIDIA GeForce RTX 4090 (sm_89)
   Kernel cache: /root/.cache/warp/1.0.0-beta.2
Target faces : 2660
Time for Remeshing: 0.09390521049499512 sec
Time for Simplification: 0.6365745067596436 sec
Module pamo_safe_project.kernels.geometry_kernels load on device 'cuda:0' took 12.41 ms
Module pamo_safe_project.kernels.energy_kernels.elastic_energy load on device 'cuda:0' took 10.88 ms
Module pamo_safe_project.kernels.energy_kernels.hinge_energy load on device 'cuda:0' took 44.83 ms
Module pamo_safe_project.kernels.energy_kernels.contact_detection load on device 'cuda:0' took 83.45 ms
Module pamo_safe_project.kernels.energy_kernels.distance_energy load on device 'cuda:0' took 21.37 ms
Module pamo_safe_project.kernels.energy_kernels.collision_energy load on device 'cuda:0' took 77.47 ms
Module pamo_safe_project.kernels.utils_kernels load on device 'cuda:0' took 3.17 ms
Module pamo_safe_project.kernels.solver_kernels load on device 'cuda:0' took 2.63 ms
Module warp.utils load on device 'cuda:0' took 1.35 ms
Module pamo_safe_project.kernels.distance_kernels.grad_funcs load on device 'cuda:0' took 84.22 ms
Module pamo_safe_project.kernels.distance_kernels.hessian_funcs load on device 'cuda:0' took 75.08 ms
Module pamo_safe_project.kernels.distance_kernels.distance_kernels load on device 'cuda:0' took 201.29 ms
Module pamo_safe_project.kernels.distance_kernels.grad_funcs_struct load on device 'cuda:0' took 20.50 ms
Module pamo_safe_project.kernels.distance_kernels.distance_kernels_struct load on device 'cuda:0' took 30.52 ms
Module pamo_safe_project.kernels.ccd_kernels load on device 'cuda:0' took 93.62 ms
Module pamo_safe_project.kernels.energy_kernels.lb_curvature_energy load on device 'cuda:0' took 3.39 ms
Module locality_gpu load on device 'cuda:0' took 0.81 ms
