
 Setting the directory C:\Users\24848\Desktop\GraduationProject\初步实验\Geogram与PaMO组合验证\实验结果\20261004_碰撞精度与反向面28体连续开发\ to compress new files 
 Compressing files in C:\Users\24848\Desktop\GraduationProject\初步实验\Geogram与PaMO组合验证\实验结果\20261004_碰撞精度与反向面28体连续开发\


 Compressing files in C:\Users\24848\Desktop\GraduationProject\初步实验\Geogram与PaMO组合验证\实验结果\20261004_碰撞精度与反向面28体连续开发\弯曲骨样体_新参数0p25_交叉_e0_candidate_boolean\


 Compressing files in C:\Users\24848\Desktop\GraduationProject\初步实验\Geogram与PaMO组合验证\实验结果\20261004_碰撞精度与反向面28体连续开发\弯曲骨样体_新参数0p25_交叉_e0_candidate_input\


 Compressing files in C:\Users\24848\Desktop\GraduationProject\初步实验\Geogram与PaMO组合验证\实验结果\20261004_碰撞精度与反向面28体连续开发\弯曲骨样体_新参数0p25_交叉_e0_full_full\


 Compressing files in C:\Users\24848\Desktop\GraduationProject\初步实验\Geogram与PaMO组合验证\实验结果\20261004_碰撞精度与反向面28体连续开发\弯曲骨样体_新参数0p25_交叉_e0_full_input\


 Compressing files in C:\Users\24848\Desktop\GraduationProject\初步实验\Geogram与PaMO组合验证\实验结果\20261004_碰撞精度与反向面28体连续开发\弯曲骨样体_新参数0p25_交叉_e0_reference\


 Compressing files in C:\Users\24848\Desktop\GraduationProject\初步实验\Geogram与PaMO组合验证\实验结果\20261004_碰撞精度与反向面28体连续开发\弯曲骨样体_新参数0p25_交叉_e1_candidate_boolean\


 Compressing files in C:\Users\24848\Desktop\GraduationProject\初步实验\Geogram与PaMO组合验证\实验结果\20261004_碰撞精度与反向面28体连续开发\弯曲骨样体_新参数0p25_交叉_e1_candidate_input\


 Compressing files in C:\Users\24848\Desktop\GraduationProject\初步实验\Geogram与PaMO组合验证\实验结果\20261004_碰撞精度与反向面28体连续开发\弯曲骨样体_新参数0p25_交叉_e1_reference\


 Compressing files in C:\Users\24848\Desktop\GraduationProject\初步实验\Geogram与PaMO组合验证\实验结果\20261004_碰撞精度与反向面28体连续开发\弯曲骨样体_新参数0p25_交叉_e2_candidate_boolean\


 Compressing files in C:\Users\24848\Desktop\GraduationProject\初步实验\Geogram与PaMO组合验证\实验结果\20261004_碰撞精度与反向面28体连续开发\弯曲骨样体_新参数0p25_交叉_e2_candidate_input\


 Compressing files in C:\Users\24848\Desktop\GraduationProject\初步实验\Geogram与PaMO组合验证\实验结果\20261004_碰撞精度与反向面28体连续开发\弯曲骨样体_新参数0p25_交叉_e2_reference\


 Compressing files in C:\Users\24848\Desktop\GraduationProject\初步实验\Geogram与PaMO组合验证\实验结果\20261004_碰撞精度与反向面28体连续开发\弯曲骨样体_新参数1p25_交叉_e0_candidate_boolean\


 Compressing files in C:\Users\24848\Desktop\GraduationProject\初步实验\Geogram与PaMO组合验证\实验结果\20261004_碰撞精度与反向面28体连续开发\弯曲骨样体_新参数1p25_交叉_e0_candidate_input\


 Compressing files in C:\Users\24848\Desktop\GraduationProject\初步实验\Geogram与PaMO组合验证\实验结果\20261004_碰撞精度与反向面28体连续开发\弯曲骨样体_新参数1p25_交叉_e0_full_full\


 Compressing files in C:\Users\24848\Desktop\GraduationProject\初步实验\Geogram与PaMO组合验证\实验结果\20261004_碰撞精度与反向面28体连续开发\弯曲骨样体_新参数1p25_交叉_e0_full_input\


 Compressing files in C:\Users\24848\Desktop\GraduationProject\初步实验\Geogram与PaMO组合验证\实验结果\20261004_碰撞精度与反向面28体连续开发\弯曲骨样体_新参数1p25_交叉_e0_reference\


 Compressing files in C:\Users\24848\Desktop\GraduationProject\初步实验\Geogram与PaMO组合验证\实验结果\20261004_碰撞精度与反向面28体连续开发\弯曲骨样体_新参数1p25_交叉_e1_candidate_boolean\


 Compressing files in C:\Users\24848\Desktop\GraduationProject\初步实验\Geogram与PaMO组合验证\实验结果\20261004_碰撞精度与反向面28体连续开发\弯曲骨样体_新参数1p25_交叉_e1_candidate_input\


 Compressing files in C:\Users\24848\Desktop\GraduationProject\初步实验\Geogram与PaMO组合验证\实验结果\20261004_碰撞精度与反向面28体连续开发\弯曲骨样体_新参数1p25_交叉_e1_full_full\


 Compressing files in C:\Users\24848\Desktop\GraduationProject\初步实验\Geogram与PaMO组合验证\实验结果\20261004_碰撞精度与反向面28体连续开发\弯曲骨样体_新参数1p25_交叉_e1_full_input\


 Compressing files in C:\Users\24848\Desktop\GraduationProject\初步实验\Geogram与PaMO组合验证\实验结果\20261004_碰撞精度与反向面28体连续开发\弯曲骨样体_新参数1p25_交叉_e1_reference\


 Compressing files in C:\Users\24848\Desktop\GraduationProject\初步实验\Geogram与PaMO组合验证\实验结果\20261004_碰撞精度与反向面28体连续开发\弯曲骨样体_新参数1p25_交叉_e2_candidate_boolean\


 Compressing files in C:\Users\24848\Desktop\GraduationProject\初步实验\Geogram与PaMO组合验证\实验结果\20261004_碰撞精度与反向面28体连续开发\弯曲骨样体_新参数1p25_交叉_e2_candidate_input\


 Compressing files in C:\Users\24848\Desktop\GraduationProject\初步实验\Geogram与PaMO组合验证\实验结果\20261004_碰撞精度与反向面28体连续开发\弯曲骨样体_新参数1p25_交叉_e2_reference\


 Compressing files in C:\Users\24848\Desktop\GraduationProject\初步实验\Geogram与PaMO组合验证\实验结果\20261004_碰撞精度与反向面28体连续开发\弯曲骨样体_新参数2p25_交叉_e0_candidate_boolean\


 Compressing files in C:\Users\24848\Desktop\GraduationProject\初步实验\Geogram与PaMO组合验证\实验结果\20261004_碰撞精度与反向面28体连续开发\弯曲骨样体_新参数2p25_交叉_e0_candidate_input\


 Compressing files in C:\Users\24848\Desktop\GraduationProject\初步实验\Geogram与PaMO组合验证\实验结果\20261004_碰撞精度与反向面28体连续开发\弯曲骨样体_新参数2p25_交叉_e0_full_full\


 Compressing files in C:\Users\24848\Desktop\GraduationProject\初步实验\Geogram与PaMO组合验证\实验结果\20261004_碰撞精度与反向面28体连续开发\弯曲骨样体_新参数2p25_交叉_e0_full_input\


 Compressing files in C:\Users\24848\Desktop\GraduationProject\初步实验\Geogram与PaMO组合验证\实验结果\20261004_碰撞精度与反向面28体连续开发\弯曲骨样体_新参数2p25_交叉_e0_reference\


 Compressing files in C:\Users\24848\Desktop\GraduationProject\初步实验\Geogram与PaMO组合验证\实验结果\20261004_碰撞精度与反向面28体连续开发\弯曲骨样体_新参数2p25_交叉_e1_candidate_boolean\


 Compressing files in C:\Users\24848\Desktop\GraduationProject\初步实验\Geogram与PaMO组合验证\实验结果\20261004_碰撞精度与反向面28体连续开发\弯曲骨样体_新参数2p25_交叉_e1_candidate_input\


 Compressing files in C:\Users\24848\Desktop\GraduationProject\初步实验\Geogram与PaMO组合验证\实验结果\20261004_碰撞精度与反向面28体连续开发\弯曲骨样体_新参数2p25_交叉_e1_reference\


 Compressing files in C:\Users\24848\Desktop\GraduationProject\初步实验\Geogram与PaMO组合验证\实验结果\20261004_碰撞精度与反向面28体连续开发\弯曲骨样体_新参数2p25_交叉_e2_candidate_boolean\


 Compressing files in C:\Users\24848\Desktop\GraduationProject\初步实验\Geogram与PaMO组合验证\实验结果\20261004_碰撞精度与反向面28体连续开发\弯曲骨样体_新参数2p25_交叉_e2_candidate_input\


 Compressing files in C:\Users\24848\Desktop\GraduationProject\初步实验\Geogram与PaMO组合验证\实验结果\20261004_碰撞精度与反向面28体连续开发\弯曲骨样体_新参数2p25_交叉_e2_reference\


 Compressing files in C:\Users\24848\Desktop\GraduationProject\初步实验\Geogram与PaMO组合验证\实验结果\20261004_碰撞精度与反向面28体连续开发\弯曲骨样体_新参数3p25_交叉_e0_full_full\


 Compressing files in C:\Users\24848\Desktop\GraduationProject\初步实验\Geogram与PaMO组合验证\实验结果\20261004_碰撞精度与反向面28体连续开发\弯曲骨样体_新参数3p25_交叉_e0_full_input\


 Compressing files in C:\Users\24848\Desktop\GraduationProject\初步实验\Geogram与PaMO组合验证\实验结果\20261004_碰撞精度与反向面28体连续开发\弯曲骨样体_新参数3p25_交叉_e0_reference\


 Compressing files in C:\Users\24848\Desktop\GraduationProject\初步实验\Geogram与PaMO组合验证\实验结果\20261004_碰撞精度与反向面28体连续开发\板体_新参数0p25_交叉_e0_candidate_boolean\


 Compressing files in C:\Users\24848\Desktop\GraduationProject\初步实验\Geogram与PaMO组合验证\实验结果\20261004_碰撞精度与反向面28体连续开发\板体_新参数0p25_交叉_e0_candidate_input\


 Compressing files in C:\Users\24848\Desktop\GraduationProject\初步实验\Geogram与PaMO组合验证\实验结果\20261004_碰撞精度与反向面28体连续开发\板体_新参数0p25_交叉_e0_full_full\


 Compressing files in C:\Users\24848\Desktop\GraduationProject\初步实验\Geogram与PaMO组合验证\实验结果\20261004_碰撞精度与反向面28体连续开发\板体_新参数0p25_交叉_e0_full_input\


 Compressing files in C:\Users\24848\Desktop\GraduationProject\初步实验\Geogram与PaMO组合验证\实验结果\20261004_碰撞精度与反向面28体连续开发\板体_新参数0p25_交叉_e0_reference\


 Compressing files in C:\Users\24848\Desktop\GraduationProject\初步实验\Geogram与PaMO组合验证\实验结果\20261004_碰撞精度与反向面28体连续开发\板体_新参数0p25_交叉_e1_candidate_boolean\


 Compressing files in C:\Users\24848\Desktop\GraduationProject\初步实验\Geogram与PaMO组合验证\实验结果\20261004_碰撞精度与反向面28体连续开发\板体_新参数0p25_交叉_e1_candidate_input\


 Compressing files in C:\Users\24848\Desktop\GraduationProject\初步实验\Geogram与PaMO组合验证\实验结果\20261004_碰撞精度与反向面28体连续开发\板体_新参数0p25_交叉_e1_reference\


 Compressing files in C:\Users\24848\Desktop\GraduationProject\初步实验\Geogram与PaMO组合验证\实验结果\20261004_碰撞精度与反向面28体连续开发\板体_新参数0p25_交叉_e2_candidate_boolean\


 Compressing files in C:\Users\24848\Desktop\GraduationProject\初步实验\Geogram与PaMO组合验证\实验结果\20261004_碰撞精度与反向面28体连续开发\板体_新参数0p25_交叉_e2_candidate_input\


 Compressing files in C:\Users\24848\Desktop\GraduationProject\初步实验\Geogram与PaMO组合验证\实验结果\20261004_碰撞精度与反向面28体连续开发\板体_新参数0p25_交叉_e2_reference\


 Compressing files in C:\Users\24848\Desktop\GraduationProject\初步实验\Geogram与PaMO组合验证\实验结果\20261004_碰撞精度与反向面28体连续开发\板体_新参数1p25_交叉_e0_candidate_boolean\


 Compressing files in C:\Users\24848\Desktop\GraduationProject\初步实验\Geogram与PaMO组合验证\实验结果\20261004_碰撞精度与反向面28体连续开发\板体_新参数1p25_交叉_e0_candidate_input\


 Compressing files in C:\Users\24848\Desktop\GraduationProject\初步实验\Geogram与PaMO组合验证\实验结果\20261004_碰撞精度与反向面28体连续开发\板体_新参数1p25_交叉_e0_full_full\


 Compressing files in C:\Users\24848\Desktop\GraduationProject\初步实验\Geogram与PaMO组合验证\实验结果\20261004_碰撞精度与反向面28体连续开发\板体_新参数1p25_交叉_e0_full_input\


 Compressing files in C:\Users\24848\Desktop\GraduationProject\初步实验\Geogram与PaMO组合验证\实验结果\20261004_碰撞精度与反向面28体连续开发\板体_新参数1p25_交叉_e0_reference\


 Compressing files in C:\Users\24848\Desktop\GraduationProject\初步实验\Geogram与PaMO组合验证\实验结果\20261004_碰撞精度与反向面28体连续开发\板体_新参数1p25_交叉_e1_candidate_boolean\


 Compressing files in C:\Users\24848\Desktop\GraduationProject\初步实验\Geogram与PaMO组合验证\实验结果\20261004_碰撞精度与反向面28体连续开发\板体_新参数1p25_交叉_e1_candidate_input\


 Compressing files in C:\Users\24848\Desktop\GraduationProject\初步实验\Geogram与PaMO组合验证\实验结果\20261004_碰撞精度与反向面28体连续开发\板体_新参数1p25_交叉_e1_reference\


 Compressing files in C:\Users\24848\Desktop\GraduationProject\初步实验\Geogram与PaMO组合验证\实验结果\20261004_碰撞精度与反向面28体连续开发\板体_新参数1p25_交叉_e2_candidate_boolean\


 Compressing files in C:\Users\24848\Desktop\GraduationProject\初步实验\Geogram与PaMO组合验证\实验结果\20261004_碰撞精度与反向面28体连续开发\板体_新参数1p25_交叉_e2_candidate_input\


 Compressing files in C:\Users\24848\Desktop\GraduationProject\初步实验\Geogram与PaMO组合验证\实验结果\20261004_碰撞精度与反向面28体连续开发\板体_新参数1p25_交叉_e2_reference\


 Compressing files in C:\Users\24848\Desktop\GraduationProject\初步实验\Geogram与PaMO组合验证\实验结果\20261004_碰撞精度与反向面28体连续开发\板体_新参数2p25_交叉_e0_candidate_boolean\


 Compressing files in C:\Users\24848\Desktop\GraduationProject\初步实验\Geogram与PaMO组合验证\实验结果\20261004_碰撞精度与反向面28体连续开发\板体_新参数2p25_交叉_e0_candidate_input\


 Compressing files in C:\Users\24848\Desktop\GraduationProject\初步实验\Geogram与PaMO组合验证\实验结果\20261004_碰撞精度与反向面28体连续开发\板体_新参数2p25_交叉_e0_full_full\


 Compressing files in C:\Users\24848\Desktop\GraduationProject\初步实验\Geogram与PaMO组合验证\实验结果\20261004_碰撞精度与反向面28体连续开发\板体_新参数2p25_交叉_e0_full_input\


 Compressing files in C:\Users\24848\Desktop\GraduationProject\初步实验\Geogram与PaMO组合验证\实验结果\20261004_碰撞精度与反向面28体连续开发\板体_新参数2p25_交叉_e0_reference\


 Compressing files in C:\Users\24848\Desktop\GraduationProject\初步实验\Geogram与PaMO组合验证\实验结果\20261004_碰撞精度与反向面28体连续开发\板体_新参数2p25_交叉_e1_candidate_boolean\


 Compressing files in C:\Users\24848\Desktop\GraduationProject\初步实验\Geogram与PaMO组合验证\实验结果\20261004_碰撞精度与反向面28体连续开发\板体_新参数2p25_交叉_e1_candidate_input\


 Compressing files in C:\Users\24848\Desktop\GraduationProject\初步实验\Geogram与PaMO组合验证\实验结果\20261004_碰撞精度与反向面28体连续开发\板体_新参数2p25_交叉_e1_reference\


 Compressing files in C:\Users\24848\Desktop\GraduationProject\初步实验\Geogram与PaMO组合验证\实验结果\20261004_碰撞精度与反向面28体连续开发\板体_新参数2p25_交叉_e2_candidate_boolean\


 Compressing files in C:\Users\24848\Desktop\GraduationProject\初步实验\Geogram与PaMO组合验证\实验结果\20261004_碰撞精度与反向面28体连续开发\板体_新参数2p25_交叉_e2_candidate_input\


 Compressing files in C:\Users\24848\Desktop\GraduationProject\初步实验\Geogram与PaMO组合验证\实验结果\20261004_碰撞精度与反向面28体连续开发\板体_新参数2p25_交叉_e2_reference\


 Compressing files in C:\Users\24848\Desktop\GraduationProject\初步实验\Geogram与PaMO组合验证\实验结果\20261004_碰撞精度与反向面28体连续开发\板体_新参数3p25_交叉_e0_candidate_boolean\


 Compressing files in C:\Users\24848\Desktop\GraduationProject\初步实验\Geogram与PaMO组合验证\实验结果\20261004_碰撞精度与反向面28体连续开发\板体_新参数3p25_交叉_e0_candidate_input\


 Compressing files in C:\Users\24848\Desktop\GraduationProject\初步实验\Geogram与PaMO组合验证\实验结果\20261004_碰撞精度与反向面28体连续开发\板体_新参数3p25_交叉_e0_full_full\


 Compressing files in C:\Users\24848\Desktop\GraduationProject\初步实验\Geogram与PaMO组合验证\实验结果\20261004_碰撞精度与反向面28体连续开发\板体_新参数3p25_交叉_e0_full_input\


 Compressing files in C:\Users\24848\Desktop\GraduationProject\初步实验\Geogram与PaMO组合验证\实验结果\20261004_碰撞精度与反向面28体连续开发\板体_新参数3p25_交叉_e0_reference\


 Compressing files in C:\Users\24848\Desktop\GraduationProject\初步实验\Geogram与PaMO组合验证\实验结果\20261004_碰撞精度与反向面28体连续开发\板体_新参数3p25_交叉_e1_candidate_boolean\


 Compressing files in C:\Users\24848\Desktop\GraduationProject\初步实验\Geogram与PaMO组合验证\实验结果\20261004_碰撞精度与反向面28体连续开发\板体_新参数3p25_交叉_e1_candidate_input\


 Compressing files in C:\Users\24848\Desktop\GraduationProject\初步实验\Geogram与PaMO组合验证\实验结果\20261004_碰撞精度与反向面28体连续开发\板体_新参数3p25_交叉_e1_reference\


 Compressing files in C:\Users\24848\Desktop\GraduationProject\初步实验\Geogram与PaMO组合验证\实验结果\20261004_碰撞精度与反向面28体连续开发\板体_新参数3p25_交叉_e2_candidate_boolean\


 Compressing files in C:\Users\24848\Desktop\GraduationProject\初步实验\Geogram与PaMO组合验证\实验结果\20261004_碰撞精度与反向面28体连续开发\板体_新参数3p25_交叉_e2_candidate_input\


 Compressing files in C:\Users\24848\Desktop\GraduationProject\初步实验\Geogram与PaMO组合验证\实验结果\20261004_碰撞精度与反向面28体连续开发\板体_新参数3p25_交叉_e2_reference\


 Compressing files in C:\Users\24848\Desktop\GraduationProject\初步实验\Geogram与PaMO组合验证\实验结果\20261004_碰撞精度与反向面28体连续开发\椭球_新参数0p25_交叉_e0_candidate_boolean\


 Compressing files in C:\Users\24848\Desktop\GraduationProject\初步实验\Geogram与PaMO组合验证\实验结果\20261004_碰撞精度与反向面28体连续开发\椭球_新参数0p25_交叉_e0_candidate_input\


 Compressing files in C:\Users\24848\Desktop\GraduationProject\初步实验\Geogram与PaMO组合验证\实验结果\20261004_碰撞精度与反向面28体连续开发\椭球_新参数0p25_交叉_e0_full_full\


 Compressing files in C:\Users\24848\Desktop\GraduationProject\初步实验\Geogram与PaMO组合验证\实验结果\20261004_碰撞精度与反向面28体连续开发\椭球_新参数0p25_交叉_e0_full_input\


 Compressing files in C:\Users\24848\Desktop\GraduationProject\初步实验\Geogram与PaMO组合验证\实验结果\20261004_碰撞精度与反向面28体连续开发\椭球_新参数0p25_交叉_e0_reference\


 Compressing files in C:\Users\24848\Desktop\GraduationProject\初步实验\Geogram与PaMO组合验证\实验结果\20261004_碰撞精度与反向面28体连续开发\椭球_新参数0p25_交叉_e1_candidate_boolean\


 Compressing files in C:\Users\24848\Desktop\GraduationProject\初步实验\Geogram与PaMO组合验证\实验结果\20261004_碰撞精度与反向面28体连续开发\椭球_新参数0p25_交叉_e1_candidate_input\


 Compressing files in C:\Users\24848\Desktop\GraduationProject\初步实验\Geogram与PaMO组合验证\实验结果\20261004_碰撞精度与反向面28体连续开发\椭球_新参数0p25_交叉_e1_full_full\


 Compressing files in C:\Users\24848\Desktop\GraduationProject\初步实验\Geogram与PaMO组合验证\实验结果\20261004_碰撞精度与反向面28体连续开发\椭球_新参数0p25_交叉_e1_full_input\


 Compressing files in C:\Users\24848\Desktop\GraduationProject\初步实验\Geogram与PaMO组合验证\实验结果\20261004_碰撞精度与反向面28体连续开发\椭球_新参数0p25_交叉_e1_reference\


 Compressing files in C:\Users\24848\Desktop\GraduationProject\初步实验\Geogram与PaMO组合验证\实验结果\20261004_碰撞精度与反向面28体连续开发\椭球_新参数0p25_交叉_e2_candidate_boolean\


 Compressing files in C:\Users\24848\Desktop\GraduationProject\初步实验\Geogram与PaMO组合验证\实验结果\20261004_碰撞精度与反向面28体连续开发\椭球_新参数0p25_交叉_e2_candidate_input\


 Compressing files in C:\Users\24848\Desktop\GraduationProject\初步实验\Geogram与PaMO组合验证\实验结果\20261004_碰撞精度与反向面28体连续开发\椭球_新参数0p25_交叉_e2_full_full\


 Compressing files in C:\Users\24848\Desktop\GraduationProject\初步实验\Geogram与PaMO组合验证\实验结果\20261004_碰撞精度与反向面28体连续开发\椭球_新参数0p25_交叉_e2_full_input\


 Compressing files in C:\Users\24848\Desktop\GraduationProject\初步实验\Geogram与PaMO组合验证\实验结果\20261004_碰撞精度与反向面28体连续开发\椭球_新参数0p25_交叉_e2_reference\


 Compressing files in C:\Users\24848\Desktop\GraduationProject\初步实验\Geogram与PaMO组合验证\实验结果\20261004_碰撞精度与反向面28体连续开发\椭球_新参数1p25_交叉_e0_candidate_boolean\


 Compressing files in C:\Users\24848\Desktop\GraduationProject\初步实验\Geogram与PaMO组合验证\实验结果\20261004_碰撞精度与反向面28体连续开发\椭球_新参数1p25_交叉_e0_candidate_input\


 Compressing files in C:\Users\24848\Desktop\GraduationProject\初步实验\Geogram与PaMO组合验证\实验结果\20261004_碰撞精度与反向面28体连续开发\椭球_新参数1p25_交叉_e0_full_full\


 Compressing files in C:\Users\24848\Desktop\GraduationProject\初步实验\Geogram与PaMO组合验证\实验结果\20261004_碰撞精度与反向面28体连续开发\椭球_新参数1p25_交叉_e0_full_input\


 Compressing files in C:\Users\24848\Desktop\GraduationProject\初步实验\Geogram与PaMO组合验证\实验结果\20261004_碰撞精度与反向面28体连续开发\椭球_新参数1p25_交叉_e0_reference\


 Compressing files in C:\Users\24848\Desktop\GraduationProject\初步实验\Geogram与PaMO组合验证\实验结果\20261004_碰撞精度与反向面28体连续开发\椭球_新参数1p25_交叉_e1_candidate_boolean\


 Compressing files in C:\Users\24848\Desktop\GraduationProject\初步实验\Geogram与PaMO组合验证\实验结果\20261004_碰撞精度与反向面28体连续开发\椭球_新参数1p25_交叉_e1_candidate_input\


 Compressing files in C:\Users\24848\Desktop\GraduationProject\初步实验\Geogram与PaMO组合验证\实验结果\20261004_碰撞精度与反向面28体连续开发\椭球_新参数1p25_交叉_e1_full_full\


 Compressing files in C:\Users\24848\Desktop\GraduationProject\初步实验\Geogram与PaMO组合验证\实验结果\20261004_碰撞精度与反向面28体连续开发\椭球_新参数1p25_交叉_e1_full_input\


 Compressing files in C:\Users\24848\Desktop\GraduationProject\初步实验\Geogram与PaMO组合验证\实验结果\20261004_碰撞精度与反向面28体连续开发\椭球_新参数1p25_交叉_e1_reference\


 Compressing files in C:\Users\24848\Desktop\GraduationProject\初步实验\Geogram与PaMO组合验证\实验结果\20261004_碰撞精度与反向面28体连续开发\椭球_新参数1p25_交叉_e2_candidate_boolean\


 Compressing files in C:\Users\24848\Desktop\GraduationProject\初步实验\Geogram与PaMO组合验证\实验结果\20261004_碰撞精度与反向面28体连续开发\椭球_新参数1p25_交叉_e2_candidate_input\


 Compressing files in C:\Users\24848\Desktop\GraduationProject\初步实验\Geogram与PaMO组合验证\实验结果\20261004_碰撞精度与反向面28体连续开发\椭球_新参数1p25_交叉_e2_full_full\


 Compressing files in C:\Users\24848\Desktop\GraduationProject\初步实验\Geogram与PaMO组合验证\实验结果\20261004_碰撞精度与反向面28体连续开发\椭球_新参数1p25_交叉_e2_full_input\


 Compressing files in C:\Users\24848\Desktop\GraduationProject\初步实验\Geogram与PaMO组合验证\实验结果\20261004_碰撞精度与反向面28体连续开发\椭球_新参数1p25_交叉_e2_reference\


 Compressing files in C:\Users\24848\Desktop\GraduationProject\初步实验\Geogram与PaMO组合验证\实验结果\20261004_碰撞精度与反向面28体连续开发\椭球_新参数2p25_交叉_e0_candidate_boolean\


 Compressing files in C:\Users\24848\Desktop\GraduationProject\初步实验\Geogram与PaMO组合验证\实验结果\20261004_碰撞精度与反向面28体连续开发\椭球_新参数2p25_交叉_e0_candidate_input\


 Compressing files in C:\Users\24848\Desktop\GraduationProject\初步实验\Geogram与PaMO组合验证\实验结果\20261004_碰撞精度与反向面28体连续开发\椭球_新参数2p25_交叉_e0_full_full\


 Compressing files in C:\Users\24848\Desktop\GraduationProject\初步实验\Geogram与PaMO组合验证\实验结果\20261004_碰撞精度与反向面28体连续开发\椭球_新参数2p25_交叉_e0_full_input\


 Compressing files in C:\Users\24848\Desktop\GraduationProject\初步实验\Geogram与PaMO组合验证\实验结果\20261004_碰撞精度与反向面28体连续开发\椭球_新参数2p25_交叉_e0_reference\


 Compressing files in C:\Users\24848\Desktop\GraduationProject\初步实验\Geogram与PaMO组合验证\实验结果\20261004_碰撞精度与反向面28体连续开发\椭球_新参数2p25_交叉_e1_candidate_boolean\


 Compressing files in C:\Users\24848\Desktop\GraduationProject\初步实验\Geogram与PaMO组合验证\实验结果\20261004_碰撞精度与反向面28体连续开发\椭球_新参数2p25_交叉_e1_candidate_input\


 Compressing files in C:\Users\24848\Desktop\GraduationProject\初步实验\Geogram与PaMO组合验证\实验结果\20261004_碰撞精度与反向面28体连续开发\椭球_新参数2p25_交叉_e1_full_full\


 Compressing files in C:\Users\24848\Desktop\GraduationProject\初步实验\Geogram与PaMO组合验证\实验结果\20261004_碰撞精度与反向面28体连续开发\椭球_新参数2p25_交叉_e1_full_input\


 Compressing files in C:\Users\24848\Desktop\GraduationProject\初步实验\Geogram与PaMO组合验证\实验结果\20261004_碰撞精度与反向面28体连续开发\椭球_新参数2p25_交叉_e1_reference\


 Compressing files in C:\Users\24848\Desktop\GraduationProject\初步实验\Geogram与PaMO组合验证\实验结果\20261004_碰撞精度与反向面28体连续开发\椭球_新参数2p25_交叉_e2_candidate_boolean\


 Compressing files in C:\Users\24848\Desktop\GraduationProject\初步实验\Geogram与PaMO组合验证\实验结果\20261004_碰撞精度与反向面28体连续开发\椭球_新参数2p25_交叉_e2_candidate_input\


 Compressing files in C:\Users\24848\Desktop\GraduationProject\初步实验\Geogram与PaMO组合验证\实验结果\20261004_碰撞精度与反向面28体连续开发\椭球_新参数2p25_交叉_e2_reference\


 Compressing files in C:\Users\24848\Desktop\GraduationProject\初步实验\Geogram与PaMO组合验证\实验结果\20261004_碰撞精度与反向面28体连续开发\椭球_新参数3p25_交叉_e0_candidate_boolean\


 Compressing files in C:\Users\24848\Desktop\GraduationProject\初步实验\Geogram与PaMO组合验证\实验结果\20261004_碰撞精度与反向面28体连续开发\椭球_新参数3p25_交叉_e0_candidate_input\


 Compressing files in C:\Users\24848\Desktop\GraduationProject\初步实验\Geogram与PaMO组合验证\实验结果\20261004_碰撞精度与反向面28体连续开发\椭球_新参数3p25_交叉_e0_full_full\


 Compressing files in C:\Users\24848\Desktop\GraduationProject\初步实验\Geogram与PaMO组合验证\实验结果\20261004_碰撞精度与反向面28体连续开发\椭球_新参数3p25_交叉_e0_full_input\


 Compressing files in C:\Users\24848\Desktop\GraduationProject\初步实验\Geogram与PaMO组合验证\实验结果\20261004_碰撞精度与反向面28体连续开发\椭球_新参数3p25_交叉_e0_reference\


 Compressing files in C:\Users\24848\Desktop\GraduationProject\初步实验\Geogram与PaMO组合验证\实验结果\20261004_碰撞精度与反向面28体连续开发\椭球_新参数3p25_交叉_e1_candidate_boolean\


 Compressing files in C:\Users\24848\Desktop\GraduationProject\初步实验\Geogram与PaMO组合验证\实验结果\20261004_碰撞精度与反向面28体连续开发\椭球_新参数3p25_交叉_e1_candidate_input\


 Compressing files in C:\Users\24848\Desktop\GraduationProject\初步实验\Geogram与PaMO组合验证\实验结果\20261004_碰撞精度与反向面28体连续开发\椭球_新参数3p25_交叉_e1_full_full\


 Compressing files in C:\Users\24848\Desktop\GraduationProject\初步实验\Geogram与PaMO组合验证\实验结果\20261004_碰撞精度与反向面28体连续开发\椭球_新参数3p25_交叉_e1_full_input\


 Compressing files in C:\Users\24848\Desktop\GraduationProject\初步实验\Geogram与PaMO组合验证\实验结果\20261004_碰撞精度与反向面28体连续开发\椭球_新参数3p25_交叉_e1_reference\


 Compressing files in C:\Users\24848\Desktop\GraduationProject\初步实验\Geogram与PaMO组合验证\实验结果\20261004_碰撞精度与反向面28体连续开发\椭球_新参数3p25_交叉_e2_candidate_boolean\


 Compressing files in C:\Users\24848\Desktop\GraduationProject\初步实验\Geogram与PaMO组合验证\实验结果\20261004_碰撞精度与反向面28体连续开发\椭球_新参数3p25_交叉_e2_candidate_input\


 Compressing files in C:\Users\24848\Desktop\GraduationProject\初步实验\Geogram与PaMO组合验证\实验结果\20261004_碰撞精度与反向面28体连续开发\椭球_新参数3p25_交叉_e2_reference\


 Compressing files in C:\Users\24848\Desktop\GraduationProject\初步实验\Geogram与PaMO组合验证\实验结果\20261004_碰撞精度与反向面28体连续开发\球体_新参数0p25_交叉_e0_candidate_boolean\


 Compressing files in C:\Users\24848\Desktop\GraduationProject\初步实验\Geogram与PaMO组合验证\实验结果\20261004_碰撞精度与反向面28体连续开发\球体_新参数0p25_交叉_e0_candidate_input\


 Compressing files in C:\Users\24848\Desktop\GraduationProject\初步实验\Geogram与PaMO组合验证\实验结果\20261004_碰撞精度与反向面28体连续开发\球体_新参数0p25_交叉_e0_full_full\


 Compressing files in C:\Users\24848\Desktop\GraduationProject\初步实验\Geogram与PaMO组合验证\实验结果\20261004_碰撞精度与反向面28体连续开发\球体_新参数0p25_交叉_e0_full_input\


 Compressing files in C:\Users\24848\Desktop\GraduationProject\初步实验\Geogram与PaMO组合验证\实验结果\20261004_碰撞精度与反向面28体连续开发\球体_新参数0p25_交叉_e0_reference\


 Compressing files in C:\Users\24848\Desktop\GraduationProject\初步实验\Geogram与PaMO组合验证\实验结果\20261004_碰撞精度与反向面28体连续开发\球体_新参数0p25_交叉_e1_candidate_boolean\


 Compressing files in C:\Users\24848\Desktop\GraduationProject\初步实验\Geogram与PaMO组合验证\实验结果\20261004_碰撞精度与反向面28体连续开发\球体_新参数0p25_交叉_e1_candidate_input\


 Compressing files in C:\Users\24848\Desktop\GraduationProject\初步实验\Geogram与PaMO组合验证\实验结果\20261004_碰撞精度与反向面28体连续开发\球体_新参数0p25_交叉_e1_full_full\


 Compressing files in C:\Users\24848\Desktop\GraduationProject\初步实验\Geogram与PaMO组合验证\实验结果\20261004_碰撞精度与反向面28体连续开发\球体_新参数0p25_交叉_e1_full_input\


 Compressing files in C:\Users\24848\Desktop\GraduationProject\初步实验\Geogram与PaMO组合验证\实验结果\20261004_碰撞精度与反向面28体连续开发\球体_新参数0p25_交叉_e1_reference\


 Compressing files in C:\Users\24848\Desktop\GraduationProject\初步实验\Geogram与PaMO组合验证\实验结果\20261004_碰撞精度与反向面28体连续开发\球体_新参数0p25_交叉_e2_candidate_boolean\


 Compressing files in C:\Users\24848\Desktop\GraduationProject\初步实验\Geogram与PaMO组合验证\实验结果\20261004_碰撞精度与反向面28体连续开发\球体_新参数0p25_交叉_e2_candidate_input\


 Compressing files in C:\Users\24848\Desktop\GraduationProject\初步实验\Geogram与PaMO组合验证\实验结果\20261004_碰撞精度与反向面28体连续开发\球体_新参数0p25_交叉_e2_full_full\


 Compressing files in C:\Users\24848\Desktop\GraduationProject\初步实验\Geogram与PaMO组合验证\实验结果\20261004_碰撞精度与反向面28体连续开发\球体_新参数0p25_交叉_e2_full_input\


 Compressing files in C:\Users\24848\Desktop\GraduationProject\初步实验\Geogram与PaMO组合验证\实验结果\20261004_碰撞精度与反向面28体连续开发\球体_新参数0p25_交叉_e2_reference\


 Compressing files in C:\Users\24848\Desktop\GraduationProject\初步实验\Geogram与PaMO组合验证\实验结果\20261004_碰撞精度与反向面28体连续开发\球体_新参数1p25_交叉_e0_candidate_boolean\


 Compressing files in C:\Users\24848\Desktop\GraduationProject\初步实验\Geogram与PaMO组合验证\实验结果\20261004_碰撞精度与反向面28体连续开发\球体_新参数1p25_交叉_e0_candidate_input\


 Compressing files in C:\Users\24848\Desktop\GraduationProject\初步实验\Geogram与PaMO组合验证\实验结果\20261004_碰撞精度与反向面28体连续开发\球体_新参数1p25_交叉_e0_full_full\


 Compressing files in C:\Users\24848\Desktop\GraduationProject\初步实验\Geogram与PaMO组合验证\实验结果\20261004_碰撞精度与反向面28体连续开发\球体_新参数1p25_交叉_e0_full_input\


 Compressing files in C:\Users\24848\Desktop\GraduationProject\初步实验\Geogram与PaMO组合验证\实验结果\20261004_碰撞精度与反向面28体连续开发\球体_新参数1p25_交叉_e0_reference\


 Compressing files in C:\Users\24848\Desktop\GraduationProject\初步实验\Geogram与PaMO组合验证\实验结果\20261004_碰撞精度与反向面28体连续开发\球体_新参数1p25_交叉_e1_candidate_boolean\


 Compressing files in C:\Users\24848\Desktop\GraduationProject\初步实验\Geogram与PaMO组合验证\实验结果\20261004_碰撞精度与反向面28体连续开发\球体_新参数1p25_交叉_e1_candidate_input\


 Compressing files in C:\Users\24848\Desktop\GraduationProject\初步实验\Geogram与PaMO组合验证\实验结果\20261004_碰撞精度与反向面28体连续开发\球体_新参数1p25_交叉_e1_full_full\


 Compressing files in C:\Users\24848\Desktop\GraduationProject\初步实验\Geogram与PaMO组合验证\实验结果\20261004_碰撞精度与反向面28体连续开发\球体_新参数1p25_交叉_e1_full_input\


 Compressing files in C:\Users\24848\Desktop\GraduationProject\初步实验\Geogram与PaMO组合验证\实验结果\20261004_碰撞精度与反向面28体连续开发\球体_新参数1p25_交叉_e1_reference\


 Compressing files in C:\Users\24848\Desktop\GraduationProject\初步实验\Geogram与PaMO组合验证\实验结果\20261004_碰撞精度与反向面28体连续开发\球体_新参数1p25_交叉_e2_candidate_boolean\


 Compressing files in C:\Users\24848\Desktop\GraduationProject\初步实验\Geogram与PaMO组合验证\实验结果\20261004_碰撞精度与反向面28体连续开发\球体_新参数1p25_交叉_e2_candidate_expanded\


 Compressing files in C:\Users\24848\Desktop\GraduationProject\初步实验\Geogram与PaMO组合验证\实验结果\20261004_碰撞精度与反向面28体连续开发\球体_新参数1p25_交叉_e2_candidate_full\


 Compressing files in C:\Users\24848\Desktop\GraduationProject\初步实验\Geogram与PaMO组合验证\实验结果\20261004_碰撞精度与反向面28体连续开发\球体_新参数1p25_交叉_e2_candidate_input\


 Compressing files in C:\Users\24848\Desktop\GraduationProject\初步实验\Geogram与PaMO组合验证\实验结果\20261004_碰撞精度与反向面28体连续开发\球体_新参数1p25_交叉_e2_full_full\


 Compressing files in C:\Users\24848\Desktop\GraduationProject\初步实验\Geogram与PaMO组合验证\实验结果\20261004_碰撞精度与反向面28体连续开发\球体_新参数1p25_交叉_e2_full_input\


 Compressing files in C:\Users\24848\Desktop\GraduationProject\初步实验\Geogram与PaMO组合验证\实验结果\20261004_碰撞精度与反向面28体连续开发\球体_新参数1p25_交叉_e2_reference\


 Compressing files in C:\Users\24848\Desktop\GraduationProject\初步实验\Geogram与PaMO组合验证\实验结果\20261004_碰撞精度与反向面28体连续开发\球体_新参数2p25_交叉_e0_candidate_boolean\


 Compressing files in C:\Users\24848\Desktop\GraduationProject\初步实验\Geogram与PaMO组合验证\实验结果\20261004_碰撞精度与反向面28体连续开发\球体_新参数2p25_交叉_e0_candidate_input\


 Compressing files in C:\Users\24848\Desktop\GraduationProject\初步实验\Geogram与PaMO组合验证\实验结果\20261004_碰撞精度与反向面28体连续开发\球体_新参数2p25_交叉_e0_full_full\


 Compressing files in C:\Users\24848\Desktop\GraduationProject\初步实验\Geogram与PaMO组合验证\实验结果\20261004_碰撞精度与反向面28体连续开发\球体_新参数2p25_交叉_e0_full_input\


 Compressing files in C:\Users\24848\Desktop\GraduationProject\初步实验\Geogram与PaMO组合验证\实验结果\20261004_碰撞精度与反向面28体连续开发\球体_新参数2p25_交叉_e0_reference\


 Compressing files in C:\Users\24848\Desktop\GraduationProject\初步实验\Geogram与PaMO组合验证\实验结果\20261004_碰撞精度与反向面28体连续开发\球体_新参数2p25_交叉_e1_candidate_boolean\


 Compressing files in C:\Users\24848\Desktop\GraduationProject\初步实验\Geogram与PaMO组合验证\实验结果\20261004_碰撞精度与反向面28体连续开发\球体_新参数2p25_交叉_e1_candidate_input\


 Compressing files in C:\Users\24848\Desktop\GraduationProject\初步实验\Geogram与PaMO组合验证\实验结果\20261004_碰撞精度与反向面28体连续开发\球体_新参数2p25_交叉_e1_full_full\


 Compressing files in C:\Users\24848\Desktop\GraduationProject\初步实验\Geogram与PaMO组合验证\实验结果\20261004_碰撞精度与反向面28体连续开发\球体_新参数2p25_交叉_e1_full_input\


 Compressing files in C:\Users\24848\Desktop\GraduationProject\初步实验\Geogram与PaMO组合验证\实验结果\20261004_碰撞精度与反向面28体连续开发\球体_新参数2p25_交叉_e1_reference\


 Compressing files in C:\Users\24848\Desktop\GraduationProject\初步实验\Geogram与PaMO组合验证\实验结果\20261004_碰撞精度与反向面28体连续开发\球体_新参数2p25_交叉_e2_candidate_boolean\


 Compressing files in C:\Users\24848\Desktop\GraduationProject\初步实验\Geogram与PaMO组合验证\实验结果\20261004_碰撞精度与反向面28体连续开发\球体_新参数2p25_交叉_e2_candidate_input\


 Compressing files in C:\Users\24848\Desktop\GraduationProject\初步实验\Geogram与PaMO组合验证\实验结果\20261004_碰撞精度与反向面28体连续开发\球体_新参数2p25_交叉_e2_full_full\


 Compressing files in C:\Users\24848\Desktop\GraduationProject\初步实验\Geogram与PaMO组合验证\实验结果\20261004_碰撞精度与反向面28体连续开发\球体_新参数2p25_交叉_e2_full_input\


 Compressing files in C:\Users\24848\Desktop\GraduationProject\初步实验\Geogram与PaMO组合验证\实验结果\20261004_碰撞精度与反向面28体连续开发\球体_新参数2p25_交叉_e2_reference\


 Compressing files in C:\Users\24848\Desktop\GraduationProject\初步实验\Geogram与PaMO组合验证\实验结果\20261004_碰撞精度与反向面28体连续开发\球体_新参数3p25_交叉_e0_candidate_boolean\


 Compressing files in C:\Users\24848\Desktop\GraduationProject\初步实验\Geogram与PaMO组合验证\实验结果\20261004_碰撞精度与反向面28体连续开发\球体_新参数3p25_交叉_e0_candidate_input\


 Compressing files in C:\Users\24848\Desktop\GraduationProject\初步实验\Geogram与PaMO组合验证\实验结果\20261004_碰撞精度与反向面28体连续开发\球体_新参数3p25_交叉_e0_full_full\


 Compressing files in C:\Users\24848\Desktop\GraduationProject\初步实验\Geogram与PaMO组合验证\实验结果\20261004_碰撞精度与反向面28体连续开发\球体_新参数3p25_交叉_e0_full_input\


 Compressing files in C:\Users\24848\Desktop\GraduationProject\初步实验\Geogram与PaMO组合验证\实验结果\20261004_碰撞精度与反向面28体连续开发\球体_新参数3p25_交叉_e0_reference\


 Compressing files in C:\Users\24848\Desktop\GraduationProject\初步实验\Geogram与PaMO组合验证\实验结果\20261004_碰撞精度与反向面28体连续开发\球体_新参数3p25_交叉_e1_candidate_boolean\


 Compressing files in C:\Users\24848\Desktop\GraduationProject\初步实验\Geogram与PaMO组合验证\实验结果\20261004_碰撞精度与反向面28体连续开发\球体_新参数3p25_交叉_e1_candidate_input\


 Compressing files in C:\Users\24848\Desktop\GraduationProject\初步实验\Geogram与PaMO组合验证\实验结果\20261004_碰撞精度与反向面28体连续开发\球体_新参数3p25_交叉_e1_full_full\


 Compressing files in C:\Users\24848\Desktop\GraduationProject\初步实验\Geogram与PaMO组合验证\实验结果\20261004_碰撞精度与反向面28体连续开发\球体_新参数3p25_交叉_e1_full_input\


 Compressing files in C:\Users\24848\Desktop\GraduationProject\初步实验\Geogram与PaMO组合验证\实验结果\20261004_碰撞精度与反向面28体连续开发\球体_新参数3p25_交叉_e1_reference\


 Compressing files in C:\Users\24848\Desktop\GraduationProject\初步实验\Geogram与PaMO组合验证\实验结果\20261004_碰撞精度与反向面28体连续开发\球体_新参数3p25_交叉_e2_candidate_boolean\


 Compressing files in C:\Users\24848\Desktop\GraduationProject\初步实验\Geogram与PaMO组合验证\实验结果\20261004_碰撞精度与反向面28体连续开发\球体_新参数3p25_交叉_e2_candidate_input\


 Compressing files in C:\Users\24848\Desktop\GraduationProject\初步实验\Geogram与PaMO组合验证\实验结果\20261004_碰撞精度与反向面28体连续开发\球体_新参数3p25_交叉_e2_full_full\


 Compressing files in C:\Users\24848\Desktop\GraduationProject\初步实验\Geogram与PaMO组合验证\实验结果\20261004_碰撞精度与反向面28体连续开发\球体_新参数3p25_交叉_e2_full_input\


 Compressing files in C:\Users\24848\Desktop\GraduationProject\初步实验\Geogram与PaMO组合验证\实验结果\20261004_碰撞精度与反向面28体连续开发\球体_新参数3p25_交叉_e2_reference\


1034 files within 202 directories were compressed.
65,749,796 total bytes of data are stored in 25,822,857 bytes.
The compression ratio is 2.5 to 1.
