Stage1 :  True
Stage3 :  True
Warp 1.0.0-beta.2 initialized:
   CUDA Toolkit: 12.8, Driver: 13.2
   Devices:
     "cpu"    | x86_64
     "cuda:0" | NVIDIA GeForce RTX 4090 (sm_89)
   Kernel cache: /root/.cache/warp/1.0.0-beta.2
Target faces : 3086
Time for Remeshing: 0.08625626564025879 sec
Time for Simplification: 0.40049290657043457 sec
Module pamo_safe_project.kernels.geometry_kernels load on device 'cuda:0' took 12.11 ms
Module pamo_safe_project.kernels.energy_kernels.elastic_energy load on device 'cuda:0' took 10.72 ms
Module pamo_safe_project.kernels.energy_kernels.hinge_energy load on device 'cuda:0' took 26.90 ms
Module pamo_safe_project.kernels.energy_kernels.contact_detection load on device 'cuda:0' took 16.13 ms
Module pamo_safe_project.kernels.energy_kernels.distance_energy load on device 'cuda:0' took 21.09 ms
Module pamo_safe_project.kernels.energy_kernels.collision_energy load on device 'cuda:0' took 70.34 ms
Module pamo_safe_project.kernels.utils_kernels load on device 'cuda:0' took 3.17 ms
Module pamo_safe_project.kernels.solver_kernels load on device 'cuda:0' took 2.66 ms
Module warp.utils load on device 'cuda:0' took 1.40 ms
Module pamo_safe_project.kernels.distance_kernels.grad_funcs load on device 'cuda:0' took 16.74 ms
Module pamo_safe_project.kernels.distance_kernels.hessian_funcs load on device 'cuda:0' took 71.61 ms
Module pamo_safe_project.kernels.distance_kernels.distance_kernels load on device 'cuda:0' took 101.82 ms
Module pamo_safe_project.kernels.distance_kernels.grad_funcs_struct load on device 'cuda:0' took 15.88 ms
Module pamo_safe_project.kernels.distance_kernels.distance_kernels_struct load on device 'cuda:0' took 17.21 ms
Module pamo_safe_project.kernels.ccd_kernels load on device 'cuda:0' took 21.23 ms
Module pamo_safe_project.kernels.energy_kernels.lb_curvature_energy load on device 'cuda:0' took 3.14 ms
Module locality_gpu load on device 'cuda:0' took 0.72 ms
{"pamo_run_ms": 1432.4024273082614, "stage1": "original", "method": "full", "maintenance_ms": 3038.8558246195316, "status": "pending_independent_audit"}
