
 Setting the directory C:\Users\24848\Desktop\GraduationProject\初步实验\Geogram与PaMO组合验证\实验结果\20261004_逐步独立参照固定几何完整反馈\ to compress new files 
 Compressing files in C:\Users\24848\Desktop\GraduationProject\初步实验\Geogram与PaMO组合验证\实验结果\20261004_逐步独立参照固定几何完整反馈\


 Compressing files in C:\Users\24848\Desktop\GraduationProject\初步实验\Geogram与PaMO组合验证\实验结果\20261004_逐步独立参照固定几何完整反馈\application_ct_16_e0_candidate_boolean\


 Compressing files in C:\Users\24848\Desktop\GraduationProject\初步实验\Geogram与PaMO组合验证\实验结果\20261004_逐步独立参照固定几何完整反馈\application_ct_16_e0_candidate_boolean\full_geometry_checks\


 Compressing files in C:\Users\24848\Desktop\GraduationProject\初步实验\Geogram与PaMO组合验证\实验结果\20261004_逐步独立参照固定几何完整反馈\application_ct_16_e0_candidate_input\


 Compressing files in C:\Users\24848\Desktop\GraduationProject\初步实验\Geogram与PaMO组合验证\实验结果\20261004_逐步独立参照固定几何完整反馈\application_ct_16_e0_candidate_input\full_geometry_checks\


 Compressing files in C:\Users\24848\Desktop\GraduationProject\初步实验\Geogram与PaMO组合验证\实验结果\20261004_逐步独立参照固定几何完整反馈\application_ct_16_e0_full_full\


 Compressing files in C:\Users\24848\Desktop\GraduationProject\初步实验\Geogram与PaMO组合验证\实验结果\20261004_逐步独立参照固定几何完整反馈\application_ct_16_e0_full_full\full_geometry_checks\


 Compressing files in C:\Users\24848\Desktop\GraduationProject\初步实验\Geogram与PaMO组合验证\实验结果\20261004_逐步独立参照固定几何完整反馈\application_ct_16_e0_full_input\


 Compressing files in C:\Users\24848\Desktop\GraduationProject\初步实验\Geogram与PaMO组合验证\实验结果\20261004_逐步独立参照固定几何完整反馈\application_ct_16_e0_full_input\full_geometry_checks\


 Compressing files in C:\Users\24848\Desktop\GraduationProject\初步实验\Geogram与PaMO组合验证\实验结果\20261004_逐步独立参照固定几何完整反馈\application_ct_16_e0_reference\


 Compressing files in C:\Users\24848\Desktop\GraduationProject\初步实验\Geogram与PaMO组合验证\实验结果\20261004_逐步独立参照固定几何完整反馈\application_ct_16_e0_reference\full_geometry_checks\


 Compressing files in C:\Users\24848\Desktop\GraduationProject\初步实验\Geogram与PaMO组合验证\实验结果\20261004_逐步独立参照固定几何完整反馈\application_ct_16_e10_candidate_boolean\


 Compressing files in C:\Users\24848\Desktop\GraduationProject\初步实验\Geogram与PaMO组合验证\实验结果\20261004_逐步独立参照固定几何完整反馈\application_ct_16_e10_candidate_boolean\full_geometry_checks\


 Compressing files in C:\Users\24848\Desktop\GraduationProject\初步实验\Geogram与PaMO组合验证\实验结果\20261004_逐步独立参照固定几何完整反馈\application_ct_16_e10_candidate_input\


 Compressing files in C:\Users\24848\Desktop\GraduationProject\初步实验\Geogram与PaMO组合验证\实验结果\20261004_逐步独立参照固定几何完整反馈\application_ct_16_e10_candidate_input\full_geometry_checks\


 Compressing files in C:\Users\24848\Desktop\GraduationProject\初步实验\Geogram与PaMO组合验证\实验结果\20261004_逐步独立参照固定几何完整反馈\application_ct_16_e10_reference\


 Compressing files in C:\Users\24848\Desktop\GraduationProject\初步实验\Geogram与PaMO组合验证\实验结果\20261004_逐步独立参照固定几何完整反馈\application_ct_16_e10_reference\e0\


 Compressing files in C:\Users\24848\Desktop\GraduationProject\初步实验\Geogram与PaMO组合验证\实验结果\20261004_逐步独立参照固定几何完整反馈\application_ct_16_e10_reference\e0\checks\


 Compressing files in C:\Users\24848\Desktop\GraduationProject\初步实验\Geogram与PaMO组合验证\实验结果\20261004_逐步独立参照固定几何完整反馈\application_ct_16_e10_reference\e1\


 Compressing files in C:\Users\24848\Desktop\GraduationProject\初步实验\Geogram与PaMO组合验证\实验结果\20261004_逐步独立参照固定几何完整反馈\application_ct_16_e10_reference\e1\checks\


 Compressing files in C:\Users\24848\Desktop\GraduationProject\初步实验\Geogram与PaMO组合验证\实验结果\20261004_逐步独立参照固定几何完整反馈\application_ct_16_e10_reference\e10\


 Compressing files in C:\Users\24848\Desktop\GraduationProject\初步实验\Geogram与PaMO组合验证\实验结果\20261004_逐步独立参照固定几何完整反馈\application_ct_16_e10_reference\e10\checks\


 Compressing files in C:\Users\24848\Desktop\GraduationProject\初步实验\Geogram与PaMO组合验证\实验结果\20261004_逐步独立参照固定几何完整反馈\application_ct_16_e10_reference\e2\


 Compressing files in C:\Users\24848\Desktop\GraduationProject\初步实验\Geogram与PaMO组合验证\实验结果\20261004_逐步独立参照固定几何完整反馈\application_ct_16_e10_reference\e2\checks\


 Compressing files in C:\Users\24848\Desktop\GraduationProject\初步实验\Geogram与PaMO组合验证\实验结果\20261004_逐步独立参照固定几何完整反馈\application_ct_16_e10_reference\e3\


 Compressing files in C:\Users\24848\Desktop\GraduationProject\初步实验\Geogram与PaMO组合验证\实验结果\20261004_逐步独立参照固定几何完整反馈\application_ct_16_e10_reference\e3\checks\


 Compressing files in C:\Users\24848\Desktop\GraduationProject\初步实验\Geogram与PaMO组合验证\实验结果\20261004_逐步独立参照固定几何完整反馈\application_ct_16_e10_reference\e4\


 Compressing files in C:\Users\24848\Desktop\GraduationProject\初步实验\Geogram与PaMO组合验证\实验结果\20261004_逐步独立参照固定几何完整反馈\application_ct_16_e10_reference\e4\checks\


 Compressing files in C:\Users\24848\Desktop\GraduationProject\初步实验\Geogram与PaMO组合验证\实验结果\20261004_逐步独立参照固定几何完整反馈\application_ct_16_e10_reference\e5\


 Compressing files in C:\Users\24848\Desktop\GraduationProject\初步实验\Geogram与PaMO组合验证\实验结果\20261004_逐步独立参照固定几何完整反馈\application_ct_16_e10_reference\e5\checks\


 Compressing files in C:\Users\24848\Desktop\GraduationProject\初步实验\Geogram与PaMO组合验证\实验结果\20261004_逐步独立参照固定几何完整反馈\application_ct_16_e10_reference\e6\


 Compressing files in C:\Users\24848\Desktop\GraduationProject\初步实验\Geogram与PaMO组合验证\实验结果\20261004_逐步独立参照固定几何完整反馈\application_ct_16_e10_reference\e6\checks\


 Compressing files in C:\Users\24848\Desktop\GraduationProject\初步实验\Geogram与PaMO组合验证\实验结果\20261004_逐步独立参照固定几何完整反馈\application_ct_16_e10_reference\e7\


 Compressing files in C:\Users\24848\Desktop\GraduationProject\初步实验\Geogram与PaMO组合验证\实验结果\20261004_逐步独立参照固定几何完整反馈\application_ct_16_e10_reference\e7\checks\


 Compressing files in C:\Users\24848\Desktop\GraduationProject\初步实验\Geogram与PaMO组合验证\实验结果\20261004_逐步独立参照固定几何完整反馈\application_ct_16_e10_reference\e8\


 Compressing files in C:\Users\24848\Desktop\GraduationProject\初步实验\Geogram与PaMO组合验证\实验结果\20261004_逐步独立参照固定几何完整反馈\application_ct_16_e10_reference\e8\checks\


 Compressing files in C:\Users\24848\Desktop\GraduationProject\初步实验\Geogram与PaMO组合验证\实验结果\20261004_逐步独立参照固定几何完整反馈\application_ct_16_e10_reference\e9\


 Compressing files in C:\Users\24848\Desktop\GraduationProject\初步实验\Geogram与PaMO组合验证\实验结果\20261004_逐步独立参照固定几何完整反馈\application_ct_16_e10_reference\e9\checks\


 Compressing files in C:\Users\24848\Desktop\GraduationProject\初步实验\Geogram与PaMO组合验证\实验结果\20261004_逐步独立参照固定几何完整反馈\application_ct_16_e10_reference\full_geometry_checks\


 Compressing files in C:\Users\24848\Desktop\GraduationProject\初步实验\Geogram与PaMO组合验证\实验结果\20261004_逐步独立参照固定几何完整反馈\application_ct_16_e10_reference\initial_checks\


 Compressing files in C:\Users\24848\Desktop\GraduationProject\初步实验\Geogram与PaMO组合验证\实验结果\20261004_逐步独立参照固定几何完整反馈\application_ct_16_e11_candidate_boolean\


 Compressing files in C:\Users\24848\Desktop\GraduationProject\初步实验\Geogram与PaMO组合验证\实验结果\20261004_逐步独立参照固定几何完整反馈\application_ct_16_e11_candidate_boolean\full_geometry_checks\


 Compressing files in C:\Users\24848\Desktop\GraduationProject\初步实验\Geogram与PaMO组合验证\实验结果\20261004_逐步独立参照固定几何完整反馈\application_ct_16_e11_candidate_input\


 Compressing files in C:\Users\24848\Desktop\GraduationProject\初步实验\Geogram与PaMO组合验证\实验结果\20261004_逐步独立参照固定几何完整反馈\application_ct_16_e11_candidate_input\full_geometry_checks\


 Compressing files in C:\Users\24848\Desktop\GraduationProject\初步实验\Geogram与PaMO组合验证\实验结果\20261004_逐步独立参照固定几何完整反馈\application_ct_16_e11_reference\


 Compressing files in C:\Users\24848\Desktop\GraduationProject\初步实验\Geogram与PaMO组合验证\实验结果\20261004_逐步独立参照固定几何完整反馈\application_ct_16_e11_reference\e0\


 Compressing files in C:\Users\24848\Desktop\GraduationProject\初步实验\Geogram与PaMO组合验证\实验结果\20261004_逐步独立参照固定几何完整反馈\application_ct_16_e11_reference\e0\checks\


 Compressing files in C:\Users\24848\Desktop\GraduationProject\初步实验\Geogram与PaMO组合验证\实验结果\20261004_逐步独立参照固定几何完整反馈\application_ct_16_e11_reference\e1\


 Compressing files in C:\Users\24848\Desktop\GraduationProject\初步实验\Geogram与PaMO组合验证\实验结果\20261004_逐步独立参照固定几何完整反馈\application_ct_16_e11_reference\e1\checks\


 Compressing files in C:\Users\24848\Desktop\GraduationProject\初步实验\Geogram与PaMO组合验证\实验结果\20261004_逐步独立参照固定几何完整反馈\application_ct_16_e11_reference\e10\


 Compressing files in C:\Users\24848\Desktop\GraduationProject\初步实验\Geogram与PaMO组合验证\实验结果\20261004_逐步独立参照固定几何完整反馈\application_ct_16_e11_reference\e10\checks\


 Compressing files in C:\Users\24848\Desktop\GraduationProject\初步实验\Geogram与PaMO组合验证\实验结果\20261004_逐步独立参照固定几何完整反馈\application_ct_16_e11_reference\e11\


 Compressing files in C:\Users\24848\Desktop\GraduationProject\初步实验\Geogram与PaMO组合验证\实验结果\20261004_逐步独立参照固定几何完整反馈\application_ct_16_e11_reference\e11\checks\


 Compressing files in C:\Users\24848\Desktop\GraduationProject\初步实验\Geogram与PaMO组合验证\实验结果\20261004_逐步独立参照固定几何完整反馈\application_ct_16_e11_reference\e2\


 Compressing files in C:\Users\24848\Desktop\GraduationProject\初步实验\Geogram与PaMO组合验证\实验结果\20261004_逐步独立参照固定几何完整反馈\application_ct_16_e11_reference\e2\checks\


 Compressing files in C:\Users\24848\Desktop\GraduationProject\初步实验\Geogram与PaMO组合验证\实验结果\20261004_逐步独立参照固定几何完整反馈\application_ct_16_e11_reference\e3\


 Compressing files in C:\Users\24848\Desktop\GraduationProject\初步实验\Geogram与PaMO组合验证\实验结果\20261004_逐步独立参照固定几何完整反馈\application_ct_16_e11_reference\e3\checks\


 Compressing files in C:\Users\24848\Desktop\GraduationProject\初步实验\Geogram与PaMO组合验证\实验结果\20261004_逐步独立参照固定几何完整反馈\application_ct_16_e11_reference\e4\


 Compressing files in C:\Users\24848\Desktop\GraduationProject\初步实验\Geogram与PaMO组合验证\实验结果\20261004_逐步独立参照固定几何完整反馈\application_ct_16_e11_reference\e4\checks\


 Compressing files in C:\Users\24848\Desktop\GraduationProject\初步实验\Geogram与PaMO组合验证\实验结果\20261004_逐步独立参照固定几何完整反馈\application_ct_16_e11_reference\e5\


 Compressing files in C:\Users\24848\Desktop\GraduationProject\初步实验\Geogram与PaMO组合验证\实验结果\20261004_逐步独立参照固定几何完整反馈\application_ct_16_e11_reference\e5\checks\


 Compressing files in C:\Users\24848\Desktop\GraduationProject\初步实验\Geogram与PaMO组合验证\实验结果\20261004_逐步独立参照固定几何完整反馈\application_ct_16_e11_reference\e6\


 Compressing files in C:\Users\24848\Desktop\GraduationProject\初步实验\Geogram与PaMO组合验证\实验结果\20261004_逐步独立参照固定几何完整反馈\application_ct_16_e11_reference\e6\checks\


 Compressing files in C:\Users\24848\Desktop\GraduationProject\初步实验\Geogram与PaMO组合验证\实验结果\20261004_逐步独立参照固定几何完整反馈\application_ct_16_e11_reference\e7\


 Compressing files in C:\Users\24848\Desktop\GraduationProject\初步实验\Geogram与PaMO组合验证\实验结果\20261004_逐步独立参照固定几何完整反馈\application_ct_16_e11_reference\e7\checks\


 Compressing files in C:\Users\24848\Desktop\GraduationProject\初步实验\Geogram与PaMO组合验证\实验结果\20261004_逐步独立参照固定几何完整反馈\application_ct_16_e11_reference\e8\


 Compressing files in C:\Users\24848\Desktop\GraduationProject\初步实验\Geogram与PaMO组合验证\实验结果\20261004_逐步独立参照固定几何完整反馈\application_ct_16_e11_reference\e8\checks\


 Compressing files in C:\Users\24848\Desktop\GraduationProject\初步实验\Geogram与PaMO组合验证\实验结果\20261004_逐步独立参照固定几何完整反馈\application_ct_16_e11_reference\e9\


 Compressing files in C:\Users\24848\Desktop\GraduationProject\初步实验\Geogram与PaMO组合验证\实验结果\20261004_逐步独立参照固定几何完整反馈\application_ct_16_e11_reference\e9\checks\


 Compressing files in C:\Users\24848\Desktop\GraduationProject\初步实验\Geogram与PaMO组合验证\实验结果\20261004_逐步独立参照固定几何完整反馈\application_ct_16_e11_reference\full_geometry_checks\


 Compressing files in C:\Users\24848\Desktop\GraduationProject\初步实验\Geogram与PaMO组合验证\实验结果\20261004_逐步独立参照固定几何完整反馈\application_ct_16_e11_reference\initial_checks\


 Compressing files in C:\Users\24848\Desktop\GraduationProject\初步实验\Geogram与PaMO组合验证\实验结果\20261004_逐步独立参照固定几何完整反馈\application_ct_16_e12_candidate_boolean\


 Compressing files in C:\Users\24848\Desktop\GraduationProject\初步实验\Geogram与PaMO组合验证\实验结果\20261004_逐步独立参照固定几何完整反馈\application_ct_16_e12_candidate_boolean\full_geometry_checks\


 Compressing files in C:\Users\24848\Desktop\GraduationProject\初步实验\Geogram与PaMO组合验证\实验结果\20261004_逐步独立参照固定几何完整反馈\application_ct_16_e12_candidate_input\


 Compressing files in C:\Users\24848\Desktop\GraduationProject\初步实验\Geogram与PaMO组合验证\实验结果\20261004_逐步独立参照固定几何完整反馈\application_ct_16_e12_candidate_input\full_geometry_checks\


 Compressing files in C:\Users\24848\Desktop\GraduationProject\初步实验\Geogram与PaMO组合验证\实验结果\20261004_逐步独立参照固定几何完整反馈\application_ct_16_e12_reference\


 Compressing files in C:\Users\24848\Desktop\GraduationProject\初步实验\Geogram与PaMO组合验证\实验结果\20261004_逐步独立参照固定几何完整反馈\application_ct_16_e12_reference\e0\


 Compressing files in C:\Users\24848\Desktop\GraduationProject\初步实验\Geogram与PaMO组合验证\实验结果\20261004_逐步独立参照固定几何完整反馈\application_ct_16_e12_reference\e0\checks\


 Compressing files in C:\Users\24848\Desktop\GraduationProject\初步实验\Geogram与PaMO组合验证\实验结果\20261004_逐步独立参照固定几何完整反馈\application_ct_16_e12_reference\e1\


 Compressing files in C:\Users\24848\Desktop\GraduationProject\初步实验\Geogram与PaMO组合验证\实验结果\20261004_逐步独立参照固定几何完整反馈\application_ct_16_e12_reference\e1\checks\


 Compressing files in C:\Users\24848\Desktop\GraduationProject\初步实验\Geogram与PaMO组合验证\实验结果\20261004_逐步独立参照固定几何完整反馈\application_ct_16_e12_reference\e10\


 Compressing files in C:\Users\24848\Desktop\GraduationProject\初步实验\Geogram与PaMO组合验证\实验结果\20261004_逐步独立参照固定几何完整反馈\application_ct_16_e12_reference\e10\checks\


 Compressing files in C:\Users\24848\Desktop\GraduationProject\初步实验\Geogram与PaMO组合验证\实验结果\20261004_逐步独立参照固定几何完整反馈\application_ct_16_e12_reference\e11\


 Compressing files in C:\Users\24848\Desktop\GraduationProject\初步实验\Geogram与PaMO组合验证\实验结果\20261004_逐步独立参照固定几何完整反馈\application_ct_16_e12_reference\e11\checks\


 Compressing files in C:\Users\24848\Desktop\GraduationProject\初步实验\Geogram与PaMO组合验证\实验结果\20261004_逐步独立参照固定几何完整反馈\application_ct_16_e12_reference\e12\


 Compressing files in C:\Users\24848\Desktop\GraduationProject\初步实验\Geogram与PaMO组合验证\实验结果\20261004_逐步独立参照固定几何完整反馈\application_ct_16_e12_reference\e12\checks\


 Compressing files in C:\Users\24848\Desktop\GraduationProject\初步实验\Geogram与PaMO组合验证\实验结果\20261004_逐步独立参照固定几何完整反馈\application_ct_16_e12_reference\e2\


 Compressing files in C:\Users\24848\Desktop\GraduationProject\初步实验\Geogram与PaMO组合验证\实验结果\20261004_逐步独立参照固定几何完整反馈\application_ct_16_e12_reference\e2\checks\


 Compressing files in C:\Users\24848\Desktop\GraduationProject\初步实验\Geogram与PaMO组合验证\实验结果\20261004_逐步独立参照固定几何完整反馈\application_ct_16_e12_reference\e3\


 Compressing files in C:\Users\24848\Desktop\GraduationProject\初步实验\Geogram与PaMO组合验证\实验结果\20261004_逐步独立参照固定几何完整反馈\application_ct_16_e12_reference\e3\checks\


 Compressing files in C:\Users\24848\Desktop\GraduationProject\初步实验\Geogram与PaMO组合验证\实验结果\20261004_逐步独立参照固定几何完整反馈\application_ct_16_e12_reference\e4\


 Compressing files in C:\Users\24848\Desktop\GraduationProject\初步实验\Geogram与PaMO组合验证\实验结果\20261004_逐步独立参照固定几何完整反馈\application_ct_16_e12_reference\e4\checks\


 Compressing files in C:\Users\24848\Desktop\GraduationProject\初步实验\Geogram与PaMO组合验证\实验结果\20261004_逐步独立参照固定几何完整反馈\application_ct_16_e12_reference\e5\


 Compressing files in C:\Users\24848\Desktop\GraduationProject\初步实验\Geogram与PaMO组合验证\实验结果\20261004_逐步独立参照固定几何完整反馈\application_ct_16_e12_reference\e5\checks\


 Compressing files in C:\Users\24848\Desktop\GraduationProject\初步实验\Geogram与PaMO组合验证\实验结果\20261004_逐步独立参照固定几何完整反馈\application_ct_16_e12_reference\e6\


 Compressing files in C:\Users\24848\Desktop\GraduationProject\初步实验\Geogram与PaMO组合验证\实验结果\20261004_逐步独立参照固定几何完整反馈\application_ct_16_e12_reference\e6\checks\


 Compressing files in C:\Users\24848\Desktop\GraduationProject\初步实验\Geogram与PaMO组合验证\实验结果\20261004_逐步独立参照固定几何完整反馈\application_ct_16_e12_reference\e7\


 Compressing files in C:\Users\24848\Desktop\GraduationProject\初步实验\Geogram与PaMO组合验证\实验结果\20261004_逐步独立参照固定几何完整反馈\application_ct_16_e12_reference\e7\checks\


 Compressing files in C:\Users\24848\Desktop\GraduationProject\初步实验\Geogram与PaMO组合验证\实验结果\20261004_逐步独立参照固定几何完整反馈\application_ct_16_e12_reference\e8\


 Compressing files in C:\Users\24848\Desktop\GraduationProject\初步实验\Geogram与PaMO组合验证\实验结果\20261004_逐步独立参照固定几何完整反馈\application_ct_16_e12_reference\e8\checks\


 Compressing files in C:\Users\24848\Desktop\GraduationProject\初步实验\Geogram与PaMO组合验证\实验结果\20261004_逐步独立参照固定几何完整反馈\application_ct_16_e12_reference\e9\


 Compressing files in C:\Users\24848\Desktop\GraduationProject\初步实验\Geogram与PaMO组合验证\实验结果\20261004_逐步独立参照固定几何完整反馈\application_ct_16_e12_reference\e9\checks\


 Compressing files in C:\Users\24848\Desktop\GraduationProject\初步实验\Geogram与PaMO组合验证\实验结果\20261004_逐步独立参照固定几何完整反馈\application_ct_16_e12_reference\full_geometry_checks\


 Compressing files in C:\Users\24848\Desktop\GraduationProject\初步实验\Geogram与PaMO组合验证\实验结果\20261004_逐步独立参照固定几何完整反馈\application_ct_16_e12_reference\initial_checks\


 Compressing files in C:\Users\24848\Desktop\GraduationProject\初步实验\Geogram与PaMO组合验证\实验结果\20261004_逐步独立参照固定几何完整反馈\application_ct_16_e13_candidate_boolean\


 Compressing files in C:\Users\24848\Desktop\GraduationProject\初步实验\Geogram与PaMO组合验证\实验结果\20261004_逐步独立参照固定几何完整反馈\application_ct_16_e13_candidate_boolean\full_geometry_checks\


 Compressing files in C:\Users\24848\Desktop\GraduationProject\初步实验\Geogram与PaMO组合验证\实验结果\20261004_逐步独立参照固定几何完整反馈\application_ct_16_e13_candidate_input\


 Compressing files in C:\Users\24848\Desktop\GraduationProject\初步实验\Geogram与PaMO组合验证\实验结果\20261004_逐步独立参照固定几何完整反馈\application_ct_16_e13_candidate_input\full_geometry_checks\


 Compressing files in C:\Users\24848\Desktop\GraduationProject\初步实验\Geogram与PaMO组合验证\实验结果\20261004_逐步独立参照固定几何完整反馈\application_ct_16_e13_reference\


 Compressing files in C:\Users\24848\Desktop\GraduationProject\初步实验\Geogram与PaMO组合验证\实验结果\20261004_逐步独立参照固定几何完整反馈\application_ct_16_e13_reference\e0\


 Compressing files in C:\Users\24848\Desktop\GraduationProject\初步实验\Geogram与PaMO组合验证\实验结果\20261004_逐步独立参照固定几何完整反馈\application_ct_16_e13_reference\e0\checks\


 Compressing files in C:\Users\24848\Desktop\GraduationProject\初步实验\Geogram与PaMO组合验证\实验结果\20261004_逐步独立参照固定几何完整反馈\application_ct_16_e13_reference\e1\


 Compressing files in C:\Users\24848\Desktop\GraduationProject\初步实验\Geogram与PaMO组合验证\实验结果\20261004_逐步独立参照固定几何完整反馈\application_ct_16_e13_reference\e1\checks\


 Compressing files in C:\Users\24848\Desktop\GraduationProject\初步实验\Geogram与PaMO组合验证\实验结果\20261004_逐步独立参照固定几何完整反馈\application_ct_16_e13_reference\e10\


 Compressing files in C:\Users\24848\Desktop\GraduationProject\初步实验\Geogram与PaMO组合验证\实验结果\20261004_逐步独立参照固定几何完整反馈\application_ct_16_e13_reference\e10\checks\


 Compressing files in C:\Users\24848\Desktop\GraduationProject\初步实验\Geogram与PaMO组合验证\实验结果\20261004_逐步独立参照固定几何完整反馈\application_ct_16_e13_reference\e11\


 Compressing files in C:\Users\24848\Desktop\GraduationProject\初步实验\Geogram与PaMO组合验证\实验结果\20261004_逐步独立参照固定几何完整反馈\application_ct_16_e13_reference\e11\checks\


 Compressing files in C:\Users\24848\Desktop\GraduationProject\初步实验\Geogram与PaMO组合验证\实验结果\20261004_逐步独立参照固定几何完整反馈\application_ct_16_e13_reference\e12\


 Compressing files in C:\Users\24848\Desktop\GraduationProject\初步实验\Geogram与PaMO组合验证\实验结果\20261004_逐步独立参照固定几何完整反馈\application_ct_16_e13_reference\e12\checks\


 Compressing files in C:\Users\24848\Desktop\GraduationProject\初步实验\Geogram与PaMO组合验证\实验结果\20261004_逐步独立参照固定几何完整反馈\application_ct_16_e13_reference\e13\


 Compressing files in C:\Users\24848\Desktop\GraduationProject\初步实验\Geogram与PaMO组合验证\实验结果\20261004_逐步独立参照固定几何完整反馈\application_ct_16_e13_reference\e13\checks\


 Compressing files in C:\Users\24848\Desktop\GraduationProject\初步实验\Geogram与PaMO组合验证\实验结果\20261004_逐步独立参照固定几何完整反馈\application_ct_16_e13_reference\e2\


 Compressing files in C:\Users\24848\Desktop\GraduationProject\初步实验\Geogram与PaMO组合验证\实验结果\20261004_逐步独立参照固定几何完整反馈\application_ct_16_e13_reference\e2\checks\


 Compressing files in C:\Users\24848\Desktop\GraduationProject\初步实验\Geogram与PaMO组合验证\实验结果\20261004_逐步独立参照固定几何完整反馈\application_ct_16_e13_reference\e3\


 Compressing files in C:\Users\24848\Desktop\GraduationProject\初步实验\Geogram与PaMO组合验证\实验结果\20261004_逐步独立参照固定几何完整反馈\application_ct_16_e13_reference\e3\checks\


 Compressing files in C:\Users\24848\Desktop\GraduationProject\初步实验\Geogram与PaMO组合验证\实验结果\20261004_逐步独立参照固定几何完整反馈\application_ct_16_e13_reference\e4\


 Compressing files in C:\Users\24848\Desktop\GraduationProject\初步实验\Geogram与PaMO组合验证\实验结果\20261004_逐步独立参照固定几何完整反馈\application_ct_16_e13_reference\e4\checks\


 Compressing files in C:\Users\24848\Desktop\GraduationProject\初步实验\Geogram与PaMO组合验证\实验结果\20261004_逐步独立参照固定几何完整反馈\application_ct_16_e13_reference\e5\


 Compressing files in C:\Users\24848\Desktop\GraduationProject\初步实验\Geogram与PaMO组合验证\实验结果\20261004_逐步独立参照固定几何完整反馈\application_ct_16_e13_reference\e5\checks\


 Compressing files in C:\Users\24848\Desktop\GraduationProject\初步实验\Geogram与PaMO组合验证\实验结果\20261004_逐步独立参照固定几何完整反馈\application_ct_16_e13_reference\e6\


 Compressing files in C:\Users\24848\Desktop\GraduationProject\初步实验\Geogram与PaMO组合验证\实验结果\20261004_逐步独立参照固定几何完整反馈\application_ct_16_e13_reference\e6\checks\


 Compressing files in C:\Users\24848\Desktop\GraduationProject\初步实验\Geogram与PaMO组合验证\实验结果\20261004_逐步独立参照固定几何完整反馈\application_ct_16_e13_reference\e7\


 Compressing files in C:\Users\24848\Desktop\GraduationProject\初步实验\Geogram与PaMO组合验证\实验结果\20261004_逐步独立参照固定几何完整反馈\application_ct_16_e13_reference\e7\checks\


 Compressing files in C:\Users\24848\Desktop\GraduationProject\初步实验\Geogram与PaMO组合验证\实验结果\20261004_逐步独立参照固定几何完整反馈\application_ct_16_e13_reference\e8\


 Compressing files in C:\Users\24848\Desktop\GraduationProject\初步实验\Geogram与PaMO组合验证\实验结果\20261004_逐步独立参照固定几何完整反馈\application_ct_16_e13_reference\e8\checks\


 Compressing files in C:\Users\24848\Desktop\GraduationProject\初步实验\Geogram与PaMO组合验证\实验结果\20261004_逐步独立参照固定几何完整反馈\application_ct_16_e13_reference\e9\


 Compressing files in C:\Users\24848\Desktop\GraduationProject\初步实验\Geogram与PaMO组合验证\实验结果\20261004_逐步独立参照固定几何完整反馈\application_ct_16_e13_reference\e9\checks\


 Compressing files in C:\Users\24848\Desktop\GraduationProject\初步实验\Geogram与PaMO组合验证\实验结果\20261004_逐步独立参照固定几何完整反馈\application_ct_16_e13_reference\full_geometry_checks\


 Compressing files in C:\Users\24848\Desktop\GraduationProject\初步实验\Geogram与PaMO组合验证\实验结果\20261004_逐步独立参照固定几何完整反馈\application_ct_16_e13_reference\initial_checks\


 Compressing files in C:\Users\24848\Desktop\GraduationProject\初步实验\Geogram与PaMO组合验证\实验结果\20261004_逐步独立参照固定几何完整反馈\application_ct_16_e14_candidate_boolean\


 Compressing files in C:\Users\24848\Desktop\GraduationProject\初步实验\Geogram与PaMO组合验证\实验结果\20261004_逐步独立参照固定几何完整反馈\application_ct_16_e14_candidate_boolean\full_geometry_checks\


 Compressing files in C:\Users\24848\Desktop\GraduationProject\初步实验\Geogram与PaMO组合验证\实验结果\20261004_逐步独立参照固定几何完整反馈\application_ct_16_e14_candidate_input\


 Compressing files in C:\Users\24848\Desktop\GraduationProject\初步实验\Geogram与PaMO组合验证\实验结果\20261004_逐步独立参照固定几何完整反馈\application_ct_16_e14_candidate_input\full_geometry_checks\


 Compressing files in C:\Users\24848\Desktop\GraduationProject\初步实验\Geogram与PaMO组合验证\实验结果\20261004_逐步独立参照固定几何完整反馈\application_ct_16_e14_reference\


 Compressing files in C:\Users\24848\Desktop\GraduationProject\初步实验\Geogram与PaMO组合验证\实验结果\20261004_逐步独立参照固定几何完整反馈\application_ct_16_e14_reference\e0\


 Compressing files in C:\Users\24848\Desktop\GraduationProject\初步实验\Geogram与PaMO组合验证\实验结果\20261004_逐步独立参照固定几何完整反馈\application_ct_16_e14_reference\e0\checks\


 Compressing files in C:\Users\24848\Desktop\GraduationProject\初步实验\Geogram与PaMO组合验证\实验结果\20261004_逐步独立参照固定几何完整反馈\application_ct_16_e14_reference\e1\


 Compressing files in C:\Users\24848\Desktop\GraduationProject\初步实验\Geogram与PaMO组合验证\实验结果\20261004_逐步独立参照固定几何完整反馈\application_ct_16_e14_reference\e1\checks\


 Compressing files in C:\Users\24848\Desktop\GraduationProject\初步实验\Geogram与PaMO组合验证\实验结果\20261004_逐步独立参照固定几何完整反馈\application_ct_16_e14_reference\e10\


 Compressing files in C:\Users\24848\Desktop\GraduationProject\初步实验\Geogram与PaMO组合验证\实验结果\20261004_逐步独立参照固定几何完整反馈\application_ct_16_e14_reference\e10\checks\


 Compressing files in C:\Users\24848\Desktop\GraduationProject\初步实验\Geogram与PaMO组合验证\实验结果\20261004_逐步独立参照固定几何完整反馈\application_ct_16_e14_reference\e11\


 Compressing files in C:\Users\24848\Desktop\GraduationProject\初步实验\Geogram与PaMO组合验证\实验结果\20261004_逐步独立参照固定几何完整反馈\application_ct_16_e14_reference\e11\checks\


 Compressing files in C:\Users\24848\Desktop\GraduationProject\初步实验\Geogram与PaMO组合验证\实验结果\20261004_逐步独立参照固定几何完整反馈\application_ct_16_e14_reference\e12\


 Compressing files in C:\Users\24848\Desktop\GraduationProject\初步实验\Geogram与PaMO组合验证\实验结果\20261004_逐步独立参照固定几何完整反馈\application_ct_16_e14_reference\e12\checks\


 Compressing files in C:\Users\24848\Desktop\GraduationProject\初步实验\Geogram与PaMO组合验证\实验结果\20261004_逐步独立参照固定几何完整反馈\application_ct_16_e14_reference\e13\


 Compressing files in C:\Users\24848\Desktop\GraduationProject\初步实验\Geogram与PaMO组合验证\实验结果\20261004_逐步独立参照固定几何完整反馈\application_ct_16_e14_reference\e13\checks\


 Compressing files in C:\Users\24848\Desktop\GraduationProject\初步实验\Geogram与PaMO组合验证\实验结果\20261004_逐步独立参照固定几何完整反馈\application_ct_16_e14_reference\e14\


 Compressing files in C:\Users\24848\Desktop\GraduationProject\初步实验\Geogram与PaMO组合验证\实验结果\20261004_逐步独立参照固定几何完整反馈\application_ct_16_e14_reference\e14\checks\


 Compressing files in C:\Users\24848\Desktop\GraduationProject\初步实验\Geogram与PaMO组合验证\实验结果\20261004_逐步独立参照固定几何完整反馈\application_ct_16_e14_reference\e2\


 Compressing files in C:\Users\24848\Desktop\GraduationProject\初步实验\Geogram与PaMO组合验证\实验结果\20261004_逐步独立参照固定几何完整反馈\application_ct_16_e14_reference\e2\checks\


 Compressing files in C:\Users\24848\Desktop\GraduationProject\初步实验\Geogram与PaMO组合验证\实验结果\20261004_逐步独立参照固定几何完整反馈\application_ct_16_e14_reference\e3\


 Compressing files in C:\Users\24848\Desktop\GraduationProject\初步实验\Geogram与PaMO组合验证\实验结果\20261004_逐步独立参照固定几何完整反馈\application_ct_16_e14_reference\e3\checks\


 Compressing files in C:\Users\24848\Desktop\GraduationProject\初步实验\Geogram与PaMO组合验证\实验结果\20261004_逐步独立参照固定几何完整反馈\application_ct_16_e14_reference\e4\


 Compressing files in C:\Users\24848\Desktop\GraduationProject\初步实验\Geogram与PaMO组合验证\实验结果\20261004_逐步独立参照固定几何完整反馈\application_ct_16_e14_reference\e4\checks\


 Compressing files in C:\Users\24848\Desktop\GraduationProject\初步实验\Geogram与PaMO组合验证\实验结果\20261004_逐步独立参照固定几何完整反馈\application_ct_16_e14_reference\e5\


 Compressing files in C:\Users\24848\Desktop\GraduationProject\初步实验\Geogram与PaMO组合验证\实验结果\20261004_逐步独立参照固定几何完整反馈\application_ct_16_e14_reference\e5\checks\


 Compressing files in C:\Users\24848\Desktop\GraduationProject\初步实验\Geogram与PaMO组合验证\实验结果\20261004_逐步独立参照固定几何完整反馈\application_ct_16_e14_reference\e6\


 Compressing files in C:\Users\24848\Desktop\GraduationProject\初步实验\Geogram与PaMO组合验证\实验结果\20261004_逐步独立参照固定几何完整反馈\application_ct_16_e14_reference\e6\checks\


 Compressing files in C:\Users\24848\Desktop\GraduationProject\初步实验\Geogram与PaMO组合验证\实验结果\20261004_逐步独立参照固定几何完整反馈\application_ct_16_e14_reference\e7\


 Compressing files in C:\Users\24848\Desktop\GraduationProject\初步实验\Geogram与PaMO组合验证\实验结果\20261004_逐步独立参照固定几何完整反馈\application_ct_16_e14_reference\e7\checks\


 Compressing files in C:\Users\24848\Desktop\GraduationProject\初步实验\Geogram与PaMO组合验证\实验结果\20261004_逐步独立参照固定几何完整反馈\application_ct_16_e14_reference\e8\


 Compressing files in C:\Users\24848\Desktop\GraduationProject\初步实验\Geogram与PaMO组合验证\实验结果\20261004_逐步独立参照固定几何完整反馈\application_ct_16_e14_reference\e8\checks\


 Compressing files in C:\Users\24848\Desktop\GraduationProject\初步实验\Geogram与PaMO组合验证\实验结果\20261004_逐步独立参照固定几何完整反馈\application_ct_16_e14_reference\e9\


 Compressing files in C:\Users\24848\Desktop\GraduationProject\初步实验\Geogram与PaMO组合验证\实验结果\20261004_逐步独立参照固定几何完整反馈\application_ct_16_e14_reference\e9\checks\


 Compressing files in C:\Users\24848\Desktop\GraduationProject\初步实验\Geogram与PaMO组合验证\实验结果\20261004_逐步独立参照固定几何完整反馈\application_ct_16_e14_reference\full_geometry_checks\


 Compressing files in C:\Users\24848\Desktop\GraduationProject\初步实验\Geogram与PaMO组合验证\实验结果\20261004_逐步独立参照固定几何完整反馈\application_ct_16_e14_reference\initial_checks\


 Compressing files in C:\Users\24848\Desktop\GraduationProject\初步实验\Geogram与PaMO组合验证\实验结果\20261004_逐步独立参照固定几何完整反馈\application_ct_16_e15_candidate_boolean\


 Compressing files in C:\Users\24848\Desktop\GraduationProject\初步实验\Geogram与PaMO组合验证\实验结果\20261004_逐步独立参照固定几何完整反馈\application_ct_16_e15_candidate_boolean\full_geometry_checks\


 Compressing files in C:\Users\24848\Desktop\GraduationProject\初步实验\Geogram与PaMO组合验证\实验结果\20261004_逐步独立参照固定几何完整反馈\application_ct_16_e15_candidate_input\


 Compressing files in C:\Users\24848\Desktop\GraduationProject\初步实验\Geogram与PaMO组合验证\实验结果\20261004_逐步独立参照固定几何完整反馈\application_ct_16_e15_candidate_input\full_geometry_checks\


 Compressing files in C:\Users\24848\Desktop\GraduationProject\初步实验\Geogram与PaMO组合验证\实验结果\20261004_逐步独立参照固定几何完整反馈\application_ct_16_e15_reference\


 Compressing files in C:\Users\24848\Desktop\GraduationProject\初步实验\Geogram与PaMO组合验证\实验结果\20261004_逐步独立参照固定几何完整反馈\application_ct_16_e15_reference\e0\


 Compressing files in C:\Users\24848\Desktop\GraduationProject\初步实验\Geogram与PaMO组合验证\实验结果\20261004_逐步独立参照固定几何完整反馈\application_ct_16_e15_reference\e0\checks\


 Compressing files in C:\Users\24848\Desktop\GraduationProject\初步实验\Geogram与PaMO组合验证\实验结果\20261004_逐步独立参照固定几何完整反馈\application_ct_16_e15_reference\e1\


 Compressing files in C:\Users\24848\Desktop\GraduationProject\初步实验\Geogram与PaMO组合验证\实验结果\20261004_逐步独立参照固定几何完整反馈\application_ct_16_e15_reference\e1\checks\


 Compressing files in C:\Users\24848\Desktop\GraduationProject\初步实验\Geogram与PaMO组合验证\实验结果\20261004_逐步独立参照固定几何完整反馈\application_ct_16_e15_reference\e10\


 Compressing files in C:\Users\24848\Desktop\GraduationProject\初步实验\Geogram与PaMO组合验证\实验结果\20261004_逐步独立参照固定几何完整反馈\application_ct_16_e15_reference\e10\checks\


 Compressing files in C:\Users\24848\Desktop\GraduationProject\初步实验\Geogram与PaMO组合验证\实验结果\20261004_逐步独立参照固定几何完整反馈\application_ct_16_e15_reference\e11\


 Compressing files in C:\Users\24848\Desktop\GraduationProject\初步实验\Geogram与PaMO组合验证\实验结果\20261004_逐步独立参照固定几何完整反馈\application_ct_16_e15_reference\e11\checks\


 Compressing files in C:\Users\24848\Desktop\GraduationProject\初步实验\Geogram与PaMO组合验证\实验结果\20261004_逐步独立参照固定几何完整反馈\application_ct_16_e15_reference\e12\


 Compressing files in C:\Users\24848\Desktop\GraduationProject\初步实验\Geogram与PaMO组合验证\实验结果\20261004_逐步独立参照固定几何完整反馈\application_ct_16_e15_reference\e12\checks\


 Compressing files in C:\Users\24848\Desktop\GraduationProject\初步实验\Geogram与PaMO组合验证\实验结果\20261004_逐步独立参照固定几何完整反馈\application_ct_16_e15_reference\e13\


 Compressing files in C:\Users\24848\Desktop\GraduationProject\初步实验\Geogram与PaMO组合验证\实验结果\20261004_逐步独立参照固定几何完整反馈\application_ct_16_e15_reference\e13\checks\


 Compressing files in C:\Users\24848\Desktop\GraduationProject\初步实验\Geogram与PaMO组合验证\实验结果\20261004_逐步独立参照固定几何完整反馈\application_ct_16_e15_reference\e14\


 Compressing files in C:\Users\24848\Desktop\GraduationProject\初步实验\Geogram与PaMO组合验证\实验结果\20261004_逐步独立参照固定几何完整反馈\application_ct_16_e15_reference\e14\checks\


 Compressing files in C:\Users\24848\Desktop\GraduationProject\初步实验\Geogram与PaMO组合验证\实验结果\20261004_逐步独立参照固定几何完整反馈\application_ct_16_e15_reference\e15\


 Compressing files in C:\Users\24848\Desktop\GraduationProject\初步实验\Geogram与PaMO组合验证\实验结果\20261004_逐步独立参照固定几何完整反馈\application_ct_16_e15_reference\e15\checks\


 Compressing files in C:\Users\24848\Desktop\GraduationProject\初步实验\Geogram与PaMO组合验证\实验结果\20261004_逐步独立参照固定几何完整反馈\application_ct_16_e15_reference\e2\


 Compressing files in C:\Users\24848\Desktop\GraduationProject\初步实验\Geogram与PaMO组合验证\实验结果\20261004_逐步独立参照固定几何完整反馈\application_ct_16_e15_reference\e2\checks\


 Compressing files in C:\Users\24848\Desktop\GraduationProject\初步实验\Geogram与PaMO组合验证\实验结果\20261004_逐步独立参照固定几何完整反馈\application_ct_16_e15_reference\e3\


 Compressing files in C:\Users\24848\Desktop\GraduationProject\初步实验\Geogram与PaMO组合验证\实验结果\20261004_逐步独立参照固定几何完整反馈\application_ct_16_e15_reference\e3\checks\


 Compressing files in C:\Users\24848\Desktop\GraduationProject\初步实验\Geogram与PaMO组合验证\实验结果\20261004_逐步独立参照固定几何完整反馈\application_ct_16_e15_reference\e4\


 Compressing files in C:\Users\24848\Desktop\GraduationProject\初步实验\Geogram与PaMO组合验证\实验结果\20261004_逐步独立参照固定几何完整反馈\application_ct_16_e15_reference\e4\checks\


 Compressing files in C:\Users\24848\Desktop\GraduationProject\初步实验\Geogram与PaMO组合验证\实验结果\20261004_逐步独立参照固定几何完整反馈\application_ct_16_e15_reference\e5\


 Compressing files in C:\Users\24848\Desktop\GraduationProject\初步实验\Geogram与PaMO组合验证\实验结果\20261004_逐步独立参照固定几何完整反馈\application_ct_16_e15_reference\e5\checks\


 Compressing files in C:\Users\24848\Desktop\GraduationProject\初步实验\Geogram与PaMO组合验证\实验结果\20261004_逐步独立参照固定几何完整反馈\application_ct_16_e15_reference\e6\


 Compressing files in C:\Users\24848\Desktop\GraduationProject\初步实验\Geogram与PaMO组合验证\实验结果\20261004_逐步独立参照固定几何完整反馈\application_ct_16_e15_reference\e6\checks\


 Compressing files in C:\Users\24848\Desktop\GraduationProject\初步实验\Geogram与PaMO组合验证\实验结果\20261004_逐步独立参照固定几何完整反馈\application_ct_16_e15_reference\e7\


 Compressing files in C:\Users\24848\Desktop\GraduationProject\初步实验\Geogram与PaMO组合验证\实验结果\20261004_逐步独立参照固定几何完整反馈\application_ct_16_e15_reference\e7\checks\


 Compressing files in C:\Users\24848\Desktop\GraduationProject\初步实验\Geogram与PaMO组合验证\实验结果\20261004_逐步独立参照固定几何完整反馈\application_ct_16_e15_reference\e8\


 Compressing files in C:\Users\24848\Desktop\GraduationProject\初步实验\Geogram与PaMO组合验证\实验结果\20261004_逐步独立参照固定几何完整反馈\application_ct_16_e15_reference\e8\checks\


 Compressing files in C:\Users\24848\Desktop\GraduationProject\初步实验\Geogram与PaMO组合验证\实验结果\20261004_逐步独立参照固定几何完整反馈\application_ct_16_e15_reference\e9\


 Compressing files in C:\Users\24848\Desktop\GraduationProject\初步实验\Geogram与PaMO组合验证\实验结果\20261004_逐步独立参照固定几何完整反馈\application_ct_16_e15_reference\e9\checks\


 Compressing files in C:\Users\24848\Desktop\GraduationProject\初步实验\Geogram与PaMO组合验证\实验结果\20261004_逐步独立参照固定几何完整反馈\application_ct_16_e15_reference\full_geometry_checks\


 Compressing files in C:\Users\24848\Desktop\GraduationProject\初步实验\Geogram与PaMO组合验证\实验结果\20261004_逐步独立参照固定几何完整反馈\application_ct_16_e15_reference\initial_checks\


 Compressing files in C:\Users\24848\Desktop\GraduationProject\初步实验\Geogram与PaMO组合验证\实验结果\20261004_逐步独立参照固定几何完整反馈\application_ct_16_e1_candidate_boolean\


 Compressing files in C:\Users\24848\Desktop\GraduationProject\初步实验\Geogram与PaMO组合验证\实验结果\20261004_逐步独立参照固定几何完整反馈\application_ct_16_e1_candidate_boolean\full_geometry_checks\


 Compressing files in C:\Users\24848\Desktop\GraduationProject\初步实验\Geogram与PaMO组合验证\实验结果\20261004_逐步独立参照固定几何完整反馈\application_ct_16_e1_candidate_input\


 Compressing files in C:\Users\24848\Desktop\GraduationProject\初步实验\Geogram与PaMO组合验证\实验结果\20261004_逐步独立参照固定几何完整反馈\application_ct_16_e1_candidate_input\full_geometry_checks\


 Compressing files in C:\Users\24848\Desktop\GraduationProject\初步实验\Geogram与PaMO组合验证\实验结果\20261004_逐步独立参照固定几何完整反馈\application_ct_16_e1_reference\


 Compressing files in C:\Users\24848\Desktop\GraduationProject\初步实验\Geogram与PaMO组合验证\实验结果\20261004_逐步独立参照固定几何完整反馈\application_ct_16_e1_reference\full_geometry_checks\


 Compressing files in C:\Users\24848\Desktop\GraduationProject\初步实验\Geogram与PaMO组合验证\实验结果\20261004_逐步独立参照固定几何完整反馈\application_ct_16_e2_candidate_boolean\


 Compressing files in C:\Users\24848\Desktop\GraduationProject\初步实验\Geogram与PaMO组合验证\实验结果\20261004_逐步独立参照固定几何完整反馈\application_ct_16_e2_candidate_boolean\full_geometry_checks\


 Compressing files in C:\Users\24848\Desktop\GraduationProject\初步实验\Geogram与PaMO组合验证\实验结果\20261004_逐步独立参照固定几何完整反馈\application_ct_16_e2_candidate_input\


 Compressing files in C:\Users\24848\Desktop\GraduationProject\初步实验\Geogram与PaMO组合验证\实验结果\20261004_逐步独立参照固定几何完整反馈\application_ct_16_e2_candidate_input\full_geometry_checks\


 Compressing files in C:\Users\24848\Desktop\GraduationProject\初步实验\Geogram与PaMO组合验证\实验结果\20261004_逐步独立参照固定几何完整反馈\application_ct_16_e2_reference\


 Compressing files in C:\Users\24848\Desktop\GraduationProject\初步实验\Geogram与PaMO组合验证\实验结果\20261004_逐步独立参照固定几何完整反馈\application_ct_16_e2_reference\full_geometry_checks\


 Compressing files in C:\Users\24848\Desktop\GraduationProject\初步实验\Geogram与PaMO组合验证\实验结果\20261004_逐步独立参照固定几何完整反馈\application_ct_16_e3_candidate_boolean\


 Compressing files in C:\Users\24848\Desktop\GraduationProject\初步实验\Geogram与PaMO组合验证\实验结果\20261004_逐步独立参照固定几何完整反馈\application_ct_16_e3_candidate_boolean\full_geometry_checks\


 Compressing files in C:\Users\24848\Desktop\GraduationProject\初步实验\Geogram与PaMO组合验证\实验结果\20261004_逐步独立参照固定几何完整反馈\application_ct_16_e3_candidate_input\


 Compressing files in C:\Users\24848\Desktop\GraduationProject\初步实验\Geogram与PaMO组合验证\实验结果\20261004_逐步独立参照固定几何完整反馈\application_ct_16_e3_candidate_input\full_geometry_checks\


 Compressing files in C:\Users\24848\Desktop\GraduationProject\初步实验\Geogram与PaMO组合验证\实验结果\20261004_逐步独立参照固定几何完整反馈\application_ct_16_e3_reference\


 Compressing files in C:\Users\24848\Desktop\GraduationProject\初步实验\Geogram与PaMO组合验证\实验结果\20261004_逐步独立参照固定几何完整反馈\application_ct_16_e3_reference\full_geometry_checks\


 Compressing files in C:\Users\24848\Desktop\GraduationProject\初步实验\Geogram与PaMO组合验证\实验结果\20261004_逐步独立参照固定几何完整反馈\application_ct_16_e4_candidate_boolean\


 Compressing files in C:\Users\24848\Desktop\GraduationProject\初步实验\Geogram与PaMO组合验证\实验结果\20261004_逐步独立参照固定几何完整反馈\application_ct_16_e4_candidate_boolean\full_geometry_checks\


 Compressing files in C:\Users\24848\Desktop\GraduationProject\初步实验\Geogram与PaMO组合验证\实验结果\20261004_逐步独立参照固定几何完整反馈\application_ct_16_e4_candidate_input\


 Compressing files in C:\Users\24848\Desktop\GraduationProject\初步实验\Geogram与PaMO组合验证\实验结果\20261004_逐步独立参照固定几何完整反馈\application_ct_16_e4_candidate_input\full_geometry_checks\


 Compressing files in C:\Users\24848\Desktop\GraduationProject\初步实验\Geogram与PaMO组合验证\实验结果\20261004_逐步独立参照固定几何完整反馈\application_ct_16_e4_reference\


 Compressing files in C:\Users\24848\Desktop\GraduationProject\初步实验\Geogram与PaMO组合验证\实验结果\20261004_逐步独立参照固定几何完整反馈\application_ct_16_e4_reference\full_geometry_checks\


 Compressing files in C:\Users\24848\Desktop\GraduationProject\初步实验\Geogram与PaMO组合验证\实验结果\20261004_逐步独立参照固定几何完整反馈\application_ct_16_e5_candidate_boolean\


 Compressing files in C:\Users\24848\Desktop\GraduationProject\初步实验\Geogram与PaMO组合验证\实验结果\20261004_逐步独立参照固定几何完整反馈\application_ct_16_e5_candidate_boolean\full_geometry_checks\


 Compressing files in C:\Users\24848\Desktop\GraduationProject\初步实验\Geogram与PaMO组合验证\实验结果\20261004_逐步独立参照固定几何完整反馈\application_ct_16_e5_candidate_input\


 Compressing files in C:\Users\24848\Desktop\GraduationProject\初步实验\Geogram与PaMO组合验证\实验结果\20261004_逐步独立参照固定几何完整反馈\application_ct_16_e5_candidate_input\full_geometry_checks\


 Compressing files in C:\Users\24848\Desktop\GraduationProject\初步实验\Geogram与PaMO组合验证\实验结果\20261004_逐步独立参照固定几何完整反馈\application_ct_16_e5_reference\


 Compressing files in C:\Users\24848\Desktop\GraduationProject\初步实验\Geogram与PaMO组合验证\实验结果\20261004_逐步独立参照固定几何完整反馈\application_ct_16_e5_reference\full_geometry_checks\


 Compressing files in C:\Users\24848\Desktop\GraduationProject\初步实验\Geogram与PaMO组合验证\实验结果\20261004_逐步独立参照固定几何完整反馈\application_ct_16_e6_candidate_boolean\


 Compressing files in C:\Users\24848\Desktop\GraduationProject\初步实验\Geogram与PaMO组合验证\实验结果\20261004_逐步独立参照固定几何完整反馈\application_ct_16_e6_candidate_boolean\full_geometry_checks\


 Compressing files in C:\Users\24848\Desktop\GraduationProject\初步实验\Geogram与PaMO组合验证\实验结果\20261004_逐步独立参照固定几何完整反馈\application_ct_16_e6_candidate_input\


 Compressing files in C:\Users\24848\Desktop\GraduationProject\初步实验\Geogram与PaMO组合验证\实验结果\20261004_逐步独立参照固定几何完整反馈\application_ct_16_e6_candidate_input\full_geometry_checks\


 Compressing files in C:\Users\24848\Desktop\GraduationProject\初步实验\Geogram与PaMO组合验证\实验结果\20261004_逐步独立参照固定几何完整反馈\application_ct_16_e6_reference\


 Compressing files in C:\Users\24848\Desktop\GraduationProject\初步实验\Geogram与PaMO组合验证\实验结果\20261004_逐步独立参照固定几何完整反馈\application_ct_16_e6_reference\full_geometry_checks\


 Compressing files in C:\Users\24848\Desktop\GraduationProject\初步实验\Geogram与PaMO组合验证\实验结果\20261004_逐步独立参照固定几何完整反馈\application_ct_16_e7_candidate_boolean\


 Compressing files in C:\Users\24848\Desktop\GraduationProject\初步实验\Geogram与PaMO组合验证\实验结果\20261004_逐步独立参照固定几何完整反馈\application_ct_16_e7_candidate_boolean\full_geometry_checks\


 Compressing files in C:\Users\24848\Desktop\GraduationProject\初步实验\Geogram与PaMO组合验证\实验结果\20261004_逐步独立参照固定几何完整反馈\application_ct_16_e7_candidate_input\


 Compressing files in C:\Users\24848\Desktop\GraduationProject\初步实验\Geogram与PaMO组合验证\实验结果\20261004_逐步独立参照固定几何完整反馈\application_ct_16_e7_candidate_input\full_geometry_checks\


 Compressing files in C:\Users\24848\Desktop\GraduationProject\初步实验\Geogram与PaMO组合验证\实验结果\20261004_逐步独立参照固定几何完整反馈\application_ct_16_e7_reference\


 Compressing files in C:\Users\24848\Desktop\GraduationProject\初步实验\Geogram与PaMO组合验证\实验结果\20261004_逐步独立参照固定几何完整反馈\application_ct_16_e7_reference\full_geometry_checks\


 Compressing files in C:\Users\24848\Desktop\GraduationProject\初步实验\Geogram与PaMO组合验证\实验结果\20261004_逐步独立参照固定几何完整反馈\application_ct_16_e8_candidate_boolean\


 Compressing files in C:\Users\24848\Desktop\GraduationProject\初步实验\Geogram与PaMO组合验证\实验结果\20261004_逐步独立参照固定几何完整反馈\application_ct_16_e8_candidate_boolean\full_geometry_checks\


 Compressing files in C:\Users\24848\Desktop\GraduationProject\初步实验\Geogram与PaMO组合验证\实验结果\20261004_逐步独立参照固定几何完整反馈\application_ct_16_e8_candidate_input\


 Compressing files in C:\Users\24848\Desktop\GraduationProject\初步实验\Geogram与PaMO组合验证\实验结果\20261004_逐步独立参照固定几何完整反馈\application_ct_16_e8_candidate_input\full_geometry_checks\


 Compressing files in C:\Users\24848\Desktop\GraduationProject\初步实验\Geogram与PaMO组合验证\实验结果\20261004_逐步独立参照固定几何完整反馈\application_ct_16_e8_reference\


 Compressing files in C:\Users\24848\Desktop\GraduationProject\初步实验\Geogram与PaMO组合验证\实验结果\20261004_逐步独立参照固定几何完整反馈\application_ct_16_e8_reference\full_geometry_checks\


 Compressing files in C:\Users\24848\Desktop\GraduationProject\初步实验\Geogram与PaMO组合验证\实验结果\20261004_逐步独立参照固定几何完整反馈\application_ct_16_e9_candidate_boolean\


 Compressing files in C:\Users\24848\Desktop\GraduationProject\初步实验\Geogram与PaMO组合验证\实验结果\20261004_逐步独立参照固定几何完整反馈\application_ct_16_e9_candidate_boolean\full_geometry_checks\


 Compressing files in C:\Users\24848\Desktop\GraduationProject\初步实验\Geogram与PaMO组合验证\实验结果\20261004_逐步独立参照固定几何完整反馈\application_ct_16_e9_candidate_input\


 Compressing files in C:\Users\24848\Desktop\GraduationProject\初步实验\Geogram与PaMO组合验证\实验结果\20261004_逐步独立参照固定几何完整反馈\application_ct_16_e9_candidate_input\full_geometry_checks\


 Compressing files in C:\Users\24848\Desktop\GraduationProject\初步实验\Geogram与PaMO组合验证\实验结果\20261004_逐步独立参照固定几何完整反馈\application_ct_16_e9_reference\


 Compressing files in C:\Users\24848\Desktop\GraduationProject\初步实验\Geogram与PaMO组合验证\实验结果\20261004_逐步独立参照固定几何完整反馈\application_ct_16_e9_reference\full_geometry_checks\


 Compressing files in C:\Users\24848\Desktop\GraduationProject\初步实验\Geogram与PaMO组合验证\实验结果\20261004_逐步独立参照固定几何完整反馈\application_ct_original138_e0_candidate_boolean\


 Compressing files in C:\Users\24848\Desktop\GraduationProject\初步实验\Geogram与PaMO组合验证\实验结果\20261004_逐步独立参照固定几何完整反馈\application_ct_original138_e0_candidate_boolean\full_geometry_checks\


 Compressing files in C:\Users\24848\Desktop\GraduationProject\初步实验\Geogram与PaMO组合验证\实验结果\20261004_逐步独立参照固定几何完整反馈\application_ct_original138_e0_candidate_input\


 Compressing files in C:\Users\24848\Desktop\GraduationProject\初步实验\Geogram与PaMO组合验证\实验结果\20261004_逐步独立参照固定几何完整反馈\application_ct_original138_e0_candidate_input\full_geometry_checks\


 Compressing files in C:\Users\24848\Desktop\GraduationProject\初步实验\Geogram与PaMO组合验证\实验结果\20261004_逐步独立参照固定几何完整反馈\application_ct_original138_e0_full_full\


 Compressing files in C:\Users\24848\Desktop\GraduationProject\初步实验\Geogram与PaMO组合验证\实验结果\20261004_逐步独立参照固定几何完整反馈\application_ct_original138_e0_full_full\full_geometry_checks\


 Compressing files in C:\Users\24848\Desktop\GraduationProject\初步实验\Geogram与PaMO组合验证\实验结果\20261004_逐步独立参照固定几何完整反馈\application_ct_original138_e0_full_input\


 Compressing files in C:\Users\24848\Desktop\GraduationProject\初步实验\Geogram与PaMO组合验证\实验结果\20261004_逐步独立参照固定几何完整反馈\application_ct_original138_e0_full_input\full_geometry_checks\


 Compressing files in C:\Users\24848\Desktop\GraduationProject\初步实验\Geogram与PaMO组合验证\实验结果\20261004_逐步独立参照固定几何完整反馈\application_ct_original138_e0_reference\


 Compressing files in C:\Users\24848\Desktop\GraduationProject\初步实验\Geogram与PaMO组合验证\实验结果\20261004_逐步独立参照固定几何完整反馈\application_ct_original138_e0_reference\full_geometry_checks\


 Compressing files in C:\Users\24848\Desktop\GraduationProject\初步实验\Geogram与PaMO组合验证\实验结果\20261004_逐步独立参照固定几何完整反馈\application_ct_original138_e100_reference\


 Compressing files in C:\Users\24848\Desktop\GraduationProject\初步实验\Geogram与PaMO组合验证\实验结果\20261004_逐步独立参照固定几何完整反馈\application_ct_original138_e101_reference\


 Compressing files in C:\Users\24848\Desktop\GraduationProject\初步实验\Geogram与PaMO组合验证\实验结果\20261004_逐步独立参照固定几何完整反馈\application_ct_original138_e102_reference\


 Compressing files in C:\Users\24848\Desktop\GraduationProject\初步实验\Geogram与PaMO组合验证\实验结果\20261004_逐步独立参照固定几何完整反馈\application_ct_original138_e103_reference\


 Compressing files in C:\Users\24848\Desktop\GraduationProject\初步实验\Geogram与PaMO组合验证\实验结果\20261004_逐步独立参照固定几何完整反馈\application_ct_original138_e104_reference\


 Compressing files in C:\Users\24848\Desktop\GraduationProject\初步实验\Geogram与PaMO组合验证\实验结果\20261004_逐步独立参照固定几何完整反馈\application_ct_original138_e105_reference\


 Compressing files in C:\Users\24848\Desktop\GraduationProject\初步实验\Geogram与PaMO组合验证\实验结果\20261004_逐步独立参照固定几何完整反馈\application_ct_original138_e106_reference\


 Compressing files in C:\Users\24848\Desktop\GraduationProject\初步实验\Geogram与PaMO组合验证\实验结果\20261004_逐步独立参照固定几何完整反馈\application_ct_original138_e107_reference\


 Compressing files in C:\Users\24848\Desktop\GraduationProject\初步实验\Geogram与PaMO组合验证\实验结果\20261004_逐步独立参照固定几何完整反馈\application_ct_original138_e108_reference\


 Compressing files in C:\Users\24848\Desktop\GraduationProject\初步实验\Geogram与PaMO组合验证\实验结果\20261004_逐步独立参照固定几何完整反馈\application_ct_original138_e109_reference\


 Compressing files in C:\Users\24848\Desktop\GraduationProject\初步实验\Geogram与PaMO组合验证\实验结果\20261004_逐步独立参照固定几何完整反馈\application_ct_original138_e10_reference\


 Compressing files in C:\Users\24848\Desktop\GraduationProject\初步实验\Geogram与PaMO组合验证\实验结果\20261004_逐步独立参照固定几何完整反馈\application_ct_original138_e110_reference\


 Compressing files in C:\Users\24848\Desktop\GraduationProject\初步实验\Geogram与PaMO组合验证\实验结果\20261004_逐步独立参照固定几何完整反馈\application_ct_original138_e111_reference\


 Compressing files in C:\Users\24848\Desktop\GraduationProject\初步实验\Geogram与PaMO组合验证\实验结果\20261004_逐步独立参照固定几何完整反馈\application_ct_original138_e112_reference\


 Compressing files in C:\Users\24848\Desktop\GraduationProject\初步实验\Geogram与PaMO组合验证\实验结果\20261004_逐步独立参照固定几何完整反馈\application_ct_original138_e113_reference\


 Compressing files in C:\Users\24848\Desktop\GraduationProject\初步实验\Geogram与PaMO组合验证\实验结果\20261004_逐步独立参照固定几何完整反馈\application_ct_original138_e114_reference\


 Compressing files in C:\Users\24848\Desktop\GraduationProject\初步实验\Geogram与PaMO组合验证\实验结果\20261004_逐步独立参照固定几何完整反馈\application_ct_original138_e115_reference\


 Compressing files in C:\Users\24848\Desktop\GraduationProject\初步实验\Geogram与PaMO组合验证\实验结果\20261004_逐步独立参照固定几何完整反馈\application_ct_original138_e116_reference\


 Compressing files in C:\Users\24848\Desktop\GraduationProject\初步实验\Geogram与PaMO组合验证\实验结果\20261004_逐步独立参照固定几何完整反馈\application_ct_original138_e117_reference\


 Compressing files in C:\Users\24848\Desktop\GraduationProject\初步实验\Geogram与PaMO组合验证\实验结果\20261004_逐步独立参照固定几何完整反馈\application_ct_original138_e118_reference\


 Compressing files in C:\Users\24848\Desktop\GraduationProject\初步实验\Geogram与PaMO组合验证\实验结果\20261004_逐步独立参照固定几何完整反馈\application_ct_original138_e119_reference\


 Compressing files in C:\Users\24848\Desktop\GraduationProject\初步实验\Geogram与PaMO组合验证\实验结果\20261004_逐步独立参照固定几何完整反馈\application_ct_original138_e11_reference\


 Compressing files in C:\Users\24848\Desktop\GraduationProject\初步实验\Geogram与PaMO组合验证\实验结果\20261004_逐步独立参照固定几何完整反馈\application_ct_original138_e120_reference\


 Compressing files in C:\Users\24848\Desktop\GraduationProject\初步实验\Geogram与PaMO组合验证\实验结果\20261004_逐步独立参照固定几何完整反馈\application_ct_original138_e121_reference\


 Compressing files in C:\Users\24848\Desktop\GraduationProject\初步实验\Geogram与PaMO组合验证\实验结果\20261004_逐步独立参照固定几何完整反馈\application_ct_original138_e122_reference\


 Compressing files in C:\Users\24848\Desktop\GraduationProject\初步实验\Geogram与PaMO组合验证\实验结果\20261004_逐步独立参照固定几何完整反馈\application_ct_original138_e123_reference\


 Compressing files in C:\Users\24848\Desktop\GraduationProject\初步实验\Geogram与PaMO组合验证\实验结果\20261004_逐步独立参照固定几何完整反馈\application_ct_original138_e124_reference\


 Compressing files in C:\Users\24848\Desktop\GraduationProject\初步实验\Geogram与PaMO组合验证\实验结果\20261004_逐步独立参照固定几何完整反馈\application_ct_original138_e125_reference\


 Compressing files in C:\Users\24848\Desktop\GraduationProject\初步实验\Geogram与PaMO组合验证\实验结果\20261004_逐步独立参照固定几何完整反馈\application_ct_original138_e126_reference\


 Compressing files in C:\Users\24848\Desktop\GraduationProject\初步实验\Geogram与PaMO组合验证\实验结果\20261004_逐步独立参照固定几何完整反馈\application_ct_original138_e127_reference\


 Compressing files in C:\Users\24848\Desktop\GraduationProject\初步实验\Geogram与PaMO组合验证\实验结果\20261004_逐步独立参照固定几何完整反馈\application_ct_original138_e128_reference\


 Compressing files in C:\Users\24848\Desktop\GraduationProject\初步实验\Geogram与PaMO组合验证\实验结果\20261004_逐步独立参照固定几何完整反馈\application_ct_original138_e129_reference\


 Compressing files in C:\Users\24848\Desktop\GraduationProject\初步实验\Geogram与PaMO组合验证\实验结果\20261004_逐步独立参照固定几何完整反馈\application_ct_original138_e12_reference\


 Compressing files in C:\Users\24848\Desktop\GraduationProject\初步实验\Geogram与PaMO组合验证\实验结果\20261004_逐步独立参照固定几何完整反馈\application_ct_original138_e130_reference\


 Compressing files in C:\Users\24848\Desktop\GraduationProject\初步实验\Geogram与PaMO组合验证\实验结果\20261004_逐步独立参照固定几何完整反馈\application_ct_original138_e131_reference\


 Compressing files in C:\Users\24848\Desktop\GraduationProject\初步实验\Geogram与PaMO组合验证\实验结果\20261004_逐步独立参照固定几何完整反馈\application_ct_original138_e132_reference\


 Compressing files in C:\Users\24848\Desktop\GraduationProject\初步实验\Geogram与PaMO组合验证\实验结果\20261004_逐步独立参照固定几何完整反馈\application_ct_original138_e133_reference\


 Compressing files in C:\Users\24848\Desktop\GraduationProject\初步实验\Geogram与PaMO组合验证\实验结果\20261004_逐步独立参照固定几何完整反馈\application_ct_original138_e134_reference\


 Compressing files in C:\Users\24848\Desktop\GraduationProject\初步实验\Geogram与PaMO组合验证\实验结果\20261004_逐步独立参照固定几何完整反馈\application_ct_original138_e135_reference\


 Compressing files in C:\Users\24848\Desktop\GraduationProject\初步实验\Geogram与PaMO组合验证\实验结果\20261004_逐步独立参照固定几何完整反馈\application_ct_original138_e136_reference\


 Compressing files in C:\Users\24848\Desktop\GraduationProject\初步实验\Geogram与PaMO组合验证\实验结果\20261004_逐步独立参照固定几何完整反馈\application_ct_original138_e137_reference\


 Compressing files in C:\Users\24848\Desktop\GraduationProject\初步实验\Geogram与PaMO组合验证\实验结果\20261004_逐步独立参照固定几何完整反馈\application_ct_original138_e13_reference\


 Compressing files in C:\Users\24848\Desktop\GraduationProject\初步实验\Geogram与PaMO组合验证\实验结果\20261004_逐步独立参照固定几何完整反馈\application_ct_original138_e14_reference\


 Compressing files in C:\Users\24848\Desktop\GraduationProject\初步实验\Geogram与PaMO组合验证\实验结果\20261004_逐步独立参照固定几何完整反馈\application_ct_original138_e15_reference\


 Compressing files in C:\Users\24848\Desktop\GraduationProject\初步实验\Geogram与PaMO组合验证\实验结果\20261004_逐步独立参照固定几何完整反馈\application_ct_original138_e16_reference\


 Compressing files in C:\Users\24848\Desktop\GraduationProject\初步实验\Geogram与PaMO组合验证\实验结果\20261004_逐步独立参照固定几何完整反馈\application_ct_original138_e17_reference\


 Compressing files in C:\Users\24848\Desktop\GraduationProject\初步实验\Geogram与PaMO组合验证\实验结果\20261004_逐步独立参照固定几何完整反馈\application_ct_original138_e18_reference\


 Compressing files in C:\Users\24848\Desktop\GraduationProject\初步实验\Geogram与PaMO组合验证\实验结果\20261004_逐步独立参照固定几何完整反馈\application_ct_original138_e19_reference\


 Compressing files in C:\Users\24848\Desktop\GraduationProject\初步实验\Geogram与PaMO组合验证\实验结果\20261004_逐步独立参照固定几何完整反馈\application_ct_original138_e1_candidate_boolean\


 Compressing files in C:\Users\24848\Desktop\GraduationProject\初步实验\Geogram与PaMO组合验证\实验结果\20261004_逐步独立参照固定几何完整反馈\application_ct_original138_e1_candidate_boolean\full_geometry_checks\


 Compressing files in C:\Users\24848\Desktop\GraduationProject\初步实验\Geogram与PaMO组合验证\实验结果\20261004_逐步独立参照固定几何完整反馈\application_ct_original138_e1_candidate_input\


 Compressing files in C:\Users\24848\Desktop\GraduationProject\初步实验\Geogram与PaMO组合验证\实验结果\20261004_逐步独立参照固定几何完整反馈\application_ct_original138_e1_candidate_input\full_geometry_checks\


 Compressing files in C:\Users\24848\Desktop\GraduationProject\初步实验\Geogram与PaMO组合验证\实验结果\20261004_逐步独立参照固定几何完整反馈\application_ct_original138_e1_reference\


 Compressing files in C:\Users\24848\Desktop\GraduationProject\初步实验\Geogram与PaMO组合验证\实验结果\20261004_逐步独立参照固定几何完整反馈\application_ct_original138_e1_reference\full_geometry_checks\


 Compressing files in C:\Users\24848\Desktop\GraduationProject\初步实验\Geogram与PaMO组合验证\实验结果\20261004_逐步独立参照固定几何完整反馈\application_ct_original138_e20_reference\


 Compressing files in C:\Users\24848\Desktop\GraduationProject\初步实验\Geogram与PaMO组合验证\实验结果\20261004_逐步独立参照固定几何完整反馈\application_ct_original138_e21_reference\


 Compressing files in C:\Users\24848\Desktop\GraduationProject\初步实验\Geogram与PaMO组合验证\实验结果\20261004_逐步独立参照固定几何完整反馈\application_ct_original138_e22_reference\


 Compressing files in C:\Users\24848\Desktop\GraduationProject\初步实验\Geogram与PaMO组合验证\实验结果\20261004_逐步独立参照固定几何完整反馈\application_ct_original138_e23_reference\


 Compressing files in C:\Users\24848\Desktop\GraduationProject\初步实验\Geogram与PaMO组合验证\实验结果\20261004_逐步独立参照固定几何完整反馈\application_ct_original138_e24_reference\


 Compressing files in C:\Users\24848\Desktop\GraduationProject\初步实验\Geogram与PaMO组合验证\实验结果\20261004_逐步独立参照固定几何完整反馈\application_ct_original138_e25_reference\


 Compressing files in C:\Users\24848\Desktop\GraduationProject\初步实验\Geogram与PaMO组合验证\实验结果\20261004_逐步独立参照固定几何完整反馈\application_ct_original138_e26_reference\


 Compressing files in C:\Users\24848\Desktop\GraduationProject\初步实验\Geogram与PaMO组合验证\实验结果\20261004_逐步独立参照固定几何完整反馈\application_ct_original138_e27_reference\


 Compressing files in C:\Users\24848\Desktop\GraduationProject\初步实验\Geogram与PaMO组合验证\实验结果\20261004_逐步独立参照固定几何完整反馈\application_ct_original138_e28_reference\


 Compressing files in C:\Users\24848\Desktop\GraduationProject\初步实验\Geogram与PaMO组合验证\实验结果\20261004_逐步独立参照固定几何完整反馈\application_ct_original138_e29_reference\


 Compressing files in C:\Users\24848\Desktop\GraduationProject\初步实验\Geogram与PaMO组合验证\实验结果\20261004_逐步独立参照固定几何完整反馈\application_ct_original138_e2_candidate_boolean\


 Compressing files in C:\Users\24848\Desktop\GraduationProject\初步实验\Geogram与PaMO组合验证\实验结果\20261004_逐步独立参照固定几何完整反馈\application_ct_original138_e2_candidate_boolean\full_geometry_checks\


 Compressing files in C:\Users\24848\Desktop\GraduationProject\初步实验\Geogram与PaMO组合验证\实验结果\20261004_逐步独立参照固定几何完整反馈\application_ct_original138_e2_candidate_input\


 Compressing files in C:\Users\24848\Desktop\GraduationProject\初步实验\Geogram与PaMO组合验证\实验结果\20261004_逐步独立参照固定几何完整反馈\application_ct_original138_e2_candidate_input\full_geometry_checks\


 Compressing files in C:\Users\24848\Desktop\GraduationProject\初步实验\Geogram与PaMO组合验证\实验结果\20261004_逐步独立参照固定几何完整反馈\application_ct_original138_e2_reference\


 Compressing files in C:\Users\24848\Desktop\GraduationProject\初步实验\Geogram与PaMO组合验证\实验结果\20261004_逐步独立参照固定几何完整反馈\application_ct_original138_e2_reference\full_geometry_checks\


 Compressing files in C:\Users\24848\Desktop\GraduationProject\初步实验\Geogram与PaMO组合验证\实验结果\20261004_逐步独立参照固定几何完整反馈\application_ct_original138_e30_reference\


 Compressing files in C:\Users\24848\Desktop\GraduationProject\初步实验\Geogram与PaMO组合验证\实验结果\20261004_逐步独立参照固定几何完整反馈\application_ct_original138_e31_reference\


 Compressing files in C:\Users\24848\Desktop\GraduationProject\初步实验\Geogram与PaMO组合验证\实验结果\20261004_逐步独立参照固定几何完整反馈\application_ct_original138_e32_reference\


 Compressing files in C:\Users\24848\Desktop\GraduationProject\初步实验\Geogram与PaMO组合验证\实验结果\20261004_逐步独立参照固定几何完整反馈\application_ct_original138_e33_reference\


 Compressing files in C:\Users\24848\Desktop\GraduationProject\初步实验\Geogram与PaMO组合验证\实验结果\20261004_逐步独立参照固定几何完整反馈\application_ct_original138_e34_reference\


 Compressing files in C:\Users\24848\Desktop\GraduationProject\初步实验\Geogram与PaMO组合验证\实验结果\20261004_逐步独立参照固定几何完整反馈\application_ct_original138_e35_reference\


 Compressing files in C:\Users\24848\Desktop\GraduationProject\初步实验\Geogram与PaMO组合验证\实验结果\20261004_逐步独立参照固定几何完整反馈\application_ct_original138_e36_reference\


 Compressing files in C:\Users\24848\Desktop\GraduationProject\初步实验\Geogram与PaMO组合验证\实验结果\20261004_逐步独立参照固定几何完整反馈\application_ct_original138_e37_reference\


 Compressing files in C:\Users\24848\Desktop\GraduationProject\初步实验\Geogram与PaMO组合验证\实验结果\20261004_逐步独立参照固定几何完整反馈\application_ct_original138_e38_reference\


 Compressing files in C:\Users\24848\Desktop\GraduationProject\初步实验\Geogram与PaMO组合验证\实验结果\20261004_逐步独立参照固定几何完整反馈\application_ct_original138_e39_reference\


 Compressing files in C:\Users\24848\Desktop\GraduationProject\初步实验\Geogram与PaMO组合验证\实验结果\20261004_逐步独立参照固定几何完整反馈\application_ct_original138_e3_candidate_boolean\


 Compressing files in C:\Users\24848\Desktop\GraduationProject\初步实验\Geogram与PaMO组合验证\实验结果\20261004_逐步独立参照固定几何完整反馈\application_ct_original138_e3_candidate_boolean\full_geometry_checks\


 Compressing files in C:\Users\24848\Desktop\GraduationProject\初步实验\Geogram与PaMO组合验证\实验结果\20261004_逐步独立参照固定几何完整反馈\application_ct_original138_e3_candidate_input\


 Compressing files in C:\Users\24848\Desktop\GraduationProject\初步实验\Geogram与PaMO组合验证\实验结果\20261004_逐步独立参照固定几何完整反馈\application_ct_original138_e3_candidate_input\full_geometry_checks\


 Compressing files in C:\Users\24848\Desktop\GraduationProject\初步实验\Geogram与PaMO组合验证\实验结果\20261004_逐步独立参照固定几何完整反馈\application_ct_original138_e3_reference\


 Compressing files in C:\Users\24848\Desktop\GraduationProject\初步实验\Geogram与PaMO组合验证\实验结果\20261004_逐步独立参照固定几何完整反馈\application_ct_original138_e3_reference\full_geometry_checks\


 Compressing files in C:\Users\24848\Desktop\GraduationProject\初步实验\Geogram与PaMO组合验证\实验结果\20261004_逐步独立参照固定几何完整反馈\application_ct_original138_e40_reference\


 Compressing files in C:\Users\24848\Desktop\GraduationProject\初步实验\Geogram与PaMO组合验证\实验结果\20261004_逐步独立参照固定几何完整反馈\application_ct_original138_e41_reference\


 Compressing files in C:\Users\24848\Desktop\GraduationProject\初步实验\Geogram与PaMO组合验证\实验结果\20261004_逐步独立参照固定几何完整反馈\application_ct_original138_e42_reference\


 Compressing files in C:\Users\24848\Desktop\GraduationProject\初步实验\Geogram与PaMO组合验证\实验结果\20261004_逐步独立参照固定几何完整反馈\application_ct_original138_e43_reference\


 Compressing files in C:\Users\24848\Desktop\GraduationProject\初步实验\Geogram与PaMO组合验证\实验结果\20261004_逐步独立参照固定几何完整反馈\application_ct_original138_e44_reference\


 Compressing files in C:\Users\24848\Desktop\GraduationProject\初步实验\Geogram与PaMO组合验证\实验结果\20261004_逐步独立参照固定几何完整反馈\application_ct_original138_e45_reference\


 Compressing files in C:\Users\24848\Desktop\GraduationProject\初步实验\Geogram与PaMO组合验证\实验结果\20261004_逐步独立参照固定几何完整反馈\application_ct_original138_e46_reference\


 Compressing files in C:\Users\24848\Desktop\GraduationProject\初步实验\Geogram与PaMO组合验证\实验结果\20261004_逐步独立参照固定几何完整反馈\application_ct_original138_e47_reference\


 Compressing files in C:\Users\24848\Desktop\GraduationProject\初步实验\Geogram与PaMO组合验证\实验结果\20261004_逐步独立参照固定几何完整反馈\application_ct_original138_e48_reference\


 Compressing files in C:\Users\24848\Desktop\GraduationProject\初步实验\Geogram与PaMO组合验证\实验结果\20261004_逐步独立参照固定几何完整反馈\application_ct_original138_e49_reference\


 Compressing files in C:\Users\24848\Desktop\GraduationProject\初步实验\Geogram与PaMO组合验证\实验结果\20261004_逐步独立参照固定几何完整反馈\application_ct_original138_e4_candidate_boolean\


 Compressing files in C:\Users\24848\Desktop\GraduationProject\初步实验\Geogram与PaMO组合验证\实验结果\20261004_逐步独立参照固定几何完整反馈\application_ct_original138_e4_candidate_boolean\full_geometry_checks\


 Compressing files in C:\Users\24848\Desktop\GraduationProject\初步实验\Geogram与PaMO组合验证\实验结果\20261004_逐步独立参照固定几何完整反馈\application_ct_original138_e4_candidate_input\


 Compressing files in C:\Users\24848\Desktop\GraduationProject\初步实验\Geogram与PaMO组合验证\实验结果\20261004_逐步独立参照固定几何完整反馈\application_ct_original138_e4_candidate_input\full_geometry_checks\


 Compressing files in C:\Users\24848\Desktop\GraduationProject\初步实验\Geogram与PaMO组合验证\实验结果\20261004_逐步独立参照固定几何完整反馈\application_ct_original138_e4_reference\


 Compressing files in C:\Users\24848\Desktop\GraduationProject\初步实验\Geogram与PaMO组合验证\实验结果\20261004_逐步独立参照固定几何完整反馈\application_ct_original138_e4_reference\full_geometry_checks\


 Compressing files in C:\Users\24848\Desktop\GraduationProject\初步实验\Geogram与PaMO组合验证\实验结果\20261004_逐步独立参照固定几何完整反馈\application_ct_original138_e50_reference\


 Compressing files in C:\Users\24848\Desktop\GraduationProject\初步实验\Geogram与PaMO组合验证\实验结果\20261004_逐步独立参照固定几何完整反馈\application_ct_original138_e51_reference\


 Compressing files in C:\Users\24848\Desktop\GraduationProject\初步实验\Geogram与PaMO组合验证\实验结果\20261004_逐步独立参照固定几何完整反馈\application_ct_original138_e52_reference\


 Compressing files in C:\Users\24848\Desktop\GraduationProject\初步实验\Geogram与PaMO组合验证\实验结果\20261004_逐步独立参照固定几何完整反馈\application_ct_original138_e53_reference\


 Compressing files in C:\Users\24848\Desktop\GraduationProject\初步实验\Geogram与PaMO组合验证\实验结果\20261004_逐步独立参照固定几何完整反馈\application_ct_original138_e54_reference\


 Compressing files in C:\Users\24848\Desktop\GraduationProject\初步实验\Geogram与PaMO组合验证\实验结果\20261004_逐步独立参照固定几何完整反馈\application_ct_original138_e55_reference\


 Compressing files in C:\Users\24848\Desktop\GraduationProject\初步实验\Geogram与PaMO组合验证\实验结果\20261004_逐步独立参照固定几何完整反馈\application_ct_original138_e56_reference\


 Compressing files in C:\Users\24848\Desktop\GraduationProject\初步实验\Geogram与PaMO组合验证\实验结果\20261004_逐步独立参照固定几何完整反馈\application_ct_original138_e57_reference\


 Compressing files in C:\Users\24848\Desktop\GraduationProject\初步实验\Geogram与PaMO组合验证\实验结果\20261004_逐步独立参照固定几何完整反馈\application_ct_original138_e58_reference\


 Compressing files in C:\Users\24848\Desktop\GraduationProject\初步实验\Geogram与PaMO组合验证\实验结果\20261004_逐步独立参照固定几何完整反馈\application_ct_original138_e59_reference\


 Compressing files in C:\Users\24848\Desktop\GraduationProject\初步实验\Geogram与PaMO组合验证\实验结果\20261004_逐步独立参照固定几何完整反馈\application_ct_original138_e5_candidate_boolean\


 Compressing files in C:\Users\24848\Desktop\GraduationProject\初步实验\Geogram与PaMO组合验证\实验结果\20261004_逐步独立参照固定几何完整反馈\application_ct_original138_e5_candidate_boolean\full_geometry_checks\


 Compressing files in C:\Users\24848\Desktop\GraduationProject\初步实验\Geogram与PaMO组合验证\实验结果\20261004_逐步独立参照固定几何完整反馈\application_ct_original138_e5_candidate_input\


 Compressing files in C:\Users\24848\Desktop\GraduationProject\初步实验\Geogram与PaMO组合验证\实验结果\20261004_逐步独立参照固定几何完整反馈\application_ct_original138_e5_candidate_input\full_geometry_checks\


 Compressing files in C:\Users\24848\Desktop\GraduationProject\初步实验\Geogram与PaMO组合验证\实验结果\20261004_逐步独立参照固定几何完整反馈\application_ct_original138_e5_reference\


 Compressing files in C:\Users\24848\Desktop\GraduationProject\初步实验\Geogram与PaMO组合验证\实验结果\20261004_逐步独立参照固定几何完整反馈\application_ct_original138_e5_reference\e0\


 Compressing files in C:\Users\24848\Desktop\GraduationProject\初步实验\Geogram与PaMO组合验证\实验结果\20261004_逐步独立参照固定几何完整反馈\application_ct_original138_e5_reference\e0\checks\


 Compressing files in C:\Users\24848\Desktop\GraduationProject\初步实验\Geogram与PaMO组合验证\实验结果\20261004_逐步独立参照固定几何完整反馈\application_ct_original138_e5_reference\e1\


 Compressing files in C:\Users\24848\Desktop\GraduationProject\初步实验\Geogram与PaMO组合验证\实验结果\20261004_逐步独立参照固定几何完整反馈\application_ct_original138_e5_reference\e1\checks\


 Compressing files in C:\Users\24848\Desktop\GraduationProject\初步实验\Geogram与PaMO组合验证\实验结果\20261004_逐步独立参照固定几何完整反馈\application_ct_original138_e5_reference\e2\


 Compressing files in C:\Users\24848\Desktop\GraduationProject\初步实验\Geogram与PaMO组合验证\实验结果\20261004_逐步独立参照固定几何完整反馈\application_ct_original138_e5_reference\e2\checks\


 Compressing files in C:\Users\24848\Desktop\GraduationProject\初步实验\Geogram与PaMO组合验证\实验结果\20261004_逐步独立参照固定几何完整反馈\application_ct_original138_e5_reference\e3\


 Compressing files in C:\Users\24848\Desktop\GraduationProject\初步实验\Geogram与PaMO组合验证\实验结果\20261004_逐步独立参照固定几何完整反馈\application_ct_original138_e5_reference\e3\checks\


 Compressing files in C:\Users\24848\Desktop\GraduationProject\初步实验\Geogram与PaMO组合验证\实验结果\20261004_逐步独立参照固定几何完整反馈\application_ct_original138_e5_reference\e4\


 Compressing files in C:\Users\24848\Desktop\GraduationProject\初步实验\Geogram与PaMO组合验证\实验结果\20261004_逐步独立参照固定几何完整反馈\application_ct_original138_e5_reference\e4\checks\


 Compressing files in C:\Users\24848\Desktop\GraduationProject\初步实验\Geogram与PaMO组合验证\实验结果\20261004_逐步独立参照固定几何完整反馈\application_ct_original138_e5_reference\e5\


 Compressing files in C:\Users\24848\Desktop\GraduationProject\初步实验\Geogram与PaMO组合验证\实验结果\20261004_逐步独立参照固定几何完整反馈\application_ct_original138_e5_reference\e5\checks\


 Compressing files in C:\Users\24848\Desktop\GraduationProject\初步实验\Geogram与PaMO组合验证\实验结果\20261004_逐步独立参照固定几何完整反馈\application_ct_original138_e5_reference\full_geometry_checks\


 Compressing files in C:\Users\24848\Desktop\GraduationProject\初步实验\Geogram与PaMO组合验证\实验结果\20261004_逐步独立参照固定几何完整反馈\application_ct_original138_e5_reference\initial_checks\


 Compressing files in C:\Users\24848\Desktop\GraduationProject\初步实验\Geogram与PaMO组合验证\实验结果\20261004_逐步独立参照固定几何完整反馈\application_ct_original138_e60_reference\


 Compressing files in C:\Users\24848\Desktop\GraduationProject\初步实验\Geogram与PaMO组合验证\实验结果\20261004_逐步独立参照固定几何完整反馈\application_ct_original138_e61_reference\


 Compressing files in C:\Users\24848\Desktop\GraduationProject\初步实验\Geogram与PaMO组合验证\实验结果\20261004_逐步独立参照固定几何完整反馈\application_ct_original138_e62_reference\


 Compressing files in C:\Users\24848\Desktop\GraduationProject\初步实验\Geogram与PaMO组合验证\实验结果\20261004_逐步独立参照固定几何完整反馈\application_ct_original138_e63_reference\


 Compressing files in C:\Users\24848\Desktop\GraduationProject\初步实验\Geogram与PaMO组合验证\实验结果\20261004_逐步独立参照固定几何完整反馈\application_ct_original138_e64_reference\


 Compressing files in C:\Users\24848\Desktop\GraduationProject\初步实验\Geogram与PaMO组合验证\实验结果\20261004_逐步独立参照固定几何完整反馈\application_ct_original138_e65_reference\


 Compressing files in C:\Users\24848\Desktop\GraduationProject\初步实验\Geogram与PaMO组合验证\实验结果\20261004_逐步独立参照固定几何完整反馈\application_ct_original138_e66_reference\


 Compressing files in C:\Users\24848\Desktop\GraduationProject\初步实验\Geogram与PaMO组合验证\实验结果\20261004_逐步独立参照固定几何完整反馈\application_ct_original138_e67_reference\


 Compressing files in C:\Users\24848\Desktop\GraduationProject\初步实验\Geogram与PaMO组合验证\实验结果\20261004_逐步独立参照固定几何完整反馈\application_ct_original138_e68_reference\


 Compressing files in C:\Users\24848\Desktop\GraduationProject\初步实验\Geogram与PaMO组合验证\实验结果\20261004_逐步独立参照固定几何完整反馈\application_ct_original138_e69_reference\


 Compressing files in C:\Users\24848\Desktop\GraduationProject\初步实验\Geogram与PaMO组合验证\实验结果\20261004_逐步独立参照固定几何完整反馈\application_ct_original138_e6_candidate_boolean\


 Compressing files in C:\Users\24848\Desktop\GraduationProject\初步实验\Geogram与PaMO组合验证\实验结果\20261004_逐步独立参照固定几何完整反馈\application_ct_original138_e6_candidate_boolean\full_geometry_checks\


 Compressing files in C:\Users\24848\Desktop\GraduationProject\初步实验\Geogram与PaMO组合验证\实验结果\20261004_逐步独立参照固定几何完整反馈\application_ct_original138_e6_candidate_input\


 Compressing files in C:\Users\24848\Desktop\GraduationProject\初步实验\Geogram与PaMO组合验证\实验结果\20261004_逐步独立参照固定几何完整反馈\application_ct_original138_e6_candidate_input\full_geometry_checks\


 Compressing files in C:\Users\24848\Desktop\GraduationProject\初步实验\Geogram与PaMO组合验证\实验结果\20261004_逐步独立参照固定几何完整反馈\application_ct_original138_e6_reference\


 Compressing files in C:\Users\24848\Desktop\GraduationProject\初步实验\Geogram与PaMO组合验证\实验结果\20261004_逐步独立参照固定几何完整反馈\application_ct_original138_e6_reference\e0\


 Compressing files in C:\Users\24848\Desktop\GraduationProject\初步实验\Geogram与PaMO组合验证\实验结果\20261004_逐步独立参照固定几何完整反馈\application_ct_original138_e6_reference\e0\checks\


 Compressing files in C:\Users\24848\Desktop\GraduationProject\初步实验\Geogram与PaMO组合验证\实验结果\20261004_逐步独立参照固定几何完整反馈\application_ct_original138_e6_reference\e1\


 Compressing files in C:\Users\24848\Desktop\GraduationProject\初步实验\Geogram与PaMO组合验证\实验结果\20261004_逐步独立参照固定几何完整反馈\application_ct_original138_e6_reference\e1\checks\


 Compressing files in C:\Users\24848\Desktop\GraduationProject\初步实验\Geogram与PaMO组合验证\实验结果\20261004_逐步独立参照固定几何完整反馈\application_ct_original138_e6_reference\e2\


 Compressing files in C:\Users\24848\Desktop\GraduationProject\初步实验\Geogram与PaMO组合验证\实验结果\20261004_逐步独立参照固定几何完整反馈\application_ct_original138_e6_reference\e2\checks\


 Compressing files in C:\Users\24848\Desktop\GraduationProject\初步实验\Geogram与PaMO组合验证\实验结果\20261004_逐步独立参照固定几何完整反馈\application_ct_original138_e6_reference\e3\


 Compressing files in C:\Users\24848\Desktop\GraduationProject\初步实验\Geogram与PaMO组合验证\实验结果\20261004_逐步独立参照固定几何完整反馈\application_ct_original138_e6_reference\e3\checks\


 Compressing files in C:\Users\24848\Desktop\GraduationProject\初步实验\Geogram与PaMO组合验证\实验结果\20261004_逐步独立参照固定几何完整反馈\application_ct_original138_e6_reference\e4\


 Compressing files in C:\Users\24848\Desktop\GraduationProject\初步实验\Geogram与PaMO组合验证\实验结果\20261004_逐步独立参照固定几何完整反馈\application_ct_original138_e6_reference\e4\checks\


 Compressing files in C:\Users\24848\Desktop\GraduationProject\初步实验\Geogram与PaMO组合验证\实验结果\20261004_逐步独立参照固定几何完整反馈\application_ct_original138_e6_reference\e5\


 Compressing files in C:\Users\24848\Desktop\GraduationProject\初步实验\Geogram与PaMO组合验证\实验结果\20261004_逐步独立参照固定几何完整反馈\application_ct_original138_e6_reference\e5\checks\


 Compressing files in C:\Users\24848\Desktop\GraduationProject\初步实验\Geogram与PaMO组合验证\实验结果\20261004_逐步独立参照固定几何完整反馈\application_ct_original138_e6_reference\e6\


 Compressing files in C:\Users\24848\Desktop\GraduationProject\初步实验\Geogram与PaMO组合验证\实验结果\20261004_逐步独立参照固定几何完整反馈\application_ct_original138_e6_reference\e6\checks\


 Compressing files in C:\Users\24848\Desktop\GraduationProject\初步实验\Geogram与PaMO组合验证\实验结果\20261004_逐步独立参照固定几何完整反馈\application_ct_original138_e6_reference\full_geometry_checks\


 Compressing files in C:\Users\24848\Desktop\GraduationProject\初步实验\Geogram与PaMO组合验证\实验结果\20261004_逐步独立参照固定几何完整反馈\application_ct_original138_e6_reference\initial_checks\


 Compressing files in C:\Users\24848\Desktop\GraduationProject\初步实验\Geogram与PaMO组合验证\实验结果\20261004_逐步独立参照固定几何完整反馈\application_ct_original138_e70_reference\


 Compressing files in C:\Users\24848\Desktop\GraduationProject\初步实验\Geogram与PaMO组合验证\实验结果\20261004_逐步独立参照固定几何完整反馈\application_ct_original138_e71_reference\


 Compressing files in C:\Users\24848\Desktop\GraduationProject\初步实验\Geogram与PaMO组合验证\实验结果\20261004_逐步独立参照固定几何完整反馈\application_ct_original138_e72_reference\


 Compressing files in C:\Users\24848\Desktop\GraduationProject\初步实验\Geogram与PaMO组合验证\实验结果\20261004_逐步独立参照固定几何完整反馈\application_ct_original138_e73_reference\


 Compressing files in C:\Users\24848\Desktop\GraduationProject\初步实验\Geogram与PaMO组合验证\实验结果\20261004_逐步独立参照固定几何完整反馈\application_ct_original138_e74_reference\


 Compressing files in C:\Users\24848\Desktop\GraduationProject\初步实验\Geogram与PaMO组合验证\实验结果\20261004_逐步独立参照固定几何完整反馈\application_ct_original138_e75_reference\


 Compressing files in C:\Users\24848\Desktop\GraduationProject\初步实验\Geogram与PaMO组合验证\实验结果\20261004_逐步独立参照固定几何完整反馈\application_ct_original138_e76_reference\


 Compressing files in C:\Users\24848\Desktop\GraduationProject\初步实验\Geogram与PaMO组合验证\实验结果\20261004_逐步独立参照固定几何完整反馈\application_ct_original138_e77_reference\


 Compressing files in C:\Users\24848\Desktop\GraduationProject\初步实验\Geogram与PaMO组合验证\实验结果\20261004_逐步独立参照固定几何完整反馈\application_ct_original138_e78_reference\


 Compressing files in C:\Users\24848\Desktop\GraduationProject\初步实验\Geogram与PaMO组合验证\实验结果\20261004_逐步独立参照固定几何完整反馈\application_ct_original138_e79_reference\


 Compressing files in C:\Users\24848\Desktop\GraduationProject\初步实验\Geogram与PaMO组合验证\实验结果\20261004_逐步独立参照固定几何完整反馈\application_ct_original138_e7_candidate_boolean\


 Compressing files in C:\Users\24848\Desktop\GraduationProject\初步实验\Geogram与PaMO组合验证\实验结果\20261004_逐步独立参照固定几何完整反馈\application_ct_original138_e7_candidate_boolean\full_geometry_checks\


 Compressing files in C:\Users\24848\Desktop\GraduationProject\初步实验\Geogram与PaMO组合验证\实验结果\20261004_逐步独立参照固定几何完整反馈\application_ct_original138_e7_candidate_input\


 Compressing files in C:\Users\24848\Desktop\GraduationProject\初步实验\Geogram与PaMO组合验证\实验结果\20261004_逐步独立参照固定几何完整反馈\application_ct_original138_e7_candidate_input\full_geometry_checks\


 Compressing files in C:\Users\24848\Desktop\GraduationProject\初步实验\Geogram与PaMO组合验证\实验结果\20261004_逐步独立参照固定几何完整反馈\application_ct_original138_e7_reference\


 Compressing files in C:\Users\24848\Desktop\GraduationProject\初步实验\Geogram与PaMO组合验证\实验结果\20261004_逐步独立参照固定几何完整反馈\application_ct_original138_e7_reference\e0\


 Compressing files in C:\Users\24848\Desktop\GraduationProject\初步实验\Geogram与PaMO组合验证\实验结果\20261004_逐步独立参照固定几何完整反馈\application_ct_original138_e7_reference\e0\checks\


 Compressing files in C:\Users\24848\Desktop\GraduationProject\初步实验\Geogram与PaMO组合验证\实验结果\20261004_逐步独立参照固定几何完整反馈\application_ct_original138_e7_reference\e1\


 Compressing files in C:\Users\24848\Desktop\GraduationProject\初步实验\Geogram与PaMO组合验证\实验结果\20261004_逐步独立参照固定几何完整反馈\application_ct_original138_e7_reference\e1\checks\


 Compressing files in C:\Users\24848\Desktop\GraduationProject\初步实验\Geogram与PaMO组合验证\实验结果\20261004_逐步独立参照固定几何完整反馈\application_ct_original138_e7_reference\e2\


 Compressing files in C:\Users\24848\Desktop\GraduationProject\初步实验\Geogram与PaMO组合验证\实验结果\20261004_逐步独立参照固定几何完整反馈\application_ct_original138_e7_reference\e2\checks\


 Compressing files in C:\Users\24848\Desktop\GraduationProject\初步实验\Geogram与PaMO组合验证\实验结果\20261004_逐步独立参照固定几何完整反馈\application_ct_original138_e7_reference\e3\


 Compressing files in C:\Users\24848\Desktop\GraduationProject\初步实验\Geogram与PaMO组合验证\实验结果\20261004_逐步独立参照固定几何完整反馈\application_ct_original138_e7_reference\e3\checks\


 Compressing files in C:\Users\24848\Desktop\GraduationProject\初步实验\Geogram与PaMO组合验证\实验结果\20261004_逐步独立参照固定几何完整反馈\application_ct_original138_e7_reference\e4\


 Compressing files in C:\Users\24848\Desktop\GraduationProject\初步实验\Geogram与PaMO组合验证\实验结果\20261004_逐步独立参照固定几何完整反馈\application_ct_original138_e7_reference\e4\checks\


 Compressing files in C:\Users\24848\Desktop\GraduationProject\初步实验\Geogram与PaMO组合验证\实验结果\20261004_逐步独立参照固定几何完整反馈\application_ct_original138_e7_reference\e5\


 Compressing files in C:\Users\24848\Desktop\GraduationProject\初步实验\Geogram与PaMO组合验证\实验结果\20261004_逐步独立参照固定几何完整反馈\application_ct_original138_e7_reference\e5\checks\


 Compressing files in C:\Users\24848\Desktop\GraduationProject\初步实验\Geogram与PaMO组合验证\实验结果\20261004_逐步独立参照固定几何完整反馈\application_ct_original138_e7_reference\e6\


 Compressing files in C:\Users\24848\Desktop\GraduationProject\初步实验\Geogram与PaMO组合验证\实验结果\20261004_逐步独立参照固定几何完整反馈\application_ct_original138_e7_reference\e6\checks\


 Compressing files in C:\Users\24848\Desktop\GraduationProject\初步实验\Geogram与PaMO组合验证\实验结果\20261004_逐步独立参照固定几何完整反馈\application_ct_original138_e7_reference\e7\


 Compressing files in C:\Users\24848\Desktop\GraduationProject\初步实验\Geogram与PaMO组合验证\实验结果\20261004_逐步独立参照固定几何完整反馈\application_ct_original138_e7_reference\e7\checks\


 Compressing files in C:\Users\24848\Desktop\GraduationProject\初步实验\Geogram与PaMO组合验证\实验结果\20261004_逐步独立参照固定几何完整反馈\application_ct_original138_e7_reference\full_geometry_checks\


 Compressing files in C:\Users\24848\Desktop\GraduationProject\初步实验\Geogram与PaMO组合验证\实验结果\20261004_逐步独立参照固定几何完整反馈\application_ct_original138_e7_reference\initial_checks\


 Compressing files in C:\Users\24848\Desktop\GraduationProject\初步实验\Geogram与PaMO组合验证\实验结果\20261004_逐步独立参照固定几何完整反馈\application_ct_original138_e80_reference\


 Compressing files in C:\Users\24848\Desktop\GraduationProject\初步实验\Geogram与PaMO组合验证\实验结果\20261004_逐步独立参照固定几何完整反馈\application_ct_original138_e81_reference\


 Compressing files in C:\Users\24848\Desktop\GraduationProject\初步实验\Geogram与PaMO组合验证\实验结果\20261004_逐步独立参照固定几何完整反馈\application_ct_original138_e82_reference\


 Compressing files in C:\Users\24848\Desktop\GraduationProject\初步实验\Geogram与PaMO组合验证\实验结果\20261004_逐步独立参照固定几何完整反馈\application_ct_original138_e83_reference\


 Compressing files in C:\Users\24848\Desktop\GraduationProject\初步实验\Geogram与PaMO组合验证\实验结果\20261004_逐步独立参照固定几何完整反馈\application_ct_original138_e84_reference\


 Compressing files in C:\Users\24848\Desktop\GraduationProject\初步实验\Geogram与PaMO组合验证\实验结果\20261004_逐步独立参照固定几何完整反馈\application_ct_original138_e85_reference\


 Compressing files in C:\Users\24848\Desktop\GraduationProject\初步实验\Geogram与PaMO组合验证\实验结果\20261004_逐步独立参照固定几何完整反馈\application_ct_original138_e86_reference\


 Compressing files in C:\Users\24848\Desktop\GraduationProject\初步实验\Geogram与PaMO组合验证\实验结果\20261004_逐步独立参照固定几何完整反馈\application_ct_original138_e87_reference\


 Compressing files in C:\Users\24848\Desktop\GraduationProject\初步实验\Geogram与PaMO组合验证\实验结果\20261004_逐步独立参照固定几何完整反馈\application_ct_original138_e88_reference\


 Compressing files in C:\Users\24848\Desktop\GraduationProject\初步实验\Geogram与PaMO组合验证\实验结果\20261004_逐步独立参照固定几何完整反馈\application_ct_original138_e89_reference\


 Compressing files in C:\Users\24848\Desktop\GraduationProject\初步实验\Geogram与PaMO组合验证\实验结果\20261004_逐步独立参照固定几何完整反馈\application_ct_original138_e8_candidate_boolean\


 Compressing files in C:\Users\24848\Desktop\GraduationProject\初步实验\Geogram与PaMO组合验证\实验结果\20261004_逐步独立参照固定几何完整反馈\application_ct_original138_e8_candidate_boolean\full_geometry_checks\


 Compressing files in C:\Users\24848\Desktop\GraduationProject\初步实验\Geogram与PaMO组合验证\实验结果\20261004_逐步独立参照固定几何完整反馈\application_ct_original138_e8_candidate_input\


 Compressing files in C:\Users\24848\Desktop\GraduationProject\初步实验\Geogram与PaMO组合验证\实验结果\20261004_逐步独立参照固定几何完整反馈\application_ct_original138_e8_candidate_input\full_geometry_checks\


 Compressing files in C:\Users\24848\Desktop\GraduationProject\初步实验\Geogram与PaMO组合验证\实验结果\20261004_逐步独立参照固定几何完整反馈\application_ct_original138_e8_reference\


 Compressing files in C:\Users\24848\Desktop\GraduationProject\初步实验\Geogram与PaMO组合验证\实验结果\20261004_逐步独立参照固定几何完整反馈\application_ct_original138_e8_reference\e0\


 Compressing files in C:\Users\24848\Desktop\GraduationProject\初步实验\Geogram与PaMO组合验证\实验结果\20261004_逐步独立参照固定几何完整反馈\application_ct_original138_e8_reference\e0\checks\


 Compressing files in C:\Users\24848\Desktop\GraduationProject\初步实验\Geogram与PaMO组合验证\实验结果\20261004_逐步独立参照固定几何完整反馈\application_ct_original138_e8_reference\e1\


 Compressing files in C:\Users\24848\Desktop\GraduationProject\初步实验\Geogram与PaMO组合验证\实验结果\20261004_逐步独立参照固定几何完整反馈\application_ct_original138_e8_reference\e1\checks\


 Compressing files in C:\Users\24848\Desktop\GraduationProject\初步实验\Geogram与PaMO组合验证\实验结果\20261004_逐步独立参照固定几何完整反馈\application_ct_original138_e8_reference\e2\


 Compressing files in C:\Users\24848\Desktop\GraduationProject\初步实验\Geogram与PaMO组合验证\实验结果\20261004_逐步独立参照固定几何完整反馈\application_ct_original138_e8_reference\e2\checks\


 Compressing files in C:\Users\24848\Desktop\GraduationProject\初步实验\Geogram与PaMO组合验证\实验结果\20261004_逐步独立参照固定几何完整反馈\application_ct_original138_e8_reference\e3\


 Compressing files in C:\Users\24848\Desktop\GraduationProject\初步实验\Geogram与PaMO组合验证\实验结果\20261004_逐步独立参照固定几何完整反馈\application_ct_original138_e8_reference\e3\checks\


 Compressing files in C:\Users\24848\Desktop\GraduationProject\初步实验\Geogram与PaMO组合验证\实验结果\20261004_逐步独立参照固定几何完整反馈\application_ct_original138_e8_reference\e4\


 Compressing files in C:\Users\24848\Desktop\GraduationProject\初步实验\Geogram与PaMO组合验证\实验结果\20261004_逐步独立参照固定几何完整反馈\application_ct_original138_e8_reference\e4\checks\


 Compressing files in C:\Users\24848\Desktop\GraduationProject\初步实验\Geogram与PaMO组合验证\实验结果\20261004_逐步独立参照固定几何完整反馈\application_ct_original138_e8_reference\e5\


 Compressing files in C:\Users\24848\Desktop\GraduationProject\初步实验\Geogram与PaMO组合验证\实验结果\20261004_逐步独立参照固定几何完整反馈\application_ct_original138_e8_reference\e5\checks\


 Compressing files in C:\Users\24848\Desktop\GraduationProject\初步实验\Geogram与PaMO组合验证\实验结果\20261004_逐步独立参照固定几何完整反馈\application_ct_original138_e8_reference\e6\


 Compressing files in C:\Users\24848\Desktop\GraduationProject\初步实验\Geogram与PaMO组合验证\实验结果\20261004_逐步独立参照固定几何完整反馈\application_ct_original138_e8_reference\e6\checks\


 Compressing files in C:\Users\24848\Desktop\GraduationProject\初步实验\Geogram与PaMO组合验证\实验结果\20261004_逐步独立参照固定几何完整反馈\application_ct_original138_e8_reference\e7\


 Compressing files in C:\Users\24848\Desktop\GraduationProject\初步实验\Geogram与PaMO组合验证\实验结果\20261004_逐步独立参照固定几何完整反馈\application_ct_original138_e8_reference\e7\checks\


 Compressing files in C:\Users\24848\Desktop\GraduationProject\初步实验\Geogram与PaMO组合验证\实验结果\20261004_逐步独立参照固定几何完整反馈\application_ct_original138_e8_reference\e8\


 Compressing files in C:\Users\24848\Desktop\GraduationProject\初步实验\Geogram与PaMO组合验证\实验结果\20261004_逐步独立参照固定几何完整反馈\application_ct_original138_e8_reference\e8\checks\


 Compressing files in C:\Users\24848\Desktop\GraduationProject\初步实验\Geogram与PaMO组合验证\实验结果\20261004_逐步独立参照固定几何完整反馈\application_ct_original138_e8_reference\full_geometry_checks\


 Compressing files in C:\Users\24848\Desktop\GraduationProject\初步实验\Geogram与PaMO组合验证\实验结果\20261004_逐步独立参照固定几何完整反馈\application_ct_original138_e8_reference\initial_checks\


 Compressing files in C:\Users\24848\Desktop\GraduationProject\初步实验\Geogram与PaMO组合验证\实验结果\20261004_逐步独立参照固定几何完整反馈\application_ct_original138_e90_reference\


 Compressing files in C:\Users\24848\Desktop\GraduationProject\初步实验\Geogram与PaMO组合验证\实验结果\20261004_逐步独立参照固定几何完整反馈\application_ct_original138_e91_reference\


 Compressing files in C:\Users\24848\Desktop\GraduationProject\初步实验\Geogram与PaMO组合验证\实验结果\20261004_逐步独立参照固定几何完整反馈\application_ct_original138_e92_reference\


 Compressing files in C:\Users\24848\Desktop\GraduationProject\初步实验\Geogram与PaMO组合验证\实验结果\20261004_逐步独立参照固定几何完整反馈\application_ct_original138_e93_reference\


 Compressing files in C:\Users\24848\Desktop\GraduationProject\初步实验\Geogram与PaMO组合验证\实验结果\20261004_逐步独立参照固定几何完整反馈\application_ct_original138_e94_reference\


 Compressing files in C:\Users\24848\Desktop\GraduationProject\初步实验\Geogram与PaMO组合验证\实验结果\20261004_逐步独立参照固定几何完整反馈\application_ct_original138_e95_reference\


 Compressing files in C:\Users\24848\Desktop\GraduationProject\初步实验\Geogram与PaMO组合验证\实验结果\20261004_逐步独立参照固定几何完整反馈\application_ct_original138_e96_reference\


 Compressing files in C:\Users\24848\Desktop\GraduationProject\初步实验\Geogram与PaMO组合验证\实验结果\20261004_逐步独立参照固定几何完整反馈\application_ct_original138_e97_reference\


 Compressing files in C:\Users\24848\Desktop\GraduationProject\初步实验\Geogram与PaMO组合验证\实验结果\20261004_逐步独立参照固定几何完整反馈\application_ct_original138_e98_reference\


 Compressing files in C:\Users\24848\Desktop\GraduationProject\初步实验\Geogram与PaMO组合验证\实验结果\20261004_逐步独立参照固定几何完整反馈\application_ct_original138_e99_reference\


 Compressing files in C:\Users\24848\Desktop\GraduationProject\初步实验\Geogram与PaMO组合验证\实验结果\20261004_逐步独立参照固定几何完整反馈\application_ct_original138_e9_candidate_boolean\


 Compressing files in C:\Users\24848\Desktop\GraduationProject\初步实验\Geogram与PaMO组合验证\实验结果\20261004_逐步独立参照固定几何完整反馈\application_ct_original138_e9_candidate_expanded\


 Compressing files in C:\Users\24848\Desktop\GraduationProject\初步实验\Geogram与PaMO组合验证\实验结果\20261004_逐步独立参照固定几何完整反馈\application_ct_original138_e9_candidate_input\


 Compressing files in C:\Users\24848\Desktop\GraduationProject\初步实验\Geogram与PaMO组合验证\实验结果\20261004_逐步独立参照固定几何完整反馈\application_ct_original138_e9_candidate_input\full_geometry_checks\


 Compressing files in C:\Users\24848\Desktop\GraduationProject\初步实验\Geogram与PaMO组合验证\实验结果\20261004_逐步独立参照固定几何完整反馈\application_ct_original138_e9_reference\


 Compressing files in C:\Users\24848\Desktop\GraduationProject\初步实验\Geogram与PaMO组合验证\实验结果\20261004_逐步独立参照固定几何完整反馈\application_ct_original138_e9_reference\e0\


 Compressing files in C:\Users\24848\Desktop\GraduationProject\初步实验\Geogram与PaMO组合验证\实验结果\20261004_逐步独立参照固定几何完整反馈\application_ct_original138_e9_reference\e0\checks\


 Compressing files in C:\Users\24848\Desktop\GraduationProject\初步实验\Geogram与PaMO组合验证\实验结果\20261004_逐步独立参照固定几何完整反馈\application_ct_original138_e9_reference\e1\


 Compressing files in C:\Users\24848\Desktop\GraduationProject\初步实验\Geogram与PaMO组合验证\实验结果\20261004_逐步独立参照固定几何完整反馈\application_ct_original138_e9_reference\e1\checks\


 Compressing files in C:\Users\24848\Desktop\GraduationProject\初步实验\Geogram与PaMO组合验证\实验结果\20261004_逐步独立参照固定几何完整反馈\application_ct_original138_e9_reference\e2\


 Compressing files in C:\Users\24848\Desktop\GraduationProject\初步实验\Geogram与PaMO组合验证\实验结果\20261004_逐步独立参照固定几何完整反馈\application_ct_original138_e9_reference\e2\checks\


 Compressing files in C:\Users\24848\Desktop\GraduationProject\初步实验\Geogram与PaMO组合验证\实验结果\20261004_逐步独立参照固定几何完整反馈\application_ct_original138_e9_reference\e3\


 Compressing files in C:\Users\24848\Desktop\GraduationProject\初步实验\Geogram与PaMO组合验证\实验结果\20261004_逐步独立参照固定几何完整反馈\application_ct_original138_e9_reference\e3\checks\


 Compressing files in C:\Users\24848\Desktop\GraduationProject\初步实验\Geogram与PaMO组合验证\实验结果\20261004_逐步独立参照固定几何完整反馈\application_ct_original138_e9_reference\e4\


 Compressing files in C:\Users\24848\Desktop\GraduationProject\初步实验\Geogram与PaMO组合验证\实验结果\20261004_逐步独立参照固定几何完整反馈\application_ct_original138_e9_reference\e4\checks\


 Compressing files in C:\Users\24848\Desktop\GraduationProject\初步实验\Geogram与PaMO组合验证\实验结果\20261004_逐步独立参照固定几何完整反馈\application_ct_original138_e9_reference\e5\


 Compressing files in C:\Users\24848\Desktop\GraduationProject\初步实验\Geogram与PaMO组合验证\实验结果\20261004_逐步独立参照固定几何完整反馈\application_ct_original138_e9_reference\e5\checks\


 Compressing files in C:\Users\24848\Desktop\GraduationProject\初步实验\Geogram与PaMO组合验证\实验结果\20261004_逐步独立参照固定几何完整反馈\application_ct_original138_e9_reference\e6\


 Compressing files in C:\Users\24848\Desktop\GraduationProject\初步实验\Geogram与PaMO组合验证\实验结果\20261004_逐步独立参照固定几何完整反馈\application_ct_original138_e9_reference\e6\checks\


 Compressing files in C:\Users\24848\Desktop\GraduationProject\初步实验\Geogram与PaMO组合验证\实验结果\20261004_逐步独立参照固定几何完整反馈\application_ct_original138_e9_reference\e7\


 Compressing files in C:\Users\24848\Desktop\GraduationProject\初步实验\Geogram与PaMO组合验证\实验结果\20261004_逐步独立参照固定几何完整反馈\application_ct_original138_e9_reference\e7\checks\


 Compressing files in C:\Users\24848\Desktop\GraduationProject\初步实验\Geogram与PaMO组合验证\实验结果\20261004_逐步独立参照固定几何完整反馈\application_ct_original138_e9_reference\e8\


 Compressing files in C:\Users\24848\Desktop\GraduationProject\初步实验\Geogram与PaMO组合验证\实验结果\20261004_逐步独立参照固定几何完整反馈\application_ct_original138_e9_reference\e8\checks\


 Compressing files in C:\Users\24848\Desktop\GraduationProject\初步实验\Geogram与PaMO组合验证\实验结果\20261004_逐步独立参照固定几何完整反馈\application_ct_original138_e9_reference\e9\


 Compressing files in C:\Users\24848\Desktop\GraduationProject\初步实验\Geogram与PaMO组合验证\实验结果\20261004_逐步独立参照固定几何完整反馈\application_ct_original138_e9_reference\e9\checks\


 Compressing files in C:\Users\24848\Desktop\GraduationProject\初步实验\Geogram与PaMO组合验证\实验结果\20261004_逐步独立参照固定几何完整反馈\application_ct_original138_e9_reference\full_geometry_checks\


 Compressing files in C:\Users\24848\Desktop\GraduationProject\初步实验\Geogram与PaMO组合验证\实验结果\20261004_逐步独立参照固定几何完整反馈\application_ct_original138_e9_reference\initial_checks\


 Compressing files in C:\Users\24848\Desktop\GraduationProject\初步实验\Geogram与PaMO组合验证\实验结果\20261004_逐步独立参照固定几何完整反馈\full_geometry_checks\


1697 files within 548 directories were compressed.
1,480,511,661 total bytes of data are stored in 859,394,529 bytes.
The compression ratio is 1.7 to 1.
