Stage1 :  True
Stage3 :  True
{"original_config_sha256": "df1eb24db57394c32e31f6d67a58cd7ef6c25febc11aff39c5e9503ee82d6390", "max_blocks": 67108864}
Warp 1.0.0-beta.2 initialized:
   CUDA Toolkit: 12.8, Driver: 13.2
   Devices:
     "cpu"    | x86_64
     "cuda:0" | NVIDIA GeForce RTX 4080 SUPER (sm_89)
   Kernel cache: /root/.cache/warp/1.0.0-beta.2
Target faces : 56030
Time for Remeshing: 0.08998847007751465 sec
Time for Simplification: 0.018051862716674805 sec
Module pamo_safe_project.kernels.geometry_kernels load on device 'cuda:0' took 24.39 ms
Module pamo_safe_project.kernels.energy_kernels.elastic_energy load on device 'cuda:0' took 21.08 ms
Module pamo_safe_project.kernels.energy_kernels.hinge_energy load on device 'cuda:0' took 52.26 ms
Module pamo_safe_project.kernels.energy_kernels.contact_detection load on device 'cuda:0' took 29.49 ms
Module pamo_safe_project.kernels.energy_kernels.distance_energy load on device 'cuda:0' took 39.93 ms
Module pamo_safe_project.kernels.energy_kernels.collision_energy load on device 'cuda:0' took 135.65 ms
Module pamo_safe_project.kernels.utils_kernels load on device 'cuda:0' took 5.81 ms
Module pamo_safe_project.kernels.solver_kernels load on device 'cuda:0' took 4.66 ms
Module warp.utils load on device 'cuda:0' took 2.38 ms
Module pamo_safe_project.kernels.distance_kernels.grad_funcs load on device 'cuda:0' took 110.06 ms
Module pamo_safe_project.kernels.distance_kernels.hessian_funcs load on device 'cuda:0' took 143.70 ms
Module pamo_safe_project.kernels.distance_kernels.distance_kernels load on device 'cuda:0' took 201.46 ms
Module pamo_safe_project.kernels.distance_kernels.grad_funcs_struct load on device 'cuda:0' took 30.84 ms
Module pamo_safe_project.kernels.distance_kernels.distance_kernels_struct load on device 'cuda:0' took 33.81 ms
Module pamo_safe_project.kernels.ccd_kernels load on device 'cuda:0' took 33.77 ms
Module pamo_safe_project.kernels.energy_kernels.lb_curvature_energy load on device 'cuda:0' took 4.53 ms
Module locality_gpu load on device 'cuda:0' took 0.94 ms
{"pamo_run_ms": 4222.210421226919, "stage1": "original", "method": "full", "maintenance_ms": 4803.441531024873, "status": "pending_independent_audit"}
