Stage1 :  True
Stage3 :  True
{"original_config_sha256": "df1eb24db57394c32e31f6d67a58cd7ef6c25febc11aff39c5e9503ee82d6390", "max_blocks": 67108864}
Warp 1.0.0-beta.2 initialized:
   CUDA Toolkit: 12.8, Driver: 13.2
   Devices:
     "cpu"    | x86_64
     "cuda:0" | NVIDIA GeForce RTX 4080 SUPER (sm_89)
   Kernel cache: /root/.cache/warp/1.0.0-beta.2
Target faces : 101646
Time for Remeshing: 0.08280205726623535 sec
Time for Simplification: 0.29381608963012695 sec
Module pamo_safe_project.kernels.geometry_kernels load on device 'cuda:0' took 24.30 ms
Module pamo_safe_project.kernels.energy_kernels.elastic_energy load on device 'cuda:0' took 113.53 ms
Module pamo_safe_project.kernels.energy_kernels.hinge_energy load on device 'cuda:0' took 51.27 ms
Module pamo_safe_project.kernels.energy_kernels.contact_detection load on device 'cuda:0' took 29.54 ms
Module pamo_safe_project.kernels.energy_kernels.distance_energy load on device 'cuda:0' took 39.52 ms
Module pamo_safe_project.kernels.energy_kernels.collision_energy load on device 'cuda:0' took 131.90 ms
Module pamo_safe_project.kernels.utils_kernels load on device 'cuda:0' took 6.45 ms
Module pamo_safe_project.kernels.solver_kernels load on device 'cuda:0' took 7.92 ms
Module warp.utils load on device 'cuda:0' took 4.26 ms
Module pamo_safe_project.kernels.distance_kernels.grad_funcs load on device 'cuda:0' took 33.68 ms
Module pamo_safe_project.kernels.distance_kernels.hessian_funcs load on device 'cuda:0' took 143.54 ms
Module pamo_safe_project.kernels.distance_kernels.distance_kernels load on device 'cuda:0' took 199.82 ms
Module pamo_safe_project.kernels.distance_kernels.grad_funcs_struct load on device 'cuda:0' took 30.97 ms
Module pamo_safe_project.kernels.distance_kernels.distance_kernels_struct load on device 'cuda:0' took 33.60 ms
Module pamo_safe_project.kernels.ccd_kernels load on device 'cuda:0' took 39.50 ms
Module pamo_safe_project.kernels.energy_kernels.lb_curvature_energy load on device 'cuda:0' took 5.52 ms
Module locality_gpu load on device 'cuda:0' took 1.21 ms
{"pamo_run_ms": 8149.114285595715, "stage1": "original", "method": "full", "maintenance_ms": 9030.055255629122, "status": "pending_independent_audit"}
