only got 15830/16384 samples!
Warp 1.0.0-beta.2 initialized:
   CUDA Toolkit: 12.8, Driver: 13.2
   Devices:
     "cpu"    | x86_64
     "cuda:0" | NVIDIA GeForce RTX 4090 (sm_89)
   Kernel cache: /root/.cache/warp/1.0.0-beta.2
[33;20mWARNING - Triangle area is too small (min_area=2.1208135568903045e-16), may cause numerical instability (system.py:213)[0m
Module pamo_safe_project.kernels.geometry_kernels load on device 'cuda:0' took 16.65 ms
Module pamo_safe_project.kernels.energy_kernels.elastic_energy load on device 'cuda:0' took 10.85 ms
Module pamo_safe_project.kernels.energy_kernels.hinge_energy load on device 'cuda:0' took 27.39 ms
Module pamo_safe_project.kernels.energy_kernels.contact_detection load on device 'cuda:0' took 16.03 ms
Module pamo_safe_project.kernels.energy_kernels.distance_energy load on device 'cuda:0' took 20.94 ms
Module pamo_safe_project.kernels.energy_kernels.collision_energy load on device 'cuda:0' took 72.55 ms
Module pamo_safe_project.kernels.utils_kernels load on device 'cuda:0' took 3.14 ms
Module tangent_plane_gpu load on device 'cuda:0' took 1.21 ms
Module locality_gpu load on device 'cuda:0' took 0.66 ms
Module pamo_safe_project.kernels.solver_kernels load on device 'cuda:0' took 2.82 ms
Module warp.utils load on device 'cuda:0' took 1.64 ms
Module pamo_safe_project.kernels.distance_kernels.grad_funcs load on device 'cuda:0' took 16.82 ms
Module pamo_safe_project.kernels.distance_kernels.hessian_funcs load on device 'cuda:0' took 73.73 ms
Module pamo_safe_project.kernels.distance_kernels.distance_kernels load on device 'cuda:0' took 110.72 ms
Module pamo_safe_project.kernels.distance_kernels.grad_funcs_struct load on device 'cuda:0' took 15.90 ms
Module pamo_safe_project.kernels.distance_kernels.distance_kernels_struct load on device 'cuda:0' took 17.41 ms
Module pamo_safe_project.kernels.ccd_kernels load on device 'cuda:0' took 22.12 ms
Module pamo_safe_project.kernels.energy_kernels.lb_curvature_energy load on device 'cuda:0' took 3.21 ms
Traceback (most recent call last):
  File "/root/autodl-tmp/graduation_project/constrained_20261004_碰撞数值保护多形状连续开发_cea2ca3a38cc/run_constrained_worker.py", line 83, in <module>
    main()
  File "/root/autodl-tmp/graduation_project/constrained_20261004_碰撞数值保护多形状连续开发_cea2ca3a38cc/run_constrained_worker.py", line 55, in main
    result, projection = project_on_planes(source, mesh, fixed,
                         ^^^^^^^^^^^^^^^^^^^^^^^^^^^^^^^^^^^^^^
  File "/root/autodl-tmp/graduation_project/constrained_20261004_碰撞数值保护多形状连续开发_cea2ca3a38cc/tangent_plane_gpu.py", line 103, in project_on_planes
    raise RuntimeError("切平面投影出现非有限值或面反向")
RuntimeError: 切平面投影出现非有限值或面反向
