Stage1 :  True
Stage3 :  True
Warp 1.0.0-beta.2 initialized:
   CUDA Toolkit: 12.8, Driver: 13.2
   Devices:
     "cpu"    | x86_64
     "cuda:0" | NVIDIA GeForce RTX 4080 SUPER (sm_89)
   Kernel cache: /root/.cache/warp/1.0.0-beta.2
Target faces : 2154
Time for Remeshing: 0.07867598533630371 sec
Time for Simplification: 0.4429969787597656 sec
Module pamo_safe_project.kernels.geometry_kernels load on device 'cuda:0' took 21.32 ms
Module pamo_safe_project.kernels.energy_kernels.elastic_energy load on device 'cuda:0' took 19.71 ms
Module pamo_safe_project.kernels.energy_kernels.hinge_energy load on device 'cuda:0' took 48.46 ms
Module pamo_safe_project.kernels.energy_kernels.contact_detection load on device 'cuda:0' took 28.13 ms
Module pamo_safe_project.kernels.energy_kernels.distance_energy load on device 'cuda:0' took 37.69 ms
Module pamo_safe_project.kernels.energy_kernels.collision_energy load on device 'cuda:0' took 124.71 ms
Module pamo_safe_project.kernels.utils_kernels load on device 'cuda:0' took 5.50 ms
Module pamo_safe_project.kernels.solver_kernels load on device 'cuda:0' took 4.37 ms
Module warp.utils load on device 'cuda:0' took 2.18 ms
Module pamo_safe_project.kernels.distance_kernels.grad_funcs load on device 'cuda:0' took 32.54 ms
Module pamo_safe_project.kernels.distance_kernels.hessian_funcs load on device 'cuda:0' took 135.97 ms
Module pamo_safe_project.kernels.distance_kernels.distance_kernels load on device 'cuda:0' took 188.64 ms
Module pamo_safe_project.kernels.distance_kernels.grad_funcs_struct load on device 'cuda:0' took 29.58 ms
Module pamo_safe_project.kernels.distance_kernels.distance_kernels_struct load on device 'cuda:0' took 31.93 ms
Module pamo_safe_project.kernels.ccd_kernels load on device 'cuda:0' took 37.24 ms
Module pamo_safe_project.kernels.energy_kernels.lb_curvature_energy load on device 'cuda:0' took 5.21 ms
