Warp 1.0.0-beta.2 initialized:
   CUDA Toolkit: 12.8, Driver: 13.2
   Devices:
     "cpu"    | x86_64
     "cuda:0" | NVIDIA GeForce RTX 4080 SUPER (sm_89)
   Kernel cache: /root/.cache/warp/1.0.0-beta.2
[33;20mWARNING - Triangle area is too small (min_area=2.2444918493993285e-15), may cause numerical instability (system.py:213)[0m
Module pamo_safe_project.kernels.geometry_kernels load on device 'cuda:0' took 26.17 ms
Module pamo_safe_project.kernels.energy_kernels.elastic_energy load on device 'cuda:0' took 22.31 ms
Module pamo_safe_project.kernels.energy_kernels.hinge_energy load on device 'cuda:0' took 50.99 ms
Module pamo_safe_project.kernels.energy_kernels.precision_contact_detection load on device 'cuda:0' took 28.20 ms
Module pamo_safe_project.kernels.energy_kernels.distance_energy load on device 'cuda:0' took 39.97 ms
Module pamo_safe_project.kernels.energy_kernels.preserved_collision_energy load on device 'cuda:0' took 119.63 ms
Module pamo_safe_project.kernels.utils_kernels load on device 'cuda:0' took 5.98 ms
Module tangent_plane_gpu load on device 'cuda:0' took 2.14 ms
Module locality_gpu load on device 'cuda:0' took 1.22 ms
Module pamo_safe_project.kernels.solver_kernels load on device 'cuda:0' took 5.10 ms
Module warp.utils load on device 'cuda:0' took 2.35 ms
Module pamo_safe_project.kernels.distance_kernels.grad_funcs load on device 'cuda:0' took 32.48 ms
Module pamo_safe_project.kernels.distance_kernels.hessian_funcs load on device 'cuda:0' took 141.35 ms
Module pamo_safe_project.kernels.distance_kernels.distance_kernels load on device 'cuda:0' took 207.36 ms
Module pamo_safe_project.kernels.distance_kernels.grad_funcs_struct load on device 'cuda:0' took 30.18 ms
Module pamo_safe_project.kernels.distance_kernels.distance_kernels_struct load on device 'cuda:0' took 33.24 ms
Module pamo_safe_project.kernels.energy_kernels.collision_energy load on device 'cuda:0' took 129.11 ms
Module pamo_safe_project.kernels.ccd_kernels load on device 'cuda:0' took 39.13 ms
Module pamo_safe_project.kernels.energy_kernels.lb_curvature_energy load on device 'cuda:0' took 5.34 ms
Module pamo_safe_project.kernels.energy_kernels.contact_detection load on device 'cuda:0' took 31.14 ms
Module tangent_preserved_gpu load on device 'cuda:0' took 2.04 ms
Module robust_pt_gpu load on device 'cuda:0' took 7.79 ms
Module pamo_safe_project.kernels.energy_kernels.precision_collision_energy load on device 'cuda:0' took 122.56 ms
Module pamo_safe_project.kernels.precision_ccd_kernels load on device 'cuda:0' took 29.83 ms
Module robust_pt_gradient_gpu load on device 'cuda:0' took 6.35 ms
Module pamo_safe_project.kernels.energy_kernels.precision_gradient_collision_energy load on device 'cuda:0' took 86.62 ms
Module fixed_geometry_gpu load on device 'cuda:0' took 6.30 ms
Module pamo_safe_project.kernels.preserved_ccd load on device 'cuda:0' took 35.49 ms
