Warp 1.0.0-beta.2 initialized:
   CUDA Toolkit: 12.8, Driver: 13.2
   Devices:
     "cpu"    | x86_64
     "cuda:0" | NVIDIA GeForce RTX 4080 SUPER (sm_89)
   Kernel cache: /root/.cache/warp/1.0.0-beta.2
[33;20mWARNING - Triangle area is too small (min_area=2.2444918494700057e-15), may cause numerical instability (system.py:213)[0m
Module pamo_safe_project.kernels.geometry_kernels load on device 'cuda:0' took 28.48 ms
Module pamo_safe_project.kernels.energy_kernels.elastic_energy load on device 'cuda:0' took 20.74 ms
Module pamo_safe_project.kernels.energy_kernels.hinge_energy load on device 'cuda:0' took 50.31 ms
Module pamo_safe_project.kernels.energy_kernels.precision_contact_detection load on device 'cuda:0' took 27.84 ms
Module pamo_safe_project.kernels.energy_kernels.distance_energy load on device 'cuda:0' took 39.69 ms
Module pamo_safe_project.kernels.energy_kernels.preserved_collision_energy load on device 'cuda:0' took 119.23 ms
Module pamo_safe_project.kernels.utils_kernels load on device 'cuda:0' took 8.09 ms
Module tangent_plane_gpu load on device 'cuda:0' took 2.43 ms
Module locality_gpu load on device 'cuda:0' took 1.33 ms
Module pamo_safe_project.kernels.solver_kernels load on device 'cuda:0' took 5.30 ms
Module warp.utils load on device 'cuda:0' took 2.38 ms
Module pamo_safe_project.kernels.distance_kernels.grad_funcs load on device 'cuda:0' took 32.10 ms
Module pamo_safe_project.kernels.distance_kernels.hessian_funcs load on device 'cuda:0' took 139.12 ms
Module pamo_safe_project.kernels.distance_kernels.distance_kernels load on device 'cuda:0' took 152.88 ms
Module pamo_safe_project.kernels.distance_kernels.grad_funcs_struct load on device 'cuda:0' took 24.28 ms
Module pamo_safe_project.kernels.distance_kernels.distance_kernels_struct load on device 'cuda:0' took 26.92 ms
Module pamo_safe_project.kernels.energy_kernels.collision_energy load on device 'cuda:0' took 92.82 ms
Module pamo_safe_project.kernels.ccd_kernels load on device 'cuda:0' took 31.85 ms
Module pamo_safe_project.kernels.energy_kernels.lb_curvature_energy load on device 'cuda:0' took 4.42 ms
Module pamo_safe_project.kernels.energy_kernels.contact_detection load on device 'cuda:0' took 24.12 ms
Module tangent_preserved_gpu load on device 'cuda:0' took 1.83 ms
Module robust_pt_gpu load on device 'cuda:0' took 6.56 ms
Module pamo_safe_project.kernels.energy_kernels.precision_collision_energy load on device 'cuda:0' took 101.03 ms
Module pamo_safe_project.kernels.precision_ccd_kernels load on device 'cuda:0' took 28.12 ms
Module robust_pt_gradient_gpu load on device 'cuda:0' took 5.37 ms
Module pamo_safe_project.kernels.energy_kernels.precision_gradient_collision_energy load on device 'cuda:0' took 76.14 ms
Module fixed_geometry_gpu load on device 'cuda:0' took 5.65 ms
Module pamo_safe_project.kernels.preserved_ccd load on device 'cuda:0' took 32.32 ms
