Stage1 :  True
Stage3 :  True
Warp 1.0.0-beta.2 initialized:
   CUDA Toolkit: 12.8, Driver: 13.2
   Devices:
     "cpu"    | x86_64
     "cuda:0" | NVIDIA GeForce RTX 4080 SUPER (sm_89)
   Kernel cache: /root/.cache/warp/1.0.0-beta.2
Target faces : 2748
Time for Remeshing: 0.11794853210449219 sec
Time for Simplification: 0.3275604248046875 sec
Module pamo_safe_project.kernels.geometry_kernels load on device 'cuda:0' took 23.29 ms
Module pamo_safe_project.kernels.energy_kernels.elastic_energy load on device 'cuda:0' took 21.44 ms
Module pamo_safe_project.kernels.energy_kernels.hinge_energy load on device 'cuda:0' took 52.28 ms
Module pamo_safe_project.kernels.energy_kernels.contact_detection load on device 'cuda:0' took 30.63 ms
Module pamo_safe_project.kernels.energy_kernels.distance_energy load on device 'cuda:0' took 40.29 ms
Module pamo_safe_project.kernels.energy_kernels.collision_energy load on device 'cuda:0' took 134.53 ms
Module pamo_safe_project.kernels.utils_kernels load on device 'cuda:0' took 5.91 ms
Module pamo_safe_project.kernels.solver_kernels load on device 'cuda:0' took 4.83 ms
Module warp.utils load on device 'cuda:0' took 2.48 ms
Module pamo_safe_project.kernels.distance_kernels.grad_funcs load on device 'cuda:0' took 32.89 ms
Module pamo_safe_project.kernels.distance_kernels.hessian_funcs load on device 'cuda:0' took 142.53 ms
Module pamo_safe_project.kernels.distance_kernels.distance_kernels load on device 'cuda:0' took 200.32 ms
Module pamo_safe_project.kernels.distance_kernels.grad_funcs_struct load on device 'cuda:0' took 31.06 ms
Module pamo_safe_project.kernels.distance_kernels.distance_kernels_struct load on device 'cuda:0' took 34.11 ms
Module pamo_safe_project.kernels.ccd_kernels load on device 'cuda:0' took 41.31 ms
Module pamo_safe_project.kernels.energy_kernels.lb_curvature_energy load on device 'cuda:0' took 5.88 ms
Module locality_gpu load on device 'cuda:0' took 1.35 ms
{"pamo_run_ms": 1944.699159823358, "stage1": "original", "method": "full", "maintenance_ms": 4742.155485786498, "status": "pending_independent_audit"}
