Stage1 :  True
Stage3 :  True
{"original_config_sha256": "df1eb24db57394c32e31f6d67a58cd7ef6c25febc11aff39c5e9503ee82d6390", "max_blocks": 67108864}
Warp 1.0.0-beta.2 initialized:
   CUDA Toolkit: 12.8, Driver: 13.2
   Devices:
     "cpu"    | x86_64
     "cuda:0" | NVIDIA GeForce RTX 4080 SUPER (sm_89)
   Kernel cache: /root/.cache/warp/1.0.0-beta.2
Target faces : 30494
Time for Remeshing: 0.0892479419708252 sec
Time for Simplification: 0.05240297317504883 sec
Module pamo_safe_project.kernels.geometry_kernels load on device 'cuda:0' took 24.05 ms
Module pamo_safe_project.kernels.energy_kernels.elastic_energy load on device 'cuda:0' took 20.49 ms
Module pamo_safe_project.kernels.energy_kernels.hinge_energy load on device 'cuda:0' took 50.28 ms
Module pamo_safe_project.kernels.energy_kernels.contact_detection load on device 'cuda:0' took 28.89 ms
Module pamo_safe_project.kernels.energy_kernels.distance_energy load on device 'cuda:0' took 39.24 ms
Module pamo_safe_project.kernels.energy_kernels.collision_energy load on device 'cuda:0' took 132.15 ms
Module pamo_safe_project.kernels.utils_kernels load on device 'cuda:0' took 5.65 ms
Module pamo_safe_project.kernels.solver_kernels load on device 'cuda:0' took 4.63 ms
Module warp.utils load on device 'cuda:0' took 2.32 ms
Module pamo_safe_project.kernels.distance_kernels.grad_funcs load on device 'cuda:0' took 109.77 ms
Module pamo_safe_project.kernels.distance_kernels.hessian_funcs load on device 'cuda:0' took 141.57 ms
Module pamo_safe_project.kernels.distance_kernels.distance_kernels load on device 'cuda:0' took 196.81 ms
Module pamo_safe_project.kernels.distance_kernels.grad_funcs_struct load on device 'cuda:0' took 29.92 ms
Module pamo_safe_project.kernels.distance_kernels.distance_kernels_struct load on device 'cuda:0' took 33.06 ms
Module pamo_safe_project.kernels.ccd_kernels load on device 'cuda:0' took 38.88 ms
Module pamo_safe_project.kernels.energy_kernels.lb_curvature_energy load on device 'cuda:0' took 5.50 ms
Module locality_gpu load on device 'cuda:0' took 1.14 ms
{"pamo_run_ms": 2849.925698712468, "stage1": "original", "method": "full", "maintenance_ms": 3315.248481929302, "status": "pending_independent_audit"}
