Warp 1.0.0-beta.2 initialized:
   CUDA Toolkit: 12.8, Driver: 13.2
   Devices:
     "cpu"    | x86_64
     "cuda:0" | NVIDIA GeForce RTX 4080 SUPER (sm_89)
   Kernel cache: /root/.cache/warp/1.0.0-beta.2
[33;20mWARNING - Triangle area is too small (min_area=2.356083645721455e-09), may cause numerical instability (system.py:213)[0m
Module pamo_safe_project.kernels.geometry_kernels load on device 'cuda:0' took 24.32 ms
Module pamo_safe_project.kernels.energy_kernels.elastic_energy load on device 'cuda:0' took 16.50 ms
Module pamo_safe_project.kernels.energy_kernels.hinge_energy load on device 'cuda:0' took 37.81 ms
Module pamo_safe_project.kernels.energy_kernels.precision_contact_detection load on device 'cuda:0' took 21.10 ms
Module pamo_safe_project.kernels.energy_kernels.distance_energy load on device 'cuda:0' took 30.32 ms
Module pamo_safe_project.kernels.energy_kernels.preserved_collision_energy load on device 'cuda:0' took 87.80 ms
Module pamo_safe_project.kernels.utils_kernels load on device 'cuda:0' took 5.86 ms
Module tangent_plane_gpu load on device 'cuda:0' took 2.39 ms
Module locality_gpu load on device 'cuda:0' took 2.14 ms
Module pamo_safe_project.kernels.solver_kernels load on device 'cuda:0' took 4.39 ms
Module warp.utils load on device 'cuda:0' took 2.20 ms
Module pamo_safe_project.kernels.distance_kernels.grad_funcs load on device 'cuda:0' took 27.40 ms
Module pamo_safe_project.kernels.distance_kernels.hessian_funcs load on device 'cuda:0' took 102.06 ms
Module pamo_safe_project.kernels.distance_kernels.distance_kernels load on device 'cuda:0' took 149.17 ms
Module pamo_safe_project.kernels.distance_kernels.grad_funcs_struct load on device 'cuda:0' took 23.18 ms
Module pamo_safe_project.kernels.distance_kernels.distance_kernels_struct load on device 'cuda:0' took 27.39 ms
Module pamo_safe_project.kernels.energy_kernels.collision_energy load on device 'cuda:0' took 100.08 ms
Module pamo_safe_project.kernels.ccd_kernels load on device 'cuda:0' took 29.87 ms
Module pamo_safe_project.kernels.energy_kernels.lb_curvature_energy load on device 'cuda:0' took 4.32 ms
Module pamo_safe_project.kernels.energy_kernels.contact_detection load on device 'cuda:0' took 23.22 ms
Module tangent_preserved_gpu load on device 'cuda:0' took 2.21 ms
Module robust_pt_gpu load on device 'cuda:0' took 8.52 ms
Module pamo_safe_project.kernels.energy_kernels.precision_collision_energy load on device 'cuda:0' took 92.45 ms
Module pamo_safe_project.kernels.precision_ccd_kernels load on device 'cuda:0' took 29.29 ms
Module robust_pt_gradient_gpu load on device 'cuda:0' took 6.24 ms
Module pamo_safe_project.kernels.energy_kernels.precision_gradient_collision_energy load on device 'cuda:0' took 86.56 ms
Module fixed_geometry_gpu load on device 'cuda:0' took 6.41 ms
Module pamo_safe_project.kernels.preserved_ccd load on device 'cuda:0' took 33.70 ms
