Stacktrace: /tmp/geogram_native_quality_20261006_06/candidate_build/lib/libgeogram.so.1.10.2(+0xfa0c0) [0x7fbf142bb0c0]
Stacktrace: /tmp/geogram_native_quality_20261006_06/candidate_build/lib/libgeogram.so.1.10.2(+0xfa2ce) [0x7fbf142bb2ce]
Stacktrace: /usr/lib/x86_64-linux-gnu/libc.so.6(+0x42520) [0x7fbf13d7e520]
Stacktrace: /tmp/geogram_native_quality_20261006_06/candidate_build/lib/libgeogram.so.1.10.2(+0x5bc450) [0x7fbf1477d450]
Stacktrace: /tmp/geogram_native_quality_20261006_06/candidate_build/lib/libgeogram.so.1.10.2(+0x5ca2be) [0x7fbf1478b2be]
Stacktrace: /tmp/geogram_native_quality_20261006_06/candidate_build/lib/libgeogram.so.1.10.2(+0x5caa5f) [0x7fbf1478ba5f]
Stacktrace: /tmp/geogram_native_quality_20261006_06/candidate_build/lib/libgeogram.so.1.10.2(+0x5ce7be) [0x7fbf1478f7be]
Stacktrace: /tmp/geogram_native_quality_20261006_06/candidate_build/lib/libgeogram.so.1.10.2(+0x2623c6) [0x7fbf144233c6]
Stacktrace: /tmp/geogram_native_quality_20261006_06/candidate_build/lib/libgeogram.so.1.10.2(+0x255273) [0x7fbf14416273]
Stacktrace: /tmp/geogram_native_quality_20261006_06/candidate_build/lib/libgeogram.so.1.10.2(+0xf325c) [0x7fbf142b425c]
Stacktrace: /tmp/geogram_native_quality_20261006_06/candidate_build/lib/libgeogram.so.1.10.2(+0xf92b7) [0x7fbf142ba2b7]
Stacktrace: /usr/lib/x86_64-linux-gnu/libc.so.6(+0x94ac3) [0x7fbf13dd0ac3]
Stacktrace: /usr/lib/x86_64-linux-gnu/libc.so.6(clone+0x44) [0x7fbf13e61a04]
o-[Process     ] Max used threads = 4
o-[I/O         ] Loading file /tmp/geogram_native_quality_20261006_06/inputs/10_parent.obj...
o-[I/O         ] (FP64) nb_v:24552 nb_e:0 nb_f:49100 nb_b:0 tri:1 dim:3
o-[I/O         ] Attributes on vertices: point[3]
o-[I/O         ] Loading file /tmp/geogram_native_quality_20261006_06/inputs/10_tool.obj...
o-[I/O         ] (FP64) nb_v:674 nb_e:0 nb_f:1344 nb_b:0 tri:1 dim:3
o-[I/O         ] Attributes on vertices: point[3]
Abnormal program termination: received signal 11 (Segmentation fault)
