Stage1 :  True
Stage3 :  True
Warp 1.0.0-beta.2 initialized:
   CUDA Toolkit: 12.8, Driver: 13.2
   Devices:
     "cpu"    | x86_64
     "cuda:0" | NVIDIA GeForce RTX 4090 (sm_89)
   Kernel cache: /root/.cache/warp/1.0.0-beta.2
Target faces : 1280
Time for Remeshing: 0.20395660400390625 sec
Time for Simplification: 0.5294113159179688 sec
Module pamo_safe_project.kernels.geometry_kernels load on device 'cuda:0' took 17.54 ms
Module pamo_safe_project.kernels.energy_kernels.elastic_energy load on device 'cuda:0' took 77.54 ms
Module pamo_safe_project.kernels.energy_kernels.hinge_energy load on device 'cuda:0' took 102.46 ms
Module pamo_safe_project.kernels.energy_kernels.contact_detection load on device 'cuda:0' took 22.95 ms
Module pamo_safe_project.kernels.energy_kernels.distance_energy load on device 'cuda:0' took 92.99 ms
Module pamo_safe_project.kernels.energy_kernels.collision_energy load on device 'cuda:0' took 190.88 ms
Module pamo_safe_project.kernels.utils_kernels load on device 'cuda:0' took 5.07 ms
Module pamo_safe_project.kernels.solver_kernels load on device 'cuda:0' took 3.97 ms
Module warp.utils load on device 'cuda:0' took 1.91 ms
Module pamo_safe_project.kernels.distance_kernels.grad_funcs load on device 'cuda:0' took 86.98 ms
Module pamo_safe_project.kernels.distance_kernels.hessian_funcs load on device 'cuda:0' took 301.90 ms
Module pamo_safe_project.kernels.distance_kernels.distance_kernels load on device 'cuda:0' took 399.36 ms
Module pamo_safe_project.kernels.distance_kernels.grad_funcs_struct load on device 'cuda:0' took 87.01 ms
Module pamo_safe_project.kernels.distance_kernels.distance_kernels_struct load on device 'cuda:0' took 26.43 ms
Module pamo_safe_project.kernels.ccd_kernels load on device 'cuda:0' took 93.01 ms
Module pamo_safe_project.kernels.energy_kernels.lb_curvature_energy load on device 'cuda:0' took 4.14 ms
Module locality_gpu load on device 'cuda:0' took 0.75 ms
{"pamo_run_ms": 3700.2094984054565, "stage1": "original", "method": "full", "maintenance_ms": 6979.681001976132, "status": "pending_independent_audit"}
