Stage1 :  True
Stage3 :  True
Warp 1.0.0-beta.2 initialized:
   CUDA Toolkit: 12.8, Driver: 13.2
   Devices:
     "cpu"    | x86_64
     "cuda:0" | NVIDIA GeForce RTX 4080 SUPER (sm_89)
   Kernel cache: /root/.cache/warp/1.0.0-beta.2
Target faces : 2142
Time for Remeshing: 0.09856486320495605 sec
Time for Simplification: 0.740454912185669 sec
Module pamo_safe_project.kernels.geometry_kernels load on device 'cuda:0' took 23.13 ms
Module pamo_safe_project.kernels.energy_kernels.elastic_energy load on device 'cuda:0' took 21.13 ms
Module pamo_safe_project.kernels.energy_kernels.hinge_energy load on device 'cuda:0' took 52.06 ms
Module pamo_safe_project.kernels.energy_kernels.contact_detection load on device 'cuda:0' took 30.49 ms
Module pamo_safe_project.kernels.energy_kernels.distance_energy load on device 'cuda:0' took 40.59 ms
Module pamo_safe_project.kernels.energy_kernels.collision_energy load on device 'cuda:0' took 159.78 ms
Module pamo_safe_project.kernels.utils_kernels load on device 'cuda:0' took 10.34 ms
Module pamo_safe_project.kernels.solver_kernels load on device 'cuda:0' took 8.41 ms
Module warp.utils load on device 'cuda:0' took 3.96 ms
Module pamo_safe_project.kernels.distance_kernels.grad_funcs load on device 'cuda:0' took 65.37 ms
Module pamo_safe_project.kernels.distance_kernels.hessian_funcs load on device 'cuda:0' took 154.79 ms
Module pamo_safe_project.kernels.distance_kernels.distance_kernels load on device 'cuda:0' took 213.81 ms
Module pamo_safe_project.kernels.distance_kernels.grad_funcs_struct load on device 'cuda:0' took 31.53 ms
Module pamo_safe_project.kernels.distance_kernels.distance_kernels_struct load on device 'cuda:0' took 34.28 ms
Module pamo_safe_project.kernels.ccd_kernels load on device 'cuda:0' took 40.52 ms
Module pamo_safe_project.kernels.energy_kernels.lb_curvature_energy load on device 'cuda:0' took 6.04 ms
Module locality_gpu load on device 'cuda:0' took 1.36 ms
{"pamo_run_ms": 2510.445090010762, "stage1": "original", "method": "full", "maintenance_ms": 5540.364846587181, "status": "pending_independent_audit"}
