Warp 1.0.0-beta.2 initialized:
   CUDA Toolkit: 12.8, Driver: 13.2
   Devices:
     "cpu"    | x86_64
     "cuda:0" | NVIDIA GeForce RTX 4090 (sm_89)
   Kernel cache: /root/.cache/warp/1.0.0-beta.2
Module pamo_safe_project.kernels.geometry_kernels load on device 'cuda:0' took 16.91 ms
Module pamo_safe_project.kernels.energy_kernels.elastic_energy load on device 'cuda:0' took 10.79 ms
Module pamo_safe_project.kernels.energy_kernels.hinge_energy load on device 'cuda:0' took 90.70 ms
Module pamo_safe_project.kernels.energy_kernels.contact_detection load on device 'cuda:0' took 15.87 ms
Module pamo_safe_project.kernels.energy_kernels.distance_energy load on device 'cuda:0' took 20.96 ms
Module pamo_safe_project.kernels.energy_kernels.collision_energy load on device 'cuda:0' took 70.79 ms
Module pamo_safe_project.kernels.utils_kernels load on device 'cuda:0' took 3.21 ms
Module locality_gpu load on device 'cuda:0' took 0.74 ms
Module pamo_safe_project.kernels.solver_kernels load on device 'cuda:0' took 2.48 ms
Module warp.utils load on device 'cuda:0' took 1.35 ms
Module pamo_safe_project.kernels.distance_kernels.grad_funcs load on device 'cuda:0' took 17.43 ms
Module pamo_safe_project.kernels.distance_kernels.hessian_funcs load on device 'cuda:0' took 71.87 ms
Module pamo_safe_project.kernels.distance_kernels.distance_kernels load on device 'cuda:0' took 102.34 ms
Module pamo_safe_project.kernels.distance_kernels.grad_funcs_struct load on device 'cuda:0' took 15.65 ms
Module pamo_safe_project.kernels.distance_kernels.distance_kernels_struct load on device 'cuda:0' took 18.52 ms
Module pamo_safe_project.kernels.ccd_kernels load on device 'cuda:0' took 28.57 ms
Module pamo_safe_project.kernels.energy_kernels.lb_curvature_energy load on device 'cuda:0' took 3.35 ms
{"quality_generation_ms": 35.52407957613468, "requested_edge_length_mm": 0.10017230311519337, "actual_edge_length_mm": 0.18749472113147905, "max_protected_edge_mm": 0.24670358043615664, "active_fraction": 0.327966881324747, "input_faces": 2174, "output_faces": 2216, "fp64_restoration_max_mm": 0.0, "iterations": 3, "fixed_contract_before_projection": {"passed": false, "external_faces": 1461, "external_faces_retained": 1431, "missing_fixed_vertices": 0}, "safe_projection_ms": 1009.6123218536377, "projection_fp64_restoration_max_mm": 1.307820125201061e-07, "collision_scope": "whole_mesh_author_energy_and_ccd", "fixed_contract": {"passed": false, "external_faces": 1461, "external_faces_retained": 1362, "missing_fixed_vertices": 53}, "method": "no_boundary", "maintenance_ms": 2765.1522867381573, "status": "pending_independent_audit"}
