Warp 1.0.0-beta.2 initialized:
   CUDA Toolkit: 12.8, Driver: 13.2
   Devices:
     "cpu"    | x86_64
     "cuda:0" | NVIDIA GeForce RTX 4080 SUPER (sm_89)
   Kernel cache: /root/.cache/warp/1.0.0-beta.2
[33;20mWARNING - Triangle area is too small (min_area=4.806592492805871e-13), may cause numerical instability (system.py:213)[0m
Module pamo_safe_project.kernels.geometry_kernels load on device 'cuda:0' took 26.31 ms
Module pamo_safe_project.kernels.energy_kernels.elastic_energy load on device 'cuda:0' took 22.25 ms
Module pamo_safe_project.kernels.energy_kernels.hinge_energy load on device 'cuda:0' took 51.69 ms
Module pamo_safe_project.kernels.energy_kernels.precision_contact_detection load on device 'cuda:0' took 28.60 ms
Module pamo_safe_project.kernels.energy_kernels.distance_energy load on device 'cuda:0' took 40.25 ms
Module pamo_safe_project.kernels.energy_kernels.preserved_collision_energy load on device 'cuda:0' took 123.15 ms
Module pamo_safe_project.kernels.utils_kernels load on device 'cuda:0' took 5.96 ms
Module tangent_plane_gpu load on device 'cuda:0' took 2.18 ms
Module locality_gpu load on device 'cuda:0' took 1.24 ms
Module pamo_safe_project.kernels.solver_kernels load on device 'cuda:0' took 6.67 ms
Module warp.utils load on device 'cuda:0' took 2.35 ms
Module pamo_safe_project.kernels.distance_kernels.grad_funcs load on device 'cuda:0' took 32.59 ms
Module pamo_safe_project.kernels.distance_kernels.hessian_funcs load on device 'cuda:0' took 142.37 ms
Module pamo_safe_project.kernels.distance_kernels.distance_kernels load on device 'cuda:0' took 199.94 ms
Module pamo_safe_project.kernels.distance_kernels.grad_funcs_struct load on device 'cuda:0' took 30.64 ms
Module pamo_safe_project.kernels.distance_kernels.distance_kernels_struct load on device 'cuda:0' took 33.86 ms
Module pamo_safe_project.kernels.energy_kernels.collision_energy load on device 'cuda:0' took 133.69 ms
Module pamo_safe_project.kernels.ccd_kernels load on device 'cuda:0' took 39.27 ms
Module pamo_safe_project.kernels.energy_kernels.lb_curvature_energy load on device 'cuda:0' took 5.32 ms
Module pamo_safe_project.kernels.energy_kernels.contact_detection load on device 'cuda:0' took 29.19 ms
Module tangent_preserved_gpu load on device 'cuda:0' took 2.00 ms
Module robust_pt_gpu load on device 'cuda:0' took 9.64 ms
Module pamo_safe_project.kernels.energy_kernels.precision_collision_energy load on device 'cuda:0' took 131.72 ms
Module pamo_safe_project.kernels.precision_ccd_kernels load on device 'cuda:0' took 38.35 ms
Module robust_pt_gradient_gpu load on device 'cuda:0' took 7.98 ms
Module pamo_safe_project.kernels.energy_kernels.precision_gradient_collision_energy load on device 'cuda:0' took 112.64 ms
Module fixed_geometry_gpu load on device 'cuda:0' took 8.85 ms
Module pamo_safe_project.kernels.preserved_ccd load on device 'cuda:0' took 46.24 ms
