Warp 1.0.0-beta.2 initialized:
   CUDA Toolkit: 12.8, Driver: 13.2
   Devices:
     "cpu"    | x86_64
     "cuda:0" | NVIDIA GeForce RTX 4080 SUPER (sm_89)
   Kernel cache: /root/.cache/warp/1.0.0-beta.2
Module pamo_safe_project.kernels.geometry_kernels load on device 'cuda:0' took 27.59 ms
Module pamo_safe_project.kernels.energy_kernels.elastic_energy load on device 'cuda:0' took 20.78 ms
Module pamo_safe_project.kernels.energy_kernels.hinge_energy load on device 'cuda:0' took 51.12 ms
Module pamo_safe_project.kernels.energy_kernels.precision_contact_detection load on device 'cuda:0' took 28.76 ms
Module pamo_safe_project.kernels.energy_kernels.distance_energy load on device 'cuda:0' took 39.82 ms
Module pamo_safe_project.kernels.energy_kernels.precision_collision_energy load on device 'cuda:0' took 130.06 ms
Module pamo_safe_project.kernels.utils_kernels load on device 'cuda:0' took 5.73 ms
Module tangent_plane_gpu load on device 'cuda:0' took 2.14 ms
Module locality_gpu load on device 'cuda:0' took 1.17 ms
Module pamo_safe_project.kernels.solver_kernels load on device 'cuda:0' took 4.91 ms
Module warp.utils load on device 'cuda:0' took 2.63 ms
Module pamo_safe_project.kernels.distance_kernels.grad_funcs load on device 'cuda:0' took 32.39 ms
Module pamo_safe_project.kernels.distance_kernels.hessian_funcs load on device 'cuda:0' took 141.57 ms
Module pamo_safe_project.kernels.distance_kernels.distance_kernels load on device 'cuda:0' took 199.88 ms
Module pamo_safe_project.kernels.distance_kernels.grad_funcs_struct load on device 'cuda:0' took 30.65 ms
Module pamo_safe_project.kernels.distance_kernels.distance_kernels_struct load on device 'cuda:0' took 33.72 ms
Module pamo_safe_project.kernels.energy_kernels.collision_energy load on device 'cuda:0' took 132.37 ms
Module pamo_safe_project.kernels.ccd_kernels load on device 'cuda:0' took 145.98 ms
Module pamo_safe_project.kernels.energy_kernels.lb_curvature_energy load on device 'cuda:0' took 13.66 ms
Module pamo_safe_project.kernels.energy_kernels.contact_detection load on device 'cuda:0' took 122.76 ms
Module robust_pt_gpu load on device 'cuda:0' took 8.07 ms
Module pamo_safe_project.kernels.precision_ccd_kernels load on device 'cuda:0' took 38.37 ms
