Warp 1.0.0-beta.2 initialized:
   CUDA Toolkit: 12.8, Driver: 13.2
   Devices:
     "cpu"    | x86_64
     "cuda:0" | NVIDIA GeForce RTX 4090 (sm_89)
   Kernel cache: /root/.cache/warp/1.0.0-beta.2
Module pamo_safe_project.kernels.geometry_kernels load on device 'cuda:0' took 21.88 ms
Module pamo_safe_project.kernels.energy_kernels.elastic_energy load on device 'cuda:0' took 10.96 ms
Module pamo_safe_project.kernels.energy_kernels.hinge_energy load on device 'cuda:0' took 26.85 ms
Module pamo_safe_project.kernels.energy_kernels.contact_detection load on device 'cuda:0' took 16.46 ms
Module pamo_safe_project.kernels.energy_kernels.distance_energy load on device 'cuda:0' took 21.79 ms
Module pamo_safe_project.kernels.energy_kernels.collision_energy load on device 'cuda:0' took 73.27 ms
Module pamo_safe_project.kernels.utils_kernels load on device 'cuda:0' took 3.23 ms
Module locality_gpu load on device 'cuda:0' took 0.79 ms
Module pamo_safe_project.kernels.solver_kernels load on device 'cuda:0' took 2.58 ms
Module warp.utils load on device 'cuda:0' took 1.45 ms
Module pamo_safe_project.kernels.distance_kernels.grad_funcs load on device 'cuda:0' took 17.29 ms
Module pamo_safe_project.kernels.distance_kernels.hessian_funcs load on device 'cuda:0' took 74.75 ms
Module pamo_safe_project.kernels.distance_kernels.distance_kernels load on device 'cuda:0' took 103.63 ms
Module pamo_safe_project.kernels.distance_kernels.grad_funcs_struct load on device 'cuda:0' took 16.30 ms
Module pamo_safe_project.kernels.distance_kernels.distance_kernels_struct load on device 'cuda:0' took 17.95 ms
Module pamo_safe_project.kernels.ccd_kernels load on device 'cuda:0' took 21.84 ms
Module pamo_safe_project.kernels.energy_kernels.lb_curvature_energy load on device 'cuda:0' took 4.85 ms
{"quality_generation_ms": 26.540805585682392, "requested_edge_length_mm": 0.109842734018983, "actual_edge_length_mm": 0.37710517103379104, "max_protected_edge_mm": 0.49619101451814607, "active_fraction": 0.2720417633410673, "input_faces": 1724, "output_faces": 1552, "fp64_restoration_max_mm": 0.0, "iterations": 3, "fixed_contract_before_projection": {"passed": true, "external_faces": 1255, "external_faces_retained": 1255, "missing_fixed_vertices": 0}, "safe_projection_ms": 903.2234884798527, "projection_fp64_restoration_max_mm": 1.2489773373544543e-07, "collision_scope": "whole_mesh_author_energy_and_ccd", "fixed_contract": {"passed": true, "external_faces": 1255, "external_faces_retained": 1255, "missing_fixed_vertices": 0}, "method": "spatial", "maintenance_ms": 2652.8762048110366, "status": "pending_independent_audit"}
