Warp 1.0.0-beta.2 initialized:
   CUDA Toolkit: 12.8, Driver: 13.2
   Devices:
     "cpu"    | x86_64
     "cuda:0" | NVIDIA GeForce RTX 4080 SUPER (sm_89)
   Kernel cache: /root/.cache/warp/1.0.0-beta.2
[33;20mWARNING - Triangle area is too small (min_area=2.7248095076241e-14), may cause numerical instability (system.py:213)[0m
Module pamo_safe_project.kernels.geometry_kernels load on device 'cuda:0' took 27.45 ms
Module pamo_safe_project.kernels.energy_kernels.elastic_energy load on device 'cuda:0' took 16.57 ms
Module pamo_safe_project.kernels.energy_kernels.hinge_energy load on device 'cuda:0' took 65.34 ms
Module pamo_safe_project.kernels.energy_kernels.precision_contact_detection load on device 'cuda:0' took 30.98 ms
Module pamo_safe_project.kernels.energy_kernels.distance_energy load on device 'cuda:0' took 40.33 ms
Module pamo_safe_project.kernels.energy_kernels.preserved_collision_energy load on device 'cuda:0' took 133.11 ms
Module pamo_safe_project.kernels.utils_kernels load on device 'cuda:0' took 6.43 ms
Module tangent_plane_gpu load on device 'cuda:0' took 2.41 ms
Module locality_gpu load on device 'cuda:0' took 1.25 ms
Module pamo_safe_project.kernels.solver_kernels load on device 'cuda:0' took 5.35 ms
Module warp.utils load on device 'cuda:0' took 2.46 ms
Module pamo_safe_project.kernels.distance_kernels.grad_funcs load on device 'cuda:0' took 32.99 ms
Module pamo_safe_project.kernels.distance_kernels.hessian_funcs load on device 'cuda:0' took 143.21 ms
Module pamo_safe_project.kernels.distance_kernels.distance_kernels load on device 'cuda:0' took 200.38 ms
Module pamo_safe_project.kernels.distance_kernels.grad_funcs_struct load on device 'cuda:0' took 31.00 ms
Module pamo_safe_project.kernels.distance_kernels.distance_kernels_struct load on device 'cuda:0' took 33.63 ms
Module pamo_safe_project.kernels.energy_kernels.collision_energy load on device 'cuda:0' took 131.73 ms
Module pamo_safe_project.kernels.ccd_kernels load on device 'cuda:0' took 39.36 ms
Module pamo_safe_project.kernels.energy_kernels.lb_curvature_energy load on device 'cuda:0' took 7.16 ms
Module pamo_safe_project.kernels.energy_kernels.contact_detection load on device 'cuda:0' took 29.05 ms
Module tangent_preserved_gpu load on device 'cuda:0' took 2.27 ms
Module robust_pt_gpu load on device 'cuda:0' took 8.00 ms
Module pamo_safe_project.kernels.energy_kernels.precision_collision_energy load on device 'cuda:0' took 128.78 ms
Module pamo_safe_project.kernels.precision_ccd_kernels load on device 'cuda:0' took 38.09 ms
Module robust_pt_gradient_gpu load on device 'cuda:0' took 7.93 ms
Module pamo_safe_project.kernels.energy_kernels.precision_gradient_collision_energy load on device 'cuda:0' took 111.51 ms
Module fixed_geometry_gpu load on device 'cuda:0' took 8.79 ms
Module pamo_safe_project.kernels.preserved_ccd load on device 'cuda:0' took 46.03 ms
