Stage1 :  True
Stage3 :  True
Warp 1.0.0-beta.2 initialized:
   CUDA Toolkit: 12.8, Driver: 13.2
   Devices:
     "cpu"    | x86_64
     "cuda:0" | NVIDIA GeForce RTX 4080 SUPER (sm_89)
   Kernel cache: /root/.cache/warp/1.0.0-beta.2
Target faces : 1674
Time for Remeshing: 0.15332531929016113 sec
Time for Simplification: 0.6212995052337646 sec
Module pamo_safe_project.kernels.geometry_kernels load on device 'cuda:0' took 23.17 ms
Module pamo_safe_project.kernels.energy_kernels.elastic_energy load on device 'cuda:0' took 23.60 ms
Module pamo_safe_project.kernels.energy_kernels.hinge_energy load on device 'cuda:0' took 51.40 ms
Module pamo_safe_project.kernels.energy_kernels.contact_detection load on device 'cuda:0' took 29.91 ms
Module pamo_safe_project.kernels.energy_kernels.distance_energy load on device 'cuda:0' took 39.99 ms
Module pamo_safe_project.kernels.energy_kernels.collision_energy load on device 'cuda:0' took 134.59 ms
Module pamo_safe_project.kernels.utils_kernels load on device 'cuda:0' took 5.93 ms
Module pamo_safe_project.kernels.solver_kernels load on device 'cuda:0' took 4.75 ms
Module warp.utils load on device 'cuda:0' took 2.46 ms
Module pamo_safe_project.kernels.distance_kernels.grad_funcs load on device 'cuda:0' took 32.54 ms
Module pamo_safe_project.kernels.distance_kernels.hessian_funcs load on device 'cuda:0' took 142.49 ms
Module pamo_safe_project.kernels.distance_kernels.distance_kernels load on device 'cuda:0' took 201.92 ms
Module pamo_safe_project.kernels.distance_kernels.grad_funcs_struct load on device 'cuda:0' took 30.66 ms
Module pamo_safe_project.kernels.distance_kernels.distance_kernels_struct load on device 'cuda:0' took 34.45 ms
Module pamo_safe_project.kernels.ccd_kernels load on device 'cuda:0' took 39.93 ms
Module pamo_safe_project.kernels.energy_kernels.lb_curvature_energy load on device 'cuda:0' took 5.71 ms
Module locality_gpu load on device 'cuda:0' took 1.39 ms
{"pamo_run_ms": 2291.1594239994884, "stage1": "original", "method": "full", "maintenance_ms": 5050.078903324902, "status": "pending_independent_audit"}
