Stage1 :  True
Stage3 :  True
Warp 1.0.0-beta.2 initialized:
   CUDA Toolkit: 12.8, Driver: 13.2
   Devices:
     "cpu"    | x86_64
     "cuda:0" | NVIDIA GeForce RTX 4080 SUPER (sm_89)
   Kernel cache: /root/.cache/warp/1.0.0-beta.2
Target faces : 89600
Time for Remeshing: 0.12685179710388184 sec
Time for Simplification: 0.3342752456665039 sec
Module pamo_safe_project.kernels.geometry_kernels load on device 'cuda:0' took 149.34 ms
Module pamo_safe_project.kernels.energy_kernels.elastic_energy load on device 'cuda:0' took 22.13 ms
Module pamo_safe_project.kernels.energy_kernels.hinge_energy load on device 'cuda:0' took 53.30 ms
Module pamo_safe_project.kernels.energy_kernels.contact_detection load on device 'cuda:0' took 30.72 ms
Module pamo_safe_project.kernels.energy_kernels.distance_energy load on device 'cuda:0' took 46.50 ms
Module pamo_safe_project.kernels.energy_kernels.collision_energy load on device 'cuda:0' took 142.27 ms
Module pamo_safe_project.kernels.utils_kernels load on device 'cuda:0' took 6.05 ms
Module pamo_safe_project.kernels.solver_kernels load on device 'cuda:0' took 5.61 ms
Module warp.utils load on device 'cuda:0' took 3.24 ms
Module pamo_safe_project.kernels.distance_kernels.grad_funcs load on device 'cuda:0' took 37.14 ms
Module pamo_safe_project.kernels.distance_kernels.hessian_funcs load on device 'cuda:0' took 149.64 ms
Module pamo_safe_project.kernels.distance_kernels.distance_kernels load on device 'cuda:0' took 213.52 ms
Module pamo_safe_project.kernels.distance_kernels.grad_funcs_struct load on device 'cuda:0' took 34.94 ms
Module pamo_safe_project.kernels.distance_kernels.distance_kernels_struct load on device 'cuda:0' took 34.35 ms
Module pamo_safe_project.kernels.ccd_kernels load on device 'cuda:0' took 44.82 ms
Module pamo_safe_project.kernels.energy_kernels.lb_curvature_energy load on device 'cuda:0' took 6.67 ms
Module locality_gpu load on device 'cuda:0' took 1.35 ms
{"pamo_run_ms": 5462.204784154892, "stage1": "original", "method": "full", "maintenance_ms": 8864.818047732115, "status": "pending_independent_audit"}
