Warp 1.0.0-beta.2 initialized:
   CUDA Toolkit: 12.8, Driver: 13.2
   Devices:
     "cpu"    | x86_64
     "cuda:0" | NVIDIA GeForce RTX 4080 SUPER (sm_89)
   Kernel cache: /root/.cache/warp/1.0.0-beta.2
[33;20mWARNING - Triangle area is too small (min_area=1.5460258231751035e-13), may cause numerical instability (system.py:213)[0m
Module pamo_safe_project.kernels.geometry_kernels load on device 'cuda:0' took 29.39 ms
Module pamo_safe_project.kernels.energy_kernels.elastic_energy load on device 'cuda:0' took 21.06 ms
Module pamo_safe_project.kernels.energy_kernels.hinge_energy load on device 'cuda:0' took 54.82 ms
Module pamo_safe_project.kernels.energy_kernels.precision_contact_detection load on device 'cuda:0' took 32.65 ms
Module pamo_safe_project.kernels.energy_kernels.distance_energy load on device 'cuda:0' took 39.67 ms
Module pamo_safe_project.kernels.energy_kernels.precision_gradient_collision_energy load on device 'cuda:0' took 119.35 ms
Module pamo_safe_project.kernels.utils_kernels load on device 'cuda:0' took 5.60 ms
Module tangent_plane_gpu load on device 'cuda:0' took 2.23 ms
Module locality_gpu load on device 'cuda:0' took 1.25 ms
Module pamo_safe_project.kernels.solver_kernels load on device 'cuda:0' took 6.35 ms
Module warp.utils load on device 'cuda:0' took 4.30 ms
Module pamo_safe_project.kernels.distance_kernels.grad_funcs load on device 'cuda:0' took 36.29 ms
Module pamo_safe_project.kernels.distance_kernels.hessian_funcs load on device 'cuda:0' took 151.63 ms
Module pamo_safe_project.kernels.distance_kernels.distance_kernels load on device 'cuda:0' took 210.36 ms
Module pamo_safe_project.kernels.distance_kernels.grad_funcs_struct load on device 'cuda:0' took 35.90 ms
Module pamo_safe_project.kernels.distance_kernels.distance_kernels_struct load on device 'cuda:0' took 34.19 ms
Module pamo_safe_project.kernels.energy_kernels.collision_energy load on device 'cuda:0' took 139.91 ms
Module pamo_safe_project.kernels.ccd_kernels load on device 'cuda:0' took 44.62 ms
Module pamo_safe_project.kernels.energy_kernels.lb_curvature_energy load on device 'cuda:0' took 6.40 ms
Module pamo_safe_project.kernels.energy_kernels.contact_detection load on device 'cuda:0' took 29.53 ms
Module robust_pt_gpu load on device 'cuda:0' took 5.87 ms
Module pamo_safe_project.kernels.energy_kernels.precision_collision_energy load on device 'cuda:0' took 112.14 ms
Module pamo_safe_project.kernels.precision_ccd_kernels load on device 'cuda:0' took 37.99 ms
Module robust_pt_gradient_gpu load on device 'cuda:0' took 8.63 ms
