Warp 1.0.0-beta.2 initialized:
   CUDA Toolkit: 12.8, Driver: 13.2
   Devices:
     "cpu"    | x86_64
     "cuda:0" | NVIDIA GeForce RTX 4080 SUPER (sm_89)
   Kernel cache: /root/.cache/warp/1.0.0-beta.2
Module pamo_safe_project.kernels.geometry_kernels load on device 'cuda:0' took 22.33 ms
Module pamo_safe_project.kernels.energy_kernels.elastic_energy load on device 'cuda:0' took 17.04 ms
Module pamo_safe_project.kernels.energy_kernels.hinge_energy load on device 'cuda:0' took 42.22 ms
Module pamo_safe_project.kernels.energy_kernels.precision_contact_detection load on device 'cuda:0' took 23.61 ms
Module pamo_safe_project.kernels.energy_kernels.distance_energy load on device 'cuda:0' took 33.11 ms
Module pamo_safe_project.kernels.energy_kernels.precision_gradient_collision_energy load on device 'cuda:0' took 92.98 ms
Module pamo_safe_project.kernels.utils_kernels load on device 'cuda:0' took 4.65 ms
Module tangent_plane_gpu load on device 'cuda:0' took 1.68 ms
Module locality_gpu load on device 'cuda:0' took 0.98 ms
Module pamo_safe_project.kernels.solver_kernels load on device 'cuda:0' took 4.35 ms
Module warp.utils load on device 'cuda:0' took 1.94 ms
Module pamo_safe_project.kernels.distance_kernels.grad_funcs load on device 'cuda:0' took 24.19 ms
Module pamo_safe_project.kernels.distance_kernels.hessian_funcs load on device 'cuda:0' took 106.01 ms
Module pamo_safe_project.kernels.distance_kernels.distance_kernels load on device 'cuda:0' took 144.64 ms
Module pamo_safe_project.kernels.distance_kernels.grad_funcs_struct load on device 'cuda:0' took 22.16 ms
Module pamo_safe_project.kernels.distance_kernels.distance_kernels_struct load on device 'cuda:0' took 23.71 ms
Module pamo_safe_project.kernels.energy_kernels.collision_energy load on device 'cuda:0' took 93.58 ms
Module pamo_safe_project.kernels.ccd_kernels load on device 'cuda:0' took 26.93 ms
Module pamo_safe_project.kernels.energy_kernels.lb_curvature_energy load on device 'cuda:0' took 3.94 ms
Module pamo_safe_project.kernels.energy_kernels.contact_detection load on device 'cuda:0' took 34.36 ms
Module robust_pt_gpu load on device 'cuda:0' took 6.70 ms
Module pamo_safe_project.kernels.energy_kernels.precision_collision_energy load on device 'cuda:0' took 1008.05 ms
Module pamo_safe_project.kernels.precision_ccd_kernels load on device 'cuda:0' took 224.59 ms
Module robust_pt_gradient_gpu load on device 'cuda:0' took 6.23 ms
