# of input verts : 1164
# of input faces : 2324
Stage1 :  True
Stage3 :  True
Warp 1.0.0-beta.2 initialized:
   CUDA Toolkit: 12.8, Driver: 13.2
   Devices:
     "cpu"    | x86_64
     "cuda:0" | NVIDIA GeForce RTX 4080 SUPER (sm_89)
   Kernel cache: /root/.cache/warp/1.0.0-beta.2
Target faces : 2324
Time for Remeshing: 0.0703589916229248 sec
Time for Simplification: 0.4698634147644043 sec
Module pamo_safe_project.kernels.geometry_kernels load on device 'cuda:0' took 141.11 ms
Module pamo_safe_project.kernels.energy_kernels.elastic_energy load on device 'cuda:0' took 15.06 ms
Module pamo_safe_project.kernels.energy_kernels.hinge_energy load on device 'cuda:0' took 36.54 ms
Module pamo_safe_project.kernels.energy_kernels.contact_detection load on device 'cuda:0' took 20.78 ms
Module pamo_safe_project.kernels.energy_kernels.distance_energy load on device 'cuda:0' took 27.88 ms
Module pamo_safe_project.kernels.energy_kernels.collision_energy load on device 'cuda:0' took 92.63 ms
Module pamo_safe_project.kernels.utils_kernels load on device 'cuda:0' took 4.04 ms
Module pamo_safe_project.kernels.solver_kernels load on device 'cuda:0' took 3.30 ms
Module warp.utils load on device 'cuda:0' took 1.66 ms
Module pamo_safe_project.kernels.distance_kernels.grad_funcs load on device 'cuda:0' took 22.80 ms
Module pamo_safe_project.kernels.distance_kernels.hessian_funcs load on device 'cuda:0' took 98.21 ms
Module pamo_safe_project.kernels.distance_kernels.distance_kernels load on device 'cuda:0' took 139.80 ms
Module pamo_safe_project.kernels.distance_kernels.grad_funcs_struct load on device 'cuda:0' took 21.48 ms
Module pamo_safe_project.kernels.distance_kernels.distance_kernels_struct load on device 'cuda:0' took 23.39 ms
Module pamo_safe_project.kernels.ccd_kernels load on device 'cuda:0' took 28.74 ms
Module pamo_safe_project.kernels.energy_kernels.lb_curvature_energy load on device 'cuda:0' took 3.96 ms
Total time:  1.7242929935455322
# of output verts : 1126
# of output faces : 2248
