# of input verts : 1105
# of input faces : 2206
Stage1 :  True
Stage3 :  True
Warp 1.0.0-beta.2 initialized:
   CUDA Toolkit: 12.8, Driver: 13.2
   Devices:
     "cpu"    | x86_64
     "cuda:0" | NVIDIA GeForce RTX 4080 SUPER (sm_89)
   Kernel cache: /root/.cache/warp/1.0.0-beta.2
Target faces : 2206
Time for Remeshing: 0.1026611328125 sec
Time for Simplification: 0.5845789909362793 sec
Module pamo_safe_project.kernels.geometry_kernels load on device 'cuda:0' took 210.25 ms
Module pamo_safe_project.kernels.energy_kernels.elastic_energy load on device 'cuda:0' took 15.12 ms
Module pamo_safe_project.kernels.energy_kernels.hinge_energy load on device 'cuda:0' took 36.76 ms
Module pamo_safe_project.kernels.energy_kernels.contact_detection load on device 'cuda:0' took 21.75 ms
Module pamo_safe_project.kernels.energy_kernels.distance_energy load on device 'cuda:0' took 28.80 ms
Module pamo_safe_project.kernels.energy_kernels.collision_energy load on device 'cuda:0' took 96.22 ms
Module pamo_safe_project.kernels.utils_kernels load on device 'cuda:0' took 4.38 ms
Module pamo_safe_project.kernels.solver_kernels load on device 'cuda:0' took 3.56 ms
Module warp.utils load on device 'cuda:0' took 1.95 ms
Module pamo_safe_project.kernels.distance_kernels.grad_funcs load on device 'cuda:0' took 23.38 ms
Module pamo_safe_project.kernels.distance_kernels.hessian_funcs load on device 'cuda:0' took 101.54 ms
Module pamo_safe_project.kernels.distance_kernels.distance_kernels load on device 'cuda:0' took 141.01 ms
Module pamo_safe_project.kernels.distance_kernels.grad_funcs_struct load on device 'cuda:0' took 21.82 ms
Module pamo_safe_project.kernels.distance_kernels.distance_kernels_struct load on device 'cuda:0' took 23.82 ms
Module pamo_safe_project.kernels.ccd_kernels load on device 'cuda:0' took 32.10 ms
Module pamo_safe_project.kernels.energy_kernels.lb_curvature_energy load on device 'cuda:0' took 4.39 ms
Total time:  2.0156126022338867
# of output verts : 1055
# of output faces : 2106
