# of input verts : 1147
# of input faces : 2290
Stage1 :  True
Stage3 :  True
Warp 1.0.0-beta.2 initialized:
   CUDA Toolkit: 12.8, Driver: 13.2
   Devices:
     "cpu"    | x86_64
     "cuda:0" | NVIDIA GeForce RTX 4080 SUPER (sm_89)
   Kernel cache: /root/.cache/warp/1.0.0-beta.2
Target faces : 2290
Time for Remeshing: 0.07013058662414551 sec
Time for Simplification: 0.4378952980041504 sec
Module pamo_safe_project.kernels.geometry_kernels load on device 'cuda:0' took 97.63 ms
Module pamo_safe_project.kernels.energy_kernels.elastic_energy load on device 'cuda:0' took 14.46 ms
Module pamo_safe_project.kernels.energy_kernels.hinge_energy load on device 'cuda:0' took 35.33 ms
Module pamo_safe_project.kernels.energy_kernels.contact_detection load on device 'cuda:0' took 20.71 ms
Module pamo_safe_project.kernels.energy_kernels.distance_energy load on device 'cuda:0' took 27.64 ms
Module pamo_safe_project.kernels.energy_kernels.collision_energy load on device 'cuda:0' took 90.70 ms
Module pamo_safe_project.kernels.utils_kernels load on device 'cuda:0' took 3.98 ms
Module pamo_safe_project.kernels.solver_kernels load on device 'cuda:0' took 3.19 ms
Module warp.utils load on device 'cuda:0' took 1.62 ms
Module pamo_safe_project.kernels.distance_kernels.grad_funcs load on device 'cuda:0' took 22.38 ms
Module pamo_safe_project.kernels.distance_kernels.hessian_funcs load on device 'cuda:0' took 96.85 ms
Module pamo_safe_project.kernels.distance_kernels.distance_kernels load on device 'cuda:0' took 136.13 ms
Module pamo_safe_project.kernels.distance_kernels.grad_funcs_struct load on device 'cuda:0' took 20.96 ms
Module pamo_safe_project.kernels.distance_kernels.distance_kernels_struct load on device 'cuda:0' took 22.85 ms
Module pamo_safe_project.kernels.ccd_kernels load on device 'cuda:0' took 27.52 ms
Module pamo_safe_project.kernels.energy_kernels.lb_curvature_energy load on device 'cuda:0' took 3.80 ms
Total time:  1.6512105464935303
# of output verts : 1090
# of output faces : 2176
