# of input verts : 1090
# of input faces : 2176
Stage1 :  True
Stage3 :  True
Warp 1.0.0-beta.2 initialized:
   CUDA Toolkit: 12.8, Driver: 13.2
   Devices:
     "cpu"    | x86_64
     "cuda:0" | NVIDIA GeForce RTX 4080 SUPER (sm_89)
   Kernel cache: /root/.cache/warp/1.0.0-beta.2
Target faces : 2176
Time for Remeshing: 0.08485937118530273 sec
Time for Simplification: 0.761389970779419 sec
Module pamo_safe_project.kernels.geometry_kernels load on device 'cuda:0' took 91.42 ms
Module pamo_safe_project.kernels.energy_kernels.elastic_energy load on device 'cuda:0' took 14.27 ms
Module pamo_safe_project.kernels.energy_kernels.hinge_energy load on device 'cuda:0' took 37.03 ms
Module pamo_safe_project.kernels.energy_kernels.contact_detection load on device 'cuda:0' took 22.34 ms
Module pamo_safe_project.kernels.energy_kernels.distance_energy load on device 'cuda:0' took 27.21 ms
Module pamo_safe_project.kernels.energy_kernels.collision_energy load on device 'cuda:0' took 94.67 ms
Module pamo_safe_project.kernels.utils_kernels load on device 'cuda:0' took 3.98 ms
Module pamo_safe_project.kernels.solver_kernels load on device 'cuda:0' took 3.17 ms
Module warp.utils load on device 'cuda:0' took 1.62 ms
Module pamo_safe_project.kernels.distance_kernels.grad_funcs load on device 'cuda:0' took 22.76 ms
Module pamo_safe_project.kernels.distance_kernels.hessian_funcs load on device 'cuda:0' took 98.59 ms
Module pamo_safe_project.kernels.distance_kernels.distance_kernels load on device 'cuda:0' took 143.61 ms
Module pamo_safe_project.kernels.distance_kernels.grad_funcs_struct load on device 'cuda:0' took 21.27 ms
Module pamo_safe_project.kernels.distance_kernels.distance_kernels_struct load on device 'cuda:0' took 23.35 ms
Module pamo_safe_project.kernels.ccd_kernels load on device 'cuda:0' took 27.90 ms
Module pamo_safe_project.kernels.energy_kernels.lb_curvature_energy load on device 'cuda:0' took 3.97 ms
Total time:  2.014414072036743
# of output verts : 1049
# of output faces : 2090
