Stage1 :  True
Stage3 :  True
Warp 1.0.0-beta.2 initialized:
   CUDA Toolkit: 12.8, Driver: 13.2
   Devices:
     "cpu"    | x86_64
     "cuda:0" | NVIDIA GeForce RTX 4080 SUPER (sm_89)
   Kernel cache: /root/.cache/warp/1.0.0-beta.2
Target faces : 2482
Time for Remeshing: 0.12416768074035645 sec
Time for Simplification: 1.2225420475006104 sec
Module pamo_safe_project.kernels.geometry_kernels load on device 'cuda:0' took 24.58 ms
Module pamo_safe_project.kernels.energy_kernels.elastic_energy load on device 'cuda:0' took 21.44 ms
Module pamo_safe_project.kernels.energy_kernels.hinge_energy load on device 'cuda:0' took 56.39 ms
Module pamo_safe_project.kernels.energy_kernels.contact_detection load on device 'cuda:0' took 30.30 ms
Module pamo_safe_project.kernels.energy_kernels.distance_energy load on device 'cuda:0' took 43.28 ms
Module pamo_safe_project.kernels.energy_kernels.collision_energy load on device 'cuda:0' took 149.31 ms
Module pamo_safe_project.kernels.utils_kernels load on device 'cuda:0' took 6.51 ms
Module pamo_safe_project.kernels.solver_kernels load on device 'cuda:0' took 6.37 ms
Module warp.utils load on device 'cuda:0' took 4.22 ms
Module pamo_safe_project.kernels.distance_kernels.grad_funcs load on device 'cuda:0' took 39.05 ms
Module pamo_safe_project.kernels.distance_kernels.hessian_funcs load on device 'cuda:0' took 150.09 ms
Module pamo_safe_project.kernels.distance_kernels.distance_kernels load on device 'cuda:0' took 213.97 ms
Module pamo_safe_project.kernels.distance_kernels.grad_funcs_struct load on device 'cuda:0' took 37.89 ms
Module pamo_safe_project.kernels.distance_kernels.distance_kernels_struct load on device 'cuda:0' took 35.76 ms
Module pamo_safe_project.kernels.ccd_kernels load on device 'cuda:0' took 42.27 ms
Module pamo_safe_project.kernels.energy_kernels.lb_curvature_energy load on device 'cuda:0' took 9.45 ms
Module locality_gpu load on device 'cuda:0' took 2.17 ms
{"pamo_run_ms": 3104.523392394185, "stage1": "original", "method": "full", "maintenance_ms": 6311.827498488128, "status": "pending_independent_audit"}
