# of input verts : 2692
# of input faces : 5380
Stage1 :  True
Stage3 :  True
Warp 1.0.0-beta.2 initialized:
   CUDA Toolkit: 12.8, Driver: 13.2
   Devices:
     "cpu"    | x86_64
     "cuda:0" | NVIDIA GeForce RTX 4080 SUPER (sm_89)
   Kernel cache: /root/.cache/warp/1.0.0-beta.2
Target faces : 5380
Time for Remeshing: 0.0754234790802002 sec
Time for Simplification: 0.5077455043792725 sec
Module pamo_safe_project.kernels.geometry_kernels load on device 'cuda:0' took 101.81 ms
Module pamo_safe_project.kernels.energy_kernels.elastic_energy load on device 'cuda:0' took 14.17 ms
Module pamo_safe_project.kernels.energy_kernels.hinge_energy load on device 'cuda:0' took 33.35 ms
Module pamo_safe_project.kernels.energy_kernels.contact_detection load on device 'cuda:0' took 20.29 ms
Module pamo_safe_project.kernels.energy_kernels.distance_energy load on device 'cuda:0' took 25.26 ms
Module pamo_safe_project.kernels.energy_kernels.collision_energy load on device 'cuda:0' took 81.39 ms
Module pamo_safe_project.kernels.utils_kernels load on device 'cuda:0' took 3.81 ms
Module pamo_safe_project.kernels.solver_kernels load on device 'cuda:0' took 3.34 ms
Module warp.utils load on device 'cuda:0' took 1.70 ms
Module pamo_safe_project.kernels.distance_kernels.grad_funcs load on device 'cuda:0' took 21.14 ms
Module pamo_safe_project.kernels.distance_kernels.hessian_funcs load on device 'cuda:0' took 96.18 ms
Module pamo_safe_project.kernels.distance_kernels.distance_kernels load on device 'cuda:0' took 130.95 ms
Module pamo_safe_project.kernels.distance_kernels.grad_funcs_struct load on device 'cuda:0' took 21.38 ms
Module pamo_safe_project.kernels.distance_kernels.distance_kernels_struct load on device 'cuda:0' took 21.49 ms
Module pamo_safe_project.kernels.ccd_kernels load on device 'cuda:0' took 28.78 ms
Module pamo_safe_project.kernels.energy_kernels.lb_curvature_energy load on device 'cuda:0' took 3.65 ms
Total time:  1.7488956451416016
# of output verts : 2581
# of output faces : 5158
