# of input verts : 1079
# of input faces : 2154
Stage1 :  True
Stage3 :  True
Warp 1.0.0-beta.2 initialized:
   CUDA Toolkit: 12.8, Driver: 13.2
   Devices:
     "cpu"    | x86_64
     "cuda:0" | NVIDIA GeForce RTX 4080 SUPER (sm_89)
   Kernel cache: /root/.cache/warp/1.0.0-beta.2
Target faces : 2154
Time for Remeshing: 0.06342768669128418 sec
Time for Simplification: 0.43965697288513184 sec
Module pamo_safe_project.kernels.geometry_kernels load on device 'cuda:0' took 100.01 ms
Module pamo_safe_project.kernels.energy_kernels.elastic_energy load on device 'cuda:0' took 14.59 ms
Module pamo_safe_project.kernels.energy_kernels.hinge_energy load on device 'cuda:0' took 31.69 ms
Module pamo_safe_project.kernels.energy_kernels.contact_detection load on device 'cuda:0' took 17.06 ms
Module pamo_safe_project.kernels.energy_kernels.distance_energy load on device 'cuda:0' took 26.61 ms
Module pamo_safe_project.kernels.energy_kernels.collision_energy load on device 'cuda:0' took 86.22 ms
Module pamo_safe_project.kernels.utils_kernels load on device 'cuda:0' took 3.69 ms
Module pamo_safe_project.kernels.solver_kernels load on device 'cuda:0' took 3.00 ms
Module warp.utils load on device 'cuda:0' took 1.49 ms
Module pamo_safe_project.kernels.distance_kernels.grad_funcs load on device 'cuda:0' took 21.02 ms
Module pamo_safe_project.kernels.distance_kernels.hessian_funcs load on device 'cuda:0' took 95.86 ms
Module pamo_safe_project.kernels.distance_kernels.distance_kernels load on device 'cuda:0' took 119.47 ms
Module pamo_safe_project.kernels.distance_kernels.grad_funcs_struct load on device 'cuda:0' took 20.96 ms
Module pamo_safe_project.kernels.distance_kernels.distance_kernels_struct load on device 'cuda:0' took 20.02 ms
Module pamo_safe_project.kernels.ccd_kernels load on device 'cuda:0' took 23.99 ms
Module pamo_safe_project.kernels.energy_kernels.lb_curvature_energy load on device 'cuda:0' took 3.19 ms
Total time:  1.613121509552002
# of output verts : 1059
# of output faces : 2114
