# of input verts : 537
# of input faces : 1070
Stage1 :  True
Stage3 :  True
Warp 1.0.0-beta.2 initialized:
   CUDA Toolkit: 12.8, Driver: 13.2
   Devices:
     "cpu"    | x86_64
     "cuda:0" | NVIDIA GeForce RTX 4080 SUPER (sm_89)
   Kernel cache: /root/.cache/warp/1.0.0-beta.2
Target faces : 1070
Time for Remeshing: 0.07991385459899902 sec
Time for Simplification: 0.5655672550201416 sec
Module pamo_safe_project.kernels.geometry_kernels load on device 'cuda:0' took 97.89 ms
Module pamo_safe_project.kernels.energy_kernels.elastic_energy load on device 'cuda:0' took 19.59 ms
Module pamo_safe_project.kernels.energy_kernels.hinge_energy load on device 'cuda:0' took 48.31 ms
Module pamo_safe_project.kernels.energy_kernels.contact_detection load on device 'cuda:0' took 27.74 ms
Module pamo_safe_project.kernels.energy_kernels.distance_energy load on device 'cuda:0' took 37.37 ms
Module pamo_safe_project.kernels.energy_kernels.collision_energy load on device 'cuda:0' took 124.93 ms
Module pamo_safe_project.kernels.utils_kernels load on device 'cuda:0' took 5.34 ms
Module pamo_safe_project.kernels.solver_kernels load on device 'cuda:0' took 4.35 ms
Module warp.utils load on device 'cuda:0' took 2.15 ms
Module pamo_safe_project.kernels.distance_kernels.grad_funcs load on device 'cuda:0' took 30.65 ms
Module pamo_safe_project.kernels.distance_kernels.hessian_funcs load on device 'cuda:0' took 133.87 ms
Module pamo_safe_project.kernels.distance_kernels.distance_kernels load on device 'cuda:0' took 187.28 ms
Module pamo_safe_project.kernels.distance_kernels.grad_funcs_struct load on device 'cuda:0' took 28.74 ms
Module pamo_safe_project.kernels.distance_kernels.distance_kernels_struct load on device 'cuda:0' took 31.42 ms
Module pamo_safe_project.kernels.ccd_kernels load on device 'cuda:0' took 37.38 ms
Module pamo_safe_project.kernels.energy_kernels.lb_curvature_energy load on device 'cuda:0' took 5.16 ms
Total time:  2.0101778507232666
# of output verts : 524
# of output faces : 1044
