# of input verts : 864
# of input faces : 1724
Stage1 :  True
Stage3 :  True
Warp 1.0.0-beta.2 initialized:
   CUDA Toolkit: 12.8, Driver: 13.2
   Devices:
     "cpu"    | x86_64
     "cuda:0" | NVIDIA GeForce RTX 4080 SUPER (sm_89)
   Kernel cache: /root/.cache/warp/1.0.0-beta.2
Target faces : 1724
Time for Remeshing: 0.06511187553405762 sec
Time for Simplification: 0.4451420307159424 sec
Module pamo_safe_project.kernels.geometry_kernels load on device 'cuda:0' took 106.30 ms
Module pamo_safe_project.kernels.energy_kernels.elastic_energy load on device 'cuda:0' took 15.00 ms
Module pamo_safe_project.kernels.energy_kernels.hinge_energy load on device 'cuda:0' took 36.68 ms
Module pamo_safe_project.kernels.energy_kernels.contact_detection load on device 'cuda:0' took 21.16 ms
Module pamo_safe_project.kernels.energy_kernels.distance_energy load on device 'cuda:0' took 25.94 ms
Module pamo_safe_project.kernels.energy_kernels.collision_energy load on device 'cuda:0' took 97.02 ms
Module pamo_safe_project.kernels.utils_kernels load on device 'cuda:0' took 4.35 ms
Module pamo_safe_project.kernels.solver_kernels load on device 'cuda:0' took 3.50 ms
Module warp.utils load on device 'cuda:0' took 1.78 ms
Module pamo_safe_project.kernels.distance_kernels.grad_funcs load on device 'cuda:0' took 23.01 ms
Module pamo_safe_project.kernels.distance_kernels.hessian_funcs load on device 'cuda:0' took 97.76 ms
Module pamo_safe_project.kernels.distance_kernels.distance_kernels load on device 'cuda:0' took 134.53 ms
Module pamo_safe_project.kernels.distance_kernels.grad_funcs_struct load on device 'cuda:0' took 20.88 ms
Module pamo_safe_project.kernels.distance_kernels.distance_kernels_struct load on device 'cuda:0' took 21.71 ms
Module pamo_safe_project.kernels.ccd_kernels load on device 'cuda:0' took 25.04 ms
Module pamo_safe_project.kernels.energy_kernels.lb_curvature_energy load on device 'cuda:0' took 3.50 ms
Total time:  1.644218921661377
# of output verts : 864
# of output faces : 1724
