# of input verts : 2769
# of input faces : 5534
Stage1 :  True
Stage3 :  True
Warp 1.0.0-beta.2 initialized:
   CUDA Toolkit: 12.8, Driver: 13.2
   Devices:
     "cpu"    | x86_64
     "cuda:0" | NVIDIA GeForce RTX 4080 SUPER (sm_89)
   Kernel cache: /root/.cache/warp/1.0.0-beta.2
Target faces : 5534
Time for Remeshing: 0.08051633834838867 sec
Time for Simplification: 0.5032079219818115 sec
Module pamo_safe_project.kernels.geometry_kernels load on device 'cuda:0' took 102.38 ms
Module pamo_safe_project.kernels.energy_kernels.elastic_energy load on device 'cuda:0' took 13.99 ms
Module pamo_safe_project.kernels.energy_kernels.hinge_energy load on device 'cuda:0' took 37.04 ms
Module pamo_safe_project.kernels.energy_kernels.contact_detection load on device 'cuda:0' took 20.89 ms
Module pamo_safe_project.kernels.energy_kernels.distance_energy load on device 'cuda:0' took 30.05 ms
Module pamo_safe_project.kernels.energy_kernels.collision_energy load on device 'cuda:0' took 92.94 ms
Module pamo_safe_project.kernels.utils_kernels load on device 'cuda:0' took 4.22 ms
Module pamo_safe_project.kernels.solver_kernels load on device 'cuda:0' took 3.42 ms
Module warp.utils load on device 'cuda:0' took 1.65 ms
Module pamo_safe_project.kernels.distance_kernels.grad_funcs load on device 'cuda:0' took 21.60 ms
Module pamo_safe_project.kernels.distance_kernels.hessian_funcs load on device 'cuda:0' took 93.31 ms
Module pamo_safe_project.kernels.distance_kernels.distance_kernels load on device 'cuda:0' took 132.91 ms
Module pamo_safe_project.kernels.distance_kernels.grad_funcs_struct load on device 'cuda:0' took 22.13 ms
Module pamo_safe_project.kernels.distance_kernels.distance_kernels_struct load on device 'cuda:0' took 23.17 ms
Module pamo_safe_project.kernels.ccd_kernels load on device 'cuda:0' took 25.99 ms
Module pamo_safe_project.kernels.energy_kernels.lb_curvature_energy load on device 'cuda:0' took 3.60 ms
Total time:  1.799717903137207
# of output verts : 2751
# of output faces : 5498
