# of input verts : 2763
# of input faces : 5522
Stage1 :  True
Stage3 :  True
Warp 1.0.0-beta.2 initialized:
   CUDA Toolkit: 12.8, Driver: 13.2
   Devices:
     "cpu"    | x86_64
     "cuda:0" | NVIDIA GeForce RTX 4080 SUPER (sm_89)
   Kernel cache: /root/.cache/warp/1.0.0-beta.2
Target faces : 5522
Time for Remeshing: 0.07017660140991211 sec
Time for Simplification: 0.47886085510253906 sec
Module pamo_safe_project.kernels.geometry_kernels load on device 'cuda:0' took 105.75 ms
Module pamo_safe_project.kernels.energy_kernels.elastic_energy load on device 'cuda:0' took 12.99 ms
Module pamo_safe_project.kernels.energy_kernels.hinge_energy load on device 'cuda:0' took 35.93 ms
Module pamo_safe_project.kernels.energy_kernels.contact_detection load on device 'cuda:0' took 22.07 ms
Module pamo_safe_project.kernels.energy_kernels.distance_energy load on device 'cuda:0' took 23.29 ms
Module pamo_safe_project.kernels.energy_kernels.collision_energy load on device 'cuda:0' took 83.11 ms
Module pamo_safe_project.kernels.utils_kernels load on device 'cuda:0' took 3.30 ms
Module pamo_safe_project.kernels.solver_kernels load on device 'cuda:0' took 3.05 ms
Module warp.utils load on device 'cuda:0' took 1.48 ms
Module pamo_safe_project.kernels.distance_kernels.grad_funcs load on device 'cuda:0' took 20.74 ms
Module pamo_safe_project.kernels.distance_kernels.hessian_funcs load on device 'cuda:0' took 86.87 ms
Module pamo_safe_project.kernels.distance_kernels.distance_kernels load on device 'cuda:0' took 128.14 ms
Module pamo_safe_project.kernels.distance_kernels.grad_funcs_struct load on device 'cuda:0' took 23.42 ms
Module pamo_safe_project.kernels.distance_kernels.distance_kernels_struct load on device 'cuda:0' took 21.10 ms
Module pamo_safe_project.kernels.ccd_kernels load on device 'cuda:0' took 25.92 ms
Module pamo_safe_project.kernels.energy_kernels.lb_curvature_energy load on device 'cuda:0' took 3.45 ms
Total time:  1.71315598487854
# of output verts : 2642
# of output faces : 5280
