# of input verts : 729
# of input faces : 1454
Stage1 :  True
Stage3 :  True
Warp 1.0.0-beta.2 initialized:
   CUDA Toolkit: 12.8, Driver: 13.2
   Devices:
     "cpu"    | x86_64
     "cuda:0" | NVIDIA GeForce RTX 4080 SUPER (sm_89)
   Kernel cache: /root/.cache/warp/1.0.0-beta.2
Target faces : 1454
Time for Remeshing: 0.061292409896850586 sec
Time for Simplification: 0.47075748443603516 sec
Module pamo_safe_project.kernels.geometry_kernels load on device 'cuda:0' took 102.63 ms
Module pamo_safe_project.kernels.energy_kernels.elastic_energy load on device 'cuda:0' took 14.83 ms
Module pamo_safe_project.kernels.energy_kernels.hinge_energy load on device 'cuda:0' took 34.45 ms
Module pamo_safe_project.kernels.energy_kernels.contact_detection load on device 'cuda:0' took 19.16 ms
Module pamo_safe_project.kernels.energy_kernels.distance_energy load on device 'cuda:0' took 26.44 ms
Module pamo_safe_project.kernels.energy_kernels.collision_energy load on device 'cuda:0' took 90.97 ms
Module pamo_safe_project.kernels.utils_kernels load on device 'cuda:0' took 4.24 ms
Module pamo_safe_project.kernels.solver_kernels load on device 'cuda:0' took 3.42 ms
Module warp.utils load on device 'cuda:0' took 1.77 ms
Module pamo_safe_project.kernels.distance_kernels.grad_funcs load on device 'cuda:0' took 21.88 ms
Module pamo_safe_project.kernels.distance_kernels.hessian_funcs load on device 'cuda:0' took 94.14 ms
Module pamo_safe_project.kernels.distance_kernels.distance_kernels load on device 'cuda:0' took 131.42 ms
Module pamo_safe_project.kernels.distance_kernels.grad_funcs_struct load on device 'cuda:0' took 20.27 ms
Module pamo_safe_project.kernels.distance_kernels.distance_kernels_struct load on device 'cuda:0' took 21.31 ms
Module pamo_safe_project.kernels.ccd_kernels load on device 'cuda:0' took 27.57 ms
Module pamo_safe_project.kernels.energy_kernels.lb_curvature_energy load on device 'cuda:0' took 3.67 ms
Total time:  1.6657695770263672
# of output verts : 694
# of output faces : 1384
