# of input verts : 1079
# of input faces : 2154
Stage1 :  True
Stage3 :  True
Warp 1.0.0-beta.2 initialized:
   CUDA Toolkit: 12.8, Driver: 13.2
   Devices:
     "cpu"    | x86_64
     "cuda:0" | NVIDIA GeForce RTX 4080 SUPER (sm_89)
   Kernel cache: /root/.cache/warp/1.0.0-beta.2
Target faces : 2154
Time for Remeshing: 0.06243562698364258 sec
Time for Simplification: 0.4395458698272705 sec
Module pamo_safe_project.kernels.geometry_kernels load on device 'cuda:0' took 104.69 ms
Module pamo_safe_project.kernels.energy_kernels.elastic_energy load on device 'cuda:0' took 20.92 ms
Module pamo_safe_project.kernels.energy_kernels.hinge_energy load on device 'cuda:0' took 57.59 ms
Module pamo_safe_project.kernels.energy_kernels.contact_detection load on device 'cuda:0' took 31.47 ms
Module pamo_safe_project.kernels.energy_kernels.distance_energy load on device 'cuda:0' took 42.28 ms
Module pamo_safe_project.kernels.energy_kernels.collision_energy load on device 'cuda:0' took 93.11 ms
Module pamo_safe_project.kernels.utils_kernels load on device 'cuda:0' took 3.70 ms
Module pamo_safe_project.kernels.solver_kernels load on device 'cuda:0' took 3.11 ms
Module warp.utils load on device 'cuda:0' took 1.70 ms
Module pamo_safe_project.kernels.distance_kernels.grad_funcs load on device 'cuda:0' took 21.40 ms
Module pamo_safe_project.kernels.distance_kernels.hessian_funcs load on device 'cuda:0' took 89.27 ms
Module pamo_safe_project.kernels.distance_kernels.distance_kernels load on device 'cuda:0' took 126.56 ms
Module pamo_safe_project.kernels.distance_kernels.grad_funcs_struct load on device 'cuda:0' took 18.14 ms
Module pamo_safe_project.kernels.distance_kernels.distance_kernels_struct load on device 'cuda:0' took 19.67 ms
Module pamo_safe_project.kernels.ccd_kernels load on device 'cuda:0' took 24.68 ms
Module pamo_safe_project.kernels.energy_kernels.lb_curvature_energy load on device 'cuda:0' took 3.74 ms
Total time:  1.6834638118743896
# of output verts : 1050
# of output faces : 2096
