# of input verts : 2763
# of input faces : 5522
Stage1 :  True
Stage3 :  True
Warp 1.0.0-beta.2 initialized:
   CUDA Toolkit: 12.8, Driver: 13.2
   Devices:
     "cpu"    | x86_64
     "cuda:0" | NVIDIA GeForce RTX 4080 SUPER (sm_89)
   Kernel cache: /root/.cache/warp/1.0.0-beta.2
Target faces : 5522
Time for Remeshing: 0.09577083587646484 sec
Time for Simplification: 0.469158411026001 sec
Module pamo_safe_project.kernels.geometry_kernels load on device 'cuda:0' took 100.45 ms
Module pamo_safe_project.kernels.energy_kernels.elastic_energy load on device 'cuda:0' took 15.21 ms
Module pamo_safe_project.kernels.energy_kernels.hinge_energy load on device 'cuda:0' took 36.30 ms
Module pamo_safe_project.kernels.energy_kernels.contact_detection load on device 'cuda:0' took 19.07 ms
Module pamo_safe_project.kernels.energy_kernels.distance_energy load on device 'cuda:0' took 27.47 ms
Module pamo_safe_project.kernels.energy_kernels.collision_energy load on device 'cuda:0' took 90.69 ms
Module pamo_safe_project.kernels.utils_kernels load on device 'cuda:0' took 4.27 ms
Module pamo_safe_project.kernels.solver_kernels load on device 'cuda:0' took 3.60 ms
Module warp.utils load on device 'cuda:0' took 1.74 ms
Module pamo_safe_project.kernels.distance_kernels.grad_funcs load on device 'cuda:0' took 23.60 ms
Module pamo_safe_project.kernels.distance_kernels.hessian_funcs load on device 'cuda:0' took 105.10 ms
Module pamo_safe_project.kernels.distance_kernels.distance_kernels load on device 'cuda:0' took 147.62 ms
Module pamo_safe_project.kernels.distance_kernels.grad_funcs_struct load on device 'cuda:0' took 20.10 ms
Module pamo_safe_project.kernels.distance_kernels.distance_kernels_struct load on device 'cuda:0' took 21.92 ms
Module pamo_safe_project.kernels.ccd_kernels load on device 'cuda:0' took 28.55 ms
Module pamo_safe_project.kernels.energy_kernels.lb_curvature_energy load on device 'cuda:0' took 3.63 ms
Total time:  1.7845771312713623
# of output verts : 2754
# of output faces : 5504
