# of input verts : 2692
# of input faces : 5380
Stage1 :  True
Stage3 :  True
Warp 1.0.0-beta.2 initialized:
   CUDA Toolkit: 12.8, Driver: 13.2
   Devices:
     "cpu"    | x86_64
     "cuda:0" | NVIDIA GeForce RTX 4080 SUPER (sm_89)
   Kernel cache: /root/.cache/warp/1.0.0-beta.2
Target faces : 5380
Time for Remeshing: 0.07238245010375977 sec
Time for Simplification: 0.46695685386657715 sec
Module pamo_safe_project.kernels.geometry_kernels load on device 'cuda:0' took 109.17 ms
Module pamo_safe_project.kernels.energy_kernels.elastic_energy load on device 'cuda:0' took 11.94 ms
Module pamo_safe_project.kernels.energy_kernels.hinge_energy load on device 'cuda:0' took 34.26 ms
Module pamo_safe_project.kernels.energy_kernels.contact_detection load on device 'cuda:0' took 19.30 ms
Module pamo_safe_project.kernels.energy_kernels.distance_energy load on device 'cuda:0' took 26.82 ms
Module pamo_safe_project.kernels.energy_kernels.collision_energy load on device 'cuda:0' took 84.13 ms
Module pamo_safe_project.kernels.utils_kernels load on device 'cuda:0' took 3.46 ms
Module pamo_safe_project.kernels.solver_kernels load on device 'cuda:0' took 3.00 ms
Module warp.utils load on device 'cuda:0' took 1.46 ms
Module pamo_safe_project.kernels.distance_kernels.grad_funcs load on device 'cuda:0' took 23.26 ms
Module pamo_safe_project.kernels.distance_kernels.hessian_funcs load on device 'cuda:0' took 96.15 ms
Module pamo_safe_project.kernels.distance_kernels.distance_kernels load on device 'cuda:0' took 125.90 ms
Module pamo_safe_project.kernels.distance_kernels.grad_funcs_struct load on device 'cuda:0' took 21.63 ms
Module pamo_safe_project.kernels.distance_kernels.distance_kernels_struct load on device 'cuda:0' took 21.97 ms
Module pamo_safe_project.kernels.ccd_kernels load on device 'cuda:0' took 25.65 ms
Module pamo_safe_project.kernels.energy_kernels.lb_curvature_energy load on device 'cuda:0' took 3.52 ms
Total time:  1.6809663772583008
# of output verts : 2599
# of output faces : 5194
