# of input verts : 1079
# of input faces : 2154
Stage1 :  True
Stage3 :  True
Warp 1.0.0-beta.2 initialized:
   CUDA Toolkit: 12.8, Driver: 13.2
   Devices:
     "cpu"    | x86_64
     "cuda:0" | NVIDIA GeForce RTX 4080 SUPER (sm_89)
   Kernel cache: /root/.cache/warp/1.0.0-beta.2
Target faces : 2154
Time for Remeshing: 0.06538701057434082 sec
Time for Simplification: 0.4918065071105957 sec
Module pamo_safe_project.kernels.geometry_kernels load on device 'cuda:0' took 204.79 ms
Module pamo_safe_project.kernels.energy_kernels.elastic_energy load on device 'cuda:0' took 19.95 ms
Module pamo_safe_project.kernels.energy_kernels.hinge_energy load on device 'cuda:0' took 48.57 ms
Module pamo_safe_project.kernels.energy_kernels.contact_detection load on device 'cuda:0' took 28.43 ms
Module pamo_safe_project.kernels.energy_kernels.distance_energy load on device 'cuda:0' took 37.86 ms
Module pamo_safe_project.kernels.energy_kernels.collision_energy load on device 'cuda:0' took 125.60 ms
Module pamo_safe_project.kernels.utils_kernels load on device 'cuda:0' took 5.42 ms
Module pamo_safe_project.kernels.solver_kernels load on device 'cuda:0' took 4.40 ms
Module warp.utils load on device 'cuda:0' took 2.20 ms
Module pamo_safe_project.kernels.distance_kernels.grad_funcs load on device 'cuda:0' took 31.00 ms
Module pamo_safe_project.kernels.distance_kernels.hessian_funcs load on device 'cuda:0' took 134.05 ms
Module pamo_safe_project.kernels.distance_kernels.distance_kernels load on device 'cuda:0' took 190.72 ms
Module pamo_safe_project.kernels.distance_kernels.grad_funcs_struct load on device 'cuda:0' took 30.01 ms
Module pamo_safe_project.kernels.distance_kernels.distance_kernels_struct load on device 'cuda:0' took 32.06 ms
Module pamo_safe_project.kernels.ccd_kernels load on device 'cuda:0' took 38.27 ms
Module pamo_safe_project.kernels.energy_kernels.lb_curvature_energy load on device 'cuda:0' took 5.27 ms
Total time:  2.06699275970459
# of output verts : 1046
# of output faces : 2088
