# of input verts : 729
# of input faces : 1454
Stage1 :  True
Stage3 :  True
Warp 1.0.0-beta.2 initialized:
   CUDA Toolkit: 12.8, Driver: 13.2
   Devices:
     "cpu"    | x86_64
     "cuda:0" | NVIDIA GeForce RTX 4080 SUPER (sm_89)
   Kernel cache: /root/.cache/warp/1.0.0-beta.2
Target faces : 1454
Time for Remeshing: 0.07989025115966797 sec
Time for Simplification: 0.4880690574645996 sec
Module pamo_safe_project.kernels.geometry_kernels load on device 'cuda:0' took 87.81 ms
Module pamo_safe_project.kernels.energy_kernels.elastic_energy load on device 'cuda:0' took 13.01 ms
Module pamo_safe_project.kernels.energy_kernels.hinge_energy load on device 'cuda:0' took 29.75 ms
Module pamo_safe_project.kernels.energy_kernels.contact_detection load on device 'cuda:0' took 20.13 ms
Module pamo_safe_project.kernels.energy_kernels.distance_energy load on device 'cuda:0' took 25.37 ms
Module pamo_safe_project.kernels.energy_kernels.collision_energy load on device 'cuda:0' took 84.50 ms
Module pamo_safe_project.kernels.utils_kernels load on device 'cuda:0' took 3.71 ms
Module pamo_safe_project.kernels.solver_kernels load on device 'cuda:0' took 3.00 ms
Module warp.utils load on device 'cuda:0' took 1.49 ms
Module pamo_safe_project.kernels.distance_kernels.grad_funcs load on device 'cuda:0' took 20.83 ms
Module pamo_safe_project.kernels.distance_kernels.hessian_funcs load on device 'cuda:0' took 91.40 ms
Module pamo_safe_project.kernels.distance_kernels.distance_kernels load on device 'cuda:0' took 132.90 ms
Module pamo_safe_project.kernels.distance_kernels.grad_funcs_struct load on device 'cuda:0' took 22.09 ms
Module pamo_safe_project.kernels.distance_kernels.distance_kernels_struct load on device 'cuda:0' took 22.31 ms
Module pamo_safe_project.kernels.ccd_kernels load on device 'cuda:0' took 27.14 ms
Module pamo_safe_project.kernels.energy_kernels.lb_curvature_energy load on device 'cuda:0' took 3.58 ms
Total time:  1.651693344116211
# of output verts : 706
# of output faces : 1408
