# of input verts : 2745
# of input faces : 5486
Stage1 :  True
Stage3 :  True
Warp 1.0.0-beta.2 initialized:
   CUDA Toolkit: 12.8, Driver: 13.2
   Devices:
     "cpu"    | x86_64
     "cuda:0" | NVIDIA GeForce RTX 4080 SUPER (sm_89)
   Kernel cache: /root/.cache/warp/1.0.0-beta.2
Target faces : 5486
Time for Remeshing: 0.0878911018371582 sec
Time for Simplification: 0.4901576042175293 sec
Module pamo_safe_project.kernels.geometry_kernels load on device 'cuda:0' took 100.89 ms
Module pamo_safe_project.kernels.energy_kernels.elastic_energy load on device 'cuda:0' took 19.94 ms
Module pamo_safe_project.kernels.energy_kernels.hinge_energy load on device 'cuda:0' took 49.82 ms
Module pamo_safe_project.kernels.energy_kernels.contact_detection load on device 'cuda:0' took 28.58 ms
Module pamo_safe_project.kernels.energy_kernels.distance_energy load on device 'cuda:0' took 38.38 ms
Module pamo_safe_project.kernels.energy_kernels.collision_energy load on device 'cuda:0' took 128.22 ms
Module pamo_safe_project.kernels.utils_kernels load on device 'cuda:0' took 5.55 ms
Module pamo_safe_project.kernels.solver_kernels load on device 'cuda:0' took 4.44 ms
Module warp.utils load on device 'cuda:0' took 2.18 ms
Module pamo_safe_project.kernels.distance_kernels.grad_funcs load on device 'cuda:0' took 31.80 ms
Module pamo_safe_project.kernels.distance_kernels.hessian_funcs load on device 'cuda:0' took 150.48 ms
Module pamo_safe_project.kernels.distance_kernels.distance_kernels load on device 'cuda:0' took 191.52 ms
Module pamo_safe_project.kernels.distance_kernels.grad_funcs_struct load on device 'cuda:0' took 30.26 ms
Module pamo_safe_project.kernels.distance_kernels.distance_kernels_struct load on device 'cuda:0' took 32.49 ms
Module pamo_safe_project.kernels.ccd_kernels load on device 'cuda:0' took 38.73 ms
Module pamo_safe_project.kernels.energy_kernels.lb_curvature_energy load on device 'cuda:0' took 5.36 ms
Total time:  2.036790370941162
# of output verts : 2687
# of output faces : 5370
