# of input verts : 2769
# of input faces : 5534
Stage1 :  True
Stage3 :  True
Warp 1.0.0-beta.2 initialized:
   CUDA Toolkit: 12.8, Driver: 13.2
   Devices:
     "cpu"    | x86_64
     "cuda:0" | NVIDIA GeForce RTX 4080 SUPER (sm_89)
   Kernel cache: /root/.cache/warp/1.0.0-beta.2
Target faces : 5534
Time for Remeshing: 0.06851005554199219 sec
Time for Simplification: 0.4650998115539551 sec
Module pamo_safe_project.kernels.geometry_kernels load on device 'cuda:0' took 98.38 ms
Module pamo_safe_project.kernels.energy_kernels.elastic_energy load on device 'cuda:0' took 13.20 ms
Module pamo_safe_project.kernels.energy_kernels.hinge_energy load on device 'cuda:0' took 35.50 ms
Module pamo_safe_project.kernels.energy_kernels.contact_detection load on device 'cuda:0' took 20.02 ms
Module pamo_safe_project.kernels.energy_kernels.distance_energy load on device 'cuda:0' took 25.53 ms
Module pamo_safe_project.kernels.energy_kernels.collision_energy load on device 'cuda:0' took 92.34 ms
Module pamo_safe_project.kernels.utils_kernels load on device 'cuda:0' took 4.36 ms
Module pamo_safe_project.kernels.solver_kernels load on device 'cuda:0' took 3.64 ms
Module warp.utils load on device 'cuda:0' took 1.75 ms
Module pamo_safe_project.kernels.distance_kernels.grad_funcs load on device 'cuda:0' took 22.33 ms
Module pamo_safe_project.kernels.distance_kernels.hessian_funcs load on device 'cuda:0' took 101.78 ms
Module pamo_safe_project.kernels.distance_kernels.distance_kernels load on device 'cuda:0' took 134.91 ms
Module pamo_safe_project.kernels.distance_kernels.grad_funcs_struct load on device 'cuda:0' took 23.92 ms
Module pamo_safe_project.kernels.distance_kernels.distance_kernels_struct load on device 'cuda:0' took 26.30 ms
Module pamo_safe_project.kernels.ccd_kernels load on device 'cuda:0' took 31.74 ms
Module pamo_safe_project.kernels.energy_kernels.lb_curvature_energy load on device 'cuda:0' took 4.50 ms
Total time:  1.7361669540405273
# of output verts : 2650
# of output faces : 5296
