Stage1 :  True
Stage3 :  True
Warp 1.0.0-beta.2 initialized:
   CUDA Toolkit: 12.8, Driver: 13.2
   Devices:
     "cpu"    | x86_64
     "cuda:0" | NVIDIA GeForce RTX 4080 SUPER (sm_89)
   Kernel cache: /root/.cache/warp/1.0.0-beta.2
Target faces : 1822
Time for Remeshing: 0.11567378044128418 sec
Time for Simplification: 0.7009856700897217 sec
Module pamo_safe_project.kernels.geometry_kernels load on device 'cuda:0' took 27.72 ms
Module pamo_safe_project.kernels.energy_kernels.elastic_energy load on device 'cuda:0' took 113.28 ms
Module pamo_safe_project.kernels.energy_kernels.hinge_energy load on device 'cuda:0' took 324.61 ms
Module pamo_safe_project.kernels.energy_kernels.contact_detection load on device 'cuda:0' took 29.09 ms
Module pamo_safe_project.kernels.energy_kernels.distance_energy load on device 'cuda:0' took 41.18 ms
Module pamo_safe_project.kernels.energy_kernels.collision_energy load on device 'cuda:0' took 141.58 ms
Module pamo_safe_project.kernels.utils_kernels load on device 'cuda:0' took 5.65 ms
Module pamo_safe_project.kernels.solver_kernels load on device 'cuda:0' took 4.54 ms
Module warp.utils load on device 'cuda:0' took 2.23 ms
Module pamo_safe_project.kernels.distance_kernels.grad_funcs load on device 'cuda:0' took 32.97 ms
Module pamo_safe_project.kernels.distance_kernels.hessian_funcs load on device 'cuda:0' took 145.72 ms
Module pamo_safe_project.kernels.distance_kernels.distance_kernels load on device 'cuda:0' took 206.96 ms
Module pamo_safe_project.kernels.distance_kernels.grad_funcs_struct load on device 'cuda:0' took 30.06 ms
Module pamo_safe_project.kernels.distance_kernels.distance_kernels_struct load on device 'cuda:0' took 36.37 ms
Module pamo_safe_project.kernels.ccd_kernels load on device 'cuda:0' took 40.96 ms
Module pamo_safe_project.kernels.energy_kernels.lb_curvature_energy load on device 'cuda:0' took 5.42 ms
Module locality_gpu load on device 'cuda:0' took 1.16 ms
{"pamo_run_ms": 2689.508586190641, "stage1": "original", "method": "full", "maintenance_ms": 5360.670321621001, "status": "pending_independent_audit"}
