Stage1 :  True
Stage3 :  True
Warp 1.0.0-beta.2 initialized:
   CUDA Toolkit: 12.8, Driver: 13.2
   Devices:
     "cpu"    | x86_64
     "cuda:0" | NVIDIA GeForce RTX 4080 SUPER (sm_89)
   Kernel cache: /root/.cache/warp/1.0.0-beta.2
Target faces : 1702
Time for Remeshing: 0.1497793197631836 sec
Time for Simplification: 0.6872289180755615 sec
Module pamo_safe_project.kernels.geometry_kernels load on device 'cuda:0' took 22.11 ms
Module pamo_safe_project.kernels.energy_kernels.elastic_energy load on device 'cuda:0' took 20.42 ms
Module pamo_safe_project.kernels.energy_kernels.hinge_energy load on device 'cuda:0' took 50.32 ms
Module pamo_safe_project.kernels.energy_kernels.contact_detection load on device 'cuda:0' took 28.87 ms
Module pamo_safe_project.kernels.energy_kernels.distance_energy load on device 'cuda:0' took 38.75 ms
Module pamo_safe_project.kernels.energy_kernels.collision_energy load on device 'cuda:0' took 130.82 ms
Module pamo_safe_project.kernels.utils_kernels load on device 'cuda:0' took 5.79 ms
Module pamo_safe_project.kernels.solver_kernels load on device 'cuda:0' took 4.72 ms
Module warp.utils load on device 'cuda:0' took 2.49 ms
Module pamo_safe_project.kernels.distance_kernels.grad_funcs load on device 'cuda:0' took 32.21 ms
Module pamo_safe_project.kernels.distance_kernels.hessian_funcs load on device 'cuda:0' took 139.70 ms
Module pamo_safe_project.kernels.distance_kernels.distance_kernels load on device 'cuda:0' took 198.35 ms
Module pamo_safe_project.kernels.distance_kernels.grad_funcs_struct load on device 'cuda:0' took 30.36 ms
Module pamo_safe_project.kernels.distance_kernels.distance_kernels_struct load on device 'cuda:0' took 32.74 ms
Module pamo_safe_project.kernels.ccd_kernels load on device 'cuda:0' took 38.92 ms
Module pamo_safe_project.kernels.energy_kernels.lb_curvature_energy load on device 'cuda:0' took 5.51 ms
Module locality_gpu load on device 'cuda:0' took 1.19 ms
{"pamo_run_ms": 2243.7771260738373, "stage1": "original", "method": "full", "maintenance_ms": 4960.580764338374, "status": "pending_independent_audit"}
