Stage1 :  True
Stage3 :  True
Warp 1.0.0-beta.2 initialized:
   CUDA Toolkit: 12.8, Driver: 13.2
   Devices:
     "cpu"    | x86_64
     "cuda:0" | NVIDIA GeForce RTX 4090 (sm_89)
   Kernel cache: /root/.cache/warp/1.0.0-beta.2
Target faces : 2436
Time for Remeshing: 0.08817267417907715 sec
Time for Simplification: 0.37769412994384766 sec
Module pamo_safe_project.kernels.geometry_kernels load on device 'cuda:0' took 12.17 ms
Module pamo_safe_project.kernels.energy_kernels.elastic_energy load on device 'cuda:0' took 10.82 ms
Module pamo_safe_project.kernels.energy_kernels.hinge_energy load on device 'cuda:0' took 27.00 ms
Module pamo_safe_project.kernels.energy_kernels.contact_detection load on device 'cuda:0' took 15.91 ms
Module pamo_safe_project.kernels.energy_kernels.distance_energy load on device 'cuda:0' took 20.85 ms
Module pamo_safe_project.kernels.energy_kernels.collision_energy load on device 'cuda:0' took 70.09 ms
Module pamo_safe_project.kernels.utils_kernels load on device 'cuda:0' took 3.20 ms
Module pamo_safe_project.kernels.solver_kernels load on device 'cuda:0' took 2.57 ms
Module warp.utils load on device 'cuda:0' took 1.35 ms
Module pamo_safe_project.kernels.distance_kernels.grad_funcs load on device 'cuda:0' took 16.86 ms
Module pamo_safe_project.kernels.distance_kernels.hessian_funcs load on device 'cuda:0' took 72.15 ms
Module pamo_safe_project.kernels.distance_kernels.distance_kernels load on device 'cuda:0' took 102.24 ms
Module pamo_safe_project.kernels.distance_kernels.grad_funcs_struct load on device 'cuda:0' took 15.71 ms
Module pamo_safe_project.kernels.distance_kernels.distance_kernels_struct load on device 'cuda:0' took 17.28 ms
Module pamo_safe_project.kernels.ccd_kernels load on device 'cuda:0' took 21.37 ms
Module pamo_safe_project.kernels.energy_kernels.lb_curvature_energy load on device 'cuda:0' took 3.13 ms
Module locality_gpu load on device 'cuda:0' took 0.77 ms
{"pamo_run_ms": 1395.2029356732965, "stage1": "original", "method": "full", "maintenance_ms": 3110.2285692468286, "status": "pending_independent_audit"}
