Warp 1.0.0-beta.2 initialized:
   CUDA Toolkit: 12.8, Driver: 13.2
   Devices:
     "cpu"    | x86_64
     "cuda:0" | NVIDIA GeForce RTX 4080 SUPER (sm_89)
   Kernel cache: /root/.cache/warp/1.0.0-beta.2
[33;20mWARNING - Triangle area is too small (min_area=7.121702002084337e-16), may cause numerical instability (system.py:213)[0m
Module pamo_safe_project.kernels.geometry_kernels load on device 'cuda:0' took 22.44 ms
Module pamo_safe_project.kernels.energy_kernels.elastic_energy load on device 'cuda:0' took 16.25 ms
Module pamo_safe_project.kernels.energy_kernels.hinge_energy load on device 'cuda:0' took 40.21 ms
Module pamo_safe_project.kernels.energy_kernels.precision_contact_detection load on device 'cuda:0' took 22.48 ms
Module pamo_safe_project.kernels.energy_kernels.distance_energy load on device 'cuda:0' took 31.62 ms
Module pamo_safe_project.kernels.energy_kernels.preserved_collision_energy load on device 'cuda:0' took 114.92 ms
Module pamo_safe_project.kernels.utils_kernels load on device 'cuda:0' took 6.07 ms
Module tangent_plane_gpu load on device 'cuda:0' took 2.27 ms
Module locality_gpu load on device 'cuda:0' took 1.27 ms
Module pamo_safe_project.kernels.solver_kernels load on device 'cuda:0' took 5.59 ms
Module warp.utils load on device 'cuda:0' took 2.47 ms
Module pamo_safe_project.kernels.distance_kernels.grad_funcs load on device 'cuda:0' took 31.92 ms
Module pamo_safe_project.kernels.distance_kernels.hessian_funcs load on device 'cuda:0' took 141.04 ms
Module pamo_safe_project.kernels.distance_kernels.distance_kernels load on device 'cuda:0' took 201.92 ms
Module pamo_safe_project.kernels.distance_kernels.grad_funcs_struct load on device 'cuda:0' took 30.32 ms
Module pamo_safe_project.kernels.distance_kernels.distance_kernels_struct load on device 'cuda:0' took 33.40 ms
Module pamo_safe_project.kernels.energy_kernels.collision_energy load on device 'cuda:0' took 132.67 ms
Module pamo_safe_project.kernels.ccd_kernels load on device 'cuda:0' took 38.94 ms
Module pamo_safe_project.kernels.energy_kernels.lb_curvature_energy load on device 'cuda:0' took 5.35 ms
Module pamo_safe_project.kernels.energy_kernels.contact_detection load on device 'cuda:0' took 29.18 ms
Module tangent_preserved_gpu load on device 'cuda:0' took 2.11 ms
Module robust_pt_gpu load on device 'cuda:0' took 7.92 ms
Module pamo_safe_project.kernels.energy_kernels.precision_collision_energy load on device 'cuda:0' took 130.32 ms
Module pamo_safe_project.kernels.precision_ccd_kernels load on device 'cuda:0' took 37.61 ms
Module robust_pt_gradient_gpu load on device 'cuda:0' took 7.90 ms
Module pamo_safe_project.kernels.energy_kernels.precision_gradient_collision_energy load on device 'cuda:0' took 112.18 ms
Module fixed_geometry_gpu load on device 'cuda:0' took 8.81 ms
Module pamo_safe_project.kernels.preserved_ccd load on device 'cuda:0' took 45.81 ms
