only got 16315/16384 samples!
Warp 1.0.0-beta.2 initialized:
   CUDA Toolkit: 12.8, Driver: 13.2
   Devices:
     "cpu"    | x86_64
     "cuda:0" | NVIDIA GeForce RTX 4090 (sm_89)
   Kernel cache: /root/.cache/warp/1.0.0-beta.2
[33;20mWARNING - Triangle area is too small (min_area=2.1209413234832616e-16), may cause numerical instability (system.py:213)[0m
Module pamo_safe_project.kernels.geometry_kernels load on device 'cuda:0' took 17.10 ms
Module pamo_safe_project.kernels.energy_kernels.elastic_energy load on device 'cuda:0' took 10.99 ms
Module pamo_safe_project.kernels.energy_kernels.hinge_energy load on device 'cuda:0' took 31.10 ms
Module pamo_safe_project.kernels.energy_kernels.contact_detection load on device 'cuda:0' took 16.05 ms
Module pamo_safe_project.kernels.energy_kernels.distance_energy load on device 'cuda:0' took 21.10 ms
Module pamo_safe_project.kernels.energy_kernels.collision_energy load on device 'cuda:0' took 70.40 ms
Module pamo_safe_project.kernels.utils_kernels load on device 'cuda:0' took 3.13 ms
Module tangent_plane_gpu load on device 'cuda:0' took 1.25 ms
Module locality_gpu load on device 'cuda:0' took 0.73 ms
Module pamo_safe_project.kernels.solver_kernels load on device 'cuda:0' took 2.86 ms
Module warp.utils load on device 'cuda:0' took 1.68 ms
Module pamo_safe_project.kernels.distance_kernels.grad_funcs load on device 'cuda:0' took 16.76 ms
Module pamo_safe_project.kernels.distance_kernels.hessian_funcs load on device 'cuda:0' took 80.60 ms
Module pamo_safe_project.kernels.distance_kernels.distance_kernels load on device 'cuda:0' took 102.47 ms
Module pamo_safe_project.kernels.distance_kernels.grad_funcs_struct load on device 'cuda:0' took 15.86 ms
Module pamo_safe_project.kernels.distance_kernels.distance_kernels_struct load on device 'cuda:0' took 17.48 ms
Module pamo_safe_project.kernels.ccd_kernels load on device 'cuda:0' took 21.94 ms
Module pamo_safe_project.kernels.energy_kernels.lb_curvature_energy load on device 'cuda:0' took 3.16 ms
Traceback (most recent call last):
  File "/root/autodl-tmp/graduation_project/constrained_20261004_碰撞数值保护多形状连续开发_cea2ca3a38cc/run_constrained_worker.py", line 83, in <module>
    main()
  File "/root/autodl-tmp/graduation_project/constrained_20261004_碰撞数值保护多形状连续开发_cea2ca3a38cc/run_constrained_worker.py", line 55, in main
    result, projection = project_on_planes(source, mesh, fixed,
                         ^^^^^^^^^^^^^^^^^^^^^^^^^^^^^^^^^^^^^^
  File "/root/autodl-tmp/graduation_project/constrained_20261004_碰撞数值保护多形状连续开发_cea2ca3a38cc/tangent_plane_gpu.py", line 103, in project_on_planes
    raise RuntimeError("切平面投影出现非有限值或面反向")
RuntimeError: 切平面投影出现非有限值或面反向
