Warp 1.0.0-beta.2 initialized:
   CUDA Toolkit: 12.8, Driver: 13.2
   Devices:
     "cpu"    | x86_64
     "cuda:0" | NVIDIA GeForce RTX 4080 SUPER (sm_89)
   Kernel cache: /root/.cache/warp/1.0.0-beta.2
[33;20mWARNING - Triangle area is too small (min_area=4.860568906570025e-16), may cause numerical instability (system.py:213)[0m
Module pamo_safe_project.kernels.geometry_kernels load on device 'cuda:0' took 27.84 ms
Module pamo_safe_project.kernels.energy_kernels.elastic_energy load on device 'cuda:0' took 21.17 ms
Module pamo_safe_project.kernels.energy_kernels.hinge_energy load on device 'cuda:0' took 51.32 ms
Module pamo_safe_project.kernels.energy_kernels.precision_contact_detection load on device 'cuda:0' took 28.93 ms
Module pamo_safe_project.kernels.energy_kernels.distance_energy load on device 'cuda:0' took 51.13 ms
Module pamo_safe_project.kernels.energy_kernels.preserved_collision_energy load on device 'cuda:0' took 146.82 ms
Module pamo_safe_project.kernels.utils_kernels load on device 'cuda:0' took 6.65 ms
Module tangent_plane_gpu load on device 'cuda:0' took 2.51 ms
Module locality_gpu load on device 'cuda:0' took 1.47 ms
Module pamo_safe_project.kernels.solver_kernels load on device 'cuda:0' took 5.16 ms
Module warp.utils load on device 'cuda:0' took 2.37 ms
Module pamo_safe_project.kernels.distance_kernels.grad_funcs load on device 'cuda:0' took 32.53 ms
Module pamo_safe_project.kernels.distance_kernels.hessian_funcs load on device 'cuda:0' took 140.90 ms
Module pamo_safe_project.kernels.distance_kernels.distance_kernels load on device 'cuda:0' took 197.71 ms
Module pamo_safe_project.kernels.distance_kernels.grad_funcs_struct load on device 'cuda:0' took 30.39 ms
Module pamo_safe_project.kernels.distance_kernels.distance_kernels_struct load on device 'cuda:0' took 33.23 ms
Module pamo_safe_project.kernels.energy_kernels.collision_energy load on device 'cuda:0' took 129.38 ms
Module pamo_safe_project.kernels.ccd_kernels load on device 'cuda:0' took 40.89 ms
Module pamo_safe_project.kernels.energy_kernels.lb_curvature_energy load on device 'cuda:0' took 5.43 ms
Module pamo_safe_project.kernels.energy_kernels.contact_detection load on device 'cuda:0' took 29.34 ms
Module tangent_preserved_gpu load on device 'cuda:0' took 2.22 ms
Module robust_pt_gpu load on device 'cuda:0' took 7.95 ms
Module pamo_safe_project.kernels.energy_kernels.precision_collision_energy load on device 'cuda:0' took 128.00 ms
Module pamo_safe_project.kernels.precision_ccd_kernels load on device 'cuda:0' took 37.90 ms
Module robust_pt_gradient_gpu load on device 'cuda:0' took 7.91 ms
Module pamo_safe_project.kernels.energy_kernels.precision_gradient_collision_energy load on device 'cuda:0' took 110.70 ms
Module fixed_geometry_gpu load on device 'cuda:0' took 8.94 ms
Module pamo_safe_project.kernels.preserved_ccd load on device 'cuda:0' took 52.49 ms
