Warp 1.0.0-beta.2 initialized:
   CUDA Toolkit: 12.8, Driver: 13.2
   Devices:
     "cpu"    | x86_64
     "cuda:0" | NVIDIA GeForce RTX 4080 SUPER (sm_89)
   Kernel cache: /root/.cache/warp/1.0.0-beta.2
[33;20mWARNING - Triangle area is too small (min_area=2.2444918493993285e-15), may cause numerical instability (system.py:213)[0m
Module pamo_safe_project.kernels.geometry_kernels load on device 'cuda:0' took 26.38 ms
Module pamo_safe_project.kernels.energy_kernels.elastic_energy load on device 'cuda:0' took 22.18 ms
Module pamo_safe_project.kernels.energy_kernels.hinge_energy load on device 'cuda:0' took 56.15 ms
Module pamo_safe_project.kernels.energy_kernels.precision_contact_detection load on device 'cuda:0' took 30.85 ms
Module pamo_safe_project.kernels.energy_kernels.distance_energy load on device 'cuda:0' took 42.06 ms
Module pamo_safe_project.kernels.energy_kernels.precision_gradient_collision_energy load on device 'cuda:0' took 118.89 ms
Module pamo_safe_project.kernels.utils_kernels load on device 'cuda:0' took 5.68 ms
Module tangent_plane_gpu load on device 'cuda:0' took 2.10 ms
Module locality_gpu load on device 'cuda:0' took 1.20 ms
Module pamo_safe_project.kernels.solver_kernels load on device 'cuda:0' took 6.30 ms
Module warp.utils load on device 'cuda:0' took 2.78 ms
Module pamo_safe_project.kernels.distance_kernels.grad_funcs load on device 'cuda:0' took 39.86 ms
Module pamo_safe_project.kernels.distance_kernels.hessian_funcs load on device 'cuda:0' took 153.49 ms
Module pamo_safe_project.kernels.distance_kernels.distance_kernels load on device 'cuda:0' took 220.50 ms
Module pamo_safe_project.kernels.distance_kernels.grad_funcs_struct load on device 'cuda:0' took 37.29 ms
Module pamo_safe_project.kernels.distance_kernels.distance_kernels_struct load on device 'cuda:0' took 33.71 ms
Module pamo_safe_project.kernels.energy_kernels.collision_energy load on device 'cuda:0' took 140.78 ms
Module pamo_safe_project.kernels.ccd_kernels load on device 'cuda:0' took 46.64 ms
Module pamo_safe_project.kernels.energy_kernels.lb_curvature_energy load on device 'cuda:0' took 6.36 ms
Module pamo_safe_project.kernels.energy_kernels.contact_detection load on device 'cuda:0' took 31.60 ms
Module robust_pt_gpu load on device 'cuda:0' took 10.81 ms
Module pamo_safe_project.kernels.energy_kernels.precision_collision_energy load on device 'cuda:0' took 142.26 ms
Module pamo_safe_project.kernels.precision_ccd_kernels load on device 'cuda:0' took 39.44 ms
Module robust_pt_gradient_gpu load on device 'cuda:0' took 8.01 ms
