Stage1 :  True
Stage3 :  True
Warp 1.0.0-beta.2 initialized:
   CUDA Toolkit: 12.8, Driver: 13.2
   Devices:
     "cpu"    | x86_64
     "cuda:0" | NVIDIA GeForce RTX 4080 SUPER (sm_89)
   Kernel cache: /root/.cache/warp/1.0.0-beta.2
Target faces : 1502
Time for Remeshing: 0.10172247886657715 sec
Time for Simplification: 0.9953553676605225 sec
Module pamo_safe_project.kernels.geometry_kernels load on device 'cuda:0' took 24.63 ms
Module pamo_safe_project.kernels.energy_kernels.elastic_energy load on device 'cuda:0' took 21.11 ms
Module pamo_safe_project.kernels.energy_kernels.hinge_energy load on device 'cuda:0' took 53.35 ms
Module pamo_safe_project.kernels.energy_kernels.contact_detection load on device 'cuda:0' took 31.51 ms
Module pamo_safe_project.kernels.energy_kernels.distance_energy load on device 'cuda:0' took 41.19 ms
Module pamo_safe_project.kernels.energy_kernels.collision_energy load on device 'cuda:0' took 139.66 ms
Module pamo_safe_project.kernels.utils_kernels load on device 'cuda:0' took 8.60 ms
Module pamo_safe_project.kernels.solver_kernels load on device 'cuda:0' took 4.61 ms
Module warp.utils load on device 'cuda:0' took 2.58 ms
Module pamo_safe_project.kernels.distance_kernels.grad_funcs load on device 'cuda:0' took 32.69 ms
Module pamo_safe_project.kernels.distance_kernels.hessian_funcs load on device 'cuda:0' took 319.91 ms
Module pamo_safe_project.kernels.distance_kernels.distance_kernels load on device 'cuda:0' took 304.68 ms
Module pamo_safe_project.kernels.distance_kernels.grad_funcs_struct load on device 'cuda:0' took 34.85 ms
Module pamo_safe_project.kernels.distance_kernels.distance_kernels_struct load on device 'cuda:0' took 33.81 ms
Module pamo_safe_project.kernels.ccd_kernels load on device 'cuda:0' took 153.51 ms
Module pamo_safe_project.kernels.energy_kernels.lb_curvature_energy load on device 'cuda:0' took 5.62 ms
Module locality_gpu load on device 'cuda:0' took 1.28 ms
{"pamo_run_ms": 2920.5603478476405, "stage1": "original", "method": "full", "maintenance_ms": 5415.016859769821, "status": "pending_independent_audit"}
