Stage1 :  True
Stage3 :  True
Warp 1.0.0-beta.2 initialized:
   CUDA Toolkit: 12.8, Driver: 13.2
   Devices:
     "cpu"    | x86_64
     "cuda:0" | NVIDIA GeForce RTX 4090 (sm_89)
   Kernel cache: /root/.cache/warp/1.0.0-beta.2
Target faces : 5348
Time for Remeshing: 0.09058189392089844 sec
Time for Simplification: 0.37547826766967773 sec
Module pamo_safe_project.kernels.geometry_kernels load on device 'cuda:0' took 12.04 ms
Module pamo_safe_project.kernels.energy_kernels.elastic_energy load on device 'cuda:0' took 10.77 ms
Module pamo_safe_project.kernels.energy_kernels.hinge_energy load on device 'cuda:0' took 26.10 ms
Module pamo_safe_project.kernels.energy_kernels.contact_detection load on device 'cuda:0' took 15.86 ms
Module pamo_safe_project.kernels.energy_kernels.distance_energy load on device 'cuda:0' took 21.13 ms
Module pamo_safe_project.kernels.energy_kernels.collision_energy load on device 'cuda:0' took 69.72 ms
Module pamo_safe_project.kernels.utils_kernels load on device 'cuda:0' took 3.12 ms
Module pamo_safe_project.kernels.solver_kernels load on device 'cuda:0' took 2.57 ms
Module warp.utils load on device 'cuda:0' took 1.38 ms
Module pamo_safe_project.kernels.distance_kernels.grad_funcs load on device 'cuda:0' took 16.68 ms
Module pamo_safe_project.kernels.distance_kernels.hessian_funcs load on device 'cuda:0' took 72.19 ms
Module pamo_safe_project.kernels.distance_kernels.distance_kernels load on device 'cuda:0' took 102.49 ms
Module pamo_safe_project.kernels.distance_kernels.grad_funcs_struct load on device 'cuda:0' took 15.74 ms
Module pamo_safe_project.kernels.distance_kernels.distance_kernels_struct load on device 'cuda:0' took 17.30 ms
Module pamo_safe_project.kernels.ccd_kernels load on device 'cuda:0' took 21.33 ms
Module pamo_safe_project.kernels.energy_kernels.lb_curvature_energy load on device 'cuda:0' took 3.15 ms
Module locality_gpu load on device 'cuda:0' took 0.73 ms
{"pamo_run_ms": 1407.8254895284772, "stage1": "original", "method": "full", "maintenance_ms": 3005.939125083387, "status": "pending_independent_audit"}
