o-[Process     ] Max used threads = 4
o-[I/O         ] Loading file /tmp/geogram_native_quality_20261006_08/inputs/02_parent.obj...
o-[I/O         ] (FP64) nb_v:642 nb_e:0 nb_f:1280 nb_b:0 tri:1 dim:3
o-[I/O         ] Attributes on vertices: point[3]
o-[I/O         ] Loading file /tmp/geogram_native_quality_20261006_08/inputs/02_tool.obj...
o-[I/O         ] (FP64) nb_v:162 nb_e:0 nb_f:320 nb_b:0 tri:1 dim:3
o-[I/O         ] Attributes on vertices: point[3]
NATIVE_QUALITY_REGION {"group":1276,"boundary_attempt":false,"point_budget":64,"source_facets":15,"boundary_points":17,"new_points":1,"boundary_unchanged":true,"before_bad":14,"after_score_computed":true,"after_bad":10,"after_valid":true,"before_bad_area":0.174386,"after_bad_area":0.0927776,"selected":true}
NATIVE_QUALITY_REGION {"group":1277,"boundary_attempt":false,"point_budget":64,"source_facets":18,"boundary_points":20,"new_points":2,"boundary_unchanged":true,"before_bad":13,"after_score_computed":true,"after_bad":11,"after_valid":true,"before_bad_area":0.0898831,"after_bad_area":0.0315406,"selected":true}
NATIVE_QUALITY_REGION {"group":1278,"boundary_attempt":false,"point_budget":64,"source_facets":18,"boundary_points":20,"new_points":4,"boundary_unchanged":true,"before_bad":14,"after_score_computed":true,"after_bad":11,"after_valid":true,"before_bad_area":0.106283,"after_bad_area":0.0437788,"selected":true}
NATIVE_QUALITY_REGION {"group":1280,"boundary_attempt":false,"point_budget":64,"source_facets":3,"boundary_points":5,"new_points":0,"boundary_unchanged":true,"before_bad":1,"after_score_computed":true,"after_bad":1,"after_valid":true,"before_bad_area":7.41643e-05,"after_bad_area":7.41643e-05,"selected":false}
NATIVE_QUALITY_REGION {"group":1385,"boundary_attempt":false,"point_budget":64,"source_facets":2,"boundary_points":4,"new_points":0,"boundary_unchanged":true,"before_bad":1,"after_score_computed":true,"after_bad":1,"after_valid":true,"before_bad_area":0.000573353,"after_bad_area":0.000573353,"selected":false}
NATIVE_QUALITY_REGION {"group":1386,"boundary_attempt":false,"point_budget":64,"source_facets":2,"boundary_points":4,"new_points":0,"boundary_unchanged":true,"before_bad":1,"after_score_computed":true,"after_bad":1,"after_valid":true,"before_bad_area":0.000853333,"after_bad_area":0.000853333,"selected":false}
NATIVE_QUALITY_REGION {"group":1407,"boundary_attempt":false,"point_budget":64,"source_facets":2,"boundary_points":4,"new_points":0,"boundary_unchanged":true,"before_bad":1,"after_score_computed":true,"after_bad":1,"after_valid":true,"before_bad_area":0.00063781,"after_bad_area":0.00063781,"selected":false}
NATIVE_QUALITY_REGION {"group":1408,"boundary_attempt":false,"point_budget":64,"source_facets":3,"boundary_points":5,"new_points":1,"boundary_unchanged":true,"before_bad":1,"after_score_computed":true,"after_bad":1,"after_valid":true,"before_bad_area":2.53491e-05,"after_bad_area":2.05606e-05,"selected":true}
NATIVE_QUALITY_REGION {"group":1410,"boundary_attempt":false,"point_budget":64,"source_facets":2,"boundary_points":4,"new_points":0,"boundary_unchanged":true,"before_bad":2,"after_score_computed":true,"after_bad":2,"after_valid":true,"before_bad_area":0.00130489,"after_bad_area":0.00130489,"selected":false}
NATIVE_QUALITY_REGION {"group":1414,"boundary_attempt":false,"point_budget":64,"source_facets":2,"boundary_points":4,"new_points":0,"boundary_unchanged":true,"before_bad":1,"after_score_computed":true,"after_bad":1,"after_valid":true,"before_bad_area":0.000320001,"after_bad_area":0.000320001,"selected":false}
NATIVE_QUALITY_REGION {"group":1415,"boundary_attempt":false,"point_budget":64,"source_facets":2,"boundary_points":4,"new_points":0,"boundary_unchanged":true,"before_bad":1,"after_score_computed":true,"after_bad":1,"after_valid":true,"before_bad_area":0.0012433,"after_bad_area":0.0012433,"selected":false}
NATIVE_QUALITY_REGION {"group":1416,"boundary_attempt":false,"point_budget":64,"source_facets":3,"boundary_points":5,"new_points":0,"boundary_unchanged":true,"before_bad":2,"after_score_computed":true,"after_bad":2,"after_valid":true,"before_bad_area":0.000660125,"after_bad_area":0.000660125,"selected":false}
o-[QualityBoundary] shared_edges=0 before_bad=54 after_bad=45 before_area=0.376328 after_area=0.173868 accepted=1
NATIVE_RESULT {"load_ms":1.1735089999999999,"boolean_ms":39.970416999999998,"save_ms":3.11497,"faces":1514,"vertices":759,"simplify":true}
