Stage1 :  True
Stage3 :  True
Warp 1.0.0-beta.2 initialized:
   CUDA Toolkit: 12.8, Driver: 13.2
   Devices:
     "cpu"    | x86_64
     "cuda:0" | NVIDIA GeForce RTX 4080 SUPER (sm_89)
   Kernel cache: /root/.cache/warp/1.0.0-beta.2
Target faces : 1704
Time for Remeshing: 0.13875246047973633 sec
Time for Simplification: 0.6468820571899414 sec
Module pamo_safe_project.kernels.geometry_kernels load on device 'cuda:0' took 23.01 ms
Module pamo_safe_project.kernels.energy_kernels.elastic_energy load on device 'cuda:0' took 20.77 ms
Module pamo_safe_project.kernels.energy_kernels.hinge_energy load on device 'cuda:0' took 52.91 ms
Module pamo_safe_project.kernels.energy_kernels.contact_detection load on device 'cuda:0' took 32.88 ms
Module pamo_safe_project.kernels.energy_kernels.distance_energy load on device 'cuda:0' took 40.56 ms
Module pamo_safe_project.kernels.energy_kernels.collision_energy load on device 'cuda:0' took 136.42 ms
Module pamo_safe_project.kernels.utils_kernels load on device 'cuda:0' took 6.39 ms
Module pamo_safe_project.kernels.solver_kernels load on device 'cuda:0' took 4.58 ms
Module warp.utils load on device 'cuda:0' took 2.26 ms
Module pamo_safe_project.kernels.distance_kernels.grad_funcs load on device 'cuda:0' took 34.25 ms
Module pamo_safe_project.kernels.distance_kernels.hessian_funcs load on device 'cuda:0' took 149.62 ms
Module pamo_safe_project.kernels.distance_kernels.distance_kernels load on device 'cuda:0' took 213.07 ms
Module pamo_safe_project.kernels.distance_kernels.grad_funcs_struct load on device 'cuda:0' took 32.24 ms
Module pamo_safe_project.kernels.distance_kernels.distance_kernels_struct load on device 'cuda:0' took 37.37 ms
Module pamo_safe_project.kernels.ccd_kernels load on device 'cuda:0' took 44.18 ms
Module pamo_safe_project.kernels.energy_kernels.lb_curvature_energy load on device 'cuda:0' took 6.39 ms
Module locality_gpu load on device 'cuda:0' took 2.19 ms
{"pamo_run_ms": 2396.410365588963, "stage1": "original", "method": "full", "maintenance_ms": 5376.438604667783, "status": "pending_independent_audit"}
