Stage1 :  True
Stage3 :  True
{"original_config_sha256": "df1eb24db57394c32e31f6d67a58cd7ef6c25febc11aff39c5e9503ee82d6390", "max_blocks": 67108864}
Warp 1.0.0-beta.2 initialized:
   CUDA Toolkit: 12.8, Driver: 13.2
   Devices:
     "cpu"    | x86_64
     "cuda:0" | NVIDIA GeForce RTX 4080 SUPER (sm_89)
   Kernel cache: /root/.cache/warp/1.0.0-beta.2
Target faces : 4146
Time for Remeshing: 0.11545586585998535 sec
Time for Simplification: 2.230137586593628 sec
Module pamo_safe_project.kernels.geometry_kernels load on device 'cuda:0' took 27.33 ms
Module pamo_safe_project.kernels.energy_kernels.elastic_energy load on device 'cuda:0' took 166.00 ms
Module pamo_safe_project.kernels.energy_kernels.hinge_energy load on device 'cuda:0' took 52.41 ms
Module pamo_safe_project.kernels.energy_kernels.contact_detection load on device 'cuda:0' took 31.50 ms
Module pamo_safe_project.kernels.energy_kernels.distance_energy load on device 'cuda:0' took 41.76 ms
Module pamo_safe_project.kernels.energy_kernels.collision_energy load on device 'cuda:0' took 133.54 ms
Module pamo_safe_project.kernels.utils_kernels load on device 'cuda:0' took 5.61 ms
Module pamo_safe_project.kernels.solver_kernels load on device 'cuda:0' took 4.63 ms
Module warp.utils load on device 'cuda:0' took 4.50 ms
Module pamo_safe_project.kernels.distance_kernels.grad_funcs load on device 'cuda:0' took 32.96 ms
Module pamo_safe_project.kernels.distance_kernels.hessian_funcs load on device 'cuda:0' took 319.94 ms
Module pamo_safe_project.kernels.distance_kernels.distance_kernels load on device 'cuda:0' took 196.69 ms
Module pamo_safe_project.kernels.distance_kernels.grad_funcs_struct load on device 'cuda:0' took 30.12 ms
Module pamo_safe_project.kernels.distance_kernels.distance_kernels_struct load on device 'cuda:0' took 32.93 ms
Module pamo_safe_project.kernels.ccd_kernels load on device 'cuda:0' took 39.32 ms
Module pamo_safe_project.kernels.energy_kernels.lb_curvature_energy load on device 'cuda:0' took 5.39 ms
Module locality_gpu load on device 'cuda:0' took 1.21 ms
{"pamo_run_ms": 4281.288963742554, "stage1": "original", "method": "full", "maintenance_ms": 4569.94946859777, "status": "pending_independent_audit"}
