Stage1 :  True
Stage3 :  True
{"original_config_sha256": "df1eb24db57394c32e31f6d67a58cd7ef6c25febc11aff39c5e9503ee82d6390", "max_blocks": 67108864}
Warp 1.0.0-beta.2 initialized:
   CUDA Toolkit: 12.8, Driver: 13.2
   Devices:
     "cpu"    | x86_64
     "cuda:0" | NVIDIA GeForce RTX 4080 SUPER (sm_89)
   Kernel cache: /root/.cache/warp/1.0.0-beta.2
Target faces : 4204
Time for Remeshing: 0.7524096965789795 sec
Time for Simplification: 5.380781888961792 sec
Module pamo_safe_project.kernels.geometry_kernels load on device 'cuda:0' took 18.68 ms
Module pamo_safe_project.kernels.energy_kernels.elastic_energy load on device 'cuda:0' took 17.20 ms
Module pamo_safe_project.kernels.energy_kernels.hinge_energy load on device 'cuda:0' took 41.21 ms
Module pamo_safe_project.kernels.energy_kernels.contact_detection load on device 'cuda:0' took 24.36 ms
Module pamo_safe_project.kernels.energy_kernels.distance_energy load on device 'cuda:0' took 33.63 ms
Module pamo_safe_project.kernels.energy_kernels.collision_energy load on device 'cuda:0' took 110.75 ms
Module pamo_safe_project.kernels.utils_kernels load on device 'cuda:0' took 5.13 ms
Module pamo_safe_project.kernels.solver_kernels load on device 'cuda:0' took 3.91 ms
Module warp.utils load on device 'cuda:0' took 1.89 ms
Module pamo_safe_project.kernels.distance_kernels.grad_funcs load on device 'cuda:0' took 26.72 ms
Module pamo_safe_project.kernels.distance_kernels.hessian_funcs load on device 'cuda:0' took 115.33 ms
Module pamo_safe_project.kernels.distance_kernels.distance_kernels load on device 'cuda:0' took 163.43 ms
Module pamo_safe_project.kernels.distance_kernels.grad_funcs_struct load on device 'cuda:0' took 25.30 ms
Module pamo_safe_project.kernels.distance_kernels.distance_kernels_struct load on device 'cuda:0' took 27.71 ms
Module pamo_safe_project.kernels.ccd_kernels load on device 'cuda:0' took 31.87 ms
Module pamo_safe_project.kernels.energy_kernels.lb_curvature_energy load on device 'cuda:0' took 4.46 ms
Module locality_gpu load on device 'cuda:0' took 0.99 ms
{"pamo_run_ms": 7600.757262669504, "stage1": "original", "method": "full", "maintenance_ms": 7943.5768984258175, "status": "pending_independent_audit"}
