Warp 1.0.0-beta.2 initialized:
   CUDA Toolkit: 12.8, Driver: 13.2
   Devices:
     "cpu"    | x86_64
     "cuda:0" | NVIDIA GeForce RTX 4080 SUPER (sm_89)
   Kernel cache: /root/.cache/warp/1.0.0-beta.2
[33;20mWARNING - Triangle area is too small (min_area=7.175109185501301e-16), may cause numerical instability (system.py:213)[0m
Module pamo_safe_project.kernels.geometry_kernels load on device 'cuda:0' took 27.36 ms
Module pamo_safe_project.kernels.energy_kernels.elastic_energy load on device 'cuda:0' took 21.52 ms
Module pamo_safe_project.kernels.energy_kernels.hinge_energy load on device 'cuda:0' took 51.76 ms
Module pamo_safe_project.kernels.energy_kernels.precision_contact_detection load on device 'cuda:0' took 29.12 ms
Module pamo_safe_project.kernels.energy_kernels.distance_energy load on device 'cuda:0' took 40.68 ms
Module pamo_safe_project.kernels.energy_kernels.preserved_collision_energy load on device 'cuda:0' took 142.15 ms
Module pamo_safe_project.kernels.utils_kernels load on device 'cuda:0' took 6.48 ms
Module tangent_plane_gpu load on device 'cuda:0' took 2.46 ms
Module locality_gpu load on device 'cuda:0' took 1.45 ms
Module pamo_safe_project.kernels.solver_kernels load on device 'cuda:0' took 6.41 ms
Module warp.utils load on device 'cuda:0' took 2.83 ms
Module pamo_safe_project.kernels.distance_kernels.grad_funcs load on device 'cuda:0' took 32.71 ms
Module pamo_safe_project.kernels.distance_kernels.hessian_funcs load on device 'cuda:0' took 159.38 ms
Module pamo_safe_project.kernels.distance_kernels.distance_kernels load on device 'cuda:0' took 202.12 ms
Module pamo_safe_project.kernels.distance_kernels.grad_funcs_struct load on device 'cuda:0' took 31.30 ms
Module pamo_safe_project.kernels.distance_kernels.distance_kernels_struct load on device 'cuda:0' took 34.51 ms
Module pamo_safe_project.kernels.energy_kernels.collision_energy load on device 'cuda:0' took 140.45 ms
Module pamo_safe_project.kernels.ccd_kernels load on device 'cuda:0' took 40.43 ms
Module pamo_safe_project.kernels.energy_kernels.lb_curvature_energy load on device 'cuda:0' took 5.65 ms
Module pamo_safe_project.kernels.energy_kernels.contact_detection load on device 'cuda:0' took 30.90 ms
Module tangent_preserved_gpu load on device 'cuda:0' took 2.28 ms
Module robust_pt_gpu load on device 'cuda:0' took 8.20 ms
Module pamo_safe_project.kernels.energy_kernels.precision_collision_energy load on device 'cuda:0' took 136.54 ms
Module pamo_safe_project.kernels.precision_ccd_kernels load on device 'cuda:0' took 39.01 ms
Module robust_pt_gradient_gpu load on device 'cuda:0' took 8.17 ms
Module pamo_safe_project.kernels.energy_kernels.precision_gradient_collision_energy load on device 'cuda:0' took 118.77 ms
Module fixed_geometry_gpu load on device 'cuda:0' took 9.17 ms
Module pamo_safe_project.kernels.preserved_ccd load on device 'cuda:0' took 47.52 ms
