Stage1 :  True
Stage3 :  True
{"original_config_sha256": "df1eb24db57394c32e31f6d67a58cd7ef6c25febc11aff39c5e9503ee82d6390", "max_blocks": 67108864}
Warp 1.0.0-beta.2 initialized:
   CUDA Toolkit: 12.8, Driver: 13.2
   Devices:
     "cpu"    | x86_64
     "cuda:0" | NVIDIA GeForce RTX 4080 SUPER (sm_89)
   Kernel cache: /root/.cache/warp/1.0.0-beta.2
Target faces : 4146
Time for Remeshing: 0.6618452072143555 sec
Time for Simplification: 4.993847846984863 sec
Module pamo_safe_project.kernels.geometry_kernels load on device 'cuda:0' took 18.49 ms
Module pamo_safe_project.kernels.energy_kernels.elastic_energy load on device 'cuda:0' took 17.49 ms
Module pamo_safe_project.kernels.energy_kernels.hinge_energy load on device 'cuda:0' took 42.81 ms
Module pamo_safe_project.kernels.energy_kernels.contact_detection load on device 'cuda:0' took 23.85 ms
Module pamo_safe_project.kernels.energy_kernels.distance_energy load on device 'cuda:0' took 32.63 ms
Module pamo_safe_project.kernels.energy_kernels.collision_energy load on device 'cuda:0' took 106.27 ms
Module pamo_safe_project.kernels.utils_kernels load on device 'cuda:0' took 4.69 ms
Module pamo_safe_project.kernels.solver_kernels load on device 'cuda:0' took 3.72 ms
Module warp.utils load on device 'cuda:0' took 1.87 ms
Module pamo_safe_project.kernels.distance_kernels.grad_funcs load on device 'cuda:0' took 26.08 ms
Module pamo_safe_project.kernels.distance_kernels.hessian_funcs load on device 'cuda:0' took 112.53 ms
Module pamo_safe_project.kernels.distance_kernels.distance_kernels load on device 'cuda:0' took 160.54 ms
Module pamo_safe_project.kernels.distance_kernels.grad_funcs_struct load on device 'cuda:0' took 24.66 ms
Module pamo_safe_project.kernels.distance_kernels.distance_kernels_struct load on device 'cuda:0' took 27.26 ms
Module pamo_safe_project.kernels.ccd_kernels load on device 'cuda:0' took 33.32 ms
Module pamo_safe_project.kernels.energy_kernels.lb_curvature_energy load on device 'cuda:0' took 4.44 ms
Module locality_gpu load on device 'cuda:0' took 1.00 ms
{"pamo_run_ms": 7099.3453077971935, "stage1": "original", "method": "full", "maintenance_ms": 7400.466030463576, "status": "pending_independent_audit"}
