Stage1 :  True
Stage3 :  True
Warp 1.0.0-beta.2 initialized:
   CUDA Toolkit: 12.8, Driver: 13.2
   Devices:
     "cpu"    | x86_64
     "cuda:0" | NVIDIA GeForce RTX 4080 SUPER (sm_89)
   Kernel cache: /root/.cache/warp/1.0.0-beta.2
Target faces : 1220
Time for Remeshing: 0.17415571212768555 sec
Time for Simplification: 2.6481196880340576 sec
Module pamo_safe_project.kernels.geometry_kernels load on device 'cuda:0' took 24.09 ms
Module pamo_safe_project.kernels.energy_kernels.elastic_energy load on device 'cuda:0' took 25.70 ms
Module pamo_safe_project.kernels.energy_kernels.hinge_energy load on device 'cuda:0' took 55.14 ms
Module pamo_safe_project.kernels.energy_kernels.contact_detection load on device 'cuda:0' took 29.47 ms
Module pamo_safe_project.kernels.energy_kernels.distance_energy load on device 'cuda:0' took 44.15 ms
Module pamo_safe_project.kernels.energy_kernels.collision_energy load on device 'cuda:0' took 137.04 ms
Module pamo_safe_project.kernels.utils_kernels load on device 'cuda:0' took 6.60 ms
Module pamo_safe_project.kernels.solver_kernels load on device 'cuda:0' took 6.60 ms
Module warp.utils load on device 'cuda:0' took 4.29 ms
Module pamo_safe_project.kernels.distance_kernels.grad_funcs load on device 'cuda:0' took 37.89 ms
Module pamo_safe_project.kernels.distance_kernels.hessian_funcs load on device 'cuda:0' took 149.51 ms
Module pamo_safe_project.kernels.distance_kernels.distance_kernels load on device 'cuda:0' took 213.84 ms
Module pamo_safe_project.kernels.distance_kernels.grad_funcs_struct load on device 'cuda:0' took 33.72 ms
Module pamo_safe_project.kernels.distance_kernels.distance_kernels_struct load on device 'cuda:0' took 35.77 ms
Module pamo_safe_project.kernels.ccd_kernels load on device 'cuda:0' took 47.07 ms
Module pamo_safe_project.kernels.energy_kernels.lb_curvature_energy load on device 'cuda:0' took 7.63 ms
Module locality_gpu load on device 'cuda:0' took 2.18 ms
{"pamo_run_ms": 4713.2972413674, "stage1": "original", "method": "full", "maintenance_ms": 7229.07098941505, "status": "pending_independent_audit"}
