Stage1 :  True
Stage3 :  True
Warp 1.0.0-beta.2 initialized:
   CUDA Toolkit: 12.8, Driver: 13.2
   Devices:
     "cpu"    | x86_64
     "cuda:0" | NVIDIA GeForce RTX 4080 SUPER (sm_89)
   Kernel cache: /root/.cache/warp/1.0.0-beta.2
Target faces : 660
Time for Remeshing: 0.10333728790283203 sec
Time for Simplification: 0.2181077003479004 sec
Module pamo_safe_project.kernels.geometry_kernels load on device 'cuda:0' took 22.46 ms
Module pamo_safe_project.kernels.energy_kernels.elastic_energy load on device 'cuda:0' took 20.87 ms
Module pamo_safe_project.kernels.energy_kernels.hinge_energy load on device 'cuda:0' took 51.91 ms
Module pamo_safe_project.kernels.energy_kernels.contact_detection load on device 'cuda:0' took 29.82 ms
Module pamo_safe_project.kernels.energy_kernels.distance_energy load on device 'cuda:0' took 40.31 ms
Module pamo_safe_project.kernels.energy_kernels.collision_energy load on device 'cuda:0' took 135.61 ms
Module pamo_safe_project.kernels.utils_kernels load on device 'cuda:0' took 5.83 ms
Module pamo_safe_project.kernels.solver_kernels load on device 'cuda:0' took 4.72 ms
Module warp.utils load on device 'cuda:0' took 2.35 ms
Module pamo_safe_project.kernels.distance_kernels.grad_funcs load on device 'cuda:0' took 33.30 ms
Module pamo_safe_project.kernels.distance_kernels.hessian_funcs load on device 'cuda:0' took 144.98 ms
Module pamo_safe_project.kernels.distance_kernels.distance_kernels load on device 'cuda:0' took 205.07 ms
Module pamo_safe_project.kernels.distance_kernels.grad_funcs_struct load on device 'cuda:0' took 31.55 ms
Module pamo_safe_project.kernels.distance_kernels.distance_kernels_struct load on device 'cuda:0' took 34.35 ms
Module pamo_safe_project.kernels.ccd_kernels load on device 'cuda:0' took 41.02 ms
Module pamo_safe_project.kernels.energy_kernels.lb_curvature_energy load on device 'cuda:0' took 5.84 ms
Module locality_gpu load on device 'cuda:0' took 1.30 ms
