Stage1 :  True
Stage3 :  True
Warp 1.0.0-beta.2 initialized:
   CUDA Toolkit: 12.8, Driver: 13.2
   Devices:
     "cpu"    | x86_64
     "cuda:0" | NVIDIA GeForce RTX 4080 SUPER (sm_89)
   Kernel cache: /root/.cache/warp/1.0.0-beta.2
Target faces : 1720
Time for Remeshing: 0.07548379898071289 sec
Time for Simplification: 0.30006885528564453 sec
Module pamo_safe_project.kernels.geometry_kernels load on device 'cuda:0' took 18.00 ms
Module pamo_safe_project.kernels.energy_kernels.elastic_energy load on device 'cuda:0' took 15.32 ms
Module pamo_safe_project.kernels.energy_kernels.hinge_energy load on device 'cuda:0' took 41.00 ms
Module pamo_safe_project.kernels.energy_kernels.contact_detection load on device 'cuda:0' took 21.99 ms
Module pamo_safe_project.kernels.energy_kernels.distance_energy load on device 'cuda:0' took 31.01 ms
Module pamo_safe_project.kernels.energy_kernels.collision_energy load on device 'cuda:0' took 106.08 ms
Module pamo_safe_project.kernels.utils_kernels load on device 'cuda:0' took 4.72 ms
Module pamo_safe_project.kernels.solver_kernels load on device 'cuda:0' took 3.86 ms
Module warp.utils load on device 'cuda:0' took 1.91 ms
Module pamo_safe_project.kernels.distance_kernels.grad_funcs load on device 'cuda:0' took 27.18 ms
Module pamo_safe_project.kernels.distance_kernels.hessian_funcs load on device 'cuda:0' took 100.95 ms
Module pamo_safe_project.kernels.distance_kernels.distance_kernels load on device 'cuda:0' took 134.88 ms
Module pamo_safe_project.kernels.distance_kernels.grad_funcs_struct load on device 'cuda:0' took 21.12 ms
Module pamo_safe_project.kernels.distance_kernels.distance_kernels_struct load on device 'cuda:0' took 24.47 ms
Module pamo_safe_project.kernels.ccd_kernels load on device 'cuda:0' took 30.52 ms
Module pamo_safe_project.kernels.energy_kernels.lb_curvature_energy load on device 'cuda:0' took 4.61 ms
Module locality_gpu load on device 'cuda:0' took 0.97 ms
