Stage1 :  True
Stage3 :  True
Warp 1.0.0-beta.2 initialized:
   CUDA Toolkit: 12.8, Driver: 13.2
   Devices:
     "cpu"    | x86_64
     "cuda:0" | NVIDIA GeForce RTX 4080 SUPER (sm_89)
   Kernel cache: /root/.cache/warp/1.0.0-beta.2
Target faces : 3670
Time for Remeshing: 0.12395310401916504 sec
Time for Simplification: 0.3003871440887451 sec
Module pamo_safe_project.kernels.geometry_kernels load on device 'cuda:0' took 23.38 ms
Module pamo_safe_project.kernels.energy_kernels.elastic_energy load on device 'cuda:0' took 21.17 ms
Module pamo_safe_project.kernels.energy_kernels.hinge_energy load on device 'cuda:0' took 52.20 ms
Module pamo_safe_project.kernels.energy_kernels.contact_detection load on device 'cuda:0' took 30.71 ms
Module pamo_safe_project.kernels.energy_kernels.distance_energy load on device 'cuda:0' took 40.85 ms
Module pamo_safe_project.kernels.energy_kernels.collision_energy load on device 'cuda:0' took 135.48 ms
Module pamo_safe_project.kernels.utils_kernels load on device 'cuda:0' took 6.01 ms
Module pamo_safe_project.kernels.solver_kernels load on device 'cuda:0' took 4.91 ms
Module warp.utils load on device 'cuda:0' took 2.48 ms
Module pamo_safe_project.kernels.distance_kernels.grad_funcs load on device 'cuda:0' took 33.17 ms
Module pamo_safe_project.kernels.distance_kernels.hessian_funcs load on device 'cuda:0' took 143.08 ms
Module pamo_safe_project.kernels.distance_kernels.distance_kernels load on device 'cuda:0' took 187.79 ms
Module pamo_safe_project.kernels.distance_kernels.grad_funcs_struct load on device 'cuda:0' took 24.48 ms
Module pamo_safe_project.kernels.distance_kernels.distance_kernels_struct load on device 'cuda:0' took 26.70 ms
Module pamo_safe_project.kernels.ccd_kernels load on device 'cuda:0' took 31.21 ms
Module pamo_safe_project.kernels.energy_kernels.lb_curvature_energy load on device 'cuda:0' took 4.49 ms
Module locality_gpu load on device 'cuda:0' took 0.95 ms
{"pamo_run_ms": 2104.164432734251, "stage1": "original", "method": "full", "maintenance_ms": 4746.023861691356, "status": "pending_independent_audit"}
