Stage1 :  True
Stage3 :  True
Warp 1.0.0-beta.2 initialized:
   CUDA Toolkit: 12.8, Driver: 13.2
   Devices:
     "cpu"    | x86_64
     "cuda:0" | NVIDIA GeForce RTX 4080 SUPER (sm_89)
   Kernel cache: /root/.cache/warp/1.0.0-beta.2
Target faces : 1070
Time for Remeshing: 0.07843399047851562 sec
Time for Simplification: 0.5022132396697998 sec
Module pamo_safe_project.kernels.geometry_kernels load on device 'cuda:0' took 21.17 ms
Module pamo_safe_project.kernels.energy_kernels.elastic_energy load on device 'cuda:0' took 19.43 ms
Module pamo_safe_project.kernels.energy_kernels.hinge_energy load on device 'cuda:0' took 56.39 ms
Module pamo_safe_project.kernels.energy_kernels.contact_detection load on device 'cuda:0' took 27.72 ms
Module pamo_safe_project.kernels.energy_kernels.distance_energy load on device 'cuda:0' took 43.83 ms
Module pamo_safe_project.kernels.energy_kernels.collision_energy load on device 'cuda:0' took 133.04 ms
Module pamo_safe_project.kernels.utils_kernels load on device 'cuda:0' took 6.00 ms
Module pamo_safe_project.kernels.solver_kernels load on device 'cuda:0' took 6.49 ms
Module warp.utils load on device 'cuda:0' took 3.07 ms
Module pamo_safe_project.kernels.distance_kernels.grad_funcs load on device 'cuda:0' took 33.33 ms
Module pamo_safe_project.kernels.distance_kernels.hessian_funcs load on device 'cuda:0' took 148.77 ms
Module pamo_safe_project.kernels.distance_kernels.distance_kernels load on device 'cuda:0' took 196.41 ms
Module pamo_safe_project.kernels.distance_kernels.grad_funcs_struct load on device 'cuda:0' took 28.78 ms
Module pamo_safe_project.kernels.distance_kernels.distance_kernels_struct load on device 'cuda:0' took 31.54 ms
Module pamo_safe_project.kernels.ccd_kernels load on device 'cuda:0' took 37.02 ms
Module pamo_safe_project.kernels.energy_kernels.lb_curvature_energy load on device 'cuda:0' took 5.21 ms
