Stage1 :  True
Stage3 :  True
Warp 1.0.0-beta.2 initialized:
   CUDA Toolkit: 12.8, Driver: 13.2
   Devices:
     "cpu"    | x86_64
     "cuda:0" | NVIDIA GeForce RTX 4080 SUPER (sm_89)
   Kernel cache: /root/.cache/warp/1.0.0-beta.2
Target faces : 1454
Time for Remeshing: 0.07886838912963867 sec
Time for Simplification: 0.47115468978881836 sec
Module pamo_safe_project.kernels.geometry_kernels load on device 'cuda:0' took 21.19 ms
Module pamo_safe_project.kernels.energy_kernels.elastic_energy load on device 'cuda:0' took 19.65 ms
Module pamo_safe_project.kernels.energy_kernels.hinge_energy load on device 'cuda:0' took 48.27 ms
Module pamo_safe_project.kernels.energy_kernels.contact_detection load on device 'cuda:0' took 27.95 ms
Module pamo_safe_project.kernels.energy_kernels.distance_energy load on device 'cuda:0' took 37.63 ms
Module pamo_safe_project.kernels.energy_kernels.collision_energy load on device 'cuda:0' took 124.49 ms
Module pamo_safe_project.kernels.utils_kernels load on device 'cuda:0' took 5.35 ms
Module pamo_safe_project.kernels.solver_kernels load on device 'cuda:0' took 4.35 ms
Module warp.utils load on device 'cuda:0' took 3.93 ms
Module pamo_safe_project.kernels.distance_kernels.grad_funcs load on device 'cuda:0' took 23.73 ms
Module pamo_safe_project.kernels.distance_kernels.hessian_funcs load on device 'cuda:0' took 87.23 ms
Module pamo_safe_project.kernels.distance_kernels.distance_kernels load on device 'cuda:0' took 121.73 ms
Module pamo_safe_project.kernels.distance_kernels.grad_funcs_struct load on device 'cuda:0' took 21.51 ms
Module pamo_safe_project.kernels.distance_kernels.distance_kernels_struct load on device 'cuda:0' took 22.88 ms
Module pamo_safe_project.kernels.ccd_kernels load on device 'cuda:0' took 24.61 ms
Module pamo_safe_project.kernels.energy_kernels.lb_curvature_energy load on device 'cuda:0' took 3.17 ms
