Stage1 :  True
Stage3 :  True
Warp 1.0.0-beta.2 initialized:
   CUDA Toolkit: 12.8, Driver: 13.2
   Devices:
     "cpu"    | x86_64
     "cuda:0" | NVIDIA GeForce RTX 4080 SUPER (sm_89)
   Kernel cache: /root/.cache/warp/1.0.0-beta.2
Target faces : 1454
Time for Remeshing: 0.07914495468139648 sec
Time for Simplification: 0.4593925476074219 sec
Module pamo_safe_project.kernels.geometry_kernels load on device 'cuda:0' took 21.55 ms
Module pamo_safe_project.kernels.energy_kernels.elastic_energy load on device 'cuda:0' took 19.62 ms
Module pamo_safe_project.kernels.energy_kernels.hinge_energy load on device 'cuda:0' took 48.58 ms
Module pamo_safe_project.kernels.energy_kernels.contact_detection load on device 'cuda:0' took 28.06 ms
Module pamo_safe_project.kernels.energy_kernels.distance_energy load on device 'cuda:0' took 37.97 ms
Module pamo_safe_project.kernels.energy_kernels.collision_energy load on device 'cuda:0' took 126.20 ms
Module pamo_safe_project.kernels.utils_kernels load on device 'cuda:0' took 5.54 ms
Module pamo_safe_project.kernels.solver_kernels load on device 'cuda:0' took 4.39 ms
Module warp.utils load on device 'cuda:0' took 2.22 ms
Module pamo_safe_project.kernels.distance_kernels.grad_funcs load on device 'cuda:0' took 32.99 ms
Module pamo_safe_project.kernels.distance_kernels.hessian_funcs load on device 'cuda:0' took 137.83 ms
Module pamo_safe_project.kernels.distance_kernels.distance_kernels load on device 'cuda:0' took 189.00 ms
Module pamo_safe_project.kernels.distance_kernels.grad_funcs_struct load on device 'cuda:0' took 29.07 ms
Module pamo_safe_project.kernels.distance_kernels.distance_kernels_struct load on device 'cuda:0' took 31.77 ms
Module pamo_safe_project.kernels.ccd_kernels load on device 'cuda:0' took 37.46 ms
Module pamo_safe_project.kernels.energy_kernels.lb_curvature_energy load on device 'cuda:0' took 5.36 ms
