Warp 1.0.0-beta.2 initialized:
   CUDA Toolkit: 12.8, Driver: 13.2
   Devices:
     "cpu"    | x86_64
     "cuda:0" | NVIDIA GeForce RTX 4080 SUPER (sm_89)
   Kernel cache: /root/.cache/warp/1.0.0-beta.2
[33;20mWARNING - Triangle area is too small (min_area=5.137541435806012e-10), may cause numerical instability (system.py:213)[0m
Module pamo_safe_project.kernels.geometry_kernels load on device 'cuda:0' took 27.86 ms
Module pamo_safe_project.kernels.energy_kernels.elastic_energy load on device 'cuda:0' took 21.44 ms
Module pamo_safe_project.kernels.energy_kernels.hinge_energy load on device 'cuda:0' took 52.87 ms
Module pamo_safe_project.kernels.energy_kernels.precision_contact_detection load on device 'cuda:0' took 29.74 ms
Module pamo_safe_project.kernels.energy_kernels.distance_energy load on device 'cuda:0' took 39.72 ms
Module pamo_safe_project.kernels.energy_kernels.preserved_collision_energy load on device 'cuda:0' took 123.01 ms
Module pamo_safe_project.kernels.utils_kernels load on device 'cuda:0' took 6.35 ms
Module tangent_plane_gpu load on device 'cuda:0' took 2.25 ms
Module locality_gpu load on device 'cuda:0' took 2.12 ms
Module pamo_safe_project.kernels.solver_kernels load on device 'cuda:0' took 6.52 ms
Module warp.utils load on device 'cuda:0' took 4.29 ms
Module pamo_safe_project.kernels.distance_kernels.grad_funcs load on device 'cuda:0' took 33.70 ms
Module pamo_safe_project.kernels.distance_kernels.hessian_funcs load on device 'cuda:0' took 139.86 ms
Module pamo_safe_project.kernels.distance_kernels.distance_kernels load on device 'cuda:0' took 197.37 ms
Module pamo_safe_project.kernels.distance_kernels.grad_funcs_struct load on device 'cuda:0' took 31.57 ms
Module pamo_safe_project.kernels.distance_kernels.distance_kernels_struct load on device 'cuda:0' took 33.47 ms
Module pamo_safe_project.kernels.energy_kernels.collision_energy load on device 'cuda:0' took 133.22 ms
Module pamo_safe_project.kernels.ccd_kernels load on device 'cuda:0' took 42.07 ms
Module pamo_safe_project.kernels.energy_kernels.lb_curvature_energy load on device 'cuda:0' took 6.39 ms
Module pamo_safe_project.kernels.energy_kernels.contact_detection load on device 'cuda:0' took 29.62 ms
Module tangent_preserved_gpu load on device 'cuda:0' took 4.29 ms
Module robust_pt_gpu load on device 'cuda:0' took 8.50 ms
Module pamo_safe_project.kernels.energy_kernels.precision_collision_energy load on device 'cuda:0' took 131.60 ms
Module pamo_safe_project.kernels.precision_ccd_kernels load on device 'cuda:0' took 40.13 ms
Module robust_pt_gradient_gpu load on device 'cuda:0' took 8.73 ms
Module pamo_safe_project.kernels.energy_kernels.precision_gradient_collision_energy load on device 'cuda:0' took 114.23 ms
Module fixed_geometry_gpu load on device 'cuda:0' took 10.35 ms
Module pamo_safe_project.kernels.preserved_ccd load on device 'cuda:0' took 46.84 ms
