Warp 1.0.0-beta.2 initialized:
   CUDA Toolkit: 12.8, Driver: 13.2
   Devices:
     "cpu"    | x86_64
     "cuda:0" | NVIDIA GeForce RTX 4080 SUPER (sm_89)
   Kernel cache: /root/.cache/warp/1.0.0-beta.2
[33;20mWARNING - Triangle area is too small (min_area=1.5644962276519319e-10), may cause numerical instability (system.py:213)[0m
Module pamo_safe_project.kernels.geometry_kernels load on device 'cuda:0' took 25.82 ms
Module pamo_safe_project.kernels.energy_kernels.elastic_energy load on device 'cuda:0' took 20.43 ms
Module pamo_safe_project.kernels.energy_kernels.hinge_energy load on device 'cuda:0' took 50.45 ms
Module pamo_safe_project.kernels.energy_kernels.precision_contact_detection load on device 'cuda:0' took 27.98 ms
Module pamo_safe_project.kernels.energy_kernels.distance_energy load on device 'cuda:0' took 39.43 ms
Module pamo_safe_project.kernels.energy_kernels.preserved_collision_energy load on device 'cuda:0' took 120.03 ms
Module pamo_safe_project.kernels.utils_kernels load on device 'cuda:0' took 5.93 ms
Module tangent_plane_gpu load on device 'cuda:0' took 2.15 ms
Module locality_gpu load on device 'cuda:0' took 1.23 ms
Module pamo_safe_project.kernels.solver_kernels load on device 'cuda:0' took 4.99 ms
Module warp.utils load on device 'cuda:0' took 2.40 ms
Module pamo_safe_project.kernels.distance_kernels.grad_funcs load on device 'cuda:0' took 27.23 ms
Module pamo_safe_project.kernels.distance_kernels.hessian_funcs load on device 'cuda:0' took 92.70 ms
Module pamo_safe_project.kernels.distance_kernels.distance_kernels load on device 'cuda:0' took 139.63 ms
Module pamo_safe_project.kernels.distance_kernels.grad_funcs_struct load on device 'cuda:0' took 23.34 ms
Module pamo_safe_project.kernels.distance_kernels.distance_kernels_struct load on device 'cuda:0' took 23.08 ms
Module pamo_safe_project.kernels.energy_kernels.collision_energy load on device 'cuda:0' took 94.82 ms
Module pamo_safe_project.kernels.ccd_kernels load on device 'cuda:0' took 30.40 ms
Module pamo_safe_project.kernels.energy_kernels.lb_curvature_energy load on device 'cuda:0' took 3.71 ms
Module pamo_safe_project.kernels.energy_kernels.contact_detection load on device 'cuda:0' took 20.16 ms
Module tangent_preserved_gpu load on device 'cuda:0' took 1.54 ms
Module robust_pt_gpu load on device 'cuda:0' took 5.43 ms
Module pamo_safe_project.kernels.energy_kernels.precision_collision_energy load on device 'cuda:0' took 94.05 ms
Module pamo_safe_project.kernels.precision_ccd_kernels load on device 'cuda:0' took 29.54 ms
Module robust_pt_gradient_gpu load on device 'cuda:0' took 6.04 ms
Module pamo_safe_project.kernels.energy_kernels.precision_gradient_collision_energy load on device 'cuda:0' took 89.36 ms
Module fixed_geometry_gpu load on device 'cuda:0' took 7.21 ms
Module pamo_safe_project.kernels.preserved_ccd load on device 'cuda:0' took 37.96 ms
