# of input verts : 711
# of input faces : 1418
Stage1 :  True
Stage3 :  True
Warp 1.0.0-beta.2 initialized:
   CUDA Toolkit: 12.8, Driver: 13.2
   Devices:
     "cpu"    | x86_64
     "cuda:0" | NVIDIA GeForce RTX 4090 (sm_89)
   Kernel cache: /root/.cache/warp/1.0.0-beta.2
Target faces : 1418
Time for Remeshing: 0.06794357299804688 sec
Time for Simplification: 0.40882349014282227 sec
Module pamo_safe_project.kernels.geometry_kernels load on device 'cuda:0' took 87.29 ms
Module pamo_safe_project.kernels.energy_kernels.elastic_energy load on device 'cuda:0' took 10.84 ms
Module pamo_safe_project.kernels.energy_kernels.hinge_energy load on device 'cuda:0' took 26.42 ms
Module pamo_safe_project.kernels.energy_kernels.contact_detection load on device 'cuda:0' took 16.00 ms
Module pamo_safe_project.kernels.energy_kernels.distance_energy load on device 'cuda:0' took 21.06 ms
Module pamo_safe_project.kernels.energy_kernels.collision_energy load on device 'cuda:0' took 70.78 ms
Module pamo_safe_project.kernels.utils_kernels load on device 'cuda:0' took 3.14 ms
Module pamo_safe_project.kernels.solver_kernels load on device 'cuda:0' took 2.57 ms
Module warp.utils load on device 'cuda:0' took 1.39 ms
Module pamo_safe_project.kernels.distance_kernels.grad_funcs load on device 'cuda:0' took 17.02 ms
Module pamo_safe_project.kernels.distance_kernels.hessian_funcs load on device 'cuda:0' took 72.97 ms
Module pamo_safe_project.kernels.distance_kernels.distance_kernels load on device 'cuda:0' took 103.65 ms
Module pamo_safe_project.kernels.distance_kernels.grad_funcs_struct load on device 'cuda:0' took 15.97 ms
Module pamo_safe_project.kernels.distance_kernels.distance_kernels_struct load on device 'cuda:0' took 17.53 ms
Module pamo_safe_project.kernels.ccd_kernels load on device 'cuda:0' took 22.75 ms
Module pamo_safe_project.kernels.energy_kernels.lb_curvature_energy load on device 'cuda:0' took 3.16 ms
Total time:  1.450171947479248
# of output verts : 703
# of output faces : 1402
