Warp 1.0.0-beta.2 initialized:
   CUDA Toolkit: 12.8, Driver: 13.2
   Devices:
     "cpu"    | x86_64
     "cuda:0" | NVIDIA GeForce RTX 4080 SUPER (sm_89)
   Kernel cache: /root/.cache/warp/1.0.0-beta.2
[33;20mWARNING - Triangle area is too small (min_area=2.2444918493993285e-15), may cause numerical instability (system.py:213)[0m
Module pamo_safe_project.kernels.geometry_kernels load on device 'cuda:0' took 29.57 ms
Module pamo_safe_project.kernels.energy_kernels.elastic_energy load on device 'cuda:0' took 24.57 ms
Module pamo_safe_project.kernels.energy_kernels.hinge_energy load on device 'cuda:0' took 170.78 ms
Module pamo_safe_project.kernels.energy_kernels.precision_contact_detection load on device 'cuda:0' took 222.16 ms
Module pamo_safe_project.kernels.energy_kernels.distance_energy load on device 'cuda:0' took 582.73 ms
Module pamo_safe_project.kernels.energy_kernels.precision_gradient_collision_energy load on device 'cuda:0' took 138.16 ms
Module pamo_safe_project.kernels.utils_kernels load on device 'cuda:0' took 6.59 ms
Module tangent_plane_gpu load on device 'cuda:0' took 2.10 ms
Module locality_gpu load on device 'cuda:0' took 1.16 ms
Module pamo_safe_project.kernels.solver_kernels load on device 'cuda:0' took 5.92 ms
Module warp.utils load on device 'cuda:0' took 2.46 ms
Module pamo_safe_project.kernels.distance_kernels.grad_funcs load on device 'cuda:0' took 34.45 ms
Module pamo_safe_project.kernels.distance_kernels.hessian_funcs load on device 'cuda:0' took 157.49 ms
Module pamo_safe_project.kernels.distance_kernels.distance_kernels load on device 'cuda:0' took 210.43 ms
Module pamo_safe_project.kernels.distance_kernels.grad_funcs_struct load on device 'cuda:0' took 33.57 ms
Module pamo_safe_project.kernels.distance_kernels.distance_kernels_struct load on device 'cuda:0' took 40.67 ms
Module pamo_safe_project.kernels.energy_kernels.collision_energy load on device 'cuda:0' took 136.82 ms
Module pamo_safe_project.kernels.ccd_kernels load on device 'cuda:0' took 46.28 ms
Module pamo_safe_project.kernels.energy_kernels.lb_curvature_energy load on device 'cuda:0' took 5.66 ms
Module pamo_safe_project.kernels.energy_kernels.contact_detection load on device 'cuda:0' took 29.42 ms
Module robust_pt_gpu load on device 'cuda:0' took 8.19 ms
Module pamo_safe_project.kernels.energy_kernels.precision_collision_energy load on device 'cuda:0' took 138.26 ms
Module pamo_safe_project.kernels.precision_ccd_kernels load on device 'cuda:0' took 37.88 ms
Module robust_pt_gradient_gpu load on device 'cuda:0' took 7.84 ms
