Stage1 :  True
Stage3 :  True
{"original_config_sha256": "df1eb24db57394c32e31f6d67a58cd7ef6c25febc11aff39c5e9503ee82d6390", "max_blocks": 67108864}
Warp 1.0.0-beta.2 initialized:
   CUDA Toolkit: 12.8, Driver: 13.2
   Devices:
     "cpu"    | x86_64
     "cuda:0" | NVIDIA GeForce RTX 4080 SUPER (sm_89)
   Kernel cache: /root/.cache/warp/1.0.0-beta.2
Target faces : 4146
Time for Remeshing: 0.0676567554473877 sec
Time for Simplification: 0.13679933547973633 sec
Module pamo_safe_project.kernels.geometry_kernels load on device 'cuda:0' took 23.21 ms
Module pamo_safe_project.kernels.energy_kernels.elastic_energy load on device 'cuda:0' took 90.10 ms
Module pamo_safe_project.kernels.energy_kernels.hinge_energy load on device 'cuda:0' took 51.15 ms
Module pamo_safe_project.kernels.energy_kernels.contact_detection load on device 'cuda:0' took 29.57 ms
Module pamo_safe_project.kernels.energy_kernels.distance_energy load on device 'cuda:0' took 39.81 ms
Module pamo_safe_project.kernels.energy_kernels.collision_energy load on device 'cuda:0' took 132.85 ms
Module pamo_safe_project.kernels.utils_kernels load on device 'cuda:0' took 5.67 ms
Module pamo_safe_project.kernels.solver_kernels load on device 'cuda:0' took 4.54 ms
Module warp.utils load on device 'cuda:0' took 2.22 ms
Module pamo_safe_project.kernels.distance_kernels.grad_funcs load on device 'cuda:0' took 33.49 ms
Module pamo_safe_project.kernels.distance_kernels.hessian_funcs load on device 'cuda:0' took 140.75 ms
Module pamo_safe_project.kernels.distance_kernels.distance_kernels load on device 'cuda:0' took 197.76 ms
Module pamo_safe_project.kernels.distance_kernels.grad_funcs_struct load on device 'cuda:0' took 30.26 ms
Module pamo_safe_project.kernels.distance_kernels.distance_kernels_struct load on device 'cuda:0' took 33.22 ms
Module pamo_safe_project.kernels.ccd_kernels load on device 'cuda:0' took 39.94 ms
Module pamo_safe_project.kernels.energy_kernels.lb_curvature_energy load on device 'cuda:0' took 5.53 ms
Module locality_gpu load on device 'cuda:0' took 1.20 ms
{"pamo_run_ms": 1955.7026261463761, "stage1": "original", "method": "full", "maintenance_ms": 2264.6406684070826, "status": "pending_independent_audit"}
