Stage1 :  True
Stage3 :  True
Warp 1.0.0-beta.2 initialized:
   CUDA Toolkit: 12.8, Driver: 13.2
   Devices:
     "cpu"    | x86_64
     "cuda:0" | NVIDIA GeForce RTX 4080 SUPER (sm_89)
   Kernel cache: /root/.cache/warp/1.0.0-beta.2
Target faces : 1802
Time for Remeshing: 0.10322761535644531 sec
Time for Simplification: 1.060504674911499 sec
Module pamo_safe_project.kernels.geometry_kernels load on device 'cuda:0' took 23.65 ms
Module pamo_safe_project.kernels.energy_kernels.elastic_energy load on device 'cuda:0' took 27.51 ms
Module pamo_safe_project.kernels.energy_kernels.hinge_energy load on device 'cuda:0' took 52.51 ms
Module pamo_safe_project.kernels.energy_kernels.contact_detection load on device 'cuda:0' took 32.40 ms
Module pamo_safe_project.kernels.energy_kernels.distance_energy load on device 'cuda:0' took 45.55 ms
Module pamo_safe_project.kernels.energy_kernels.collision_energy load on device 'cuda:0' took 135.97 ms
Module pamo_safe_project.kernels.utils_kernels load on device 'cuda:0' took 6.12 ms
Module pamo_safe_project.kernels.solver_kernels load on device 'cuda:0' took 4.97 ms
Module warp.utils load on device 'cuda:0' took 2.58 ms
Module pamo_safe_project.kernels.distance_kernels.grad_funcs load on device 'cuda:0' took 39.23 ms
Module pamo_safe_project.kernels.distance_kernels.hessian_funcs load on device 'cuda:0' took 151.70 ms
Module pamo_safe_project.kernels.distance_kernels.distance_kernels load on device 'cuda:0' took 218.19 ms
Module pamo_safe_project.kernels.distance_kernels.grad_funcs_struct load on device 'cuda:0' took 36.91 ms
Module pamo_safe_project.kernels.distance_kernels.distance_kernels_struct load on device 'cuda:0' took 54.99 ms
Module pamo_safe_project.kernels.ccd_kernels load on device 'cuda:0' took 46.28 ms
Module pamo_safe_project.kernels.energy_kernels.lb_curvature_energy load on device 'cuda:0' took 8.63 ms
Module locality_gpu load on device 'cuda:0' took 2.18 ms
{"pamo_run_ms": 3082.0625899359584, "stage1": "original", "method": "full", "maintenance_ms": 6283.94201118499, "status": "pending_independent_audit"}
