Warp 1.0.0-beta.2 initialized:
   CUDA Toolkit: 12.8, Driver: 13.2
   Devices:
     "cpu"    | x86_64
     "cuda:0" | NVIDIA GeForce RTX 4080 SUPER (sm_89)
   Kernel cache: /root/.cache/warp/1.0.0-beta.2
[33;20mWARNING - Triangle area is too small (min_area=3.3930174111218165e-11), may cause numerical instability (system.py:213)[0m
Module pamo_safe_project.kernels.geometry_kernels load on device 'cuda:0' took 27.28 ms
Module pamo_safe_project.kernels.energy_kernels.elastic_energy load on device 'cuda:0' took 22.16 ms
Module pamo_safe_project.kernels.energy_kernels.hinge_energy load on device 'cuda:0' took 58.60 ms
Module pamo_safe_project.kernels.energy_kernels.precision_contact_detection load on device 'cuda:0' took 31.94 ms
Module pamo_safe_project.kernels.energy_kernels.distance_energy load on device 'cuda:0' took 42.33 ms
Module pamo_safe_project.kernels.energy_kernels.precision_gradient_collision_energy load on device 'cuda:0' took 122.07 ms
Module pamo_safe_project.kernels.utils_kernels load on device 'cuda:0' took 5.91 ms
Module tangent_plane_gpu load on device 'cuda:0' took 2.26 ms
Module locality_gpu load on device 'cuda:0' took 1.30 ms
Module pamo_safe_project.kernels.solver_kernels load on device 'cuda:0' took 6.77 ms
Module warp.utils load on device 'cuda:0' took 2.71 ms
Module pamo_safe_project.kernels.distance_kernels.grad_funcs load on device 'cuda:0' took 35.05 ms
Module pamo_safe_project.kernels.distance_kernels.hessian_funcs load on device 'cuda:0' took 154.31 ms
Module pamo_safe_project.kernels.distance_kernels.distance_kernels load on device 'cuda:0' took 222.92 ms
Module pamo_safe_project.kernels.distance_kernels.grad_funcs_struct load on device 'cuda:0' took 46.22 ms
Module pamo_safe_project.kernels.distance_kernels.distance_kernels_struct load on device 'cuda:0' took 38.28 ms
Module pamo_safe_project.kernels.energy_kernels.collision_energy load on device 'cuda:0' took 144.19 ms
Module pamo_safe_project.kernels.ccd_kernels load on device 'cuda:0' took 41.78 ms
Module pamo_safe_project.kernels.energy_kernels.lb_curvature_energy load on device 'cuda:0' took 10.88 ms
Module pamo_safe_project.kernels.energy_kernels.contact_detection load on device 'cuda:0' took 36.77 ms
Module robust_pt_gpu load on device 'cuda:0' took 8.54 ms
Module pamo_safe_project.kernels.energy_kernels.precision_collision_energy load on device 'cuda:0' took 146.16 ms
Module pamo_safe_project.kernels.precision_ccd_kernels load on device 'cuda:0' took 44.79 ms
Module robust_pt_gradient_gpu load on device 'cuda:0' took 8.42 ms
