Stage1 :  True
Stage3 :  True
Warp 1.0.0-beta.2 initialized:
   CUDA Toolkit: 12.8, Driver: 13.2
   Devices:
     "cpu"    | x86_64
     "cuda:0" | NVIDIA GeForce RTX 4090 (sm_89)
   Kernel cache: /root/.cache/warp/1.0.0-beta.2
Target faces : 1628
Time for Remeshing: 0.20613956451416016 sec
Time for Simplification: 0.8107786178588867 sec
Module pamo_safe_project.kernels.geometry_kernels load on device 'cuda:0' took 71.35 ms
Module pamo_safe_project.kernels.energy_kernels.elastic_energy load on device 'cuda:0' took 10.86 ms
Module pamo_safe_project.kernels.energy_kernels.hinge_energy load on device 'cuda:0' took 93.72 ms
Module pamo_safe_project.kernels.energy_kernels.contact_detection load on device 'cuda:0' took 16.21 ms
Module pamo_safe_project.kernels.energy_kernels.distance_energy load on device 'cuda:0' took 72.23 ms
Module pamo_safe_project.kernels.energy_kernels.collision_energy load on device 'cuda:0' took 138.13 ms
Module pamo_safe_project.kernels.utils_kernels load on device 'cuda:0' took 3.20 ms
Module pamo_safe_project.kernels.solver_kernels load on device 'cuda:0' took 53.74 ms
Module warp.utils load on device 'cuda:0' took 1.40 ms
Module pamo_safe_project.kernels.distance_kernels.grad_funcs load on device 'cuda:0' took 17.05 ms
Module pamo_safe_project.kernels.distance_kernels.hessian_funcs load on device 'cuda:0' took 192.06 ms
Module pamo_safe_project.kernels.distance_kernels.distance_kernels load on device 'cuda:0' took 299.37 ms
Module pamo_safe_project.kernels.distance_kernels.grad_funcs_struct load on device 'cuda:0' took 16.21 ms
Module pamo_safe_project.kernels.distance_kernels.distance_kernels_struct load on device 'cuda:0' took 17.67 ms
Module pamo_safe_project.kernels.ccd_kernels load on device 'cuda:0' took 73.12 ms
Module pamo_safe_project.kernels.energy_kernels.lb_curvature_energy load on device 'cuda:0' took 3.28 ms
Module locality_gpu load on device 'cuda:0' took 0.74 ms
{"pamo_run_ms": 3429.4536225497723, "stage1": "original", "method": "full", "maintenance_ms": 7140.277384780347, "status": "pending_independent_audit"}
