# of input verts : 16
# of input faces : 24
Stage1 :  True
Stage3 :  True
Warp 1.0.0-beta.2 initialized:
   CUDA Toolkit: 12.8, Driver: 13.2
   Devices:
     "cpu"    | x86_64
     "cuda:0" | NVIDIA GeForce RTX 4090 (sm_89)
   Kernel cache: /root/.cache/warp/1.0.0-beta.2
Target faces : 24
Time for Remeshing: 0.048447370529174805 sec
Not enough edges available to be collapsed.
Time for Simplification: 0.16507911682128906 sec
Module pamo_safe_project.kernels.geometry_kernels load on device 'cuda:0' took 160.70 ms
Module pamo_safe_project.kernels.energy_kernels.elastic_energy load on device 'cuda:0' took 11.05 ms
Module pamo_safe_project.kernels.energy_kernels.hinge_energy load on device 'cuda:0' took 26.82 ms
Module pamo_safe_project.kernels.energy_kernels.contact_detection load on device 'cuda:0' took 16.32 ms
Module pamo_safe_project.kernels.energy_kernels.distance_energy load on device 'cuda:0' took 21.43 ms
Module pamo_safe_project.kernels.energy_kernels.collision_energy load on device 'cuda:0' took 72.64 ms
Module pamo_safe_project.kernels.utils_kernels load on device 'cuda:0' took 3.34 ms
Module pamo_safe_project.kernels.solver_kernels load on device 'cuda:0' took 2.69 ms
Module warp.utils load on device 'cuda:0' took 1.45 ms
Module pamo_safe_project.kernels.distance_kernels.grad_funcs load on device 'cuda:0' took 17.27 ms
Module pamo_safe_project.kernels.distance_kernels.hessian_funcs load on device 'cuda:0' took 74.22 ms
Module pamo_safe_project.kernels.distance_kernels.distance_kernels load on device 'cuda:0' took 105.13 ms
Module pamo_safe_project.kernels.distance_kernels.grad_funcs_struct load on device 'cuda:0' took 16.27 ms
Module pamo_safe_project.kernels.distance_kernels.distance_kernels_struct load on device 'cuda:0' took 17.78 ms
Module pamo_safe_project.kernels.ccd_kernels load on device 'cuda:0' took 22.06 ms
Module pamo_safe_project.kernels.energy_kernels.lb_curvature_energy load on device 'cuda:0' took 3.26 ms
Total time:  1.2289972305297852
# of output verts : 33
# of output faces : 62
