Stage1 :  True
Stage3 :  True
{"original_config_sha256": "df1eb24db57394c32e31f6d67a58cd7ef6c25febc11aff39c5e9503ee82d6390", "max_blocks": 67108864}
Warp 1.0.0-beta.2 initialized:
   CUDA Toolkit: 12.8, Driver: 13.2
   Devices:
     "cpu"    | x86_64
     "cuda:0" | NVIDIA GeForce RTX 4080 SUPER (sm_89)
   Kernel cache: /root/.cache/warp/1.0.0-beta.2
Target faces : 88206
Time for Remeshing: 0.10155940055847168 sec
Time for Simplification: 0.25388669967651367 sec
Module pamo_safe_project.kernels.geometry_kernels load on device 'cuda:0' took 23.55 ms
Module pamo_safe_project.kernels.energy_kernels.elastic_energy load on device 'cuda:0' took 94.40 ms
Module pamo_safe_project.kernels.energy_kernels.hinge_energy load on device 'cuda:0' took 51.01 ms
Module pamo_safe_project.kernels.energy_kernels.contact_detection load on device 'cuda:0' took 29.25 ms
Module pamo_safe_project.kernels.energy_kernels.distance_energy load on device 'cuda:0' took 39.60 ms
Module pamo_safe_project.kernels.energy_kernels.collision_energy load on device 'cuda:0' took 128.91 ms
Module pamo_safe_project.kernels.utils_kernels load on device 'cuda:0' took 5.74 ms
Module pamo_safe_project.kernels.solver_kernels load on device 'cuda:0' took 5.94 ms
Module warp.utils load on device 'cuda:0' took 2.29 ms
Module pamo_safe_project.kernels.distance_kernels.grad_funcs load on device 'cuda:0' took 31.81 ms
Module pamo_safe_project.kernels.distance_kernels.hessian_funcs load on device 'cuda:0' took 139.82 ms
Module pamo_safe_project.kernels.distance_kernels.distance_kernels load on device 'cuda:0' took 197.03 ms
Module pamo_safe_project.kernels.distance_kernels.grad_funcs_struct load on device 'cuda:0' took 30.31 ms
Module pamo_safe_project.kernels.distance_kernels.distance_kernels_struct load on device 'cuda:0' took 33.00 ms
Module pamo_safe_project.kernels.ccd_kernels load on device 'cuda:0' took 39.02 ms
Module pamo_safe_project.kernels.energy_kernels.lb_curvature_energy load on device 'cuda:0' took 5.45 ms
Module locality_gpu load on device 'cuda:0' took 1.14 ms
{"pamo_run_ms": 5088.242871686816, "stage1": "original", "method": "full", "maintenance_ms": 5883.0360900610685, "status": "pending_independent_audit"}
