Warp 1.0.0-beta.2 initialized:
   CUDA Toolkit: 12.8, Driver: 13.2
   Devices:
     "cpu"    | x86_64
     "cuda:0" | NVIDIA GeForce RTX 4090 (sm_89)
   Kernel cache: /root/.cache/warp/1.0.0-beta.2
[33;20mWARNING - Triangle area is too small (min_area=9.233819803551741e-13), may cause numerical instability (system.py:213)[0m
Module pamo_safe_project.kernels.geometry_kernels load on device 'cuda:0' took 18.21 ms
Module pamo_safe_project.kernels.energy_kernels.elastic_energy load on device 'cuda:0' took 14.32 ms
Module pamo_safe_project.kernels.energy_kernels.hinge_energy load on device 'cuda:0' took 29.58 ms
Module pamo_safe_project.kernels.energy_kernels.contact_detection load on device 'cuda:0' took 32.37 ms
Module pamo_safe_project.kernels.energy_kernels.distance_energy load on device 'cuda:0' took 89.37 ms
Module pamo_safe_project.kernels.energy_kernels.collision_energy load on device 'cuda:0' took 89.35 ms
Module pamo_safe_project.kernels.utils_kernels load on device 'cuda:0' took 4.54 ms
Module tangent_plane_gpu load on device 'cuda:0' took 2.46 ms
Module locality_gpu load on device 'cuda:0' took 2.17 ms
Module pamo_safe_project.kernels.solver_kernels load on device 'cuda:0' took 23.75 ms
Module warp.utils load on device 'cuda:0' took 1.70 ms
Module pamo_safe_project.kernels.distance_kernels.grad_funcs load on device 'cuda:0' took 19.90 ms
Module pamo_safe_project.kernels.distance_kernels.hessian_funcs load on device 'cuda:0' took 140.42 ms
Module pamo_safe_project.kernels.distance_kernels.distance_kernels load on device 'cuda:0' took 189.05 ms
Module pamo_safe_project.kernels.distance_kernels.grad_funcs_struct load on device 'cuda:0' took 17.58 ms
Module pamo_safe_project.kernels.distance_kernels.distance_kernels_struct load on device 'cuda:0' took 36.89 ms
Module pamo_safe_project.kernels.ccd_kernels load on device 'cuda:0' took 21.72 ms
Module pamo_safe_project.kernels.energy_kernels.lb_curvature_energy load on device 'cuda:0' took 72.08 ms
