only got 11356/16384 samples!
Warp 1.0.0-beta.2 initialized:
   CUDA Toolkit: 12.8, Driver: 13.2
   Devices:
     "cpu"    | x86_64
     "cuda:0" | NVIDIA GeForce RTX 4080 SUPER (sm_89)
   Kernel cache: /root/.cache/warp/1.0.0-beta.2
[33;20mWARNING - Triangle area is too small (min_area=3.1788829172721315e-14), may cause numerical instability (system.py:213)[0m
Module pamo_safe_project.kernels.geometry_kernels load on device 'cuda:0' took 27.36 ms
Module pamo_safe_project.kernels.energy_kernels.elastic_energy load on device 'cuda:0' took 20.57 ms
Module pamo_safe_project.kernels.energy_kernels.hinge_energy load on device 'cuda:0' took 51.17 ms
Module pamo_safe_project.kernels.energy_kernels.precision_contact_detection load on device 'cuda:0' took 28.36 ms
Module pamo_safe_project.kernels.energy_kernels.distance_energy load on device 'cuda:0' took 39.90 ms
Module pamo_safe_project.kernels.energy_kernels.precision_collision_energy load on device 'cuda:0' took 130.34 ms
Module pamo_safe_project.kernels.utils_kernels load on device 'cuda:0' took 5.58 ms
Module tangent_plane_gpu load on device 'cuda:0' took 2.05 ms
Module locality_gpu load on device 'cuda:0' took 1.11 ms
Module pamo_safe_project.kernels.solver_kernels load on device 'cuda:0' took 4.93 ms
Module warp.utils load on device 'cuda:0' took 2.55 ms
Module pamo_safe_project.kernels.distance_kernels.grad_funcs load on device 'cuda:0' took 32.70 ms
Module pamo_safe_project.kernels.distance_kernels.hessian_funcs load on device 'cuda:0' took 141.46 ms
Module pamo_safe_project.kernels.distance_kernels.distance_kernels load on device 'cuda:0' took 201.25 ms
Module pamo_safe_project.kernels.distance_kernels.grad_funcs_struct load on device 'cuda:0' took 30.71 ms
Module pamo_safe_project.kernels.distance_kernels.distance_kernels_struct load on device 'cuda:0' took 33.68 ms
Module pamo_safe_project.kernels.energy_kernels.collision_energy load on device 'cuda:0' took 130.38 ms
Module pamo_safe_project.kernels.ccd_kernels load on device 'cuda:0' took 35.22 ms
Module pamo_safe_project.kernels.energy_kernels.lb_curvature_energy load on device 'cuda:0' took 3.85 ms
Module pamo_safe_project.kernels.energy_kernels.contact_detection load on device 'cuda:0' took 21.70 ms
Module robust_pt_gpu load on device 'cuda:0' took 5.51 ms
Module pamo_safe_project.kernels.precision_ccd_kernels load on device 'cuda:0' took 26.67 ms
