[  1%] Building C object src/lib/geogram/third_party/CMakeFiles/geogram_third_party.dir/libMeshb/sources/libmeshb7.c.o
[  1%] Building C object src/lib/geogram/third_party/CMakeFiles/geogram_third_party.dir/rply/rply.c.o
[  1%] Building C object src/lib/geogram/third_party/CMakeFiles/geogram_third_party.dir/zlib/compress.c.o
[  2%] Building C object src/lib/geogram/third_party/CMakeFiles/geogram_third_party.dir/zlib/adler32.c.o
[  4%] Building C object src/lib/geogram/third_party/CMakeFiles/geogram_third_party.dir/zlib/crc32.c.o
[  4%] Building C object src/lib/geogram/third_party/CMakeFiles/geogram_third_party.dir/zlib/deflate.c.o
[  4%] Building C object src/lib/geogram/third_party/CMakeFiles/geogram_third_party.dir/zlib/gzclose.c.o
[  5%] Building C object src/lib/geogram/third_party/CMakeFiles/geogram_third_party.dir/zlib/gzlib.c.o
[  5%] Building C object src/lib/geogram/third_party/CMakeFiles/geogram_third_party.dir/zlib/gzread.c.o
[  7%] Building C object src/lib/geogram/third_party/CMakeFiles/geogram_third_party.dir/zlib/gzwrite.c.o
[  7%] Building C object src/lib/geogram/third_party/CMakeFiles/geogram_third_party.dir/zlib/infback.c.o
[  8%] Building C object src/lib/geogram/third_party/CMakeFiles/geogram_third_party.dir/zlib/inffast.c.o
[  8%] Building C object src/lib/geogram/third_party/CMakeFiles/geogram_third_party.dir/zlib/inflate.c.o
[ 10%] Building C object src/lib/geogram/third_party/CMakeFiles/geogram_third_party.dir/zlib/inftrees.c.o
[ 10%] Building C object src/lib/geogram/third_party/CMakeFiles/geogram_third_party.dir/zlib/trees.c.o
[ 11%] Building C object src/lib/geogram/third_party/CMakeFiles/geogram_third_party.dir/zlib/uncompr.c.o
[ 11%] Building C object src/lib/geogram/third_party/CMakeFiles/geogram_third_party.dir/zlib/zutil.c.o
[ 11%] Building CXX object src/lib/geogram/third_party/CMakeFiles/geogram_third_party.dir/PoissonRecon/Factor.cpp.o
[ 13%] Building CXX object src/lib/geogram/third_party/CMakeFiles/geogram_third_party.dir/PoissonRecon/Geometry.cpp.o
[ 13%] Building CXX object src/lib/geogram/third_party/CMakeFiles/geogram_third_party.dir/PoissonRecon/MarchingCubes.cpp.o
[ 14%] Building CXX object src/lib/geogram/third_party/CMakeFiles/geogram_third_party.dir/PoissonRecon/poisson_geogram.cpp.o
[ 16%] Building CXX object src/lib/geogram/third_party/CMakeFiles/geogram_third_party.dir/OpenNL/nl_amgcl.cpp.o
[ 16%] Building CXX object src/lib/geogram/third_party/CMakeFiles/geogram_third_party.dir/xatlas/xatlas.cpp.o
[ 16%] Building C object src/lib/geogram/third_party/CMakeFiles/geogram_third_party.dir/OpenNL/nl_api.c.o
[ 17%] Building C object src/lib/geogram/third_party/CMakeFiles/geogram_third_party.dir/OpenNL/nl_arpack.c.o
[ 17%] Building C object src/lib/geogram/third_party/CMakeFiles/geogram_third_party.dir/OpenNL/nl_blas.c.o
[ 19%] Building C object src/lib/geogram/third_party/CMakeFiles/geogram_third_party.dir/OpenNL/nl_cholmod.c.o
[ 19%] Building C object src/lib/geogram/third_party/CMakeFiles/geogram_third_party.dir/OpenNL/nl_context.c.o
[ 19%] Building C object src/lib/geogram/third_party/CMakeFiles/geogram_third_party.dir/OpenNL/nl_cuda.c.o
[ 20%] Building C object src/lib/geogram/third_party/CMakeFiles/geogram_third_party.dir/OpenNL/nl_iterative_solvers.c.o
[ 20%] Building C object src/lib/geogram/third_party/CMakeFiles/geogram_third_party.dir/OpenNL/nl_matrix.c.o
[ 22%] Building C object src/lib/geogram/third_party/CMakeFiles/geogram_third_party.dir/OpenNL/nl_mkl.c.o
[ 22%] Building C object src/lib/geogram/third_party/CMakeFiles/geogram_third_party.dir/OpenNL/nl_os.c.o
[ 23%] Building C object src/lib/geogram/third_party/CMakeFiles/geogram_third_party.dir/OpenNL/nl_preconditioners.c.o
[ 23%] Building C object src/lib/geogram/third_party/CMakeFiles/geogram_third_party.dir/OpenNL/nl_superlu.c.o
[ 25%] Building C object src/lib/geogram/third_party/CMakeFiles/geogram_third_party.dir/triangle/triangle.c.o
[ 25%] Built target geogram_third_party
[ 25%] Building CXX object src/lib/geogram/CMakeFiles/geogram.dir/basic/algorithm.cpp.o
[ 26%] Building CXX object src/lib/geogram/CMakeFiles/geogram.dir/basic/android_utils.cpp.o
[ 27%] Building CXX object src/lib/geogram/CMakeFiles/geogram.dir/basic/attributes.cpp.o
[ 27%] Building CXX object src/lib/geogram/CMakeFiles/geogram.dir/basic/assert.cpp.o
[ 27%] Building CXX object src/lib/geogram/CMakeFiles/geogram.dir/basic/b_stream.cpp.o
[ 29%] Building CXX object src/lib/geogram/CMakeFiles/geogram.dir/basic/boolean_expression.cpp.o
[ 29%] Building CXX object src/lib/geogram/CMakeFiles/geogram.dir/basic/command_line.cpp.o
[ 30%] Building CXX object src/lib/geogram/CMakeFiles/geogram.dir/basic/command_line_args.cpp.o
[ 30%] Building CXX object src/lib/geogram/CMakeFiles/geogram.dir/basic/common.cpp.o
[ 30%] Building CXX object src/lib/geogram/CMakeFiles/geogram.dir/basic/counted.cpp.o
[ 32%] Building CXX object src/lib/geogram/CMakeFiles/geogram.dir/basic/debug_stream.cpp.o
[ 32%] Building CXX object src/lib/geogram/CMakeFiles/geogram.dir/basic/environment.cpp.o
[ 33%] Building CXX object src/lib/geogram/CMakeFiles/geogram.dir/basic/factory.cpp.o
[ 33%] Building CXX object src/lib/geogram/CMakeFiles/geogram.dir/basic/file_system.cpp.o
[ 35%] Building CXX object src/lib/geogram/CMakeFiles/geogram.dir/basic/geofile.cpp.o
[ 35%] Building CXX object src/lib/geogram/CMakeFiles/geogram.dir/basic/geometry.cpp.o
[ 36%] Building CXX object src/lib/geogram/CMakeFiles/geogram.dir/basic/life_cycle.cpp.o
[ 36%] Building CXX object src/lib/geogram/CMakeFiles/geogram.dir/basic/line_stream.cpp.o
[ 38%] Building CXX object src/lib/geogram/CMakeFiles/geogram.dir/basic/logger.cpp.o
[ 38%] Building CXX object src/lib/geogram/CMakeFiles/geogram.dir/basic/numeric.cpp.o
[ 38%] Building CXX object src/lib/geogram/CMakeFiles/geogram.dir/basic/packed_arrays.cpp.o
[ 39%] Building CXX object src/lib/geogram/CMakeFiles/geogram.dir/basic/process.cpp.o
[ 39%] Building CXX object src/lib/geogram/CMakeFiles/geogram.dir/basic/process_unix.cpp.o
[ 41%] Building CXX object src/lib/geogram/CMakeFiles/geogram.dir/basic/process_win.cpp.o
[ 41%] Building CXX object src/lib/geogram/CMakeFiles/geogram.dir/basic/progress.cpp.o
[ 42%] Building CXX object src/lib/geogram/CMakeFiles/geogram.dir/basic/quaternion.cpp.o
[ 42%] Building CXX object src/lib/geogram/CMakeFiles/geogram.dir/basic/stopwatch.cpp.o
[ 44%] Building CXX object src/lib/geogram/CMakeFiles/geogram.dir/basic/string.cpp.o
[ 44%] Building CXX object src/lib/geogram/CMakeFiles/geogram.dir/numerics/PCK.cpp.o
[ 45%] Building CXX object src/lib/geogram/CMakeFiles/geogram.dir/numerics/exact_geometry.cpp.o
[ 45%] Building CXX object src/lib/geogram/CMakeFiles/geogram.dir/numerics/expansion_nt.cpp.o
[ 45%] Building CXX object src/lib/geogram/CMakeFiles/geogram.dir/numerics/lbfgs_optimizers.cpp.o
[ 47%] Building CXX object src/lib/geogram/CMakeFiles/geogram.dir/numerics/matrix_util.cpp.o
[ 47%] Building CXX object src/lib/geogram/CMakeFiles/geogram.dir/numerics/multi_precision.cpp.o
[ 48%] Building CXX object src/lib/geogram/CMakeFiles/geogram.dir/numerics/optimizer.cpp.o
[ 48%] Building CXX object src/lib/geogram/CMakeFiles/geogram.dir/numerics/predicates.cpp.o
[ 50%] Building CXX object src/lib/geogram/CMakeFiles/geogram.dir/mesh/boxes_intersections.cpp.o
[ 50%] Building CXX object src/lib/geogram/CMakeFiles/geogram.dir/mesh/mesh.cpp.o
[ 51%] Building CXX object src/lib/geogram/CMakeFiles/geogram.dir/mesh/mesh_AABB.cpp.o
[ 51%] Building CXX object src/lib/geogram/CMakeFiles/geogram.dir/mesh/mesh_CSG_builder.cpp.o
[ 52%] Building CXX object src/lib/geogram/CMakeFiles/geogram.dir/mesh/mesh_CSG_compiler.cpp.o
[ 52%] Building CXX object src/lib/geogram/CMakeFiles/geogram.dir/mesh/mesh_CSG_utils.cpp.o
[ 52%] Building CXX object src/lib/geogram/CMakeFiles/geogram.dir/mesh/mesh_baking.cpp.o
[ 54%] Building CXX object src/lib/geogram/CMakeFiles/geogram.dir/mesh/mesh_compare.cpp.o
[ 54%] Building CXX object src/lib/geogram/CMakeFiles/geogram.dir/mesh/mesh_convex_hull.cpp.o
[ 55%] Building CXX object src/lib/geogram/CMakeFiles/geogram.dir/mesh/mesh_decimate.cpp.o
[ 55%] Building CXX object src/lib/geogram/CMakeFiles/geogram.dir/mesh/mesh_degree3_vertices.cpp.o
[ 57%] Building CXX object src/lib/geogram/CMakeFiles/geogram.dir/mesh/mesh_distance.cpp.o
[ 57%] Building CXX object src/lib/geogram/CMakeFiles/geogram.dir/mesh/mesh_fill_holes.cpp.o
[ 58%] Building CXX object src/lib/geogram/CMakeFiles/geogram.dir/mesh/mesh_frame_field.cpp.o
[ 58%] Building CXX object src/lib/geogram/CMakeFiles/geogram.dir/mesh/mesh_geometry.cpp.o
[ 60%] Building CXX object src/lib/geogram/CMakeFiles/geogram.dir/mesh/mesh_halfedges.cpp.o
[ 60%] Building CXX object src/lib/geogram/CMakeFiles/geogram.dir/mesh/mesh_io.cpp.o
[ 60%] Building CXX object src/lib/geogram/CMakeFiles/geogram.dir/mesh/mesh_local_operations.cpp.o
[ 61%] Building CXX object src/lib/geogram/CMakeFiles/geogram.dir/mesh/mesh_manifold_harmonics.cpp.o
[ 61%] Building CXX object src/lib/geogram/CMakeFiles/geogram.dir/mesh/mesh_minkowski.cpp.o
[ 63%] Building CXX object src/lib/geogram/CMakeFiles/geogram.dir/mesh/mesh_partition.cpp.o
[ 63%] Building CXX object src/lib/geogram/CMakeFiles/geogram.dir/mesh/mesh_preprocessing.cpp.o
[ 64%] Building CXX object src/lib/geogram/CMakeFiles/geogram.dir/mesh/mesh_remesh.cpp.o
[ 64%] Building CXX object src/lib/geogram/CMakeFiles/geogram.dir/mesh/mesh_reorder.cpp.o
[ 66%] Building CXX object src/lib/geogram/CMakeFiles/geogram.dir/mesh/mesh_repair.cpp.o
[ 66%] Building CXX object src/lib/geogram/CMakeFiles/geogram.dir/mesh/mesh_smoothing.cpp.o
[ 67%] Building CXX object src/lib/geogram/CMakeFiles/geogram.dir/mesh/mesh_subdivision.cpp.o
[ 67%] Building CXX object src/lib/geogram/CMakeFiles/geogram.dir/mesh/mesh_surface_intersection.cpp.o
[ 67%] Building CXX object src/lib/geogram/CMakeFiles/geogram.dir/mesh/mesh_surface_intersection_internal.cpp.o
[ 69%] Building CXX object src/lib/geogram/CMakeFiles/geogram.dir/mesh/mesh_tetrahedralize.cpp.o
/tmp/geogram_native_quality_20261006_16/candidate_source/src/lib/geogram/mesh/mesh_surface_intersection_internal.cpp: In member function ‘bool GEO::CoplanarFacets::quality_triangulate(GEO::vector<unsigned int>&, GEO::vector<GEO::vec3Hg<GEO::expansion_nt> >&, GEO::vector<std::pair<unsigned int, unsigned int> >&, bool, GEO::index_t, bool)’:
/tmp/geogram_native_quality_20261006_16/candidate_source/src/lib/geogram/mesh/mesh_surface_intersection_internal.cpp:1295:35: warning: conversion to ‘GEO::index_t’ {aka ‘unsigned int’} from ‘int’ may change the sign of the result [-Wsign-conversion]
 1295 |     vector<int> on_segment(output.numberofpoints,-1);
      |                            ~~~~~~~^~~~~~~~~~~~~~
[ 69%] Building CXX object src/lib/geogram/CMakeFiles/geogram.dir/mesh/mesh_topology.cpp.o
[ 70%] Building CXX object src/lib/geogram/CMakeFiles/geogram.dir/mesh/triangle_intersection.cpp.o
[ 70%] Building CXX object src/lib/geogram/CMakeFiles/geogram.dir/delaunay/CDT_2d.cpp.o
[ 72%] Building CXX object src/lib/geogram/CMakeFiles/geogram.dir/delaunay/LFS.cpp.o
[ 72%] Building CXX object src/lib/geogram/CMakeFiles/geogram.dir/delaunay/delaunay.cpp.o
[ 73%] Building CXX object src/lib/geogram/CMakeFiles/geogram.dir/delaunay/delaunay_2d.cpp.o
[ 73%] Building CXX object src/lib/geogram/CMakeFiles/geogram.dir/delaunay/delaunay_3d.cpp.o
[ 75%] Building CXX object src/lib/geogram/CMakeFiles/geogram.dir/delaunay/delaunay_nn.cpp.o
[ 75%] Building CXX object src/lib/geogram/CMakeFiles/geogram.dir/delaunay/delaunay_tetgen.cpp.o
[ 75%] Building CXX object src/lib/geogram/CMakeFiles/geogram.dir/delaunay/delaunay_triangle.cpp.o
[ 76%] Building CXX object src/lib/geogram/CMakeFiles/geogram.dir/delaunay/parallel_delaunay_3d.cpp.o
[ 76%] Building CXX object src/lib/geogram/CMakeFiles/geogram.dir/delaunay/periodic.cpp.o
[ 77%] Building CXX object src/lib/geogram/CMakeFiles/geogram.dir/delaunay/periodic_delaunay_3d.cpp.o
[ 77%] Building CXX object src/lib/geogram/CMakeFiles/geogram.dir/voronoi/CVT.cpp.o
[ 79%] Building CXX object src/lib/geogram/CMakeFiles/geogram.dir/voronoi/RVD.cpp.o
[ 79%] Building CXX object src/lib/geogram/CMakeFiles/geogram.dir/voronoi/RVD_callback.cpp.o
[ 80%] Building CXX object src/lib/geogram/CMakeFiles/geogram.dir/voronoi/RVD_mesh_builder.cpp.o
[ 80%] Building CXX object src/lib/geogram/CMakeFiles/geogram.dir/voronoi/convex_cell.cpp.o
[ 82%] Building CXX object src/lib/geogram/CMakeFiles/geogram.dir/voronoi/generic_RVD_cell.cpp.o
[ 82%] Building CXX object src/lib/geogram/CMakeFiles/geogram.dir/voronoi/generic_RVD_polygon.cpp.o
[ 82%] Building CXX object src/lib/geogram/CMakeFiles/geogram.dir/voronoi/integration_simplex.cpp.o
[ 83%] Building CXX object src/lib/geogram/CMakeFiles/geogram.dir/points/co3ne.cpp.o
[ 83%] Building CXX object src/lib/geogram/CMakeFiles/geogram.dir/points/colocate.cpp.o
[ 85%] Building CXX object src/lib/geogram/CMakeFiles/geogram.dir/points/kd_tree.cpp.o
[ 85%] Building CXX object src/lib/geogram/CMakeFiles/geogram.dir/points/nn_search.cpp.o
[ 86%] Building CXX object src/lib/geogram/CMakeFiles/geogram.dir/points/principal_axes.cpp.o
[ 86%] Building CXX object src/lib/geogram/CMakeFiles/geogram.dir/image/color.cpp.o
[ 88%] Building CXX object src/lib/geogram/CMakeFiles/geogram.dir/image/colormap.cpp.o
[ 88%] Building CXX object src/lib/geogram/CMakeFiles/geogram.dir/image/image.cpp.o
[ 89%] Building CXX object src/lib/geogram/CMakeFiles/geogram.dir/image/image_library.cpp.o
[ 89%] Building CXX object src/lib/geogram/CMakeFiles/geogram.dir/image/image_rasterizer.cpp.o
[ 89%] Building CXX object src/lib/geogram/CMakeFiles/geogram.dir/image/image_serializer.cpp.o
[ 91%] Building CXX object src/lib/geogram/CMakeFiles/geogram.dir/image/image_serializer_pgm.cpp.o
[ 91%] Building CXX object src/lib/geogram/CMakeFiles/geogram.dir/image/image_serializer_stb.cpp.o
[ 92%] Building CXX object src/lib/geogram/CMakeFiles/geogram.dir/image/image_serializer_xpm.cpp.o
[ 92%] Building CXX object src/lib/geogram/CMakeFiles/geogram.dir/image/morpho_math.cpp.o
[ 94%] Building CXX object src/lib/geogram/CMakeFiles/geogram.dir/parameterization/mesh_ABF.cpp.o
[ 94%] Building CXX object src/lib/geogram/CMakeFiles/geogram.dir/parameterization/mesh_LSCM.cpp.o
[ 95%] Building CXX object src/lib/geogram/CMakeFiles/geogram.dir/parameterization/mesh_PGP_2d.cpp.o
[ 95%] Building CXX object src/lib/geogram/CMakeFiles/geogram.dir/parameterization/mesh_atlas_maker.cpp.o
[ 97%] Building CXX object src/lib/geogram/CMakeFiles/geogram.dir/parameterization/mesh_global_param.cpp.o
[ 97%] Building CXX object src/lib/geogram/CMakeFiles/geogram.dir/parameterization/mesh_param_packer.cpp.o
[ 97%] Building CXX object src/lib/geogram/CMakeFiles/geogram.dir/parameterization/mesh_param_validator.cpp.o
[ 98%] Building CXX object src/lib/geogram/CMakeFiles/geogram.dir/parameterization/mesh_segmentation.cpp.o
[ 98%] Building CXX object src/lib/geogram/CMakeFiles/geogram.dir/bibliography/bibliography.cpp.o
[100%] Building CXX object src/lib/geogram/CMakeFiles/geogram.dir/bibliography/embedded_references.cpp.o
[100%] Linking CXX shared library ../../../lib/libgeogram.so
[100%] Built target geogram
