2026-09-27 01:57:47
name, driver_version, memory.total [MiB], compute_cap
NVIDIA GeForce RTX 4080 SUPER, 595.71.05, 32760 MiB, 8.9
nvcc: NVIDIA (R) Cuda compiler driver
Copyright (c) 2005-2025 NVIDIA Corporation
Built on Fri_Feb_21_20:23:50_PST_2025
Cuda compilation tools, release 12.8, V12.8.93
Build cuda_12.8.r12.8/compiler.35583870_0
Python 3.12.3
torch 2.8.0+cu128 torch_cuda 12.8
TORCH_CUDA_ARCH_LIST=8.9
Looking in indexes: http://mirrors.aliyun.com/pypi/simple
Requirement already satisfied: pip in ./venv/lib/python3.12/site-packages (24.0)
Collecting pip
  Downloading http://mirrors.aliyun.com/pypi/packages/f3/6e/1736e5b4ae2b778ef2f81c47d797de9f891d4d8acb047a24ca37a60294dd/pip-26.2.1-py3-none-any.whl (1.8 MB)
     ━━━━━━━━━━━━━━━━━━━━━━━━━━━━━━━━━━━━━━━━ 1.8/1.8 MB 1.7 MB/s eta 0:00:00
Requirement already satisfied: setuptools in /root/miniconda3/lib/python3.12/site-packages (69.5.1)
Collecting setuptools
  Downloading http://mirrors.aliyun.com/pypi/packages/95/9c/c510029fc6ef33a6275cd2c5d3cecd6613dfd6aa401d57c54f1c18852ccf/setuptools-84.0.0-py3-none-any.whl (818 kB)
     ━━━━━━━━━━━━━━━━━━━━━━━━━━━━━━━━━━━━━━━ 818.2/818.2 kB 2.0 MB/s eta 0:00:00
Requirement already satisfied: wheel in /root/miniconda3/lib/python3.12/site-packages (0.43.0)
Collecting wheel
  Downloading http://mirrors.aliyun.com/pypi/packages/2e/29/69cfbb602cd91690c55d38ba9fe53e6a7e76a6fa647bf38f19c138d25449/wheel-0.48.0-py3-none-any.whl (33 kB)
Collecting packaging>=24.0 (from wheel)
  Downloading http://mirrors.aliyun.com/pypi/packages/63/34/ba1c580383c9eada3711951fef0795c80b829a078d72188184bcab9dd527/packaging-26.3-py3-none-any.whl (129 kB)
     ━━━━━━━━━━━━━━━━━━━━━━━━━━━━━━━━━━━━━━ 130.0/130.0 kB 20.2 MB/s eta 0:00:00
Installing collected packages: setuptools, pip, packaging, wheel
  Attempting uninstall: setuptools
    Found existing installation: setuptools 69.5.1
    Not uninstalling setuptools at /root/miniconda3/lib/python3.12/site-packages, outside environment /root/autodl-tmp/graduation_project/pamo_quality_20260927_015556_807159/venv
    Can't uninstall 'setuptools'. No files were found to uninstall.
  Attempting uninstall: pip
    Found existing installation: pip 24.0
    Uninstalling pip-24.0:
      Successfully uninstalled pip-24.0
  Attempting uninstall: packaging
    Found existing installation: packaging 23.2
    Not uninstalling packaging at /root/miniconda3/lib/python3.12/site-packages, outside environment /root/autodl-tmp/graduation_project/pamo_quality_20260927_015556_807159/venv
    Can't uninstall 'packaging'. No files were found to uninstall.
  Attempting uninstall: wheel
    Found existing installation: wheel 0.43.0
    Not uninstalling wheel at /root/miniconda3/lib/python3.12/site-packages, outside environment /root/autodl-tmp/graduation_project/pamo_quality_20260927_015556_807159/venv
    Can't uninstall 'wheel'. No files were found to uninstall.
Successfully installed packaging-26.3 pip-26.2.1 setuptools-84.0.0 wheel-0.48.0
Looking in indexes: http://mirrors.aliyun.com/pypi/simple
Collecting git+https://github.com/eliphatfs/cumesh2sdf.git@7789ade81bcd5fa77112d2cb5d825ed0e634e76b
  Cloning https://github.com/eliphatfs/cumesh2sdf.git (to revision 7789ade81bcd5fa77112d2cb5d825ed0e634e76b) to /tmp/pip-req-build-1xqlz_1a
  Running command git clone --filter=blob:none --quiet https://github.com/eliphatfs/cumesh2sdf.git /tmp/pip-req-build-1xqlz_1a
  fatal: unable to access 'https://github.com/eliphatfs/cumesh2sdf.git/': GnuTLS recv error (-110): The TLS connection was non-properly terminated.
  error: subprocess-exited-with-error
  
  × git clone --filter=blob:none --quiet https://github.com/eliphatfs/cumesh2sdf.git /tmp/pip-req-build-1xqlz_1a did not run successfully.
  │ exit code: 128
  ╰─> No available output.
  
  note: This error originates from a subprocess, and is likely not a problem with pip.
ERROR: Failed to build 'git+https://github.com/eliphatfs/cumesh2sdf.git@7789ade81bcd5fa77112d2cb5d825ed0e634e76b' when git clone --filter=blob:none --quiet https://github.com/eliphatfs/cumesh2sdf.git /tmp/pip-req-build-1xqlz_1a
