Warp 1.0.0-beta.2 initialized:
   CUDA Toolkit: 12.8, Driver: 13.2
   Devices:
     "cpu"    | x86_64
     "cuda:0" | NVIDIA GeForce RTX 4080 SUPER (sm_89)
   Kernel cache: /root/.cache/warp/1.0.0-beta.2
[33;20mWARNING - Triangle area is too small (min_area=7.121702002084337e-16), may cause numerical instability (system.py:213)[0m
Module pamo_safe_project.kernels.geometry_kernels load on device 'cuda:0' took 25.88 ms
Module pamo_safe_project.kernels.energy_kernels.elastic_energy load on device 'cuda:0' took 20.73 ms
Module pamo_safe_project.kernels.energy_kernels.hinge_energy load on device 'cuda:0' took 53.59 ms
Module pamo_safe_project.kernels.energy_kernels.precision_contact_detection load on device 'cuda:0' took 28.08 ms
Module pamo_safe_project.kernels.energy_kernels.distance_energy load on device 'cuda:0' took 39.69 ms
Module pamo_safe_project.kernels.energy_kernels.preserved_collision_energy load on device 'cuda:0' took 121.12 ms
Module pamo_safe_project.kernels.utils_kernels load on device 'cuda:0' took 5.91 ms
Module tangent_plane_gpu load on device 'cuda:0' took 2.18 ms
Module locality_gpu load on device 'cuda:0' took 1.16 ms
Module pamo_safe_project.kernels.solver_kernels load on device 'cuda:0' took 5.14 ms
Module warp.utils load on device 'cuda:0' took 2.38 ms
Module pamo_safe_project.kernels.distance_kernels.grad_funcs load on device 'cuda:0' took 31.79 ms
Module pamo_safe_project.kernels.distance_kernels.hessian_funcs load on device 'cuda:0' took 140.36 ms
Module pamo_safe_project.kernels.distance_kernels.distance_kernels load on device 'cuda:0' took 194.60 ms
Module pamo_safe_project.kernels.distance_kernels.grad_funcs_struct load on device 'cuda:0' took 30.03 ms
Module pamo_safe_project.kernels.distance_kernels.distance_kernels_struct load on device 'cuda:0' took 33.61 ms
Module pamo_safe_project.kernels.energy_kernels.collision_energy load on device 'cuda:0' took 132.61 ms
Module pamo_safe_project.kernels.ccd_kernels load on device 'cuda:0' took 38.87 ms
Module pamo_safe_project.kernels.energy_kernels.lb_curvature_energy load on device 'cuda:0' took 5.35 ms
Module pamo_safe_project.kernels.energy_kernels.contact_detection load on device 'cuda:0' took 29.19 ms
Module tangent_preserved_gpu load on device 'cuda:0' took 2.45 ms
Module robust_pt_gpu load on device 'cuda:0' took 14.23 ms
Module pamo_safe_project.kernels.energy_kernels.precision_collision_energy load on device 'cuda:0' took 145.77 ms
Module pamo_safe_project.kernels.precision_ccd_kernels load on device 'cuda:0' took 37.54 ms
Module robust_pt_gradient_gpu load on device 'cuda:0' took 7.87 ms
Module pamo_safe_project.kernels.energy_kernels.precision_gradient_collision_energy load on device 'cuda:0' took 112.69 ms
Module fixed_geometry_gpu load on device 'cuda:0' took 8.76 ms
Module pamo_safe_project.kernels.preserved_ccd load on device 'cuda:0' took 45.47 ms
