Stage1 :  True
Stage3 :  True
Warp 1.0.0-beta.2 initialized:
   CUDA Toolkit: 12.8, Driver: 13.2
   Devices:
     "cpu"    | x86_64
     "cuda:0" | NVIDIA GeForce RTX 4080 SUPER (sm_89)
   Kernel cache: /root/.cache/warp/1.0.0-beta.2
Target faces : 672
Time for Remeshing: 0.16114425659179688 sec
Time for Simplification: 0.3137667179107666 sec
Module pamo_safe_project.kernels.geometry_kernels load on device 'cuda:0' took 25.54 ms
Module pamo_safe_project.kernels.energy_kernels.elastic_energy load on device 'cuda:0' took 20.72 ms
Module pamo_safe_project.kernels.energy_kernels.hinge_energy load on device 'cuda:0' took 57.53 ms
Module pamo_safe_project.kernels.energy_kernels.contact_detection load on device 'cuda:0' took 30.57 ms
Module pamo_safe_project.kernels.energy_kernels.distance_energy load on device 'cuda:0' took 42.98 ms
Module pamo_safe_project.kernels.energy_kernels.collision_energy load on device 'cuda:0' took 140.61 ms
Module pamo_safe_project.kernels.utils_kernels load on device 'cuda:0' took 5.66 ms
Module pamo_safe_project.kernels.solver_kernels load on device 'cuda:0' took 4.58 ms
Module warp.utils load on device 'cuda:0' took 2.21 ms
Module pamo_safe_project.kernels.distance_kernels.grad_funcs load on device 'cuda:0' took 32.67 ms
Module pamo_safe_project.kernels.distance_kernels.hessian_funcs load on device 'cuda:0' took 149.68 ms
Module pamo_safe_project.kernels.distance_kernels.distance_kernels load on device 'cuda:0' took 212.84 ms
Module pamo_safe_project.kernels.distance_kernels.grad_funcs_struct load on device 'cuda:0' took 30.54 ms
Module pamo_safe_project.kernels.distance_kernels.distance_kernels_struct load on device 'cuda:0' took 35.28 ms
Module pamo_safe_project.kernels.ccd_kernels load on device 'cuda:0' took 43.36 ms
Module pamo_safe_project.kernels.energy_kernels.lb_curvature_energy load on device 'cuda:0' took 5.62 ms
Module locality_gpu load on device 'cuda:0' took 1.18 ms
{"pamo_run_ms": 1912.9985645413399, "stage1": "original", "method": "full", "maintenance_ms": 4482.438324950635, "status": "pending_independent_audit"}
