Warp 1.0.0-beta.2 initialized:
   CUDA Toolkit: 12.8, Driver: 13.2
   Devices:
     "cpu"    | x86_64
     "cuda:0" | NVIDIA GeForce RTX 4090 (sm_89)
   Kernel cache: /root/.cache/warp/1.0.0-beta.2
Module pamo_safe_project.kernels.geometry_kernels load on device 'cuda:0' took 18.22 ms
Module pamo_safe_project.kernels.energy_kernels.elastic_energy load on device 'cuda:0' took 14.51 ms
Module pamo_safe_project.kernels.energy_kernels.hinge_energy load on device 'cuda:0' took 27.41 ms
Module pamo_safe_project.kernels.energy_kernels.contact_detection load on device 'cuda:0' took 17.95 ms
Module pamo_safe_project.kernels.energy_kernels.distance_energy load on device 'cuda:0' took 21.24 ms
Module pamo_safe_project.kernels.energy_kernels.collision_energy load on device 'cuda:0' took 71.40 ms
Module pamo_safe_project.kernels.utils_kernels load on device 'cuda:0' took 3.11 ms
Module tangent_plane_gpu load on device 'cuda:0' took 2.43 ms
Module locality_gpu load on device 'cuda:0' took 2.16 ms
Module pamo_safe_project.kernels.solver_kernels load on device 'cuda:0' took 4.48 ms
Module warp.utils load on device 'cuda:0' took 2.23 ms
Module pamo_safe_project.kernels.distance_kernels.grad_funcs load on device 'cuda:0' took 16.95 ms
Module pamo_safe_project.kernels.distance_kernels.hessian_funcs load on device 'cuda:0' took 73.92 ms
Module pamo_safe_project.kernels.distance_kernels.distance_kernels load on device 'cuda:0' took 109.01 ms
Module pamo_safe_project.kernels.distance_kernels.grad_funcs_struct load on device 'cuda:0' took 17.79 ms
Module pamo_safe_project.kernels.distance_kernels.distance_kernels_struct load on device 'cuda:0' took 19.05 ms
Module pamo_safe_project.kernels.ccd_kernels load on device 'cuda:0' took 23.25 ms
Module pamo_safe_project.kernels.energy_kernels.lb_curvature_energy load on device 'cuda:0' took 4.35 ms
