Stage1 :  True
Stage3 :  True
Warp 1.0.0-beta.2 initialized:
   CUDA Toolkit: 12.8, Driver: 13.2
   Devices:
     "cpu"    | x86_64
     "cuda:0" | NVIDIA GeForce RTX 4090 (sm_89)
   Kernel cache: /root/.cache/warp/1.0.0-beta.2
Target faces : 2594
Time for Remeshing: 0.0882420539855957 sec
Time for Simplification: 0.3531649112701416 sec
Module pamo_safe_project.kernels.geometry_kernels load on device 'cuda:0' took 11.99 ms
Module pamo_safe_project.kernels.energy_kernels.elastic_energy load on device 'cuda:0' took 10.72 ms
Module pamo_safe_project.kernels.energy_kernels.hinge_energy load on device 'cuda:0' took 26.08 ms
Module pamo_safe_project.kernels.energy_kernels.contact_detection load on device 'cuda:0' took 15.70 ms
Module pamo_safe_project.kernels.energy_kernels.distance_energy load on device 'cuda:0' took 21.45 ms
Module pamo_safe_project.kernels.energy_kernels.collision_energy load on device 'cuda:0' took 70.32 ms
Module pamo_safe_project.kernels.utils_kernels load on device 'cuda:0' took 3.13 ms
Module pamo_safe_project.kernels.solver_kernels load on device 'cuda:0' took 2.54 ms
Module warp.utils load on device 'cuda:0' took 1.37 ms
Module pamo_safe_project.kernels.distance_kernels.grad_funcs load on device 'cuda:0' took 16.63 ms
Module pamo_safe_project.kernels.distance_kernels.hessian_funcs load on device 'cuda:0' took 71.64 ms
Module pamo_safe_project.kernels.distance_kernels.distance_kernels load on device 'cuda:0' took 102.08 ms
Module pamo_safe_project.kernels.distance_kernels.grad_funcs_struct load on device 'cuda:0' took 15.37 ms
Module pamo_safe_project.kernels.distance_kernels.distance_kernels_struct load on device 'cuda:0' took 17.16 ms
Module pamo_safe_project.kernels.ccd_kernels load on device 'cuda:0' took 20.98 ms
Module pamo_safe_project.kernels.energy_kernels.lb_curvature_energy load on device 'cuda:0' took 3.13 ms
Module locality_gpu load on device 'cuda:0' took 0.73 ms
{"pamo_run_ms": 1373.1729751452804, "stage1": "original", "method": "full", "maintenance_ms": 3004.7843428328633, "status": "pending_independent_audit"}
