Stage1 :  True
Stage3 :  True
Warp 1.0.0-beta.2 initialized:
   CUDA Toolkit: 12.8, Driver: 13.2
   Devices:
     "cpu"    | x86_64
     "cuda:0" | NVIDIA GeForce RTX 4080 SUPER (sm_89)
   Kernel cache: /root/.cache/warp/1.0.0-beta.2
Target faces : 4204
Time for Remeshing: 0.07103109359741211 sec
Time for Simplification: 0.13931632041931152 sec
Module pamo_safe_project.kernels.geometry_kernels load on device 'cuda:0' took 32.53 ms
Module pamo_safe_project.kernels.energy_kernels.elastic_energy load on device 'cuda:0' took 21.66 ms
Module pamo_safe_project.kernels.energy_kernels.hinge_energy load on device 'cuda:0' took 76.21 ms
Module pamo_safe_project.kernels.energy_kernels.contact_detection load on device 'cuda:0' took 52.12 ms
Module pamo_safe_project.kernels.energy_kernels.distance_energy load on device 'cuda:0' took 73.36 ms
Module pamo_safe_project.kernels.energy_kernels.collision_energy load on device 'cuda:0' took 182.17 ms
Module pamo_safe_project.kernels.utils_kernels load on device 'cuda:0' took 11.88 ms
Module pamo_safe_project.kernels.solver_kernels load on device 'cuda:0' took 8.36 ms
Module warp.utils load on device 'cuda:0' took 4.24 ms
Module pamo_safe_project.kernels.distance_kernels.grad_funcs load on device 'cuda:0' took 62.86 ms
Module pamo_safe_project.kernels.distance_kernels.hessian_funcs load on device 'cuda:0' took 211.18 ms
Module pamo_safe_project.kernels.distance_kernels.distance_kernels load on device 'cuda:0' took 226.28 ms
Module pamo_safe_project.kernels.distance_kernels.grad_funcs_struct load on device 'cuda:0' took 30.53 ms
Module pamo_safe_project.kernels.distance_kernels.distance_kernels_struct load on device 'cuda:0' took 38.28 ms
Module pamo_safe_project.kernels.ccd_kernels load on device 'cuda:0' took 39.70 ms
Module pamo_safe_project.kernels.energy_kernels.lb_curvature_energy load on device 'cuda:0' took 5.55 ms
Module locality_gpu load on device 'cuda:0' took 1.15 ms
{"pamo_run_ms": 2049.9607184901834, "stage1": "original", "method": "full", "maintenance_ms": 5324.615069665015, "status": "pending_independent_audit"}
