Stage1 :  True
Stage3 :  True
Warp 1.0.0-beta.2 initialized:
   CUDA Toolkit: 12.8, Driver: 13.2
   Devices:
     "cpu"    | x86_64
     "cuda:0" | NVIDIA GeForce RTX 4080 SUPER (sm_89)
   Kernel cache: /root/.cache/warp/1.0.0-beta.2
Target faces : 860
Time for Remeshing: 0.08967041969299316 sec
Time for Simplification: 0.2826700210571289 sec
Module pamo_safe_project.kernels.geometry_kernels load on device 'cuda:0' took 121.10 ms
Module pamo_safe_project.kernels.energy_kernels.elastic_energy load on device 'cuda:0' took 21.12 ms
Module pamo_safe_project.kernels.energy_kernels.hinge_energy load on device 'cuda:0' took 51.31 ms
Module pamo_safe_project.kernels.energy_kernels.contact_detection load on device 'cuda:0' took 30.29 ms
Module pamo_safe_project.kernels.energy_kernels.distance_energy load on device 'cuda:0' took 39.91 ms
Module pamo_safe_project.kernels.energy_kernels.collision_energy load on device 'cuda:0' took 136.45 ms
Module pamo_safe_project.kernels.utils_kernels load on device 'cuda:0' took 5.88 ms
Module pamo_safe_project.kernels.solver_kernels load on device 'cuda:0' took 4.76 ms
Module warp.utils load on device 'cuda:0' took 2.39 ms
Module pamo_safe_project.kernels.distance_kernels.grad_funcs load on device 'cuda:0' took 32.70 ms
Module pamo_safe_project.kernels.distance_kernels.hessian_funcs load on device 'cuda:0' took 141.52 ms
Module pamo_safe_project.kernels.distance_kernels.distance_kernels load on device 'cuda:0' took 199.76 ms
Module pamo_safe_project.kernels.distance_kernels.grad_funcs_struct load on device 'cuda:0' took 30.75 ms
Module pamo_safe_project.kernels.distance_kernels.distance_kernels_struct load on device 'cuda:0' took 33.64 ms
Module pamo_safe_project.kernels.ccd_kernels load on device 'cuda:0' took 40.19 ms
Module pamo_safe_project.kernels.energy_kernels.lb_curvature_energy load on device 'cuda:0' took 5.68 ms
Module locality_gpu load on device 'cuda:0' took 1.28 ms
