Warp 1.0.0-beta.2 initialized:
   CUDA Toolkit: 12.8, Driver: 13.2
   Devices:
     "cpu"    | x86_64
     "cuda:0" | NVIDIA GeForce RTX 4080 SUPER (sm_89)
   Kernel cache: /root/.cache/warp/1.0.0-beta.2
[33;20mWARNING - Triangle area is too small (min_area=1.627177971568473e-13), may cause numerical instability (system.py:213)[0m
Module pamo_safe_project.kernels.geometry_kernels load on device 'cuda:0' took 48.17 ms
Module pamo_safe_project.kernels.energy_kernels.elastic_energy load on device 'cuda:0' took 43.66 ms
Module pamo_safe_project.kernels.energy_kernels.hinge_energy load on device 'cuda:0' took 89.27 ms
Module pamo_safe_project.kernels.energy_kernels.precision_contact_detection load on device 'cuda:0' took 32.56 ms
Module pamo_safe_project.kernels.energy_kernels.distance_energy load on device 'cuda:0' took 43.92 ms
Module pamo_safe_project.kernels.energy_kernels.precision_gradient_collision_energy load on device 'cuda:0' took 119.08 ms
Module pamo_safe_project.kernels.utils_kernels load on device 'cuda:0' took 8.03 ms
Module tangent_plane_gpu load on device 'cuda:0' took 2.98 ms
Module locality_gpu load on device 'cuda:0' took 1.48 ms
Module pamo_safe_project.kernels.solver_kernels load on device 'cuda:0' took 5.79 ms
Module warp.utils load on device 'cuda:0' took 2.89 ms
Module pamo_safe_project.kernels.distance_kernels.grad_funcs load on device 'cuda:0' took 36.38 ms
Module pamo_safe_project.kernels.distance_kernels.hessian_funcs load on device 'cuda:0' took 156.77 ms
Module pamo_safe_project.kernels.distance_kernels.distance_kernels load on device 'cuda:0' took 210.93 ms
Module pamo_safe_project.kernels.distance_kernels.grad_funcs_struct load on device 'cuda:0' took 33.54 ms
Module pamo_safe_project.kernels.distance_kernels.distance_kernels_struct load on device 'cuda:0' took 35.51 ms
Module pamo_safe_project.kernels.energy_kernels.collision_energy load on device 'cuda:0' took 142.97 ms
Module pamo_safe_project.kernels.ccd_kernels load on device 'cuda:0' took 42.58 ms
Module pamo_safe_project.kernels.energy_kernels.lb_curvature_energy load on device 'cuda:0' took 5.86 ms
Module pamo_safe_project.kernels.energy_kernels.contact_detection load on device 'cuda:0' took 32.94 ms
Module robust_pt_gpu load on device 'cuda:0' took 8.70 ms
Module pamo_safe_project.kernels.energy_kernels.precision_collision_energy load on device 'cuda:0' took 146.30 ms
Module pamo_safe_project.kernels.precision_ccd_kernels load on device 'cuda:0' took 44.76 ms
Module robust_pt_gradient_gpu load on device 'cuda:0' took 10.56 ms
