# of input verts : 1164
# of input faces : 2324
Stage1 :  True
Stage3 :  True
Warp 1.0.0-beta.2 initialized:
   CUDA Toolkit: 12.8, Driver: 13.2
   Devices:
     "cpu"    | x86_64
     "cuda:0" | NVIDIA GeForce RTX 4080 SUPER (sm_89)
   Kernel cache: /root/.cache/warp/1.0.0-beta.2
Target faces : 2324
Time for Remeshing: 0.0743405818939209 sec
Time for Simplification: 0.5050714015960693 sec
Module pamo_safe_project.kernels.geometry_kernels load on device 'cuda:0' took 135.69 ms
Module pamo_safe_project.kernels.energy_kernels.elastic_energy load on device 'cuda:0' took 14.51 ms
Module pamo_safe_project.kernels.energy_kernels.hinge_energy load on device 'cuda:0' took 35.67 ms
Module pamo_safe_project.kernels.energy_kernels.contact_detection load on device 'cuda:0' took 20.58 ms
Module pamo_safe_project.kernels.energy_kernels.distance_energy load on device 'cuda:0' took 27.52 ms
Module pamo_safe_project.kernels.energy_kernels.collision_energy load on device 'cuda:0' took 91.44 ms
Module pamo_safe_project.kernels.utils_kernels load on device 'cuda:0' took 4.40 ms
Module pamo_safe_project.kernels.solver_kernels load on device 'cuda:0' took 4.08 ms
Module warp.utils load on device 'cuda:0' took 1.87 ms
Module pamo_safe_project.kernels.distance_kernels.grad_funcs load on device 'cuda:0' took 22.42 ms
Module pamo_safe_project.kernels.distance_kernels.hessian_funcs load on device 'cuda:0' took 97.75 ms
Module pamo_safe_project.kernels.distance_kernels.distance_kernels load on device 'cuda:0' took 139.05 ms
Module pamo_safe_project.kernels.distance_kernels.grad_funcs_struct load on device 'cuda:0' took 21.05 ms
Module pamo_safe_project.kernels.distance_kernels.distance_kernels_struct load on device 'cuda:0' took 22.82 ms
Module pamo_safe_project.kernels.ccd_kernels load on device 'cuda:0' took 27.69 ms
Module pamo_safe_project.kernels.energy_kernels.lb_curvature_energy load on device 'cuda:0' took 3.97 ms
Total time:  1.7951786518096924
# of output verts : 1130
# of output faces : 2256
