# of input verts : 1969
# of input faces : 3934
Stage1 :  True
Stage3 :  True
Warp 1.0.0-beta.2 initialized:
   CUDA Toolkit: 12.8, Driver: 13.2
   Devices:
     "cpu"    | x86_64
     "cuda:0" | NVIDIA GeForce RTX 4080 SUPER (sm_89)
   Kernel cache: /root/.cache/warp/1.0.0-beta.2
Target faces : 3934
Time for Remeshing: 0.12081480026245117 sec
Time for Simplification: 0.8615899085998535 sec
Module pamo_safe_project.kernels.geometry_kernels load on device 'cuda:0' took 181.79 ms
Module pamo_safe_project.kernels.energy_kernels.elastic_energy load on device 'cuda:0' took 15.10 ms
Module pamo_safe_project.kernels.energy_kernels.hinge_energy load on device 'cuda:0' took 40.82 ms
Module pamo_safe_project.kernels.energy_kernels.contact_detection load on device 'cuda:0' took 22.04 ms
Module pamo_safe_project.kernels.energy_kernels.distance_energy load on device 'cuda:0' took 29.13 ms
Module pamo_safe_project.kernels.energy_kernels.collision_energy load on device 'cuda:0' took 102.44 ms
Module pamo_safe_project.kernels.utils_kernels load on device 'cuda:0' took 4.45 ms
Module pamo_safe_project.kernels.solver_kernels load on device 'cuda:0' took 3.62 ms
Module warp.utils load on device 'cuda:0' took 1.88 ms
Module pamo_safe_project.kernels.distance_kernels.grad_funcs load on device 'cuda:0' took 23.83 ms
Module pamo_safe_project.kernels.distance_kernels.hessian_funcs load on device 'cuda:0' took 110.77 ms
Module pamo_safe_project.kernels.distance_kernels.distance_kernels load on device 'cuda:0' took 152.76 ms
Module pamo_safe_project.kernels.distance_kernels.grad_funcs_struct load on device 'cuda:0' took 23.68 ms
Module pamo_safe_project.kernels.distance_kernels.distance_kernels_struct load on device 'cuda:0' took 27.37 ms
Module pamo_safe_project.kernels.ccd_kernels load on device 'cuda:0' took 31.17 ms
Module pamo_safe_project.kernels.energy_kernels.lb_curvature_energy load on device 'cuda:0' took 4.44 ms
Total time:  2.3532586097717285
# of output verts : 1953
# of output faces : 3898
