# of input verts : 1090
# of input faces : 2176
Stage1 :  True
Stage3 :  True
Warp 1.0.0-beta.2 initialized:
   CUDA Toolkit: 12.8, Driver: 13.2
   Devices:
     "cpu"    | x86_64
     "cuda:0" | NVIDIA GeForce RTX 4080 SUPER (sm_89)
   Kernel cache: /root/.cache/warp/1.0.0-beta.2
Target faces : 2176
Time for Remeshing: 0.08917427062988281 sec
Time for Simplification: 0.7454342842102051 sec
Module pamo_safe_project.kernels.geometry_kernels load on device 'cuda:0' took 89.93 ms
Module pamo_safe_project.kernels.energy_kernels.elastic_energy load on device 'cuda:0' took 14.79 ms
Module pamo_safe_project.kernels.energy_kernels.hinge_energy load on device 'cuda:0' took 37.45 ms
Module pamo_safe_project.kernels.energy_kernels.contact_detection load on device 'cuda:0' took 20.51 ms
Module pamo_safe_project.kernels.energy_kernels.distance_energy load on device 'cuda:0' took 27.74 ms
Module pamo_safe_project.kernels.energy_kernels.collision_energy load on device 'cuda:0' took 96.34 ms
Module pamo_safe_project.kernels.utils_kernels load on device 'cuda:0' took 4.29 ms
Module pamo_safe_project.kernels.solver_kernels load on device 'cuda:0' took 3.22 ms
Module warp.utils load on device 'cuda:0' took 1.57 ms
Module pamo_safe_project.kernels.distance_kernels.grad_funcs load on device 'cuda:0' took 23.45 ms
Module pamo_safe_project.kernels.distance_kernels.hessian_funcs load on device 'cuda:0' took 102.85 ms
Module pamo_safe_project.kernels.distance_kernels.distance_kernels load on device 'cuda:0' took 141.67 ms
Module pamo_safe_project.kernels.distance_kernels.grad_funcs_struct load on device 'cuda:0' took 21.27 ms
Module pamo_safe_project.kernels.distance_kernels.distance_kernels_struct load on device 'cuda:0' took 23.30 ms
Module pamo_safe_project.kernels.ccd_kernels load on device 'cuda:0' took 27.52 ms
Module pamo_safe_project.kernels.energy_kernels.lb_curvature_energy load on device 'cuda:0' took 3.93 ms
Total time:  2.0000433921813965
# of output verts : 1075
# of output faces : 2142
