Stage1 :  True
Stage3 :  True
{"original_config_sha256": "df1eb24db57394c32e31f6d67a58cd7ef6c25febc11aff39c5e9503ee82d6390", "max_blocks": 67108864}
Warp 1.0.0-beta.2 initialized:
   CUDA Toolkit: 12.8, Driver: 13.2
   Devices:
     "cpu"    | x86_64
     "cuda:0" | NVIDIA GeForce RTX 4080 SUPER (sm_89)
   Kernel cache: /root/.cache/warp/1.0.0-beta.2
Target faces : 4204
Time for Remeshing: 0.09363341331481934 sec
Time for Simplification: 0.16176247596740723 sec
Module pamo_safe_project.kernels.geometry_kernels load on device 'cuda:0' took 25.13 ms
Module pamo_safe_project.kernels.energy_kernels.elastic_energy load on device 'cuda:0' took 178.06 ms
Module pamo_safe_project.kernels.energy_kernels.hinge_energy load on device 'cuda:0' took 52.01 ms
Module pamo_safe_project.kernels.energy_kernels.contact_detection load on device 'cuda:0' took 56.55 ms
Module pamo_safe_project.kernels.energy_kernels.distance_energy load on device 'cuda:0' took 41.17 ms
Module pamo_safe_project.kernels.energy_kernels.collision_energy load on device 'cuda:0' took 136.49 ms
Module pamo_safe_project.kernels.utils_kernels load on device 'cuda:0' took 5.98 ms
Module pamo_safe_project.kernels.solver_kernels load on device 'cuda:0' took 4.78 ms
Module warp.utils load on device 'cuda:0' took 2.50 ms
Module pamo_safe_project.kernels.distance_kernels.grad_funcs load on device 'cuda:0' took 34.49 ms
Module pamo_safe_project.kernels.distance_kernels.hessian_funcs load on device 'cuda:0' took 142.16 ms
Module pamo_safe_project.kernels.distance_kernels.distance_kernels load on device 'cuda:0' took 203.67 ms
Module pamo_safe_project.kernels.distance_kernels.grad_funcs_struct load on device 'cuda:0' took 30.89 ms
Module pamo_safe_project.kernels.distance_kernels.distance_kernels_struct load on device 'cuda:0' took 34.04 ms
Module pamo_safe_project.kernels.ccd_kernels load on device 'cuda:0' took 41.06 ms
Module pamo_safe_project.kernels.energy_kernels.lb_curvature_energy load on device 'cuda:0' took 5.98 ms
Module locality_gpu load on device 'cuda:0' took 1.36 ms
{"pamo_run_ms": 2090.9734619781375, "stage1": "original", "method": "full", "maintenance_ms": 2473.3525989577174, "status": "pending_independent_audit"}
