o-[Process     ] Max used threads = 4
o-[I/O         ] Loading file /tmp/geogram_native_quality_20261006_17/inputs/02_parent.obj...
o-[I/O         ] (FP64) nb_v:642 nb_e:0 nb_f:1280 nb_b:0 tri:1 dim:3
o-[I/O         ] Attributes on vertices: point[3]
o-[I/O         ] Loading file /tmp/geogram_native_quality_20261006_17/inputs/02_tool.obj...
o-[I/O         ] (FP64) nb_v:162 nb_e:0 nb_f:320 nb_b:0 tri:1 dim:3
o-[I/O         ] Attributes on vertices: point[3]
NATIVE_QUALITY_REGION {"group":1276,"boundary_attempt":false,"point_budget":64,"source_facets":15,"boundary_points":17,"new_points":1,"boundary_unchanged":true,"before_bad":14,"after_score_computed":true,"after_bad":10,"after_valid":true,"before_bad_area":0.174386,"after_bad_area":0.0927776,"selected":true}
NATIVE_QUALITY_REGION {"group":1277,"boundary_attempt":false,"point_budget":64,"source_facets":18,"boundary_points":20,"new_points":2,"boundary_unchanged":true,"before_bad":13,"after_score_computed":true,"after_bad":11,"after_valid":true,"before_bad_area":0.0898831,"after_bad_area":0.0315406,"selected":true}
NATIVE_QUALITY_REGION {"group":1278,"boundary_attempt":false,"point_budget":64,"source_facets":18,"boundary_points":20,"new_points":4,"boundary_unchanged":true,"before_bad":14,"after_score_computed":true,"after_bad":11,"after_valid":true,"before_bad_area":0.106283,"after_bad_area":0.0437788,"selected":true}
NATIVE_QUALITY_REGION {"group":1280,"boundary_attempt":false,"point_budget":64,"source_facets":3,"boundary_points":5,"new_points":0,"boundary_unchanged":true,"before_bad":1,"after_score_computed":true,"after_bad":1,"after_valid":true,"before_bad_area":7.41643e-05,"after_bad_area":7.41643e-05,"selected":false}
NATIVE_QUALITY_REGION {"group":1374,"boundary_attempt":false,"point_budget":64,"source_facets":2,"boundary_points":4,"new_points":0,"boundary_unchanged":true,"before_bad":1,"after_score_computed":true,"after_bad":1,"after_valid":true,"before_bad_area":0.000853333,"after_bad_area":0.000853333,"selected":false}
NATIVE_QUALITY_REGION {"group":1374,"boundary_attempt":true,"point_budget":128,"source_facets":2,"boundary_points":4,"new_points":2,"boundary_unchanged":true,"before_bad":1,"after_score_computed":true,"after_bad":0,"after_valid":true,"before_bad_area":0.000853333,"after_bad_area":0,"selected":true}
NATIVE_QUALITY_REGION {"group":1393,"boundary_attempt":false,"point_budget":64,"source_facets":3,"boundary_points":5,"new_points":1,"boundary_unchanged":true,"before_bad":1,"after_score_computed":true,"after_bad":1,"after_valid":true,"before_bad_area":2.53491e-05,"after_bad_area":2.05606e-05,"selected":true}
NATIVE_QUALITY_REGION {"group":1402,"boundary_attempt":false,"point_budget":64,"source_facets":2,"boundary_points":4,"new_points":0,"boundary_unchanged":true,"before_bad":1,"after_score_computed":true,"after_bad":1,"after_valid":true,"before_bad_area":0.000320001,"after_bad_area":0.000320001,"selected":false}
NATIVE_QUALITY_REGION {"group":1402,"boundary_attempt":true,"point_budget":128,"source_facets":2,"boundary_points":4,"new_points":7,"boundary_unchanged":true,"before_bad":1,"after_score_computed":true,"after_bad":0,"after_valid":true,"before_bad_area":0.000320001,"after_bad_area":0,"selected":true}
NATIVE_QUALITY_REGION {"group":1404,"boundary_attempt":false,"point_budget":64,"source_facets":2,"boundary_points":4,"new_points":0,"boundary_unchanged":true,"before_bad":1,"after_score_computed":true,"after_bad":1,"after_valid":true,"before_bad_area":0.0012433,"after_bad_area":0.0012433,"selected":false}
NATIVE_QUALITY_REGION {"group":1404,"boundary_attempt":true,"point_budget":128,"source_facets":2,"boundary_points":4,"new_points":2,"boundary_unchanged":true,"before_bad":1,"after_score_computed":true,"after_bad":0,"after_valid":true,"before_bad_area":0.0012433,"after_bad_area":0,"selected":true}
NATIVE_QUALITY_REGION {"group":1408,"boundary_attempt":false,"point_budget":64,"source_facets":3,"boundary_points":5,"new_points":0,"boundary_unchanged":true,"before_bad":2,"after_score_computed":true,"after_bad":2,"after_valid":true,"before_bad_area":0.000660125,"after_bad_area":0.000660125,"selected":false}
NATIVE_QUALITY_REGION {"group":1384,"boundary_attempt":false,"point_budget":128,"source_facets":29,"boundary_points":27,"new_points":2,"boundary_unchanged":true,"before_bad":20,"after_score_computed":true,"after_bad":18,"after_valid":true,"before_bad_area":0.0898831,"after_bad_area":0.0315406,"selected":true}
NATIVE_QUALITY_REGION {"group":1385,"boundary_attempt":false,"point_budget":128,"source_facets":32,"boundary_points":26,"new_points":4,"boundary_unchanged":true,"before_bad":20,"after_score_computed":true,"after_bad":17,"after_valid":true,"before_bad_area":0.106283,"after_bad_area":0.0437788,"selected":true}
NATIVE_QUALITY_REGION {"group":1413,"boundary_attempt":false,"point_budget":128,"source_facets":8,"boundary_points":10,"new_points":3,"boundary_unchanged":true,"before_bad":8,"after_score_computed":true,"after_bad":2,"after_valid":true,"before_bad_area":0.0076262,"after_bad_area":0.000287976,"selected":true}
o-[QualityBoundary] shared_edges=0 before_bad=53 after_bad=53 before_area=0.169224 after_area=0.169224 accepted=1
o-[QualityBoundary] shared_edges=11 before_bad=45 after_bad=53 before_area=0.173868 after_area=0.169224 accepted=0
NATIVE_RESULT {"load_ms":1.1551039999999999,"boolean_ms":49.088509999999999,"save_ms":2.280996,"faces":1514,"vertices":759,"simplify":true}
