o-[Process     ] Max used threads = 4
o-[I/O         ] Loading file /tmp/geogram_native_quality_20261006_21/inputs/11_parent.obj...
o-[I/O         ] (FP64) nb_v:22028 nb_e:0 nb_f:44052 nb_b:0 tri:1 dim:3
o-[I/O         ] Attributes on vertices: point[3]
o-[I/O         ] Loading file /tmp/geogram_native_quality_20261006_21/inputs/11_tool.obj...
o-[I/O         ] (FP64) nb_v:674 nb_e:0 nb_f:1344 nb_b:0 tri:1 dim:3
o-[I/O         ] Attributes on vertices: point[3]
o-[FloatEdge   ] contracted_zero_length_edges=0 contracted_machine_new_edges=4 max_length=5.12647e-15
o-[FloatEdge   ] contracted_zero_length_edges=0 contracted_machine_new_edges=2 max_length=6.2865e-16
o-[FloatEdgeStage] before_coplanar=6
NATIVE_QUALITY_REGION {"group":40312,"boundary_attempt":false,"point_budget":64,"source_facets":5,"boundary_points":7,"new_points":2,"boundary_unchanged":true,"before_bad":1,"after_score_computed":true,"after_bad":0,"after_valid":true,"before_bad_area":0.0017866,"after_bad_area":0,"selected":true}
NATIVE_QUALITY_REGION {"group":41265,"boundary_attempt":false,"point_budget":64,"source_facets":2,"boundary_points":4,"new_points":0,"boundary_unchanged":true,"before_bad":1,"after_score_computed":true,"after_bad":1,"after_valid":true,"before_bad_area":0.000746336,"after_bad_area":0.000746336,"selected":false}
NATIVE_QUALITY_REGION {"group":41265,"boundary_attempt":true,"point_budget":128,"source_facets":2,"boundary_points":4,"new_points":3,"boundary_unchanged":true,"before_bad":1,"after_score_computed":true,"after_bad":0,"after_valid":true,"before_bad_area":0.000746336,"after_bad_area":0,"selected":true}
NATIVE_QUALITY_REGION {"group":41377,"boundary_attempt":false,"point_budget":64,"source_facets":2,"boundary_points":4,"new_points":0,"boundary_unchanged":true,"before_bad":1,"after_score_computed":true,"after_bad":1,"after_valid":true,"before_bad_area":0.000177157,"after_bad_area":0.000177157,"selected":false}
NATIVE_QUALITY_REGION {"group":41377,"boundary_attempt":true,"point_budget":128,"source_facets":2,"boundary_points":4,"new_points":5,"boundary_unchanged":true,"before_bad":1,"after_score_computed":true,"after_bad":0,"after_valid":true,"before_bad_area":0.000177157,"after_bad_area":0,"selected":true}
NATIVE_QUALITY_REGION {"group":41412,"boundary_attempt":false,"point_budget":64,"source_facets":2,"boundary_points":4,"new_points":0,"boundary_unchanged":true,"before_bad":1,"after_score_computed":true,"after_bad":1,"after_valid":true,"before_bad_area":0.000175416,"after_bad_area":0.000175416,"selected":false}
NATIVE_QUALITY_REGION {"group":41412,"boundary_attempt":true,"point_budget":128,"source_facets":2,"boundary_points":4,"new_points":10,"boundary_unchanged":true,"before_bad":1,"after_score_computed":true,"after_bad":0,"after_valid":true,"before_bad_area":0.000175416,"after_bad_area":0,"selected":true}
NATIVE_QUALITY_REGION {"group":41442,"boundary_attempt":false,"point_budget":64,"source_facets":3,"boundary_points":5,"new_points":1,"boundary_unchanged":true,"before_bad":1,"after_score_computed":true,"after_bad":2,"after_valid":true,"before_bad_area":0.0001437,"after_bad_area":0.000737214,"selected":false}
NATIVE_QUALITY_REGION {"group":41468,"boundary_attempt":false,"point_budget":64,"source_facets":4,"boundary_points":6,"new_points":1,"boundary_unchanged":true,"before_bad":1,"after_score_computed":true,"after_bad":2,"after_valid":true,"before_bad_area":0.000150259,"after_bad_area":0.000614188,"selected":false}
NATIVE_QUALITY_REGION {"group":41471,"boundary_attempt":false,"point_budget":64,"source_facets":5,"boundary_points":7,"new_points":1,"boundary_unchanged":true,"before_bad":1,"after_score_computed":true,"after_bad":1,"after_valid":true,"before_bad_area":0.000157769,"after_bad_area":0.00084427,"selected":false}
NATIVE_QUALITY_REGION {"group":41555,"boundary_attempt":false,"point_budget":64,"source_facets":4,"boundary_points":6,"new_points":1,"boundary_unchanged":true,"before_bad":1,"after_score_computed":true,"after_bad":0,"after_valid":true,"before_bad_area":0.00131942,"after_bad_area":0,"selected":true}
NATIVE_QUALITY_REGION {"group":41556,"boundary_attempt":false,"point_budget":64,"source_facets":4,"boundary_points":6,"new_points":0,"boundary_unchanged":true,"before_bad":1,"after_score_computed":true,"after_bad":1,"after_valid":true,"before_bad_area":0.000160774,"after_bad_area":0.000160774,"selected":false}
NATIVE_QUALITY_REGION {"group":41562,"boundary_attempt":false,"point_budget":64,"source_facets":5,"boundary_points":7,"new_points":2,"boundary_unchanged":true,"before_bad":2,"after_score_computed":true,"after_bad":0,"after_valid":true,"before_bad_area":0.00349826,"after_bad_area":0,"selected":true}
NATIVE_QUALITY_REGION {"group":41649,"boundary_attempt":false,"point_budget":64,"source_facets":3,"boundary_points":5,"new_points":2,"boundary_unchanged":true,"before_bad":2,"after_score_computed":true,"after_bad":0,"after_valid":true,"before_bad_area":0.00323241,"after_bad_area":0,"selected":true}
NATIVE_QUALITY_REGION {"group":41653,"boundary_attempt":false,"point_budget":64,"source_facets":4,"boundary_points":6,"new_points":1,"boundary_unchanged":true,"before_bad":1,"after_score_computed":true,"after_bad":0,"after_valid":true,"before_bad_area":0.00217535,"after_bad_area":0,"selected":true}
NATIVE_QUALITY_REGION {"group":41723,"boundary_attempt":false,"point_budget":64,"source_facets":6,"boundary_points":8,"new_points":1,"boundary_unchanged":true,"before_bad":1,"after_score_computed":true,"after_bad":0,"after_valid":true,"before_bad_area":0.000993514,"after_bad_area":0,"selected":true}
NATIVE_QUALITY_REGION {"group":41758,"boundary_attempt":false,"point_budget":64,"source_facets":3,"boundary_points":5,"new_points":0,"boundary_unchanged":true,"before_bad":1,"after_score_computed":true,"after_bad":1,"after_valid":true,"before_bad_area":0.000269585,"after_bad_area":0.000269585,"selected":false}
NATIVE_QUALITY_REGION {"group":41779,"boundary_attempt":false,"point_budget":64,"source_facets":5,"boundary_points":7,"new_points":1,"boundary_unchanged":true,"before_bad":1,"after_score_computed":true,"after_bad":0,"after_valid":true,"before_bad_area":0.00128861,"after_bad_area":0,"selected":true}
NATIVE_QUALITY_REGION {"group":41782,"boundary_attempt":false,"point_budget":64,"source_facets":6,"boundary_points":8,"new_points":1,"boundary_unchanged":true,"before_bad":1,"after_score_computed":true,"after_bad":2,"after_valid":true,"before_bad_area":0.000310222,"after_bad_area":0.0014922,"selected":false}
NATIVE_QUALITY_REGION {"group":41974,"boundary_attempt":false,"point_budget":64,"source_facets":2,"boundary_points":4,"new_points":0,"boundary_unchanged":true,"before_bad":1,"after_score_computed":true,"after_bad":1,"after_valid":true,"before_bad_area":0.00142008,"after_bad_area":0.00142008,"selected":false}
NATIVE_QUALITY_REGION {"group":41974,"boundary_attempt":true,"point_budget":128,"source_facets":2,"boundary_points":4,"new_points":2,"boundary_unchanged":true,"before_bad":1,"after_score_computed":true,"after_bad":0,"after_valid":true,"before_bad_area":0.00142008,"after_bad_area":0,"selected":true}
NATIVE_QUALITY_REGION {"group":41983,"boundary_attempt":false,"point_budget":64,"source_facets":2,"boundary_points":4,"new_points":1,"boundary_unchanged":true,"before_bad":1,"after_score_computed":true,"after_bad":2,"after_valid":true,"before_bad_area":9.14896e-05,"after_bad_area":0.000524879,"selected":false}
NATIVE_QUALITY_REGION {"group":41983,"boundary_attempt":true,"point_budget":128,"source_facets":2,"boundary_points":4,"new_points":12,"boundary_unchanged":true,"before_bad":1,"after_score_computed":true,"after_bad":0,"after_valid":true,"before_bad_area":9.14896e-05,"after_bad_area":0,"selected":true}
NATIVE_QUALITY_REGION {"group":41988,"boundary_attempt":false,"point_budget":64,"source_facets":2,"boundary_points":4,"new_points":0,"boundary_unchanged":true,"before_bad":1,"after_score_computed":true,"after_bad":1,"after_valid":true,"before_bad_area":0.000181568,"after_bad_area":0.000181568,"selected":false}
NATIVE_QUALITY_REGION {"group":41988,"boundary_attempt":true,"point_budget":128,"source_facets":2,"boundary_points":4,"new_points":6,"boundary_unchanged":true,"before_bad":1,"after_score_computed":true,"after_bad":0,"after_valid":true,"before_bad_area":0.000181568,"after_bad_area":0,"selected":true}
NATIVE_QUALITY_REGION {"group":42051,"boundary_attempt":false,"point_budget":64,"source_facets":2,"boundary_points":4,"new_points":0,"boundary_unchanged":true,"before_bad":1,"after_score_computed":true,"after_bad":1,"after_valid":true,"before_bad_area":7.99624e-05,"after_bad_area":7.99624e-05,"selected":false}
NATIVE_QUALITY_REGION {"group":42051,"boundary_attempt":true,"point_budget":128,"source_facets":2,"boundary_points":4,"new_points":11,"boundary_unchanged":true,"before_bad":1,"after_score_computed":true,"after_bad":0,"after_valid":true,"before_bad_area":7.99624e-05,"after_bad_area":0,"selected":true}
NATIVE_QUALITY_REGION {"group":42052,"boundary_attempt":false,"point_budget":64,"source_facets":2,"boundary_points":4,"new_points":0,"boundary_unchanged":true,"before_bad":1,"after_score_computed":true,"after_bad":1,"after_valid":true,"before_bad_area":6.4206e-05,"after_bad_area":6.4206e-05,"selected":false}
NATIVE_QUALITY_REGION {"group":42052,"boundary_attempt":true,"point_budget":128,"source_facets":2,"boundary_points":4,"new_points":11,"boundary_unchanged":true,"before_bad":1,"after_score_computed":true,"after_bad":0,"after_valid":true,"before_bad_area":6.4206e-05,"after_bad_area":0,"selected":true}
NATIVE_QUALITY_REGION {"group":42078,"boundary_attempt":false,"point_budget":64,"source_facets":2,"boundary_points":4,"new_points":0,"boundary_unchanged":true,"before_bad":1,"after_score_computed":true,"after_bad":1,"after_valid":true,"before_bad_area":0.000135506,"after_bad_area":0.000135506,"selected":false}
NATIVE_QUALITY_REGION {"group":42078,"boundary_attempt":true,"point_budget":128,"source_facets":2,"boundary_points":4,"new_points":1,"boundary_unchanged":true,"before_bad":1,"after_score_computed":true,"after_bad":0,"after_valid":true,"before_bad_area":0.000135506,"after_bad_area":0,"selected":true}
NATIVE_QUALITY_REGION {"group":42098,"boundary_attempt":false,"point_budget":64,"source_facets":2,"boundary_points":4,"new_points":0,"boundary_unchanged":true,"before_bad":1,"after_score_computed":true,"after_bad":1,"after_valid":true,"before_bad_area":0.00263312,"after_bad_area":0.00263312,"selected":false}
NATIVE_QUALITY_REGION {"group":42098,"boundary_attempt":true,"point_budget":128,"source_facets":2,"boundary_points":4,"new_points":3,"boundary_unchanged":true,"before_bad":1,"after_score_computed":true,"after_bad":0,"after_valid":true,"before_bad_area":0.00263312,"after_bad_area":0,"selected":true}
NATIVE_QUALITY_REGION {"group":42101,"boundary_attempt":false,"point_budget":64,"source_facets":2,"boundary_points":4,"new_points":0,"boundary_unchanged":true,"before_bad":1,"after_score_computed":true,"after_bad":1,"after_valid":true,"before_bad_area":0.00131237,"after_bad_area":0.00131237,"selected":false}
NATIVE_QUALITY_REGION {"group":42101,"boundary_attempt":true,"point_budget":128,"source_facets":2,"boundary_points":4,"new_points":8,"boundary_unchanged":true,"before_bad":1,"after_score_computed":true,"after_bad":0,"after_valid":true,"before_bad_area":0.00131237,"after_bad_area":0,"selected":true}
NATIVE_QUALITY_REGION {"group":42111,"boundary_attempt":false,"point_budget":64,"source_facets":3,"boundary_points":5,"new_points":0,"boundary_unchanged":true,"before_bad":2,"after_score_computed":true,"after_bad":2,"after_valid":true,"before_bad_area":0.00426318,"after_bad_area":0.00426318,"selected":false}
NATIVE_QUALITY_REGION {"group":42112,"boundary_attempt":false,"point_budget":64,"source_facets":2,"boundary_points":4,"new_points":0,"boundary_unchanged":true,"before_bad":1,"after_score_computed":true,"after_bad":1,"after_valid":true,"before_bad_area":0.00200041,"after_bad_area":0.00200041,"selected":false}
NATIVE_QUALITY_REGION {"group":42112,"boundary_attempt":true,"point_budget":128,"source_facets":2,"boundary_points":4,"new_points":7,"boundary_unchanged":true,"before_bad":1,"after_score_computed":true,"after_bad":0,"after_valid":true,"before_bad_area":0.00200041,"after_bad_area":0,"selected":true}
NATIVE_QUALITY_REGION {"group":42121,"boundary_attempt":false,"point_budget":64,"source_facets":3,"boundary_points":5,"new_points":0,"boundary_unchanged":true,"before_bad":1,"after_score_computed":true,"after_bad":1,"after_valid":true,"before_bad_area":0.00467107,"after_bad_area":0.00467107,"selected":false}
NATIVE_QUALITY_REGION {"group":42131,"boundary_attempt":false,"point_budget":64,"source_facets":3,"boundary_points":5,"new_points":0,"boundary_unchanged":true,"before_bad":1,"after_score_computed":true,"after_bad":1,"after_valid":true,"before_bad_area":0.00530931,"after_bad_area":0.00530931,"selected":false}
NATIVE_QUALITY_REGION {"group":42138,"boundary_attempt":false,"point_budget":64,"source_facets":2,"boundary_points":4,"new_points":0,"boundary_unchanged":true,"before_bad":1,"after_score_computed":true,"after_bad":1,"after_valid":true,"before_bad_area":0.00165311,"after_bad_area":0.00165311,"selected":false}
NATIVE_QUALITY_REGION {"group":42138,"boundary_attempt":true,"point_budget":128,"source_facets":2,"boundary_points":4,"new_points":2,"boundary_unchanged":true,"before_bad":1,"after_score_computed":true,"after_bad":0,"after_valid":true,"before_bad_area":0.00165311,"after_bad_area":0,"selected":true}
NATIVE_QUALITY_REGION {"group":42150,"boundary_attempt":false,"point_budget":64,"source_facets":2,"boundary_points":4,"new_points":0,"boundary_unchanged":true,"before_bad":1,"after_score_computed":true,"after_bad":1,"after_valid":true,"before_bad_area":0.0126167,"after_bad_area":0.0126167,"selected":false}
NATIVE_QUALITY_REGION {"group":42150,"boundary_attempt":true,"point_budget":128,"source_facets":2,"boundary_points":4,"new_points":3,"boundary_unchanged":true,"before_bad":1,"after_score_computed":true,"after_bad":0,"after_valid":true,"before_bad_area":0.0126167,"after_bad_area":0,"selected":true}
NATIVE_QUALITY_REGION {"group":42159,"boundary_attempt":false,"point_budget":64,"source_facets":2,"boundary_points":4,"new_points":1,"boundary_unchanged":true,"before_bad":1,"after_score_computed":true,"after_bad":2,"after_valid":true,"before_bad_area":0.00175114,"after_bad_area":0.0114886,"selected":false}
NATIVE_QUALITY_REGION {"group":42159,"boundary_attempt":true,"point_budget":128,"source_facets":2,"boundary_points":4,"new_points":6,"boundary_unchanged":true,"before_bad":1,"after_score_computed":true,"after_bad":0,"after_valid":true,"before_bad_area":0.00175114,"after_bad_area":0,"selected":true}
NATIVE_QUALITY_REGION {"group":42167,"boundary_attempt":false,"point_budget":64,"source_facets":2,"boundary_points":4,"new_points":0,"boundary_unchanged":true,"before_bad":1,"after_score_computed":true,"after_bad":1,"after_valid":true,"before_bad_area":0.00309089,"after_bad_area":0.00309089,"selected":false}
NATIVE_QUALITY_REGION {"group":42167,"boundary_attempt":true,"point_budget":128,"source_facets":2,"boundary_points":4,"new_points":3,"boundary_unchanged":true,"before_bad":1,"after_score_computed":true,"after_bad":0,"after_valid":true,"before_bad_area":0.00309089,"after_bad_area":0,"selected":true}
NATIVE_QUALITY_REGION {"group":42177,"boundary_attempt":false,"point_budget":64,"source_facets":2,"boundary_points":4,"new_points":0,"boundary_unchanged":true,"before_bad":1,"after_score_computed":true,"after_bad":1,"after_valid":true,"before_bad_area":4.71958e-05,"after_bad_area":4.71958e-05,"selected":false}
NATIVE_QUALITY_REGION {"group":42178,"boundary_attempt":false,"point_budget":64,"source_facets":3,"boundary_points":5,"new_points":0,"boundary_unchanged":true,"before_bad":2,"after_score_computed":true,"after_bad":2,"after_valid":true,"before_bad_area":0.00122639,"after_bad_area":0.00122639,"selected":false}
NATIVE_QUALITY_REGION {"group":42179,"boundary_attempt":false,"point_budget":64,"source_facets":3,"boundary_points":5,"new_points":0,"boundary_unchanged":true,"before_bad":1,"after_score_computed":true,"after_bad":1,"after_valid":true,"before_bad_area":3.05264e-05,"after_bad_area":3.05264e-05,"selected":false}
NATIVE_QUALITY_REGION {"group":42187,"boundary_attempt":false,"point_budget":64,"source_facets":2,"boundary_points":4,"new_points":0,"boundary_unchanged":true,"before_bad":1,"after_score_computed":true,"after_bad":1,"after_valid":true,"before_bad_area":0.000634228,"after_bad_area":0.000634228,"selected":false}
NATIVE_QUALITY_REGION {"group":42187,"boundary_attempt":true,"point_budget":128,"source_facets":2,"boundary_points":4,"new_points":5,"boundary_unchanged":true,"before_bad":1,"after_score_computed":true,"after_bad":0,"after_valid":true,"before_bad_area":0.000634228,"after_bad_area":0,"selected":true}
NATIVE_QUALITY_REGION {"group":42191,"boundary_attempt":false,"point_budget":64,"source_facets":2,"boundary_points":4,"new_points":0,"boundary_unchanged":true,"before_bad":1,"after_score_computed":true,"after_bad":1,"after_valid":true,"before_bad_area":6.58501e-05,"after_bad_area":6.58501e-05,"selected":false}
NATIVE_QUALITY_REGION {"group":42191,"boundary_attempt":true,"point_budget":128,"source_facets":2,"boundary_points":4,"new_points":11,"boundary_unchanged":true,"before_bad":1,"after_score_computed":true,"after_bad":0,"after_valid":true,"before_bad_area":6.58501e-05,"after_bad_area":0,"selected":true}
NATIVE_QUALITY_REGION {"group":42195,"boundary_attempt":false,"point_budget":64,"source_facets":6,"boundary_points":8,"new_points":2,"boundary_unchanged":true,"before_bad":2,"after_score_computed":true,"after_bad":3,"after_valid":true,"before_bad_area":0.000114113,"after_bad_area":0.000121819,"selected":false}
NATIVE_QUALITY_REGION {"group":42196,"boundary_attempt":false,"point_budget":64,"source_facets":2,"boundary_points":4,"new_points":0,"boundary_unchanged":true,"before_bad":1,"after_score_computed":true,"after_bad":1,"after_valid":true,"before_bad_area":0.000412755,"after_bad_area":0.000412755,"selected":false}
NATIVE_QUALITY_REGION {"group":42196,"boundary_attempt":true,"point_budget":128,"source_facets":2,"boundary_points":4,"new_points":3,"boundary_unchanged":true,"before_bad":1,"after_score_computed":true,"after_bad":0,"after_valid":true,"before_bad_area":0.000412755,"after_bad_area":0,"selected":true}
NATIVE_QUALITY_REGION {"group":42198,"boundary_attempt":false,"point_budget":64,"source_facets":6,"boundary_points":8,"new_points":0,"boundary_unchanged":true,"before_bad":4,"after_score_computed":true,"after_bad":4,"after_valid":true,"before_bad_area":0.00194711,"after_bad_area":0.00194711,"selected":false}
NATIVE_QUALITY_REGION {"group":42207,"boundary_attempt":false,"point_budget":64,"source_facets":2,"boundary_points":4,"new_points":0,"boundary_unchanged":true,"before_bad":1,"after_score_computed":true,"after_bad":1,"after_valid":true,"before_bad_area":1.25558e-07,"after_bad_area":1.25558e-07,"selected":false}
NATIVE_QUALITY_REGION {"group":42207,"boundary_attempt":true,"point_budget":128,"source_facets":2,"boundary_points":4,"new_points":2,"boundary_unchanged":true,"before_bad":1,"after_score_computed":true,"after_bad":0,"after_valid":true,"before_bad_area":1.25558e-07,"after_bad_area":0,"selected":true}
NATIVE_QUALITY_REGION {"group":42209,"boundary_attempt":false,"point_budget":64,"source_facets":2,"boundary_points":4,"new_points":0,"boundary_unchanged":true,"before_bad":1,"after_score_computed":true,"after_bad":1,"after_valid":true,"before_bad_area":1.50618e-07,"after_bad_area":1.50618e-07,"selected":false}
NATIVE_QUALITY_REGION {"group":42209,"boundary_attempt":true,"point_budget":128,"source_facets":2,"boundary_points":4,"new_points":3,"boundary_unchanged":true,"before_bad":1,"after_score_computed":true,"after_bad":0,"after_valid":true,"before_bad_area":1.50618e-07,"after_bad_area":0,"selected":true}
NATIVE_QUALITY_REGION {"group":42210,"boundary_attempt":false,"point_budget":64,"source_facets":5,"boundary_points":7,"new_points":0,"boundary_unchanged":true,"before_bad":1,"after_score_computed":true,"after_bad":1,"after_valid":true,"before_bad_area":0.000769896,"after_bad_area":0.000769896,"selected":false}
NATIVE_QUALITY_REGION {"group":42211,"boundary_attempt":false,"point_budget":64,"source_facets":3,"boundary_points":5,"new_points":0,"boundary_unchanged":true,"before_bad":1,"after_score_computed":true,"after_bad":1,"after_valid":true,"before_bad_area":0.00146994,"after_bad_area":0.00146994,"selected":false}
NATIVE_QUALITY_REGION {"group":42213,"boundary_attempt":false,"point_budget":64,"source_facets":3,"boundary_points":5,"new_points":0,"boundary_unchanged":true,"before_bad":2,"after_score_computed":true,"after_bad":2,"after_valid":true,"before_bad_area":0.000677449,"after_bad_area":0.000677449,"selected":false}
NATIVE_QUALITY_REGION {"group":42214,"boundary_attempt":false,"point_budget":64,"source_facets":5,"boundary_points":7,"new_points":1,"boundary_unchanged":true,"before_bad":3,"after_score_computed":true,"after_bad":4,"after_valid":true,"before_bad_area":0.00110267,"after_bad_area":0.0010954,"selected":false}
NATIVE_QUALITY_REGION {"group":42216,"boundary_attempt":false,"point_budget":64,"source_facets":4,"boundary_points":6,"new_points":1,"boundary_unchanged":true,"before_bad":3,"after_score_computed":true,"after_bad":4,"after_valid":true,"before_bad_area":0.000951713,"after_bad_area":0.00137862,"selected":false}
NATIVE_QUALITY_REGION {"group":42217,"boundary_attempt":false,"point_budget":64,"source_facets":4,"boundary_points":6,"new_points":0,"boundary_unchanged":true,"before_bad":1,"after_score_computed":true,"after_bad":1,"after_valid":true,"before_bad_area":0.000279937,"after_bad_area":0.000279937,"selected":false}
NATIVE_QUALITY_REGION {"group":42221,"boundary_attempt":false,"point_budget":64,"source_facets":6,"boundary_points":8,"new_points":1,"boundary_unchanged":true,"before_bad":2,"after_score_computed":true,"after_bad":3,"after_valid":true,"before_bad_area":0.00158931,"after_bad_area":0.00159447,"selected":false}
NATIVE_QUALITY_REGION {"group":42223,"boundary_attempt":false,"point_budget":64,"source_facets":4,"boundary_points":6,"new_points":0,"boundary_unchanged":true,"before_bad":1,"after_score_computed":true,"after_bad":1,"after_valid":true,"before_bad_area":0.000245971,"after_bad_area":0.000245971,"selected":false}
NATIVE_QUALITY_REGION {"group":42227,"boundary_attempt":false,"point_budget":64,"source_facets":3,"boundary_points":5,"new_points":2,"boundary_unchanged":true,"before_bad":1,"after_score_computed":true,"after_bad":0,"after_valid":true,"before_bad_area":0.000399459,"after_bad_area":0,"selected":true}
NATIVE_QUALITY_REGION {"group":42232,"boundary_attempt":false,"point_budget":64,"source_facets":4,"boundary_points":6,"new_points":3,"boundary_unchanged":true,"before_bad":1,"after_score_computed":true,"after_bad":0,"after_valid":true,"before_bad_area":0.0001751,"after_bad_area":0,"selected":true}
NATIVE_QUALITY_REGION {"group":42236,"boundary_attempt":false,"point_budget":64,"source_facets":4,"boundary_points":6,"new_points":1,"boundary_unchanged":true,"before_bad":1,"after_score_computed":true,"after_bad":1,"after_valid":true,"before_bad_area":0.000105816,"after_bad_area":0.000105816,"selected":false}
NATIVE_QUALITY_REGION {"group":42237,"boundary_attempt":false,"point_budget":64,"source_facets":2,"boundary_points":4,"new_points":0,"boundary_unchanged":true,"before_bad":1,"after_score_computed":true,"after_bad":1,"after_valid":true,"before_bad_area":0.000180243,"after_bad_area":0.000180243,"selected":false}
NATIVE_QUALITY_REGION {"group":42237,"boundary_attempt":true,"point_budget":128,"source_facets":2,"boundary_points":4,"new_points":9,"boundary_unchanged":true,"before_bad":1,"after_score_computed":true,"after_bad":0,"after_valid":true,"before_bad_area":0.000180243,"after_bad_area":0,"selected":true}
NATIVE_QUALITY_REGION {"group":42240,"boundary_attempt":false,"point_budget":64,"source_facets":2,"boundary_points":4,"new_points":0,"boundary_unchanged":true,"before_bad":1,"after_score_computed":true,"after_bad":1,"after_valid":true,"before_bad_area":2.85143e-05,"after_bad_area":2.85143e-05,"selected":false}
NATIVE_QUALITY_REGION {"group":42240,"boundary_attempt":true,"point_budget":128,"source_facets":2,"boundary_points":4,"new_points":17,"boundary_unchanged":true,"before_bad":1,"after_score_computed":true,"after_bad":0,"after_valid":true,"before_bad_area":2.85143e-05,"after_bad_area":0,"selected":true}
NATIVE_QUALITY_REGION {"group":42242,"boundary_attempt":false,"point_budget":64,"source_facets":3,"boundary_points":5,"new_points":0,"boundary_unchanged":true,"before_bad":2,"after_score_computed":true,"after_bad":2,"after_valid":true,"before_bad_area":0.000169866,"after_bad_area":0.000169866,"selected":false}
NATIVE_QUALITY_REGION {"group":42248,"boundary_attempt":false,"point_budget":64,"source_facets":7,"boundary_points":8,"new_points":1,"boundary_unchanged":true,"before_bad":2,"after_score_computed":true,"after_bad":2,"after_valid":true,"before_bad_area":0.00135905,"after_bad_area":0.00135905,"selected":false}
NATIVE_QUALITY_REGION {"group":42256,"boundary_attempt":false,"point_budget":64,"source_facets":4,"boundary_points":6,"new_points":0,"boundary_unchanged":true,"before_bad":1,"after_score_computed":true,"after_bad":1,"after_valid":true,"before_bad_area":0.000889519,"after_bad_area":0.000889519,"selected":false}
NATIVE_QUALITY_REGION {"group":42258,"boundary_attempt":false,"point_budget":64,"source_facets":4,"boundary_points":5,"new_points":0,"boundary_unchanged":true,"before_bad":1,"after_score_computed":true,"after_bad":1,"after_valid":true,"before_bad_area":8.2006e-05,"after_bad_area":8.2006e-05,"selected":false}
NATIVE_QUALITY_REGION {"group":42369,"boundary_attempt":false,"point_budget":64,"source_facets":3,"boundary_points":5,"new_points":0,"boundary_unchanged":true,"before_bad":2,"after_score_computed":true,"after_bad":2,"after_valid":true,"before_bad_area":0.00332805,"after_bad_area":0.00332805,"selected":false}
NATIVE_QUALITY_REGION {"group":42370,"boundary_attempt":false,"point_budget":64,"source_facets":4,"boundary_points":6,"new_points":3,"boundary_unchanged":true,"before_bad":2,"after_score_computed":true,"after_bad":1,"after_valid":true,"before_bad_area":0.0114987,"after_bad_area":0.00317131,"selected":true}
NATIVE_QUALITY_REGION {"group":42372,"boundary_attempt":false,"point_budget":64,"source_facets":3,"boundary_points":5,"new_points":0,"boundary_unchanged":true,"before_bad":2,"after_score_computed":true,"after_bad":2,"after_valid":true,"before_bad_area":0.0239176,"after_bad_area":0.0239176,"selected":false}
NATIVE_QUALITY_REGION {"group":42373,"boundary_attempt":false,"point_budget":64,"source_facets":7,"boundary_points":9,"new_points":4,"boundary_unchanged":true,"before_bad":5,"after_score_computed":true,"after_bad":4,"after_valid":true,"before_bad_area":0.0083339,"after_bad_area":0.00728907,"selected":true}
NATIVE_QUALITY_REGION {"group":42376,"boundary_attempt":false,"point_budget":64,"source_facets":5,"boundary_points":7,"new_points":1,"boundary_unchanged":true,"before_bad":3,"after_score_computed":true,"after_bad":3,"after_valid":true,"before_bad_area":0.0167611,"after_bad_area":0.0172774,"selected":false}
NATIVE_QUALITY_REGION {"group":42377,"boundary_attempt":false,"point_budget":64,"source_facets":2,"boundary_points":4,"new_points":0,"boundary_unchanged":true,"before_bad":1,"after_score_computed":true,"after_bad":1,"after_valid":true,"before_bad_area":0.000297837,"after_bad_area":0.000297837,"selected":false}
NATIVE_QUALITY_REGION {"group":42377,"boundary_attempt":true,"point_budget":128,"source_facets":2,"boundary_points":4,"new_points":3,"boundary_unchanged":true,"before_bad":1,"after_score_computed":true,"after_bad":0,"after_valid":true,"before_bad_area":0.000297837,"after_bad_area":0,"selected":true}
NATIVE_QUALITY_REGION {"group":42378,"boundary_attempt":false,"point_budget":64,"source_facets":3,"boundary_points":5,"new_points":0,"boundary_unchanged":true,"before_bad":2,"after_score_computed":true,"after_bad":2,"after_valid":true,"before_bad_area":9.5181e-05,"after_bad_area":9.5181e-05,"selected":false}
NATIVE_QUALITY_REGION {"group":42379,"boundary_attempt":false,"point_budget":64,"source_facets":7,"boundary_points":9,"new_points":0,"boundary_unchanged":true,"before_bad":4,"after_score_computed":true,"after_bad":4,"after_valid":true,"before_bad_area":0.00782113,"after_bad_area":0.00782113,"selected":false}
NATIVE_QUALITY_REGION {"group":42380,"boundary_attempt":false,"point_budget":64,"source_facets":4,"boundary_points":6,"new_points":1,"boundary_unchanged":true,"before_bad":3,"after_score_computed":true,"after_bad":2,"after_valid":true,"before_bad_area":0.003296,"after_bad_area":0.00196016,"selected":true}
NATIVE_QUALITY_REGION {"group":42381,"boundary_attempt":false,"point_budget":64,"source_facets":3,"boundary_points":5,"new_points":0,"boundary_unchanged":true,"before_bad":1,"after_score_computed":true,"after_bad":1,"after_valid":true,"before_bad_area":0.00252297,"after_bad_area":0.00252297,"selected":false}
NATIVE_QUALITY_REGION {"group":42382,"boundary_attempt":false,"point_budget":64,"source_facets":5,"boundary_points":7,"new_points":0,"boundary_unchanged":true,"before_bad":3,"after_score_computed":true,"after_bad":3,"after_valid":true,"before_bad_area":0.0181104,"after_bad_area":0.0181104,"selected":false}
NATIVE_QUALITY_REGION {"group":42383,"boundary_attempt":false,"point_budget":64,"source_facets":3,"boundary_points":5,"new_points":0,"boundary_unchanged":true,"before_bad":1,"after_score_computed":true,"after_bad":1,"after_valid":true,"before_bad_area":0.00317624,"after_bad_area":0.00317624,"selected":false}
NATIVE_QUALITY_REGION {"group":42384,"boundary_attempt":false,"point_budget":64,"source_facets":9,"boundary_points":11,"new_points":4,"boundary_unchanged":true,"before_bad":6,"after_score_computed":true,"after_bad":3,"after_valid":true,"before_bad_area":0.00810814,"after_bad_area":0.00406616,"selected":true}
NATIVE_QUALITY_REGION {"group":42385,"boundary_attempt":false,"point_budget":64,"source_facets":2,"boundary_points":4,"new_points":1,"boundary_unchanged":true,"before_bad":1,"after_score_computed":true,"after_bad":0,"after_valid":true,"before_bad_area":0.0114971,"after_bad_area":0,"selected":true}
NATIVE_QUALITY_REGION {"group":42386,"boundary_attempt":false,"point_budget":64,"source_facets":7,"boundary_points":9,"new_points":0,"boundary_unchanged":true,"before_bad":4,"after_score_computed":true,"after_bad":4,"after_valid":true,"before_bad_area":0.0100595,"after_bad_area":0.0100595,"selected":false}
NATIVE_QUALITY_REGION {"group":42387,"boundary_attempt":false,"point_budget":64,"source_facets":6,"boundary_points":8,"new_points":2,"boundary_unchanged":true,"before_bad":1,"after_score_computed":true,"after_bad":0,"after_valid":true,"before_bad_area":0.00268618,"after_bad_area":0,"selected":true}
NATIVE_QUALITY_REGION {"group":42389,"boundary_attempt":false,"point_budget":64,"source_facets":3,"boundary_points":5,"new_points":1,"boundary_unchanged":true,"before_bad":2,"after_score_computed":true,"after_bad":1,"after_valid":true,"before_bad_area":0.0131781,"after_bad_area":0.00637433,"selected":true}
NATIVE_QUALITY_REGION {"group":42390,"boundary_attempt":false,"point_budget":64,"source_facets":5,"boundary_points":6,"new_points":5,"boundary_unchanged":true,"before_bad":2,"after_score_computed":true,"after_bad":0,"after_valid":true,"before_bad_area":0.00933718,"after_bad_area":0,"selected":true}
NATIVE_QUALITY_REGION {"group":42391,"boundary_attempt":false,"point_budget":64,"source_facets":5,"boundary_points":7,"new_points":1,"boundary_unchanged":true,"before_bad":1,"after_score_computed":true,"after_bad":3,"after_valid":true,"before_bad_area":0.000258084,"after_bad_area":0.00617396,"selected":false}
NATIVE_QUALITY_REGION {"group":42392,"boundary_attempt":false,"point_budget":64,"source_facets":7,"boundary_points":8,"new_points":2,"boundary_unchanged":true,"before_bad":2,"after_score_computed":true,"after_bad":2,"after_valid":true,"before_bad_area":0.00232758,"after_bad_area":0.000893975,"selected":true}
NATIVE_QUALITY_REGION {"group":42393,"boundary_attempt":false,"point_budget":64,"source_facets":5,"boundary_points":7,"new_points":1,"boundary_unchanged":true,"before_bad":3,"after_score_computed":true,"after_bad":0,"after_valid":true,"before_bad_area":0.0114314,"after_bad_area":0,"selected":true}
NATIVE_QUALITY_REGION {"group":42395,"boundary_attempt":false,"point_budget":64,"source_facets":5,"boundary_points":7,"new_points":0,"boundary_unchanged":true,"before_bad":2,"after_score_computed":true,"after_bad":2,"after_valid":true,"before_bad_area":0.00451778,"after_bad_area":0.00451778,"selected":false}
NATIVE_QUALITY_REGION {"group":42396,"boundary_attempt":false,"point_budget":64,"source_facets":4,"boundary_points":5,"new_points":0,"boundary_unchanged":true,"before_bad":1,"after_score_computed":true,"after_bad":1,"after_valid":true,"before_bad_area":0.00549203,"after_bad_area":0.00549203,"selected":false}
NATIVE_QUALITY_REGION {"group":42397,"boundary_attempt":false,"point_budget":64,"source_facets":5,"boundary_points":7,"new_points":4,"boundary_unchanged":true,"before_bad":3,"after_score_computed":true,"after_bad":3,"after_valid":true,"before_bad_area":6.95837e-05,"after_bad_area":5.27836e-05,"selected":true}
NATIVE_QUALITY_REGION {"group":42398,"boundary_attempt":false,"point_budget":64,"source_facets":5,"boundary_points":7,"new_points":4,"boundary_unchanged":true,"before_bad":2,"after_score_computed":true,"after_bad":1,"after_valid":true,"before_bad_area":0.00389526,"after_bad_area":0.00267102,"selected":true}
NATIVE_QUALITY_REGION {"group":42399,"boundary_attempt":false,"point_budget":64,"source_facets":11,"boundary_points":13,"new_points":9,"boundary_unchanged":true,"before_bad":10,"after_score_computed":true,"after_bad":7,"after_valid":true,"before_bad_area":0.0162613,"after_bad_area":0.0158654,"selected":true}
NATIVE_QUALITY_REGION {"group":42400,"boundary_attempt":false,"point_budget":64,"source_facets":4,"boundary_points":6,"new_points":1,"boundary_unchanged":true,"before_bad":1,"after_score_computed":true,"after_bad":0,"after_valid":true,"before_bad_area":0.00170234,"after_bad_area":0,"selected":true}
NATIVE_QUALITY_REGION {"group":42401,"boundary_attempt":false,"point_budget":64,"source_facets":6,"boundary_points":8,"new_points":3,"boundary_unchanged":true,"before_bad":3,"after_score_computed":true,"after_bad":3,"after_valid":true,"before_bad_area":0.000106945,"after_bad_area":0.000936111,"selected":false}
NATIVE_QUALITY_REGION {"group":42403,"boundary_attempt":false,"point_budget":64,"source_facets":11,"boundary_points":13,"new_points":11,"boundary_unchanged":true,"before_bad":9,"after_score_computed":true,"after_bad":5,"after_valid":true,"before_bad_area":0.0130243,"after_bad_area":0.00544414,"selected":true}
NATIVE_QUALITY_REGION {"group":42404,"boundary_attempt":false,"point_budget":64,"source_facets":4,"boundary_points":6,"new_points":2,"boundary_unchanged":true,"before_bad":1,"after_score_computed":true,"after_bad":0,"after_valid":true,"before_bad_area":0.000533625,"after_bad_area":0,"selected":true}
NATIVE_QUALITY_REGION {"group":42405,"boundary_attempt":false,"point_budget":64,"source_facets":12,"boundary_points":14,"new_points":8,"boundary_unchanged":true,"before_bad":7,"after_score_computed":true,"after_bad":2,"after_valid":true,"before_bad_area":0.0122373,"after_bad_area":0.00468219,"selected":true}
NATIVE_QUALITY_REGION {"group":42406,"boundary_attempt":false,"point_budget":64,"source_facets":12,"boundary_points":14,"new_points":8,"boundary_unchanged":true,"before_bad":10,"after_score_computed":true,"after_bad":6,"after_valid":true,"before_bad_area":0.0103291,"after_bad_area":0.00294945,"selected":true}
NATIVE_QUALITY_REGION {"group":42407,"boundary_attempt":false,"point_budget":64,"source_facets":6,"boundary_points":6,"new_points":0,"boundary_unchanged":true,"before_bad":4,"after_score_computed":true,"after_bad":4,"after_valid":true,"before_bad_area":0.00478567,"after_bad_area":0.00478567,"selected":false}
NATIVE_QUALITY_REGION {"group":41657,"boundary_attempt":false,"point_budget":128,"source_facets":7,"boundary_points":9,"new_points":1,"boundary_unchanged":true,"before_bad":2,"after_score_computed":true,"after_bad":0,"after_valid":true,"before_bad_area":0.0003928,"after_bad_area":0,"selected":true}
NATIVE_QUALITY_REGION {"group":41660,"boundary_attempt":false,"point_budget":128,"source_facets":6,"boundary_points":6,"new_points":1,"boundary_unchanged":true,"before_bad":1,"after_score_computed":true,"after_bad":0,"after_valid":true,"before_bad_area":0.000354403,"after_bad_area":0,"selected":true}
NATIVE_QUALITY_REGION {"group":42197,"boundary_attempt":false,"point_budget":128,"source_facets":6,"boundary_points":8,"new_points":0,"boundary_unchanged":true,"before_bad":1,"after_score_computed":true,"after_bad":1,"after_valid":true,"before_bad_area":0.000176241,"after_bad_area":0.000176241,"selected":false}
NATIVE_QUALITY_REGION {"group":42204,"boundary_attempt":false,"point_budget":128,"source_facets":6,"boundary_points":8,"new_points":3,"boundary_unchanged":true,"before_bad":2,"after_score_computed":true,"after_bad":0,"after_valid":true,"before_bad_area":0.00222522,"after_bad_area":0,"selected":true}
NATIVE_QUALITY_REGION {"group":42221,"boundary_attempt":false,"point_budget":128,"source_facets":7,"boundary_points":9,"new_points":0,"boundary_unchanged":true,"before_bad":4,"after_score_computed":true,"after_bad":4,"after_valid":true,"before_bad_area":0.00126745,"after_bad_area":0.00126745,"selected":false}
NATIVE_QUALITY_REGION {"group":42248,"boundary_attempt":false,"point_budget":128,"source_facets":5,"boundary_points":7,"new_points":2,"boundary_unchanged":true,"before_bad":1,"after_score_computed":true,"after_bad":1,"after_valid":true,"before_bad_area":0.000548903,"after_bad_area":0.000859794,"selected":false}
NATIVE_QUALITY_REGION {"group":42265,"boundary_attempt":false,"point_budget":128,"source_facets":12,"boundary_points":14,"new_points":0,"boundary_unchanged":true,"before_bad":1,"after_score_computed":true,"after_bad":1,"after_valid":true,"before_bad_area":0.000184561,"after_bad_area":0.000184561,"selected":false}
NATIVE_QUALITY_REGION {"group":42266,"boundary_attempt":false,"point_budget":128,"source_facets":10,"boundary_points":10,"new_points":3,"boundary_unchanged":true,"before_bad":1,"after_score_computed":true,"after_bad":0,"after_valid":true,"before_bad_area":0.00366645,"after_bad_area":0,"selected":true}
NATIVE_QUALITY_REGION {"group":42267,"boundary_attempt":false,"point_budget":128,"source_facets":9,"boundary_points":9,"new_points":1,"boundary_unchanged":true,"before_bad":1,"after_score_computed":true,"after_bad":0,"after_valid":true,"before_bad_area":0.000437785,"after_bad_area":0,"selected":true}
NATIVE_QUALITY_REGION {"group":42284,"boundary_attempt":false,"point_budget":128,"source_facets":7,"boundary_points":9,"new_points":0,"boundary_unchanged":true,"before_bad":3,"after_score_computed":true,"after_bad":3,"after_valid":true,"before_bad_area":0.00041928,"after_bad_area":0.00041928,"selected":false}
NATIVE_QUALITY_REGION {"group":42287,"boundary_attempt":false,"point_budget":128,"source_facets":7,"boundary_points":9,"new_points":2,"boundary_unchanged":true,"before_bad":2,"after_score_computed":true,"after_bad":3,"after_valid":true,"before_bad_area":0.000114113,"after_bad_area":0.000121819,"selected":false}
NATIVE_QUALITY_REGION {"group":42311,"boundary_attempt":false,"point_budget":128,"source_facets":12,"boundary_points":14,"new_points":1,"boundary_unchanged":true,"before_bad":5,"after_score_computed":true,"after_bad":5,"after_valid":true,"before_bad_area":0.00724531,"after_bad_area":0.00724531,"selected":false}
NATIVE_QUALITY_REGION {"group":42312,"boundary_attempt":false,"point_budget":128,"source_facets":13,"boundary_points":15,"new_points":0,"boundary_unchanged":true,"before_bad":3,"after_score_computed":true,"after_bad":3,"after_valid":true,"before_bad_area":8.2879e-06,"after_bad_area":8.2879e-06,"selected":false}
NATIVE_QUALITY_REGION {"group":42333,"boundary_attempt":false,"point_budget":128,"source_facets":4,"boundary_points":6,"new_points":0,"boundary_unchanged":true,"before_bad":3,"after_score_computed":true,"after_bad":3,"after_valid":true,"before_bad_area":0.0239176,"after_bad_area":0.0239176,"selected":false}
NATIVE_QUALITY_REGION {"group":42336,"boundary_attempt":false,"point_budget":128,"source_facets":7,"boundary_points":9,"new_points":2,"boundary_unchanged":true,"before_bad":5,"after_score_computed":true,"after_bad":1,"after_valid":true,"before_bad_area":0.0290368,"after_bad_area":0.00592136,"selected":true}
NATIVE_QUALITY_REGION {"group":42339,"boundary_attempt":false,"point_budget":128,"source_facets":9,"boundary_points":11,"new_points":0,"boundary_unchanged":true,"before_bad":7,"after_score_computed":true,"after_bad":7,"after_valid":true,"before_bad_area":0.0102796,"after_bad_area":0.0102796,"selected":false}
NATIVE_QUALITY_REGION {"group":42359,"boundary_attempt":false,"point_budget":128,"source_facets":33,"boundary_points":17,"new_points":9,"boundary_unchanged":true,"before_bad":14,"after_score_computed":true,"after_bad":5,"after_valid":true,"before_bad_area":0.0234392,"after_bad_area":0.0097092,"selected":true}
NATIVE_QUALITY_REGION {"group":42368,"boundary_attempt":false,"point_budget":128,"source_facets":6,"boundary_points":8,"new_points":1,"boundary_unchanged":true,"before_bad":3,"after_score_computed":true,"after_bad":3,"after_valid":true,"before_bad_area":0.00230231,"after_bad_area":0.00112435,"selected":true}
NATIVE_QUALITY_REGION {"group":42369,"boundary_attempt":false,"point_budget":128,"source_facets":8,"boundary_points":10,"new_points":3,"boundary_unchanged":true,"before_bad":8,"after_score_computed":true,"after_bad":2,"after_valid":true,"before_bad_area":0.0125066,"after_bad_area":0.00115455,"selected":true}
NATIVE_QUALITY_REGION {"group":42370,"boundary_attempt":false,"point_budget":128,"source_facets":3,"boundary_points":5,"new_points":0,"boundary_unchanged":true,"before_bad":1,"after_score_computed":true,"after_bad":1,"after_valid":true,"before_bad_area":0.00230032,"after_bad_area":0.00230032,"selected":false}
NATIVE_QUALITY_REGION {"group":42372,"boundary_attempt":false,"point_budget":128,"source_facets":4,"boundary_points":6,"new_points":0,"boundary_unchanged":true,"before_bad":2,"after_score_computed":true,"after_bad":2,"after_valid":true,"before_bad_area":0.00230194,"after_bad_area":0.00230194,"selected":false}
NATIVE_QUALITY_REGION {"group":42373,"boundary_attempt":false,"point_budget":128,"source_facets":6,"boundary_points":8,"new_points":0,"boundary_unchanged":true,"before_bad":4,"after_score_computed":true,"after_bad":4,"after_valid":true,"before_bad_area":0.00172134,"after_bad_area":0.00172134,"selected":false}
NATIVE_QUALITY_REGION {"group":42375,"boundary_attempt":false,"point_budget":128,"source_facets":5,"boundary_points":7,"new_points":0,"boundary_unchanged":true,"before_bad":2,"after_score_computed":true,"after_bad":2,"after_valid":true,"before_bad_area":0.000552206,"after_bad_area":0.000552206,"selected":false}
NATIVE_QUALITY_REGION {"group":42376,"boundary_attempt":false,"point_budget":128,"source_facets":5,"boundary_points":7,"new_points":1,"boundary_unchanged":true,"before_bad":3,"after_score_computed":true,"after_bad":2,"after_valid":true,"before_bad_area":0.00209603,"after_bad_area":0.000330007,"selected":true}
NATIVE_QUALITY_REGION {"group":42377,"boundary_attempt":false,"point_budget":128,"source_facets":4,"boundary_points":6,"new_points":0,"boundary_unchanged":true,"before_bad":3,"after_score_computed":true,"after_bad":3,"after_valid":true,"before_bad_area":0.0031799,"after_bad_area":0.0031799,"selected":false}
NATIVE_QUALITY_REGION {"group":42378,"boundary_attempt":false,"point_budget":128,"source_facets":4,"boundary_points":6,"new_points":0,"boundary_unchanged":true,"before_bad":3,"after_score_computed":true,"after_bad":3,"after_valid":true,"before_bad_area":0.00177777,"after_bad_area":0.00177777,"selected":false}
NATIVE_QUALITY_REGION {"group":42380,"boundary_attempt":false,"point_budget":128,"source_facets":3,"boundary_points":5,"new_points":0,"boundary_unchanged":true,"before_bad":2,"after_score_computed":true,"after_bad":2,"after_valid":true,"before_bad_area":0.00424745,"after_bad_area":0.00424745,"selected":false}
NATIVE_QUALITY_REGION {"group":42382,"boundary_attempt":false,"point_budget":128,"source_facets":2,"boundary_points":4,"new_points":0,"boundary_unchanged":true,"before_bad":1,"after_score_computed":true,"after_bad":1,"after_valid":true,"before_bad_area":0.00600905,"after_bad_area":0.00600905,"selected":false}
NATIVE_QUALITY_REGION {"group":42383,"boundary_attempt":false,"point_budget":128,"source_facets":2,"boundary_points":4,"new_points":0,"boundary_unchanged":true,"before_bad":2,"after_score_computed":true,"after_bad":2,"after_valid":true,"before_bad_area":0.0146124,"after_bad_area":0.0146124,"selected":false}
NATIVE_QUALITY_REGION {"group":42387,"boundary_attempt":false,"point_budget":128,"source_facets":9,"boundary_points":11,"new_points":0,"boundary_unchanged":true,"before_bad":5,"after_score_computed":true,"after_bad":5,"after_valid":true,"before_bad_area":0.00135966,"after_bad_area":0.00135966,"selected":false}
NATIVE_QUALITY_REGION {"group":42388,"boundary_attempt":false,"point_budget":128,"source_facets":2,"boundary_points":4,"new_points":0,"boundary_unchanged":true,"before_bad":1,"after_score_computed":true,"after_bad":1,"after_valid":true,"before_bad_area":0.00227884,"after_bad_area":0.00227884,"selected":false}
NATIVE_QUALITY_REGION {"group":42390,"boundary_attempt":false,"point_budget":128,"source_facets":2,"boundary_points":4,"new_points":0,"boundary_unchanged":true,"before_bad":1,"after_score_computed":true,"after_bad":1,"after_valid":true,"before_bad_area":7.25743e-05,"after_bad_area":7.25743e-05,"selected":false}
NATIVE_QUALITY_REGION {"group":42392,"boundary_attempt":false,"point_budget":128,"source_facets":4,"boundary_points":6,"new_points":0,"boundary_unchanged":true,"before_bad":2,"after_score_computed":true,"after_bad":2,"after_valid":true,"before_bad_area":0.000601718,"after_bad_area":0.000601718,"selected":false}
NATIVE_QUALITY_REGION {"group":42397,"boundary_attempt":false,"point_budget":128,"source_facets":3,"boundary_points":5,"new_points":0,"boundary_unchanged":true,"before_bad":3,"after_score_computed":true,"after_bad":3,"after_valid":true,"before_bad_area":0.0214227,"after_bad_area":0.0214227,"selected":false}
o-[QualityBoundary] shared_edges=0 before_bad=825 after_bad=825 before_area=337.156 after_area=337.156 accepted=1
o-[QualityBoundary] shared_edges=61 before_bad=810 after_bad=825 before_area=337.191 after_area=337.156 accepted=0
NATIVE_RESULT {"load_ms":33.405363000000001,"boolean_ms":1550.8718240000001,"save_ms":50.969504999999998,"faces":44134,"vertices":22069,"simplify":true}
