Stage1 :  True
Stage3 :  True
{"original_config_sha256": "df1eb24db57394c32e31f6d67a58cd7ef6c25febc11aff39c5e9503ee82d6390", "max_blocks": 67108864}
Warp 1.0.0-beta.2 initialized:
   CUDA Toolkit: 12.8, Driver: 13.2
   Devices:
     "cpu"    | x86_64
     "cuda:0" | NVIDIA GeForce RTX 4080 SUPER (sm_89)
   Kernel cache: /root/.cache/warp/1.0.0-beta.2
Target faces : 108436
Time for Remeshing: 0.08186054229736328 sec
Time for Simplification: 0.28276991844177246 sec
Module pamo_safe_project.kernels.geometry_kernels load on device 'cuda:0' took 25.83 ms
Module pamo_safe_project.kernels.energy_kernels.elastic_energy load on device 'cuda:0' took 20.91 ms
Module pamo_safe_project.kernels.energy_kernels.hinge_energy load on device 'cuda:0' took 50.61 ms
Module pamo_safe_project.kernels.energy_kernels.contact_detection load on device 'cuda:0' took 29.27 ms
Module pamo_safe_project.kernels.energy_kernels.distance_energy load on device 'cuda:0' took 39.73 ms
Module pamo_safe_project.kernels.energy_kernels.collision_energy load on device 'cuda:0' took 130.89 ms
Module pamo_safe_project.kernels.utils_kernels load on device 'cuda:0' took 12.42 ms
Module pamo_safe_project.kernels.solver_kernels load on device 'cuda:0' took 9.14 ms
Module warp.utils load on device 'cuda:0' took 3.98 ms
Module pamo_safe_project.kernels.distance_kernels.grad_funcs load on device 'cuda:0' took 123.52 ms
Module pamo_safe_project.kernels.distance_kernels.hessian_funcs load on device 'cuda:0' took 141.36 ms
Module pamo_safe_project.kernels.distance_kernels.distance_kernels load on device 'cuda:0' took 207.44 ms
Module pamo_safe_project.kernels.distance_kernels.grad_funcs_struct load on device 'cuda:0' took 30.51 ms
Module pamo_safe_project.kernels.distance_kernels.distance_kernels_struct load on device 'cuda:0' took 33.41 ms
Module pamo_safe_project.kernels.ccd_kernels load on device 'cuda:0' took 38.75 ms
Module pamo_safe_project.kernels.energy_kernels.lb_curvature_energy load on device 'cuda:0' took 5.47 ms
Module locality_gpu load on device 'cuda:0' took 1.14 ms
{"pamo_run_ms": 6461.735990829766, "stage1": "original", "method": "full", "maintenance_ms": 7350.422157905996, "status": "pending_independent_audit"}
