Stage1 :  True
Stage3 :  True
Warp 1.0.0-beta.2 initialized:
   CUDA Toolkit: 12.8, Driver: 13.2
   Devices:
     "cpu"    | x86_64
     "cuda:0" | NVIDIA GeForce RTX 4080 SUPER (sm_89)
   Kernel cache: /root/.cache/warp/1.0.0-beta.2
Target faces : 1474
Time for Remeshing: 0.09672355651855469 sec
Time for Simplification: 0.5417358875274658 sec
Module pamo_safe_project.kernels.geometry_kernels load on device 'cuda:0' took 23.95 ms
Module pamo_safe_project.kernels.energy_kernels.elastic_energy load on device 'cuda:0' took 22.95 ms
Module pamo_safe_project.kernels.energy_kernels.hinge_energy load on device 'cuda:0' took 56.47 ms
Module pamo_safe_project.kernels.energy_kernels.contact_detection load on device 'cuda:0' took 31.95 ms
Module pamo_safe_project.kernels.energy_kernels.distance_energy load on device 'cuda:0' took 40.37 ms
Module pamo_safe_project.kernels.energy_kernels.collision_energy load on device 'cuda:0' took 142.85 ms
Module pamo_safe_project.kernels.utils_kernels load on device 'cuda:0' took 8.46 ms
Module pamo_safe_project.kernels.solver_kernels load on device 'cuda:0' took 5.36 ms
Module warp.utils load on device 'cuda:0' took 2.53 ms
Module pamo_safe_project.kernels.distance_kernels.grad_funcs load on device 'cuda:0' took 32.79 ms
Module pamo_safe_project.kernels.distance_kernels.hessian_funcs load on device 'cuda:0' took 163.38 ms
Module pamo_safe_project.kernels.distance_kernels.distance_kernels load on device 'cuda:0' took 219.97 ms
Module pamo_safe_project.kernels.distance_kernels.grad_funcs_struct load on device 'cuda:0' took 33.06 ms
Module pamo_safe_project.kernels.distance_kernels.distance_kernels_struct load on device 'cuda:0' took 37.92 ms
Module pamo_safe_project.kernels.ccd_kernels load on device 'cuda:0' took 41.92 ms
Module pamo_safe_project.kernels.energy_kernels.lb_curvature_energy load on device 'cuda:0' took 5.96 ms
Module locality_gpu load on device 'cuda:0' took 1.41 ms
{"pamo_run_ms": 2186.694512143731, "stage1": "original", "method": "full", "maintenance_ms": 4800.103576853871, "status": "pending_independent_audit"}
