o-[Process     ] Max used threads = 4
o-[I/O         ] Loading file /tmp/geogram_native_quality_20261006_21/inputs/13_parent.obj...
o-[I/O         ] (FP64) nb_v:22014 nb_e:0 nb_f:44024 nb_b:0 tri:1 dim:3
o-[I/O         ] Attributes on vertices: point[3]
o-[I/O         ] Loading file /tmp/geogram_native_quality_20261006_21/inputs/13_tool.obj...
o-[I/O         ] (FP64) nb_v:674 nb_e:0 nb_f:1344 nb_b:0 tri:1 dim:3
o-[I/O         ] Attributes on vertices: point[3]
o-[FloatEdge   ] contracted_zero_length_edges=0 contracted_machine_new_edges=2 max_length=2.45774e-15
o-[FloatEdge   ] contracted_zero_length_edges=0 contracted_machine_new_edges=1 max_length=2.73801e-15
o-[FloatEdge   ] contracted_zero_length_edges=0 contracted_machine_new_edges=1 max_length=5.55805e-16
o-[FloatEdge   ] contracted_zero_length_edges=0 contracted_machine_new_edges=2 max_length=1.61006e-15
o-[FloatEdgeStage] before_coplanar=6
NATIVE_QUALITY_REGION {"group":41282,"boundary_attempt":false,"point_budget":64,"source_facets":5,"boundary_points":7,"new_points":0,"boundary_unchanged":true,"before_bad":1,"after_score_computed":true,"after_bad":1,"after_valid":true,"before_bad_area":0.00072558,"after_bad_area":0.00072558,"selected":false}
NATIVE_QUALITY_REGION {"group":41331,"boundary_attempt":false,"point_budget":64,"source_facets":2,"boundary_points":4,"new_points":0,"boundary_unchanged":true,"before_bad":1,"after_score_computed":true,"after_bad":1,"after_valid":true,"before_bad_area":0.00122475,"after_bad_area":0.00122475,"selected":false}
NATIVE_QUALITY_REGION {"group":41331,"boundary_attempt":true,"point_budget":128,"source_facets":2,"boundary_points":4,"new_points":5,"boundary_unchanged":true,"before_bad":1,"after_score_computed":true,"after_bad":0,"after_valid":true,"before_bad_area":0.00122475,"after_bad_area":0,"selected":true}
NATIVE_QUALITY_REGION {"group":41332,"boundary_attempt":false,"point_budget":64,"source_facets":2,"boundary_points":4,"new_points":0,"boundary_unchanged":true,"before_bad":1,"after_score_computed":true,"after_bad":1,"after_valid":true,"before_bad_area":0.00309089,"after_bad_area":0.00309089,"selected":false}
NATIVE_QUALITY_REGION {"group":41332,"boundary_attempt":true,"point_budget":128,"source_facets":2,"boundary_points":4,"new_points":3,"boundary_unchanged":true,"before_bad":1,"after_score_computed":true,"after_bad":0,"after_valid":true,"before_bad_area":0.00309089,"after_bad_area":0,"selected":true}
NATIVE_QUALITY_REGION {"group":41338,"boundary_attempt":false,"point_budget":64,"source_facets":2,"boundary_points":4,"new_points":0,"boundary_unchanged":true,"before_bad":1,"after_score_computed":true,"after_bad":1,"after_valid":true,"before_bad_area":0.000165045,"after_bad_area":0.000165045,"selected":false}
NATIVE_QUALITY_REGION {"group":41338,"boundary_attempt":true,"point_budget":128,"source_facets":2,"boundary_points":4,"new_points":14,"boundary_unchanged":true,"before_bad":1,"after_score_computed":true,"after_bad":0,"after_valid":true,"before_bad_area":0.000165045,"after_bad_area":0,"selected":true}
NATIVE_QUALITY_REGION {"group":41353,"boundary_attempt":false,"point_budget":64,"source_facets":3,"boundary_points":5,"new_points":1,"boundary_unchanged":true,"before_bad":1,"after_score_computed":true,"after_bad":1,"after_valid":true,"before_bad_area":3.00094e-07,"after_bad_area":2.03979e-06,"selected":false}
NATIVE_QUALITY_REGION {"group":41407,"boundary_attempt":false,"point_budget":64,"source_facets":2,"boundary_points":4,"new_points":0,"boundary_unchanged":true,"before_bad":1,"after_score_computed":true,"after_bad":1,"after_valid":true,"before_bad_area":0.000963233,"after_bad_area":0.000963233,"selected":false}
NATIVE_QUALITY_REGION {"group":41407,"boundary_attempt":true,"point_budget":128,"source_facets":2,"boundary_points":4,"new_points":3,"boundary_unchanged":true,"before_bad":1,"after_score_computed":true,"after_bad":0,"after_valid":true,"before_bad_area":0.000963233,"after_bad_area":0,"selected":true}
NATIVE_QUALITY_REGION {"group":41484,"boundary_attempt":false,"point_budget":64,"source_facets":5,"boundary_points":7,"new_points":0,"boundary_unchanged":true,"before_bad":1,"after_score_computed":true,"after_bad":1,"after_valid":true,"before_bad_area":0.000197021,"after_bad_area":0.000197021,"selected":false}
NATIVE_QUALITY_REGION {"group":41550,"boundary_attempt":false,"point_budget":64,"source_facets":4,"boundary_points":6,"new_points":1,"boundary_unchanged":true,"before_bad":1,"after_score_computed":true,"after_bad":0,"after_valid":true,"before_bad_area":0.000462131,"after_bad_area":0,"selected":true}
NATIVE_QUALITY_REGION {"group":41556,"boundary_attempt":false,"point_budget":64,"source_facets":2,"boundary_points":4,"new_points":0,"boundary_unchanged":true,"before_bad":1,"after_score_computed":true,"after_bad":1,"after_valid":true,"before_bad_area":7.91709e-06,"after_bad_area":7.91709e-06,"selected":false}
NATIVE_QUALITY_REGION {"group":41556,"boundary_attempt":true,"point_budget":128,"source_facets":2,"boundary_points":4,"new_points":17,"boundary_unchanged":true,"before_bad":1,"after_score_computed":true,"after_bad":0,"after_valid":true,"before_bad_area":7.91709e-06,"after_bad_area":0,"selected":true}
NATIVE_QUALITY_REGION {"group":41616,"boundary_attempt":false,"point_budget":64,"source_facets":3,"boundary_points":5,"new_points":0,"boundary_unchanged":true,"before_bad":1,"after_score_computed":true,"after_bad":1,"after_valid":true,"before_bad_area":0.000494308,"after_bad_area":0.000494308,"selected":false}
NATIVE_QUALITY_REGION {"group":41621,"boundary_attempt":false,"point_budget":64,"source_facets":3,"boundary_points":5,"new_points":0,"boundary_unchanged":true,"before_bad":1,"after_score_computed":true,"after_bad":1,"after_valid":true,"before_bad_area":0.0014371,"after_bad_area":0.0014371,"selected":false}
NATIVE_QUALITY_REGION {"group":41629,"boundary_attempt":false,"point_budget":64,"source_facets":4,"boundary_points":6,"new_points":1,"boundary_unchanged":true,"before_bad":1,"after_score_computed":true,"after_bad":2,"after_valid":true,"before_bad_area":6.43536e-05,"after_bad_area":0.000515527,"selected":false}
NATIVE_QUALITY_REGION {"group":41633,"boundary_attempt":false,"point_budget":64,"source_facets":4,"boundary_points":6,"new_points":1,"boundary_unchanged":true,"before_bad":1,"after_score_computed":true,"after_bad":0,"after_valid":true,"before_bad_area":0.00066817,"after_bad_area":0,"selected":true}
NATIVE_QUALITY_REGION {"group":41756,"boundary_attempt":false,"point_budget":64,"source_facets":2,"boundary_points":4,"new_points":0,"boundary_unchanged":true,"before_bad":1,"after_score_computed":true,"after_bad":1,"after_valid":true,"before_bad_area":0.000177157,"after_bad_area":0.000177157,"selected":false}
NATIVE_QUALITY_REGION {"group":41756,"boundary_attempt":true,"point_budget":128,"source_facets":2,"boundary_points":4,"new_points":5,"boundary_unchanged":true,"before_bad":1,"after_score_computed":true,"after_bad":0,"after_valid":true,"before_bad_area":0.000177157,"after_bad_area":0,"selected":true}
NATIVE_QUALITY_REGION {"group":41779,"boundary_attempt":false,"point_budget":64,"source_facets":2,"boundary_points":4,"new_points":0,"boundary_unchanged":true,"before_bad":1,"after_score_computed":true,"after_bad":1,"after_valid":true,"before_bad_area":0.000175416,"after_bad_area":0.000175416,"selected":false}
NATIVE_QUALITY_REGION {"group":41779,"boundary_attempt":true,"point_budget":128,"source_facets":2,"boundary_points":4,"new_points":10,"boundary_unchanged":true,"before_bad":1,"after_score_computed":true,"after_bad":0,"after_valid":true,"before_bad_area":0.000175416,"after_bad_area":0,"selected":true}
NATIVE_QUALITY_REGION {"group":41821,"boundary_attempt":false,"point_budget":64,"source_facets":3,"boundary_points":5,"new_points":1,"boundary_unchanged":true,"before_bad":2,"after_score_computed":true,"after_bad":2,"after_valid":true,"before_bad_area":7.22463e-06,"after_bad_area":1.63497e-05,"selected":false}
NATIVE_QUALITY_REGION {"group":41826,"boundary_attempt":false,"point_budget":64,"source_facets":3,"boundary_points":5,"new_points":1,"boundary_unchanged":true,"before_bad":1,"after_score_computed":true,"after_bad":2,"after_valid":true,"before_bad_area":0.000260394,"after_bad_area":0.00108653,"selected":false}
NATIVE_QUALITY_REGION {"group":41863,"boundary_attempt":false,"point_budget":64,"source_facets":5,"boundary_points":7,"new_points":0,"boundary_unchanged":true,"before_bad":1,"after_score_computed":true,"after_bad":1,"after_valid":true,"before_bad_area":0.000864526,"after_bad_area":0.000864526,"selected":false}
NATIVE_QUALITY_REGION {"group":41966,"boundary_attempt":false,"point_budget":64,"source_facets":4,"boundary_points":6,"new_points":0,"boundary_unchanged":true,"before_bad":1,"after_score_computed":true,"after_bad":1,"after_valid":true,"before_bad_area":0.00207215,"after_bad_area":0.00207215,"selected":false}
NATIVE_QUALITY_REGION {"group":42044,"boundary_attempt":false,"point_budget":64,"source_facets":2,"boundary_points":4,"new_points":0,"boundary_unchanged":true,"before_bad":1,"after_score_computed":true,"after_bad":1,"after_valid":true,"before_bad_area":0.00142008,"after_bad_area":0.00142008,"selected":false}
NATIVE_QUALITY_REGION {"group":42044,"boundary_attempt":true,"point_budget":128,"source_facets":2,"boundary_points":4,"new_points":2,"boundary_unchanged":true,"before_bad":1,"after_score_computed":true,"after_bad":0,"after_valid":true,"before_bad_area":0.00142008,"after_bad_area":0,"selected":true}
NATIVE_QUALITY_REGION {"group":42045,"boundary_attempt":false,"point_budget":64,"source_facets":2,"boundary_points":4,"new_points":1,"boundary_unchanged":true,"before_bad":1,"after_score_computed":true,"after_bad":2,"after_valid":true,"before_bad_area":9.14896e-05,"after_bad_area":0.000524879,"selected":false}
NATIVE_QUALITY_REGION {"group":42045,"boundary_attempt":true,"point_budget":128,"source_facets":2,"boundary_points":4,"new_points":12,"boundary_unchanged":true,"before_bad":1,"after_score_computed":true,"after_bad":0,"after_valid":true,"before_bad_area":9.14896e-05,"after_bad_area":0,"selected":true}
NATIVE_QUALITY_REGION {"group":42063,"boundary_attempt":false,"point_budget":64,"source_facets":2,"boundary_points":4,"new_points":0,"boundary_unchanged":true,"before_bad":1,"after_score_computed":true,"after_bad":1,"after_valid":true,"before_bad_area":7.99624e-05,"after_bad_area":7.99624e-05,"selected":false}
NATIVE_QUALITY_REGION {"group":42063,"boundary_attempt":true,"point_budget":128,"source_facets":2,"boundary_points":4,"new_points":11,"boundary_unchanged":true,"before_bad":1,"after_score_computed":true,"after_bad":0,"after_valid":true,"before_bad_area":7.99624e-05,"after_bad_area":0,"selected":true}
NATIVE_QUALITY_REGION {"group":42064,"boundary_attempt":false,"point_budget":64,"source_facets":2,"boundary_points":4,"new_points":0,"boundary_unchanged":true,"before_bad":1,"after_score_computed":true,"after_bad":1,"after_valid":true,"before_bad_area":6.4206e-05,"after_bad_area":6.4206e-05,"selected":false}
NATIVE_QUALITY_REGION {"group":42064,"boundary_attempt":true,"point_budget":128,"source_facets":2,"boundary_points":4,"new_points":11,"boundary_unchanged":true,"before_bad":1,"after_score_computed":true,"after_bad":0,"after_valid":true,"before_bad_area":6.4206e-05,"after_bad_area":0,"selected":true}
NATIVE_QUALITY_REGION {"group":42075,"boundary_attempt":false,"point_budget":64,"source_facets":2,"boundary_points":4,"new_points":0,"boundary_unchanged":true,"before_bad":1,"after_score_computed":true,"after_bad":1,"after_valid":true,"before_bad_area":0.000135506,"after_bad_area":0.000135506,"selected":false}
NATIVE_QUALITY_REGION {"group":42075,"boundary_attempt":true,"point_budget":128,"source_facets":2,"boundary_points":4,"new_points":1,"boundary_unchanged":true,"before_bad":1,"after_score_computed":true,"after_bad":0,"after_valid":true,"before_bad_area":0.000135506,"after_bad_area":0,"selected":true}
NATIVE_QUALITY_REGION {"group":42084,"boundary_attempt":false,"point_budget":64,"source_facets":2,"boundary_points":4,"new_points":0,"boundary_unchanged":true,"before_bad":1,"after_score_computed":true,"after_bad":1,"after_valid":true,"before_bad_area":0.00263312,"after_bad_area":0.00263312,"selected":false}
NATIVE_QUALITY_REGION {"group":42084,"boundary_attempt":true,"point_budget":128,"source_facets":2,"boundary_points":4,"new_points":3,"boundary_unchanged":true,"before_bad":1,"after_score_computed":true,"after_bad":0,"after_valid":true,"before_bad_area":0.00263312,"after_bad_area":0,"selected":true}
NATIVE_QUALITY_REGION {"group":42086,"boundary_attempt":false,"point_budget":64,"source_facets":2,"boundary_points":4,"new_points":0,"boundary_unchanged":true,"before_bad":1,"after_score_computed":true,"after_bad":1,"after_valid":true,"before_bad_area":0.00131237,"after_bad_area":0.00131237,"selected":false}
NATIVE_QUALITY_REGION {"group":42086,"boundary_attempt":true,"point_budget":128,"source_facets":2,"boundary_points":4,"new_points":8,"boundary_unchanged":true,"before_bad":1,"after_score_computed":true,"after_bad":0,"after_valid":true,"before_bad_area":0.00131237,"after_bad_area":0,"selected":true}
NATIVE_QUALITY_REGION {"group":42088,"boundary_attempt":false,"point_budget":64,"source_facets":2,"boundary_points":4,"new_points":0,"boundary_unchanged":true,"before_bad":1,"after_score_computed":true,"after_bad":1,"after_valid":true,"before_bad_area":0.0126167,"after_bad_area":0.0126167,"selected":false}
NATIVE_QUALITY_REGION {"group":42088,"boundary_attempt":true,"point_budget":128,"source_facets":2,"boundary_points":4,"new_points":3,"boundary_unchanged":true,"before_bad":1,"after_score_computed":true,"after_bad":0,"after_valid":true,"before_bad_area":0.0126167,"after_bad_area":0,"selected":true}
NATIVE_QUALITY_REGION {"group":42090,"boundary_attempt":false,"point_budget":64,"source_facets":2,"boundary_points":4,"new_points":0,"boundary_unchanged":true,"before_bad":1,"after_score_computed":true,"after_bad":1,"after_valid":true,"before_bad_area":0.00200041,"after_bad_area":0.00200041,"selected":false}
NATIVE_QUALITY_REGION {"group":42090,"boundary_attempt":true,"point_budget":128,"source_facets":2,"boundary_points":4,"new_points":5,"boundary_unchanged":true,"before_bad":1,"after_score_computed":true,"after_bad":0,"after_valid":true,"before_bad_area":0.00200041,"after_bad_area":0,"selected":true}
NATIVE_QUALITY_REGION {"group":42091,"boundary_attempt":false,"point_budget":64,"source_facets":2,"boundary_points":4,"new_points":1,"boundary_unchanged":true,"before_bad":1,"after_score_computed":true,"after_bad":2,"after_valid":true,"before_bad_area":0.00175114,"after_bad_area":0.0114886,"selected":false}
NATIVE_QUALITY_REGION {"group":42091,"boundary_attempt":true,"point_budget":128,"source_facets":2,"boundary_points":4,"new_points":6,"boundary_unchanged":true,"before_bad":1,"after_score_computed":true,"after_bad":0,"after_valid":true,"before_bad_area":0.00175114,"after_bad_area":0,"selected":true}
NATIVE_QUALITY_REGION {"group":42095,"boundary_attempt":false,"point_budget":64,"source_facets":3,"boundary_points":5,"new_points":0,"boundary_unchanged":true,"before_bad":1,"after_score_computed":true,"after_bad":1,"after_valid":true,"before_bad_area":0.00467107,"after_bad_area":0.00467107,"selected":false}
NATIVE_QUALITY_REGION {"group":42100,"boundary_attempt":false,"point_budget":64,"source_facets":3,"boundary_points":5,"new_points":0,"boundary_unchanged":true,"before_bad":1,"after_score_computed":true,"after_bad":1,"after_valid":true,"before_bad_area":0.00530931,"after_bad_area":0.00530931,"selected":false}
NATIVE_QUALITY_REGION {"group":42103,"boundary_attempt":false,"point_budget":64,"source_facets":2,"boundary_points":4,"new_points":0,"boundary_unchanged":true,"before_bad":1,"after_score_computed":true,"after_bad":1,"after_valid":true,"before_bad_area":0.00165311,"after_bad_area":0.00165311,"selected":false}
NATIVE_QUALITY_REGION {"group":42103,"boundary_attempt":true,"point_budget":128,"source_facets":2,"boundary_points":4,"new_points":2,"boundary_unchanged":true,"before_bad":1,"after_score_computed":true,"after_bad":0,"after_valid":true,"before_bad_area":0.00165311,"after_bad_area":0,"selected":true}
NATIVE_QUALITY_REGION {"group":42109,"boundary_attempt":false,"point_budget":64,"source_facets":2,"boundary_points":4,"new_points":0,"boundary_unchanged":true,"before_bad":1,"after_score_computed":true,"after_bad":1,"after_valid":true,"before_bad_area":0.000683408,"after_bad_area":0.000683408,"selected":false}
NATIVE_QUALITY_REGION {"group":42109,"boundary_attempt":true,"point_budget":128,"source_facets":2,"boundary_points":4,"new_points":5,"boundary_unchanged":true,"before_bad":1,"after_score_computed":true,"after_bad":0,"after_valid":true,"before_bad_area":0.000683408,"after_bad_area":0,"selected":true}
NATIVE_QUALITY_REGION {"group":42117,"boundary_attempt":false,"point_budget":64,"source_facets":2,"boundary_points":4,"new_points":0,"boundary_unchanged":true,"before_bad":1,"after_score_computed":true,"after_bad":1,"after_valid":true,"before_bad_area":0.00110435,"after_bad_area":0.00110435,"selected":false}
NATIVE_QUALITY_REGION {"group":42117,"boundary_attempt":true,"point_budget":128,"source_facets":2,"boundary_points":4,"new_points":5,"boundary_unchanged":true,"before_bad":1,"after_score_computed":true,"after_bad":0,"after_valid":true,"before_bad_area":0.00110435,"after_bad_area":0,"selected":true}
NATIVE_QUALITY_REGION {"group":42120,"boundary_attempt":false,"point_budget":64,"source_facets":3,"boundary_points":5,"new_points":0,"boundary_unchanged":true,"before_bad":1,"after_score_computed":true,"after_bad":1,"after_valid":true,"before_bad_area":1.68487e-05,"after_bad_area":1.68487e-05,"selected":false}
NATIVE_QUALITY_REGION {"group":42124,"boundary_attempt":false,"point_budget":64,"source_facets":2,"boundary_points":4,"new_points":0,"boundary_unchanged":true,"before_bad":1,"after_score_computed":true,"after_bad":1,"after_valid":true,"before_bad_area":1.06284e-05,"after_bad_area":1.06284e-05,"selected":false}
NATIVE_QUALITY_REGION {"group":42124,"boundary_attempt":true,"point_budget":128,"source_facets":2,"boundary_points":4,"new_points":6,"boundary_unchanged":true,"before_bad":1,"after_score_computed":true,"after_bad":0,"after_valid":true,"before_bad_area":1.06284e-05,"after_bad_area":0,"selected":true}
NATIVE_QUALITY_REGION {"group":42127,"boundary_attempt":false,"point_budget":64,"source_facets":2,"boundary_points":4,"new_points":0,"boundary_unchanged":true,"before_bad":2,"after_score_computed":true,"after_bad":2,"after_valid":true,"before_bad_area":0.000291772,"after_bad_area":0.000291772,"selected":false}
NATIVE_QUALITY_REGION {"group":42127,"boundary_attempt":true,"point_budget":128,"source_facets":2,"boundary_points":4,"new_points":15,"boundary_unchanged":true,"before_bad":2,"after_score_computed":true,"after_bad":0,"after_valid":true,"before_bad_area":0.000291772,"after_bad_area":0,"selected":true}
NATIVE_QUALITY_REGION {"group":42128,"boundary_attempt":false,"point_budget":64,"source_facets":2,"boundary_points":4,"new_points":0,"boundary_unchanged":true,"before_bad":1,"after_score_computed":true,"after_bad":1,"after_valid":true,"before_bad_area":9.069e-05,"after_bad_area":9.069e-05,"selected":false}
NATIVE_QUALITY_REGION {"group":42128,"boundary_attempt":true,"point_budget":128,"source_facets":2,"boundary_points":4,"new_points":6,"boundary_unchanged":true,"before_bad":1,"after_score_computed":true,"after_bad":0,"after_valid":true,"before_bad_area":9.069e-05,"after_bad_area":0,"selected":true}
NATIVE_QUALITY_REGION {"group":42130,"boundary_attempt":false,"point_budget":64,"source_facets":3,"boundary_points":5,"new_points":0,"boundary_unchanged":true,"before_bad":3,"after_score_computed":true,"after_bad":3,"after_valid":true,"before_bad_area":0.00017155,"after_bad_area":0.00017155,"selected":false}
NATIVE_QUALITY_REGION {"group":42132,"boundary_attempt":false,"point_budget":64,"source_facets":2,"boundary_points":4,"new_points":0,"boundary_unchanged":true,"before_bad":2,"after_score_computed":true,"after_bad":2,"after_valid":true,"before_bad_area":0.000326704,"after_bad_area":0.000326704,"selected":false}
NATIVE_QUALITY_REGION {"group":42132,"boundary_attempt":true,"point_budget":128,"source_facets":2,"boundary_points":4,"new_points":45,"boundary_unchanged":true,"before_bad":2,"after_score_computed":true,"after_bad":0,"after_valid":true,"before_bad_area":0.000326704,"after_bad_area":0,"selected":true}
NATIVE_QUALITY_REGION {"group":42139,"boundary_attempt":false,"point_budget":64,"source_facets":2,"boundary_points":4,"new_points":0,"boundary_unchanged":true,"before_bad":1,"after_score_computed":true,"after_bad":1,"after_valid":true,"before_bad_area":1.27545e-05,"after_bad_area":1.27545e-05,"selected":false}
NATIVE_QUALITY_REGION {"group":42139,"boundary_attempt":true,"point_budget":128,"source_facets":2,"boundary_points":4,"new_points":8,"boundary_unchanged":true,"before_bad":1,"after_score_computed":true,"after_bad":0,"after_valid":true,"before_bad_area":1.27545e-05,"after_bad_area":0,"selected":true}
NATIVE_QUALITY_REGION {"group":42140,"boundary_attempt":false,"point_budget":64,"source_facets":2,"boundary_points":4,"new_points":0,"boundary_unchanged":true,"before_bad":1,"after_score_computed":true,"after_bad":1,"after_valid":true,"before_bad_area":0.00153949,"after_bad_area":0.00153949,"selected":false}
NATIVE_QUALITY_REGION {"group":42140,"boundary_attempt":true,"point_budget":128,"source_facets":2,"boundary_points":4,"new_points":4,"boundary_unchanged":true,"before_bad":1,"after_score_computed":true,"after_bad":0,"after_valid":true,"before_bad_area":0.00153949,"after_bad_area":0,"selected":true}
NATIVE_QUALITY_REGION {"group":42145,"boundary_attempt":false,"point_budget":64,"source_facets":2,"boundary_points":4,"new_points":0,"boundary_unchanged":true,"before_bad":1,"after_score_computed":true,"after_bad":1,"after_valid":true,"before_bad_area":0.0299473,"after_bad_area":0.0299473,"selected":false}
NATIVE_QUALITY_REGION {"group":42145,"boundary_attempt":true,"point_budget":128,"source_facets":2,"boundary_points":4,"new_points":3,"boundary_unchanged":true,"before_bad":1,"after_score_computed":true,"after_bad":0,"after_valid":true,"before_bad_area":0.0299473,"after_bad_area":0,"selected":true}
NATIVE_QUALITY_REGION {"group":42158,"boundary_attempt":false,"point_budget":64,"source_facets":3,"boundary_points":5,"new_points":4,"boundary_unchanged":true,"before_bad":2,"after_score_computed":true,"after_bad":4,"after_valid":true,"before_bad_area":0.0022082,"after_bad_area":0.00750521,"selected":false}
NATIVE_QUALITY_REGION {"group":42169,"boundary_attempt":false,"point_budget":64,"source_facets":3,"boundary_points":5,"new_points":0,"boundary_unchanged":true,"before_bad":1,"after_score_computed":true,"after_bad":1,"after_valid":true,"before_bad_area":0.00031301,"after_bad_area":0.00031301,"selected":false}
NATIVE_QUALITY_REGION {"group":42171,"boundary_attempt":false,"point_budget":64,"source_facets":3,"boundary_points":4,"new_points":0,"boundary_unchanged":true,"before_bad":1,"after_score_computed":true,"after_bad":1,"after_valid":true,"before_bad_area":0.000501345,"after_bad_area":0.000501345,"selected":false}
NATIVE_QUALITY_REGION {"group":42171,"boundary_attempt":true,"point_budget":128,"source_facets":3,"boundary_points":4,"new_points":6,"boundary_unchanged":true,"before_bad":1,"after_score_computed":true,"after_bad":0,"after_valid":true,"before_bad_area":0.000501345,"after_bad_area":0,"selected":true}
NATIVE_QUALITY_REGION {"group":42172,"boundary_attempt":false,"point_budget":64,"source_facets":4,"boundary_points":6,"new_points":2,"boundary_unchanged":true,"before_bad":2,"after_score_computed":true,"after_bad":2,"after_valid":true,"before_bad_area":0.000460246,"after_bad_area":0.00179084,"selected":false}
NATIVE_QUALITY_REGION {"group":42173,"boundary_attempt":false,"point_budget":64,"source_facets":2,"boundary_points":3,"new_points":0,"boundary_unchanged":true,"before_bad":1,"after_score_computed":true,"after_bad":1,"after_valid":true,"before_bad_area":0.000550375,"after_bad_area":0.000550375,"selected":false}
NATIVE_QUALITY_REGION {"group":42175,"boundary_attempt":false,"point_budget":64,"source_facets":3,"boundary_points":5,"new_points":2,"boundary_unchanged":true,"before_bad":1,"after_score_computed":true,"after_bad":0,"after_valid":true,"before_bad_area":0.000267202,"after_bad_area":0,"selected":true}
NATIVE_QUALITY_REGION {"group":42176,"boundary_attempt":false,"point_budget":64,"source_facets":3,"boundary_points":5,"new_points":0,"boundary_unchanged":true,"before_bad":3,"after_score_computed":true,"after_bad":3,"after_valid":true,"before_bad_area":0.00119274,"after_bad_area":0.00119274,"selected":false}
NATIVE_QUALITY_REGION {"group":42177,"boundary_attempt":false,"point_budget":64,"source_facets":2,"boundary_points":3,"new_points":0,"boundary_unchanged":true,"before_bad":1,"after_score_computed":true,"after_bad":1,"after_valid":true,"before_bad_area":0.00174491,"after_bad_area":0.00174491,"selected":false}
NATIVE_QUALITY_REGION {"group":42180,"boundary_attempt":false,"point_budget":64,"source_facets":3,"boundary_points":4,"new_points":0,"boundary_unchanged":true,"before_bad":1,"after_score_computed":true,"after_bad":1,"after_valid":true,"before_bad_area":0.000484892,"after_bad_area":0.000484892,"selected":false}
NATIVE_QUALITY_REGION {"group":42180,"boundary_attempt":true,"point_budget":128,"source_facets":3,"boundary_points":4,"new_points":4,"boundary_unchanged":true,"before_bad":1,"after_score_computed":true,"after_bad":0,"after_valid":true,"before_bad_area":0.000484892,"after_bad_area":0,"selected":true}
NATIVE_QUALITY_REGION {"group":42181,"boundary_attempt":false,"point_budget":64,"source_facets":4,"boundary_points":6,"new_points":2,"boundary_unchanged":true,"before_bad":1,"after_score_computed":true,"after_bad":0,"after_valid":true,"before_bad_area":0.000620156,"after_bad_area":0,"selected":true}
NATIVE_QUALITY_REGION {"group":42182,"boundary_attempt":false,"point_budget":64,"source_facets":2,"boundary_points":4,"new_points":0,"boundary_unchanged":true,"before_bad":1,"after_score_computed":true,"after_bad":1,"after_valid":true,"before_bad_area":0.00178537,"after_bad_area":0.00178537,"selected":false}
NATIVE_QUALITY_REGION {"group":42182,"boundary_attempt":true,"point_budget":128,"source_facets":2,"boundary_points":4,"new_points":3,"boundary_unchanged":true,"before_bad":1,"after_score_computed":true,"after_bad":0,"after_valid":true,"before_bad_area":0.00178537,"after_bad_area":0,"selected":true}
NATIVE_QUALITY_REGION {"group":42183,"boundary_attempt":false,"point_budget":64,"source_facets":2,"boundary_points":4,"new_points":0,"boundary_unchanged":true,"before_bad":1,"after_score_computed":true,"after_bad":1,"after_valid":true,"before_bad_area":6.54834e-05,"after_bad_area":6.54834e-05,"selected":false}
NATIVE_QUALITY_REGION {"group":42186,"boundary_attempt":false,"point_budget":64,"source_facets":2,"boundary_points":4,"new_points":0,"boundary_unchanged":true,"before_bad":2,"after_score_computed":true,"after_bad":2,"after_valid":true,"before_bad_area":0.000493099,"after_bad_area":0.000493099,"selected":false}
NATIVE_QUALITY_REGION {"group":42187,"boundary_attempt":false,"point_budget":64,"source_facets":2,"boundary_points":4,"new_points":1,"boundary_unchanged":true,"before_bad":1,"after_score_computed":true,"after_bad":2,"after_valid":true,"before_bad_area":0.000667328,"after_bad_area":0.00272564,"selected":false}
NATIVE_QUALITY_REGION {"group":42187,"boundary_attempt":true,"point_budget":128,"source_facets":2,"boundary_points":4,"new_points":7,"boundary_unchanged":true,"before_bad":1,"after_score_computed":true,"after_bad":0,"after_valid":true,"before_bad_area":0.000667328,"after_bad_area":0,"selected":true}
NATIVE_QUALITY_REGION {"group":42188,"boundary_attempt":false,"point_budget":64,"source_facets":2,"boundary_points":4,"new_points":1,"boundary_unchanged":true,"before_bad":2,"after_score_computed":true,"after_bad":3,"after_valid":true,"before_bad_area":0.000445894,"after_bad_area":0.000445709,"selected":false}
NATIVE_QUALITY_REGION {"group":42195,"boundary_attempt":false,"point_budget":64,"source_facets":4,"boundary_points":6,"new_points":0,"boundary_unchanged":true,"before_bad":1,"after_score_computed":true,"after_bad":1,"after_valid":true,"before_bad_area":0.000960734,"after_bad_area":0.000960734,"selected":false}
NATIVE_QUALITY_REGION {"group":42196,"boundary_attempt":false,"point_budget":64,"source_facets":2,"boundary_points":4,"new_points":0,"boundary_unchanged":true,"before_bad":1,"after_score_computed":true,"after_bad":1,"after_valid":true,"before_bad_area":1.87578e-05,"after_bad_area":1.87578e-05,"selected":false}
NATIVE_QUALITY_REGION {"group":42196,"boundary_attempt":true,"point_budget":128,"source_facets":2,"boundary_points":4,"new_points":14,"boundary_unchanged":true,"before_bad":1,"after_score_computed":true,"after_bad":0,"after_valid":true,"before_bad_area":1.87578e-05,"after_bad_area":0,"selected":true}
NATIVE_QUALITY_REGION {"group":42197,"boundary_attempt":false,"point_budget":64,"source_facets":2,"boundary_points":4,"new_points":0,"boundary_unchanged":true,"before_bad":1,"after_score_computed":true,"after_bad":1,"after_valid":true,"before_bad_area":4.00691e-05,"after_bad_area":4.00691e-05,"selected":false}
NATIVE_QUALITY_REGION {"group":42199,"boundary_attempt":false,"point_budget":64,"source_facets":2,"boundary_points":4,"new_points":0,"boundary_unchanged":true,"before_bad":1,"after_score_computed":true,"after_bad":1,"after_valid":true,"before_bad_area":9.68941e-05,"after_bad_area":9.68941e-05,"selected":false}
NATIVE_QUALITY_REGION {"group":42199,"boundary_attempt":true,"point_budget":128,"source_facets":2,"boundary_points":4,"new_points":6,"boundary_unchanged":true,"before_bad":1,"after_score_computed":true,"after_bad":0,"after_valid":true,"before_bad_area":9.68941e-05,"after_bad_area":0,"selected":true}
NATIVE_QUALITY_REGION {"group":42203,"boundary_attempt":false,"point_budget":64,"source_facets":6,"boundary_points":8,"new_points":4,"boundary_unchanged":true,"before_bad":1,"after_score_computed":true,"after_bad":0,"after_valid":true,"before_bad_area":8.26225e-05,"after_bad_area":0,"selected":true}
NATIVE_QUALITY_REGION {"group":42204,"boundary_attempt":false,"point_budget":64,"source_facets":4,"boundary_points":6,"new_points":0,"boundary_unchanged":true,"before_bad":2,"after_score_computed":true,"after_bad":2,"after_valid":true,"before_bad_area":7.28639e-05,"after_bad_area":7.28639e-05,"selected":false}
NATIVE_QUALITY_REGION {"group":42205,"boundary_attempt":false,"point_budget":64,"source_facets":6,"boundary_points":8,"new_points":1,"boundary_unchanged":true,"before_bad":2,"after_score_computed":true,"after_bad":3,"after_valid":true,"before_bad_area":0.000697295,"after_bad_area":0.00086836,"selected":false}
NATIVE_QUALITY_REGION {"group":42211,"boundary_attempt":false,"point_budget":64,"source_facets":6,"boundary_points":7,"new_points":0,"boundary_unchanged":true,"before_bad":1,"after_score_computed":true,"after_bad":1,"after_valid":true,"before_bad_area":0.00028496,"after_bad_area":0.00028496,"selected":false}
NATIVE_QUALITY_REGION {"group":42214,"boundary_attempt":false,"point_budget":64,"source_facets":5,"boundary_points":7,"new_points":0,"boundary_unchanged":true,"before_bad":2,"after_score_computed":true,"after_bad":2,"after_valid":true,"before_bad_area":0.00244988,"after_bad_area":0.00244988,"selected":false}
NATIVE_QUALITY_REGION {"group":42218,"boundary_attempt":false,"point_budget":64,"source_facets":4,"boundary_points":6,"new_points":0,"boundary_unchanged":true,"before_bad":3,"after_score_computed":true,"after_bad":3,"after_valid":true,"before_bad_area":0.000675201,"after_bad_area":0.000675201,"selected":false}
NATIVE_QUALITY_REGION {"group":42219,"boundary_attempt":false,"point_budget":64,"source_facets":2,"boundary_points":4,"new_points":0,"boundary_unchanged":true,"before_bad":1,"after_score_computed":true,"after_bad":1,"after_valid":true,"before_bad_area":1.19731e-05,"after_bad_area":1.19731e-05,"selected":false}
NATIVE_QUALITY_REGION {"group":42219,"boundary_attempt":true,"point_budget":128,"source_facets":2,"boundary_points":4,"new_points":2,"boundary_unchanged":true,"before_bad":1,"after_score_computed":true,"after_bad":0,"after_valid":true,"before_bad_area":1.19731e-05,"after_bad_area":0,"selected":true}
NATIVE_QUALITY_REGION {"group":42223,"boundary_attempt":false,"point_budget":64,"source_facets":2,"boundary_points":4,"new_points":0,"boundary_unchanged":true,"before_bad":1,"after_score_computed":true,"after_bad":1,"after_valid":true,"before_bad_area":3.20541e-06,"after_bad_area":3.20541e-06,"selected":false}
NATIVE_QUALITY_REGION {"group":42223,"boundary_attempt":true,"point_budget":128,"source_facets":2,"boundary_points":4,"new_points":16,"boundary_unchanged":true,"before_bad":1,"after_score_computed":true,"after_bad":0,"after_valid":true,"before_bad_area":3.20541e-06,"after_bad_area":0,"selected":true}
NATIVE_QUALITY_REGION {"group":42224,"boundary_attempt":false,"point_budget":64,"source_facets":3,"boundary_points":5,"new_points":0,"boundary_unchanged":true,"before_bad":2,"after_score_computed":true,"after_bad":2,"after_valid":true,"before_bad_area":0.00157876,"after_bad_area":0.00157876,"selected":false}
NATIVE_QUALITY_REGION {"group":42229,"boundary_attempt":false,"point_budget":64,"source_facets":4,"boundary_points":6,"new_points":0,"boundary_unchanged":true,"before_bad":1,"after_score_computed":true,"after_bad":1,"after_valid":true,"before_bad_area":0.00122356,"after_bad_area":0.00122356,"selected":false}
NATIVE_QUALITY_REGION {"group":42233,"boundary_attempt":false,"point_budget":64,"source_facets":2,"boundary_points":4,"new_points":0,"boundary_unchanged":true,"before_bad":1,"after_score_computed":true,"after_bad":1,"after_valid":true,"before_bad_area":0.000441101,"after_bad_area":0.000441101,"selected":false}
NATIVE_QUALITY_REGION {"group":42233,"boundary_attempt":true,"point_budget":128,"source_facets":2,"boundary_points":4,"new_points":1,"boundary_unchanged":true,"before_bad":1,"after_score_computed":true,"after_bad":0,"after_valid":true,"before_bad_area":0.000441101,"after_bad_area":0,"selected":true}
NATIVE_QUALITY_REGION {"group":42235,"boundary_attempt":false,"point_budget":64,"source_facets":2,"boundary_points":4,"new_points":0,"boundary_unchanged":true,"before_bad":1,"after_score_computed":true,"after_bad":1,"after_valid":true,"before_bad_area":0.000639099,"after_bad_area":0.000639099,"selected":false}
NATIVE_QUALITY_REGION {"group":42237,"boundary_attempt":false,"point_budget":64,"source_facets":2,"boundary_points":4,"new_points":0,"boundary_unchanged":true,"before_bad":1,"after_score_computed":true,"after_bad":1,"after_valid":true,"before_bad_area":1.28493e-06,"after_bad_area":1.28493e-06,"selected":false}
NATIVE_QUALITY_REGION {"group":42237,"boundary_attempt":true,"point_budget":128,"source_facets":2,"boundary_points":4,"new_points":2,"boundary_unchanged":true,"before_bad":1,"after_score_computed":true,"after_bad":0,"after_valid":true,"before_bad_area":1.28493e-06,"after_bad_area":0,"selected":true}
NATIVE_QUALITY_REGION {"group":42238,"boundary_attempt":false,"point_budget":64,"source_facets":2,"boundary_points":4,"new_points":0,"boundary_unchanged":true,"before_bad":2,"after_score_computed":true,"after_bad":2,"after_valid":true,"before_bad_area":0.000241066,"after_bad_area":0.000241066,"selected":false}
NATIVE_QUALITY_REGION {"group":42240,"boundary_attempt":false,"point_budget":64,"source_facets":5,"boundary_points":7,"new_points":1,"boundary_unchanged":true,"before_bad":1,"after_score_computed":true,"after_bad":0,"after_valid":true,"before_bad_area":0.000171531,"after_bad_area":0,"selected":true}
NATIVE_QUALITY_REGION {"group":42242,"boundary_attempt":false,"point_budget":64,"source_facets":2,"boundary_points":4,"new_points":0,"boundary_unchanged":true,"before_bad":1,"after_score_computed":true,"after_bad":1,"after_valid":true,"before_bad_area":1.55034e-05,"after_bad_area":1.55034e-05,"selected":false}
NATIVE_QUALITY_REGION {"group":42247,"boundary_attempt":false,"point_budget":64,"source_facets":2,"boundary_points":4,"new_points":0,"boundary_unchanged":true,"before_bad":1,"after_score_computed":true,"after_bad":1,"after_valid":true,"before_bad_area":0.00016268,"after_bad_area":0.00016268,"selected":false}
NATIVE_QUALITY_REGION {"group":42248,"boundary_attempt":false,"point_budget":64,"source_facets":4,"boundary_points":6,"new_points":0,"boundary_unchanged":true,"before_bad":3,"after_score_computed":true,"after_bad":3,"after_valid":true,"before_bad_area":0.00191917,"after_bad_area":0.00191917,"selected":false}
NATIVE_QUALITY_REGION {"group":42256,"boundary_attempt":false,"point_budget":64,"source_facets":6,"boundary_points":8,"new_points":0,"boundary_unchanged":true,"before_bad":2,"after_score_computed":true,"after_bad":2,"after_valid":true,"before_bad_area":0.00171675,"after_bad_area":0.00171675,"selected":false}
NATIVE_QUALITY_REGION {"group":42257,"boundary_attempt":false,"point_budget":64,"source_facets":3,"boundary_points":5,"new_points":0,"boundary_unchanged":true,"before_bad":1,"after_score_computed":true,"after_bad":1,"after_valid":true,"before_bad_area":0.00205029,"after_bad_area":0.00205029,"selected":false}
NATIVE_QUALITY_REGION {"group":42260,"boundary_attempt":false,"point_budget":64,"source_facets":3,"boundary_points":5,"new_points":1,"boundary_unchanged":true,"before_bad":1,"after_score_computed":true,"after_bad":0,"after_valid":true,"before_bad_area":0.000489479,"after_bad_area":0,"selected":true}
NATIVE_QUALITY_REGION {"group":42261,"boundary_attempt":false,"point_budget":64,"source_facets":2,"boundary_points":3,"new_points":0,"boundary_unchanged":true,"before_bad":1,"after_score_computed":true,"after_bad":1,"after_valid":true,"before_bad_area":0.000604939,"after_bad_area":0.000604939,"selected":false}
NATIVE_QUALITY_REGION {"group":42262,"boundary_attempt":false,"point_budget":64,"source_facets":2,"boundary_points":4,"new_points":0,"boundary_unchanged":true,"before_bad":1,"after_score_computed":true,"after_bad":1,"after_valid":true,"before_bad_area":0.0018435,"after_bad_area":0.0018435,"selected":false}
NATIVE_QUALITY_REGION {"group":42262,"boundary_attempt":true,"point_budget":128,"source_facets":2,"boundary_points":4,"new_points":1,"boundary_unchanged":true,"before_bad":1,"after_score_computed":true,"after_bad":0,"after_valid":true,"before_bad_area":0.0018435,"after_bad_area":0,"selected":true}
NATIVE_QUALITY_REGION {"group":42269,"boundary_attempt":false,"point_budget":64,"source_facets":2,"boundary_points":4,"new_points":0,"boundary_unchanged":true,"before_bad":1,"after_score_computed":true,"after_bad":1,"after_valid":true,"before_bad_area":0.000298161,"after_bad_area":0.000298161,"selected":false}
NATIVE_QUALITY_REGION {"group":42269,"boundary_attempt":true,"point_budget":128,"source_facets":2,"boundary_points":4,"new_points":3,"boundary_unchanged":true,"before_bad":1,"after_score_computed":true,"after_bad":0,"after_valid":true,"before_bad_area":0.000298161,"after_bad_area":0,"selected":true}
NATIVE_QUALITY_REGION {"group":42270,"boundary_attempt":false,"point_budget":64,"source_facets":4,"boundary_points":6,"new_points":0,"boundary_unchanged":true,"before_bad":2,"after_score_computed":true,"after_bad":2,"after_valid":true,"before_bad_area":0.000906766,"after_bad_area":0.000906766,"selected":false}
NATIVE_QUALITY_REGION {"group":42382,"boundary_attempt":false,"point_budget":64,"source_facets":4,"boundary_points":6,"new_points":0,"boundary_unchanged":true,"before_bad":3,"after_score_computed":true,"after_bad":3,"after_valid":true,"before_bad_area":0.00689884,"after_bad_area":0.00689884,"selected":false}
NATIVE_QUALITY_REGION {"group":42383,"boundary_attempt":false,"point_budget":64,"source_facets":3,"boundary_points":5,"new_points":1,"boundary_unchanged":true,"before_bad":1,"after_score_computed":true,"after_bad":0,"after_valid":true,"before_bad_area":0.00942751,"after_bad_area":0,"selected":true}
NATIVE_QUALITY_REGION {"group":42385,"boundary_attempt":false,"point_budget":64,"source_facets":3,"boundary_points":5,"new_points":0,"boundary_unchanged":true,"before_bad":2,"after_score_computed":true,"after_bad":2,"after_valid":true,"before_bad_area":0.0106868,"after_bad_area":0.0106868,"selected":false}
NATIVE_QUALITY_REGION {"group":42386,"boundary_attempt":false,"point_budget":64,"source_facets":7,"boundary_points":9,"new_points":4,"boundary_unchanged":true,"before_bad":4,"after_score_computed":true,"after_bad":5,"after_valid":true,"before_bad_area":0.0136189,"after_bad_area":0.014205,"selected":false}
NATIVE_QUALITY_REGION {"group":42389,"boundary_attempt":false,"point_budget":64,"source_facets":4,"boundary_points":6,"new_points":1,"boundary_unchanged":true,"before_bad":1,"after_score_computed":true,"after_bad":1,"after_valid":true,"before_bad_area":0.00573069,"after_bad_area":0.00283618,"selected":true}
NATIVE_QUALITY_REGION {"group":42391,"boundary_attempt":false,"point_budget":64,"source_facets":4,"boundary_points":6,"new_points":0,"boundary_unchanged":true,"before_bad":2,"after_score_computed":true,"after_bad":2,"after_valid":true,"before_bad_area":0.000721334,"after_bad_area":0.000721334,"selected":false}
NATIVE_QUALITY_REGION {"group":42392,"boundary_attempt":false,"point_budget":64,"source_facets":7,"boundary_points":9,"new_points":2,"boundary_unchanged":true,"before_bad":3,"after_score_computed":true,"after_bad":2,"after_valid":true,"before_bad_area":0.00540478,"after_bad_area":0.00487856,"selected":true}
NATIVE_QUALITY_REGION {"group":42393,"boundary_attempt":false,"point_budget":64,"source_facets":4,"boundary_points":6,"new_points":0,"boundary_unchanged":true,"before_bad":3,"after_score_computed":true,"after_bad":3,"after_valid":true,"before_bad_area":0.00712289,"after_bad_area":0.00712289,"selected":false}
NATIVE_QUALITY_REGION {"group":42394,"boundary_attempt":false,"point_budget":64,"source_facets":4,"boundary_points":6,"new_points":0,"boundary_unchanged":true,"before_bad":1,"after_score_computed":true,"after_bad":1,"after_valid":true,"before_bad_area":0.000715585,"after_bad_area":0.000715585,"selected":false}
NATIVE_QUALITY_REGION {"group":42395,"boundary_attempt":false,"point_budget":64,"source_facets":3,"boundary_points":5,"new_points":2,"boundary_unchanged":true,"before_bad":1,"after_score_computed":true,"after_bad":0,"after_valid":true,"before_bad_area":0.00394865,"after_bad_area":0,"selected":true}
NATIVE_QUALITY_REGION {"group":42396,"boundary_attempt":false,"point_budget":64,"source_facets":4,"boundary_points":6,"new_points":0,"boundary_unchanged":true,"before_bad":2,"after_score_computed":true,"after_bad":2,"after_valid":true,"before_bad_area":0.00293955,"after_bad_area":0.00293955,"selected":false}
NATIVE_QUALITY_REGION {"group":42397,"boundary_attempt":false,"point_budget":64,"source_facets":10,"boundary_points":12,"new_points":5,"boundary_unchanged":true,"before_bad":9,"after_score_computed":true,"after_bad":8,"after_valid":true,"before_bad_area":0.0256162,"after_bad_area":0.0166078,"selected":true}
NATIVE_QUALITY_REGION {"group":42398,"boundary_attempt":false,"point_budget":64,"source_facets":2,"boundary_points":4,"new_points":0,"boundary_unchanged":true,"before_bad":1,"after_score_computed":true,"after_bad":1,"after_valid":true,"before_bad_area":0.00520045,"after_bad_area":0.00520045,"selected":false}
NATIVE_QUALITY_REGION {"group":42398,"boundary_attempt":true,"point_budget":128,"source_facets":2,"boundary_points":4,"new_points":5,"boundary_unchanged":true,"before_bad":1,"after_score_computed":true,"after_bad":0,"after_valid":true,"before_bad_area":0.00520045,"after_bad_area":0,"selected":true}
NATIVE_QUALITY_REGION {"group":42399,"boundary_attempt":false,"point_budget":64,"source_facets":9,"boundary_points":11,"new_points":1,"boundary_unchanged":true,"before_bad":7,"after_score_computed":true,"after_bad":6,"after_valid":true,"before_bad_area":0.0227301,"after_bad_area":0.0195074,"selected":true}
NATIVE_QUALITY_REGION {"group":42400,"boundary_attempt":false,"point_budget":64,"source_facets":6,"boundary_points":8,"new_points":2,"boundary_unchanged":true,"before_bad":3,"after_score_computed":true,"after_bad":0,"after_valid":true,"before_bad_area":0.0119749,"after_bad_area":0,"selected":true}
NATIVE_QUALITY_REGION {"group":42401,"boundary_attempt":false,"point_budget":64,"source_facets":6,"boundary_points":8,"new_points":2,"boundary_unchanged":true,"before_bad":4,"after_score_computed":true,"after_bad":4,"after_valid":true,"before_bad_area":0.00147072,"after_bad_area":0.00292279,"selected":false}
NATIVE_QUALITY_REGION {"group":42405,"boundary_attempt":false,"point_budget":64,"source_facets":7,"boundary_points":8,"new_points":1,"boundary_unchanged":true,"before_bad":4,"after_score_computed":true,"after_bad":3,"after_valid":true,"before_bad_area":0.0094502,"after_bad_area":0.0192249,"selected":false}
NATIVE_QUALITY_REGION {"group":42405,"boundary_attempt":true,"point_budget":128,"source_facets":7,"boundary_points":8,"new_points":8,"boundary_unchanged":true,"before_bad":4,"after_score_computed":true,"after_bad":0,"after_valid":true,"before_bad_area":0.0094502,"after_bad_area":0,"selected":true}
NATIVE_QUALITY_REGION {"group":42406,"boundary_attempt":false,"point_budget":64,"source_facets":7,"boundary_points":9,"new_points":5,"boundary_unchanged":true,"before_bad":6,"after_score_computed":true,"after_bad":5,"after_valid":true,"before_bad_area":0.0180773,"after_bad_area":0.00913282,"selected":true}
NATIVE_QUALITY_REGION {"group":42408,"boundary_attempt":false,"point_budget":64,"source_facets":4,"boundary_points":6,"new_points":0,"boundary_unchanged":true,"before_bad":1,"after_score_computed":true,"after_bad":1,"after_valid":true,"before_bad_area":0.00211225,"after_bad_area":0.00211225,"selected":false}
NATIVE_QUALITY_REGION {"group":42409,"boundary_attempt":false,"point_budget":64,"source_facets":7,"boundary_points":9,"new_points":1,"boundary_unchanged":true,"before_bad":4,"after_score_computed":true,"after_bad":5,"after_valid":true,"before_bad_area":0.00909127,"after_bad_area":0.00908926,"selected":false}
NATIVE_QUALITY_REGION {"group":42410,"boundary_attempt":false,"point_budget":64,"source_facets":3,"boundary_points":5,"new_points":0,"boundary_unchanged":true,"before_bad":1,"after_score_computed":true,"after_bad":1,"after_valid":true,"before_bad_area":0.000334267,"after_bad_area":0.000334267,"selected":false}
NATIVE_QUALITY_REGION {"group":42411,"boundary_attempt":false,"point_budget":64,"source_facets":4,"boundary_points":6,"new_points":1,"boundary_unchanged":true,"before_bad":2,"after_score_computed":true,"after_bad":1,"after_valid":true,"before_bad_area":0.00615965,"after_bad_area":0.00447726,"selected":true}
NATIVE_QUALITY_REGION {"group":42412,"boundary_attempt":false,"point_budget":64,"source_facets":9,"boundary_points":11,"new_points":2,"boundary_unchanged":true,"before_bad":7,"after_score_computed":true,"after_bad":4,"after_valid":true,"before_bad_area":0.0178528,"after_bad_area":0.00262762,"selected":true}
NATIVE_QUALITY_REGION {"group":42413,"boundary_attempt":false,"point_budget":64,"source_facets":3,"boundary_points":5,"new_points":0,"boundary_unchanged":true,"before_bad":1,"after_score_computed":true,"after_bad":1,"after_valid":true,"before_bad_area":0.00849505,"after_bad_area":0.00849505,"selected":false}
NATIVE_QUALITY_REGION {"group":42414,"boundary_attempt":false,"point_budget":64,"source_facets":10,"boundary_points":12,"new_points":4,"boundary_unchanged":true,"before_bad":6,"after_score_computed":true,"after_bad":7,"after_valid":true,"before_bad_area":0.00393112,"after_bad_area":0.00470485,"selected":false}
NATIVE_QUALITY_REGION {"group":42415,"boundary_attempt":false,"point_budget":64,"source_facets":3,"boundary_points":5,"new_points":0,"boundary_unchanged":true,"before_bad":1,"after_score_computed":true,"after_bad":1,"after_valid":true,"before_bad_area":0.00067437,"after_bad_area":0.00067437,"selected":false}
NATIVE_QUALITY_REGION {"group":42416,"boundary_attempt":false,"point_budget":64,"source_facets":12,"boundary_points":14,"new_points":8,"boundary_unchanged":true,"before_bad":10,"after_score_computed":true,"after_bad":8,"after_valid":true,"before_bad_area":0.0129823,"after_bad_area":0.0069445,"selected":true}
NATIVE_QUALITY_REGION {"group":42417,"boundary_attempt":false,"point_budget":64,"source_facets":8,"boundary_points":10,"new_points":6,"boundary_unchanged":true,"before_bad":6,"after_score_computed":true,"after_bad":1,"after_valid":true,"before_bad_area":0.00450358,"after_bad_area":0.00018857,"selected":true}
NATIVE_QUALITY_REGION {"group":42418,"boundary_attempt":false,"point_budget":64,"source_facets":16,"boundary_points":18,"new_points":11,"boundary_unchanged":true,"before_bad":11,"after_score_computed":true,"after_bad":4,"after_valid":true,"before_bad_area":0.00427263,"after_bad_area":0.00730183,"selected":false}
NATIVE_QUALITY_REGION {"group":42418,"boundary_attempt":true,"point_budget":128,"source_facets":16,"boundary_points":18,"new_points":26,"boundary_unchanged":true,"before_bad":11,"after_score_computed":true,"after_bad":0,"after_valid":true,"before_bad_area":0.00427263,"after_bad_area":0,"selected":true}
NATIVE_QUALITY_REGION {"group":42419,"boundary_attempt":false,"point_budget":64,"source_facets":10,"boundary_points":10,"new_points":0,"boundary_unchanged":true,"before_bad":7,"after_score_computed":true,"after_bad":7,"after_valid":true,"before_bad_area":0.00850325,"after_bad_area":0.00850325,"selected":false}
NATIVE_QUALITY_REGION {"group":42420,"boundary_attempt":false,"point_budget":64,"source_facets":2,"boundary_points":4,"new_points":0,"boundary_unchanged":true,"before_bad":2,"after_score_computed":true,"after_bad":2,"after_valid":true,"before_bad_area":0.00613052,"after_bad_area":0.00613052,"selected":false}
NATIVE_QUALITY_REGION {"group":42421,"boundary_attempt":false,"point_budget":64,"source_facets":8,"boundary_points":10,"new_points":2,"boundary_unchanged":true,"before_bad":5,"after_score_computed":true,"after_bad":3,"after_valid":true,"before_bad_area":0.00771107,"after_bad_area":0.0033008,"selected":true}
NATIVE_QUALITY_REGION {"group":42422,"boundary_attempt":false,"point_budget":64,"source_facets":4,"boundary_points":4,"new_points":0,"boundary_unchanged":true,"before_bad":1,"after_score_computed":true,"after_bad":1,"after_valid":true,"before_bad_area":0.00297346,"after_bad_area":0.00297346,"selected":false}
NATIVE_QUALITY_REGION {"group":42423,"boundary_attempt":false,"point_budget":64,"source_facets":4,"boundary_points":4,"new_points":0,"boundary_unchanged":true,"before_bad":2,"after_score_computed":true,"after_bad":2,"after_valid":true,"before_bad_area":7.05932e-05,"after_bad_area":7.05932e-05,"selected":false}
NATIVE_QUALITY_REGION {"group":41479,"boundary_attempt":false,"point_budget":128,"source_facets":6,"boundary_points":8,"new_points":2,"boundary_unchanged":true,"before_bad":3,"after_score_computed":true,"after_bad":2,"after_valid":true,"before_bad_area":0.00209603,"after_bad_area":0.000330007,"selected":true}
NATIVE_QUALITY_REGION {"group":41603,"boundary_attempt":false,"point_budget":128,"source_facets":8,"boundary_points":10,"new_points":1,"boundary_unchanged":true,"before_bad":1,"after_score_computed":true,"after_bad":1,"after_valid":true,"before_bad_area":0.000132137,"after_bad_area":0.000132137,"selected":false}
NATIVE_QUALITY_REGION {"group":41639,"boundary_attempt":false,"point_budget":128,"source_facets":6,"boundary_points":8,"new_points":3,"boundary_unchanged":true,"before_bad":2,"after_score_computed":true,"after_bad":0,"after_valid":true,"before_bad_area":0.00222522,"after_bad_area":0,"selected":true}
NATIVE_QUALITY_REGION {"group":41646,"boundary_attempt":false,"point_budget":128,"source_facets":12,"boundary_points":14,"new_points":0,"boundary_unchanged":true,"before_bad":1,"after_score_computed":true,"after_bad":1,"after_valid":true,"before_bad_area":0.000184561,"after_bad_area":0.000184561,"selected":false}
NATIVE_QUALITY_REGION {"group":41658,"boundary_attempt":false,"point_budget":128,"source_facets":12,"boundary_points":14,"new_points":3,"boundary_unchanged":true,"before_bad":4,"after_score_computed":true,"after_bad":4,"after_valid":true,"before_bad_area":0.00056885,"after_bad_area":9.33719e-05,"selected":true}
NATIVE_QUALITY_REGION {"group":41794,"boundary_attempt":false,"point_budget":128,"source_facets":20,"boundary_points":20,"new_points":1,"boundary_unchanged":true,"before_bad":1,"after_score_computed":true,"after_bad":0,"after_valid":true,"before_bad_area":2.27668e-08,"after_bad_area":0,"selected":true}
NATIVE_QUALITY_REGION {"group":41843,"boundary_attempt":false,"point_budget":128,"source_facets":6,"boundary_points":8,"new_points":3,"boundary_unchanged":true,"before_bad":2,"after_score_computed":true,"after_bad":0,"after_valid":true,"before_bad_area":0.0016048,"after_bad_area":0,"selected":true}
NATIVE_QUALITY_REGION {"group":41850,"boundary_attempt":false,"point_budget":128,"source_facets":5,"boundary_points":7,"new_points":2,"boundary_unchanged":true,"before_bad":1,"after_score_computed":true,"after_bad":1,"after_valid":true,"before_bad_area":2.51868e-05,"after_bad_area":0.000261605,"selected":false}
NATIVE_QUALITY_REGION {"group":42160,"boundary_attempt":false,"point_budget":128,"source_facets":6,"boundary_points":8,"new_points":0,"boundary_unchanged":true,"before_bad":1,"after_score_computed":true,"after_bad":1,"after_valid":true,"before_bad_area":0.000176241,"after_bad_area":0.000176241,"selected":false}
NATIVE_QUALITY_REGION {"group":42174,"boundary_attempt":false,"point_budget":128,"source_facets":7,"boundary_points":9,"new_points":0,"boundary_unchanged":true,"before_bad":4,"after_score_computed":true,"after_bad":4,"after_valid":true,"before_bad_area":0.00126745,"after_bad_area":0.00126745,"selected":false}
NATIVE_QUALITY_REGION {"group":42199,"boundary_attempt":false,"point_budget":128,"source_facets":9,"boundary_points":9,"new_points":3,"boundary_unchanged":true,"before_bad":2,"after_score_computed":true,"after_bad":0,"after_valid":true,"before_bad_area":0.00805288,"after_bad_area":0,"selected":true}
NATIVE_QUALITY_REGION {"group":42201,"boundary_attempt":false,"point_budget":128,"source_facets":9,"boundary_points":9,"new_points":1,"boundary_unchanged":true,"before_bad":1,"after_score_computed":true,"after_bad":0,"after_valid":true,"before_bad_area":0.000437785,"after_bad_area":0,"selected":true}
NATIVE_QUALITY_REGION {"group":42220,"boundary_attempt":false,"point_budget":128,"source_facets":10,"boundary_points":12,"new_points":0,"boundary_unchanged":true,"before_bad":5,"after_score_computed":true,"after_bad":5,"after_valid":true,"before_bad_area":0.000212114,"after_bad_area":0.000212114,"selected":false}
NATIVE_QUALITY_REGION {"group":42224,"boundary_attempt":false,"point_budget":128,"source_facets":6,"boundary_points":8,"new_points":0,"boundary_unchanged":true,"before_bad":1,"after_score_computed":true,"after_bad":1,"after_valid":true,"before_bad_area":0.0212797,"after_bad_area":0.0212797,"selected":false}
NATIVE_QUALITY_REGION {"group":42229,"boundary_attempt":false,"point_budget":128,"source_facets":17,"boundary_points":19,"new_points":8,"boundary_unchanged":true,"before_bad":12,"after_score_computed":true,"after_bad":4,"after_valid":true,"before_bad_area":0.00304433,"after_bad_area":0.000477131,"selected":true}
NATIVE_QUALITY_REGION {"group":42234,"boundary_attempt":false,"point_budget":128,"source_facets":11,"boundary_points":13,"new_points":2,"boundary_unchanged":true,"before_bad":2,"after_score_computed":true,"after_bad":4,"after_valid":true,"before_bad_area":2.23204e-05,"after_bad_area":9.33719e-05,"selected":false}
NATIVE_QUALITY_REGION {"group":42236,"boundary_attempt":false,"point_budget":128,"source_facets":25,"boundary_points":27,"new_points":1,"boundary_unchanged":true,"before_bad":22,"after_score_computed":true,"after_bad":22,"after_valid":true,"before_bad_area":0.000165534,"after_bad_area":0.000161126,"selected":true}
NATIVE_QUALITY_REGION {"group":42237,"boundary_attempt":false,"point_budget":128,"source_facets":62,"boundary_points":64,"new_points":1,"boundary_unchanged":true,"before_bad":2,"after_score_computed":true,"after_bad":2,"after_valid":true,"before_bad_area":2.63416e-06,"after_bad_area":3.83097e-06,"selected":false}
NATIVE_QUALITY_REGION {"group":42238,"boundary_attempt":false,"point_budget":128,"source_facets":55,"boundary_points":57,"new_points":15,"boundary_unchanged":true,"before_bad":16,"after_score_computed":true,"after_bad":0,"after_valid":true,"before_bad_area":0.00026615,"after_bad_area":0,"selected":true}
NATIVE_QUALITY_REGION {"group":42243,"boundary_attempt":false,"point_budget":128,"source_facets":7,"boundary_points":9,"new_points":0,"boundary_unchanged":true,"before_bad":1,"after_score_computed":true,"after_bad":1,"after_valid":true,"before_bad_area":0.0223931,"after_bad_area":0.0223931,"selected":false}
NATIVE_QUALITY_REGION {"group":42270,"boundary_attempt":false,"point_budget":128,"source_facets":4,"boundary_points":6,"new_points":0,"boundary_unchanged":true,"before_bad":1,"after_score_computed":true,"after_bad":1,"after_valid":true,"before_bad_area":0.0023037,"after_bad_area":0.0023037,"selected":false}
NATIVE_QUALITY_REGION {"group":42289,"boundary_attempt":false,"point_budget":128,"source_facets":10,"boundary_points":12,"new_points":2,"boundary_unchanged":true,"before_bad":5,"after_score_computed":true,"after_bad":1,"after_valid":true,"before_bad_area":0.000111546,"after_bad_area":1.68138e-05,"selected":true}
NATIVE_QUALITY_REGION {"group":42317,"boundary_attempt":false,"point_budget":128,"source_facets":4,"boundary_points":6,"new_points":0,"boundary_unchanged":true,"before_bad":1,"after_score_computed":true,"after_bad":1,"after_valid":true,"before_bad_area":0.000694604,"after_bad_area":0.000694604,"selected":false}
NATIVE_QUALITY_REGION {"group":42329,"boundary_attempt":false,"point_budget":128,"source_facets":9,"boundary_points":7,"new_points":2,"boundary_unchanged":true,"before_bad":1,"after_score_computed":true,"after_bad":0,"after_valid":true,"before_bad_area":0.00211818,"after_bad_area":0,"selected":true}
NATIVE_QUALITY_REGION {"group":42330,"boundary_attempt":false,"point_budget":128,"source_facets":13,"boundary_points":13,"new_points":2,"boundary_unchanged":true,"before_bad":5,"after_score_computed":true,"after_bad":3,"after_valid":true,"before_bad_area":0.00760506,"after_bad_area":0.00406529,"selected":true}
NATIVE_QUALITY_REGION {"group":42336,"boundary_attempt":false,"point_budget":128,"source_facets":17,"boundary_points":13,"new_points":3,"boundary_unchanged":true,"before_bad":2,"after_score_computed":true,"after_bad":0,"after_valid":true,"before_bad_area":0.00197599,"after_bad_area":0,"selected":true}
NATIVE_QUALITY_REGION {"group":42337,"boundary_attempt":false,"point_budget":128,"source_facets":22,"boundary_points":14,"new_points":6,"boundary_unchanged":true,"before_bad":6,"after_score_computed":true,"after_bad":5,"after_valid":true,"before_bad_area":0.00888494,"after_bad_area":0.00767654,"selected":true}
NATIVE_QUALITY_REGION {"group":42340,"boundary_attempt":false,"point_budget":128,"source_facets":10,"boundary_points":12,"new_points":1,"boundary_unchanged":true,"before_bad":3,"after_score_computed":true,"after_bad":4,"after_valid":true,"before_bad_area":0.000477907,"after_bad_area":0.000475896,"selected":false}
NATIVE_QUALITY_REGION {"group":42342,"boundary_attempt":false,"point_budget":128,"source_facets":7,"boundary_points":7,"new_points":1,"boundary_unchanged":true,"before_bad":2,"after_score_computed":true,"after_bad":0,"after_valid":true,"before_bad_area":0.00281656,"after_bad_area":0,"selected":true}
NATIVE_QUALITY_REGION {"group":42345,"boundary_attempt":false,"point_budget":128,"source_facets":15,"boundary_points":17,"new_points":10,"boundary_unchanged":true,"before_bad":13,"after_score_computed":true,"after_bad":4,"after_valid":true,"before_bad_area":0.0150715,"after_bad_area":0.0045995,"selected":true}
NATIVE_QUALITY_REGION {"group":42347,"boundary_attempt":false,"point_budget":128,"source_facets":32,"boundary_points":18,"new_points":9,"boundary_unchanged":true,"before_bad":14,"after_score_computed":true,"after_bad":7,"after_valid":true,"before_bad_area":0.0129823,"after_bad_area":0.00436023,"selected":true}
NATIVE_QUALITY_REGION {"group":42349,"boundary_attempt":false,"point_budget":128,"source_facets":56,"boundary_points":30,"new_points":14,"boundary_unchanged":true,"before_bad":10,"after_score_computed":true,"after_bad":0,"after_valid":true,"before_bad_area":0.0046084,"after_bad_area":0,"selected":true}
NATIVE_QUALITY_REGION {"group":42353,"boundary_attempt":false,"point_budget":128,"source_facets":5,"boundary_points":7,"new_points":0,"boundary_unchanged":true,"before_bad":5,"after_score_computed":true,"after_bad":5,"after_valid":true,"before_bad_area":7.05932e-05,"after_bad_area":7.05932e-05,"selected":false}
NATIVE_QUALITY_REGION {"group":42355,"boundary_attempt":false,"point_budget":128,"source_facets":5,"boundary_points":7,"new_points":0,"boundary_unchanged":true,"before_bad":3,"after_score_computed":true,"after_bad":3,"after_valid":true,"before_bad_area":2.4248e-05,"after_bad_area":2.4248e-05,"selected":false}
NATIVE_QUALITY_REGION {"group":42356,"boundary_attempt":false,"point_budget":128,"source_facets":3,"boundary_points":5,"new_points":0,"boundary_unchanged":true,"before_bad":3,"after_score_computed":true,"after_bad":3,"after_valid":true,"before_bad_area":4.78252e-06,"after_bad_area":4.78252e-06,"selected":false}
NATIVE_QUALITY_REGION {"group":42357,"boundary_attempt":false,"point_budget":128,"source_facets":8,"boundary_points":10,"new_points":2,"boundary_unchanged":true,"before_bad":7,"after_score_computed":true,"after_bad":7,"after_valid":true,"before_bad_area":0.000169394,"after_bad_area":0.000166965,"selected":true}
NATIVE_QUALITY_REGION {"group":42358,"boundary_attempt":false,"point_budget":128,"source_facets":8,"boundary_points":10,"new_points":3,"boundary_unchanged":true,"before_bad":8,"after_score_computed":true,"after_bad":2,"after_valid":true,"before_bad_area":0.0125066,"after_bad_area":0.00115455,"selected":true}
NATIVE_QUALITY_REGION {"group":42359,"boundary_attempt":false,"point_budget":128,"source_facets":3,"boundary_points":5,"new_points":0,"boundary_unchanged":true,"before_bad":1,"after_score_computed":true,"after_bad":1,"after_valid":true,"before_bad_area":0.00230032,"after_bad_area":0.00230032,"selected":false}
NATIVE_QUALITY_REGION {"group":42361,"boundary_attempt":false,"point_budget":128,"source_facets":6,"boundary_points":8,"new_points":0,"boundary_unchanged":true,"before_bad":4,"after_score_computed":true,"after_bad":4,"after_valid":true,"before_bad_area":0.00172134,"after_bad_area":0.00172134,"selected":false}
NATIVE_QUALITY_REGION {"group":42363,"boundary_attempt":false,"point_budget":128,"source_facets":5,"boundary_points":7,"new_points":0,"boundary_unchanged":true,"before_bad":2,"after_score_computed":true,"after_bad":2,"after_valid":true,"before_bad_area":0.000552206,"after_bad_area":0.000552206,"selected":false}
NATIVE_QUALITY_REGION {"group":42364,"boundary_attempt":false,"point_budget":128,"source_facets":6,"boundary_points":8,"new_points":1,"boundary_unchanged":true,"before_bad":1,"after_score_computed":true,"after_bad":1,"after_valid":true,"before_bad_area":0.00167211,"after_bad_area":0.00167211,"selected":false}
NATIVE_QUALITY_REGION {"group":42365,"boundary_attempt":false,"point_budget":128,"source_facets":8,"boundary_points":10,"new_points":0,"boundary_unchanged":true,"before_bad":3,"after_score_computed":true,"after_bad":3,"after_valid":true,"before_bad_area":4.26236e-05,"after_bad_area":4.26236e-05,"selected":false}
NATIVE_QUALITY_REGION {"group":42366,"boundary_attempt":false,"point_budget":128,"source_facets":35,"boundary_points":37,"new_points":24,"boundary_unchanged":true,"before_bad":32,"after_score_computed":true,"after_bad":3,"after_valid":true,"before_bad_area":0.00665364,"after_bad_area":0.000461912,"selected":true}
NATIVE_QUALITY_REGION {"group":42367,"boundary_attempt":false,"point_budget":128,"source_facets":5,"boundary_points":7,"new_points":0,"boundary_unchanged":true,"before_bad":5,"after_score_computed":true,"after_bad":5,"after_valid":true,"before_bad_area":0.000132691,"after_bad_area":0.000132691,"selected":false}
NATIVE_QUALITY_REGION {"group":42368,"boundary_attempt":false,"point_budget":128,"source_facets":3,"boundary_points":5,"new_points":0,"boundary_unchanged":true,"before_bad":3,"after_score_computed":true,"after_bad":3,"after_valid":true,"before_bad_area":1.56178e-05,"after_bad_area":1.56178e-05,"selected":false}
NATIVE_QUALITY_REGION {"group":42369,"boundary_attempt":false,"point_budget":128,"source_facets":14,"boundary_points":16,"new_points":0,"boundary_unchanged":true,"before_bad":4,"after_score_computed":true,"after_bad":4,"after_valid":true,"before_bad_area":0.000264853,"after_bad_area":0.000264853,"selected":false}
NATIVE_QUALITY_REGION {"group":42370,"boundary_attempt":false,"point_budget":128,"source_facets":4,"boundary_points":6,"new_points":0,"boundary_unchanged":true,"before_bad":3,"after_score_computed":true,"after_bad":3,"after_valid":true,"before_bad_area":0.000431404,"after_bad_area":0.000431404,"selected":false}
NATIVE_QUALITY_REGION {"group":42372,"boundary_attempt":false,"point_budget":128,"source_facets":4,"boundary_points":6,"new_points":0,"boundary_unchanged":true,"before_bad":3,"after_score_computed":true,"after_bad":3,"after_valid":true,"before_bad_area":0.0031799,"after_bad_area":0.0031799,"selected":false}
NATIVE_QUALITY_REGION {"group":42373,"boundary_attempt":false,"point_budget":128,"source_facets":4,"boundary_points":6,"new_points":0,"boundary_unchanged":true,"before_bad":3,"after_score_computed":true,"after_bad":3,"after_valid":true,"before_bad_area":0.00177777,"after_bad_area":0.00177777,"selected":false}
NATIVE_QUALITY_REGION {"group":42375,"boundary_attempt":false,"point_budget":128,"source_facets":3,"boundary_points":5,"new_points":0,"boundary_unchanged":true,"before_bad":2,"after_score_computed":true,"after_bad":2,"after_valid":true,"before_bad_area":0.00424745,"after_bad_area":0.00424745,"selected":false}
NATIVE_QUALITY_REGION {"group":42377,"boundary_attempt":false,"point_budget":128,"source_facets":2,"boundary_points":4,"new_points":0,"boundary_unchanged":true,"before_bad":1,"after_score_computed":true,"after_bad":1,"after_valid":true,"before_bad_area":0.00600905,"after_bad_area":0.00600905,"selected":false}
NATIVE_QUALITY_REGION {"group":42378,"boundary_attempt":false,"point_budget":128,"source_facets":2,"boundary_points":4,"new_points":0,"boundary_unchanged":true,"before_bad":2,"after_score_computed":true,"after_bad":2,"after_valid":true,"before_bad_area":0.0146124,"after_bad_area":0.0146124,"selected":false}
NATIVE_QUALITY_REGION {"group":42379,"boundary_attempt":false,"point_budget":128,"source_facets":5,"boundary_points":7,"new_points":0,"boundary_unchanged":true,"before_bad":1,"after_score_computed":true,"after_bad":1,"after_valid":true,"before_bad_area":0.0024824,"after_bad_area":0.0024824,"selected":false}
NATIVE_QUALITY_REGION {"group":42382,"boundary_attempt":false,"point_budget":128,"source_facets":9,"boundary_points":11,"new_points":0,"boundary_unchanged":true,"before_bad":5,"after_score_computed":true,"after_bad":5,"after_valid":true,"before_bad_area":0.00135966,"after_bad_area":0.00135966,"selected":false}
NATIVE_QUALITY_REGION {"group":42383,"boundary_attempt":false,"point_budget":128,"source_facets":2,"boundary_points":4,"new_points":0,"boundary_unchanged":true,"before_bad":1,"after_score_computed":true,"after_bad":1,"after_valid":true,"before_bad_area":0.00227884,"after_bad_area":0.00227884,"selected":false}
NATIVE_QUALITY_REGION {"group":42385,"boundary_attempt":false,"point_budget":128,"source_facets":2,"boundary_points":4,"new_points":0,"boundary_unchanged":true,"before_bad":1,"after_score_computed":true,"after_bad":1,"after_valid":true,"before_bad_area":7.25743e-05,"after_bad_area":7.25743e-05,"selected":false}
NATIVE_QUALITY_REGION {"group":42387,"boundary_attempt":false,"point_budget":128,"source_facets":3,"boundary_points":5,"new_points":0,"boundary_unchanged":true,"before_bad":1,"after_score_computed":true,"after_bad":1,"after_valid":true,"before_bad_area":0.00180874,"after_bad_area":0.00180874,"selected":false}
NATIVE_QUALITY_REGION {"group":42388,"boundary_attempt":false,"point_budget":128,"source_facets":3,"boundary_points":5,"new_points":0,"boundary_unchanged":true,"before_bad":2,"after_score_computed":true,"after_bad":2,"after_valid":true,"before_bad_area":0.00291076,"after_bad_area":0.00291076,"selected":false}
NATIVE_QUALITY_REGION {"group":42389,"boundary_attempt":false,"point_budget":128,"source_facets":2,"boundary_points":4,"new_points":0,"boundary_unchanged":true,"before_bad":1,"after_score_computed":true,"after_bad":1,"after_valid":true,"before_bad_area":0.00157612,"after_bad_area":0.00157612,"selected":false}
NATIVE_QUALITY_REGION {"group":42391,"boundary_attempt":false,"point_budget":128,"source_facets":4,"boundary_points":6,"new_points":0,"boundary_unchanged":true,"before_bad":2,"after_score_computed":true,"after_bad":2,"after_valid":true,"before_bad_area":0.000601718,"after_bad_area":0.000601718,"selected":false}
NATIVE_QUALITY_REGION {"group":42392,"boundary_attempt":false,"point_budget":128,"source_facets":4,"boundary_points":6,"new_points":0,"boundary_unchanged":true,"before_bad":1,"after_score_computed":true,"after_bad":1,"after_valid":true,"before_bad_area":0.000388041,"after_bad_area":0.000388041,"selected":false}
NATIVE_QUALITY_REGION {"group":42395,"boundary_attempt":false,"point_budget":128,"source_facets":3,"boundary_points":5,"new_points":0,"boundary_unchanged":true,"before_bad":3,"after_score_computed":true,"after_bad":3,"after_valid":true,"before_bad_area":0.0214227,"after_bad_area":0.0214227,"selected":false}
NATIVE_QUALITY_REGION {"group":42398,"boundary_attempt":false,"point_budget":128,"source_facets":32,"boundary_points":34,"new_points":9,"boundary_unchanged":true,"before_bad":32,"after_score_computed":true,"after_bad":25,"after_valid":true,"before_bad_area":0.0128212,"after_bad_area":0.0118666,"selected":true}
NATIVE_QUALITY_REGION {"group":42399,"boundary_attempt":false,"point_budget":128,"source_facets":3,"boundary_points":5,"new_points":0,"boundary_unchanged":true,"before_bad":2,"after_score_computed":true,"after_bad":2,"after_valid":true,"before_bad_area":0.000239871,"after_bad_area":0.000239871,"selected":false}
NATIVE_QUALITY_REGION {"group":42400,"boundary_attempt":false,"point_budget":128,"source_facets":5,"boundary_points":7,"new_points":0,"boundary_unchanged":true,"before_bad":5,"after_score_computed":true,"after_bad":5,"after_valid":true,"before_bad_area":0.000674978,"after_bad_area":0.000674978,"selected":false}
NATIVE_QUALITY_REGION {"group":42403,"boundary_attempt":false,"point_budget":128,"source_facets":4,"boundary_points":6,"new_points":0,"boundary_unchanged":true,"before_bad":4,"after_score_computed":true,"after_bad":4,"after_valid":true,"before_bad_area":0.00281439,"after_bad_area":0.00281439,"selected":false}
NATIVE_QUALITY_REGION {"group":42404,"boundary_attempt":false,"point_budget":128,"source_facets":16,"boundary_points":18,"new_points":0,"boundary_unchanged":true,"before_bad":16,"after_score_computed":true,"after_bad":16,"after_valid":true,"before_bad_area":0.00647156,"after_bad_area":0.00647156,"selected":false}
NATIVE_QUALITY_REGION {"group":42406,"boundary_attempt":false,"point_budget":128,"source_facets":3,"boundary_points":5,"new_points":0,"boundary_unchanged":true,"before_bad":2,"after_score_computed":true,"after_bad":2,"after_valid":true,"before_bad_area":1.68424e-05,"after_bad_area":1.68424e-05,"selected":false}
NATIVE_QUALITY_REGION {"group":42407,"boundary_attempt":false,"point_budget":128,"source_facets":3,"boundary_points":5,"new_points":0,"boundary_unchanged":true,"before_bad":3,"after_score_computed":true,"after_bad":3,"after_valid":true,"before_bad_area":1.64436e-16,"after_bad_area":1.64436e-16,"selected":false}
NATIVE_QUALITY_REGION {"group":42408,"boundary_attempt":false,"point_budget":128,"source_facets":2,"boundary_points":4,"new_points":0,"boundary_unchanged":true,"before_bad":1,"after_score_computed":true,"after_bad":1,"after_valid":true,"before_bad_area":1.94415e-08,"after_bad_area":1.94415e-08,"selected":false}
NATIVE_QUALITY_REGION {"group":42410,"boundary_attempt":false,"point_budget":128,"source_facets":4,"boundary_points":6,"new_points":0,"boundary_unchanged":true,"before_bad":4,"after_score_computed":true,"after_bad":4,"after_valid":true,"before_bad_area":4.64217e-06,"after_bad_area":4.64217e-06,"selected":false}
o-[QualityBoundary] shared_edges=0 before_bad=1001 after_bad=1001 before_area=337.215 after_area=337.215 accepted=1
o-[QualityBoundary] shared_edges=125 before_bad=930 after_bad=1001 before_area=337.308 after_area=337.215 accepted=0
NATIVE_RESULT {"load_ms":33.225138999999999,"boolean_ms":1094.5657369999999,"save_ms":50.732117000000002,"faces":44032,"vertices":22018,"simplify":true}
