Warp 1.0.0-beta.2 initialized:
   CUDA Toolkit: 12.8, Driver: 13.2
   Devices:
     "cpu"    | x86_64
     "cuda:0" | NVIDIA GeForce RTX 4080 SUPER (sm_89)
   Kernel cache: /root/.cache/warp/1.0.0-beta.2
[33;20mWARNING - Triangle area is too small (min_area=7.17510916715022e-16), may cause numerical instability (system.py:213)[0m
Module pamo_safe_project.kernels.geometry_kernels load on device 'cuda:0' took 27.28 ms
Module pamo_safe_project.kernels.energy_kernels.elastic_energy load on device 'cuda:0' took 21.24 ms
Module pamo_safe_project.kernels.energy_kernels.hinge_energy load on device 'cuda:0' took 51.99 ms
Module pamo_safe_project.kernels.energy_kernels.precision_contact_detection load on device 'cuda:0' took 29.98 ms
Module pamo_safe_project.kernels.energy_kernels.distance_energy load on device 'cuda:0' took 41.31 ms
Module pamo_safe_project.kernels.energy_kernels.preserved_collision_energy load on device 'cuda:0' took 125.15 ms
Module pamo_safe_project.kernels.utils_kernels load on device 'cuda:0' took 6.49 ms
Module tangent_plane_gpu load on device 'cuda:0' took 2.43 ms
Module locality_gpu load on device 'cuda:0' took 1.46 ms
Module pamo_safe_project.kernels.solver_kernels load on device 'cuda:0' took 4.35 ms
Module warp.utils load on device 'cuda:0' took 2.09 ms
Module pamo_safe_project.kernels.distance_kernels.grad_funcs load on device 'cuda:0' took 25.39 ms
Module pamo_safe_project.kernels.distance_kernels.hessian_funcs load on device 'cuda:0' took 131.68 ms
Module pamo_safe_project.kernels.distance_kernels.distance_kernels load on device 'cuda:0' took 200.00 ms
Module pamo_safe_project.kernels.distance_kernels.grad_funcs_struct load on device 'cuda:0' took 30.89 ms
Module pamo_safe_project.kernels.distance_kernels.distance_kernels_struct load on device 'cuda:0' took 33.76 ms
Module pamo_safe_project.kernels.energy_kernels.collision_energy load on device 'cuda:0' took 139.88 ms
Module pamo_safe_project.kernels.ccd_kernels load on device 'cuda:0' took 40.62 ms
Module pamo_safe_project.kernels.energy_kernels.lb_curvature_energy load on device 'cuda:0' took 5.80 ms
Module pamo_safe_project.kernels.energy_kernels.contact_detection load on device 'cuda:0' took 30.34 ms
Module tangent_preserved_gpu load on device 'cuda:0' took 2.32 ms
Module robust_pt_gpu load on device 'cuda:0' took 8.27 ms
Module pamo_safe_project.kernels.energy_kernels.precision_collision_energy load on device 'cuda:0' took 144.29 ms
Module pamo_safe_project.kernels.precision_ccd_kernels load on device 'cuda:0' took 41.74 ms
Module robust_pt_gradient_gpu load on device 'cuda:0' took 8.73 ms
Module pamo_safe_project.kernels.energy_kernels.precision_gradient_collision_energy load on device 'cuda:0' took 120.93 ms
Module fixed_geometry_gpu load on device 'cuda:0' took 9.18 ms
Module pamo_safe_project.kernels.preserved_ccd load on device 'cuda:0' took 47.80 ms
