Stage1 :  True
Stage3 :  True
Warp 1.0.0-beta.2 initialized:
   CUDA Toolkit: 12.8, Driver: 13.2
   Devices:
     "cpu"    | x86_64
     "cuda:0" | NVIDIA GeForce RTX 4080 SUPER (sm_89)
   Kernel cache: /root/.cache/warp/1.0.0-beta.2
Target faces : 1800
Time for Remeshing: 0.10729646682739258 sec
Time for Simplification: 0.313396692276001 sec
Module pamo_safe_project.kernels.geometry_kernels load on device 'cuda:0' took 23.10 ms
Module pamo_safe_project.kernels.energy_kernels.elastic_energy load on device 'cuda:0' took 20.45 ms
Module pamo_safe_project.kernels.energy_kernels.hinge_energy load on device 'cuda:0' took 54.84 ms
Module pamo_safe_project.kernels.energy_kernels.contact_detection load on device 'cuda:0' took 29.75 ms
Module pamo_safe_project.kernels.energy_kernels.distance_energy load on device 'cuda:0' took 45.69 ms
Module pamo_safe_project.kernels.energy_kernels.collision_energy load on device 'cuda:0' took 135.99 ms
Module pamo_safe_project.kernels.utils_kernels load on device 'cuda:0' took 5.66 ms
Module pamo_safe_project.kernels.solver_kernels load on device 'cuda:0' took 4.55 ms
Module warp.utils load on device 'cuda:0' took 2.24 ms
Module pamo_safe_project.kernels.distance_kernels.grad_funcs load on device 'cuda:0' took 33.37 ms
Module pamo_safe_project.kernels.distance_kernels.hessian_funcs load on device 'cuda:0' took 151.80 ms
Module pamo_safe_project.kernels.distance_kernels.distance_kernels load on device 'cuda:0' took 208.90 ms
Module pamo_safe_project.kernels.distance_kernels.grad_funcs_struct load on device 'cuda:0' took 30.33 ms
Module pamo_safe_project.kernels.distance_kernels.distance_kernels_struct load on device 'cuda:0' took 39.90 ms
Module pamo_safe_project.kernels.ccd_kernels load on device 'cuda:0' took 39.35 ms
Module pamo_safe_project.kernels.energy_kernels.lb_curvature_energy load on device 'cuda:0' took 5.43 ms
Module locality_gpu load on device 'cuda:0' took 1.19 ms
{"pamo_run_ms": 1891.013621352613, "stage1": "original", "method": "full", "maintenance_ms": 4475.919962860644, "status": "pending_independent_audit"}
