o-[Process     ] Max used threads = 4
o-[I/O         ] Loading file /tmp/geogram_native_quality_20261007_23/inputs/08_parent.obj...
o-[I/O         ] (FP64) nb_v:16 nb_e:0 nb_f:24 nb_b:0 tri:1 dim:3
o-[I/O         ] Attributes on vertices: point[3]
o-[I/O         ] Loading file /tmp/geogram_native_quality_20261007_23/inputs/08_tool.obj...
o-[I/O         ] (FP64) nb_v:642 nb_e:0 nb_f:1280 nb_b:0 tri:1 dim:3
o-[I/O         ] Attributes on vertices: point[3]
NATIVE_DIAGNOSTIC_TERMINATE
exception=Control should not have reached this point.
File: /tmp/geogram_native_quality_20261007_26/candidate_source/src/lib/geogram/numerics/PCK.h,
Line: 214
/tmp/geogram_native_quality_20261007_26/candidate(+0x4105)[0x5628114a0105]
/tmp/geogram_native_quality_20261007_26/candidate(+0x413f)[0x5628114a013f]
/usr/lib/x86_64-linux-gnu/libstdc++.so.6(+0xae20c)[0x7fa9782e820c]
/usr/lib/x86_64-linux-gnu/libstdc++.so.6(+0xae277)[0x7fa9782e8277]
/usr/lib/x86_64-linux-gnu/libstdc++.so.6(+0xae4d8)[0x7fa9782e84d8]
/tmp/geogram_native_quality_20261007_26/candidate_build/lib/libgeogram.so.1.10.2(+0x61e41)[0x7fa9784d7e41]
/tmp/geogram_native_quality_20261007_26/candidate_build/lib/libgeogram.so.1.10.2(_ZN3GEO3PCK28incircle_2d_SOS_with_lengthsERKNS_6vec2HgINS_12expansion_ntEEES5_S5_S5_dddd+0x218c)[0x7fa9785858bc]
/tmp/geogram_native_quality_20261007_26/candidate_build/lib/libgeogram.so.1.10.2(_ZN3GEO9CDTBase2d28Delaunayize_vertex_neighborsEjRNS0_5DListE+0xc6)[0x7fa9786f05f6]
/tmp/geogram_native_quality_20261007_26/candidate_build/lib/libgeogram.so.1.10.2(_ZN3GEO9CDTBase2d6insertEjj+0xf4)[0x7fa9786f21b4]
/tmp/geogram_native_quality_20261007_26/candidate_build/lib/libgeogram.so.1.10.2(_ZN3GEO10ExactCDT2d6insertERKNS_6vec2HgINS_12expansion_ntEEEjj+0x47)[0x7fa9786f5567]
/tmp/geogram_native_quality_20261007_26/candidate_build/lib/libgeogram.so.1.10.2(+0x26cfa1)[0x7fa9786e2fa1]
/tmp/geogram_native_quality_20261007_26/candidate_build/lib/libgeogram.so.1.10.2(+0x256694)[0x7fa9786cc694]
/tmp/geogram_native_quality_20261007_26/candidate_build/lib/libgeogram.so.1.10.2(+0xf381c)[0x7fa97856981c]
/tmp/geogram_native_quality_20261007_26/candidate_build/lib/libgeogram.so.1.10.2(+0xf9877)[0x7fa97856f877]
/usr/lib/x86_64-linux-gnu/libc.so.6(+0x94ac3)[0x7fa978085ac3]
/usr/lib/x86_64-linux-gnu/libc.so.6(clone+0x44)[0x7fa978116a04]
