Stage1 :  True
Stage3 :  True
{"original_config_sha256": "df1eb24db57394c32e31f6d67a58cd7ef6c25febc11aff39c5e9503ee82d6390", "max_blocks": 67108864}
Warp 1.0.0-beta.2 initialized:
   CUDA Toolkit: 12.8, Driver: 13.2
   Devices:
     "cpu"    | x86_64
     "cuda:0" | NVIDIA GeForce RTX 4080 SUPER (sm_89)
   Kernel cache: /root/.cache/warp/1.0.0-beta.2
Target faces : 4204
Time for Remeshing: 0.07443499565124512 sec
Time for Simplification: 0.12825536727905273 sec
Module pamo_safe_project.kernels.geometry_kernels load on device 'cuda:0' took 19.60 ms
Module pamo_safe_project.kernels.energy_kernels.elastic_energy load on device 'cuda:0' took 79.31 ms
Module pamo_safe_project.kernels.energy_kernels.hinge_energy load on device 'cuda:0' took 42.82 ms
Module pamo_safe_project.kernels.energy_kernels.contact_detection load on device 'cuda:0' took 24.12 ms
Module pamo_safe_project.kernels.energy_kernels.distance_energy load on device 'cuda:0' took 33.10 ms
Module pamo_safe_project.kernels.energy_kernels.collision_energy load on device 'cuda:0' took 108.07 ms
Module pamo_safe_project.kernels.utils_kernels load on device 'cuda:0' took 4.77 ms
Module pamo_safe_project.kernels.solver_kernels load on device 'cuda:0' took 3.83 ms
Module warp.utils load on device 'cuda:0' took 1.90 ms
Module pamo_safe_project.kernels.distance_kernels.grad_funcs load on device 'cuda:0' took 28.51 ms
Module pamo_safe_project.kernels.distance_kernels.hessian_funcs load on device 'cuda:0' took 116.38 ms
Module pamo_safe_project.kernels.distance_kernels.distance_kernels load on device 'cuda:0' took 164.35 ms
Module pamo_safe_project.kernels.distance_kernels.grad_funcs_struct load on device 'cuda:0' took 25.32 ms
Module pamo_safe_project.kernels.distance_kernels.distance_kernels_struct load on device 'cuda:0' took 27.40 ms
Module pamo_safe_project.kernels.ccd_kernels load on device 'cuda:0' took 33.09 ms
Module pamo_safe_project.kernels.energy_kernels.lb_curvature_energy load on device 'cuda:0' took 4.56 ms
Module locality_gpu load on device 'cuda:0' took 0.92 ms
{"pamo_run_ms": 1681.3848046585917, "stage1": "original", "method": "full", "maintenance_ms": 1963.064692914486, "status": "pending_independent_audit"}
