Stage1 :  True
Stage3 :  True
Warp 1.0.0-beta.2 initialized:
   CUDA Toolkit: 12.8, Driver: 13.2
   Devices:
     "cpu"    | x86_64
     "cuda:0" | NVIDIA GeForce RTX 4080 SUPER (sm_89)
   Kernel cache: /root/.cache/warp/1.0.0-beta.2
Target faces : 2814
Time for Remeshing: 0.1262493133544922 sec
Time for Simplification: 0.3220787048339844 sec
Module pamo_safe_project.kernels.geometry_kernels load on device 'cuda:0' took 23.47 ms
Module pamo_safe_project.kernels.energy_kernels.elastic_energy load on device 'cuda:0' took 21.49 ms
Module pamo_safe_project.kernels.energy_kernels.hinge_energy load on device 'cuda:0' took 52.26 ms
Module pamo_safe_project.kernels.energy_kernels.contact_detection load on device 'cuda:0' took 30.42 ms
Module pamo_safe_project.kernels.energy_kernels.distance_energy load on device 'cuda:0' took 40.59 ms
Module pamo_safe_project.kernels.energy_kernels.collision_energy load on device 'cuda:0' took 134.96 ms
Module pamo_safe_project.kernels.utils_kernels load on device 'cuda:0' took 5.96 ms
Module pamo_safe_project.kernels.solver_kernels load on device 'cuda:0' took 4.84 ms
Module warp.utils load on device 'cuda:0' took 2.49 ms
Module pamo_safe_project.kernels.distance_kernels.grad_funcs load on device 'cuda:0' took 33.24 ms
Module pamo_safe_project.kernels.distance_kernels.hessian_funcs load on device 'cuda:0' took 143.10 ms
Module pamo_safe_project.kernels.distance_kernels.distance_kernels load on device 'cuda:0' took 201.49 ms
Module pamo_safe_project.kernels.distance_kernels.grad_funcs_struct load on device 'cuda:0' took 30.94 ms
Module pamo_safe_project.kernels.distance_kernels.distance_kernels_struct load on device 'cuda:0' took 33.97 ms
Module pamo_safe_project.kernels.ccd_kernels load on device 'cuda:0' took 40.55 ms
Module pamo_safe_project.kernels.energy_kernels.lb_curvature_energy load on device 'cuda:0' took 5.80 ms
Module locality_gpu load on device 'cuda:0' took 1.33 ms
{"pamo_run_ms": 1983.540866523981, "stage1": "original", "method": "full", "maintenance_ms": 4815.258732996881, "status": "pending_independent_audit"}
