Stage1 :  True
Stage3 :  True
Warp 1.0.0-beta.2 initialized:
   CUDA Toolkit: 12.8, Driver: 13.2
   Devices:
     "cpu"    | x86_64
     "cuda:0" | NVIDIA GeForce RTX 4090 (sm_89)
   Kernel cache: /root/.cache/warp/1.0.0-beta.2
Target faces : 5738
Time for Remeshing: 0.2266538143157959 sec
Time for Simplification: 1.0946781635284424 sec
Module pamo_safe_project.kernels.geometry_kernels load on device 'cuda:0' took 68.75 ms
Module pamo_safe_project.kernels.energy_kernels.elastic_energy load on device 'cuda:0' took 83.24 ms
Module pamo_safe_project.kernels.energy_kernels.hinge_energy load on device 'cuda:0' took 104.71 ms
Module pamo_safe_project.kernels.energy_kernels.contact_detection load on device 'cuda:0' took 17.79 ms
Module pamo_safe_project.kernels.energy_kernels.distance_energy load on device 'cuda:0' took 85.40 ms
Module pamo_safe_project.kernels.energy_kernels.collision_energy load on device 'cuda:0' took 311.64 ms
Module pamo_safe_project.kernels.utils_kernels load on device 'cuda:0' took 4.59 ms
Module pamo_safe_project.kernels.solver_kernels load on device 'cuda:0' took 69.83 ms
Module warp.utils load on device 'cuda:0' took 1.50 ms
Module pamo_safe_project.kernels.distance_kernels.grad_funcs load on device 'cuda:0' took 17.41 ms
Module pamo_safe_project.kernels.distance_kernels.hessian_funcs load on device 'cuda:0' took 186.18 ms
Module pamo_safe_project.kernels.distance_kernels.distance_kernels load on device 'cuda:0' took 306.69 ms
Module pamo_safe_project.kernels.distance_kernels.grad_funcs_struct load on device 'cuda:0' took 16.52 ms
Module pamo_safe_project.kernels.distance_kernels.distance_kernels_struct load on device 'cuda:0' took 18.47 ms
Module pamo_safe_project.kernels.ccd_kernels load on device 'cuda:0' took 72.89 ms
Module pamo_safe_project.kernels.energy_kernels.lb_curvature_energy load on device 'cuda:0' took 3.18 ms
Module locality_gpu load on device 'cuda:0' took 0.73 ms
