only got 11257/16384 samples!
Warp 1.0.0-beta.2 initialized:
   CUDA Toolkit: 12.8, Driver: 13.2
   Devices:
     "cpu"    | x86_64
     "cuda:0" | NVIDIA GeForce RTX 4080 SUPER (sm_89)
   Kernel cache: /root/.cache/warp/1.0.0-beta.2
[33;20mWARNING - Triangle area is too small (min_area=7.827100029195377e-11), may cause numerical instability (system.py:213)[0m
Module pamo_safe_project.kernels.geometry_kernels load on device 'cuda:0' took 26.03 ms
Module pamo_safe_project.kernels.energy_kernels.elastic_energy load on device 'cuda:0' took 20.54 ms
Module pamo_safe_project.kernels.energy_kernels.hinge_energy load on device 'cuda:0' took 50.78 ms
Module pamo_safe_project.kernels.energy_kernels.precision_contact_detection load on device 'cuda:0' took 29.56 ms
Module pamo_safe_project.kernels.energy_kernels.distance_energy load on device 'cuda:0' took 39.31 ms
Module pamo_safe_project.kernels.energy_kernels.precision_collision_energy load on device 'cuda:0' took 127.89 ms
Module pamo_safe_project.kernels.utils_kernels load on device 'cuda:0' took 5.62 ms
Module tangent_plane_gpu load on device 'cuda:0' took 2.05 ms
Module locality_gpu load on device 'cuda:0' took 1.18 ms
Module pamo_safe_project.kernels.solver_kernels load on device 'cuda:0' took 5.10 ms
Module warp.utils load on device 'cuda:0' took 2.33 ms
Module pamo_safe_project.kernels.distance_kernels.grad_funcs load on device 'cuda:0' took 32.41 ms
Module pamo_safe_project.kernels.distance_kernels.hessian_funcs load on device 'cuda:0' took 142.07 ms
Module pamo_safe_project.kernels.distance_kernels.distance_kernels load on device 'cuda:0' took 196.06 ms
Module pamo_safe_project.kernels.distance_kernels.grad_funcs_struct load on device 'cuda:0' took 20.99 ms
Module pamo_safe_project.kernels.distance_kernels.distance_kernels_struct load on device 'cuda:0' took 22.80 ms
Module pamo_safe_project.kernels.energy_kernels.collision_energy load on device 'cuda:0' took 89.93 ms
Module pamo_safe_project.kernels.ccd_kernels load on device 'cuda:0' took 26.93 ms
Module pamo_safe_project.kernels.energy_kernels.lb_curvature_energy load on device 'cuda:0' took 3.82 ms
Module pamo_safe_project.kernels.energy_kernels.contact_detection load on device 'cuda:0' took 20.09 ms
Module robust_pt_gpu load on device 'cuda:0' took 5.41 ms
Module pamo_safe_project.kernels.precision_ccd_kernels load on device 'cuda:0' took 26.41 ms
