# of input verts : 1105
# of input faces : 2206
Stage1 :  True
Stage3 :  True
Warp 1.0.0-beta.2 initialized:
   CUDA Toolkit: 12.8, Driver: 13.2
   Devices:
     "cpu"    | x86_64
     "cuda:0" | NVIDIA GeForce RTX 4080 SUPER (sm_89)
   Kernel cache: /root/.cache/warp/1.0.0-beta.2
Target faces : 2206
Time for Remeshing: 0.07295513153076172 sec
Time for Simplification: 0.48772668838500977 sec
Module pamo_safe_project.kernels.geometry_kernels load on device 'cuda:0' took 203.21 ms
Module pamo_safe_project.kernels.energy_kernels.elastic_energy load on device 'cuda:0' took 15.29 ms
Module pamo_safe_project.kernels.energy_kernels.hinge_energy load on device 'cuda:0' took 41.58 ms
Module pamo_safe_project.kernels.energy_kernels.contact_detection load on device 'cuda:0' took 22.41 ms
Module pamo_safe_project.kernels.energy_kernels.distance_energy load on device 'cuda:0' took 29.13 ms
Module pamo_safe_project.kernels.energy_kernels.collision_energy load on device 'cuda:0' took 100.05 ms
Module pamo_safe_project.kernels.utils_kernels load on device 'cuda:0' took 4.46 ms
Module pamo_safe_project.kernels.solver_kernels load on device 'cuda:0' took 3.65 ms
Module warp.utils load on device 'cuda:0' took 1.97 ms
Module pamo_safe_project.kernels.distance_kernels.grad_funcs load on device 'cuda:0' took 26.27 ms
Module pamo_safe_project.kernels.distance_kernels.hessian_funcs load on device 'cuda:0' took 107.61 ms
Module pamo_safe_project.kernels.distance_kernels.distance_kernels load on device 'cuda:0' took 147.83 ms
Module pamo_safe_project.kernels.distance_kernels.grad_funcs_struct load on device 'cuda:0' took 21.90 ms
Module pamo_safe_project.kernels.distance_kernels.distance_kernels_struct load on device 'cuda:0' took 25.81 ms
Module pamo_safe_project.kernels.ccd_kernels load on device 'cuda:0' took 30.41 ms
Module pamo_safe_project.kernels.energy_kernels.lb_curvature_energy load on device 'cuda:0' took 4.40 ms
Total time:  1.885603904724121
# of output verts : 1047
# of output faces : 2090
