# of input verts : 1147
# of input faces : 2290
Stage1 :  True
Stage3 :  True
Warp 1.0.0-beta.2 initialized:
   CUDA Toolkit: 12.8, Driver: 13.2
   Devices:
     "cpu"    | x86_64
     "cuda:0" | NVIDIA GeForce RTX 4080 SUPER (sm_89)
   Kernel cache: /root/.cache/warp/1.0.0-beta.2
Target faces : 2290
Time for Remeshing: 0.10102295875549316 sec
Time for Simplification: 0.5315818786621094 sec
Module pamo_safe_project.kernels.geometry_kernels load on device 'cuda:0' took 199.22 ms
Module pamo_safe_project.kernels.energy_kernels.elastic_energy load on device 'cuda:0' took 15.67 ms
Module pamo_safe_project.kernels.energy_kernels.hinge_energy load on device 'cuda:0' took 40.02 ms
Module pamo_safe_project.kernels.energy_kernels.contact_detection load on device 'cuda:0' took 22.42 ms
Module pamo_safe_project.kernels.energy_kernels.distance_energy load on device 'cuda:0' took 29.59 ms
Module pamo_safe_project.kernels.energy_kernels.collision_energy load on device 'cuda:0' took 97.54 ms
Module pamo_safe_project.kernels.utils_kernels load on device 'cuda:0' took 4.31 ms
Module pamo_safe_project.kernels.solver_kernels load on device 'cuda:0' took 3.63 ms
Module warp.utils load on device 'cuda:0' took 1.96 ms
Module pamo_safe_project.kernels.distance_kernels.grad_funcs load on device 'cuda:0' took 23.35 ms
Module pamo_safe_project.kernels.distance_kernels.hessian_funcs load on device 'cuda:0' took 142.01 ms
Module pamo_safe_project.kernels.distance_kernels.distance_kernels load on device 'cuda:0' took 143.14 ms
Module pamo_safe_project.kernels.distance_kernels.grad_funcs_struct load on device 'cuda:0' took 24.21 ms
Module pamo_safe_project.kernels.distance_kernels.distance_kernels_struct load on device 'cuda:0' took 24.18 ms
Module pamo_safe_project.kernels.ccd_kernels load on device 'cuda:0' took 29.53 ms
Module pamo_safe_project.kernels.energy_kernels.lb_curvature_energy load on device 'cuda:0' took 4.26 ms
Total time:  2.00693416595459
# of output verts : 1104
# of output faces : 2204
