# of input verts : 1164
# of input faces : 2324
Stage1 :  True
Stage3 :  True
Warp 1.0.0-beta.2 initialized:
   CUDA Toolkit: 12.8, Driver: 13.2
   Devices:
     "cpu"    | x86_64
     "cuda:0" | NVIDIA GeForce RTX 4080 SUPER (sm_89)
   Kernel cache: /root/.cache/warp/1.0.0-beta.2
Target faces : 2324
Time for Remeshing: 0.1091768741607666 sec
Time for Simplification: 0.5090644359588623 sec
Module pamo_safe_project.kernels.geometry_kernels load on device 'cuda:0' took 212.86 ms
Module pamo_safe_project.kernels.energy_kernels.elastic_energy load on device 'cuda:0' took 15.95 ms
Module pamo_safe_project.kernels.energy_kernels.hinge_energy load on device 'cuda:0' took 40.80 ms
Module pamo_safe_project.kernels.energy_kernels.contact_detection load on device 'cuda:0' took 22.51 ms
Module pamo_safe_project.kernels.energy_kernels.distance_energy load on device 'cuda:0' took 30.69 ms
Module pamo_safe_project.kernels.energy_kernels.collision_energy load on device 'cuda:0' took 97.78 ms
Module pamo_safe_project.kernels.utils_kernels load on device 'cuda:0' took 4.41 ms
Module pamo_safe_project.kernels.solver_kernels load on device 'cuda:0' took 3.61 ms
Module warp.utils load on device 'cuda:0' took 2.08 ms
Module pamo_safe_project.kernels.distance_kernels.grad_funcs load on device 'cuda:0' took 23.27 ms
Module pamo_safe_project.kernels.distance_kernels.hessian_funcs load on device 'cuda:0' took 103.31 ms
Module pamo_safe_project.kernels.distance_kernels.distance_kernels load on device 'cuda:0' took 147.83 ms
Module pamo_safe_project.kernels.distance_kernels.grad_funcs_struct load on device 'cuda:0' took 24.42 ms
Module pamo_safe_project.kernels.distance_kernels.distance_kernels_struct load on device 'cuda:0' took 23.81 ms
Module pamo_safe_project.kernels.ccd_kernels load on device 'cuda:0' took 29.59 ms
Module pamo_safe_project.kernels.energy_kernels.lb_curvature_energy load on device 'cuda:0' took 4.35 ms
Total time:  1.9926831722259521
# of output verts : 1147
# of output faces : 2290
