# of input verts : 1109
# of input faces : 2214
Stage1 :  True
Stage3 :  True
Warp 1.0.0-beta.2 initialized:
   CUDA Toolkit: 12.8, Driver: 13.2
   Devices:
     "cpu"    | x86_64
     "cuda:0" | NVIDIA GeForce RTX 4080 SUPER (sm_89)
   Kernel cache: /root/.cache/warp/1.0.0-beta.2
Target faces : 2214
Time for Remeshing: 0.09648299217224121 sec
Time for Simplification: 0.5467593669891357 sec
Module pamo_safe_project.kernels.geometry_kernels load on device 'cuda:0' took 118.55 ms
Module pamo_safe_project.kernels.energy_kernels.elastic_energy load on device 'cuda:0' took 15.07 ms
Module pamo_safe_project.kernels.energy_kernels.hinge_energy load on device 'cuda:0' took 36.61 ms
Module pamo_safe_project.kernels.energy_kernels.contact_detection load on device 'cuda:0' took 21.71 ms
Module pamo_safe_project.kernels.energy_kernels.distance_energy load on device 'cuda:0' took 28.69 ms
Module pamo_safe_project.kernels.energy_kernels.collision_energy load on device 'cuda:0' took 95.47 ms
Module pamo_safe_project.kernels.utils_kernels load on device 'cuda:0' took 4.30 ms
Module pamo_safe_project.kernels.solver_kernels load on device 'cuda:0' took 3.52 ms
Module warp.utils load on device 'cuda:0' took 1.79 ms
Module pamo_safe_project.kernels.distance_kernels.grad_funcs load on device 'cuda:0' took 23.33 ms
Module pamo_safe_project.kernels.distance_kernels.hessian_funcs load on device 'cuda:0' took 100.54 ms
Module pamo_safe_project.kernels.distance_kernels.distance_kernels load on device 'cuda:0' took 142.89 ms
Module pamo_safe_project.kernels.distance_kernels.grad_funcs_struct load on device 'cuda:0' took 22.21 ms
Module pamo_safe_project.kernels.distance_kernels.distance_kernels_struct load on device 'cuda:0' took 23.96 ms
Module pamo_safe_project.kernels.ccd_kernels load on device 'cuda:0' took 29.34 ms
Module pamo_safe_project.kernels.energy_kernels.lb_curvature_energy load on device 'cuda:0' took 4.23 ms
Total time:  1.8356122970581055
# of output verts : 1057
# of output faces : 2110
