# of input verts : 1969
# of input faces : 3934
Stage1 :  True
Stage3 :  True
Warp 1.0.0-beta.2 initialized:
   CUDA Toolkit: 12.8, Driver: 13.2
   Devices:
     "cpu"    | x86_64
     "cuda:0" | NVIDIA GeForce RTX 4080 SUPER (sm_89)
   Kernel cache: /root/.cache/warp/1.0.0-beta.2
Target faces : 3934
Time for Remeshing: 0.12028360366821289 sec
Time for Simplification: 0.8436174392700195 sec
Module pamo_safe_project.kernels.geometry_kernels load on device 'cuda:0' took 197.13 ms
Module pamo_safe_project.kernels.energy_kernels.elastic_energy load on device 'cuda:0' took 15.31 ms
Module pamo_safe_project.kernels.energy_kernels.hinge_energy load on device 'cuda:0' took 36.64 ms
Module pamo_safe_project.kernels.energy_kernels.contact_detection load on device 'cuda:0' took 22.39 ms
Module pamo_safe_project.kernels.energy_kernels.distance_energy load on device 'cuda:0' took 51.82 ms
Module pamo_safe_project.kernels.energy_kernels.collision_energy load on device 'cuda:0' took 97.45 ms
Module pamo_safe_project.kernels.utils_kernels load on device 'cuda:0' took 4.44 ms
Module pamo_safe_project.kernels.solver_kernels load on device 'cuda:0' took 3.57 ms
Module warp.utils load on device 'cuda:0' took 2.00 ms
Module pamo_safe_project.kernels.distance_kernels.grad_funcs load on device 'cuda:0' took 22.87 ms
Module pamo_safe_project.kernels.distance_kernels.hessian_funcs load on device 'cuda:0' took 103.17 ms
Module pamo_safe_project.kernels.distance_kernels.distance_kernels load on device 'cuda:0' took 141.23 ms
Module pamo_safe_project.kernels.distance_kernels.grad_funcs_struct load on device 'cuda:0' took 23.50 ms
Module pamo_safe_project.kernels.distance_kernels.distance_kernels_struct load on device 'cuda:0' took 23.48 ms
Module pamo_safe_project.kernels.ccd_kernels load on device 'cuda:0' took 28.93 ms
Module pamo_safe_project.kernels.energy_kernels.lb_curvature_energy load on device 'cuda:0' took 4.21 ms
Total time:  2.3470327854156494
# of output verts : 1947
# of output faces : 3886
