Warp 1.0.0-beta.2 initialized:
   CUDA Toolkit: 12.8, Driver: 13.2
   Devices:
     "cpu"    | x86_64
     "cuda:0" | NVIDIA GeForce RTX 4080 SUPER (sm_89)
   Kernel cache: /root/.cache/warp/1.0.0-beta.2
[33;20mWARNING - Triangle area is too small (min_area=2.2444918493993285e-15), may cause numerical instability (system.py:213)[0m
Module pamo_safe_project.kernels.geometry_kernels load on device 'cuda:0' took 27.37 ms
Module pamo_safe_project.kernels.energy_kernels.elastic_energy load on device 'cuda:0' took 21.57 ms
Module pamo_safe_project.kernels.energy_kernels.hinge_energy load on device 'cuda:0' took 52.00 ms
Module pamo_safe_project.kernels.energy_kernels.precision_contact_detection load on device 'cuda:0' took 29.76 ms
Module pamo_safe_project.kernels.energy_kernels.distance_energy load on device 'cuda:0' took 40.65 ms
Module pamo_safe_project.kernels.energy_kernels.preserved_collision_energy load on device 'cuda:0' took 123.94 ms
Module pamo_safe_project.kernels.utils_kernels load on device 'cuda:0' took 6.66 ms
Module tangent_plane_gpu load on device 'cuda:0' took 2.45 ms
Module locality_gpu load on device 'cuda:0' took 1.36 ms
Module pamo_safe_project.kernels.solver_kernels load on device 'cuda:0' took 5.58 ms
Module warp.utils load on device 'cuda:0' took 2.60 ms
Module pamo_safe_project.kernels.distance_kernels.grad_funcs load on device 'cuda:0' took 32.20 ms
Module pamo_safe_project.kernels.distance_kernels.hessian_funcs load on device 'cuda:0' took 139.57 ms
Module pamo_safe_project.kernels.distance_kernels.distance_kernels load on device 'cuda:0' took 199.23 ms
Module pamo_safe_project.kernels.distance_kernels.grad_funcs_struct load on device 'cuda:0' took 30.56 ms
Module pamo_safe_project.kernels.distance_kernels.distance_kernels_struct load on device 'cuda:0' took 33.55 ms
Module pamo_safe_project.kernels.energy_kernels.collision_energy load on device 'cuda:0' took 131.08 ms
Module pamo_safe_project.kernels.ccd_kernels load on device 'cuda:0' took 41.75 ms
Module pamo_safe_project.kernels.energy_kernels.lb_curvature_energy load on device 'cuda:0' took 5.46 ms
Module pamo_safe_project.kernels.energy_kernels.contact_detection load on device 'cuda:0' took 29.43 ms
Module tangent_preserved_gpu load on device 'cuda:0' took 2.38 ms
Module robust_pt_gpu load on device 'cuda:0' took 8.11 ms
Module pamo_safe_project.kernels.energy_kernels.precision_collision_energy load on device 'cuda:0' took 129.27 ms
Module pamo_safe_project.kernels.precision_ccd_kernels load on device 'cuda:0' took 38.73 ms
Module robust_pt_gradient_gpu load on device 'cuda:0' took 8.02 ms
Module pamo_safe_project.kernels.energy_kernels.precision_gradient_collision_energy load on device 'cuda:0' took 111.39 ms
Module fixed_geometry_gpu load on device 'cuda:0' took 8.92 ms
Module pamo_safe_project.kernels.preserved_ccd load on device 'cuda:0' took 46.28 ms
