Stage1 :  True
Stage3 :  True
Warp 1.0.0-beta.2 initialized:
   CUDA Toolkit: 12.8, Driver: 13.2
   Devices:
     "cpu"    | x86_64
     "cuda:0" | NVIDIA GeForce RTX 4090 (sm_89)
   Kernel cache: /root/.cache/warp/1.0.0-beta.2
Target faces : 2486
Time for Remeshing: 0.24581408500671387 sec
Time for Simplification: 0.5949256420135498 sec
Module pamo_safe_project.kernels.geometry_kernels load on device 'cuda:0' took 12.30 ms
Module pamo_safe_project.kernels.energy_kernels.elastic_energy load on device 'cuda:0' took 10.91 ms
Module pamo_safe_project.kernels.energy_kernels.hinge_energy load on device 'cuda:0' took 26.42 ms
Module pamo_safe_project.kernels.energy_kernels.contact_detection load on device 'cuda:0' took 17.01 ms
Module pamo_safe_project.kernels.energy_kernels.distance_energy load on device 'cuda:0' took 34.22 ms
Module pamo_safe_project.kernels.energy_kernels.collision_energy load on device 'cuda:0' took 141.06 ms
Module pamo_safe_project.kernels.utils_kernels load on device 'cuda:0' took 3.25 ms
Module pamo_safe_project.kernels.solver_kernels load on device 'cuda:0' took 2.67 ms
Module warp.utils load on device 'cuda:0' took 1.37 ms
Module pamo_safe_project.kernels.distance_kernels.grad_funcs load on device 'cuda:0' took 37.43 ms
Module pamo_safe_project.kernels.distance_kernels.hessian_funcs load on device 'cuda:0' took 149.85 ms
Module pamo_safe_project.kernels.distance_kernels.distance_kernels load on device 'cuda:0' took 189.51 ms
Module pamo_safe_project.kernels.distance_kernels.grad_funcs_struct load on device 'cuda:0' took 15.90 ms
Module pamo_safe_project.kernels.distance_kernels.distance_kernels_struct load on device 'cuda:0' took 27.90 ms
Module pamo_safe_project.kernels.ccd_kernels load on device 'cuda:0' took 35.76 ms
Module pamo_safe_project.kernels.energy_kernels.lb_curvature_energy load on device 'cuda:0' took 4.51 ms
Module locality_gpu load on device 'cuda:0' took 0.72 ms
