Stage1 :  True
Stage3 :  True
{"original_config_sha256": "df1eb24db57394c32e31f6d67a58cd7ef6c25febc11aff39c5e9503ee82d6390", "max_blocks": 67108864}
Warp 1.0.0-beta.2 initialized:
   CUDA Toolkit: 12.8, Driver: 13.2
   Devices:
     "cpu"    | x86_64
     "cuda:0" | NVIDIA GeForce RTX 4080 SUPER (sm_89)
   Kernel cache: /root/.cache/warp/1.0.0-beta.2
Target faces : 26524
Time for Remeshing: 1.9240562915802002 sec
Time for Simplification: 13.549638032913208 sec
Module pamo_safe_project.kernels.geometry_kernels load on device 'cuda:0' took 13.15 ms
Module pamo_safe_project.kernels.energy_kernels.elastic_energy load on device 'cuda:0' took 12.15 ms
Module pamo_safe_project.kernels.energy_kernels.hinge_energy load on device 'cuda:0' took 34.05 ms
Module pamo_safe_project.kernels.energy_kernels.contact_detection load on device 'cuda:0' took 18.34 ms
Module pamo_safe_project.kernels.energy_kernels.distance_energy load on device 'cuda:0' took 32.95 ms
Module pamo_safe_project.kernels.energy_kernels.collision_energy load on device 'cuda:0' took 95.60 ms
Module pamo_safe_project.kernels.utils_kernels load on device 'cuda:0' took 4.77 ms
Module pamo_safe_project.kernels.solver_kernels load on device 'cuda:0' took 3.84 ms
Module warp.utils load on device 'cuda:0' took 1.88 ms
Module pamo_safe_project.kernels.distance_kernels.grad_funcs load on device 'cuda:0' took 27.35 ms
Module pamo_safe_project.kernels.distance_kernels.hessian_funcs load on device 'cuda:0' took 95.93 ms
Module pamo_safe_project.kernels.distance_kernels.distance_kernels load on device 'cuda:0' took 118.53 ms
Module pamo_safe_project.kernels.distance_kernels.grad_funcs_struct load on device 'cuda:0' took 18.46 ms
Module pamo_safe_project.kernels.distance_kernels.distance_kernels_struct load on device 'cuda:0' took 19.37 ms
Module pamo_safe_project.kernels.ccd_kernels load on device 'cuda:0' took 22.86 ms
Module pamo_safe_project.kernels.energy_kernels.lb_curvature_energy load on device 'cuda:0' took 3.23 ms
Module locality_gpu load on device 'cuda:0' took 0.70 ms
{"pamo_run_ms": 17536.335475742817, "stage1": "original", "method": "full", "maintenance_ms": 17894.994751550257, "status": "pending_independent_audit"}
