o-[Process     ] Max used threads = 4
o-[I/O         ] Loading file /tmp/geogram_native_quality_20261007_23/inputs/08_parent.obj...
o-[I/O         ] (FP64) nb_v:16 nb_e:0 nb_f:24 nb_b:0 tri:1 dim:3
o-[I/O         ] Attributes on vertices: point[3]
o-[I/O         ] Loading file /tmp/geogram_native_quality_20261007_23/inputs/08_tool.obj...
o-[I/O         ] (FP64) nb_v:642 nb_e:0 nb_f:1280 nb_b:0 tri:1 dim:3
o-[I/O         ] Attributes on vertices: point[3]
NATIVE_DIAGNOSTIC_TERMINATE
exception=Control should not have reached this point.
File: /tmp/geogram_native_quality_20261007_25/candidate_source/src/lib/geogram/numerics/PCK.h,
Line: 214
/tmp/geogram_native_quality_20261007_25/candidate(+0x4105)[0x555b883a3105]
/tmp/geogram_native_quality_20261007_25/candidate(+0x413f)[0x555b883a313f]
/usr/lib/x86_64-linux-gnu/libstdc++.so.6(+0xae20c)[0x7f3d80df320c]
/usr/lib/x86_64-linux-gnu/libstdc++.so.6(+0xae277)[0x7f3d80df3277]
/usr/lib/x86_64-linux-gnu/libstdc++.so.6(+0xae4d8)[0x7f3d80df34d8]
/tmp/geogram_native_quality_20261007_25/candidate_build/lib/libgeogram.so.1.10.2(+0x61e21)[0x7f3d80fe2e21]
/tmp/geogram_native_quality_20261007_25/candidate_build/lib/libgeogram.so.1.10.2(_ZN3GEO3PCK28incircle_2d_SOS_with_lengthsERKNS_6vec2HgINS_12expansion_ntEEES5_S5_S5_dddd+0x218c)[0x7f3d8109077c]
/tmp/geogram_native_quality_20261007_25/candidate_build/lib/libgeogram.so.1.10.2(_ZN3GEO9CDTBase2d28Delaunayize_vertex_neighborsEjRNS0_5DListE+0xc6)[0x7f3d811fa8a6]
/tmp/geogram_native_quality_20261007_25/candidate_build/lib/libgeogram.so.1.10.2(_ZN3GEO9CDTBase2d6insertEjj+0xf4)[0x7f3d811fc464]
/tmp/geogram_native_quality_20261007_25/candidate_build/lib/libgeogram.so.1.10.2(_ZN3GEO10ExactCDT2d6insertERKNS_6vec2HgINS_12expansion_ntEEEjj+0x47)[0x7f3d811ff897]
/tmp/geogram_native_quality_20261007_25/candidate_build/lib/libgeogram.so.1.10.2(+0x26c988)[0x7f3d811ed988]
/tmp/geogram_native_quality_20261007_25/candidate_build/lib/libgeogram.so.1.10.2(+0x256554)[0x7f3d811d7554]
/tmp/geogram_native_quality_20261007_25/candidate_build/lib/libgeogram.so.1.10.2(+0xf36dc)[0x7f3d810746dc]
/tmp/geogram_native_quality_20261007_25/candidate_build/lib/libgeogram.so.1.10.2(+0xf9737)[0x7f3d8107a737]
/usr/lib/x86_64-linux-gnu/libc.so.6(+0x94ac3)[0x7f3d80b90ac3]
/usr/lib/x86_64-linux-gnu/libc.so.6(clone+0x44)[0x7f3d80c21a04]
