# of input verts : 729
# of input faces : 1454
Stage1 :  True
Stage3 :  True
Warp 1.0.0-beta.2 initialized:
   CUDA Toolkit: 12.8, Driver: 13.2
   Devices:
     "cpu"    | x86_64
     "cuda:0" | NVIDIA GeForce RTX 4080 SUPER (sm_89)
   Kernel cache: /root/.cache/warp/1.0.0-beta.2
Target faces : 1454
Time for Remeshing: 0.08242940902709961 sec
Time for Simplification: 0.4713010787963867 sec
Module pamo_safe_project.kernels.geometry_kernels load on device 'cuda:0' took 100.09 ms
Module pamo_safe_project.kernels.energy_kernels.elastic_energy load on device 'cuda:0' took 19.57 ms
Module pamo_safe_project.kernels.energy_kernels.hinge_energy load on device 'cuda:0' took 48.07 ms
Module pamo_safe_project.kernels.energy_kernels.contact_detection load on device 'cuda:0' took 27.53 ms
Module pamo_safe_project.kernels.energy_kernels.distance_energy load on device 'cuda:0' took 37.12 ms
Module pamo_safe_project.kernels.energy_kernels.collision_energy load on device 'cuda:0' took 122.80 ms
Module pamo_safe_project.kernels.utils_kernels load on device 'cuda:0' took 5.30 ms
Module pamo_safe_project.kernels.solver_kernels load on device 'cuda:0' took 4.77 ms
Module warp.utils load on device 'cuda:0' took 2.07 ms
Module pamo_safe_project.kernels.distance_kernels.grad_funcs load on device 'cuda:0' took 30.42 ms
Module pamo_safe_project.kernels.distance_kernels.hessian_funcs load on device 'cuda:0' took 132.07 ms
Module pamo_safe_project.kernels.distance_kernels.distance_kernels load on device 'cuda:0' took 185.17 ms
Module pamo_safe_project.kernels.distance_kernels.grad_funcs_struct load on device 'cuda:0' took 28.29 ms
Module pamo_safe_project.kernels.distance_kernels.distance_kernels_struct load on device 'cuda:0' took 31.25 ms
Module pamo_safe_project.kernels.ccd_kernels load on device 'cuda:0' took 37.01 ms
Module pamo_safe_project.kernels.energy_kernels.lb_curvature_energy load on device 'cuda:0' took 5.19 ms
Total time:  1.7941453456878662
# of output verts : 712
# of output faces : 1420
