# of input verts : 2692
# of input faces : 5380
Stage1 :  True
Stage3 :  True
Warp 1.0.0-beta.2 initialized:
   CUDA Toolkit: 12.8, Driver: 13.2
   Devices:
     "cpu"    | x86_64
     "cuda:0" | NVIDIA GeForce RTX 4080 SUPER (sm_89)
   Kernel cache: /root/.cache/warp/1.0.0-beta.2
Target faces : 5380
Time for Remeshing: 0.08575296401977539 sec
Time for Simplification: 0.4786801338195801 sec
Module pamo_safe_project.kernels.geometry_kernels load on device 'cuda:0' took 99.75 ms
Module pamo_safe_project.kernels.energy_kernels.elastic_energy load on device 'cuda:0' took 19.64 ms
Module pamo_safe_project.kernels.energy_kernels.hinge_energy load on device 'cuda:0' took 48.48 ms
Module pamo_safe_project.kernels.energy_kernels.contact_detection load on device 'cuda:0' took 27.67 ms
Module pamo_safe_project.kernels.energy_kernels.distance_energy load on device 'cuda:0' took 37.45 ms
Module pamo_safe_project.kernels.energy_kernels.collision_energy load on device 'cuda:0' took 124.43 ms
Module pamo_safe_project.kernels.utils_kernels load on device 'cuda:0' took 5.38 ms
Module pamo_safe_project.kernels.solver_kernels load on device 'cuda:0' took 4.40 ms
Module warp.utils load on device 'cuda:0' took 2.08 ms
Module pamo_safe_project.kernels.distance_kernels.grad_funcs load on device 'cuda:0' took 30.63 ms
Module pamo_safe_project.kernels.distance_kernels.hessian_funcs load on device 'cuda:0' took 134.32 ms
Module pamo_safe_project.kernels.distance_kernels.distance_kernels load on device 'cuda:0' took 187.90 ms
Module pamo_safe_project.kernels.distance_kernels.grad_funcs_struct load on device 'cuda:0' took 28.89 ms
Module pamo_safe_project.kernels.distance_kernels.distance_kernels_struct load on device 'cuda:0' took 31.48 ms
Module pamo_safe_project.kernels.ccd_kernels load on device 'cuda:0' took 37.72 ms
Module pamo_safe_project.kernels.energy_kernels.lb_curvature_energy load on device 'cuda:0' took 5.31 ms
Total time:  1.8552143573760986
# of output verts : 2514
# of output faces : 5024
