Stage1 :  True
Stage3 :  True
Warp 1.0.0-beta.2 initialized:
   CUDA Toolkit: 12.8, Driver: 13.2
   Devices:
     "cpu"    | x86_64
     "cuda:0" | NVIDIA GeForce RTX 4080 SUPER (sm_89)
   Kernel cache: /root/.cache/warp/1.0.0-beta.2
Target faces : 5522
Time for Remeshing: 0.08848834037780762 sec
Time for Simplification: 0.49437952041625977 sec
Module pamo_safe_project.kernels.geometry_kernels load on device 'cuda:0' took 21.99 ms
Module pamo_safe_project.kernels.energy_kernels.elastic_energy load on device 'cuda:0' took 19.75 ms
Module pamo_safe_project.kernels.energy_kernels.hinge_energy load on device 'cuda:0' took 48.81 ms
Module pamo_safe_project.kernels.energy_kernels.contact_detection load on device 'cuda:0' took 28.23 ms
Module pamo_safe_project.kernels.energy_kernels.distance_energy load on device 'cuda:0' took 37.85 ms
Module pamo_safe_project.kernels.energy_kernels.collision_energy load on device 'cuda:0' took 129.15 ms
Module pamo_safe_project.kernels.utils_kernels load on device 'cuda:0' took 5.74 ms
Module pamo_safe_project.kernels.solver_kernels load on device 'cuda:0' took 11.53 ms
Module warp.utils load on device 'cuda:0' took 4.90 ms
Module pamo_safe_project.kernels.distance_kernels.grad_funcs load on device 'cuda:0' took 36.95 ms
Module pamo_safe_project.kernels.distance_kernels.hessian_funcs load on device 'cuda:0' took 134.74 ms
Module pamo_safe_project.kernels.distance_kernels.distance_kernels load on device 'cuda:0' took 186.15 ms
Module pamo_safe_project.kernels.distance_kernels.grad_funcs_struct load on device 'cuda:0' took 28.89 ms
Module pamo_safe_project.kernels.distance_kernels.distance_kernels_struct load on device 'cuda:0' took 31.82 ms
Module pamo_safe_project.kernels.ccd_kernels load on device 'cuda:0' took 37.26 ms
Module pamo_safe_project.kernels.energy_kernels.lb_curvature_energy load on device 'cuda:0' took 5.24 ms
