Stage1 :  True
Stage3 :  True
Warp 1.0.0-beta.2 initialized:
   CUDA Toolkit: 12.8, Driver: 13.2
   Devices:
     "cpu"    | x86_64
     "cuda:0" | NVIDIA GeForce RTX 4080 SUPER (sm_89)
   Kernel cache: /root/.cache/warp/1.0.0-beta.2
Target faces : 5380
Time for Remeshing: 0.06974196434020996 sec
Time for Simplification: 0.4380965232849121 sec
Module pamo_safe_project.kernels.geometry_kernels load on device 'cuda:0' took 17.97 ms
Module pamo_safe_project.kernels.energy_kernels.elastic_energy load on device 'cuda:0' took 15.49 ms
Module pamo_safe_project.kernels.energy_kernels.hinge_energy load on device 'cuda:0' took 33.67 ms
Module pamo_safe_project.kernels.energy_kernels.contact_detection load on device 'cuda:0' took 20.10 ms
Module pamo_safe_project.kernels.energy_kernels.distance_energy load on device 'cuda:0' took 25.46 ms
Module pamo_safe_project.kernels.energy_kernels.collision_energy load on device 'cuda:0' took 85.73 ms
Module pamo_safe_project.kernels.utils_kernels load on device 'cuda:0' took 3.79 ms
Module pamo_safe_project.kernels.solver_kernels load on device 'cuda:0' took 2.96 ms
Module warp.utils load on device 'cuda:0' took 1.50 ms
Module pamo_safe_project.kernels.distance_kernels.grad_funcs load on device 'cuda:0' took 18.75 ms
Module pamo_safe_project.kernels.distance_kernels.hessian_funcs load on device 'cuda:0' took 88.70 ms
Module pamo_safe_project.kernels.distance_kernels.distance_kernels load on device 'cuda:0' took 127.83 ms
Module pamo_safe_project.kernels.distance_kernels.grad_funcs_struct load on device 'cuda:0' took 19.59 ms
Module pamo_safe_project.kernels.distance_kernels.distance_kernels_struct load on device 'cuda:0' took 19.54 ms
Module pamo_safe_project.kernels.ccd_kernels load on device 'cuda:0' took 23.15 ms
Module pamo_safe_project.kernels.energy_kernels.lb_curvature_energy load on device 'cuda:0' took 3.19 ms
