Warp 1.0.0-beta.2 initialized:
   CUDA Toolkit: 12.8, Driver: 13.2
   Devices:
     "cpu"    | x86_64
     "cuda:0" | NVIDIA GeForce RTX 4090 (sm_89)
   Kernel cache: /root/.cache/warp/1.0.0-beta.2
[33;20mWARNING - Triangle area is too small (min_area=1.1548425402472988e-11), may cause numerical instability (system.py:213)[0m
Module pamo_safe_project.kernels.geometry_kernels load on device 'cuda:0' took 17.31 ms
Module pamo_safe_project.kernels.energy_kernels.elastic_energy load on device 'cuda:0' took 11.33 ms
Module pamo_safe_project.kernels.energy_kernels.hinge_energy load on device 'cuda:0' took 31.76 ms
Module pamo_safe_project.kernels.energy_kernels.contact_detection load on device 'cuda:0' took 31.33 ms
Module pamo_safe_project.kernels.energy_kernels.distance_energy load on device 'cuda:0' took 90.28 ms
Module pamo_safe_project.kernels.energy_kernels.collision_energy load on device 'cuda:0' took 78.37 ms
Module pamo_safe_project.kernels.utils_kernels load on device 'cuda:0' took 3.92 ms
Module locality_gpu load on device 'cuda:0' took 0.91 ms
Module pamo_safe_project.kernels.solver_kernels load on device 'cuda:0' took 2.98 ms
Module warp.utils load on device 'cuda:0' took 1.58 ms
Module pamo_safe_project.kernels.distance_kernels.grad_funcs load on device 'cuda:0' took 29.13 ms
Module pamo_safe_project.kernels.distance_kernels.hessian_funcs load on device 'cuda:0' took 143.54 ms
Module pamo_safe_project.kernels.distance_kernels.distance_kernels load on device 'cuda:0' took 201.26 ms
Module pamo_safe_project.kernels.distance_kernels.grad_funcs_struct load on device 'cuda:0' took 34.93 ms
Module pamo_safe_project.kernels.distance_kernels.distance_kernels_struct load on device 'cuda:0' took 96.39 ms
Module pamo_safe_project.kernels.ccd_kernels load on device 'cuda:0' took 22.13 ms
Module pamo_safe_project.kernels.energy_kernels.lb_curvature_energy load on device 'cuda:0' took 3.24 ms
