Warp 1.0.0-beta.2 initialized:
   CUDA Toolkit: 12.8, Driver: 13.2
   Devices:
     "cpu"    | x86_64
     "cuda:0" | NVIDIA GeForce RTX 4090 (sm_89)
   Kernel cache: /root/.cache/warp/1.0.0-beta.2
Module pamo_safe_project.kernels.geometry_kernels load on device 'cuda:0' took 17.48 ms
Module pamo_safe_project.kernels.energy_kernels.elastic_energy load on device 'cuda:0' took 11.46 ms
Module pamo_safe_project.kernels.energy_kernels.hinge_energy load on device 'cuda:0' took 26.71 ms
Module pamo_safe_project.kernels.energy_kernels.contact_detection load on device 'cuda:0' took 16.53 ms
Module pamo_safe_project.kernels.energy_kernels.distance_energy load on device 'cuda:0' took 21.38 ms
Module pamo_safe_project.kernels.energy_kernels.collision_energy load on device 'cuda:0' took 73.32 ms
Module pamo_safe_project.kernels.utils_kernels load on device 'cuda:0' took 3.33 ms
Module locality_gpu load on device 'cuda:0' took 0.79 ms
Module pamo_safe_project.kernels.solver_kernels load on device 'cuda:0' took 2.56 ms
Module warp.utils load on device 'cuda:0' took 1.42 ms
Module pamo_safe_project.kernels.distance_kernels.grad_funcs load on device 'cuda:0' took 17.19 ms
Module pamo_safe_project.kernels.distance_kernels.hessian_funcs load on device 'cuda:0' took 74.18 ms
Module pamo_safe_project.kernels.distance_kernels.distance_kernels load on device 'cuda:0' took 102.43 ms
Module pamo_safe_project.kernels.distance_kernels.grad_funcs_struct load on device 'cuda:0' took 15.88 ms
Module pamo_safe_project.kernels.distance_kernels.distance_kernels_struct load on device 'cuda:0' took 17.52 ms
Module pamo_safe_project.kernels.ccd_kernels load on device 'cuda:0' took 21.26 ms
Module pamo_safe_project.kernels.energy_kernels.lb_curvature_energy load on device 'cuda:0' took 4.61 ms
{"quality_generation_ms": 203.864311799407, "requested_edge_length_mm": 0.1875610636711191, "actual_edge_length_mm": 0.1875610636711191, "max_protected_edge_mm": 0.1458897639731424, "active_fraction": 1.0, "input_faces": 5486, "output_faces": 6074, "fp64_restoration_max_mm": 0.0, "iterations": 3, "fixed_contract_before_projection": {"passed": true, "external_faces": 0, "external_faces_retained": 0, "missing_fixed_vertices": 0}, "safe_projection_ms": 950.9490067139268, "projection_fp64_restoration_max_mm": 8.226489730175128e-08, "collision_scope": "whole_mesh_author_energy_and_ccd", "fixed_contract": {"passed": true, "external_faces": 0, "external_faces_retained": 0, "missing_fixed_vertices": 0}, "method": "global", "maintenance_ms": 2904.0401205420494, "status": "pending_independent_audit"}
