Warp 1.0.0-beta.2 initialized:
   CUDA Toolkit: 12.8, Driver: 13.2
   Devices:
     "cpu"    | x86_64
     "cuda:0" | NVIDIA GeForce RTX 4090 (sm_89)
   Kernel cache: /root/.cache/warp/1.0.0-beta.2
[33;20mWARNING - Triangle area is too small (min_area=1.4611447077771458e-13), may cause numerical instability (system.py:213)[0m
Module pamo_safe_project.kernels.geometry_kernels load on device 'cuda:0' took 84.83 ms
Module pamo_safe_project.kernels.energy_kernels.elastic_energy load on device 'cuda:0' took 11.50 ms
Module pamo_safe_project.kernels.energy_kernels.hinge_energy load on device 'cuda:0' took 94.68 ms
Module pamo_safe_project.kernels.energy_kernels.contact_detection load on device 'cuda:0' took 84.42 ms
Module pamo_safe_project.kernels.energy_kernels.distance_energy load on device 'cuda:0' took 89.23 ms
Module pamo_safe_project.kernels.energy_kernels.collision_energy load on device 'cuda:0' took 207.97 ms
Module pamo_safe_project.kernels.utils_kernels load on device 'cuda:0' took 4.00 ms
Module tangent_plane_gpu load on device 'cuda:0' took 1.23 ms
Module locality_gpu load on device 'cuda:0' took 0.69 ms
Module pamo_safe_project.kernels.solver_kernels load on device 'cuda:0' took 3.58 ms
Module warp.utils load on device 'cuda:0' took 1.75 ms
Module pamo_safe_project.kernels.distance_kernels.grad_funcs load on device 'cuda:0' took 85.95 ms
Module pamo_safe_project.kernels.distance_kernels.hessian_funcs load on device 'cuda:0' took 213.27 ms
Module pamo_safe_project.kernels.distance_kernels.distance_kernels load on device 'cuda:0' took 308.77 ms
Module pamo_safe_project.kernels.distance_kernels.grad_funcs_struct load on device 'cuda:0' took 83.63 ms
Module pamo_safe_project.kernels.distance_kernels.distance_kernels_struct load on device 'cuda:0' took 18.09 ms
Module pamo_safe_project.kernels.ccd_kernels load on device 'cuda:0' took 89.51 ms
Module pamo_safe_project.kernels.energy_kernels.lb_curvature_energy load on device 'cuda:0' took 3.28 ms
