Stage1 :  True
Stage3 :  True
Warp 1.0.0-beta.2 initialized:
   CUDA Toolkit: 12.8, Driver: 13.2
   Devices:
     "cpu"    | x86_64
     "cuda:0" | NVIDIA GeForce RTX 4080 SUPER (sm_89)
   Kernel cache: /root/.cache/warp/1.0.0-beta.2
Target faces : 2092
Time for Remeshing: 0.08110880851745605 sec
Time for Simplification: 0.26615333557128906 sec
Module pamo_safe_project.kernels.geometry_kernels load on device 'cuda:0' took 18.70 ms
Module pamo_safe_project.kernels.energy_kernels.elastic_energy load on device 'cuda:0' took 18.67 ms
Module pamo_safe_project.kernels.energy_kernels.hinge_energy load on device 'cuda:0' took 75.83 ms
Module pamo_safe_project.kernels.energy_kernels.contact_detection load on device 'cuda:0' took 40.52 ms
Module pamo_safe_project.kernels.energy_kernels.distance_energy load on device 'cuda:0' took 51.30 ms
Module pamo_safe_project.kernels.energy_kernels.collision_energy load on device 'cuda:0' took 104.34 ms
Module pamo_safe_project.kernels.utils_kernels load on device 'cuda:0' took 4.63 ms
Module pamo_safe_project.kernels.solver_kernels load on device 'cuda:0' took 4.99 ms
Module warp.utils load on device 'cuda:0' took 2.18 ms
Module pamo_safe_project.kernels.distance_kernels.grad_funcs load on device 'cuda:0' took 26.39 ms
Module pamo_safe_project.kernels.distance_kernels.hessian_funcs load on device 'cuda:0' took 103.50 ms
Module pamo_safe_project.kernels.distance_kernels.distance_kernels load on device 'cuda:0' took 144.08 ms
Module pamo_safe_project.kernels.distance_kernels.grad_funcs_struct load on device 'cuda:0' took 22.27 ms
Module pamo_safe_project.kernels.distance_kernels.distance_kernels_struct load on device 'cuda:0' took 28.58 ms
Module pamo_safe_project.kernels.ccd_kernels load on device 'cuda:0' took 34.11 ms
Module pamo_safe_project.kernels.energy_kernels.lb_curvature_energy load on device 'cuda:0' took 5.07 ms
Module locality_gpu load on device 'cuda:0' took 2.20 ms
{"pamo_run_ms": 1841.2424493581057, "stage1": "original", "method": "full", "maintenance_ms": 3951.2312030419707, "status": "pending_independent_audit"}
