Stage1 :  True
Stage3 :  True
Warp 1.0.0-beta.2 initialized:
   CUDA Toolkit: 12.8, Driver: 13.2
   Devices:
     "cpu"    | x86_64
     "cuda:0" | NVIDIA GeForce RTX 4080 SUPER (sm_89)
   Kernel cache: /root/.cache/warp/1.0.0-beta.2
Target faces : 2024
Time for Remeshing: 0.1388235092163086 sec
Time for Simplification: 0.19429659843444824 sec
Module pamo_safe_project.kernels.geometry_kernels load on device 'cuda:0' took 22.83 ms
Module pamo_safe_project.kernels.energy_kernels.elastic_energy load on device 'cuda:0' took 22.38 ms
Module pamo_safe_project.kernels.energy_kernels.hinge_energy load on device 'cuda:0' took 54.55 ms
Module pamo_safe_project.kernels.energy_kernels.contact_detection load on device 'cuda:0' took 33.53 ms
Module pamo_safe_project.kernels.energy_kernels.distance_energy load on device 'cuda:0' took 44.25 ms
Module pamo_safe_project.kernels.energy_kernels.collision_energy load on device 'cuda:0' took 137.52 ms
Module pamo_safe_project.kernels.utils_kernels load on device 'cuda:0' took 6.55 ms
Module pamo_safe_project.kernels.solver_kernels load on device 'cuda:0' took 6.53 ms
Module warp.utils load on device 'cuda:0' took 4.26 ms
Module pamo_safe_project.kernels.distance_kernels.grad_funcs load on device 'cuda:0' took 33.94 ms
Module pamo_safe_project.kernels.distance_kernels.hessian_funcs load on device 'cuda:0' took 151.00 ms
Module pamo_safe_project.kernels.distance_kernels.distance_kernels load on device 'cuda:0' took 208.28 ms
Module pamo_safe_project.kernels.distance_kernels.grad_funcs_struct load on device 'cuda:0' took 31.59 ms
Module pamo_safe_project.kernels.distance_kernels.distance_kernels_struct load on device 'cuda:0' took 39.98 ms
Module pamo_safe_project.kernels.ccd_kernels load on device 'cuda:0' took 41.32 ms
Module pamo_safe_project.kernels.energy_kernels.lb_curvature_energy load on device 'cuda:0' took 6.44 ms
Module locality_gpu load on device 'cuda:0' took 2.24 ms
{"pamo_run_ms": 2233.25639590621, "stage1": "original", "method": "full", "maintenance_ms": 5411.426681093872, "status": "pending_independent_audit"}
