Warp 1.0.0-beta.2 initialized:
   CUDA Toolkit: 12.8, Driver: 13.2
   Devices:
     "cpu"    | x86_64
     "cuda:0" | NVIDIA GeForce RTX 4080 SUPER (sm_89)
   Kernel cache: /root/.cache/warp/1.0.0-beta.2
[33;20mWARNING - Triangle area is too small (min_area=2.2444918494700057e-15), may cause numerical instability (system.py:213)[0m
Module pamo_safe_project.kernels.geometry_kernels load on device 'cuda:0' took 28.90 ms
Module pamo_safe_project.kernels.energy_kernels.elastic_energy load on device 'cuda:0' took 23.12 ms
Module pamo_safe_project.kernels.energy_kernels.hinge_energy load on device 'cuda:0' took 63.50 ms
Module pamo_safe_project.kernels.energy_kernels.precision_contact_detection load on device 'cuda:0' took 36.42 ms
Module pamo_safe_project.kernels.energy_kernels.distance_energy load on device 'cuda:0' took 46.07 ms
Module pamo_safe_project.kernels.energy_kernels.precision_gradient_collision_energy load on device 'cuda:0' took 122.98 ms
Module pamo_safe_project.kernels.utils_kernels load on device 'cuda:0' took 6.24 ms
Module tangent_plane_gpu load on device 'cuda:0' took 2.60 ms
Module locality_gpu load on device 'cuda:0' took 1.89 ms
Module pamo_safe_project.kernels.solver_kernels load on device 'cuda:0' took 5.59 ms
Module warp.utils load on device 'cuda:0' took 2.81 ms
Module pamo_safe_project.kernels.distance_kernels.grad_funcs load on device 'cuda:0' took 35.19 ms
Module pamo_safe_project.kernels.distance_kernels.hessian_funcs load on device 'cuda:0' took 154.34 ms
Module pamo_safe_project.kernels.distance_kernels.distance_kernels load on device 'cuda:0' took 210.67 ms
Module pamo_safe_project.kernels.distance_kernels.grad_funcs_struct load on device 'cuda:0' took 36.55 ms
Module pamo_safe_project.kernels.distance_kernels.distance_kernels_struct load on device 'cuda:0' took 38.82 ms
Module pamo_safe_project.kernels.energy_kernels.collision_energy load on device 'cuda:0' took 139.72 ms
Module pamo_safe_project.kernels.ccd_kernels load on device 'cuda:0' took 41.90 ms
Module pamo_safe_project.kernels.energy_kernels.lb_curvature_energy load on device 'cuda:0' took 7.51 ms
Module pamo_safe_project.kernels.energy_kernels.contact_detection load on device 'cuda:0' took 38.28 ms
Module robust_pt_gpu load on device 'cuda:0' took 9.16 ms
Module pamo_safe_project.kernels.energy_kernels.precision_collision_energy load on device 'cuda:0' took 153.38 ms
Module pamo_safe_project.kernels.precision_ccd_kernels load on device 'cuda:0' took 39.85 ms
Module robust_pt_gradient_gpu load on device 'cuda:0' took 8.47 ms
