Stage1 :  True
Stage3 :  True
{"original_config_sha256": "df1eb24db57394c32e31f6d67a58cd7ef6c25febc11aff39c5e9503ee82d6390", "max_blocks": 67108864}
Warp 1.0.0-beta.2 initialized:
   CUDA Toolkit: 12.8, Driver: 13.2
   Devices:
     "cpu"    | x86_64
     "cuda:0" | NVIDIA GeForce RTX 4080 SUPER (sm_89)
   Kernel cache: /root/.cache/warp/1.0.0-beta.2
Target faces : 101412
Time for Remeshing: 0.0983119010925293 sec
Time for Simplification: 0.2885169982910156 sec
Module pamo_safe_project.kernels.geometry_kernels load on device 'cuda:0' took 24.66 ms
Module pamo_safe_project.kernels.energy_kernels.elastic_energy load on device 'cuda:0' took 100.34 ms
Module pamo_safe_project.kernels.energy_kernels.hinge_energy load on device 'cuda:0' took 51.74 ms
Module pamo_safe_project.kernels.energy_kernels.contact_detection load on device 'cuda:0' took 29.67 ms
Module pamo_safe_project.kernels.energy_kernels.distance_energy load on device 'cuda:0' took 39.23 ms
Module pamo_safe_project.kernels.energy_kernels.collision_energy load on device 'cuda:0' took 132.76 ms
Module pamo_safe_project.kernels.utils_kernels load on device 'cuda:0' took 5.86 ms
Module pamo_safe_project.kernels.solver_kernels load on device 'cuda:0' took 6.04 ms
Module warp.utils load on device 'cuda:0' took 2.31 ms
Module pamo_safe_project.kernels.distance_kernels.grad_funcs load on device 'cuda:0' took 33.04 ms
Module pamo_safe_project.kernels.distance_kernels.hessian_funcs load on device 'cuda:0' took 128.62 ms
Module pamo_safe_project.kernels.distance_kernels.distance_kernels load on device 'cuda:0' took 145.98 ms
Module pamo_safe_project.kernels.distance_kernels.grad_funcs_struct load on device 'cuda:0' took 21.99 ms
Module pamo_safe_project.kernels.distance_kernels.distance_kernels_struct load on device 'cuda:0' took 24.91 ms
Module pamo_safe_project.kernels.ccd_kernels load on device 'cuda:0' took 28.60 ms
Module pamo_safe_project.kernels.energy_kernels.lb_curvature_energy load on device 'cuda:0' took 3.97 ms
Module locality_gpu load on device 'cuda:0' took 0.85 ms
{"pamo_run_ms": 5936.258197762072, "stage1": "original", "method": "full", "maintenance_ms": 6783.043942414224, "status": "pending_independent_audit"}
