
==> 三维目标几何
.....
----------------------------------------------------------------------
Ran 5 tests in 0.226s

OK

==> Geogram基线适配
s
----------------------------------------------------------------------
Ran 0 tests in 0.000s

OK (skipped=1)

==> 竖直磨削分层
.....
----------------------------------------------------------------------
Ran 5 tests in 0.582s

OK

==> 计划裁剪特征重建
.........
----------------------------------------------------------------------
Ran 9 tests in 1.821s

OK

==> 共同运动记录
.....C:\Users\24848\Desktop\GraduationProject\.venv\Lib\site-packages\vtkmodules\util\numpy_support.py:244: DeprecationWarning: Setting the shape on a NumPy array has been deprecated in NumPy 2.5.
As an alternative, you can create a new view using np.reshape (with copy=False if needed).
  result.shape = shape
C:\Users\24848\Desktop\GraduationProject\.venv\Lib\site-packages\vtkmodules\util\numpy_support.py:244: DeprecationWarning: Setting the shape on a NumPy array has been deprecated in NumPy 2.5.
As an alternative, you can create a new view using np.reshape (with copy=False if needed).
  result.shape = shape
C:\Users\24848\Desktop\GraduationProject\.venv\Lib\site-packages\vtkmodules\util\numpy_support.py:244: DeprecationWarning: Setting the shape on a NumPy array has been deprecated in NumPy 2.5.
As an alternative, you can create a new view using np.reshape (with copy=False if needed).
  result.shape = shape
C:\Users\24848\Desktop\GraduationProject\.venv\Lib\site-packages\vtkmodules\util\numpy_support.py:244: DeprecationWarning: Setting the shape on a NumPy array has been deprecated in NumPy 2.5.
As an alternative, you can create a new view using np.reshape (with copy=False if needed).
  result.shape = shape
C:\Users\24848\Desktop\GraduationProject\.venv\Lib\site-packages\vtkmodules\util\numpy_support.py:244: DeprecationWarning: Setting the shape on a NumPy array has been deprecated in NumPy 2.5.
As an alternative, you can create a new view using np.reshape (with copy=False if needed).
  result.shape = shape
.C:\Users\24848\Desktop\GraduationProject\.venv\Lib\site-packages\vtkmodules\util\numpy_support.py:244: DeprecationWarning: Setting the shape on a NumPy array has been deprecated in NumPy 2.5.
As an alternative, you can create a new view using np.reshape (with copy=False if needed).
  result.shape = shape
C:\Users\24848\Desktop\GraduationProject\.venv\Lib\site-packages\vtkmodules\util\numpy_support.py:244: DeprecationWarning: Setting the shape on a NumPy array has been deprecated in NumPy 2.5.
As an alternative, you can create a new view using np.reshape (with copy=False if needed).
  result.shape = shape
C:\Users\24848\Desktop\GraduationProject\.venv\Lib\site-packages\vtkmodules\util\numpy_support.py:244: DeprecationWarning: Setting the shape on a NumPy array has been deprecated in NumPy 2.5.
As an alternative, you can create a new view using np.reshape (with copy=False if needed).
  result.shape = shape
C:\Users\24848\Desktop\GraduationProject\.venv\Lib\site-packages\vtkmodules\util\numpy_support.py:244: DeprecationWarning: Setting the shape on a NumPy array has been deprecated in NumPy 2.5.
As an alternative, you can create a new view using np.reshape (with copy=False if needed).
  result.shape = shape
C:\Users\24848\Desktop\GraduationProject\.venv\Lib\site-packages\vtkmodules\util\numpy_support.py:244: DeprecationWarning: Setting the shape on a NumPy array has been deprecated in NumPy 2.5.
As an alternative, you can create a new view using np.reshape (with copy=False if needed).
  result.shape = shape
C:\Users\24848\Desktop\GraduationProject\.venv\Lib\site-packages\vtkmodules\util\numpy_support.py:244: DeprecationWarning: Setting the shape on a NumPy array has been deprecated in NumPy 2.5.
As an alternative, you can create a new view using np.reshape (with copy=False if needed).
  result.shape = shape
C:\Users\24848\Desktop\GraduationProject\.venv\Lib\site-packages\vtkmodules\util\numpy_support.py:244: DeprecationWarning: Setting the shape on a NumPy array has been deprecated in NumPy 2.5.
As an alternative, you can create a new view using np.reshape (with copy=False if needed).
  result.shape = shape
C:\Users\24848\Desktop\GraduationProject\.venv\Lib\site-packages\vtkmodules\util\numpy_support.py:244: DeprecationWarning: Setting the shape on a NumPy array has been deprecated in NumPy 2.5.
As an alternative, you can create a new view using np.reshape (with copy=False if needed).
  result.shape = shape
........C:\Users\24848\Desktop\GraduationProject\.venv\Lib\site-packages\vtkmodules\util\numpy_support.py:244: DeprecationWarning: Setting the shape on a NumPy array has been deprecated in NumPy 2.5.
As an alternative, you can create a new view using np.reshape (with copy=False if needed).
  result.shape = shape
...
----------------------------------------------------------------------
Ran 17 tests in 6.427s

OK

==> 布尔局部维护边界
.....
----------------------------------------------------------------------
Ran 5 tests in 0.016s

OK

==> 布尔局部维护回退
........
----------------------------------------------------------------------
Ran 8 tests in 0.036s

OK

==> 布尔来源清理
.....
----------------------------------------------------------------------
Ran 5 tests in 0.002s

OK

==> 布尔来源恢复
C:\Users\24848\Desktop\GraduationProject\.venv\Lib\site-packages\vtkmodules\util\numpy_support.py:244: DeprecationWarning: Setting the shape on a NumPy array has been deprecated in NumPy 2.5.
As an alternative, you can create a new view using np.reshape (with copy=False if needed).
  result.shape = shape
....
----------------------------------------------------------------------
Ran 4 tests in 0.005s

OK

==> 自适应接缝与回滚
..C:\Users\24848\Desktop\GraduationProject\.venv\Lib\site-packages\vtkmodules\util\numpy_support.py:244: DeprecationWarning: Setting the shape on a NumPy array has been deprecated in NumPy 2.5.
As an alternative, you can create a new view using np.reshape (with copy=False if needed).
  result.shape = shape
.
----------------------------------------------------------------------
Ran 3 tests in 0.008s

OK

==> 共面质量与固定边
.....
----------------------------------------------------------------------
Ran 5 tests in 0.003s

OK

==> 可复用磨削资产
..
----------------------------------------------------------------------
Ran 2 tests in 0.053s

OK

==> 共面区域与孔洞
......
----------------------------------------------------------------------
Ran 6 tests in 0.028s

OK

==> 正面积输入诊断
....
----------------------------------------------------------------------
Ran 4 tests in 0.008s

OK

==> 精确共享接触复核
.........
----------------------------------------------------------------------
Ran 9 tests in 0.008s

OK

==> 共同来源保留与核对
..C:\Users\24848\Desktop\GraduationProject\.venv\Lib\site-packages\vtkmodules\util\numpy_support.py:244: DeprecationWarning: Setting the shape on a NumPy array has been deprecated in NumPy 2.5.
As an alternative, you can create a new view using np.reshape (with copy=False if needed).
  result.shape = shape
.....
----------------------------------------------------------------------
Ran 7 tests in 0.015s

OK

==> 独立参照重放范围
...
----------------------------------------------------------------------
Ran 3 tests in 0.000s

OK

==> 独立参照恢复与缓存
C:\Users\24848\Desktop\GraduationProject\.venv\Lib\site-packages\vtkmodules\util\numpy_support.py:244: DeprecationWarning: Setting the shape on a NumPy array has been deprecated in NumPy 2.5.
As an alternative, you can create a new view using np.reshape (with copy=False if needed).
  result.shape = shape
......C:\Users\24848\Desktop\GraduationProject\.venv\Lib\site-packages\trimesh\triangles.py:302: RuntimeWarning: invalid value encountered in divide
  center_mass = integrated[1:4] / volume
.
----------------------------------------------------------------------
Ran 7 tests in 0.072s

OK

==> 相邻小面受约束折叠
...
----------------------------------------------------------------------
Ran 3 tests in 0.004s

OK

==> 同来源反向面抵消
.....C:\Users\24848\Desktop\GraduationProject\.venv\Lib\site-packages\vtkmodules\util\numpy_support.py:244: DeprecationWarning: Setting the shape on a NumPy array has been deprecated in NumPy 2.5.
As an alternative, you can create a new view using np.reshape (with copy=False if needed).
  result.shape = shape
..
----------------------------------------------------------------------
Ran 7 tests in 5.494s

OK

==> 点三角形有理数参照
....
----------------------------------------------------------------------
Ran 4 tests in 0.017s

OK

==> 点三角形梯度参照
....
----------------------------------------------------------------------
Ran 4 tests in 0.019s

OK

==> 精度断连续跑校验
......
----------------------------------------------------------------------
Ran 6 tests in 0.004s

OK

==> 精度续跑记录合并
.....
----------------------------------------------------------------------
Ran 5 tests in 0.000s

OK

==> 小特征固定扫描
.......
----------------------------------------------------------------------
Ran 7 tests in 0.006s

OK

==> 弯曲体接触资产
...
----------------------------------------------------------------------
Ran 3 tests in 0.082s

OK

==> 非凸工具表面邻域
......
----------------------------------------------------------------------
Ran 6 tests in 0.004s

OK

==> 发布对象精确审计范围
.....
----------------------------------------------------------------------
Ran 5 tests in 0.010s

OK

==> CT浮点退化与能量故障
...
----------------------------------------------------------------------
Ran 3 tests in 0.184s

OK

==> 边边有理数距离参照
......
----------------------------------------------------------------------
Ran 6 tests in 0.001s

OK

==> 固定接触坐标量化
..
----------------------------------------------------------------------
Ran 2 tests in 0.120s

OK

==> 全部固定原几何CUDA证据
...
----------------------------------------------------------------------
Ran 3 tests in 0.108s

OK

==> 固定接触核体保留
....
----------------------------------------------------------------------
Ran 4 tests in 0.033s

OK

==> 原固定几何输入条件
.C:\Users\24848\Desktop\GraduationProject\.venv\Lib\site-packages\vtkmodules\util\numpy_support.py:244: DeprecationWarning: Setting the shape on a NumPy array has been deprecated in NumPy 2.5.
As an alternative, you can create a new view using np.reshape (with copy=False if needed).
  result.shape = shape
...C:\Users\24848\Desktop\GraduationProject\.venv\Lib\site-packages\trimesh\triangles.py:302: RuntimeWarning: invalid value encountered in divide
  center_mass = integrated[1:4] / volume
.
----------------------------------------------------------------------
Ran 5 tests in 2.377s

OK

==> 完整固定几何投影证据
.....
----------------------------------------------------------------------
Ran 5 tests in 0.092s

OK

==> 原固定几何反馈门控
.......
----------------------------------------------------------------------
Ran 7 tests in 0.037s

OK

==> 原固定几何保存证据绑定
.....
----------------------------------------------------------------------
Ran 5 tests in 0.011s

OK

==> CT第六第七事件真实反馈
.....
----------------------------------------------------------------------
Ran 5 tests in 4.748s

OK

==> 逐步独立参照恢复
...C:\Users\24848\Desktop\GraduationProject\.venv\Lib\site-packages\vtkmodules\util\numpy_support.py:244: DeprecationWarning: Setting the shape on a NumPy array has been deprecated in NumPy 2.5.
As an alternative, you can create a new view using np.reshape (with copy=False if needed).
  result.shape = shape
...
----------------------------------------------------------------------
Ran 6 tests in 0.100s

OK

==> CT独立参照故障资产
....
----------------------------------------------------------------------
Ran 4 tests in 0.093s

OK

==> CT逐步参照完整对象
....
----------------------------------------------------------------------
Ran 4 tests in 1.175s

OK

==> 已完成子路线复审范围
....
----------------------------------------------------------------------
Ran 4 tests in 0.000s

OK

==> 冻结资产完整性
....
----------------------------------------------------------------------
Ran 4 tests in 0.011s

OK

==> 首次追加固定锚点
......
----------------------------------------------------------------------
Ran 6 tests in 0.108s

OK

==> 固定锚点完整能量重算
...
----------------------------------------------------------------------
Ran 3 tests in 0.101s

OK

==> CT追加固定锚点实际对照
....
----------------------------------------------------------------------
Ran 4 tests in 0.345s

OK

==> 已发布锚点记录一致性
.....
----------------------------------------------------------------------
Ran 5 tests in 0.000s

OK

==> 新增锚点保存复审
..
----------------------------------------------------------------------
Ran 2 tests in 0.001s

OK

==> 物理面积私有判据
...
----------------------------------------------------------------------
Ran 3 tests in 0.005s

OK

==> 物理面积反馈保护
..C:\Users\24848\Desktop\GraduationProject\.venv\Lib\site-packages\vtkmodules\util\numpy_support.py:244: DeprecationWarning: Setting the shape on a NumPy array has been deprecated in NumPy 2.5.
As an alternative, you can create a new view using np.reshape (with copy=False if needed).
  result.shape = shape
.
----------------------------------------------------------------------
Ran 3 tests in 0.010s

OK

==> CT物理面积实际回归
....
----------------------------------------------------------------------
Ran 4 tests in 0.253s

OK

==> 薄壁编码退化实际回归
....
----------------------------------------------------------------------
Ran 4 tests in 0.022s

OK

==> 冻结快照分块落盘
.....
----------------------------------------------------------------------
Ran 5 tests in 0.013s

OK

==> 实验记录原子落盘
.....
----------------------------------------------------------------------
Ran 5 tests in 0.028s

OK

==> 初态编码退化锚点
....
----------------------------------------------------------------------
Ran 4 tests in 0.122s

OK

==> 初态编码锚点保存契约
.....
----------------------------------------------------------------------
Ran 5 tests in 0.006s

OK

==> 完整路线边界恢复
....
----------------------------------------------------------------------
Ran 4 tests in 0.006s

OK

==> 冻结评价清单核对
...
----------------------------------------------------------------------
Ran 3 tests in 0.016s

OK

==> 来源约束v3冻结证据
..
----------------------------------------------------------------------
Ran 2 tests in 0.001s

OK

==> 真实CT状态边界
....
----------------------------------------------------------------------
Ran 4 tests in 0.571s

OK

==> 持续状态时间线
...
----------------------------------------------------------------------
Ran 3 tests in 0.000s

OK

==> 解析局部重建
......
----------------------------------------------------------------------
Ran 6 tests in 1.178s

OK

==> 真实骨面投影
.......
----------------------------------------------------------------------
Ran 7 tests in 0.009s

OK

==> 真实骨面拼接
....
----------------------------------------------------------------------
Ran 4 tests in 0.117s

OK

==> 边界过渡带
......
----------------------------------------------------------------------
Ran 6 tests in 0.019s

OK

==> 局部适用域
......
----------------------------------------------------------------------
Ran 6 tests in 0.002s

OK

==> 研究结果映射
...
----------------------------------------------------------------------
Ran 3 tests in 0.005s

OK

==> 轨迹覆盖
..
----------------------------------------------------------------------
Ran 2 tests in 0.017s

OK

==> 增量缓存
...
----------------------------------------------------------------------
Ran 3 tests in 0.419s

OK

==> 默认在线算法
step 1 True 25.92635114054054 0.09470902688721816
step 2 True 25.92635114054054 0.09470902688721816
step 3 True 25.92635114054054 0.09470902688721816
step 4 True 25.92635114054054 0.09470902688721816
step 5 True 25.92635114054054 0.09470902688721816
step 6 True 25.92635114054054 0.09470902688721816
step 7 True 25.92635114054054 0.09470902688721816
step 8 True 25.92635114054054 0.09470902688721816
step 9 True 25.92635114054054 0.09470902688721816
step 10 True 25.92635114054054 0.09470902688721816
step 11 True 25.92635114054054 0.09470902688721816
step 12 True 25.92635114054054 0.09470902688721816
step 13 True 25.92635114054054 0.09470902688721816
step 14 True 25.92635114054054 0.09470902688721816
step 15 True 25.92635114054054 0.09470902688721816
step 16 True 25.92635114054054 0.09470902688721816
step 1 True 25.92635114054054 0.09470902688721816
step 1 False 25.92635114054054 0.09470902688721816
....
----------------------------------------------------------------------
Ran 4 tests in 21.276s

OK

完成：70/70 组通过
