Warp 1.0.0-beta.2 initialized:
   CUDA Toolkit: 12.8, Driver: 13.2
   Devices:
     "cpu"    | x86_64
     "cuda:0" | NVIDIA GeForce RTX 4090 (sm_89)
   Kernel cache: /root/.cache/warp/1.0.0-beta.2
[33;20mWARNING - Triangle area is too small (min_area=1.0177901877712355e-09), may cause numerical instability (system.py:213)[0m
Module pamo_safe_project.kernels.geometry_kernels load on device 'cuda:0' took 24.99 ms
Module pamo_safe_project.kernels.energy_kernels.elastic_energy load on device 'cuda:0' took 19.67 ms
Module pamo_safe_project.kernels.energy_kernels.hinge_energy load on device 'cuda:0' took 136.27 ms
Module pamo_safe_project.kernels.energy_kernels.contact_detection load on device 'cuda:0' took 17.96 ms
[33;20mWARNING - Number of contacts (33618761) exceeds max_blocks (33554432) (energy.py:943)[0m
[34;20mINFO - Retrying with smaller detection radius: 0.005 (energy.py:947)[0m
[33;20mWARNING - Number of contacts (33564686) exceeds max_blocks (33554432) (energy.py:943)[0m
[34;20mINFO - Retrying with smaller detection radius: 0.0025 (energy.py:947)[0m
Module pamo_safe_project.kernels.energy_kernels.distance_energy load on device 'cuda:0' took 61.22 ms
Module pamo_safe_project.kernels.energy_kernels.collision_energy load on device 'cuda:0' took 145.51 ms
Module pamo_safe_project.kernels.utils_kernels load on device 'cuda:0' took 4.89 ms
Module locality_gpu load on device 'cuda:0' took 1.14 ms
Module pamo_safe_project.kernels.solver_kernels load on device 'cuda:0' took 3.86 ms
Module warp.utils load on device 'cuda:0' took 1.84 ms
Module pamo_safe_project.kernels.distance_kernels.grad_funcs load on device 'cuda:0' took 55.36 ms
Module pamo_safe_project.kernels.distance_kernels.hessian_funcs load on device 'cuda:0' took 186.42 ms
Module pamo_safe_project.kernels.distance_kernels.distance_kernels load on device 'cuda:0' took 219.69 ms
Module pamo_safe_project.kernels.distance_kernels.grad_funcs_struct load on device 'cuda:0' took 86.14 ms
Module pamo_safe_project.kernels.distance_kernels.distance_kernels_struct load on device 'cuda:0' took 17.49 ms
Module pamo_safe_project.kernels.ccd_kernels load on device 'cuda:0' took 23.96 ms
Module pamo_safe_project.kernels.energy_kernels.lb_curvature_energy load on device 'cuda:0' took 4.71 ms
