Stage1 :  True
Stage3 :  True
Warp 1.0.0-beta.2 initialized:
   CUDA Toolkit: 12.8, Driver: 13.2
   Devices:
     "cpu"    | x86_64
     "cuda:0" | NVIDIA GeForce RTX 4080 SUPER (sm_89)
   Kernel cache: /root/.cache/warp/1.0.0-beta.2
Target faces : 1220
Time for Remeshing: 0.11035537719726562 sec
Time for Simplification: 0.45089101791381836 sec
Module pamo_safe_project.kernels.geometry_kernels load on device 'cuda:0' took 23.65 ms
Module pamo_safe_project.kernels.energy_kernels.elastic_energy load on device 'cuda:0' took 21.21 ms
Module pamo_safe_project.kernels.energy_kernels.hinge_energy load on device 'cuda:0' took 57.35 ms
Module pamo_safe_project.kernels.energy_kernels.contact_detection load on device 'cuda:0' took 34.12 ms
Module pamo_safe_project.kernels.energy_kernels.distance_energy load on device 'cuda:0' took 45.32 ms
Module pamo_safe_project.kernels.energy_kernels.collision_energy load on device 'cuda:0' took 152.55 ms
Module pamo_safe_project.kernels.utils_kernels load on device 'cuda:0' took 7.06 ms
Module pamo_safe_project.kernels.solver_kernels load on device 'cuda:0' took 7.35 ms
Module warp.utils load on device 'cuda:0' took 4.46 ms
Module pamo_safe_project.kernels.distance_kernels.grad_funcs load on device 'cuda:0' took 34.59 ms
Module pamo_safe_project.kernels.distance_kernels.hessian_funcs load on device 'cuda:0' took 154.74 ms
Module pamo_safe_project.kernels.distance_kernels.distance_kernels load on device 'cuda:0' took 217.67 ms
Module pamo_safe_project.kernels.distance_kernels.grad_funcs_struct load on device 'cuda:0' took 30.72 ms
Module pamo_safe_project.kernels.distance_kernels.distance_kernels_struct load on device 'cuda:0' took 33.61 ms
Module pamo_safe_project.kernels.ccd_kernels load on device 'cuda:0' took 49.50 ms
Module pamo_safe_project.kernels.energy_kernels.lb_curvature_energy load on device 'cuda:0' took 8.69 ms
Module locality_gpu load on device 'cuda:0' took 4.35 ms
{"pamo_run_ms": 2346.3584715500474, "stage1": "original", "method": "full", "maintenance_ms": 4956.5499583259225, "status": "pending_independent_audit"}
