Stage1 :  True
Stage3 :  True
Warp 1.0.0-beta.2 initialized:
   CUDA Toolkit: 12.8, Driver: 13.2
   Devices:
     "cpu"    | x86_64
     "cuda:0" | NVIDIA GeForce RTX 4090 (sm_89)
   Kernel cache: /root/.cache/warp/1.0.0-beta.2
Target faces : 1482
Time for Remeshing: 0.2868349552154541 sec
Time for Simplification: 0.8970928192138672 sec
Module pamo_safe_project.kernels.geometry_kernels load on device 'cuda:0' took 79.44 ms
Module pamo_safe_project.kernels.energy_kernels.elastic_energy load on device 'cuda:0' took 13.47 ms
Module pamo_safe_project.kernels.energy_kernels.hinge_energy load on device 'cuda:0' took 96.51 ms
Module pamo_safe_project.kernels.energy_kernels.contact_detection load on device 'cuda:0' took 84.63 ms
Module pamo_safe_project.kernels.energy_kernels.distance_energy load on device 'cuda:0' took 30.90 ms
Module pamo_safe_project.kernels.energy_kernels.collision_energy load on device 'cuda:0' took 279.09 ms
Module pamo_safe_project.kernels.utils_kernels load on device 'cuda:0' took 5.00 ms
Module pamo_safe_project.kernels.solver_kernels load on device 'cuda:0' took 3.25 ms
Module warp.utils load on device 'cuda:0' took 68.55 ms
Module pamo_safe_project.kernels.distance_kernels.grad_funcs load on device 'cuda:0' took 18.81 ms
Module pamo_safe_project.kernels.distance_kernels.hessian_funcs load on device 'cuda:0' took 280.70 ms
Module pamo_safe_project.kernels.distance_kernels.distance_kernels load on device 'cuda:0' took 507.01 ms
Module pamo_safe_project.kernels.distance_kernels.grad_funcs_struct load on device 'cuda:0' took 31.56 ms
Module pamo_safe_project.kernels.distance_kernels.distance_kernels_struct load on device 'cuda:0' took 92.80 ms
Module pamo_safe_project.kernels.ccd_kernels load on device 'cuda:0' took 168.71 ms
Module pamo_safe_project.kernels.energy_kernels.lb_curvature_energy load on device 'cuda:0' took 3.26 ms
Module locality_gpu load on device 'cuda:0' took 0.75 ms
{"pamo_run_ms": 4414.1107285395265, "stage1": "original", "method": "full", "maintenance_ms": 9203.213312663138, "status": "pending_independent_audit"}
