Stage1 :  True
Stage3 :  True
Warp 1.0.0-beta.2 initialized:
   CUDA Toolkit: 12.8, Driver: 13.2
   Devices:
     "cpu"    | x86_64
     "cuda:0" | NVIDIA GeForce RTX 4080 SUPER (sm_89)
   Kernel cache: /root/.cache/warp/1.0.0-beta.2
Target faces : 44036
Time for Remeshing: 0.09914875030517578 sec
Time for Simplification: 0.2301795482635498 sec
Module pamo_safe_project.kernels.geometry_kernels load on device 'cuda:0' took 22.17 ms
Module pamo_safe_project.kernels.energy_kernels.elastic_energy load on device 'cuda:0' took 20.65 ms
Module pamo_safe_project.kernels.energy_kernels.hinge_energy load on device 'cuda:0' took 50.97 ms
Module pamo_safe_project.kernels.energy_kernels.contact_detection load on device 'cuda:0' took 29.44 ms
Module pamo_safe_project.kernels.energy_kernels.distance_energy load on device 'cuda:0' took 39.70 ms
Module pamo_safe_project.kernels.energy_kernels.collision_energy load on device 'cuda:0' took 130.49 ms
Module pamo_safe_project.kernels.utils_kernels load on device 'cuda:0' took 5.65 ms
Module pamo_safe_project.kernels.solver_kernels load on device 'cuda:0' took 4.62 ms
Module warp.utils load on device 'cuda:0' took 2.23 ms
Module pamo_safe_project.kernels.distance_kernels.grad_funcs load on device 'cuda:0' took 32.33 ms
Module pamo_safe_project.kernels.distance_kernels.hessian_funcs load on device 'cuda:0' took 110.37 ms
Module pamo_safe_project.kernels.distance_kernels.distance_kernels load on device 'cuda:0' took 135.01 ms
Module pamo_safe_project.kernels.distance_kernels.grad_funcs_struct load on device 'cuda:0' took 21.20 ms
Module pamo_safe_project.kernels.distance_kernels.distance_kernels_struct load on device 'cuda:0' took 23.44 ms
Module pamo_safe_project.kernels.ccd_kernels load on device 'cuda:0' took 27.57 ms
Module pamo_safe_project.kernels.energy_kernels.lb_curvature_energy load on device 'cuda:0' took 4.39 ms
Module locality_gpu load on device 'cuda:0' took 0.94 ms
