Warp 1.0.0-beta.2 initialized:
   CUDA Toolkit: 12.8, Driver: 13.2
   Devices:
     "cpu"    | x86_64
     "cuda:0" | NVIDIA GeForce RTX 4080 SUPER (sm_89)
   Kernel cache: /root/.cache/warp/1.0.0-beta.2
[33;20mWARNING - Triangle area is too small (min_area=7.478712979068868e-16), may cause numerical instability (system.py:213)[0m
Module pamo_safe_project.kernels.geometry_kernels load on device 'cuda:0' took 29.32 ms
Module pamo_safe_project.kernels.energy_kernels.elastic_energy load on device 'cuda:0' took 26.09 ms
Module pamo_safe_project.kernels.energy_kernels.hinge_energy load on device 'cuda:0' took 51.77 ms
Module pamo_safe_project.kernels.energy_kernels.precision_contact_detection load on device 'cuda:0' took 33.77 ms
Module pamo_safe_project.kernels.energy_kernels.distance_energy load on device 'cuda:0' took 43.98 ms
Module pamo_safe_project.kernels.energy_kernels.precision_gradient_collision_energy load on device 'cuda:0' took 116.68 ms
Module pamo_safe_project.kernels.utils_kernels load on device 'cuda:0' took 9.74 ms
Module tangent_plane_gpu load on device 'cuda:0' took 6.27 ms
Module locality_gpu load on device 'cuda:0' took 2.10 ms
Module pamo_safe_project.kernels.solver_kernels load on device 'cuda:0' took 6.44 ms
Module warp.utils load on device 'cuda:0' took 4.26 ms
Module pamo_safe_project.kernels.distance_kernels.grad_funcs load on device 'cuda:0' took 35.55 ms
Module pamo_safe_project.kernels.distance_kernels.hessian_funcs load on device 'cuda:0' took 153.19 ms
Module pamo_safe_project.kernels.distance_kernels.distance_kernels load on device 'cuda:0' took 215.05 ms
Module pamo_safe_project.kernels.distance_kernels.grad_funcs_struct load on device 'cuda:0' took 35.64 ms
Module pamo_safe_project.kernels.distance_kernels.distance_kernels_struct load on device 'cuda:0' took 37.88 ms
Module pamo_safe_project.kernels.energy_kernels.collision_energy load on device 'cuda:0' took 141.66 ms
Module pamo_safe_project.kernels.ccd_kernels load on device 'cuda:0' took 42.11 ms
Module pamo_safe_project.kernels.energy_kernels.lb_curvature_energy load on device 'cuda:0' took 5.99 ms
Module pamo_safe_project.kernels.energy_kernels.contact_detection load on device 'cuda:0' took 32.94 ms
Module robust_pt_gpu load on device 'cuda:0' took 8.34 ms
Module pamo_safe_project.kernels.energy_kernels.precision_collision_energy load on device 'cuda:0' took 146.17 ms
Module pamo_safe_project.kernels.precision_ccd_kernels load on device 'cuda:0' took 39.12 ms
Module robust_pt_gradient_gpu load on device 'cuda:0' took 8.24 ms
