Stage1 :  True
Stage3 :  True
Warp 1.0.0-beta.2 initialized:
   CUDA Toolkit: 12.8, Driver: 13.2
   Devices:
     "cpu"    | x86_64
     "cuda:0" | NVIDIA GeForce RTX 4080 SUPER (sm_89)
   Kernel cache: /root/.cache/warp/1.0.0-beta.2
Target faces : 2050
Time for Remeshing: 0.12323188781738281 sec
Time for Simplification: 0.5647234916687012 sec
Module pamo_safe_project.kernels.geometry_kernels load on device 'cuda:0' took 27.68 ms
Module pamo_safe_project.kernels.energy_kernels.elastic_energy load on device 'cuda:0' took 21.77 ms
Module pamo_safe_project.kernels.energy_kernels.hinge_energy load on device 'cuda:0' took 51.19 ms
Module pamo_safe_project.kernels.energy_kernels.contact_detection load on device 'cuda:0' took 36.70 ms
Module pamo_safe_project.kernels.energy_kernels.distance_energy load on device 'cuda:0' took 39.43 ms
Module pamo_safe_project.kernels.energy_kernels.collision_energy load on device 'cuda:0' took 139.49 ms
Module pamo_safe_project.kernels.utils_kernels load on device 'cuda:0' took 5.75 ms
Module pamo_safe_project.kernels.solver_kernels load on device 'cuda:0' took 4.65 ms
Module warp.utils load on device 'cuda:0' took 2.27 ms
Module pamo_safe_project.kernels.distance_kernels.grad_funcs load on device 'cuda:0' took 34.16 ms
Module pamo_safe_project.kernels.distance_kernels.hessian_funcs load on device 'cuda:0' took 145.94 ms
Module pamo_safe_project.kernels.distance_kernels.distance_kernels load on device 'cuda:0' took 220.38 ms
Module pamo_safe_project.kernels.distance_kernels.grad_funcs_struct load on device 'cuda:0' took 31.78 ms
Module pamo_safe_project.kernels.distance_kernels.distance_kernels_struct load on device 'cuda:0' took 33.29 ms
Module pamo_safe_project.kernels.ccd_kernels load on device 'cuda:0' took 45.64 ms
Module pamo_safe_project.kernels.energy_kernels.lb_curvature_energy load on device 'cuda:0' took 5.55 ms
Module locality_gpu load on device 'cuda:0' took 1.18 ms
{"pamo_run_ms": 2807.2178522124887, "stage1": "original", "method": "full", "maintenance_ms": 5494.32825576514, "status": "pending_independent_audit"}
