Warp 1.0.0-beta.2 initialized:
   CUDA Toolkit: 12.8, Driver: 13.2
   Devices:
     "cpu"    | x86_64
     "cuda:0" | NVIDIA GeForce RTX 4090 (sm_89)
   Kernel cache: /root/.cache/warp/1.0.0-beta.2
Module pamo_safe_project.kernels.geometry_kernels load on device 'cuda:0' took 87.50 ms
Module pamo_safe_project.kernels.energy_kernels.elastic_energy load on device 'cuda:0' took 10.70 ms
Module pamo_safe_project.kernels.energy_kernels.hinge_energy load on device 'cuda:0' took 26.84 ms
Module pamo_safe_project.kernels.energy_kernels.contact_detection load on device 'cuda:0' took 16.37 ms
Module pamo_safe_project.kernels.energy_kernels.distance_energy load on device 'cuda:0' took 21.03 ms
Module pamo_safe_project.kernels.energy_kernels.collision_energy load on device 'cuda:0' took 71.59 ms
Module pamo_safe_project.kernels.utils_kernels load on device 'cuda:0' took 3.08 ms
Module locality_gpu load on device 'cuda:0' took 0.75 ms
Module pamo_safe_project.kernels.solver_kernels load on device 'cuda:0' took 2.50 ms
Module warp.utils load on device 'cuda:0' took 1.30 ms
Module pamo_safe_project.kernels.distance_kernels.grad_funcs load on device 'cuda:0' took 16.70 ms
Module pamo_safe_project.kernels.distance_kernels.hessian_funcs load on device 'cuda:0' took 72.55 ms
Module pamo_safe_project.kernels.distance_kernels.distance_kernels load on device 'cuda:0' took 102.28 ms
Module pamo_safe_project.kernels.distance_kernels.grad_funcs_struct load on device 'cuda:0' took 15.66 ms
Module pamo_safe_project.kernels.distance_kernels.distance_kernels_struct load on device 'cuda:0' took 17.25 ms
Module pamo_safe_project.kernels.ccd_kernels load on device 'cuda:0' took 21.24 ms
Module pamo_safe_project.kernels.energy_kernels.lb_curvature_energy load on device 'cuda:0' took 3.11 ms
{"quality_generation_ms": 7.056662812829018, "requested_edge_length_mm": 0.005724131606582501, "actual_edge_length_mm": 1.52, "max_protected_edge_mm": 2.0, "active_fraction": 0.9559748427672956, "input_faces": 318, "output_faces": 152, "fp64_restoration_max_mm": 0.0, "iterations": 3, "fixed_contract_before_projection": {"passed": true, "external_faces": 14, "external_faces_retained": 14, "missing_fixed_vertices": 0}, "safe_projection_ms": 946.4351776987314, "projection_fp64_restoration_max_mm": 2.8492237696026065e-08, "collision_scope": "whole_mesh_author_energy_and_ccd", "fixed_contract": {"passed": true, "external_faces": 14, "external_faces_retained": 14, "missing_fixed_vertices": 0}, "method": "spatial", "maintenance_ms": 2558.546368032694, "status": "pending_independent_audit"}
