Warp 1.0.0-beta.2 initialized:
   CUDA Toolkit: 12.8, Driver: 13.2
   Devices:
     "cpu"    | x86_64
     "cuda:0" | NVIDIA GeForce RTX 4090 (sm_89)
   Kernel cache: /root/.cache/warp/1.0.0-beta.2
Module pamo_safe_project.kernels.geometry_kernels load on device 'cuda:0' took 17.01 ms
Module pamo_safe_project.kernels.energy_kernels.elastic_energy load on device 'cuda:0' took 12.09 ms
Module pamo_safe_project.kernels.energy_kernels.hinge_energy load on device 'cuda:0' took 26.48 ms
Module pamo_safe_project.kernels.energy_kernels.contact_detection load on device 'cuda:0' took 16.16 ms
Module pamo_safe_project.kernels.energy_kernels.distance_energy load on device 'cuda:0' took 21.37 ms
Module pamo_safe_project.kernels.energy_kernels.collision_energy load on device 'cuda:0' took 70.97 ms
Module pamo_safe_project.kernels.utils_kernels load on device 'cuda:0' took 3.11 ms
Module locality_gpu load on device 'cuda:0' took 0.75 ms
Module pamo_safe_project.kernels.solver_kernels load on device 'cuda:0' took 2.54 ms
Module warp.utils load on device 'cuda:0' took 1.42 ms
Module pamo_safe_project.kernels.distance_kernels.grad_funcs load on device 'cuda:0' took 21.69 ms
Module pamo_safe_project.kernels.distance_kernels.hessian_funcs load on device 'cuda:0' took 74.64 ms
Module pamo_safe_project.kernels.distance_kernels.distance_kernels load on device 'cuda:0' took 101.84 ms
Module pamo_safe_project.kernels.distance_kernels.grad_funcs_struct load on device 'cuda:0' took 15.92 ms
Module pamo_safe_project.kernels.distance_kernels.distance_kernels_struct load on device 'cuda:0' took 17.30 ms
Module pamo_safe_project.kernels.ccd_kernels load on device 'cuda:0' took 21.58 ms
Module pamo_safe_project.kernels.energy_kernels.lb_curvature_energy load on device 'cuda:0' took 3.16 ms
{"quality_generation_ms": 124.57630969583988, "requested_edge_length_mm": 0.006520084582032186, "actual_edge_length_mm": 0.1071635985148711, "max_protected_edge_mm": 0.1410047348879883, "active_fraction": 0.07901234567901234, "input_faces": 4860, "output_faces": 4688, "fp64_restoration_max_mm": 0.0, "iterations": 3, "fixed_contract_before_projection": {"passed": true, "external_faces": 4476, "external_faces_retained": 4476, "missing_fixed_vertices": 0}, "safe_projection_ms": 1064.2259940505028, "projection_fp64_restoration_max_mm": 5.7765273910987236e-08, "collision_scope": "whole_mesh_author_energy_and_ccd", "fixed_contract": {"passed": true, "external_faces": 4476, "external_faces_retained": 4476, "missing_fixed_vertices": 0}, "method": "spatial", "maintenance_ms": 3240.1924952864647, "status": "pending_independent_audit"}
