Warp 1.0.0-beta.2 initialized:
   CUDA Toolkit: 12.8, Driver: 13.2
   Devices:
     "cpu"    | x86_64
     "cuda:0" | NVIDIA GeForce RTX 4090 (sm_89)
   Kernel cache: /root/.cache/warp/1.0.0-beta.2
[33;20mWARNING - Triangle area is too small (min_area=2.5822158903847883e-12), may cause numerical instability (system.py:213)[0m
Module pamo_safe_project.kernels.geometry_kernels load on device 'cuda:0' took 20.49 ms
Module pamo_safe_project.kernels.energy_kernels.elastic_energy load on device 'cuda:0' took 10.89 ms
Module pamo_safe_project.kernels.energy_kernels.hinge_energy load on device 'cuda:0' took 27.05 ms
Module pamo_safe_project.kernels.energy_kernels.contact_detection load on device 'cuda:0' took 17.43 ms
Module pamo_safe_project.kernels.energy_kernels.distance_energy load on device 'cuda:0' took 23.31 ms
Module pamo_safe_project.kernels.energy_kernels.collision_energy load on device 'cuda:0' took 76.07 ms
Module pamo_safe_project.kernels.utils_kernels load on device 'cuda:0' took 5.05 ms
Module tangent_plane_gpu load on device 'cuda:0' took 3.10 ms
Module locality_gpu load on device 'cuda:0' took 2.21 ms
Module pamo_safe_project.kernels.solver_kernels load on device 'cuda:0' took 4.50 ms
Module warp.utils load on device 'cuda:0' took 2.21 ms
Module pamo_safe_project.kernels.distance_kernels.grad_funcs load on device 'cuda:0' took 17.41 ms
Module pamo_safe_project.kernels.distance_kernels.hessian_funcs load on device 'cuda:0' took 77.44 ms
Module pamo_safe_project.kernels.distance_kernels.distance_kernels load on device 'cuda:0' took 104.68 ms
Module pamo_safe_project.kernels.distance_kernels.grad_funcs_struct load on device 'cuda:0' took 18.86 ms
Module pamo_safe_project.kernels.distance_kernels.distance_kernels_struct load on device 'cuda:0' took 19.06 ms
Module pamo_safe_project.kernels.ccd_kernels load on device 'cuda:0' took 23.21 ms
Module pamo_safe_project.kernels.energy_kernels.lb_curvature_energy load on device 'cuda:0' took 4.36 ms
