Warp 1.0.0-beta.2 initialized:
   CUDA Toolkit: 12.8, Driver: 13.2
   Devices:
     "cpu"    | x86_64
     "cuda:0" | NVIDIA GeForce RTX 4090 (sm_89)
   Kernel cache: /root/.cache/warp/1.0.0-beta.2
[33;20mWARNING - Triangle area is too small (min_area=3.262544257463176e-19), may cause numerical instability (system.py:213)[0m
Module pamo_safe_project.kernels.geometry_kernels load on device 'cuda:0' took 17.08 ms
Module pamo_safe_project.kernels.energy_kernels.elastic_energy load on device 'cuda:0' took 18.21 ms
Module pamo_safe_project.kernels.energy_kernels.hinge_energy load on device 'cuda:0' took 26.58 ms
Module pamo_safe_project.kernels.energy_kernels.contact_detection load on device 'cuda:0' took 17.52 ms
Module pamo_safe_project.kernels.energy_kernels.distance_energy load on device 'cuda:0' took 21.34 ms
Module pamo_safe_project.kernels.energy_kernels.collision_energy load on device 'cuda:0' took 73.21 ms
Module pamo_safe_project.kernels.utils_kernels load on device 'cuda:0' took 3.18 ms
Module locality_gpu load on device 'cuda:0' took 0.81 ms
Module pamo_safe_project.kernels.solver_kernels load on device 'cuda:0' took 2.56 ms
Module warp.utils load on device 'cuda:0' took 1.41 ms
Module pamo_safe_project.kernels.distance_kernels.grad_funcs load on device 'cuda:0' took 17.03 ms
Module pamo_safe_project.kernels.distance_kernels.hessian_funcs load on device 'cuda:0' took 73.77 ms
Module pamo_safe_project.kernels.distance_kernels.distance_kernels load on device 'cuda:0' took 105.49 ms
Module pamo_safe_project.kernels.distance_kernels.grad_funcs_struct load on device 'cuda:0' took 15.91 ms
Module pamo_safe_project.kernels.distance_kernels.distance_kernels_struct load on device 'cuda:0' took 17.52 ms
Module pamo_safe_project.kernels.ccd_kernels load on device 'cuda:0' took 21.38 ms
Module pamo_safe_project.kernels.energy_kernels.lb_curvature_energy load on device 'cuda:0' took 3.20 ms
Traceback (most recent call last):
  File "/root/autodl-tmp/graduation_project/constrained_20261004_统一来源清理六路线反馈_a5d101f7efdc/run_constrained_worker.py", line 56, in <module>
    main()
  File "/root/autodl-tmp/graduation_project/constrained_20261004_统一来源清理六路线反馈_a5d101f7efdc/run_constrained_worker.py", line 47, in main
    raise RuntimeError("非有限或退化输出")
RuntimeError: 非有限或退化输出
