
==> 三维目标几何
.....
----------------------------------------------------------------------
Ran 5 tests in 0.172s

OK

==> Geogram基线适配
s
----------------------------------------------------------------------
Ran 0 tests in 0.000s

OK (skipped=1)

==> 竖直磨削分层
.....
----------------------------------------------------------------------
Ran 5 tests in 0.538s

OK

==> 计划裁剪特征重建
.........
----------------------------------------------------------------------
Ran 9 tests in 1.792s

OK

==> 共同运动记录
.....C:\Users\24848\Desktop\GraduationProject\.venv\Lib\site-packages\vtkmodules\util\numpy_support.py:244: DeprecationWarning: Setting the shape on a NumPy array has been deprecated in NumPy 2.5.
As an alternative, you can create a new view using np.reshape (with copy=False if needed).
  result.shape = shape
C:\Users\24848\Desktop\GraduationProject\.venv\Lib\site-packages\vtkmodules\util\numpy_support.py:244: DeprecationWarning: Setting the shape on a NumPy array has been deprecated in NumPy 2.5.
As an alternative, you can create a new view using np.reshape (with copy=False if needed).
  result.shape = shape
C:\Users\24848\Desktop\GraduationProject\.venv\Lib\site-packages\vtkmodules\util\numpy_support.py:244: DeprecationWarning: Setting the shape on a NumPy array has been deprecated in NumPy 2.5.
As an alternative, you can create a new view using np.reshape (with copy=False if needed).
  result.shape = shape
C:\Users\24848\Desktop\GraduationProject\.venv\Lib\site-packages\vtkmodules\util\numpy_support.py:244: DeprecationWarning: Setting the shape on a NumPy array has been deprecated in NumPy 2.5.
As an alternative, you can create a new view using np.reshape (with copy=False if needed).
  result.shape = shape
C:\Users\24848\Desktop\GraduationProject\.venv\Lib\site-packages\vtkmodules\util\numpy_support.py:244: DeprecationWarning: Setting the shape on a NumPy array has been deprecated in NumPy 2.5.
As an alternative, you can create a new view using np.reshape (with copy=False if needed).
  result.shape = shape
.C:\Users\24848\Desktop\GraduationProject\.venv\Lib\site-packages\vtkmodules\util\numpy_support.py:244: DeprecationWarning: Setting the shape on a NumPy array has been deprecated in NumPy 2.5.
As an alternative, you can create a new view using np.reshape (with copy=False if needed).
  result.shape = shape
C:\Users\24848\Desktop\GraduationProject\.venv\Lib\site-packages\vtkmodules\util\numpy_support.py:244: DeprecationWarning: Setting the shape on a NumPy array has been deprecated in NumPy 2.5.
As an alternative, you can create a new view using np.reshape (with copy=False if needed).
  result.shape = shape
C:\Users\24848\Desktop\GraduationProject\.venv\Lib\site-packages\vtkmodules\util\numpy_support.py:244: DeprecationWarning: Setting the shape on a NumPy array has been deprecated in NumPy 2.5.
As an alternative, you can create a new view using np.reshape (with copy=False if needed).
  result.shape = shape
C:\Users\24848\Desktop\GraduationProject\.venv\Lib\site-packages\vtkmodules\util\numpy_support.py:244: DeprecationWarning: Setting the shape on a NumPy array has been deprecated in NumPy 2.5.
As an alternative, you can create a new view using np.reshape (with copy=False if needed).
  result.shape = shape
C:\Users\24848\Desktop\GraduationProject\.venv\Lib\site-packages\vtkmodules\util\numpy_support.py:244: DeprecationWarning: Setting the shape on a NumPy array has been deprecated in NumPy 2.5.
As an alternative, you can create a new view using np.reshape (with copy=False if needed).
  result.shape = shape
C:\Users\24848\Desktop\GraduationProject\.venv\Lib\site-packages\vtkmodules\util\numpy_support.py:244: DeprecationWarning: Setting the shape on a NumPy array has been deprecated in NumPy 2.5.
As an alternative, you can create a new view using np.reshape (with copy=False if needed).
  result.shape = shape
C:\Users\24848\Desktop\GraduationProject\.venv\Lib\site-packages\vtkmodules\util\numpy_support.py:244: DeprecationWarning: Setting the shape on a NumPy array has been deprecated in NumPy 2.5.
As an alternative, you can create a new view using np.reshape (with copy=False if needed).
  result.shape = shape
C:\Users\24848\Desktop\GraduationProject\.venv\Lib\site-packages\vtkmodules\util\numpy_support.py:244: DeprecationWarning: Setting the shape on a NumPy array has been deprecated in NumPy 2.5.
As an alternative, you can create a new view using np.reshape (with copy=False if needed).
  result.shape = shape
........C:\Users\24848\Desktop\GraduationProject\.venv\Lib\site-packages\vtkmodules\util\numpy_support.py:244: DeprecationWarning: Setting the shape on a NumPy array has been deprecated in NumPy 2.5.
As an alternative, you can create a new view using np.reshape (with copy=False if needed).
  result.shape = shape
...
----------------------------------------------------------------------
Ran 17 tests in 12.100s

OK

==> 布尔局部维护边界
.....
----------------------------------------------------------------------
Ran 5 tests in 0.014s

OK

==> 布尔局部维护回退
........
----------------------------------------------------------------------
Ran 8 tests in 0.027s

OK

==> 布尔来源清理
.....
----------------------------------------------------------------------
Ran 5 tests in 0.002s

OK

==> 布尔来源恢复
C:\Users\24848\Desktop\GraduationProject\.venv\Lib\site-packages\vtkmodules\util\numpy_support.py:244: DeprecationWarning: Setting the shape on a NumPy array has been deprecated in NumPy 2.5.
As an alternative, you can create a new view using np.reshape (with copy=False if needed).
  result.shape = shape
....
----------------------------------------------------------------------
Ran 4 tests in 0.006s

OK

==> 自适应接缝与回滚
..C:\Users\24848\Desktop\GraduationProject\.venv\Lib\site-packages\vtkmodules\util\numpy_support.py:244: DeprecationWarning: Setting the shape on a NumPy array has been deprecated in NumPy 2.5.
As an alternative, you can create a new view using np.reshape (with copy=False if needed).
  result.shape = shape
.
----------------------------------------------------------------------
Ran 3 tests in 0.008s

OK

==> 共面质量与固定边
.....
----------------------------------------------------------------------
Ran 5 tests in 0.004s

OK

==> 可复用磨削资产
..
----------------------------------------------------------------------
Ran 2 tests in 0.055s

OK

==> 共面区域与孔洞
......
----------------------------------------------------------------------
Ran 6 tests in 0.024s

OK

==> 正面积输入诊断
....
----------------------------------------------------------------------
Ran 4 tests in 0.008s

OK

==> 精确共享接触复核
.........
----------------------------------------------------------------------
Ran 9 tests in 0.009s

OK

==> 共同来源保留与核对
..C:\Users\24848\Desktop\GraduationProject\.venv\Lib\site-packages\vtkmodules\util\numpy_support.py:244: DeprecationWarning: Setting the shape on a NumPy array has been deprecated in NumPy 2.5.
As an alternative, you can create a new view using np.reshape (with copy=False if needed).
  result.shape = shape
.....
----------------------------------------------------------------------
Ran 7 tests in 0.013s

OK

==> 独立参照重放范围
...
----------------------------------------------------------------------
Ran 3 tests in 0.000s

OK

==> 独立参照恢复与缓存
C:\Users\24848\Desktop\GraduationProject\.venv\Lib\site-packages\vtkmodules\util\numpy_support.py:244: DeprecationWarning: Setting the shape on a NumPy array has been deprecated in NumPy 2.5.
As an alternative, you can create a new view using np.reshape (with copy=False if needed).
  result.shape = shape
......C:\Users\24848\Desktop\GraduationProject\.venv\Lib\site-packages\trimesh\triangles.py:302: RuntimeWarning: invalid value encountered in divide
  center_mass = integrated[1:4] / volume
.
----------------------------------------------------------------------
Ran 7 tests in 0.073s

OK

==> 相邻小面受约束折叠
...
----------------------------------------------------------------------
Ran 3 tests in 0.003s

OK

==> 同来源反向面抵消
.....C:\Users\24848\Desktop\GraduationProject\.venv\Lib\site-packages\vtkmodules\util\numpy_support.py:244: DeprecationWarning: Setting the shape on a NumPy array has been deprecated in NumPy 2.5.
As an alternative, you can create a new view using np.reshape (with copy=False if needed).
  result.shape = shape
..
----------------------------------------------------------------------
Ran 7 tests in 9.474s

OK

==> 点三角形有理数参照
....
----------------------------------------------------------------------
Ran 4 tests in 0.019s

OK

==> 点三角形梯度参照
....
----------------------------------------------------------------------
Ran 4 tests in 0.019s

OK

==> 冻结评价清单核对
...
----------------------------------------------------------------------
Ran 3 tests in 0.018s

OK

==> 来源约束v3冻结证据
..
----------------------------------------------------------------------
Ran 2 tests in 0.001s

OK

==> 真实CT状态边界
....
----------------------------------------------------------------------
Ran 4 tests in 0.574s

OK

==> 持续状态时间线
...
----------------------------------------------------------------------
Ran 3 tests in 0.000s

OK

==> 解析局部重建
......
----------------------------------------------------------------------
Ran 6 tests in 1.163s

OK

==> 真实骨面投影
.......
----------------------------------------------------------------------
Ran 7 tests in 0.008s

OK

==> 真实骨面拼接
....
----------------------------------------------------------------------
Ran 4 tests in 0.116s

OK

==> 边界过渡带
......
----------------------------------------------------------------------
Ran 6 tests in 0.019s

OK

==> 局部适用域
......
----------------------------------------------------------------------
Ran 6 tests in 0.002s

OK

==> 研究结果映射
...
----------------------------------------------------------------------
Ran 3 tests in 0.005s

OK

==> 轨迹覆盖
..
----------------------------------------------------------------------
Ran 2 tests in 0.018s

OK

==> 增量缓存
...
----------------------------------------------------------------------
Ran 3 tests in 0.411s

OK

==> 默认在线算法
step 1 True 25.92635114054054 0.09470902688721816
step 2 True 25.92635114054054 0.09470902688721816
step 3 True 25.92635114054054 0.09470902688721816
step 4 True 25.92635114054054 0.09470902688721816
step 5 True 25.92635114054054 0.09470902688721816
step 6 True 25.92635114054054 0.09470902688721816
step 7 True 25.92635114054054 0.09470902688721816
step 8 True 25.92635114054054 0.09470902688721816
step 9 True 25.92635114054054 0.09470902688721816
step 10 True 25.92635114054054 0.09470902688721816
step 11 True 25.92635114054054 0.09470902688721816
step 12 True 25.92635114054054 0.09470902688721816
step 13 True 25.92635114054054 0.09470902688721816
step 14 True 25.92635114054054 0.09470902688721816
step 15 True 25.92635114054054 0.09470902688721816
step 16 True 25.92635114054054 0.09470902688721816
step 1 True 25.92635114054054 0.09470902688721816
step 1 False 25.92635114054054 0.09470902688721816
....
----------------------------------------------------------------------
Ran 4 tests in 47.939s

OK

完成：35/35 组通过
