only got 16163/16384 samples!
Stage1 :  True
Stage3 :  True
Warp 1.0.0-beta.2 initialized:
   CUDA Toolkit: 12.8, Driver: 13.2
   Devices:
     "cpu"    | x86_64
     "cuda:0" | NVIDIA GeForce RTX 4090 (sm_89)
   Kernel cache: /root/.cache/warp/1.0.0-beta.2
Target faces : 1268
Time for Remeshing: 0.07873368263244629 sec
Time for Simplification: 0.26522302627563477 sec
Module pamo_safe_project.kernels.geometry_kernels load on device 'cuda:0' took 11.95 ms
Module pamo_safe_project.kernels.energy_kernels.elastic_energy load on device 'cuda:0' took 10.80 ms
Module pamo_safe_project.kernels.energy_kernels.hinge_energy load on device 'cuda:0' took 26.08 ms
Module pamo_safe_project.kernels.energy_kernels.contact_detection load on device 'cuda:0' took 15.67 ms
Module pamo_safe_project.kernels.energy_kernels.distance_energy load on device 'cuda:0' took 20.77 ms
Module pamo_safe_project.kernels.energy_kernels.collision_energy load on device 'cuda:0' took 70.51 ms
Module pamo_safe_project.kernels.utils_kernels load on device 'cuda:0' took 3.10 ms
Module pamo_safe_project.kernels.solver_kernels load on device 'cuda:0' took 2.51 ms
Module warp.utils load on device 'cuda:0' took 1.30 ms
Module pamo_safe_project.kernels.distance_kernels.grad_funcs load on device 'cuda:0' took 16.54 ms
Module pamo_safe_project.kernels.distance_kernels.hessian_funcs load on device 'cuda:0' took 71.80 ms
Module pamo_safe_project.kernels.distance_kernels.distance_kernels load on device 'cuda:0' took 100.81 ms
Module pamo_safe_project.kernels.distance_kernels.grad_funcs_struct load on device 'cuda:0' took 15.39 ms
Module pamo_safe_project.kernels.distance_kernels.distance_kernels_struct load on device 'cuda:0' took 17.09 ms
Module pamo_safe_project.kernels.ccd_kernels load on device 'cuda:0' took 21.17 ms
Module pamo_safe_project.kernels.energy_kernels.lb_curvature_energy load on device 'cuda:0' took 3.73 ms
Module locality_gpu load on device 'cuda:0' took 0.84 ms
