only got 15925/16384 samples!
Warp 1.0.0-beta.2 initialized:
   CUDA Toolkit: 12.8, Driver: 13.2
   Devices:
     "cpu"    | x86_64
     "cuda:0" | NVIDIA GeForce RTX 4090 (sm_89)
   Kernel cache: /root/.cache/warp/1.0.0-beta.2
[33;20mWARNING - Triangle area is too small (min_area=9.777478350270415e-13), may cause numerical instability (system.py:213)[0m
Module pamo_safe_project.kernels.geometry_kernels load on device 'cuda:0' took 20.88 ms
Module pamo_safe_project.kernels.energy_kernels.elastic_energy load on device 'cuda:0' took 12.55 ms
Module pamo_safe_project.kernels.energy_kernels.hinge_energy load on device 'cuda:0' took 27.79 ms
Module pamo_safe_project.kernels.energy_kernels.contact_detection load on device 'cuda:0' took 17.01 ms
Module pamo_safe_project.kernels.energy_kernels.distance_energy load on device 'cuda:0' took 21.22 ms
Module pamo_safe_project.kernels.energy_kernels.collision_energy load on device 'cuda:0' took 71.87 ms
Module pamo_safe_project.kernels.utils_kernels load on device 'cuda:0' took 4.73 ms
Module tangent_plane_gpu load on device 'cuda:0' took 2.59 ms
Module locality_gpu load on device 'cuda:0' took 2.19 ms
Traceback (most recent call last):
  File "/root/autodl-tmp/graduation_project/constrained_20261004_薄壁一号非有限梯度能量归因_f8d52ffa0c2c/diagnostic.py", line 40, in <module>
    runpy.run_path(os.environ["ORIGINAL_PLANAR_WORKER"],run_name="__main__")
  File "<frozen runpy>", line 286, in run_path
  File "<frozen runpy>", line 98, in _run_module_code
  File "<frozen runpy>", line 88, in _run_code
  File "/root/autodl-tmp/graduation_project/constrained_20261004_共同来源碎片修复多形状开发_09726fb2def8/run_constrained_worker.py", line 75, in <module>
    main()
  File "/root/autodl-tmp/graduation_project/constrained_20261004_共同来源碎片修复多形状开发_09726fb2def8/run_constrained_worker.py", line 52, in main
    result, projection = project_on_planes(source, mesh, fixed,
                         ^^^^^^^^^^^^^^^^^^^^^^^^^^^^^^^^^^^^^^
  File "/root/autodl-tmp/graduation_project/constrained_20261004_共同来源碎片修复多形状开发_09726fb2def8/tangent_plane_gpu.py", line 85, in project_on_planes
    points, faces = process(source.vertices, source.faces, mesh.vertices, mesh.faces, 5, system=system, config=config)
                    ^^^^^^^^^^^^^^^^^^^^^^^^^^^^^^^^^^^^^^^^^^^^^^^^^^^^^^^^^^^^^^^^^^^^^^^^^^^^^^^^^^^^^^^^^^^^^^^^^^
  File "/root/autodl-tmp/graduation_project/pamo_quality_20260927_015556_807159_retry3/venv/lib/python3.12/site-packages/pamo_safe_project/processing.py", line 87, in process
    system.step()
  File "/root/autodl-tmp/graduation_project/pamo_quality_20260927_015556_807159_retry3/venv/lib/python3.12/site-packages/pamo_safe_project/system.py", line 442, in step
    self.cg_solver.solve()
  File "/root/autodl-tmp/graduation_project/constrained_20261004_薄壁一号非有限梯度能量归因_f8d52ffa0c2c/diagnostic.py", line 18, in diagnostic_solve
    original_solve(self)
  File "/root/autodl-tmp/graduation_project/constrained_20261004_共同来源碎片修复多形状开发_09726fb2def8/tangent_plane_gpu.py", line 38, in solve
    raise RuntimeError("切平面约束梯度非有限")
RuntimeError: 切平面约束梯度非有限
