Stage1 :  True
Stage3 :  True
Warp 1.0.0-beta.2 initialized:
   CUDA Toolkit: 12.8, Driver: 13.2
   Devices:
     "cpu"    | x86_64
     "cuda:0" | NVIDIA GeForce RTX 4080 SUPER (sm_89)
   Kernel cache: /root/.cache/warp/1.0.0-beta.2
Target faces : 2110
Time for Remeshing: 0.09014439582824707 sec
Time for Simplification: 1.788642168045044 sec
Module pamo_safe_project.kernels.geometry_kernels load on device 'cuda:0' took 27.21 ms
Module pamo_safe_project.kernels.energy_kernels.elastic_energy load on device 'cuda:0' took 21.29 ms
Module pamo_safe_project.kernels.energy_kernels.hinge_energy load on device 'cuda:0' took 55.96 ms
Module pamo_safe_project.kernels.energy_kernels.contact_detection load on device 'cuda:0' took 32.96 ms
Module pamo_safe_project.kernels.energy_kernels.distance_energy load on device 'cuda:0' took 45.39 ms
Module pamo_safe_project.kernels.energy_kernels.collision_energy load on device 'cuda:0' took 142.53 ms
Module pamo_safe_project.kernels.utils_kernels load on device 'cuda:0' took 5.95 ms
Module pamo_safe_project.kernels.solver_kernels load on device 'cuda:0' took 4.86 ms
Module warp.utils load on device 'cuda:0' took 2.45 ms
Module pamo_safe_project.kernels.distance_kernels.grad_funcs load on device 'cuda:0' took 33.00 ms
Module pamo_safe_project.kernels.distance_kernels.hessian_funcs load on device 'cuda:0' took 152.98 ms
Module pamo_safe_project.kernels.distance_kernels.distance_kernels load on device 'cuda:0' took 314.25 ms
Module pamo_safe_project.kernels.distance_kernels.grad_funcs_struct load on device 'cuda:0' took 32.60 ms
Module pamo_safe_project.kernels.distance_kernels.distance_kernels_struct load on device 'cuda:0' took 33.84 ms
Module pamo_safe_project.kernels.ccd_kernels load on device 'cuda:0' took 40.61 ms
Module pamo_safe_project.kernels.energy_kernels.lb_curvature_energy load on device 'cuda:0' took 7.28 ms
Module locality_gpu load on device 'cuda:0' took 1.50 ms
{"pamo_run_ms": 3534.880534745753, "stage1": "original", "method": "full", "maintenance_ms": 6399.548403918743, "status": "pending_independent_audit"}
