# of input verts : 145491
# of input faces : 249680
Stage1 :  True
Stage3 :  True
Warp 1.0.0-beta.2 initialized:
   CUDA Toolkit: 12.8, Driver: 13.2
   Devices:
     "cpu"    | x86_64
     "cuda:0" | NVIDIA GeForce RTX 4080 SUPER (sm_89)
   Kernel cache: /root/.cache/warp/1.0.0-beta.2
Target faces : 249
Time for Remeshing: 0.13177824020385742 sec
Not enough edges available to be collapsed.
Time for Simplification: 0.3603055477142334 sec
Module pamo_safe_project.kernels.geometry_kernels load on device 'cuda:0' took 2623.67 ms
Module pamo_safe_project.kernels.energy_kernels.elastic_energy load on device 'cuda:0' took 1397.78 ms
Module pamo_safe_project.kernels.energy_kernels.hinge_energy load on device 'cuda:0' took 7057.05 ms
Module pamo_safe_project.kernels.energy_kernels.contact_detection load on device 'cuda:0' took 3593.04 ms
Module pamo_safe_project.kernels.energy_kernels.distance_energy load on device 'cuda:0' took 1895.98 ms
Module pamo_safe_project.kernels.energy_kernels.collision_energy load on device 'cuda:0' took 10705.41 ms
Module pamo_safe_project.kernels.utils_kernels load on device 'cuda:0' took 1645.03 ms
Module pamo_safe_project.kernels.solver_kernels load on device 'cuda:0' took 407.15 ms
Module warp.utils load on device 'cuda:0' took 398.37 ms
Module pamo_safe_project.kernels.distance_kernels.grad_funcs load on device 'cuda:0' took 200.25 ms
Module pamo_safe_project.kernels.distance_kernels.hessian_funcs load on device 'cuda:0' took 414.66 ms
Module pamo_safe_project.kernels.distance_kernels.distance_kernels load on device 'cuda:0' took 539.14 ms
Module pamo_safe_project.kernels.distance_kernels.grad_funcs_struct load on device 'cuda:0' took 191.46 ms
Module pamo_safe_project.kernels.distance_kernels.distance_kernels_struct load on device 'cuda:0' took 195.32 ms
Module pamo_safe_project.kernels.ccd_kernels load on device 'cuda:0' took 3975.74 ms
Module pamo_safe_project.kernels.energy_kernels.lb_curvature_energy load on device 'cuda:0' took 386.95 ms
Total time:  37.028815031051636
# of output verts : 160
# of output faces : 324
