Namespace(msvc_path=None, sdk_path=None, cuda_path='/usr/local/cuda', mode='release', verbose=True, verify_fp=False, fast_math=False, quick=False, build_llvm=False, debug_llvm=False, standalone=True)
Building /root/autodl-tmp/graduation_project/pamo_quality_20260927_015556_807159_retry3/pamo/simp_cuda/safe_project/warp_/warp/bin/warp.so
g++  -O3 -DNDEBUG -DWP_ENABLE_DEBUG=0 -DWP_ENABLE_CUDA=1 -DWP_ENABLE_CUTLASS=1 -DWP_ENABLE_CUDA_COMPATIBILITY=1 -fPIC -fvisibility=hidden --std=c++14 -D_GLIBCXX_USE_CXX11_ABI=0 -I"/root/autodl-tmp/graduation_project/pamo_quality_20260927_015556_807159_retry3/pamo/simp_cuda/safe_project/warp_/warp/native"  -I"/root/autodl-tmp/graduation_project/pamo_quality_20260927_015556_807159_retry3/pamo/simp_cuda/safe_project/warp_/external/llvm-project/out/install/release-x86_64/include" -I"/root/autodl-tmp/graduation_project/pamo_quality_20260927_015556_807159_retry3/pamo/simp_cuda/safe_project/warp_/_build/host-deps/llvm-project/release-x86_64/include" -I"/usr/local/cuda/include" -c "/root/autodl-tmp/graduation_project/pamo_quality_20260927_015556_807159_retry3/pamo/simp_cuda/safe_project/warp_/warp/native/warp.cpp" -o "/root/autodl-tmp/graduation_project/pamo_quality_20260927_015556_807159_retry3/pamo/simp_cuda/safe_project/warp_/warp/native/warp.cpp.o"
g++  -O3 -DNDEBUG -DWP_ENABLE_DEBUG=0 -DWP_ENABLE_CUDA=1 -DWP_ENABLE_CUTLASS=1 -DWP_ENABLE_CUDA_COMPATIBILITY=1 -fPIC -fvisibility=hidden --std=c++14 -D_GLIBCXX_USE_CXX11_ABI=0 -I"/root/autodl-tmp/graduation_project/pamo_quality_20260927_015556_807159_retry3/pamo/simp_cuda/safe_project/warp_/warp/native"  -I"/root/autodl-tmp/graduation_project/pamo_quality_20260927_015556_807159_retry3/pamo/simp_cuda/safe_project/warp_/external/llvm-project/out/install/release-x86_64/include" -I"/root/autodl-tmp/graduation_project/pamo_quality_20260927_015556_807159_retry3/pamo/simp_cuda/safe_project/warp_/_build/host-deps/llvm-project/release-x86_64/include" -I"/usr/local/cuda/include" -c "/root/autodl-tmp/graduation_project/pamo_quality_20260927_015556_807159_retry3/pamo/simp_cuda/safe_project/warp_/warp/native/crt.cpp" -o "/root/autodl-tmp/graduation_project/pamo_quality_20260927_015556_807159_retry3/pamo/simp_cuda/safe_project/warp_/warp/native/crt.cpp.o"
g++  -O3 -DNDEBUG -DWP_ENABLE_DEBUG=0 -DWP_ENABLE_CUDA=1 -DWP_ENABLE_CUTLASS=1 -DWP_ENABLE_CUDA_COMPATIBILITY=1 -fPIC -fvisibility=hidden --std=c++14 -D_GLIBCXX_USE_CXX11_ABI=0 -I"/root/autodl-tmp/graduation_project/pamo_quality_20260927_015556_807159_retry3/pamo/simp_cuda/safe_project/warp_/warp/native"  -I"/root/autodl-tmp/graduation_project/pamo_quality_20260927_015556_807159_retry3/pamo/simp_cuda/safe_project/warp_/external/llvm-project/out/install/release-x86_64/include" -I"/root/autodl-tmp/graduation_project/pamo_quality_20260927_015556_807159_retry3/pamo/simp_cuda/safe_project/warp_/_build/host-deps/llvm-project/release-x86_64/include" -I"/usr/local/cuda/include" -c "/root/autodl-tmp/graduation_project/pamo_quality_20260927_015556_807159_retry3/pamo/simp_cuda/safe_project/warp_/warp/native/cuda_util.cpp" -o "/root/autodl-tmp/graduation_project/pamo_quality_20260927_015556_807159_retry3/pamo/simp_cuda/safe_project/warp_/warp/native/cuda_util.cpp.o"
g++  -O3 -DNDEBUG -DWP_ENABLE_DEBUG=0 -DWP_ENABLE_CUDA=1 -DWP_ENABLE_CUTLASS=1 -DWP_ENABLE_CUDA_COMPATIBILITY=1 -fPIC -fvisibility=hidden --std=c++14 -D_GLIBCXX_USE_CXX11_ABI=0 -I"/root/autodl-tmp/graduation_project/pamo_quality_20260927_015556_807159_retry3/pamo/simp_cuda/safe_project/warp_/warp/native"  -I"/root/autodl-tmp/graduation_project/pamo_quality_20260927_015556_807159_retry3/pamo/simp_cuda/safe_project/warp_/external/llvm-project/out/install/release-x86_64/include" -I"/root/autodl-tmp/graduation_project/pamo_quality_20260927_015556_807159_retry3/pamo/simp_cuda/safe_project/warp_/_build/host-deps/llvm-project/release-x86_64/include" -I"/usr/local/cuda/include" -c "/root/autodl-tmp/graduation_project/pamo_quality_20260927_015556_807159_retry3/pamo/simp_cuda/safe_project/warp_/warp/native/mesh.cpp" -o "/root/autodl-tmp/graduation_project/pamo_quality_20260927_015556_807159_retry3/pamo/simp_cuda/safe_project/warp_/warp/native/mesh.cpp.o"
g++  -O3 -DNDEBUG -DWP_ENABLE_DEBUG=0 -DWP_ENABLE_CUDA=1 -DWP_ENABLE_CUTLASS=1 -DWP_ENABLE_CUDA_COMPATIBILITY=1 -fPIC -fvisibility=hidden --std=c++14 -D_GLIBCXX_USE_CXX11_ABI=0 -I"/root/autodl-tmp/graduation_project/pamo_quality_20260927_015556_807159_retry3/pamo/simp_cuda/safe_project/warp_/warp/native"  -I"/root/autodl-tmp/graduation_project/pamo_quality_20260927_015556_807159_retry3/pamo/simp_cuda/safe_project/warp_/external/llvm-project/out/install/release-x86_64/include" -I"/root/autodl-tmp/graduation_project/pamo_quality_20260927_015556_807159_retry3/pamo/simp_cuda/safe_project/warp_/_build/host-deps/llvm-project/release-x86_64/include" -I"/usr/local/cuda/include" -c "/root/autodl-tmp/graduation_project/pamo_quality_20260927_015556_807159_retry3/pamo/simp_cuda/safe_project/warp_/warp/native/hashgrid.cpp" -o "/root/autodl-tmp/graduation_project/pamo_quality_20260927_015556_807159_retry3/pamo/simp_cuda/safe_project/warp_/warp/native/hashgrid.cpp.o"
g++  -O3 -DNDEBUG -DWP_ENABLE_DEBUG=0 -DWP_ENABLE_CUDA=1 -DWP_ENABLE_CUTLASS=1 -DWP_ENABLE_CUDA_COMPATIBILITY=1 -fPIC -fvisibility=hidden --std=c++14 -D_GLIBCXX_USE_CXX11_ABI=0 -I"/root/autodl-tmp/graduation_project/pamo_quality_20260927_015556_807159_retry3/pamo/simp_cuda/safe_project/warp_/warp/native"  -I"/root/autodl-tmp/graduation_project/pamo_quality_20260927_015556_807159_retry3/pamo/simp_cuda/safe_project/warp_/external/llvm-project/out/install/release-x86_64/include" -I"/root/autodl-tmp/graduation_project/pamo_quality_20260927_015556_807159_retry3/pamo/simp_cuda/safe_project/warp_/_build/host-deps/llvm-project/release-x86_64/include" -I"/usr/local/cuda/include" -c "/root/autodl-tmp/graduation_project/pamo_quality_20260927_015556_807159_retry3/pamo/simp_cuda/safe_project/warp_/warp/native/reduce.cpp" -o "/root/autodl-tmp/graduation_project/pamo_quality_20260927_015556_807159_retry3/pamo/simp_cuda/safe_project/warp_/warp/native/reduce.cpp.o"
g++  -O3 -DNDEBUG -DWP_ENABLE_DEBUG=0 -DWP_ENABLE_CUDA=1 -DWP_ENABLE_CUTLASS=1 -DWP_ENABLE_CUDA_COMPATIBILITY=1 -fPIC -fvisibility=hidden --std=c++14 -D_GLIBCXX_USE_CXX11_ABI=0 -I"/root/autodl-tmp/graduation_project/pamo_quality_20260927_015556_807159_retry3/pamo/simp_cuda/safe_project/warp_/warp/native"  -I"/root/autodl-tmp/graduation_project/pamo_quality_20260927_015556_807159_retry3/pamo/simp_cuda/safe_project/warp_/external/llvm-project/out/install/release-x86_64/include" -I"/root/autodl-tmp/graduation_project/pamo_quality_20260927_015556_807159_retry3/pamo/simp_cuda/safe_project/warp_/_build/host-deps/llvm-project/release-x86_64/include" -I"/usr/local/cuda/include" -c "/root/autodl-tmp/graduation_project/pamo_quality_20260927_015556_807159_retry3/pamo/simp_cuda/safe_project/warp_/warp/native/runlength_encode.cpp" -o "/root/autodl-tmp/graduation_project/pamo_quality_20260927_015556_807159_retry3/pamo/simp_cuda/safe_project/warp_/warp/native/runlength_encode.cpp.o"
g++  -O3 -DNDEBUG -DWP_ENABLE_DEBUG=0 -DWP_ENABLE_CUDA=1 -DWP_ENABLE_CUTLASS=1 -DWP_ENABLE_CUDA_COMPATIBILITY=1 -fPIC -fvisibility=hidden --std=c++14 -D_GLIBCXX_USE_CXX11_ABI=0 -I"/root/autodl-tmp/graduation_project/pamo_quality_20260927_015556_807159_retry3/pamo/simp_cuda/safe_project/warp_/warp/native"  -I"/root/autodl-tmp/graduation_project/pamo_quality_20260927_015556_807159_retry3/pamo/simp_cuda/safe_project/warp_/external/llvm-project/out/install/release-x86_64/include" -I"/root/autodl-tmp/graduation_project/pamo_quality_20260927_015556_807159_retry3/pamo/simp_cuda/safe_project/warp_/_build/host-deps/llvm-project/release-x86_64/include" -I"/usr/local/cuda/include" -c "/root/autodl-tmp/graduation_project/pamo_quality_20260927_015556_807159_retry3/pamo/simp_cuda/safe_project/warp_/warp/native/sort.cpp" -o "/root/autodl-tmp/graduation_project/pamo_quality_20260927_015556_807159_retry3/pamo/simp_cuda/safe_project/warp_/warp/native/sort.cpp.o"
nvcc warning : Support for offline compilation for architectures prior to '<compute/sm/lto>_75' will be removed in a future release (Use -Wno-deprecated-gpu-targets to suppress warning).
/root/autodl-tmp/graduation_project/pamo_quality_20260927_015556_807159_retry3/pamo/simp_cuda/safe_project/warp_/warp/native/warp.cu(612): warning #550-D: variable "src_grad" was set but never used
      const void* src_grad = 
                  ^

Remark: The warnings can be suppressed with "-diag-suppress <warning-number>"

/root/autodl-tmp/graduation_project/pamo_quality_20260927_015556_807159_retry3/pamo/simp_cuda/safe_project/warp_/warp/native/warp.cu(614): warning #550-D: variable "dst_grad" was set but never used
      void* dst_grad = 
            ^

/root/autodl-tmp/graduation_project/pamo_quality_20260927_015556_807159_retry3/pamo/simp_cuda/safe_project/warp_/warp/native/warp.cu(612): warning #550-D: variable "src_grad" was set but never used
      const void* src_grad = 
                  ^

Remark: The warnings can be suppressed with "-diag-suppress <warning-number>"

/root/autodl-tmp/graduation_project/pamo_quality_20260927_015556_807159_retry3/pamo/simp_cuda/safe_project/warp_/warp/native/warp.cu(614): warning #550-D: variable "dst_grad" was set but never used
      void* dst_grad = 
            ^

/root/autodl-tmp/graduation_project/pamo_quality_20260927_015556_807159_retry3/pamo/simp_cuda/safe_project/warp_/warp/native/warp.cu(612): warning #550-D: variable "src_grad" was set but never used
      const void* src_grad = 
                  ^

Remark: The warnings can be suppressed with "-diag-suppress <warning-number>"

/root/autodl-tmp/graduation_project/pamo_quality_20260927_015556_807159_retry3/pamo/simp_cuda/safe_project/warp_/warp/native/warp.cu(614): warning #550-D: variable "dst_grad" was set but never used
      void* dst_grad = 
            ^

/root/autodl-tmp/graduation_project/pamo_quality_20260927_015556_807159_retry3/pamo/simp_cuda/safe_project/warp_/warp/native/warp.cu(612): warning #550-D: variable "src_grad" was set but never used
      const void* src_grad = 
                  ^

Remark: The warnings can be suppressed with "-diag-suppress <warning-number>"

/root/autodl-tmp/graduation_project/pamo_quality_20260927_015556_807159_retry3/pamo/simp_cuda/safe_project/warp_/warp/native/warp.cu(614): warning #550-D: variable "dst_grad" was set but never used
      void* dst_grad = 
            ^

/root/autodl-tmp/graduation_project/pamo_quality_20260927_015556_807159_retry3/pamo/simp_cuda/safe_project/warp_/warp/native/warp.cu(612): warning #550-D: variable "src_grad" was set but never used
      const void* src_grad = 
                  ^

Remark: The warnings can be suppressed with "-diag-suppress <warning-number>"

/root/autodl-tmp/graduation_project/pamo_quality_20260927_015556_807159_retry3/pamo/simp_cuda/safe_project/warp_/warp/native/warp.cu(614): warning #550-D: variable "dst_grad" was set but never used
      void* dst_grad = 
            ^

/root/autodl-tmp/graduation_project/pamo_quality_20260927_015556_807159_retry3/pamo/simp_cuda/safe_project/warp_/warp/native/warp.cu(612): warning #550-D: variable "src_grad" was set but never used
      const void* src_grad = 
                  ^

Remark: The warnings can be suppressed with "-diag-suppress <warning-number>"

/root/autodl-tmp/graduation_project/pamo_quality_20260927_015556_807159_retry3/pamo/simp_cuda/safe_project/warp_/warp/native/warp.cu(614): warning #550-D: variable "dst_grad" was set but never used
      void* dst_grad = 
            ^

/root/autodl-tmp/graduation_project/pamo_quality_20260927_015556_807159_retry3/pamo/simp_cuda/safe_project/warp_/warp/native/warp.cu(612): warning #550-D: variable "src_grad" was set but never used
      const void* src_grad = 
                  ^

Remark: The warnings can be suppressed with "-diag-suppress <warning-number>"

/root/autodl-tmp/graduation_project/pamo_quality_20260927_015556_807159_retry3/pamo/simp_cuda/safe_project/warp_/warp/native/warp.cu(614): warning #550-D: variable "dst_grad" was set but never used
      void* dst_grad = 
            ^

/root/autodl-tmp/graduation_project/pamo_quality_20260927_015556_807159_retry3/pamo/simp_cuda/safe_project/warp_/warp/native/warp.cu(612): warning #550-D: variable "src_grad" was set but never used
      const void* src_grad = 
                  ^

Remark: The warnings can be suppressed with "-diag-suppress <warning-number>"

/root/autodl-tmp/graduation_project/pamo_quality_20260927_015556_807159_retry3/pamo/simp_cuda/safe_project/warp_/warp/native/warp.cu(614): warning #550-D: variable "dst_grad" was set but never used
      void* dst_grad = 
            ^

/root/autodl-tmp/graduation_project/pamo_quality_20260927_015556_807159_retry3/pamo/simp_cuda/safe_project/warp_/warp/native/warp.cu(612): warning #550-D: variable "src_grad" was set but never used
      const void* src_grad = 
                  ^

Remark: The warnings can be suppressed with "-diag-suppress <warning-number>"

/root/autodl-tmp/graduation_project/pamo_quality_20260927_015556_807159_retry3/pamo/simp_cuda/safe_project/warp_/warp/native/warp.cu(614): warning #550-D: variable "dst_grad" was set but never used
      void* dst_grad = 
            ^

Creating packman packages cache at /root/.cache/packman
Fetching python@3.10.5-1-linux-x86_64.tar.gz from bootstrap.packman.nvidia.com ...
Unpacking python
Fetching packman-common@7.5.zip from bootstrap.packman.nvidia.com ...
Unpacking ...
Package successfully installed to /root/.cache/packman/packman-common/7.5
Package 'clang+llvm-warp' at version '15.0.7-linux-x86_64-ptx-gcc7.5-cxx11abi0' is missing from local storage.
Downloading from https://d4i3qtqj3r0z5.cloudfront.net/clang%2Bllvm-warp%4015.0.7-linux-x86_64-ptx-gcc7.5-cxx11abi0.7z (34.48 MiB)
No continuous progress report because this is not a proper terminal. Be patient ...
100% (speed 84.6 mb/s)
Total of 3.42 seconds
Package '7za' at version '22.01-1' is missing from local storage.
Downloading from https://bootstrap.packman.nvidia.com/7za%4022.01-1.zip (3.376 MiB)
No continuous progress report because this is not a proper terminal. Be patient ...
100% (speed 25.0 mb/s)
Total of 1.13 seconds
Extracting: 7za@22.01-1.zip (7.343 MiB)
No continuous progress report because this is not a proper terminal. Be patient ...
100% (speed 845 mb/s)
Total of 0.07 seconds
Package successfully installed to /root/.cache/packman/chk/7za/22.01-1
No continuous progress report because this is not a proper terminal. Patience is a virtue ...
Extracting: clang+llvm-warp@15.0.7-linux-x86_64-ptx-gcc7.5-cxx11abi0.7z (34.48 MiB)
No continuous progress report because this is not a proper terminal. Patience is a virtue ...

100% (speed 1.17 gb/s)
Total of 2.57 seconds
Output size: 357.7 MiB
Package successfully installed to /root/.cache/packman/chk/clang+llvm-warp/15.0.7-linux-x86_64-ptx-gcc7.5-cxx11abi0
g++  -O3 -DNDEBUG -DWP_ENABLE_DEBUG=0 -DWP_ENABLE_CUDA=1 -DWP_ENABLE_CUTLASS=1 -DWP_ENABLE_CUDA_COMPATIBILITY=1 -fPIC -fvisibility=hidden --std=c++14 -D_GLIBCXX_USE_CXX11_ABI=0 -I"/root/autodl-tmp/graduation_project/pamo_quality_20260927_015556_807159_retry3/pamo/simp_cuda/safe_project/warp_/warp/native"  -I"/root/autodl-tmp/graduation_project/pamo_quality_20260927_015556_807159_retry3/pamo/simp_cuda/safe_project/warp_/external/llvm-project/out/install/release-x86_64/include" -I"/root/autodl-tmp/graduation_project/pamo_quality_20260927_015556_807159_retry3/pamo/simp_cuda/safe_project/warp_/_build/host-deps/llvm-project/release-x86_64/include" -I"/usr/local/cuda/include" -c "/root/autodl-tmp/graduation_project/pamo_quality_20260927_015556_807159_retry3/pamo/simp_cuda/safe_project/warp_/warp/native/sparse.cpp" -o "/root/autodl-tmp/graduation_project/pamo_quality_20260927_015556_807159_retry3/pamo/simp_cuda/safe_project/warp_/warp/native/sparse.cpp.o"
g++  -O3 -DNDEBUG -DWP_ENABLE_DEBUG=0 -DWP_ENABLE_CUDA=1 -DWP_ENABLE_CUTLASS=1 -DWP_ENABLE_CUDA_COMPATIBILITY=1 -fPIC -fvisibility=hidden --std=c++14 -D_GLIBCXX_USE_CXX11_ABI=0 -I"/root/autodl-tmp/graduation_project/pamo_quality_20260927_015556_807159_retry3/pamo/simp_cuda/safe_project/warp_/warp/native"  -I"/root/autodl-tmp/graduation_project/pamo_quality_20260927_015556_807159_retry3/pamo/simp_cuda/safe_project/warp_/external/llvm-project/out/install/release-x86_64/include" -I"/root/autodl-tmp/graduation_project/pamo_quality_20260927_015556_807159_retry3/pamo/simp_cuda/safe_project/warp_/_build/host-deps/llvm-project/release-x86_64/include" -I"/usr/local/cuda/include" -c "/root/autodl-tmp/graduation_project/pamo_quality_20260927_015556_807159_retry3/pamo/simp_cuda/safe_project/warp_/warp/native/volume.cpp" -o "/root/autodl-tmp/graduation_project/pamo_quality_20260927_015556_807159_retry3/pamo/simp_cuda/safe_project/warp_/warp/native/volume.cpp.o"
g++  -O3 -DNDEBUG -DWP_ENABLE_DEBUG=0 -DWP_ENABLE_CUDA=1 -DWP_ENABLE_CUTLASS=1 -DWP_ENABLE_CUDA_COMPATIBILITY=1 -fPIC -fvisibility=hidden --std=c++14 -D_GLIBCXX_USE_CXX11_ABI=0 -I"/root/autodl-tmp/graduation_project/pamo_quality_20260927_015556_807159_retry3/pamo/simp_cuda/safe_project/warp_/warp/native"  -I"/root/autodl-tmp/graduation_project/pamo_quality_20260927_015556_807159_retry3/pamo/simp_cuda/safe_project/warp_/external/llvm-project/out/install/release-x86_64/include" -I"/root/autodl-tmp/graduation_project/pamo_quality_20260927_015556_807159_retry3/pamo/simp_cuda/safe_project/warp_/_build/host-deps/llvm-project/release-x86_64/include" -I"/usr/local/cuda/include" -c "/root/autodl-tmp/graduation_project/pamo_quality_20260927_015556_807159_retry3/pamo/simp_cuda/safe_project/warp_/warp/native/marching.cpp" -o "/root/autodl-tmp/graduation_project/pamo_quality_20260927_015556_807159_retry3/pamo/simp_cuda/safe_project/warp_/warp/native/marching.cpp.o"
g++  -O3 -DNDEBUG -DWP_ENABLE_DEBUG=0 -DWP_ENABLE_CUDA=1 -DWP_ENABLE_CUTLASS=1 -DWP_ENABLE_CUDA_COMPATIBILITY=1 -fPIC -fvisibility=hidden --std=c++14 -D_GLIBCXX_USE_CXX11_ABI=0 -I"/root/autodl-tmp/graduation_project/pamo_quality_20260927_015556_807159_retry3/pamo/simp_cuda/safe_project/warp_/warp/native"  -I"/root/autodl-tmp/graduation_project/pamo_quality_20260927_015556_807159_retry3/pamo/simp_cuda/safe_project/warp_/external/llvm-project/out/install/release-x86_64/include" -I"/root/autodl-tmp/graduation_project/pamo_quality_20260927_015556_807159_retry3/pamo/simp_cuda/safe_project/warp_/_build/host-deps/llvm-project/release-x86_64/include" -I"/usr/local/cuda/include" -c "/root/autodl-tmp/graduation_project/pamo_quality_20260927_015556_807159_retry3/pamo/simp_cuda/safe_project/warp_/warp/native/cutlass_gemm.cpp" -o "/root/autodl-tmp/graduation_project/pamo_quality_20260927_015556_807159_retry3/pamo/simp_cuda/safe_project/warp_/warp/native/cutlass_gemm.cpp.o"
build took 12672.17 ms
"/usr/local/cuda/bin/nvcc" -O3 --compiler-options -fPIC,-fvisibility=hidden -gencode=arch=compute_52,code=sm_52 -gencode=arch=compute_60,code=sm_60 -gencode=arch=compute_61,code=sm_61 -gencode=arch=compute_70,code=sm_70 -gencode=arch=compute_75,code=sm_75 -gencode=arch=compute_80,code=sm_80 -gencode=arch=compute_86,code=sm_86 -gencode=arch=compute_89,code=sm_89 -gencode=arch=compute_90,code=sm_90 -gencode=arch=compute_90,code=compute_90 -t0 --extended-lambda -DNDEBUG -DWP_ENABLE_CUDA=1 -I"/root/autodl-tmp/graduation_project/pamo_quality_20260927_015556_807159_retry3/pamo/simp_cuda/safe_project/warp_/warp/native" -DWP_ENABLE_CUTLASS=1 -I"warp/native/cutlass/include" -I"warp/native/cutlass/tools/util/include" -o "/root/autodl-tmp/graduation_project/pamo_quality_20260927_015556_807159_retry3/pamo/simp_cuda/safe_project/warp_/warp/native/warp.cu.o" -c "/root/autodl-tmp/graduation_project/pamo_quality_20260927_015556_807159_retry3/pamo/simp_cuda/safe_project/warp_/warp/native/warp.cu"
build_cuda took 87927.65 ms
g++  -shared -Wl,-rpath,'$ORIGIN' -Wl,--no-undefined -Wl,--exclude-libs,ALL -o '/root/autodl-tmp/graduation_project/pamo_quality_20260927_015556_807159_retry3/pamo/simp_cuda/safe_project/warp_/warp/bin/warp.so' "/root/autodl-tmp/graduation_project/pamo_quality_20260927_015556_807159_retry3/pamo/simp_cuda/safe_project/warp_/warp/native/warp.cpp.o" "/root/autodl-tmp/graduation_project/pamo_quality_20260927_015556_807159_retry3/pamo/simp_cuda/safe_project/warp_/warp/native/crt.cpp.o" "/root/autodl-tmp/graduation_project/pamo_quality_20260927_015556_807159_retry3/pamo/simp_cuda/safe_project/warp_/warp/native/cuda_util.cpp.o" "/root/autodl-tmp/graduation_project/pamo_quality_20260927_015556_807159_retry3/pamo/simp_cuda/safe_project/warp_/warp/native/mesh.cpp.o" "/root/autodl-tmp/graduation_project/pamo_quality_20260927_015556_807159_retry3/pamo/simp_cuda/safe_project/warp_/warp/native/hashgrid.cpp.o" "/root/autodl-tmp/graduation_project/pamo_quality_20260927_015556_807159_retry3/pamo/simp_cuda/safe_project/warp_/warp/native/reduce.cpp.o" "/root/autodl-tmp/graduation_project/pamo_quality_20260927_015556_807159_retry3/pamo/simp_cuda/safe_project/warp_/warp/native/runlength_encode.cpp.o" "/root/autodl-tmp/graduation_project/pamo_quality_20260927_015556_807159_retry3/pamo/simp_cuda/safe_project/warp_/warp/native/sort.cpp.o" "/root/autodl-tmp/graduation_project/pamo_quality_20260927_015556_807159_retry3/pamo/simp_cuda/safe_project/warp_/warp/native/sparse.cpp.o" "/root/autodl-tmp/graduation_project/pamo_quality_20260927_015556_807159_retry3/pamo/simp_cuda/safe_project/warp_/warp/native/volume.cpp.o" "/root/autodl-tmp/graduation_project/pamo_quality_20260927_015556_807159_retry3/pamo/simp_cuda/safe_project/warp_/warp/native/marching.cpp.o" "/root/autodl-tmp/graduation_project/pamo_quality_20260927_015556_807159_retry3/pamo/simp_cuda/safe_project/warp_/warp/native/cutlass_gemm.cpp.o" "/root/autodl-tmp/graduation_project/pamo_quality_20260927_015556_807159_retry3/pamo/simp_cuda/safe_project/warp_/warp/native/warp.cu.o" -L"/usr/local/cuda/lib64" -lcudart_static -lnvrtc_static -lnvrtc-builtins_static -lnvptxcompiler_static -lpthread -ldl -lrt
strip --strip-all --keep-symbol=__jit_debug_register_code --keep-symbol=__jit_debug_descriptor /root/autodl-tmp/graduation_project/pamo_quality_20260927_015556_807159_retry3/pamo/simp_cuda/safe_project/warp_/warp/bin/warp.so
link took 2791.34 ms
Building /root/autodl-tmp/graduation_project/pamo_quality_20260927_015556_807159_retry3/pamo/simp_cuda/safe_project/warp_/warp/bin/warp-clang.so
g++  -O3 -DNDEBUG -DWP_ENABLE_DEBUG=0 -DWP_ENABLE_CUDA=0 -DWP_ENABLE_CUTLASS=1 -DWP_ENABLE_CUDA_COMPATIBILITY=0 -fPIC -fvisibility=hidden --std=c++14 -D_GLIBCXX_USE_CXX11_ABI=0 -I"/root/autodl-tmp/graduation_project/pamo_quality_20260927_015556_807159_retry3/pamo/simp_cuda/safe_project/warp_/warp/native"  -I"/root/autodl-tmp/graduation_project/pamo_quality_20260927_015556_807159_retry3/pamo/simp_cuda/safe_project/warp_/external/llvm-project/out/install/release-x86_64/include" -I"/root/autodl-tmp/graduation_project/pamo_quality_20260927_015556_807159_retry3/pamo/simp_cuda/safe_project/warp_/_build/host-deps/llvm-project/release-x86_64/include" -c "/root/autodl-tmp/graduation_project/pamo_quality_20260927_015556_807159_retry3/pamo/simp_cuda/safe_project/warp_/warp/native/clang/clang.cpp" -o "/root/autodl-tmp/graduation_project/pamo_quality_20260927_015556_807159_retry3/pamo/simp_cuda/safe_project/warp_/warp/native/clang/clang.cpp.o"
g++  -O3 -DNDEBUG -DWP_ENABLE_DEBUG=0 -DWP_ENABLE_CUDA=0 -DWP_ENABLE_CUTLASS=1 -DWP_ENABLE_CUDA_COMPATIBILITY=0 -fPIC -fvisibility=hidden --std=c++14 -D_GLIBCXX_USE_CXX11_ABI=0 -I"/root/autodl-tmp/graduation_project/pamo_quality_20260927_015556_807159_retry3/pamo/simp_cuda/safe_project/warp_/warp/native"  -I"/root/autodl-tmp/graduation_project/pamo_quality_20260927_015556_807159_retry3/pamo/simp_cuda/safe_project/warp_/external/llvm-project/out/install/release-x86_64/include" -I"/root/autodl-tmp/graduation_project/pamo_quality_20260927_015556_807159_retry3/pamo/simp_cuda/safe_project/warp_/_build/host-deps/llvm-project/release-x86_64/include" -c "/root/autodl-tmp/graduation_project/pamo_quality_20260927_015556_807159_retry3/pamo/simp_cuda/safe_project/warp_/warp/native/crt.cpp" -o "/root/autodl-tmp/graduation_project/pamo_quality_20260927_015556_807159_retry3/pamo/simp_cuda/safe_project/warp_/warp/native/crt.cpp.o"
build took 8459.85 ms
g++  -shared -Wl,-rpath,'$ORIGIN' -Wl,--no-undefined -Wl,--exclude-libs,ALL -o '/root/autodl-tmp/graduation_project/pamo_quality_20260927_015556_807159_retry3/pamo/simp_cuda/safe_project/warp_/warp/bin/warp-clang.so' "/root/autodl-tmp/graduation_project/pamo_quality_20260927_015556_807159_retry3/pamo/simp_cuda/safe_project/warp_/warp/native/clang/clang.cpp.o" "/root/autodl-tmp/graduation_project/pamo_quality_20260927_015556_807159_retry3/pamo/simp_cuda/safe_project/warp_/warp/native/crt.cpp.o" -Wl,--start-group -lLLVMAggressiveInstCombine -lLLVMAnalysis -lLLVMAsmParser -lLLVMAsmPrinter -lLLVMBinaryFormat -lLLVMBitReader -lLLVMBitWriter -lLLVMBitstreamReader -lLLVMCFGuard -lLLVMCodeGen -lLLVMCore -lLLVMCoroutines -lLLVMCoverage -lLLVMDWARFLinker -lLLVMDWP -lLLVMDebugInfoCodeView -lLLVMDebugInfoDWARF -lLLVMDebugInfoGSYM -lLLVMDebugInfoMSF -lLLVMDebugInfoPDB -lLLVMDebuginfod -lLLVMDemangle -lLLVMDlltoolDriver -lLLVMExecutionEngine -lLLVMExtensions -lLLVMFileCheck -lLLVMFrontendOpenACC -lLLVMFrontendOpenMP -lLLVMFuzzMutate -lLLVMFuzzerCLI -lLLVMGlobalISel -lLLVMIRReader -lLLVMInstCombine -lLLVMInstrumentation -lLLVMInterfaceStub -lLLVMInterpreter -lLLVMJITLink -lLLVMLTO -lLLVMLibDriver -lLLVMLineEditor -lLLVMLinker -lLLVMMC -lLLVMMCA -lLLVMMCDisassembler -lLLVMMCJIT -lLLVMMCParser -lLLVMMIRParser -lLLVMNVPTXCodeGen -lLLVMNVPTXDesc -lLLVMNVPTXInfo -lLLVMObjCARCOpts -lLLVMObjCopy -lLLVMObject -lLLVMObjectYAML -lLLVMOption -lLLVMOrcJIT -lLLVMOrcShared -lLLVMOrcTargetProcess -lLLVMPasses -lLLVMProfileData -lLLVMRemarks -lLLVMRuntimeDyld -lLLVMScalarOpts -lLLVMSelectionDAG -lLLVMSupport -lLLVMSymbolize -lLLVMTableGen -lLLVMTableGenGlobalISel -lLLVMTarget -lLLVMTextAPI -lLLVMTransformUtils -lLLVMVectorize -lLLVMWindowsDriver -lLLVMWindowsManifest -lLLVMX86AsmParser -lLLVMX86CodeGen -lLLVMX86Desc -lLLVMX86Disassembler -lLLVMX86Info -lLLVMX86TargetMCA -lLLVMXRay -lLLVMipo -lclangAPINotes -lclangAST -lclangASTMatchers -lclangAnalysis -lclangAnalysisFlowSensitive -lclangAnalysisFlowSensitiveModels -lclangBasic -lclangCodeGen -lclangCrossTU -lclangDependencyScanning -lclangDirectoryWatcher -lclangDriver -lclangDynamicASTMatchers -lclangEdit -lclangExtractAPI -lclangFormat -lclangFrontend -lclangFrontendTool -lclangIndex -lclangIndexSerialization -lclangInterpreter -lclangLex -lclangParse -lclangRewrite -lclangRewriteFrontend -lclangSema -lclangSerialization -lclangStaticAnalyzerCheckers -lclangStaticAnalyzerCore -lclangStaticAnalyzerFrontend -lclangSupport -lclangTooling -lclangToolingASTDiff -lclangToolingCore -lclangToolingInclusions -lclangToolingRefactoring -lclangToolingSyntax -lclangTransformer -Wl,--end-group -L/root/autodl-tmp/graduation_project/pamo_quality_20260927_015556_807159_retry3/pamo/simp_cuda/safe_project/warp_/_build/host-deps/llvm-project/release-x86_64/lib -lpthread -ldl
strip --strip-all --keep-symbol=__jit_debug_register_code --keep-symbol=__jit_debug_descriptor /root/autodl-tmp/graduation_project/pamo_quality_20260927_015556_807159_retry3/pamo/simp_cuda/safe_project/warp_/warp/bin/warp-clang.so
link took 5914.35 ms
