Looking in indexes: http://mirrors.aliyun.com/pypi/simple
Processing ./.
  Preparing metadata (pyproject.toml): started
  Preparing metadata (pyproject.toml): finished with status 'done'
Building wheels for collected packages: pamo
  Building wheel for pamo (pyproject.toml): started
  Building wheel for pamo (pyproject.toml): finished with status 'done'
  Created wheel for pamo: filename=pamo-0.0.0-cp312-cp312-linux_x86_64.whl size=493311 sha256=54aacd42f4316d9821de4113f3ee0d40d76559f72f2ac4132506adb512a83573
  Stored in directory: /tmp/pip-ephem-wheel-cache-v3prm2pv/wheels/79/b5/21/ef6fc1f7ba02591b5bac113165b94a22fda63657bf0fa00177
Successfully built pamo
Installing collected packages: pamo
Successfully installed pamo-0.0.0
Namespace(msvc_path=None, sdk_path=None, cuda_path='/usr/local/cuda', mode='release', verbose=True, verify_fp=False, fast_math=False, quick=False, build_llvm=False, debug_llvm=False, standalone=True)
Building /root/autodl-tmp/graduation_project/pamo_quality_20260927_015556_807159_retry3/pamo/simp_cuda/safe_project/warp_/warp/bin/warp.so
g++  -O3 -DNDEBUG -DWP_ENABLE_DEBUG=0 -DWP_ENABLE_CUDA=1 -DWP_ENABLE_CUTLASS=1 -DWP_ENABLE_CUDA_COMPATIBILITY=1 -fPIC -fvisibility=hidden --std=c++14 -D_GLIBCXX_USE_CXX11_ABI=0 -I"/root/autodl-tmp/graduation_project/pamo_quality_20260927_015556_807159_retry3/pamo/simp_cuda/safe_project/warp_/warp/native"  -I"/root/autodl-tmp/graduation_project/pamo_quality_20260927_015556_807159_retry3/pamo/simp_cuda/safe_project/warp_/external/llvm-project/out/install/release-x86_64/include" -I"/root/autodl-tmp/graduation_project/pamo_quality_20260927_015556_807159_retry3/pamo/simp_cuda/safe_project/warp_/_build/host-deps/llvm-project/release-x86_64/include" -I"/usr/local/cuda/include" -c "/root/autodl-tmp/graduation_project/pamo_quality_20260927_015556_807159_retry3/pamo/simp_cuda/safe_project/warp_/warp/native/warp.cpp" -o "/root/autodl-tmp/graduation_project/pamo_quality_20260927_015556_807159_retry3/pamo/simp_cuda/safe_project/warp_/warp/native/warp.cpp.o"
g++  -O3 -DNDEBUG -DWP_ENABLE_DEBUG=0 -DWP_ENABLE_CUDA=1 -DWP_ENABLE_CUTLASS=1 -DWP_ENABLE_CUDA_COMPATIBILITY=1 -fPIC -fvisibility=hidden --std=c++14 -D_GLIBCXX_USE_CXX11_ABI=0 -I"/root/autodl-tmp/graduation_project/pamo_quality_20260927_015556_807159_retry3/pamo/simp_cuda/safe_project/warp_/warp/native"  -I"/root/autodl-tmp/graduation_project/pamo_quality_20260927_015556_807159_retry3/pamo/simp_cuda/safe_project/warp_/external/llvm-project/out/install/release-x86_64/include" -I"/root/autodl-tmp/graduation_project/pamo_quality_20260927_015556_807159_retry3/pamo/simp_cuda/safe_project/warp_/_build/host-deps/llvm-project/release-x86_64/include" -I"/usr/local/cuda/include" -c "/root/autodl-tmp/graduation_project/pamo_quality_20260927_015556_807159_retry3/pamo/simp_cuda/safe_project/warp_/warp/native/crt.cpp" -o "/root/autodl-tmp/graduation_project/pamo_quality_20260927_015556_807159_retry3/pamo/simp_cuda/safe_project/warp_/warp/native/crt.cpp.o"
g++  -O3 -DNDEBUG -DWP_ENABLE_DEBUG=0 -DWP_ENABLE_CUDA=1 -DWP_ENABLE_CUTLASS=1 -DWP_ENABLE_CUDA_COMPATIBILITY=1 -fPIC -fvisibility=hidden --std=c++14 -D_GLIBCXX_USE_CXX11_ABI=0 -I"/root/autodl-tmp/graduation_project/pamo_quality_20260927_015556_807159_retry3/pamo/simp_cuda/safe_project/warp_/warp/native"  -I"/root/autodl-tmp/graduation_project/pamo_quality_20260927_015556_807159_retry3/pamo/simp_cuda/safe_project/warp_/external/llvm-project/out/install/release-x86_64/include" -I"/root/autodl-tmp/graduation_project/pamo_quality_20260927_015556_807159_retry3/pamo/simp_cuda/safe_project/warp_/_build/host-deps/llvm-project/release-x86_64/include" -I"/usr/local/cuda/include" -c "/root/autodl-tmp/graduation_project/pamo_quality_20260927_015556_807159_retry3/pamo/simp_cuda/safe_project/warp_/warp/native/cuda_util.cpp" -o "/root/autodl-tmp/graduation_project/pamo_quality_20260927_015556_807159_retry3/pamo/simp_cuda/safe_project/warp_/warp/native/cuda_util.cpp.o"
g++  -O3 -DNDEBUG -DWP_ENABLE_DEBUG=0 -DWP_ENABLE_CUDA=1 -DWP_ENABLE_CUTLASS=1 -DWP_ENABLE_CUDA_COMPATIBILITY=1 -fPIC -fvisibility=hidden --std=c++14 -D_GLIBCXX_USE_CXX11_ABI=0 -I"/root/autodl-tmp/graduation_project/pamo_quality_20260927_015556_807159_retry3/pamo/simp_cuda/safe_project/warp_/warp/native"  -I"/root/autodl-tmp/graduation_project/pamo_quality_20260927_015556_807159_retry3/pamo/simp_cuda/safe_project/warp_/external/llvm-project/out/install/release-x86_64/include" -I"/root/autodl-tmp/graduation_project/pamo_quality_20260927_015556_807159_retry3/pamo/simp_cuda/safe_project/warp_/_build/host-deps/llvm-project/release-x86_64/include" -I"/usr/local/cuda/include" -c "/root/autodl-tmp/graduation_project/pamo_quality_20260927_015556_807159_retry3/pamo/simp_cuda/safe_project/warp_/warp/native/mesh.cpp" -o "/root/autodl-tmp/graduation_project/pamo_quality_20260927_015556_807159_retry3/pamo/simp_cuda/safe_project/warp_/warp/native/mesh.cpp.o"
g++  -O3 -DNDEBUG -DWP_ENABLE_DEBUG=0 -DWP_ENABLE_CUDA=1 -DWP_ENABLE_CUTLASS=1 -DWP_ENABLE_CUDA_COMPATIBILITY=1 -fPIC -fvisibility=hidden --std=c++14 -D_GLIBCXX_USE_CXX11_ABI=0 -I"/root/autodl-tmp/graduation_project/pamo_quality_20260927_015556_807159_retry3/pamo/simp_cuda/safe_project/warp_/warp/native"  -I"/root/autodl-tmp/graduation_project/pamo_quality_20260927_015556_807159_retry3/pamo/simp_cuda/safe_project/warp_/external/llvm-project/out/install/release-x86_64/include" -I"/root/autodl-tmp/graduation_project/pamo_quality_20260927_015556_807159_retry3/pamo/simp_cuda/safe_project/warp_/_build/host-deps/llvm-project/release-x86_64/include" -I"/usr/local/cuda/include" -c "/root/autodl-tmp/graduation_project/pamo_quality_20260927_015556_807159_retry3/pamo/simp_cuda/safe_project/warp_/warp/native/hashgrid.cpp" -o "/root/autodl-tmp/graduation_project/pamo_quality_20260927_015556_807159_retry3/pamo/simp_cuda/safe_project/warp_/warp/native/hashgrid.cpp.o"
g++  -O3 -DNDEBUG -DWP_ENABLE_DEBUG=0 -DWP_ENABLE_CUDA=1 -DWP_ENABLE_CUTLASS=1 -DWP_ENABLE_CUDA_COMPATIBILITY=1 -fPIC -fvisibility=hidden --std=c++14 -D_GLIBCXX_USE_CXX11_ABI=0 -I"/root/autodl-tmp/graduation_project/pamo_quality_20260927_015556_807159_retry3/pamo/simp_cuda/safe_project/warp_/warp/native"  -I"/root/autodl-tmp/graduation_project/pamo_quality_20260927_015556_807159_retry3/pamo/simp_cuda/safe_project/warp_/external/llvm-project/out/install/release-x86_64/include" -I"/root/autodl-tmp/graduation_project/pamo_quality_20260927_015556_807159_retry3/pamo/simp_cuda/safe_project/warp_/_build/host-deps/llvm-project/release-x86_64/include" -I"/usr/local/cuda/include" -c "/root/autodl-tmp/graduation_project/pamo_quality_20260927_015556_807159_retry3/pamo/simp_cuda/safe_project/warp_/warp/native/reduce.cpp" -o "/root/autodl-tmp/graduation_project/pamo_quality_20260927_015556_807159_retry3/pamo/simp_cuda/safe_project/warp_/warp/native/reduce.cpp.o"
g++  -O3 -DNDEBUG -DWP_ENABLE_DEBUG=0 -DWP_ENABLE_CUDA=1 -DWP_ENABLE_CUTLASS=1 -DWP_ENABLE_CUDA_COMPATIBILITY=1 -fPIC -fvisibility=hidden --std=c++14 -D_GLIBCXX_USE_CXX11_ABI=0 -I"/root/autodl-tmp/graduation_project/pamo_quality_20260927_015556_807159_retry3/pamo/simp_cuda/safe_project/warp_/warp/native"  -I"/root/autodl-tmp/graduation_project/pamo_quality_20260927_015556_807159_retry3/pamo/simp_cuda/safe_project/warp_/external/llvm-project/out/install/release-x86_64/include" -I"/root/autodl-tmp/graduation_project/pamo_quality_20260927_015556_807159_retry3/pamo/simp_cuda/safe_project/warp_/_build/host-deps/llvm-project/release-x86_64/include" -I"/usr/local/cuda/include" -c "/root/autodl-tmp/graduation_project/pamo_quality_20260927_015556_807159_retry3/pamo/simp_cuda/safe_project/warp_/warp/native/runlength_encode.cpp" -o "/root/autodl-tmp/graduation_project/pamo_quality_20260927_015556_807159_retry3/pamo/simp_cuda/safe_project/warp_/warp/native/runlength_encode.cpp.o"
g++  -O3 -DNDEBUG -DWP_ENABLE_DEBUG=0 -DWP_ENABLE_CUDA=1 -DWP_ENABLE_CUTLASS=1 -DWP_ENABLE_CUDA_COMPATIBILITY=1 -fPIC -fvisibility=hidden --std=c++14 -D_GLIBCXX_USE_CXX11_ABI=0 -I"/root/autodl-tmp/graduation_project/pamo_quality_20260927_015556_807159_retry3/pamo/simp_cuda/safe_project/warp_/warp/native"  -I"/root/autodl-tmp/graduation_project/pamo_quality_20260927_015556_807159_retry3/pamo/simp_cuda/safe_project/warp_/external/llvm-project/out/install/release-x86_64/include" -I"/root/autodl-tmp/graduation_project/pamo_quality_20260927_015556_807159_retry3/pamo/simp_cuda/safe_project/warp_/_build/host-deps/llvm-project/release-x86_64/include" -I"/usr/local/cuda/include" -c "/root/autodl-tmp/graduation_project/pamo_quality_20260927_015556_807159_retry3/pamo/simp_cuda/safe_project/warp_/warp/native/sort.cpp" -o "/root/autodl-tmp/graduation_project/pamo_quality_20260927_015556_807159_retry3/pamo/simp_cuda/safe_project/warp_/warp/native/sort.cpp.o"
nvcc warning : Support for offline compilation for architectures prior to '<compute/sm/lto>_75' will be removed in a future release (Use -Wno-deprecated-gpu-targets to suppress warning).
/root/autodl-tmp/graduation_project/pamo_quality_20260927_015556_807159_retry3/pamo/simp_cuda/safe_project/warp_/warp/native/warp.cu(612): warning #550-D: variable "src_grad" was set but never used
      const void* src_grad = 
                  ^

Remark: The warnings can be suppressed with "-diag-suppress <warning-number>"

/root/autodl-tmp/graduation_project/pamo_quality_20260927_015556_807159_retry3/pamo/simp_cuda/safe_project/warp_/warp/native/warp.cu(614): warning #550-D: variable "dst_grad" was set but never used
      void* dst_grad = 
            ^

/root/autodl-tmp/graduation_project/pamo_quality_20260927_015556_807159_retry3/pamo/simp_cuda/safe_project/warp_/warp/native/warp.cu(612): warning #550-D: variable "src_grad" was set but never used
      const void* src_grad = 
                  ^

Remark: The warnings can be suppressed with "-diag-suppress <warning-number>"

/root/autodl-tmp/graduation_project/pamo_quality_20260927_015556_807159_retry3/pamo/simp_cuda/safe_project/warp_/warp/native/warp.cu(614): warning #550-D: variable "dst_grad" was set but never used
      void* dst_grad = 
            ^

/root/autodl-tmp/graduation_project/pamo_quality_20260927_015556_807159_retry3/pamo/simp_cuda/safe_project/warp_/warp/native/warp.cu(612): warning #550-D: variable "src_grad" was set but never used
      const void* src_grad = 
                  ^

Remark: The warnings can be suppressed with "-diag-suppress <warning-number>"

/root/autodl-tmp/graduation_project/pamo_quality_20260927_015556_807159_retry3/pamo/simp_cuda/safe_project/warp_/warp/native/warp.cu(614): warning #550-D: variable "dst_grad" was set but never used
      void* dst_grad = 
            ^

/root/autodl-tmp/graduation_project/pamo_quality_20260927_015556_807159_retry3/pamo/simp_cuda/safe_project/warp_/warp/native/warp.cu(612): warning #550-D: variable "src_grad" was set but never used
      const void* src_grad = 
                  ^

Remark: The warnings can be suppressed with "-diag-suppress <warning-number>"

/root/autodl-tmp/graduation_project/pamo_quality_20260927_015556_807159_retry3/pamo/simp_cuda/safe_project/warp_/warp/native/warp.cu(614): warning #550-D: variable "dst_grad" was set but never used
      void* dst_grad = 
            ^

/root/autodl-tmp/graduation_project/pamo_quality_20260927_015556_807159_retry3/pamo/simp_cuda/safe_project/warp_/warp/native/warp.cu(612): warning #550-D: variable "src_grad" was set but never used
      const void* src_grad = 
                  ^

Remark: The warnings can be suppressed with "-diag-suppress <warning-number>"

/root/autodl-tmp/graduation_project/pamo_quality_20260927_015556_807159_retry3/pamo/simp_cuda/safe_project/warp_/warp/native/warp.cu(614): warning #550-D: variable "dst_grad" was set but never used
      void* dst_grad = 
            ^

/root/autodl-tmp/graduation_project/pamo_quality_20260927_015556_807159_retry3/pamo/simp_cuda/safe_project/warp_/warp/native/warp.cu(612): warning #550-D: variable "src_grad" was set but never used
      const void* src_grad = 
                  ^

Remark: The warnings can be suppressed with "-diag-suppress <warning-number>"

/root/autodl-tmp/graduation_project/pamo_quality_20260927_015556_807159_retry3/pamo/simp_cuda/safe_project/warp_/warp/native/warp.cu(614): warning #550-D: variable "dst_grad" was set but never used
      void* dst_grad = 
            ^

/root/autodl-tmp/graduation_project/pamo_quality_20260927_015556_807159_retry3/pamo/simp_cuda/safe_project/warp_/warp/native/warp.cu(612): warning #550-D: variable "src_grad" was set but never used
      const void* src_grad = 
                  ^

Remark: The warnings can be suppressed with "-diag-suppress <warning-number>"

/root/autodl-tmp/graduation_project/pamo_quality_20260927_015556_807159_retry3/pamo/simp_cuda/safe_project/warp_/warp/native/warp.cu(614): warning #550-D: variable "dst_grad" was set but never used
      void* dst_grad = 
            ^

/root/autodl-tmp/graduation_project/pamo_quality_20260927_015556_807159_retry3/pamo/simp_cuda/safe_project/warp_/warp/native/warp.cu(612): warning #550-D: variable "src_grad" was set but never used
      const void* src_grad = 
                  ^

Remark: The warnings can be suppressed with "-diag-suppress <warning-number>"

/root/autodl-tmp/graduation_project/pamo_quality_20260927_015556_807159_retry3/pamo/simp_cuda/safe_project/warp_/warp/native/warp.cu(614): warning #550-D: variable "dst_grad" was set but never used
      void* dst_grad = 
            ^

/root/autodl-tmp/graduation_project/pamo_quality_20260927_015556_807159_retry3/pamo/simp_cuda/safe_project/warp_/warp/native/warp.cu(612): warning #550-D: variable "src_grad" was set but never used
      const void* src_grad = 
                  ^

Remark: The warnings can be suppressed with "-diag-suppress <warning-number>"

/root/autodl-tmp/graduation_project/pamo_quality_20260927_015556_807159_retry3/pamo/simp_cuda/safe_project/warp_/warp/native/warp.cu(614): warning #550-D: variable "dst_grad" was set but never used
      void* dst_grad = 
            ^

g++  -O3 -DNDEBUG -DWP_ENABLE_DEBUG=0 -DWP_ENABLE_CUDA=1 -DWP_ENABLE_CUTLASS=1 -DWP_ENABLE_CUDA_COMPATIBILITY=1 -fPIC -fvisibility=hidden --std=c++14 -D_GLIBCXX_USE_CXX11_ABI=0 -I"/root/autodl-tmp/graduation_project/pamo_quality_20260927_015556_807159_retry3/pamo/simp_cuda/safe_project/warp_/warp/native"  -I"/root/autodl-tmp/graduation_project/pamo_quality_20260927_015556_807159_retry3/pamo/simp_cuda/safe_project/warp_/external/llvm-project/out/install/release-x86_64/include" -I"/root/autodl-tmp/graduation_project/pamo_quality_20260927_015556_807159_retry3/pamo/simp_cuda/safe_project/warp_/_build/host-deps/llvm-project/release-x86_64/include" -I"/usr/local/cuda/include" -c "/root/autodl-tmp/graduation_project/pamo_quality_20260927_015556_807159_retry3/pamo/simp_cuda/safe_project/warp_/warp/native/sparse.cpp" -o "/root/autodl-tmp/graduation_project/pamo_quality_20260927_015556_807159_retry3/pamo/simp_cuda/safe_project/warp_/warp/native/sparse.cpp.o"
g++  -O3 -DNDEBUG -DWP_ENABLE_DEBUG=0 -DWP_ENABLE_CUDA=1 -DWP_ENABLE_CUTLASS=1 -DWP_ENABLE_CUDA_COMPATIBILITY=1 -fPIC -fvisibility=hidden --std=c++14 -D_GLIBCXX_USE_CXX11_ABI=0 -I"/root/autodl-tmp/graduation_project/pamo_quality_20260927_015556_807159_retry3/pamo/simp_cuda/safe_project/warp_/warp/native"  -I"/root/autodl-tmp/graduation_project/pamo_quality_20260927_015556_807159_retry3/pamo/simp_cuda/safe_project/warp_/external/llvm-project/out/install/release-x86_64/include" -I"/root/autodl-tmp/graduation_project/pamo_quality_20260927_015556_807159_retry3/pamo/simp_cuda/safe_project/warp_/_build/host-deps/llvm-project/release-x86_64/include" -I"/usr/local/cuda/include" -c "/root/autodl-tmp/graduation_project/pamo_quality_20260927_015556_807159_retry3/pamo/simp_cuda/safe_project/warp_/warp/native/volume.cpp" -o "/root/autodl-tmp/graduation_project/pamo_quality_20260927_015556_807159_retry3/pamo/simp_cuda/safe_project/warp_/warp/native/volume.cpp.o"
g++  -O3 -DNDEBUG -DWP_ENABLE_DEBUG=0 -DWP_ENABLE_CUDA=1 -DWP_ENABLE_CUTLASS=1 -DWP_ENABLE_CUDA_COMPATIBILITY=1 -fPIC -fvisibility=hidden --std=c++14 -D_GLIBCXX_USE_CXX11_ABI=0 -I"/root/autodl-tmp/graduation_project/pamo_quality_20260927_015556_807159_retry3/pamo/simp_cuda/safe_project/warp_/warp/native"  -I"/root/autodl-tmp/graduation_project/pamo_quality_20260927_015556_807159_retry3/pamo/simp_cuda/safe_project/warp_/external/llvm-project/out/install/release-x86_64/include" -I"/root/autodl-tmp/graduation_project/pamo_quality_20260927_015556_807159_retry3/pamo/simp_cuda/safe_project/warp_/_build/host-deps/llvm-project/release-x86_64/include" -I"/usr/local/cuda/include" -c "/root/autodl-tmp/graduation_project/pamo_quality_20260927_015556_807159_retry3/pamo/simp_cuda/safe_project/warp_/warp/native/marching.cpp" -o "/root/autodl-tmp/graduation_project/pamo_quality_20260927_015556_807159_retry3/pamo/simp_cuda/safe_project/warp_/warp/native/marching.cpp.o"
g++  -O3 -DNDEBUG -DWP_ENABLE_DEBUG=0 -DWP_ENABLE_CUDA=1 -DWP_ENABLE_CUTLASS=1 -DWP_ENABLE_CUDA_COMPATIBILITY=1 -fPIC -fvisibility=hidden --std=c++14 -D_GLIBCXX_USE_CXX11_ABI=0 -I"/root/autodl-tmp/graduation_project/pamo_quality_20260927_015556_807159_retry3/pamo/simp_cuda/safe_project/warp_/warp/native"  -I"/root/autodl-tmp/graduation_project/pamo_quality_20260927_015556_807159_retry3/pamo/simp_cuda/safe_project/warp_/external/llvm-project/out/install/release-x86_64/include" -I"/root/autodl-tmp/graduation_project/pamo_quality_20260927_015556_807159_retry3/pamo/simp_cuda/safe_project/warp_/_build/host-deps/llvm-project/release-x86_64/include" -I"/usr/local/cuda/include" -c "/root/autodl-tmp/graduation_project/pamo_quality_20260927_015556_807159_retry3/pamo/simp_cuda/safe_project/warp_/warp/native/cutlass_gemm.cpp" -o "/root/autodl-tmp/graduation_project/pamo_quality_20260927_015556_807159_retry3/pamo/simp_cuda/safe_project/warp_/warp/native/cutlass_gemm.cpp.o"
build took 12332.76 ms
"/usr/local/cuda/bin/nvcc" -O3 --compiler-options -fPIC,-fvisibility=hidden -gencode=arch=compute_52,code=sm_52 -gencode=arch=compute_60,code=sm_60 -gencode=arch=compute_61,code=sm_61 -gencode=arch=compute_70,code=sm_70 -gencode=arch=compute_75,code=sm_75 -gencode=arch=compute_80,code=sm_80 -gencode=arch=compute_86,code=sm_86 -gencode=arch=compute_89,code=sm_89 -gencode=arch=compute_90,code=sm_90 -gencode=arch=compute_90,code=compute_90 -t0 --extended-lambda -DNDEBUG -DWP_ENABLE_CUDA=1 -I"/root/autodl-tmp/graduation_project/pamo_quality_20260927_015556_807159_retry3/pamo/simp_cuda/safe_project/warp_/warp/native" -DWP_ENABLE_CUTLASS=1 -I"warp/native/cutlass/include" -I"warp/native/cutlass/tools/util/include" -o "/root/autodl-tmp/graduation_project/pamo_quality_20260927_015556_807159_retry3/pamo/simp_cuda/safe_project/warp_/warp/native/warp.cu.o" -c "/root/autodl-tmp/graduation_project/pamo_quality_20260927_015556_807159_retry3/pamo/simp_cuda/safe_project/warp_/warp/native/warp.cu"
build_cuda took 88126.26 ms
g++  -shared -Wl,-rpath,'$ORIGIN' -Wl,--no-undefined -Wl,--exclude-libs,ALL -o '/root/autodl-tmp/graduation_project/pamo_quality_20260927_015556_807159_retry3/pamo/simp_cuda/safe_project/warp_/warp/bin/warp.so' "/root/autodl-tmp/graduation_project/pamo_quality_20260927_015556_807159_retry3/pamo/simp_cuda/safe_project/warp_/warp/native/warp.cpp.o" "/root/autodl-tmp/graduation_project/pamo_quality_20260927_015556_807159_retry3/pamo/simp_cuda/safe_project/warp_/warp/native/crt.cpp.o" "/root/autodl-tmp/graduation_project/pamo_quality_20260927_015556_807159_retry3/pamo/simp_cuda/safe_project/warp_/warp/native/cuda_util.cpp.o" "/root/autodl-tmp/graduation_project/pamo_quality_20260927_015556_807159_retry3/pamo/simp_cuda/safe_project/warp_/warp/native/mesh.cpp.o" "/root/autodl-tmp/graduation_project/pamo_quality_20260927_015556_807159_retry3/pamo/simp_cuda/safe_project/warp_/warp/native/hashgrid.cpp.o" "/root/autodl-tmp/graduation_project/pamo_quality_20260927_015556_807159_retry3/pamo/simp_cuda/safe_project/warp_/warp/native/reduce.cpp.o" "/root/autodl-tmp/graduation_project/pamo_quality_20260927_015556_807159_retry3/pamo/simp_cuda/safe_project/warp_/warp/native/runlength_encode.cpp.o" "/root/autodl-tmp/graduation_project/pamo_quality_20260927_015556_807159_retry3/pamo/simp_cuda/safe_project/warp_/warp/native/sort.cpp.o" "/root/autodl-tmp/graduation_project/pamo_quality_20260927_015556_807159_retry3/pamo/simp_cuda/safe_project/warp_/warp/native/sparse.cpp.o" "/root/autodl-tmp/graduation_project/pamo_quality_20260927_015556_807159_retry3/pamo/simp_cuda/safe_project/warp_/warp/native/volume.cpp.o" "/root/autodl-tmp/graduation_project/pamo_quality_20260927_015556_807159_retry3/pamo/simp_cuda/safe_project/warp_/warp/native/marching.cpp.o" "/root/autodl-tmp/graduation_project/pamo_quality_20260927_015556_807159_retry3/pamo/simp_cuda/safe_project/warp_/warp/native/cutlass_gemm.cpp.o" "/root/autodl-tmp/graduation_project/pamo_quality_20260927_015556_807159_retry3/pamo/simp_cuda/safe_project/warp_/warp/native/warp.cu.o" -L"/usr/local/cuda/lib64" -lcudart_static -lnvrtc_static -lnvrtc-builtins_static -lnvptxcompiler_static -lpthread -ldl -lrt
strip --strip-all --keep-symbol=__jit_debug_register_code --keep-symbol=__jit_debug_descriptor /root/autodl-tmp/graduation_project/pamo_quality_20260927_015556_807159_retry3/pamo/simp_cuda/safe_project/warp_/warp/bin/warp.so
link took 2981.66 ms
Warp build error: [Errno 2] No such file or directory: './tools/packman/packman'
