-- The C compiler identification is GNU 11.4.0
-- The CXX compiler identification is GNU 11.4.0
-- The CUDA compiler identification is NVIDIA 12.8.93 with host compiler GNU 11.4.0
-- Detecting C compiler ABI info
-- Detecting C compiler ABI info - done
-- Check for working C compiler: /usr/bin/cc - skipped
-- Detecting C compile features
-- Detecting C compile features - done
-- Detecting CXX compiler ABI info
-- Detecting CXX compiler ABI info - done
-- Check for working CXX compiler: /usr/bin/c++ - skipped
-- Detecting CXX compile features
-- Detecting CXX compile features - done
-- Detecting CUDA compiler ABI info
-- Detecting CUDA compiler ABI info - done
-- Check for working CUDA compiler: /usr/local/cuda/bin/nvcc - skipped
-- Detecting CUDA compile features
-- Detecting CUDA compile features - done
-- RXMesh: CUDA architectures: 89
-- RXMesh: Polyscope is OFF
-- RXMesh: Build RXMesh unit test is OFF
-- RXMesh: Build RXMesh applications is ON
-- RXMesh: SuiteSparse is OFF
-- RXMesh: cuDSS is OFF
-- RXMesh: Double precision is OFF
-- RapidObj version 1.1.0
-- Performing Test CMAKE_HAVE_LIBC_PTHREAD
-- Performing Test CMAKE_HAVE_LIBC_PTHREAD - Success
-- Found Threads: TRUE
CMake Deprecation Warning at /root/autodl-tmp/graduation_project/build_rxmesh_dynamic_20260908_141858/dependencies/OpenMesh-8.1/CMakeLists.txt:1 (cmake_minimum_required):
  Compatibility with CMake < 3.10 will be removed from a future version of
  CMake.

  Update the VERSION argument <min> value.  Or, use the <min>...<max> syntax
  to tell CMake that the project requires at least <min> but has been updated
  to work with policies introduced by <max> or earlier.


CMake Warning (dev) at /root/autodl-tmp/graduation_project/build_rxmesh_dynamic_20260908_141858/dependencies/OpenMesh-8.1/cmake/ACGCompiler.cmake:102 (set):
  implicitly converting 'STRINGLIST' to 'STRING' type.
Call Stack (most recent call first):
  /root/autodl-tmp/graduation_project/build_rxmesh_dynamic_20260908_141858/dependencies/OpenMesh-8.1/cmake/ACGCommon.cmake:131 (include)
  /root/autodl-tmp/graduation_project/build_rxmesh_dynamic_20260908_141858/dependencies/OpenMesh-8.1/CMakeLists.txt:38 (include)
This warning is for project developers.  Use -Wno-dev to suppress it.


[40;37m************************************************************[0m
[40;37m* [1;31mACG [0;40;34mBuildsystem[0m[40;37m                                          *[0m
[40;37m*                                                          *[0m
[40;37m* Package : [32mOpenMesh                                 [37m      *[0m
[40;37m* Version : [32m8.1                                      [37m      *[0m
[40;37m* Type    : [32mRelease [37m                                       *[0m
[40;37m************************************************************[0m
CMake Deprecation Warning at /root/autodl-tmp/graduation_project/build_rxmesh_dynamic_20260908_141858/dependencies/glm-0af55ccecd98d4e5a8d1fad7de25ba429d60e863/CMakeLists.txt:1 (cmake_minimum_required):
  Compatibility with CMake < 3.10 will be removed from a future version of
  CMake.

  Update the VERSION argument <min> value.  Or, use the <min>...<max> syntax
  to tell CMake that the project requires at least <min> but has been updated
  to work with policies introduced by <max> or earlier.


CMake Deprecation Warning at /root/autodl-tmp/graduation_project/build_rxmesh_dynamic_20260908_141858/dependencies/glm-0af55ccecd98d4e5a8d1fad7de25ba429d60e863/CMakeLists.txt:2 (cmake_policy):
  Compatibility with CMake < 3.10 will be removed from a future version of
  CMake.

  Update the VERSION argument <min> value.  Or, use the <min>...<max> syntax
  to tell CMake that the project requires at least <min> but has been updated
  to work with policies introduced by <max> or earlier.


-- GLM: Version 1.0.1
-- GLM: Build with C++ features auto detection
#cuBQL: CUDA _FOUND_! building both cuda and host libs
#cuBQL: compiling with CMAKE_CUDA_ARCHITECTURES=89
-- metis 5.2.1.3 CMake 3.31.6 install prefix /usr/local
-- GKlib 1.0.0 CMake 3.31.6 Arch: x86_64 install prefix: /usr/local
-- Looking for execinfo.h
-- Looking for execinfo.h - found
-- Looking for getline
-- Looking for getline - found
CMake Deprecation Warning at /root/autodl-tmp/graduation_project/build_rxmesh_dynamic_20260908_141858/build/_deps/cli11-src/CMakeLists.txt:1 (cmake_minimum_required):
  Compatibility with CMake < 3.10 will be removed from a future version of
  CMake.

  Update the VERSION argument <min> value.  Or, use the <min>...<max> syntax
  to tell CMake that the project requires at least <min> but has been updated
  to work with policies introduced by <max> or earlier.


-- Found OpenMP_C: -fopenmp (found version "4.5")
-- Found OpenMP_CXX: -fopenmp (found version "4.5")
-- Found OpenMP_CUDA: -fopenmp (found version "4.5")
-- Found OpenMP: TRUE (found version "4.5")
-- Found CUDAToolkit: /usr/local/cuda/targets/x86_64-linux/include (found version "12.8.93")
-- RXMesh: Third-party: creating target 'Eigen3::Eigen'
-- RXMesh: Added VertexNormal target
-- RXMesh: Added MCF target
-- RXMesh: Added Geodesic target
-- RXMesh: Added DelaunayEdgeFlip target
-- RXMesh: Added GaussianCurvature target
-- RXMesh: Added XPBD target
-- RXMesh: Added QSlim target
-- RXMesh: Added SECHistogram target
-- RXMesh: Added Remesh target
-- RXMesh: Added SurfaceTracking target
-- RXMesh: Added SCP target
-- RXMesh: Added ARAP target
-- RXMesh: Added Param target
-- RXMesh: Added ManiOpt target
-- RXMesh: Added MassSpring target
-- RXMesh: Added Smoothing target
-- RXMesh: Added NeoHookean target
-- RXMesh: Added PolyVector target
-- RXMesh: Added DiffARAP target
-- RXMesh: Added EmbeddedARAP target
-- RXMesh: Added DGPC target
-- Configuring done (72.2s)
-- Generating done (0.3s)
-- Build files have been written to: /root/autodl-tmp/graduation_project/build_rxmesh_dynamic_20260908_141858/build
