Stage1 :  True
Stage3 :  True
{"original_config_sha256": "df1eb24db57394c32e31f6d67a58cd7ef6c25febc11aff39c5e9503ee82d6390", "max_blocks": 67108864}
Warp 1.0.0-beta.2 initialized:
   CUDA Toolkit: 12.8, Driver: 13.2
   Devices:
     "cpu"    | x86_64
     "cuda:0" | NVIDIA GeForce RTX 4080 SUPER (sm_89)
   Kernel cache: /root/.cache/warp/1.0.0-beta.2
Target faces : 26524
Time for Remeshing: 0.08977222442626953 sec
Time for Simplification: 0.24150943756103516 sec
Module pamo_safe_project.kernels.geometry_kernels load on device 'cuda:0' took 19.73 ms
Module pamo_safe_project.kernels.energy_kernels.elastic_energy load on device 'cuda:0' took 102.75 ms
Module pamo_safe_project.kernels.energy_kernels.hinge_energy load on device 'cuda:0' took 39.88 ms
Module pamo_safe_project.kernels.energy_kernels.contact_detection load on device 'cuda:0' took 24.15 ms
Module pamo_safe_project.kernels.energy_kernels.distance_energy load on device 'cuda:0' took 31.93 ms
Module pamo_safe_project.kernels.energy_kernels.collision_energy load on device 'cuda:0' took 105.95 ms
Module pamo_safe_project.kernels.utils_kernels load on device 'cuda:0' took 4.18 ms
Module pamo_safe_project.kernels.solver_kernels load on device 'cuda:0' took 3.77 ms
Module warp.utils load on device 'cuda:0' took 1.92 ms
Module pamo_safe_project.kernels.distance_kernels.grad_funcs load on device 'cuda:0' took 27.52 ms
Module pamo_safe_project.kernels.distance_kernels.hessian_funcs load on device 'cuda:0' took 113.45 ms
Module pamo_safe_project.kernels.distance_kernels.distance_kernels load on device 'cuda:0' took 158.89 ms
Module pamo_safe_project.kernels.distance_kernels.grad_funcs_struct load on device 'cuda:0' took 23.91 ms
Module pamo_safe_project.kernels.distance_kernels.distance_kernels_struct load on device 'cuda:0' took 26.92 ms
Module pamo_safe_project.kernels.ccd_kernels load on device 'cuda:0' took 32.23 ms
Module pamo_safe_project.kernels.energy_kernels.lb_curvature_energy load on device 'cuda:0' took 4.12 ms
Module locality_gpu load on device 'cuda:0' took 0.98 ms
{"pamo_run_ms": 2271.901972591877, "stage1": "original", "method": "full", "maintenance_ms": 2769.9171705171466, "status": "pending_independent_audit"}
