Warp 1.0.0-beta.2 initialized:
   CUDA Toolkit: 12.8, Driver: 13.2
   Devices:
     "cpu"    | x86_64
     "cuda:0" | NVIDIA GeForce RTX 4080 SUPER (sm_89)
   Kernel cache: /root/.cache/warp/1.0.0-beta.2
[33;20mWARNING - Triangle area is too small (min_area=2.2444918494700057e-15), may cause numerical instability (system.py:213)[0m
Module pamo_safe_project.kernels.geometry_kernels load on device 'cuda:0' took 27.35 ms
Module pamo_safe_project.kernels.energy_kernels.elastic_energy load on device 'cuda:0' took 21.10 ms
Module pamo_safe_project.kernels.energy_kernels.hinge_energy load on device 'cuda:0' took 51.07 ms
Module pamo_safe_project.kernels.energy_kernels.precision_contact_detection load on device 'cuda:0' took 28.22 ms
Module pamo_safe_project.kernels.energy_kernels.distance_energy load on device 'cuda:0' took 39.80 ms
Module pamo_safe_project.kernels.energy_kernels.preserved_collision_energy load on device 'cuda:0' took 122.61 ms
Module pamo_safe_project.kernels.utils_kernels load on device 'cuda:0' took 6.00 ms
Module tangent_plane_gpu load on device 'cuda:0' took 2.14 ms
Module locality_gpu load on device 'cuda:0' took 1.18 ms
Module pamo_safe_project.kernels.solver_kernels load on device 'cuda:0' took 5.33 ms
Module warp.utils load on device 'cuda:0' took 2.36 ms
Module pamo_safe_project.kernels.distance_kernels.grad_funcs load on device 'cuda:0' took 32.48 ms
Module pamo_safe_project.kernels.distance_kernels.hessian_funcs load on device 'cuda:0' took 143.99 ms
Module pamo_safe_project.kernels.distance_kernels.distance_kernels load on device 'cuda:0' took 202.91 ms
Module pamo_safe_project.kernels.distance_kernels.grad_funcs_struct load on device 'cuda:0' took 30.35 ms
Module pamo_safe_project.kernels.distance_kernels.distance_kernels_struct load on device 'cuda:0' took 34.99 ms
Module pamo_safe_project.kernels.energy_kernels.collision_energy load on device 'cuda:0' took 129.57 ms
Module pamo_safe_project.kernels.ccd_kernels load on device 'cuda:0' took 38.93 ms
Module pamo_safe_project.kernels.energy_kernels.lb_curvature_energy load on device 'cuda:0' took 7.13 ms
Module pamo_safe_project.kernels.energy_kernels.contact_detection load on device 'cuda:0' took 28.82 ms
Module tangent_preserved_gpu load on device 'cuda:0' took 2.31 ms
Module robust_pt_gpu load on device 'cuda:0' took 9.05 ms
Module pamo_safe_project.kernels.energy_kernels.precision_collision_energy load on device 'cuda:0' took 127.90 ms
Module pamo_safe_project.kernels.precision_ccd_kernels load on device 'cuda:0' took 38.02 ms
Module robust_pt_gradient_gpu load on device 'cuda:0' took 7.95 ms
Module pamo_safe_project.kernels.energy_kernels.precision_gradient_collision_energy load on device 'cuda:0' took 111.31 ms
Module fixed_geometry_gpu load on device 'cuda:0' took 8.85 ms
Module pamo_safe_project.kernels.preserved_ccd load on device 'cuda:0' took 45.73 ms
