Warp 1.0.0-beta.2 initialized:
   CUDA Toolkit: 12.8, Driver: 13.2
   Devices:
     "cpu"    | x86_64
     "cuda:0" | NVIDIA GeForce RTX 4080 SUPER (sm_89)
   Kernel cache: /root/.cache/warp/1.0.0-beta.2
[33;20mWARNING - Triangle area is too small (min_area=6.433328415707173e-16), may cause numerical instability (system.py:213)[0m
Module pamo_safe_project.kernels.geometry_kernels load on device 'cuda:0' took 34.92 ms
Module pamo_safe_project.kernels.energy_kernels.elastic_energy load on device 'cuda:0' took 26.77 ms
Module pamo_safe_project.kernels.energy_kernels.hinge_energy load on device 'cuda:0' took 56.29 ms
Module pamo_safe_project.kernels.energy_kernels.precision_contact_detection load on device 'cuda:0' took 35.14 ms
Module pamo_safe_project.kernels.energy_kernels.distance_energy load on device 'cuda:0' took 42.18 ms
Module pamo_safe_project.kernels.energy_kernels.precision_gradient_collision_energy load on device 'cuda:0' took 122.12 ms
Module pamo_safe_project.kernels.utils_kernels load on device 'cuda:0' took 8.15 ms
Module tangent_plane_gpu load on device 'cuda:0' took 2.69 ms
Module locality_gpu load on device 'cuda:0' took 1.66 ms
Module pamo_safe_project.kernels.solver_kernels load on device 'cuda:0' took 5.83 ms
Module warp.utils load on device 'cuda:0' took 3.05 ms
Module pamo_safe_project.kernels.distance_kernels.grad_funcs load on device 'cuda:0' took 33.09 ms
Module pamo_safe_project.kernels.distance_kernels.hessian_funcs load on device 'cuda:0' took 160.09 ms
Module pamo_safe_project.kernels.distance_kernels.distance_kernels load on device 'cuda:0' took 212.88 ms
Module pamo_safe_project.kernels.distance_kernels.grad_funcs_struct load on device 'cuda:0' took 31.76 ms
Module pamo_safe_project.kernels.distance_kernels.distance_kernels_struct load on device 'cuda:0' took 37.64 ms
Module pamo_safe_project.kernels.energy_kernels.collision_energy load on device 'cuda:0' took 142.47 ms
Module pamo_safe_project.kernels.ccd_kernels load on device 'cuda:0' took 41.88 ms
Module pamo_safe_project.kernels.energy_kernels.lb_curvature_energy load on device 'cuda:0' took 5.94 ms
Module pamo_safe_project.kernels.energy_kernels.contact_detection load on device 'cuda:0' took 36.38 ms
Module robust_pt_gpu load on device 'cuda:0' took 8.89 ms
Module pamo_safe_project.kernels.energy_kernels.precision_collision_energy load on device 'cuda:0' took 139.13 ms
Module pamo_safe_project.kernels.precision_ccd_kernels load on device 'cuda:0' took 44.82 ms
Module robust_pt_gradient_gpu load on device 'cuda:0' took 8.18 ms
