Stage1 :  True
Stage3 :  True
Warp 1.0.0-beta.2 initialized:
   CUDA Toolkit: 12.8, Driver: 13.2
   Devices:
     "cpu"    | x86_64
     "cuda:0" | NVIDIA GeForce RTX 4080 SUPER (sm_89)
   Kernel cache: /root/.cache/warp/1.0.0-beta.2
Target faces : 1802
Time for Remeshing: 0.1111292839050293 sec
Time for Simplification: 0.5295898914337158 sec
Module pamo_safe_project.kernels.geometry_kernels load on device 'cuda:0' took 23.37 ms
Module pamo_safe_project.kernels.energy_kernels.elastic_energy load on device 'cuda:0' took 21.44 ms
Module pamo_safe_project.kernels.energy_kernels.hinge_energy load on device 'cuda:0' took 52.34 ms
Module pamo_safe_project.kernels.energy_kernels.contact_detection load on device 'cuda:0' took 31.24 ms
Module pamo_safe_project.kernels.energy_kernels.distance_energy load on device 'cuda:0' took 41.19 ms
Module pamo_safe_project.kernels.energy_kernels.collision_energy load on device 'cuda:0' took 137.08 ms
Module pamo_safe_project.kernels.utils_kernels load on device 'cuda:0' took 6.06 ms
Module pamo_safe_project.kernels.solver_kernels load on device 'cuda:0' took 4.93 ms
Module warp.utils load on device 'cuda:0' took 2.49 ms
Module pamo_safe_project.kernels.distance_kernels.grad_funcs load on device 'cuda:0' took 33.58 ms
Module pamo_safe_project.kernels.distance_kernels.hessian_funcs load on device 'cuda:0' took 145.46 ms
Module pamo_safe_project.kernels.distance_kernels.distance_kernels load on device 'cuda:0' took 206.98 ms
Module pamo_safe_project.kernels.distance_kernels.grad_funcs_struct load on device 'cuda:0' took 31.01 ms
Module pamo_safe_project.kernels.distance_kernels.distance_kernels_struct load on device 'cuda:0' took 34.10 ms
Module pamo_safe_project.kernels.ccd_kernels load on device 'cuda:0' took 42.30 ms
Module pamo_safe_project.kernels.energy_kernels.lb_curvature_energy load on device 'cuda:0' took 6.47 ms
Module locality_gpu load on device 'cuda:0' took 1.43 ms
{"pamo_run_ms": 2833.822501823306, "stage1": "original", "method": "full", "maintenance_ms": 5471.180327236652, "status": "pending_independent_audit"}
