Warp 1.0.0-beta.2 initialized:
   CUDA Toolkit: 12.8, Driver: 13.2
   Devices:
     "cpu"    | x86_64
     "cuda:0" | NVIDIA GeForce RTX 4080 SUPER (sm_89)
   Kernel cache: /root/.cache/warp/1.0.0-beta.2
[33;20mWARNING - Triangle area is too small (min_area=7.667990660252978e-10), may cause numerical instability (system.py:213)[0m
Module pamo_safe_project.kernels.geometry_kernels load on device 'cuda:0' took 28.65 ms
Module pamo_safe_project.kernels.energy_kernels.elastic_energy load on device 'cuda:0' took 21.34 ms
Module pamo_safe_project.kernels.energy_kernels.hinge_energy load on device 'cuda:0' took 60.11 ms
Module pamo_safe_project.kernels.energy_kernels.precision_contact_detection load on device 'cuda:0' took 31.16 ms
Module pamo_safe_project.kernels.energy_kernels.distance_energy load on device 'cuda:0' took 40.86 ms
Module pamo_safe_project.kernels.energy_kernels.precision_gradient_collision_energy load on device 'cuda:0' took 122.23 ms
Module pamo_safe_project.kernels.utils_kernels load on device 'cuda:0' took 5.91 ms
Module tangent_plane_gpu load on device 'cuda:0' took 2.23 ms
Module locality_gpu load on device 'cuda:0' took 1.27 ms
Module pamo_safe_project.kernels.solver_kernels load on device 'cuda:0' took 7.35 ms
Module warp.utils load on device 'cuda:0' took 2.73 ms
Module pamo_safe_project.kernels.distance_kernels.grad_funcs load on device 'cuda:0' took 33.56 ms
Module pamo_safe_project.kernels.distance_kernels.hessian_funcs load on device 'cuda:0' took 158.41 ms
Module pamo_safe_project.kernels.distance_kernels.distance_kernels load on device 'cuda:0' took 224.92 ms
Module pamo_safe_project.kernels.distance_kernels.grad_funcs_struct load on device 'cuda:0' took 31.20 ms
Module pamo_safe_project.kernels.distance_kernels.distance_kernels_struct load on device 'cuda:0' took 34.79 ms
Module pamo_safe_project.kernels.energy_kernels.collision_energy load on device 'cuda:0' took 147.21 ms
Module pamo_safe_project.kernels.ccd_kernels load on device 'cuda:0' took 41.76 ms
Module pamo_safe_project.kernels.energy_kernels.lb_curvature_energy load on device 'cuda:0' took 6.59 ms
Module pamo_safe_project.kernels.energy_kernels.contact_detection load on device 'cuda:0' took 34.61 ms
Module robust_pt_gpu load on device 'cuda:0' took 8.25 ms
Module pamo_safe_project.kernels.energy_kernels.precision_collision_energy load on device 'cuda:0' took 144.53 ms
Module pamo_safe_project.kernels.precision_ccd_kernels load on device 'cuda:0' took 41.29 ms
Module robust_pt_gradient_gpu load on device 'cuda:0' took 8.95 ms
