Warp 1.0.0-beta.2 initialized:
   CUDA Toolkit: 12.8, Driver: 13.2
   Devices:
     "cpu"    | x86_64
     "cuda:0" | NVIDIA GeForce RTX 4080 SUPER (sm_89)
   Kernel cache: /root/.cache/warp/1.0.0-beta.2
[33;20mWARNING - Triangle area is too small (min_area=2.2444918494700057e-15), may cause numerical instability (system.py:213)[0m
Module pamo_safe_project.kernels.geometry_kernels load on device 'cuda:0' took 27.61 ms
Module pamo_safe_project.kernels.energy_kernels.elastic_energy load on device 'cuda:0' took 20.87 ms
Module pamo_safe_project.kernels.energy_kernels.hinge_energy load on device 'cuda:0' took 51.59 ms
Module pamo_safe_project.kernels.energy_kernels.precision_contact_detection load on device 'cuda:0' took 28.43 ms
Module pamo_safe_project.kernels.energy_kernels.distance_energy load on device 'cuda:0' took 40.29 ms
Module pamo_safe_project.kernels.energy_kernels.preserved_collision_energy load on device 'cuda:0' took 123.97 ms
Module pamo_safe_project.kernels.utils_kernels load on device 'cuda:0' took 6.11 ms
Module tangent_plane_gpu load on device 'cuda:0' took 2.17 ms
Module locality_gpu load on device 'cuda:0' took 1.22 ms
Module pamo_safe_project.kernels.solver_kernels load on device 'cuda:0' took 4.65 ms
Module warp.utils load on device 'cuda:0' took 3.58 ms
Module pamo_safe_project.kernels.distance_kernels.grad_funcs load on device 'cuda:0' took 25.11 ms
Module pamo_safe_project.kernels.distance_kernels.hessian_funcs load on device 'cuda:0' took 105.87 ms
Module pamo_safe_project.kernels.distance_kernels.distance_kernels load on device 'cuda:0' took 152.56 ms
Module pamo_safe_project.kernels.distance_kernels.grad_funcs_struct load on device 'cuda:0' took 21.84 ms
Module pamo_safe_project.kernels.distance_kernels.distance_kernels_struct load on device 'cuda:0' took 24.23 ms
Module pamo_safe_project.kernels.energy_kernels.collision_energy load on device 'cuda:0' took 105.85 ms
Module pamo_safe_project.kernels.ccd_kernels load on device 'cuda:0' took 32.04 ms
Module pamo_safe_project.kernels.energy_kernels.lb_curvature_energy load on device 'cuda:0' took 5.79 ms
Module pamo_safe_project.kernels.energy_kernels.contact_detection load on device 'cuda:0' took 22.78 ms
Module tangent_preserved_gpu load on device 'cuda:0' took 1.63 ms
Module robust_pt_gpu load on device 'cuda:0' took 6.44 ms
Module pamo_safe_project.kernels.energy_kernels.precision_collision_energy load on device 'cuda:0' took 97.73 ms
Module pamo_safe_project.kernels.precision_ccd_kernels load on device 'cuda:0' took 27.06 ms
Module robust_pt_gradient_gpu load on device 'cuda:0' took 5.99 ms
Module pamo_safe_project.kernels.energy_kernels.precision_gradient_collision_energy load on device 'cuda:0' took 82.96 ms
Module fixed_geometry_gpu load on device 'cuda:0' took 6.26 ms
Module pamo_safe_project.kernels.preserved_ccd load on device 'cuda:0' took 31.76 ms
