Warp 1.0.0-beta.2 initialized:
   CUDA Toolkit: 12.8, Driver: 13.2
   Devices:
     "cpu"    | x86_64
     "cuda:0" | NVIDIA GeForce RTX 4090 (sm_89)
   Kernel cache: /root/.cache/warp/1.0.0-beta.2
Module pamo_safe_project.kernels.geometry_kernels load on device 'cuda:0' took 16.68 ms
Module pamo_safe_project.kernels.energy_kernels.elastic_energy load on device 'cuda:0' took 10.83 ms
Module pamo_safe_project.kernels.energy_kernels.hinge_energy load on device 'cuda:0' took 26.71 ms
Module pamo_safe_project.kernels.energy_kernels.contact_detection load on device 'cuda:0' took 15.91 ms
Module pamo_safe_project.kernels.energy_kernels.distance_energy load on device 'cuda:0' took 21.92 ms
Module pamo_safe_project.kernels.energy_kernels.collision_energy load on device 'cuda:0' took 71.07 ms
Module pamo_safe_project.kernels.utils_kernels load on device 'cuda:0' took 3.16 ms
Module locality_gpu load on device 'cuda:0' took 0.76 ms
Module pamo_safe_project.kernels.solver_kernels load on device 'cuda:0' took 2.52 ms
Module warp.utils load on device 'cuda:0' took 1.37 ms
Module pamo_safe_project.kernels.distance_kernels.grad_funcs load on device 'cuda:0' took 16.77 ms
Module pamo_safe_project.kernels.distance_kernels.hessian_funcs load on device 'cuda:0' took 73.65 ms
Module pamo_safe_project.kernels.distance_kernels.distance_kernels load on device 'cuda:0' took 101.50 ms
Module pamo_safe_project.kernels.distance_kernels.grad_funcs_struct load on device 'cuda:0' took 15.85 ms
Module pamo_safe_project.kernels.distance_kernels.distance_kernels_struct load on device 'cuda:0' took 18.37 ms
Module pamo_safe_project.kernels.ccd_kernels load on device 'cuda:0' took 21.16 ms
Module pamo_safe_project.kernels.energy_kernels.lb_curvature_energy load on device 'cuda:0' took 3.15 ms
{"quality_generation_ms": 34.84680783003569, "requested_edge_length_mm": 0.15165724629584273, "actual_edge_length_mm": 0.31005898643597823, "max_protected_edge_mm": 0.40797235057365555, "active_fraction": 0.468721251149954, "input_faces": 2174, "output_faces": 1966, "fp64_restoration_max_mm": 0.0, "iterations": 3, "fixed_contract_before_projection": {"passed": true, "external_faces": 1155, "external_faces_retained": 1155, "missing_fixed_vertices": 0}, "safe_projection_ms": 899.5210994035006, "projection_fp64_restoration_max_mm": 1.307820125201061e-07, "collision_scope": "whole_mesh_author_energy_and_ccd", "fixed_contract": {"passed": true, "external_faces": 1155, "external_faces_retained": 1155, "missing_fixed_vertices": 0}, "method": "spatial", "maintenance_ms": 2777.327765710652, "status": "pending_independent_audit"}
