only got 12770/16384 samples!
Stage1 :  True
Stage3 :  True
Warp 1.0.0-beta.2 initialized:
   CUDA Toolkit: 12.8, Driver: 13.2
   Devices:
     "cpu"    | x86_64
     "cuda:0" | NVIDIA GeForce RTX 4080 SUPER (sm_89)
   Kernel cache: /root/.cache/warp/1.0.0-beta.2
Target faces : 656
Time for Remeshing: 0.11197161674499512 sec
Time for Simplification: 0.23781561851501465 sec
Module pamo_safe_project.kernels.geometry_kernels load on device 'cuda:0' took 22.16 ms
Module pamo_safe_project.kernels.energy_kernels.elastic_energy load on device 'cuda:0' took 24.41 ms
Module pamo_safe_project.kernels.energy_kernels.hinge_energy load on device 'cuda:0' took 53.96 ms
Module pamo_safe_project.kernels.energy_kernels.contact_detection load on device 'cuda:0' took 29.83 ms
Module pamo_safe_project.kernels.energy_kernels.distance_energy load on device 'cuda:0' took 44.01 ms
Module pamo_safe_project.kernels.energy_kernels.collision_energy load on device 'cuda:0' took 138.51 ms
Module pamo_safe_project.kernels.utils_kernels load on device 'cuda:0' took 5.74 ms
Module pamo_safe_project.kernels.solver_kernels load on device 'cuda:0' took 4.84 ms
Module warp.utils load on device 'cuda:0' took 2.79 ms
Module pamo_safe_project.kernels.distance_kernels.grad_funcs load on device 'cuda:0' took 37.81 ms
Module pamo_safe_project.kernels.distance_kernels.hessian_funcs load on device 'cuda:0' took 146.05 ms
Module pamo_safe_project.kernels.distance_kernels.distance_kernels load on device 'cuda:0' took 207.19 ms
Module pamo_safe_project.kernels.distance_kernels.grad_funcs_struct load on device 'cuda:0' took 31.45 ms
Module pamo_safe_project.kernels.distance_kernels.distance_kernels_struct load on device 'cuda:0' took 33.07 ms
Module pamo_safe_project.kernels.ccd_kernels load on device 'cuda:0' took 40.50 ms
Module pamo_safe_project.kernels.energy_kernels.lb_curvature_energy load on device 'cuda:0' took 5.93 ms
Module locality_gpu load on device 'cuda:0' took 1.20 ms
{"pamo_run_ms": 2020.0459258630872, "stage1": "original", "method": "full", "maintenance_ms": 4714.731990359724, "status": "pending_independent_audit"}
