Stage1 :  True
Stage3 :  True
{"original_config_sha256": "df1eb24db57394c32e31f6d67a58cd7ef6c25febc11aff39c5e9503ee82d6390", "max_blocks": 67108864}
Warp 1.0.0-beta.2 initialized:
   CUDA Toolkit: 12.8, Driver: 13.2
   Devices:
     "cpu"    | x86_64
     "cuda:0" | NVIDIA GeForce RTX 4080 SUPER (sm_89)
   Kernel cache: /root/.cache/warp/1.0.0-beta.2
Target faces : 4204
Time for Remeshing: 0.551304817199707 sec
Time for Simplification: 4.751219272613525 sec
Module pamo_safe_project.kernels.geometry_kernels load on device 'cuda:0' took 18.75 ms
Module pamo_safe_project.kernels.energy_kernels.elastic_energy load on device 'cuda:0' took 17.35 ms
Module pamo_safe_project.kernels.energy_kernels.hinge_energy load on device 'cuda:0' took 43.06 ms
Module pamo_safe_project.kernels.energy_kernels.contact_detection load on device 'cuda:0' took 24.65 ms
Module pamo_safe_project.kernels.energy_kernels.distance_energy load on device 'cuda:0' took 32.65 ms
Module pamo_safe_project.kernels.energy_kernels.collision_energy load on device 'cuda:0' took 109.88 ms
Module pamo_safe_project.kernels.utils_kernels load on device 'cuda:0' took 4.99 ms
Module pamo_safe_project.kernels.solver_kernels load on device 'cuda:0' took 3.90 ms
Module warp.utils load on device 'cuda:0' took 1.91 ms
Module pamo_safe_project.kernels.distance_kernels.grad_funcs load on device 'cuda:0' took 27.16 ms
Module pamo_safe_project.kernels.distance_kernels.hessian_funcs load on device 'cuda:0' took 117.19 ms
Module pamo_safe_project.kernels.distance_kernels.distance_kernels load on device 'cuda:0' took 163.59 ms
Module pamo_safe_project.kernels.distance_kernels.grad_funcs_struct load on device 'cuda:0' took 24.86 ms
Module pamo_safe_project.kernels.distance_kernels.distance_kernels_struct load on device 'cuda:0' took 27.92 ms
Module pamo_safe_project.kernels.ccd_kernels load on device 'cuda:0' took 32.01 ms
Module pamo_safe_project.kernels.energy_kernels.lb_curvature_energy load on device 'cuda:0' took 4.57 ms
Module locality_gpu load on device 'cuda:0' took 1.03 ms
{"pamo_run_ms": 6749.950081110001, "stage1": "original", "method": "full", "maintenance_ms": 7048.4692780300975, "status": "pending_independent_audit"}
