Warp 1.0.0-beta.2 initialized:
   CUDA Toolkit: 12.8, Driver: 13.2
   Devices:
     "cpu"    | x86_64
     "cuda:0" | NVIDIA GeForce RTX 4080 SUPER (sm_89)
   Kernel cache: /root/.cache/warp/1.0.0-beta.2
[33;20mWARNING - Triangle area is too small (min_area=2.2444918493993285e-15), may cause numerical instability (system.py:213)[0m
Module pamo_safe_project.kernels.geometry_kernels load on device 'cuda:0' took 33.12 ms
Module pamo_safe_project.kernels.energy_kernels.elastic_energy load on device 'cuda:0' took 25.38 ms
Module pamo_safe_project.kernels.energy_kernels.hinge_energy load on device 'cuda:0' took 56.21 ms
Module pamo_safe_project.kernels.energy_kernels.precision_contact_detection load on device 'cuda:0' took 36.03 ms
Module pamo_safe_project.kernels.energy_kernels.distance_energy load on device 'cuda:0' took 42.86 ms
Module pamo_safe_project.kernels.energy_kernels.precision_gradient_collision_energy load on device 'cuda:0' took 124.27 ms
Module pamo_safe_project.kernels.utils_kernels load on device 'cuda:0' took 6.25 ms
Module tangent_plane_gpu load on device 'cuda:0' took 3.11 ms
Module locality_gpu load on device 'cuda:0' took 1.45 ms
Module pamo_safe_project.kernels.solver_kernels load on device 'cuda:0' took 5.80 ms
Module warp.utils load on device 'cuda:0' took 3.26 ms
Module pamo_safe_project.kernels.distance_kernels.grad_funcs load on device 'cuda:0' took 39.03 ms
Module pamo_safe_project.kernels.distance_kernels.hessian_funcs load on device 'cuda:0' took 165.65 ms
Module pamo_safe_project.kernels.distance_kernels.distance_kernels load on device 'cuda:0' took 683.22 ms
Module pamo_safe_project.kernels.distance_kernels.grad_funcs_struct load on device 'cuda:0' took 136.85 ms
Module pamo_safe_project.kernels.distance_kernels.distance_kernels_struct load on device 'cuda:0' took 34.94 ms
Module pamo_safe_project.kernels.energy_kernels.collision_energy load on device 'cuda:0' took 142.32 ms
Module pamo_safe_project.kernels.ccd_kernels load on device 'cuda:0' took 41.57 ms
Module pamo_safe_project.kernels.energy_kernels.lb_curvature_energy load on device 'cuda:0' took 6.22 ms
Module pamo_safe_project.kernels.energy_kernels.contact_detection load on device 'cuda:0' took 32.59 ms
Module robust_pt_gpu load on device 'cuda:0' took 8.30 ms
Module pamo_safe_project.kernels.energy_kernels.precision_collision_energy load on device 'cuda:0' took 147.37 ms
Module pamo_safe_project.kernels.precision_ccd_kernels load on device 'cuda:0' took 40.82 ms
Module robust_pt_gradient_gpu load on device 'cuda:0' took 10.84 ms
