Warp 1.0.0-beta.2 initialized:
   CUDA Toolkit: 12.8, Driver: 13.2
   Devices:
     "cpu"    | x86_64
     "cuda:0" | NVIDIA GeForce RTX 4080 SUPER (sm_89)
   Kernel cache: /root/.cache/warp/1.0.0-beta.2
[33;20mWARNING - Triangle area is too small (min_area=1.1257122501454206e-09), may cause numerical instability (system.py:213)[0m
Module pamo_safe_project.kernels.geometry_kernels load on device 'cuda:0' took 22.41 ms
Module pamo_safe_project.kernels.energy_kernels.elastic_energy load on device 'cuda:0' took 57.96 ms
Module pamo_safe_project.kernels.energy_kernels.hinge_energy load on device 'cuda:0' took 238.56 ms
Module pamo_safe_project.kernels.energy_kernels.precision_contact_detection load on device 'cuda:0' took 22.97 ms
Module pamo_safe_project.kernels.energy_kernels.distance_energy load on device 'cuda:0' took 33.57 ms
Module pamo_safe_project.kernels.energy_kernels.precision_collision_energy load on device 'cuda:0' took 106.18 ms
Module pamo_safe_project.kernels.utils_kernels load on device 'cuda:0' took 4.71 ms
Module tangent_plane_gpu load on device 'cuda:0' took 1.72 ms
Module locality_gpu load on device 'cuda:0' took 0.97 ms
Module pamo_safe_project.kernels.solver_kernels load on device 'cuda:0' took 5.02 ms
Module warp.utils load on device 'cuda:0' took 2.42 ms
Module pamo_safe_project.kernels.distance_kernels.grad_funcs load on device 'cuda:0' took 32.56 ms
Module pamo_safe_project.kernels.distance_kernels.hessian_funcs load on device 'cuda:0' took 142.87 ms
Module pamo_safe_project.kernels.distance_kernels.distance_kernels load on device 'cuda:0' took 198.32 ms
Module pamo_safe_project.kernels.distance_kernels.grad_funcs_struct load on device 'cuda:0' took 30.53 ms
Module pamo_safe_project.kernels.distance_kernels.distance_kernels_struct load on device 'cuda:0' took 33.66 ms
Module pamo_safe_project.kernels.energy_kernels.collision_energy load on device 'cuda:0' took 133.75 ms
Module pamo_safe_project.kernels.ccd_kernels load on device 'cuda:0' took 39.00 ms
Module pamo_safe_project.kernels.energy_kernels.lb_curvature_energy load on device 'cuda:0' took 5.40 ms
Module pamo_safe_project.kernels.energy_kernels.contact_detection load on device 'cuda:0' took 28.99 ms
Module robust_pt_gpu load on device 'cuda:0' took 7.87 ms
Module pamo_safe_project.kernels.precision_ccd_kernels load on device 'cuda:0' took 38.13 ms
