Stage1 :  True
Stage3 :  True
Warp 1.0.0-beta.2 initialized:
   CUDA Toolkit: 12.8, Driver: 13.2
   Devices:
     "cpu"    | x86_64
     "cuda:0" | NVIDIA GeForce RTX 4080 SUPER (sm_89)
   Kernel cache: /root/.cache/warp/1.0.0-beta.2
Target faces : 2140
Time for Remeshing: 0.15059375762939453 sec
Time for Simplification: 0.5973269939422607 sec
Module pamo_safe_project.kernels.geometry_kernels load on device 'cuda:0' took 23.26 ms
Module pamo_safe_project.kernels.energy_kernels.elastic_energy load on device 'cuda:0' took 21.33 ms
Module pamo_safe_project.kernels.energy_kernels.hinge_energy load on device 'cuda:0' took 52.14 ms
Module pamo_safe_project.kernels.energy_kernels.contact_detection load on device 'cuda:0' took 30.37 ms
Module pamo_safe_project.kernels.energy_kernels.distance_energy load on device 'cuda:0' took 40.45 ms
Module pamo_safe_project.kernels.energy_kernels.collision_energy load on device 'cuda:0' took 134.33 ms
Module pamo_safe_project.kernels.utils_kernels load on device 'cuda:0' took 5.95 ms
Module pamo_safe_project.kernels.solver_kernels load on device 'cuda:0' took 4.87 ms
Module warp.utils load on device 'cuda:0' took 2.54 ms
Module pamo_safe_project.kernels.distance_kernels.grad_funcs load on device 'cuda:0' took 32.98 ms
Module pamo_safe_project.kernels.distance_kernels.hessian_funcs load on device 'cuda:0' took 142.31 ms
Module pamo_safe_project.kernels.distance_kernels.distance_kernels load on device 'cuda:0' took 201.19 ms
Module pamo_safe_project.kernels.distance_kernels.grad_funcs_struct load on device 'cuda:0' took 30.99 ms
Module pamo_safe_project.kernels.distance_kernels.distance_kernels_struct load on device 'cuda:0' took 34.09 ms
Module pamo_safe_project.kernels.ccd_kernels load on device 'cuda:0' took 40.54 ms
Module pamo_safe_project.kernels.energy_kernels.lb_curvature_energy load on device 'cuda:0' took 5.87 ms
Module locality_gpu load on device 'cuda:0' took 1.33 ms
{"pamo_run_ms": 2228.7728572264314, "stage1": "original", "method": "full", "maintenance_ms": 5835.644328966737, "status": "pending_independent_audit"}
