Warp 1.0.0-beta.2 initialized:
   CUDA Toolkit: 12.8, Driver: 13.2
   Devices:
     "cpu"    | x86_64
     "cuda:0" | NVIDIA GeForce RTX 4090 (sm_89)
   Kernel cache: /root/.cache/warp/1.0.0-beta.2
Module pamo_safe_project.kernels.geometry_kernels load on device 'cuda:0' took 17.22 ms
Module pamo_safe_project.kernels.energy_kernels.elastic_energy load on device 'cuda:0' took 12.08 ms
Module pamo_safe_project.kernels.energy_kernels.hinge_energy load on device 'cuda:0' took 26.44 ms
Module pamo_safe_project.kernels.energy_kernels.contact_detection load on device 'cuda:0' took 16.47 ms
Module pamo_safe_project.kernels.energy_kernels.distance_energy load on device 'cuda:0' took 21.13 ms
Module pamo_safe_project.kernels.energy_kernels.collision_energy load on device 'cuda:0' took 71.38 ms
Module pamo_safe_project.kernels.utils_kernels load on device 'cuda:0' took 3.42 ms
Module locality_gpu load on device 'cuda:0' took 0.87 ms
Module pamo_safe_project.kernels.solver_kernels load on device 'cuda:0' took 3.02 ms
Module warp.utils load on device 'cuda:0' took 1.40 ms
Module pamo_safe_project.kernels.distance_kernels.grad_funcs load on device 'cuda:0' took 17.86 ms
Module pamo_safe_project.kernels.distance_kernels.hessian_funcs load on device 'cuda:0' took 72.73 ms
Module pamo_safe_project.kernels.distance_kernels.distance_kernels load on device 'cuda:0' took 102.16 ms
Module pamo_safe_project.kernels.distance_kernels.grad_funcs_struct load on device 'cuda:0' took 15.89 ms
Module pamo_safe_project.kernels.distance_kernels.distance_kernels_struct load on device 'cuda:0' took 17.37 ms
Module pamo_safe_project.kernels.ccd_kernels load on device 'cuda:0' took 21.65 ms
Module pamo_safe_project.kernels.energy_kernels.lb_curvature_energy load on device 'cuda:0' took 3.19 ms
{"quality_generation_ms": 129.78725042194128, "requested_edge_length_mm": 0.093508453944998, "actual_edge_length_mm": 0.11087622061958823, "max_protected_edge_mm": 0.1458897639731424, "active_fraction": 0.07200145825738243, "input_faces": 5486, "output_faces": 5616, "fp64_restoration_max_mm": 0.0, "iterations": 3, "fixed_contract_before_projection": {"passed": false, "external_faces": 5091, "external_faces_retained": 5068, "missing_fixed_vertices": 0}, "safe_projection_ms": 937.9168637096882, "projection_fp64_restoration_max_mm": 1.4877519040152388e-07, "collision_scope": "whole_mesh_author_energy_and_ccd", "fixed_contract": {"passed": false, "external_faces": 5091, "external_faces_retained": 5027, "missing_fixed_vertices": 27}, "method": "no_boundary", "maintenance_ms": 3014.755243435502, "status": "pending_independent_audit"}
