Stage1 :  True
Stage3 :  True
{"original_config_sha256": "df1eb24db57394c32e31f6d67a58cd7ef6c25febc11aff39c5e9503ee82d6390", "max_blocks": 67108864}
Warp 1.0.0-beta.2 initialized:
   CUDA Toolkit: 12.8, Driver: 13.2
   Devices:
     "cpu"    | x86_64
     "cuda:0" | NVIDIA GeForce RTX 4080 SUPER (sm_89)
   Kernel cache: /root/.cache/warp/1.0.0-beta.2
Target faces : 61204
Time for Remeshing: 0.10630631446838379 sec
Time for Simplification: 0.02030801773071289 sec
Module pamo_safe_project.kernels.geometry_kernels load on device 'cuda:0' took 24.88 ms
Module pamo_safe_project.kernels.energy_kernels.elastic_energy load on device 'cuda:0' took 151.45 ms
Module pamo_safe_project.kernels.energy_kernels.hinge_energy load on device 'cuda:0' took 52.45 ms
Module pamo_safe_project.kernels.energy_kernels.contact_detection load on device 'cuda:0' took 30.64 ms
Module pamo_safe_project.kernels.energy_kernels.distance_energy load on device 'cuda:0' took 40.48 ms
Module pamo_safe_project.kernels.energy_kernels.collision_energy load on device 'cuda:0' took 151.52 ms
Module pamo_safe_project.kernels.utils_kernels load on device 'cuda:0' took 6.03 ms
Module pamo_safe_project.kernels.solver_kernels load on device 'cuda:0' took 7.08 ms
Module warp.utils load on device 'cuda:0' took 2.56 ms
Module pamo_safe_project.kernels.distance_kernels.grad_funcs load on device 'cuda:0' took 32.54 ms
Module pamo_safe_project.kernels.distance_kernels.hessian_funcs load on device 'cuda:0' took 142.33 ms
Module pamo_safe_project.kernels.distance_kernels.distance_kernels load on device 'cuda:0' took 201.01 ms
Module pamo_safe_project.kernels.distance_kernels.grad_funcs_struct load on device 'cuda:0' took 30.80 ms
Module pamo_safe_project.kernels.distance_kernels.distance_kernels_struct load on device 'cuda:0' took 33.78 ms
Module pamo_safe_project.kernels.ccd_kernels load on device 'cuda:0' took 40.22 ms
Module pamo_safe_project.kernels.energy_kernels.lb_curvature_energy load on device 'cuda:0' took 5.89 ms
Module locality_gpu load on device 'cuda:0' took 1.29 ms
{"pamo_run_ms": 4581.469561904669, "stage1": "original", "method": "full", "maintenance_ms": 5315.359263680875, "status": "pending_independent_audit"}
