Stage1 :  True
Stage3 :  True
Warp 1.0.0-beta.2 initialized:
   CUDA Toolkit: 12.8, Driver: 13.2
   Devices:
     "cpu"    | x86_64
     "cuda:0" | NVIDIA GeForce RTX 4090 (sm_89)
   Kernel cache: /root/.cache/warp/1.0.0-beta.2
Target faces : 306
Time for Remeshing: 0.07114052772521973 sec
Time for Simplification: 0.17165112495422363 sec
Module pamo_safe_project.kernels.geometry_kernels load on device 'cuda:0' took 12.19 ms
Module pamo_safe_project.kernels.energy_kernels.elastic_energy load on device 'cuda:0' took 11.94 ms
Module pamo_safe_project.kernels.energy_kernels.hinge_energy load on device 'cuda:0' took 26.99 ms
Module pamo_safe_project.kernels.energy_kernels.contact_detection load on device 'cuda:0' took 16.17 ms
Module pamo_safe_project.kernels.energy_kernels.distance_energy load on device 'cuda:0' took 22.25 ms
Module pamo_safe_project.kernels.energy_kernels.collision_energy load on device 'cuda:0' took 71.80 ms
Module pamo_safe_project.kernels.utils_kernels load on device 'cuda:0' took 3.17 ms
Module pamo_safe_project.kernels.solver_kernels load on device 'cuda:0' took 2.58 ms
Module warp.utils load on device 'cuda:0' took 1.36 ms
Module pamo_safe_project.kernels.distance_kernels.grad_funcs load on device 'cuda:0' took 16.77 ms
Module pamo_safe_project.kernels.distance_kernels.hessian_funcs load on device 'cuda:0' took 73.91 ms
Module pamo_safe_project.kernels.distance_kernels.distance_kernels load on device 'cuda:0' took 104.18 ms
Module pamo_safe_project.kernels.distance_kernels.grad_funcs_struct load on device 'cuda:0' took 15.98 ms
Module pamo_safe_project.kernels.distance_kernels.distance_kernels_struct load on device 'cuda:0' took 17.55 ms
Module pamo_safe_project.kernels.ccd_kernels load on device 'cuda:0' took 21.72 ms
Module pamo_safe_project.kernels.energy_kernels.lb_curvature_energy load on device 'cuda:0' took 3.18 ms
Module locality_gpu load on device 'cuda:0' took 0.75 ms
{"pamo_run_ms": 1153.84865924716, "stage1": "original", "method": "full", "maintenance_ms": 2788.0754405632615, "status": "pending_independent_audit"}
