o-[Process     ] Max used threads = 4
o-[I/O         ] Loading file /tmp/geogram_native_quality_20261006_16/inputs/10_parent.obj...
o-[I/O         ] (FP64) nb_v:24552 nb_e:0 nb_f:49100 nb_b:0 tri:1 dim:3
o-[I/O         ] Attributes on vertices: point[3]
o-[I/O         ] Loading file /tmp/geogram_native_quality_20261006_16/inputs/10_tool.obj...
o-[I/O         ] (FP64) nb_v:674 nb_e:0 nb_f:1344 nb_b:0 tri:1 dim:3
o-[I/O         ] Attributes on vertices: point[3]
NATIVE_QUALITY_REGION {"group":41408,"boundary_attempt":false,"point_budget":64,"source_facets":3,"boundary_points":5,"new_points":0,"boundary_unchanged":true,"before_bad":1,"after_score_computed":true,"after_bad":1,"after_valid":true,"before_bad_area":0.000218774,"after_bad_area":0.000218774,"selected":false}
NATIVE_QUALITY_REGION {"group":42441,"boundary_attempt":false,"point_budget":64,"source_facets":4,"boundary_points":6,"new_points":0,"boundary_unchanged":true,"before_bad":1,"after_score_computed":true,"after_bad":1,"after_valid":true,"before_bad_area":0.0001352,"after_bad_area":0.0001352,"selected":false}
NATIVE_QUALITY_REGION {"group":42977,"boundary_attempt":false,"point_budget":64,"source_facets":4,"boundary_points":6,"new_points":0,"boundary_unchanged":true,"before_bad":1,"after_score_computed":true,"after_bad":1,"after_valid":true,"before_bad_area":4.39476e-12,"after_bad_area":4.39476e-12,"selected":false}
NATIVE_QUALITY_REGION {"group":42987,"boundary_attempt":false,"point_budget":64,"source_facets":4,"boundary_points":6,"new_points":1,"boundary_unchanged":true,"before_bad":1,"after_score_computed":true,"after_bad":0,"after_valid":true,"before_bad_area":7.32441e-10,"after_bad_area":0,"selected":true}
NATIVE_QUALITY_REGION {"group":43011,"boundary_attempt":false,"point_budget":64,"source_facets":3,"boundary_points":5,"new_points":0,"boundary_unchanged":true,"before_bad":1,"after_score_computed":true,"after_bad":1,"after_valid":true,"before_bad_area":7.24718e-12,"after_bad_area":7.24718e-12,"selected":false}
NATIVE_QUALITY_REGION {"group":43314,"boundary_attempt":false,"point_budget":64,"source_facets":2,"boundary_points":4,"new_points":1,"boundary_unchanged":true,"before_bad":1,"after_score_computed":true,"after_bad":0,"after_valid":true,"before_bad_area":2.59615e-08,"after_bad_area":0,"selected":true}
NATIVE_QUALITY_REGION {"group":43514,"boundary_attempt":false,"point_budget":64,"source_facets":2,"boundary_points":4,"new_points":0,"boundary_unchanged":true,"before_bad":1,"after_score_computed":true,"after_bad":1,"after_valid":true,"before_bad_area":4.06425e-09,"after_bad_area":4.06425e-09,"selected":false}
NATIVE_QUALITY_REGION {"group":43514,"boundary_attempt":true,"point_budget":128,"source_facets":2,"boundary_points":4,"new_points":8,"boundary_unchanged":true,"before_bad":1,"after_score_computed":true,"after_bad":0,"after_valid":true,"before_bad_area":4.06425e-09,"after_bad_area":0,"selected":true}
NATIVE_QUALITY_REGION {"group":43737,"boundary_attempt":false,"point_budget":64,"source_facets":2,"boundary_points":4,"new_points":0,"boundary_unchanged":true,"before_bad":1,"after_score_computed":true,"after_bad":1,"after_valid":true,"before_bad_area":3.00915e-10,"after_bad_area":3.00915e-10,"selected":false}
NATIVE_QUALITY_REGION {"group":43737,"boundary_attempt":true,"point_budget":128,"source_facets":2,"boundary_points":4,"new_points":2,"boundary_unchanged":true,"before_bad":1,"after_score_computed":true,"after_bad":0,"after_valid":true,"before_bad_area":3.00915e-10,"after_bad_area":0,"selected":true}
NATIVE_QUALITY_REGION {"group":43747,"boundary_attempt":false,"point_budget":64,"source_facets":2,"boundary_points":4,"new_points":0,"boundary_unchanged":true,"before_bad":1,"after_score_computed":true,"after_bad":1,"after_valid":true,"before_bad_area":1.04628e-05,"after_bad_area":1.04628e-05,"selected":false}
NATIVE_QUALITY_REGION {"group":43747,"boundary_attempt":true,"point_budget":128,"source_facets":2,"boundary_points":4,"new_points":5,"boundary_unchanged":true,"before_bad":1,"after_score_computed":true,"after_bad":0,"after_valid":true,"before_bad_area":1.04628e-05,"after_bad_area":0,"selected":true}
NATIVE_QUALITY_REGION {"group":43749,"boundary_attempt":false,"point_budget":64,"source_facets":3,"boundary_points":5,"new_points":0,"boundary_unchanged":true,"before_bad":2,"after_score_computed":true,"after_bad":2,"after_valid":true,"before_bad_area":0.000231534,"after_bad_area":0.000231534,"selected":false}
NATIVE_QUALITY_REGION {"group":43751,"boundary_attempt":false,"point_budget":64,"source_facets":3,"boundary_points":5,"new_points":0,"boundary_unchanged":true,"before_bad":2,"after_score_computed":true,"after_bad":2,"after_valid":true,"before_bad_area":1.3771e-06,"after_bad_area":1.3771e-06,"selected":false}
NATIVE_QUALITY_REGION {"group":43780,"boundary_attempt":false,"point_budget":64,"source_facets":4,"boundary_points":6,"new_points":1,"boundary_unchanged":true,"before_bad":2,"after_score_computed":true,"after_bad":3,"after_valid":true,"before_bad_area":2.29332e-05,"after_bad_area":2.29332e-05,"selected":false}
NATIVE_QUALITY_REGION {"group":43781,"boundary_attempt":false,"point_budget":64,"source_facets":3,"boundary_points":5,"new_points":0,"boundary_unchanged":true,"before_bad":1,"after_score_computed":true,"after_bad":1,"after_valid":true,"before_bad_area":4.63798e-05,"after_bad_area":4.63798e-05,"selected":false}
NATIVE_QUALITY_REGION {"group":43787,"boundary_attempt":false,"point_budget":64,"source_facets":3,"boundary_points":5,"new_points":0,"boundary_unchanged":true,"before_bad":1,"after_score_computed":true,"after_bad":1,"after_valid":true,"before_bad_area":1.42952e-12,"after_bad_area":1.42952e-12,"selected":false}
NATIVE_QUALITY_REGION {"group":43802,"boundary_attempt":false,"point_budget":64,"source_facets":3,"boundary_points":5,"new_points":0,"boundary_unchanged":true,"before_bad":1,"after_score_computed":true,"after_bad":1,"after_valid":true,"before_bad_area":0.00674507,"after_bad_area":0.00674507,"selected":false}
NATIVE_QUALITY_REGION {"group":43819,"boundary_attempt":false,"point_budget":64,"source_facets":2,"boundary_points":4,"new_points":0,"boundary_unchanged":true,"before_bad":1,"after_score_computed":true,"after_bad":1,"after_valid":true,"before_bad_area":1.53645e-05,"after_bad_area":1.53645e-05,"selected":false}
NATIVE_QUALITY_REGION {"group":43819,"boundary_attempt":true,"point_budget":128,"source_facets":2,"boundary_points":4,"new_points":4,"boundary_unchanged":true,"before_bad":1,"after_score_computed":true,"after_bad":0,"after_valid":true,"before_bad_area":1.53645e-05,"after_bad_area":0,"selected":true}
NATIVE_QUALITY_REGION {"group":43829,"boundary_attempt":false,"point_budget":64,"source_facets":2,"boundary_points":4,"new_points":0,"boundary_unchanged":true,"before_bad":1,"after_score_computed":true,"after_bad":1,"after_valid":true,"before_bad_area":4.02033e-05,"after_bad_area":4.02033e-05,"selected":false}
NATIVE_QUALITY_REGION {"group":43829,"boundary_attempt":true,"point_budget":128,"source_facets":2,"boundary_points":4,"new_points":7,"boundary_unchanged":true,"before_bad":1,"after_score_computed":true,"after_bad":0,"after_valid":true,"before_bad_area":4.02033e-05,"after_bad_area":0,"selected":true}
NATIVE_QUALITY_REGION {"group":43910,"boundary_attempt":false,"point_budget":64,"source_facets":4,"boundary_points":6,"new_points":0,"boundary_unchanged":true,"before_bad":2,"after_score_computed":true,"after_bad":2,"after_valid":true,"before_bad_area":3.2768e-05,"after_bad_area":3.2768e-05,"selected":false}
NATIVE_QUALITY_REGION {"group":43913,"boundary_attempt":false,"point_budget":64,"source_facets":2,"boundary_points":4,"new_points":0,"boundary_unchanged":true,"before_bad":1,"after_score_computed":true,"after_bad":1,"after_valid":true,"before_bad_area":0.000212987,"after_bad_area":0.000212987,"selected":false}
NATIVE_QUALITY_REGION {"group":43913,"boundary_attempt":true,"point_budget":128,"source_facets":2,"boundary_points":4,"new_points":7,"boundary_unchanged":true,"before_bad":1,"after_score_computed":true,"after_bad":0,"after_valid":true,"before_bad_area":0.000212987,"after_bad_area":0,"selected":true}
NATIVE_QUALITY_REGION {"group":43914,"boundary_attempt":false,"point_budget":64,"source_facets":2,"boundary_points":4,"new_points":0,"boundary_unchanged":true,"before_bad":1,"after_score_computed":true,"after_bad":1,"after_valid":true,"before_bad_area":1.83265e-05,"after_bad_area":1.83265e-05,"selected":false}
NATIVE_QUALITY_REGION {"group":43914,"boundary_attempt":true,"point_budget":128,"source_facets":2,"boundary_points":4,"new_points":12,"boundary_unchanged":true,"before_bad":1,"after_score_computed":true,"after_bad":0,"after_valid":true,"before_bad_area":1.83265e-05,"after_bad_area":0,"selected":true}
NATIVE_QUALITY_REGION {"group":43918,"boundary_attempt":false,"point_budget":64,"source_facets":6,"boundary_points":8,"new_points":3,"boundary_unchanged":true,"before_bad":1,"after_score_computed":true,"after_bad":2,"after_valid":true,"before_bad_area":0.000128668,"after_bad_area":0.00045702,"selected":false}
NATIVE_QUALITY_REGION {"group":43924,"boundary_attempt":false,"point_budget":64,"source_facets":5,"boundary_points":7,"new_points":0,"boundary_unchanged":true,"before_bad":1,"after_score_computed":true,"after_bad":1,"after_valid":true,"before_bad_area":0.000660398,"after_bad_area":0.000660398,"selected":false}
NATIVE_QUALITY_REGION {"group":44022,"boundary_attempt":false,"point_budget":64,"source_facets":6,"boundary_points":8,"new_points":1,"boundary_unchanged":true,"before_bad":2,"after_score_computed":true,"after_bad":1,"after_valid":true,"before_bad_area":3.2139e-05,"after_bad_area":7.31572e-06,"selected":true}
NATIVE_QUALITY_REGION {"group":44061,"boundary_attempt":false,"point_budget":64,"source_facets":3,"boundary_points":5,"new_points":0,"boundary_unchanged":true,"before_bad":2,"after_score_computed":true,"after_bad":2,"after_valid":true,"before_bad_area":4.698e-05,"after_bad_area":4.698e-05,"selected":false}
NATIVE_QUALITY_REGION {"group":44065,"boundary_attempt":false,"point_budget":64,"source_facets":4,"boundary_points":6,"new_points":0,"boundary_unchanged":true,"before_bad":1,"after_score_computed":true,"after_bad":1,"after_valid":true,"before_bad_area":1.12944e-08,"after_bad_area":1.12944e-08,"selected":false}
NATIVE_QUALITY_REGION {"group":44115,"boundary_attempt":false,"point_budget":64,"source_facets":2,"boundary_points":4,"new_points":0,"boundary_unchanged":true,"before_bad":1,"after_score_computed":true,"after_bad":1,"after_valid":true,"before_bad_area":1.34046e-05,"after_bad_area":1.34046e-05,"selected":false}
NATIVE_QUALITY_REGION {"group":44115,"boundary_attempt":true,"point_budget":128,"source_facets":2,"boundary_points":4,"new_points":6,"boundary_unchanged":true,"before_bad":1,"after_score_computed":true,"after_bad":0,"after_valid":true,"before_bad_area":1.34046e-05,"after_bad_area":0,"selected":true}
NATIVE_QUALITY_REGION {"group":44171,"boundary_attempt":false,"point_budget":64,"source_facets":7,"boundary_points":8,"new_points":1,"boundary_unchanged":true,"before_bad":2,"after_score_computed":true,"after_bad":1,"after_valid":true,"before_bad_area":0.000160523,"after_bad_area":0.00010239,"selected":true}
NATIVE_QUALITY_REGION {"group":44206,"boundary_attempt":false,"point_budget":64,"source_facets":3,"boundary_points":5,"new_points":0,"boundary_unchanged":true,"before_bad":3,"after_score_computed":true,"after_bad":3,"after_valid":true,"before_bad_area":0.00123454,"after_bad_area":0.00123454,"selected":false}
NATIVE_QUALITY_REGION {"group":44230,"boundary_attempt":false,"point_budget":64,"source_facets":4,"boundary_points":6,"new_points":0,"boundary_unchanged":true,"before_bad":1,"after_score_computed":true,"after_bad":1,"after_valid":true,"before_bad_area":0.000132479,"after_bad_area":0.000132479,"selected":false}
NATIVE_QUALITY_REGION {"group":44264,"boundary_attempt":false,"point_budget":64,"source_facets":3,"boundary_points":5,"new_points":2,"boundary_unchanged":true,"before_bad":1,"after_score_computed":true,"after_bad":0,"after_valid":true,"before_bad_area":1.15043e-05,"after_bad_area":0,"selected":true}
NATIVE_QUALITY_REGION {"group":44280,"boundary_attempt":false,"point_budget":64,"source_facets":4,"boundary_points":6,"new_points":0,"boundary_unchanged":true,"before_bad":1,"after_score_computed":true,"after_bad":1,"after_valid":true,"before_bad_area":1.26543e-10,"after_bad_area":1.26543e-10,"selected":false}
NATIVE_QUALITY_REGION {"group":44321,"boundary_attempt":false,"point_budget":64,"source_facets":2,"boundary_points":4,"new_points":1,"boundary_unchanged":true,"before_bad":1,"after_score_computed":true,"after_bad":1,"after_valid":true,"before_bad_area":2.82569e-08,"after_bad_area":1.37613e-07,"selected":false}
NATIVE_QUALITY_REGION {"group":44321,"boundary_attempt":true,"point_budget":128,"source_facets":2,"boundary_points":4,"new_points":4,"boundary_unchanged":true,"before_bad":1,"after_score_computed":true,"after_bad":0,"after_valid":true,"before_bad_area":2.82569e-08,"after_bad_area":0,"selected":true}
NATIVE_QUALITY_REGION {"group":44354,"boundary_attempt":false,"point_budget":64,"source_facets":3,"boundary_points":5,"new_points":0,"boundary_unchanged":true,"before_bad":1,"after_score_computed":true,"after_bad":1,"after_valid":true,"before_bad_area":3.11635e-06,"after_bad_area":3.11635e-06,"selected":false}
NATIVE_QUALITY_REGION {"group":44371,"boundary_attempt":false,"point_budget":64,"source_facets":3,"boundary_points":5,"new_points":0,"boundary_unchanged":true,"before_bad":1,"after_score_computed":true,"after_bad":1,"after_valid":true,"before_bad_area":7.09451e-05,"after_bad_area":7.09451e-05,"selected":false}
NATIVE_QUALITY_REGION {"group":44372,"boundary_attempt":false,"point_budget":64,"source_facets":4,"boundary_points":5,"new_points":1,"boundary_unchanged":true,"before_bad":1,"after_score_computed":true,"after_bad":0,"after_valid":true,"before_bad_area":0.000245043,"after_bad_area":0,"selected":true}
NATIVE_QUALITY_REGION {"group":44379,"boundary_attempt":false,"point_budget":64,"source_facets":4,"boundary_points":5,"new_points":0,"boundary_unchanged":true,"before_bad":1,"after_score_computed":true,"after_bad":1,"after_valid":true,"before_bad_area":0.000621948,"after_bad_area":0.000621948,"selected":false}
NATIVE_QUALITY_REGION {"group":44384,"boundary_attempt":false,"point_budget":64,"source_facets":5,"boundary_points":7,"new_points":0,"boundary_unchanged":true,"before_bad":1,"after_score_computed":true,"after_bad":1,"after_valid":true,"before_bad_area":6.26473e-06,"after_bad_area":6.26473e-06,"selected":false}
NATIVE_QUALITY_REGION {"group":44388,"boundary_attempt":false,"point_budget":64,"source_facets":2,"boundary_points":4,"new_points":0,"boundary_unchanged":true,"before_bad":1,"after_score_computed":true,"after_bad":1,"after_valid":true,"before_bad_area":1.56732e-05,"after_bad_area":1.56732e-05,"selected":false}
NATIVE_QUALITY_REGION {"group":44388,"boundary_attempt":true,"point_budget":128,"source_facets":2,"boundary_points":4,"new_points":1,"boundary_unchanged":true,"before_bad":1,"after_score_computed":true,"after_bad":0,"after_valid":true,"before_bad_area":1.56732e-05,"after_bad_area":0,"selected":true}
NATIVE_QUALITY_REGION {"group":44397,"boundary_attempt":false,"point_budget":64,"source_facets":2,"boundary_points":4,"new_points":0,"boundary_unchanged":true,"before_bad":1,"after_score_computed":true,"after_bad":1,"after_valid":true,"before_bad_area":9.86192e-06,"after_bad_area":9.86192e-06,"selected":false}
NATIVE_QUALITY_REGION {"group":44397,"boundary_attempt":true,"point_budget":128,"source_facets":2,"boundary_points":4,"new_points":2,"boundary_unchanged":true,"before_bad":1,"after_score_computed":true,"after_bad":0,"after_valid":true,"before_bad_area":9.86192e-06,"after_bad_area":0,"selected":true}
NATIVE_QUALITY_REGION {"group":44464,"boundary_attempt":false,"point_budget":64,"source_facets":2,"boundary_points":4,"new_points":0,"boundary_unchanged":true,"before_bad":1,"after_score_computed":true,"after_bad":1,"after_valid":true,"before_bad_area":0.00015145,"after_bad_area":0.00015145,"selected":false}
NATIVE_QUALITY_REGION {"group":44469,"boundary_attempt":false,"point_budget":64,"source_facets":4,"boundary_points":6,"new_points":0,"boundary_unchanged":true,"before_bad":1,"after_score_computed":true,"after_bad":1,"after_valid":true,"before_bad_area":5.93027e-05,"after_bad_area":5.93027e-05,"selected":false}
NATIVE_QUALITY_REGION {"group":44477,"boundary_attempt":false,"point_budget":64,"source_facets":3,"boundary_points":5,"new_points":0,"boundary_unchanged":true,"before_bad":1,"after_score_computed":true,"after_bad":1,"after_valid":true,"before_bad_area":1.07578e-05,"after_bad_area":1.07578e-05,"selected":false}
NATIVE_QUALITY_REGION {"group":44479,"boundary_attempt":false,"point_budget":64,"source_facets":3,"boundary_points":5,"new_points":0,"boundary_unchanged":true,"before_bad":1,"after_score_computed":true,"after_bad":1,"after_valid":true,"before_bad_area":0.00732509,"after_bad_area":0.00732509,"selected":false}
NATIVE_QUALITY_REGION {"group":44480,"boundary_attempt":false,"point_budget":64,"source_facets":3,"boundary_points":5,"new_points":0,"boundary_unchanged":true,"before_bad":1,"after_score_computed":true,"after_bad":1,"after_valid":true,"before_bad_area":3.50789e-05,"after_bad_area":3.50789e-05,"selected":false}
NATIVE_QUALITY_REGION {"group":44487,"boundary_attempt":false,"point_budget":64,"source_facets":4,"boundary_points":5,"new_points":0,"boundary_unchanged":true,"before_bad":2,"after_score_computed":true,"after_bad":2,"after_valid":true,"before_bad_area":0.000249824,"after_bad_area":0.000249824,"selected":false}
NATIVE_QUALITY_REGION {"group":44490,"boundary_attempt":false,"point_budget":64,"source_facets":6,"boundary_points":8,"new_points":2,"boundary_unchanged":true,"before_bad":3,"after_score_computed":true,"after_bad":2,"after_valid":true,"before_bad_area":0.0057676,"after_bad_area":0.00446629,"selected":true}
NATIVE_QUALITY_REGION {"group":44491,"boundary_attempt":false,"point_budget":64,"source_facets":4,"boundary_points":6,"new_points":0,"boundary_unchanged":true,"before_bad":1,"after_score_computed":true,"after_bad":1,"after_valid":true,"before_bad_area":9.68425e-06,"after_bad_area":9.68425e-06,"selected":false}
NATIVE_QUALITY_REGION {"group":44493,"boundary_attempt":false,"point_budget":64,"source_facets":2,"boundary_points":4,"new_points":0,"boundary_unchanged":true,"before_bad":1,"after_score_computed":true,"after_bad":1,"after_valid":true,"before_bad_area":0.000454949,"after_bad_area":0.000454949,"selected":false}
NATIVE_QUALITY_REGION {"group":44493,"boundary_attempt":true,"point_budget":128,"source_facets":2,"boundary_points":4,"new_points":5,"boundary_unchanged":true,"before_bad":1,"after_score_computed":true,"after_bad":0,"after_valid":true,"before_bad_area":0.000454949,"after_bad_area":0,"selected":true}
NATIVE_QUALITY_REGION {"group":44496,"boundary_attempt":false,"point_budget":64,"source_facets":3,"boundary_points":5,"new_points":0,"boundary_unchanged":true,"before_bad":1,"after_score_computed":true,"after_bad":1,"after_valid":true,"before_bad_area":2.86303e-05,"after_bad_area":2.86303e-05,"selected":false}
NATIVE_QUALITY_REGION {"group":44497,"boundary_attempt":false,"point_budget":64,"source_facets":6,"boundary_points":6,"new_points":0,"boundary_unchanged":true,"before_bad":2,"after_score_computed":true,"after_bad":2,"after_valid":true,"before_bad_area":6.82247e-05,"after_bad_area":6.82247e-05,"selected":false}
NATIVE_QUALITY_REGION {"group":44500,"boundary_attempt":false,"point_budget":64,"source_facets":3,"boundary_points":5,"new_points":0,"boundary_unchanged":true,"before_bad":2,"after_score_computed":true,"after_bad":2,"after_valid":true,"before_bad_area":0.00409329,"after_bad_area":0.00409329,"selected":false}
NATIVE_QUALITY_REGION {"group":44506,"boundary_attempt":false,"point_budget":64,"source_facets":7,"boundary_points":9,"new_points":2,"boundary_unchanged":true,"before_bad":3,"after_score_computed":true,"after_bad":0,"after_valid":true,"before_bad_area":0.00034458,"after_bad_area":0,"selected":true}
NATIVE_QUALITY_REGION {"group":44507,"boundary_attempt":false,"point_budget":64,"source_facets":4,"boundary_points":6,"new_points":0,"boundary_unchanged":true,"before_bad":1,"after_score_computed":true,"after_bad":1,"after_valid":true,"before_bad_area":1.71383e-06,"after_bad_area":1.71383e-06,"selected":false}
NATIVE_QUALITY_REGION {"group":44511,"boundary_attempt":false,"point_budget":64,"source_facets":7,"boundary_points":8,"new_points":2,"boundary_unchanged":true,"before_bad":4,"after_score_computed":true,"after_bad":2,"after_valid":true,"before_bad_area":0.0133615,"after_bad_area":0.00585995,"selected":true}
NATIVE_QUALITY_REGION {"group":44514,"boundary_attempt":false,"point_budget":64,"source_facets":2,"boundary_points":4,"new_points":0,"boundary_unchanged":true,"before_bad":2,"after_score_computed":true,"after_bad":2,"after_valid":true,"before_bad_area":0.00040831,"after_bad_area":0.00040831,"selected":false}
NATIVE_QUALITY_REGION {"group":44515,"boundary_attempt":false,"point_budget":64,"source_facets":4,"boundary_points":6,"new_points":0,"boundary_unchanged":true,"before_bad":1,"after_score_computed":true,"after_bad":1,"after_valid":true,"before_bad_area":0.00203272,"after_bad_area":0.00203272,"selected":false}
NATIVE_QUALITY_REGION {"group":44519,"boundary_attempt":false,"point_budget":64,"source_facets":5,"boundary_points":7,"new_points":1,"boundary_unchanged":true,"before_bad":2,"after_score_computed":true,"after_bad":2,"after_valid":true,"before_bad_area":0.00232642,"after_bad_area":0.00232642,"selected":false}
NATIVE_QUALITY_REGION {"group":44520,"boundary_attempt":false,"point_budget":64,"source_facets":2,"boundary_points":4,"new_points":0,"boundary_unchanged":true,"before_bad":1,"after_score_computed":true,"after_bad":1,"after_valid":true,"before_bad_area":0.0102247,"after_bad_area":0.0102247,"selected":false}
NATIVE_QUALITY_REGION {"group":44520,"boundary_attempt":true,"point_budget":128,"source_facets":2,"boundary_points":4,"new_points":3,"boundary_unchanged":true,"before_bad":1,"after_score_computed":true,"after_bad":0,"after_valid":true,"before_bad_area":0.0102247,"after_bad_area":0,"selected":true}
NATIVE_QUALITY_REGION {"group":44525,"boundary_attempt":false,"point_budget":64,"source_facets":3,"boundary_points":5,"new_points":2,"boundary_unchanged":true,"before_bad":1,"after_score_computed":true,"after_bad":0,"after_valid":true,"before_bad_area":6.17054e-05,"after_bad_area":0,"selected":true}
NATIVE_QUALITY_REGION {"group":44529,"boundary_attempt":false,"point_budget":64,"source_facets":4,"boundary_points":6,"new_points":0,"boundary_unchanged":true,"before_bad":1,"after_score_computed":true,"after_bad":1,"after_valid":true,"before_bad_area":0.000233687,"after_bad_area":0.000233687,"selected":false}
NATIVE_QUALITY_REGION {"group":44530,"boundary_attempt":false,"point_budget":64,"source_facets":4,"boundary_points":6,"new_points":0,"boundary_unchanged":true,"before_bad":1,"after_score_computed":true,"after_bad":1,"after_valid":true,"before_bad_area":0.000282065,"after_bad_area":0.000282065,"selected":false}
NATIVE_QUALITY_REGION {"group":44531,"boundary_attempt":false,"point_budget":64,"source_facets":6,"boundary_points":8,"new_points":1,"boundary_unchanged":true,"before_bad":2,"after_score_computed":true,"after_bad":2,"after_valid":true,"before_bad_area":0.0128134,"after_bad_area":0.0110444,"selected":true}
NATIVE_QUALITY_REGION {"group":44533,"boundary_attempt":false,"point_budget":64,"source_facets":3,"boundary_points":5,"new_points":0,"boundary_unchanged":true,"before_bad":1,"after_score_computed":true,"after_bad":1,"after_valid":true,"before_bad_area":0.000555895,"after_bad_area":0.000555895,"selected":false}
NATIVE_QUALITY_REGION {"group":44535,"boundary_attempt":false,"point_budget":64,"source_facets":3,"boundary_points":5,"new_points":2,"boundary_unchanged":true,"before_bad":1,"after_score_computed":true,"after_bad":0,"after_valid":true,"before_bad_area":0.000456772,"after_bad_area":0,"selected":true}
NATIVE_QUALITY_REGION {"group":44536,"boundary_attempt":false,"point_budget":64,"source_facets":5,"boundary_points":6,"new_points":4,"boundary_unchanged":true,"before_bad":2,"after_score_computed":true,"after_bad":1,"after_valid":true,"before_bad_area":0.00284467,"after_bad_area":0.000173851,"selected":true}
NATIVE_QUALITY_REGION {"group":44537,"boundary_attempt":false,"point_budget":64,"source_facets":2,"boundary_points":4,"new_points":0,"boundary_unchanged":true,"before_bad":1,"after_score_computed":true,"after_bad":1,"after_valid":true,"before_bad_area":0.000774416,"after_bad_area":0.000774416,"selected":false}
NATIVE_QUALITY_REGION {"group":44537,"boundary_attempt":true,"point_budget":128,"source_facets":2,"boundary_points":4,"new_points":3,"boundary_unchanged":true,"before_bad":1,"after_score_computed":true,"after_bad":0,"after_valid":true,"before_bad_area":0.000774416,"after_bad_area":0,"selected":true}
NATIVE_QUALITY_REGION {"group":44538,"boundary_attempt":false,"point_budget":64,"source_facets":3,"boundary_points":4,"new_points":0,"boundary_unchanged":true,"before_bad":2,"after_score_computed":true,"after_bad":2,"after_valid":true,"before_bad_area":0.000128176,"after_bad_area":0.000128176,"selected":false}
NATIVE_QUALITY_REGION {"group":44540,"boundary_attempt":false,"point_budget":64,"source_facets":3,"boundary_points":5,"new_points":3,"boundary_unchanged":true,"before_bad":2,"after_score_computed":true,"after_bad":1,"after_valid":true,"before_bad_area":0.000906929,"after_bad_area":0.000273814,"selected":true}
NATIVE_QUALITY_REGION {"group":44542,"boundary_attempt":false,"point_budget":64,"source_facets":4,"boundary_points":6,"new_points":0,"boundary_unchanged":true,"before_bad":2,"after_score_computed":true,"after_bad":2,"after_valid":true,"before_bad_area":0.0074829,"after_bad_area":0.0074829,"selected":false}
NATIVE_QUALITY_REGION {"group":44550,"boundary_attempt":false,"point_budget":64,"source_facets":4,"boundary_points":6,"new_points":0,"boundary_unchanged":true,"before_bad":1,"after_score_computed":true,"after_bad":1,"after_valid":true,"before_bad_area":0.00531941,"after_bad_area":0.00531941,"selected":false}
NATIVE_QUALITY_REGION {"group":44553,"boundary_attempt":false,"point_budget":64,"source_facets":4,"boundary_points":6,"new_points":1,"boundary_unchanged":true,"before_bad":1,"after_score_computed":true,"after_bad":0,"after_valid":true,"before_bad_area":0.00093718,"after_bad_area":0,"selected":true}
NATIVE_QUALITY_REGION {"group":44554,"boundary_attempt":false,"point_budget":64,"source_facets":5,"boundary_points":6,"new_points":2,"boundary_unchanged":true,"before_bad":1,"after_score_computed":true,"after_bad":2,"after_valid":true,"before_bad_area":5.80988e-07,"after_bad_area":6.22078e-07,"selected":false}
NATIVE_QUALITY_REGION {"group":44557,"boundary_attempt":false,"point_budget":64,"source_facets":4,"boundary_points":6,"new_points":0,"boundary_unchanged":true,"before_bad":2,"after_score_computed":true,"after_bad":2,"after_valid":true,"before_bad_area":0.000721238,"after_bad_area":0.000721238,"selected":false}
NATIVE_QUALITY_REGION {"group":44560,"boundary_attempt":false,"point_budget":64,"source_facets":5,"boundary_points":7,"new_points":0,"boundary_unchanged":true,"before_bad":1,"after_score_computed":true,"after_bad":1,"after_valid":true,"before_bad_area":4.11442e-06,"after_bad_area":4.11442e-06,"selected":false}
NATIVE_QUALITY_REGION {"group":44561,"boundary_attempt":false,"point_budget":64,"source_facets":2,"boundary_points":4,"new_points":0,"boundary_unchanged":true,"before_bad":1,"after_score_computed":true,"after_bad":1,"after_valid":true,"before_bad_area":1.35043e-05,"after_bad_area":1.35043e-05,"selected":false}
NATIVE_QUALITY_REGION {"group":44562,"boundary_attempt":false,"point_budget":64,"source_facets":2,"boundary_points":4,"new_points":0,"boundary_unchanged":true,"before_bad":1,"after_score_computed":true,"after_bad":1,"after_valid":true,"before_bad_area":0.000257272,"after_bad_area":0.000257272,"selected":false}
NATIVE_QUALITY_REGION {"group":44562,"boundary_attempt":true,"point_budget":128,"source_facets":2,"boundary_points":4,"new_points":2,"boundary_unchanged":true,"before_bad":1,"after_score_computed":true,"after_bad":0,"after_valid":true,"before_bad_area":0.000257272,"after_bad_area":0,"selected":true}
NATIVE_QUALITY_REGION {"group":44567,"boundary_attempt":false,"point_budget":64,"source_facets":4,"boundary_points":6,"new_points":1,"boundary_unchanged":true,"before_bad":1,"after_score_computed":true,"after_bad":2,"after_valid":true,"before_bad_area":0.000138637,"after_bad_area":0.000701668,"selected":false}
NATIVE_QUALITY_REGION {"group":44573,"boundary_attempt":false,"point_budget":64,"source_facets":5,"boundary_points":6,"new_points":0,"boundary_unchanged":true,"before_bad":2,"after_score_computed":true,"after_bad":2,"after_valid":true,"before_bad_area":2.02669e-05,"after_bad_area":2.02669e-05,"selected":false}
NATIVE_QUALITY_REGION {"group":44588,"boundary_attempt":false,"point_budget":64,"source_facets":4,"boundary_points":6,"new_points":0,"boundary_unchanged":true,"before_bad":1,"after_score_computed":true,"after_bad":1,"after_valid":true,"before_bad_area":0.000323553,"after_bad_area":0.000323553,"selected":false}
NATIVE_QUALITY_REGION {"group":44590,"boundary_attempt":false,"point_budget":64,"source_facets":5,"boundary_points":7,"new_points":1,"boundary_unchanged":true,"before_bad":3,"after_score_computed":true,"after_bad":4,"after_valid":true,"before_bad_area":0.00590482,"after_bad_area":0.00561598,"selected":false}
NATIVE_QUALITY_REGION {"group":44591,"boundary_attempt":false,"point_budget":64,"source_facets":2,"boundary_points":4,"new_points":0,"boundary_unchanged":true,"before_bad":1,"after_score_computed":true,"after_bad":1,"after_valid":true,"before_bad_area":0.000817824,"after_bad_area":0.000817824,"selected":false}
NATIVE_QUALITY_REGION {"group":44591,"boundary_attempt":true,"point_budget":128,"source_facets":2,"boundary_points":4,"new_points":3,"boundary_unchanged":true,"before_bad":1,"after_score_computed":true,"after_bad":0,"after_valid":true,"before_bad_area":0.000817824,"after_bad_area":0,"selected":true}
NATIVE_QUALITY_REGION {"group":44593,"boundary_attempt":false,"point_budget":64,"source_facets":3,"boundary_points":5,"new_points":0,"boundary_unchanged":true,"before_bad":1,"after_score_computed":true,"after_bad":1,"after_valid":true,"before_bad_area":0.00018371,"after_bad_area":0.00018371,"selected":false}
NATIVE_QUALITY_REGION {"group":44594,"boundary_attempt":false,"point_budget":64,"source_facets":6,"boundary_points":8,"new_points":2,"boundary_unchanged":true,"before_bad":1,"after_score_computed":true,"after_bad":0,"after_valid":true,"before_bad_area":0.00856499,"after_bad_area":0,"selected":true}
NATIVE_QUALITY_REGION {"group":44596,"boundary_attempt":false,"point_budget":64,"source_facets":7,"boundary_points":9,"new_points":2,"boundary_unchanged":true,"before_bad":3,"after_score_computed":true,"after_bad":3,"after_valid":true,"before_bad_area":0.0116588,"after_bad_area":0.00381108,"selected":true}
NATIVE_QUALITY_REGION {"group":44598,"boundary_attempt":false,"point_budget":64,"source_facets":5,"boundary_points":7,"new_points":1,"boundary_unchanged":true,"before_bad":2,"after_score_computed":true,"after_bad":1,"after_valid":true,"before_bad_area":0.00687125,"after_bad_area":0.000460337,"selected":true}
NATIVE_QUALITY_REGION {"group":44600,"boundary_attempt":false,"point_budget":64,"source_facets":3,"boundary_points":5,"new_points":0,"boundary_unchanged":true,"before_bad":1,"after_score_computed":true,"after_bad":1,"after_valid":true,"before_bad_area":0.000304109,"after_bad_area":0.000304109,"selected":false}
NATIVE_QUALITY_REGION {"group":44601,"boundary_attempt":false,"point_budget":64,"source_facets":5,"boundary_points":7,"new_points":1,"boundary_unchanged":true,"before_bad":2,"after_score_computed":true,"after_bad":2,"after_valid":true,"before_bad_area":0.00575881,"after_bad_area":0.0157903,"selected":false}
NATIVE_QUALITY_REGION {"group":44605,"boundary_attempt":false,"point_budget":64,"source_facets":3,"boundary_points":5,"new_points":1,"boundary_unchanged":true,"before_bad":1,"after_score_computed":true,"after_bad":0,"after_valid":true,"before_bad_area":0.00977712,"after_bad_area":0,"selected":true}
NATIVE_QUALITY_REGION {"group":44609,"boundary_attempt":false,"point_budget":64,"source_facets":5,"boundary_points":7,"new_points":2,"boundary_unchanged":true,"before_bad":1,"after_score_computed":true,"after_bad":1,"after_valid":true,"before_bad_area":0.00193742,"after_bad_area":0.0121163,"selected":false}
NATIVE_QUALITY_REGION {"group":44615,"boundary_attempt":false,"point_budget":64,"source_facets":2,"boundary_points":4,"new_points":0,"boundary_unchanged":true,"before_bad":1,"after_score_computed":true,"after_bad":1,"after_valid":true,"before_bad_area":0.00218041,"after_bad_area":0.00218041,"selected":false}
NATIVE_QUALITY_REGION {"group":44615,"boundary_attempt":true,"point_budget":128,"source_facets":2,"boundary_points":4,"new_points":2,"boundary_unchanged":true,"before_bad":1,"after_score_computed":true,"after_bad":0,"after_valid":true,"before_bad_area":0.00218041,"after_bad_area":0,"selected":true}
NATIVE_QUALITY_REGION {"group":44703,"boundary_attempt":false,"point_budget":64,"source_facets":3,"boundary_points":5,"new_points":0,"boundary_unchanged":true,"before_bad":2,"after_score_computed":true,"after_bad":2,"after_valid":true,"before_bad_area":0.00981211,"after_bad_area":0.00981211,"selected":false}
NATIVE_QUALITY_REGION {"group":44704,"boundary_attempt":false,"point_budget":64,"source_facets":5,"boundary_points":7,"new_points":1,"boundary_unchanged":true,"before_bad":2,"after_score_computed":true,"after_bad":0,"after_valid":true,"before_bad_area":0.00327587,"after_bad_area":0,"selected":true}
NATIVE_QUALITY_REGION {"group":44707,"boundary_attempt":false,"point_budget":64,"source_facets":6,"boundary_points":8,"new_points":1,"boundary_unchanged":true,"before_bad":5,"after_score_computed":true,"after_bad":3,"after_valid":true,"before_bad_area":0.0108914,"after_bad_area":0.00410964,"selected":true}
NATIVE_QUALITY_REGION {"group":44709,"boundary_attempt":false,"point_budget":64,"source_facets":4,"boundary_points":6,"new_points":1,"boundary_unchanged":true,"before_bad":3,"after_score_computed":true,"after_bad":1,"after_valid":true,"before_bad_area":0.0171689,"after_bad_area":0.00563858,"selected":true}
NATIVE_QUALITY_REGION {"group":44712,"boundary_attempt":false,"point_budget":64,"source_facets":4,"boundary_points":6,"new_points":0,"boundary_unchanged":true,"before_bad":1,"after_score_computed":true,"after_bad":1,"after_valid":true,"before_bad_area":0.000302769,"after_bad_area":0.000302769,"selected":false}
NATIVE_QUALITY_REGION {"group":44713,"boundary_attempt":false,"point_budget":64,"source_facets":10,"boundary_points":12,"new_points":0,"boundary_unchanged":true,"before_bad":9,"after_score_computed":true,"after_bad":9,"after_valid":true,"before_bad_area":0.0412084,"after_bad_area":0.0412084,"selected":false}
NATIVE_QUALITY_REGION {"group":44716,"boundary_attempt":false,"point_budget":64,"source_facets":3,"boundary_points":5,"new_points":0,"boundary_unchanged":true,"before_bad":1,"after_score_computed":true,"after_bad":1,"after_valid":true,"before_bad_area":0.00701547,"after_bad_area":0.00701547,"selected":false}
NATIVE_QUALITY_REGION {"group":44717,"boundary_attempt":false,"point_budget":64,"source_facets":3,"boundary_points":5,"new_points":0,"boundary_unchanged":true,"before_bad":1,"after_score_computed":true,"after_bad":1,"after_valid":true,"before_bad_area":0.00067829,"after_bad_area":0.00067829,"selected":false}
NATIVE_QUALITY_REGION {"group":44718,"boundary_attempt":false,"point_budget":64,"source_facets":5,"boundary_points":7,"new_points":0,"boundary_unchanged":true,"before_bad":5,"after_score_computed":true,"after_bad":5,"after_valid":true,"before_bad_area":7.14433e-17,"after_bad_area":7.14433e-17,"selected":false}
NATIVE_QUALITY_REGION {"group":44719,"boundary_attempt":false,"point_budget":64,"source_facets":2,"boundary_points":4,"new_points":0,"boundary_unchanged":true,"before_bad":1,"after_score_computed":true,"after_bad":1,"after_valid":true,"before_bad_area":9.96646e-05,"after_bad_area":9.96646e-05,"selected":false}
NATIVE_QUALITY_REGION {"group":44720,"boundary_attempt":false,"point_budget":64,"source_facets":10,"boundary_points":12,"new_points":9,"boundary_unchanged":true,"before_bad":9,"after_score_computed":true,"after_bad":4,"after_valid":true,"before_bad_area":0.0331166,"after_bad_area":0.0151237,"selected":true}
NATIVE_QUALITY_REGION {"group":44721,"boundary_attempt":false,"point_budget":64,"source_facets":11,"boundary_points":13,"new_points":8,"boundary_unchanged":true,"before_bad":8,"after_score_computed":true,"after_bad":3,"after_valid":true,"before_bad_area":0.0218613,"after_bad_area":0.0101872,"selected":true}
NATIVE_QUALITY_REGION {"group":44722,"boundary_attempt":false,"point_budget":64,"source_facets":2,"boundary_points":4,"new_points":0,"boundary_unchanged":true,"before_bad":1,"after_score_computed":true,"after_bad":1,"after_valid":true,"before_bad_area":0.000342739,"after_bad_area":0.000342739,"selected":false}
NATIVE_QUALITY_REGION {"group":44724,"boundary_attempt":false,"point_budget":64,"source_facets":4,"boundary_points":6,"new_points":0,"boundary_unchanged":true,"before_bad":1,"after_score_computed":true,"after_bad":1,"after_valid":true,"before_bad_area":6.06285e-05,"after_bad_area":6.06285e-05,"selected":false}
NATIVE_QUALITY_REGION {"group":44725,"boundary_attempt":false,"point_budget":64,"source_facets":6,"boundary_points":8,"new_points":0,"boundary_unchanged":true,"before_bad":3,"after_score_computed":true,"after_bad":3,"after_valid":true,"before_bad_area":0.017467,"after_bad_area":0.017467,"selected":false}
NATIVE_QUALITY_REGION {"group":44726,"boundary_attempt":false,"point_budget":64,"source_facets":2,"boundary_points":4,"new_points":0,"boundary_unchanged":true,"before_bad":1,"after_score_computed":true,"after_bad":1,"after_valid":true,"before_bad_area":0.00872056,"after_bad_area":0.00872056,"selected":false}
NATIVE_QUALITY_REGION {"group":44726,"boundary_attempt":true,"point_budget":128,"source_facets":2,"boundary_points":4,"new_points":5,"boundary_unchanged":true,"before_bad":1,"after_score_computed":true,"after_bad":0,"after_valid":true,"before_bad_area":0.00872056,"after_bad_area":0,"selected":true}
NATIVE_QUALITY_REGION {"group":44727,"boundary_attempt":false,"point_budget":64,"source_facets":3,"boundary_points":5,"new_points":0,"boundary_unchanged":true,"before_bad":1,"after_score_computed":true,"after_bad":1,"after_valid":true,"before_bad_area":0.0014006,"after_bad_area":0.0014006,"selected":false}
NATIVE_QUALITY_REGION {"group":44728,"boundary_attempt":false,"point_budget":64,"source_facets":4,"boundary_points":6,"new_points":0,"boundary_unchanged":true,"before_bad":4,"after_score_computed":true,"after_bad":4,"after_valid":true,"before_bad_area":2.12104e-16,"after_bad_area":2.12104e-16,"selected":false}
NATIVE_QUALITY_REGION {"group":44729,"boundary_attempt":false,"point_budget":64,"source_facets":3,"boundary_points":5,"new_points":0,"boundary_unchanged":true,"before_bad":3,"after_score_computed":true,"after_bad":3,"after_valid":true,"before_bad_area":1.65441e-16,"after_bad_area":1.65441e-16,"selected":false}
NATIVE_QUALITY_REGION {"group":44730,"boundary_attempt":false,"point_budget":64,"source_facets":4,"boundary_points":6,"new_points":4,"boundary_unchanged":true,"before_bad":2,"after_score_computed":true,"after_bad":3,"after_valid":true,"before_bad_area":9.62415e-05,"after_bad_area":0.00234738,"selected":false}
NATIVE_QUALITY_REGION {"group":44731,"boundary_attempt":false,"point_budget":64,"source_facets":2,"boundary_points":4,"new_points":0,"boundary_unchanged":true,"before_bad":2,"after_score_computed":true,"after_bad":2,"after_valid":true,"before_bad_area":8.2681e-18,"after_bad_area":8.2681e-18,"selected":false}
NATIVE_QUALITY_REGION {"group":44733,"boundary_attempt":false,"point_budget":64,"source_facets":4,"boundary_points":6,"new_points":0,"boundary_unchanged":true,"before_bad":1,"after_score_computed":true,"after_bad":1,"after_valid":true,"before_bad_area":0.000128682,"after_bad_area":0.000128682,"selected":false}
NATIVE_QUALITY_REGION {"group":44734,"boundary_attempt":false,"point_budget":64,"source_facets":5,"boundary_points":7,"new_points":1,"boundary_unchanged":true,"before_bad":2,"after_score_computed":true,"after_bad":1,"after_valid":true,"before_bad_area":0.00852881,"after_bad_area":0.00557609,"selected":true}
NATIVE_QUALITY_REGION {"group":44735,"boundary_attempt":false,"point_budget":64,"source_facets":7,"boundary_points":9,"new_points":1,"boundary_unchanged":true,"before_bad":4,"after_score_computed":true,"after_bad":3,"after_valid":true,"before_bad_area":0.00425554,"after_bad_area":0.0024879,"selected":true}
NATIVE_QUALITY_REGION {"group":44736,"boundary_attempt":false,"point_budget":64,"source_facets":5,"boundary_points":7,"new_points":0,"boundary_unchanged":true,"before_bad":2,"after_score_computed":true,"after_bad":2,"after_valid":true,"before_bad_area":0.0102181,"after_bad_area":0.0102181,"selected":false}
NATIVE_QUALITY_REGION {"group":44737,"boundary_attempt":false,"point_budget":64,"source_facets":3,"boundary_points":5,"new_points":0,"boundary_unchanged":true,"before_bad":1,"after_score_computed":true,"after_bad":1,"after_valid":true,"before_bad_area":0.00689996,"after_bad_area":0.00689996,"selected":false}
NATIVE_QUALITY_REGION {"group":44739,"boundary_attempt":false,"point_budget":64,"source_facets":4,"boundary_points":6,"new_points":0,"boundary_unchanged":true,"before_bad":1,"after_score_computed":true,"after_bad":1,"after_valid":true,"before_bad_area":0.00229089,"after_bad_area":0.00229089,"selected":false}
NATIVE_QUALITY_REGION {"group":44740,"boundary_attempt":false,"point_budget":64,"source_facets":3,"boundary_points":5,"new_points":0,"boundary_unchanged":true,"before_bad":2,"after_score_computed":true,"after_bad":2,"after_valid":true,"before_bad_area":0.0142103,"after_bad_area":0.0142103,"selected":false}
NATIVE_QUALITY_REGION {"group":44741,"boundary_attempt":false,"point_budget":64,"source_facets":4,"boundary_points":6,"new_points":0,"boundary_unchanged":true,"before_bad":4,"after_score_computed":true,"after_bad":4,"after_valid":true,"before_bad_area":4.30585e-18,"after_bad_area":4.30585e-18,"selected":false}
NATIVE_QUALITY_REGION {"group":44742,"boundary_attempt":false,"point_budget":64,"source_facets":5,"boundary_points":7,"new_points":2,"boundary_unchanged":true,"before_bad":2,"after_score_computed":true,"after_bad":2,"after_valid":true,"before_bad_area":0.00561983,"after_bad_area":0.00631693,"selected":false}
NATIVE_QUALITY_REGION {"group":44743,"boundary_attempt":false,"point_budget":64,"source_facets":5,"boundary_points":7,"new_points":0,"boundary_unchanged":true,"before_bad":2,"after_score_computed":true,"after_bad":2,"after_valid":true,"before_bad_area":0.00191568,"after_bad_area":0.00191568,"selected":false}
NATIVE_QUALITY_REGION {"group":44745,"boundary_attempt":false,"point_budget":64,"source_facets":6,"boundary_points":8,"new_points":1,"boundary_unchanged":true,"before_bad":4,"after_score_computed":true,"after_bad":4,"after_valid":true,"before_bad_area":0.00853431,"after_bad_area":0.00634994,"selected":true}
NATIVE_QUALITY_REGION {"group":44746,"boundary_attempt":false,"point_budget":64,"source_facets":5,"boundary_points":7,"new_points":0,"boundary_unchanged":true,"before_bad":1,"after_score_computed":true,"after_bad":1,"after_valid":true,"before_bad_area":0.000300308,"after_bad_area":0.000300308,"selected":false}
NATIVE_QUALITY_REGION {"group":44750,"boundary_attempt":false,"point_budget":64,"source_facets":4,"boundary_points":6,"new_points":0,"boundary_unchanged":true,"before_bad":1,"after_score_computed":true,"after_bad":1,"after_valid":true,"before_bad_area":0.00292037,"after_bad_area":0.00292037,"selected":false}
NATIVE_QUALITY_REGION {"group":44757,"boundary_attempt":false,"point_budget":64,"source_facets":18,"boundary_points":19,"new_points":7,"boundary_unchanged":true,"before_bad":11,"after_score_computed":true,"after_bad":10,"after_valid":true,"before_bad_area":0.0196113,"after_bad_area":0.0183192,"selected":true}
NATIVE_QUALITY_REGION {"group":44759,"boundary_attempt":false,"point_budget":64,"source_facets":24,"boundary_points":25,"new_points":4,"boundary_unchanged":true,"before_bad":19,"after_score_computed":true,"after_bad":14,"after_valid":true,"before_bad_area":0.0261886,"after_bad_area":0.020409,"selected":true}
NATIVE_QUALITY_REGION {"group":43573,"boundary_attempt":false,"point_budget":128,"source_facets":10,"boundary_points":12,"new_points":2,"boundary_unchanged":true,"before_bad":8,"after_score_computed":true,"after_bad":6,"after_valid":true,"before_bad_area":8.9482e-09,"after_bad_area":5.31848e-09,"selected":true}
NATIVE_QUALITY_REGION {"group":43589,"boundary_attempt":false,"point_budget":128,"source_facets":7,"boundary_points":9,"new_points":1,"boundary_unchanged":true,"before_bad":1,"after_score_computed":true,"after_bad":1,"after_valid":true,"before_bad_area":3.01796e-08,"after_bad_area":3.01796e-08,"selected":false}
NATIVE_QUALITY_REGION {"group":43634,"boundary_attempt":false,"point_budget":128,"source_facets":4,"boundary_points":6,"new_points":2,"boundary_unchanged":true,"before_bad":1,"after_score_computed":true,"after_bad":0,"after_valid":true,"before_bad_area":1.58472e-09,"after_bad_area":0,"selected":true}
NATIVE_QUALITY_REGION {"group":43703,"boundary_attempt":false,"point_budget":128,"source_facets":6,"boundary_points":8,"new_points":0,"boundary_unchanged":true,"before_bad":4,"after_score_computed":true,"after_bad":4,"after_valid":true,"before_bad_area":3.82122e-11,"after_bad_area":3.82122e-11,"selected":false}
NATIVE_QUALITY_REGION {"group":43870,"boundary_attempt":false,"point_budget":128,"source_facets":4,"boundary_points":6,"new_points":2,"boundary_unchanged":true,"before_bad":1,"after_score_computed":true,"after_bad":0,"after_valid":true,"before_bad_area":5.22003e-10,"after_bad_area":0,"selected":true}
NATIVE_QUALITY_REGION {"group":43924,"boundary_attempt":false,"point_budget":128,"source_facets":6,"boundary_points":8,"new_points":2,"boundary_unchanged":true,"before_bad":4,"after_score_computed":true,"after_bad":0,"after_valid":true,"before_bad_area":2.84278e-09,"after_bad_area":0,"selected":true}
NATIVE_QUALITY_REGION {"group":44099,"boundary_attempt":false,"point_budget":128,"source_facets":5,"boundary_points":7,"new_points":0,"boundary_unchanged":true,"before_bad":2,"after_score_computed":true,"after_bad":2,"after_valid":true,"before_bad_area":0.000105272,"after_bad_area":0.000105272,"selected":false}
NATIVE_QUALITY_REGION {"group":44204,"boundary_attempt":false,"point_budget":128,"source_facets":10,"boundary_points":12,"new_points":3,"boundary_unchanged":true,"before_bad":4,"after_score_computed":true,"after_bad":2,"after_valid":true,"before_bad_area":0.000428871,"after_bad_area":0.000229815,"selected":true}
NATIVE_QUALITY_REGION {"group":44280,"boundary_attempt":false,"point_budget":128,"source_facets":8,"boundary_points":10,"new_points":3,"boundary_unchanged":true,"before_bad":4,"after_score_computed":true,"after_bad":1,"after_valid":true,"before_bad_area":7.85227e-05,"after_bad_area":1.83443e-05,"selected":true}
NATIVE_QUALITY_REGION {"group":44318,"boundary_attempt":false,"point_budget":128,"source_facets":11,"boundary_points":13,"new_points":4,"boundary_unchanged":true,"before_bad":8,"after_score_computed":true,"after_bad":1,"after_valid":true,"before_bad_area":1.00006e-08,"after_bad_area":2.71121e-10,"selected":true}
NATIVE_QUALITY_REGION {"group":44324,"boundary_attempt":false,"point_budget":128,"source_facets":6,"boundary_points":8,"new_points":2,"boundary_unchanged":true,"before_bad":1,"after_score_computed":true,"after_bad":0,"after_valid":true,"before_bad_area":7.71957e-11,"after_bad_area":0,"selected":true}
NATIVE_QUALITY_REGION {"group":44482,"boundary_attempt":false,"point_budget":128,"source_facets":8,"boundary_points":10,"new_points":0,"boundary_unchanged":true,"before_bad":4,"after_score_computed":true,"after_bad":4,"after_valid":true,"before_bad_area":0.000792803,"after_bad_area":0.000792803,"selected":false}
NATIVE_QUALITY_REGION {"group":44511,"boundary_attempt":false,"point_budget":128,"source_facets":7,"boundary_points":7,"new_points":1,"boundary_unchanged":true,"before_bad":1,"after_score_computed":true,"after_bad":0,"after_valid":true,"before_bad_area":1.69441e-08,"after_bad_area":0,"selected":true}
NATIVE_QUALITY_REGION {"group":44536,"boundary_attempt":false,"point_budget":128,"source_facets":6,"boundary_points":8,"new_points":0,"boundary_unchanged":true,"before_bad":2,"after_score_computed":true,"after_bad":2,"after_valid":true,"before_bad_area":0.000191655,"after_bad_area":0.000191655,"selected":false}
NATIVE_QUALITY_REGION {"group":44601,"boundary_attempt":false,"point_budget":128,"source_facets":19,"boundary_points":17,"new_points":9,"boundary_unchanged":true,"before_bad":11,"after_score_computed":true,"after_bad":1,"after_valid":true,"before_bad_area":0.0157676,"after_bad_area":0.000183047,"selected":true}
NATIVE_QUALITY_REGION {"group":44604,"boundary_attempt":false,"point_budget":128,"source_facets":8,"boundary_points":8,"new_points":1,"boundary_unchanged":true,"before_bad":1,"after_score_computed":true,"after_bad":0,"after_valid":true,"before_bad_area":8.60554e-05,"after_bad_area":0,"selected":true}
NATIVE_QUALITY_REGION {"group":44606,"boundary_attempt":false,"point_budget":128,"source_facets":5,"boundary_points":7,"new_points":1,"boundary_unchanged":true,"before_bad":1,"after_score_computed":true,"after_bad":1,"after_valid":true,"before_bad_area":1.50737e-05,"after_bad_area":1.50737e-05,"selected":false}
NATIVE_QUALITY_REGION {"group":44620,"boundary_attempt":false,"point_budget":128,"source_facets":5,"boundary_points":7,"new_points":0,"boundary_unchanged":true,"before_bad":1,"after_score_computed":true,"after_bad":1,"after_valid":true,"before_bad_area":0.00203272,"after_bad_area":0.00203272,"selected":false}
NATIVE_QUALITY_REGION {"group":44635,"boundary_attempt":false,"point_budget":128,"source_facets":15,"boundary_points":9,"new_points":4,"boundary_unchanged":true,"before_bad":5,"after_score_computed":true,"after_bad":4,"after_valid":true,"before_bad_area":0.00284467,"after_bad_area":0.00333724,"selected":false}
NATIVE_QUALITY_REGION {"group":44669,"boundary_attempt":false,"point_budget":128,"source_facets":12,"boundary_points":10,"new_points":3,"boundary_unchanged":true,"before_bad":2,"after_score_computed":true,"after_bad":0,"after_valid":true,"before_bad_area":0.0202214,"after_bad_area":0,"selected":true}
NATIVE_QUALITY_REGION {"group":44708,"boundary_attempt":false,"point_budget":128,"source_facets":7,"boundary_points":9,"new_points":0,"boundary_unchanged":true,"before_bad":1,"after_score_computed":true,"after_bad":1,"after_valid":true,"before_bad_area":0.00350101,"after_bad_area":0.00350101,"selected":false}
NATIVE_QUALITY_REGION {"group":44723,"boundary_attempt":false,"point_budget":128,"source_facets":4,"boundary_points":6,"new_points":0,"boundary_unchanged":true,"before_bad":1,"after_score_computed":true,"after_bad":1,"after_valid":true,"before_bad_area":0.00118589,"after_bad_area":0.00118589,"selected":false}
NATIVE_QUALITY_REGION {"group":44728,"boundary_attempt":false,"point_budget":128,"source_facets":15,"boundary_points":15,"new_points":5,"boundary_unchanged":true,"before_bad":10,"after_score_computed":true,"after_bad":8,"after_valid":true,"before_bad_area":0.0084799,"after_bad_area":0.027014,"selected":false}
NATIVE_QUALITY_REGION {"group":44742,"boundary_attempt":false,"point_budget":128,"source_facets":34,"boundary_points":28,"new_points":4,"boundary_unchanged":true,"before_bad":23,"after_score_computed":true,"after_bad":18,"after_valid":true,"before_bad_area":0.0270607,"after_bad_area":0.0212811,"selected":true}
NATIVE_QUALITY_REGION {"group":44748,"boundary_attempt":false,"point_budget":128,"source_facets":4,"boundary_points":6,"new_points":0,"boundary_unchanged":true,"before_bad":4,"after_score_computed":true,"after_bad":4,"after_valid":true,"before_bad_area":2.42308e-09,"after_bad_area":2.42308e-09,"selected":false}
NATIVE_QUALITY_REGION {"group":44749,"boundary_attempt":false,"point_budget":128,"source_facets":7,"boundary_points":9,"new_points":2,"boundary_unchanged":true,"before_bad":2,"after_score_computed":true,"after_bad":0,"after_valid":true,"before_bad_area":4.48763e-10,"after_bad_area":0,"selected":true}
NATIVE_QUALITY_REGION {"group":44751,"boundary_attempt":false,"point_budget":128,"source_facets":2,"boundary_points":4,"new_points":0,"boundary_unchanged":true,"before_bad":1,"after_score_computed":true,"after_bad":1,"after_valid":true,"before_bad_area":1.13239e-05,"after_bad_area":1.13239e-05,"selected":false}
NATIVE_QUALITY_REGION {"group":44752,"boundary_attempt":false,"point_budget":128,"source_facets":4,"boundary_points":6,"new_points":0,"boundary_unchanged":true,"before_bad":4,"after_score_computed":true,"after_bad":4,"after_valid":true,"before_bad_area":1.22934e-05,"after_bad_area":1.22934e-05,"selected":false}
NATIVE_QUALITY_REGION {"group":44753,"boundary_attempt":false,"point_budget":128,"source_facets":4,"boundary_points":6,"new_points":0,"boundary_unchanged":true,"before_bad":3,"after_score_computed":true,"after_bad":3,"after_valid":true,"before_bad_area":5.7495e-05,"after_bad_area":5.7495e-05,"selected":false}
NATIVE_QUALITY_REGION {"group":44754,"boundary_attempt":false,"point_budget":128,"source_facets":5,"boundary_points":7,"new_points":0,"boundary_unchanged":true,"before_bad":3,"after_score_computed":true,"after_bad":3,"after_valid":true,"before_bad_area":1.02804e-08,"after_bad_area":1.02804e-08,"selected":false}
NATIVE_QUALITY_REGION {"group":44755,"boundary_attempt":false,"point_budget":128,"source_facets":4,"boundary_points":6,"new_points":0,"boundary_unchanged":true,"before_bad":1,"after_score_computed":true,"after_bad":1,"after_valid":true,"before_bad_area":6.09637e-09,"after_bad_area":6.09637e-09,"selected":false}
NATIVE_QUALITY_REGION {"group":44756,"boundary_attempt":false,"point_budget":128,"source_facets":4,"boundary_points":6,"new_points":0,"boundary_unchanged":true,"before_bad":4,"after_score_computed":true,"after_bad":4,"after_valid":true,"before_bad_area":4.22738e-11,"after_bad_area":4.22738e-11,"selected":false}
NATIVE_QUALITY_REGION {"group":44759,"boundary_attempt":false,"point_budget":128,"source_facets":2,"boundary_points":4,"new_points":0,"boundary_unchanged":true,"before_bad":2,"after_score_computed":true,"after_bad":2,"after_valid":true,"before_bad_area":2.82325e-10,"after_bad_area":2.82325e-10,"selected":false}
o-[QualityBoundary] shared_edges=0 before_bad=598 after_bad=598 before_area=140.959 after_area=140.959 accepted=1
o-[QualityBoundary] shared_edges=70 before_bad=588 after_bad=598 before_area=141.019 after_area=140.959 accepted=0
o-[FloatEdge   ] contracted_zero_length_edges=1
NATIVE_RESULT {"load_ms":39.403075000000001,"boolean_ms":1295.6275869999999,"save_ms":77.354619,"faces":49170,"vertices":24587,"simplify":true}
