Warp 1.0.0-beta.2 initialized:
   CUDA Toolkit: 12.8, Driver: 13.2
   Devices:
     "cpu"    | x86_64
     "cuda:0" | NVIDIA GeForce RTX 4080 SUPER (sm_89)
   Kernel cache: /root/.cache/warp/1.0.0-beta.2
Module pamo_safe_project.kernels.geometry_kernels load on device 'cuda:0' took 25.93 ms
Module pamo_safe_project.kernels.energy_kernels.elastic_energy load on device 'cuda:0' took 21.93 ms
Module pamo_safe_project.kernels.energy_kernels.hinge_energy load on device 'cuda:0' took 50.98 ms
Module pamo_safe_project.kernels.energy_kernels.precision_contact_detection load on device 'cuda:0' took 28.20 ms
Module pamo_safe_project.kernels.energy_kernels.distance_energy load on device 'cuda:0' took 39.66 ms
Module pamo_safe_project.kernels.energy_kernels.preserved_collision_energy load on device 'cuda:0' took 119.92 ms
Module pamo_safe_project.kernels.utils_kernels load on device 'cuda:0' took 6.02 ms
Module tangent_plane_gpu load on device 'cuda:0' took 2.16 ms
Module locality_gpu load on device 'cuda:0' took 1.21 ms
Module pamo_safe_project.kernels.solver_kernels load on device 'cuda:0' took 5.24 ms
Module warp.utils load on device 'cuda:0' took 1.72 ms
Module pamo_safe_project.kernels.distance_kernels.grad_funcs load on device 'cuda:0' took 23.73 ms
Module pamo_safe_project.kernels.distance_kernels.hessian_funcs load on device 'cuda:0' took 101.43 ms
Module pamo_safe_project.kernels.distance_kernels.distance_kernels load on device 'cuda:0' took 139.36 ms
Module pamo_safe_project.kernels.distance_kernels.grad_funcs_struct load on device 'cuda:0' took 21.19 ms
Module pamo_safe_project.kernels.distance_kernels.distance_kernels_struct load on device 'cuda:0' took 25.79 ms
Module pamo_safe_project.kernels.energy_kernels.collision_energy load on device 'cuda:0' took 95.24 ms
Module pamo_safe_project.kernels.ccd_kernels load on device 'cuda:0' took 27.39 ms
Module pamo_safe_project.kernels.energy_kernels.lb_curvature_energy load on device 'cuda:0' took 3.82 ms
Module pamo_safe_project.kernels.energy_kernels.contact_detection load on device 'cuda:0' took 21.08 ms
Module tangent_preserved_gpu load on device 'cuda:0' took 1.50 ms
Module robust_pt_gpu load on device 'cuda:0' took 6.77 ms
Module pamo_safe_project.kernels.energy_kernels.precision_collision_energy load on device 'cuda:0' took 96.71 ms
Module pamo_safe_project.kernels.precision_ccd_kernels load on device 'cuda:0' took 26.23 ms
Module robust_pt_gradient_gpu load on device 'cuda:0' took 5.77 ms
Module pamo_safe_project.kernels.energy_kernels.precision_gradient_collision_energy load on device 'cuda:0' took 85.37 ms
Module fixed_geometry_gpu load on device 'cuda:0' took 7.18 ms
Module pamo_safe_project.kernels.preserved_ccd load on device 'cuda:0' took 37.09 ms
