Stage1 :  True
Stage3 :  True
{"original_config_sha256": "df1eb24db57394c32e31f6d67a58cd7ef6c25febc11aff39c5e9503ee82d6390", "max_blocks": 67108864}
Warp 1.0.0-beta.2 initialized:
   CUDA Toolkit: 12.8, Driver: 13.2
   Devices:
     "cpu"    | x86_64
     "cuda:0" | NVIDIA GeForce RTX 4080 SUPER (sm_89)
   Kernel cache: /root/.cache/warp/1.0.0-beta.2
Target faces : 4204
Time for Remeshing: 0.0847010612487793 sec
Time for Simplification: 0.13921213150024414 sec
Module pamo_safe_project.kernels.geometry_kernels load on device 'cuda:0' took 23.83 ms
Module pamo_safe_project.kernels.energy_kernels.elastic_energy load on device 'cuda:0' took 20.90 ms
Module pamo_safe_project.kernels.energy_kernels.hinge_energy load on device 'cuda:0' took 51.74 ms
Module pamo_safe_project.kernels.energy_kernels.contact_detection load on device 'cuda:0' took 29.78 ms
Module pamo_safe_project.kernels.energy_kernels.distance_energy load on device 'cuda:0' took 40.31 ms
Module pamo_safe_project.kernels.energy_kernels.collision_energy load on device 'cuda:0' took 135.50 ms
Module pamo_safe_project.kernels.utils_kernels load on device 'cuda:0' took 5.73 ms
Module pamo_safe_project.kernels.solver_kernels load on device 'cuda:0' took 4.63 ms
Module warp.utils load on device 'cuda:0' took 2.34 ms
Module pamo_safe_project.kernels.distance_kernels.grad_funcs load on device 'cuda:0' took 106.99 ms
Module pamo_safe_project.kernels.distance_kernels.hessian_funcs load on device 'cuda:0' took 143.37 ms
Module pamo_safe_project.kernels.distance_kernels.distance_kernels load on device 'cuda:0' took 201.03 ms
Module pamo_safe_project.kernels.distance_kernels.grad_funcs_struct load on device 'cuda:0' took 31.12 ms
Module pamo_safe_project.kernels.distance_kernels.distance_kernels_struct load on device 'cuda:0' took 34.04 ms
Module pamo_safe_project.kernels.ccd_kernels load on device 'cuda:0' took 39.90 ms
Module pamo_safe_project.kernels.energy_kernels.lb_curvature_energy load on device 'cuda:0' took 5.54 ms
Module locality_gpu load on device 'cuda:0' took 1.16 ms
{"pamo_run_ms": 1883.5022551938891, "stage1": "original", "method": "full", "maintenance_ms": 2185.2925727143884, "status": "pending_independent_audit"}
