# of input verts : 1088
# of input faces : 2172
Stage1 :  True
Stage3 :  True
Warp 1.0.0-beta.2 initialized:
   CUDA Toolkit: 12.8, Driver: 13.2
   Devices:
     "cpu"    | x86_64
     "cuda:0" | NVIDIA GeForce RTX 4080 SUPER (sm_89)
   Kernel cache: /root/.cache/warp/1.0.0-beta.2
Target faces : 2172
Time for Remeshing: 0.09219861030578613 sec
Time for Simplification: 0.7473428249359131 sec
Module pamo_safe_project.kernels.geometry_kernels load on device 'cuda:0' took 122.48 ms
Module pamo_safe_project.kernels.energy_kernels.elastic_energy load on device 'cuda:0' took 15.27 ms
Module pamo_safe_project.kernels.energy_kernels.hinge_energy load on device 'cuda:0' took 36.53 ms
Module pamo_safe_project.kernels.energy_kernels.contact_detection load on device 'cuda:0' took 21.19 ms
Module pamo_safe_project.kernels.energy_kernels.distance_energy load on device 'cuda:0' took 28.33 ms
Module pamo_safe_project.kernels.energy_kernels.collision_energy load on device 'cuda:0' took 94.32 ms
Module pamo_safe_project.kernels.utils_kernels load on device 'cuda:0' took 4.02 ms
Module pamo_safe_project.kernels.solver_kernels load on device 'cuda:0' took 3.25 ms
Module warp.utils load on device 'cuda:0' took 1.70 ms
Module pamo_safe_project.kernels.distance_kernels.grad_funcs load on device 'cuda:0' took 22.25 ms
Module pamo_safe_project.kernels.distance_kernels.hessian_funcs load on device 'cuda:0' took 96.61 ms
Module pamo_safe_project.kernels.distance_kernels.distance_kernels load on device 'cuda:0' took 135.88 ms
Module pamo_safe_project.kernels.distance_kernels.grad_funcs_struct load on device 'cuda:0' took 20.71 ms
Module pamo_safe_project.kernels.distance_kernels.distance_kernels_struct load on device 'cuda:0' took 22.72 ms
Module pamo_safe_project.kernels.ccd_kernels load on device 'cuda:0' took 27.13 ms
Module pamo_safe_project.kernels.energy_kernels.lb_curvature_energy load on device 'cuda:0' took 3.86 ms
Total time:  2.0260777473449707
# of output verts : 1067
# of output faces : 2126
