# of input verts : 1966
# of input faces : 3928
Stage1 :  True
Stage3 :  True
Warp 1.0.0-beta.2 initialized:
   CUDA Toolkit: 12.8, Driver: 13.2
   Devices:
     "cpu"    | x86_64
     "cuda:0" | NVIDIA GeForce RTX 4080 SUPER (sm_89)
   Kernel cache: /root/.cache/warp/1.0.0-beta.2
Target faces : 3928
Time for Remeshing: 0.08483099937438965 sec
Time for Simplification: 0.7375950813293457 sec
Module pamo_safe_project.kernels.geometry_kernels load on device 'cuda:0' took 86.38 ms
Module pamo_safe_project.kernels.energy_kernels.elastic_energy load on device 'cuda:0' took 14.46 ms
Module pamo_safe_project.kernels.energy_kernels.hinge_energy load on device 'cuda:0' took 35.44 ms
Module pamo_safe_project.kernels.energy_kernels.contact_detection load on device 'cuda:0' took 20.44 ms
Module pamo_safe_project.kernels.energy_kernels.distance_energy load on device 'cuda:0' took 27.34 ms
Module pamo_safe_project.kernels.energy_kernels.collision_energy load on device 'cuda:0' took 91.20 ms
Module pamo_safe_project.kernels.utils_kernels load on device 'cuda:0' took 3.97 ms
Module pamo_safe_project.kernels.solver_kernels load on device 'cuda:0' took 3.21 ms
Module warp.utils load on device 'cuda:0' took 1.56 ms
Module pamo_safe_project.kernels.distance_kernels.grad_funcs load on device 'cuda:0' took 22.42 ms
Module pamo_safe_project.kernels.distance_kernels.hessian_funcs load on device 'cuda:0' took 97.08 ms
Module pamo_safe_project.kernels.distance_kernels.distance_kernels load on device 'cuda:0' took 136.97 ms
Module pamo_safe_project.kernels.distance_kernels.grad_funcs_struct load on device 'cuda:0' took 21.56 ms
Module pamo_safe_project.kernels.distance_kernels.distance_kernels_struct load on device 'cuda:0' took 23.20 ms
Module pamo_safe_project.kernels.ccd_kernels load on device 'cuda:0' took 27.49 ms
Module pamo_safe_project.kernels.energy_kernels.lb_curvature_energy load on device 'cuda:0' took 3.84 ms
Total time:  1.9927847385406494
# of output verts : 1946
# of output faces : 3884
