Stage1 :  True
Stage3 :  True
Warp 1.0.0-beta.2 initialized:
   CUDA Toolkit: 12.8, Driver: 13.2
   Devices:
     "cpu"    | x86_64
     "cuda:0" | NVIDIA GeForce RTX 4080 SUPER (sm_89)
   Kernel cache: /root/.cache/warp/1.0.0-beta.2
Target faces : 656
Time for Remeshing: 0.08962488174438477 sec
Time for Simplification: 0.1953411102294922 sec
Module pamo_safe_project.kernels.geometry_kernels load on device 'cuda:0' took 22.35 ms
Module pamo_safe_project.kernels.energy_kernels.elastic_energy load on device 'cuda:0' took 20.62 ms
Module pamo_safe_project.kernels.energy_kernels.hinge_energy load on device 'cuda:0' took 51.69 ms
Module pamo_safe_project.kernels.energy_kernels.contact_detection load on device 'cuda:0' took 33.14 ms
Module pamo_safe_project.kernels.energy_kernels.distance_energy load on device 'cuda:0' took 41.18 ms
Module pamo_safe_project.kernels.energy_kernels.collision_energy load on device 'cuda:0' took 140.91 ms
Module pamo_safe_project.kernels.utils_kernels load on device 'cuda:0' took 6.15 ms
Module pamo_safe_project.kernels.solver_kernels load on device 'cuda:0' took 5.20 ms
Module warp.utils load on device 'cuda:0' took 2.26 ms
Module pamo_safe_project.kernels.distance_kernels.grad_funcs load on device 'cuda:0' took 32.81 ms
Module pamo_safe_project.kernels.distance_kernels.hessian_funcs load on device 'cuda:0' took 153.21 ms
Module pamo_safe_project.kernels.distance_kernels.distance_kernels load on device 'cuda:0' took 210.42 ms
Module pamo_safe_project.kernels.distance_kernels.grad_funcs_struct load on device 'cuda:0' took 30.64 ms
Module pamo_safe_project.kernels.distance_kernels.distance_kernels_struct load on device 'cuda:0' took 35.51 ms
Module pamo_safe_project.kernels.ccd_kernels load on device 'cuda:0' took 84.46 ms
Module pamo_safe_project.kernels.energy_kernels.lb_curvature_energy load on device 'cuda:0' took 10.12 ms
Module locality_gpu load on device 'cuda:0' took 1.85 ms
{"pamo_run_ms": 2821.726036258042, "stage1": "original", "method": "full", "maintenance_ms": 5537.540756165981, "status": "pending_independent_audit"}
