Warp 1.0.0-beta.2 initialized:
   CUDA Toolkit: 12.8, Driver: 13.2
   Devices:
     "cpu"    | x86_64
     "cuda:0" | NVIDIA GeForce RTX 4090 (sm_89)
   Kernel cache: /root/.cache/warp/1.0.0-beta.2
Module pamo_safe_project.kernels.geometry_kernels load on device 'cuda:0' took 17.88 ms
Module pamo_safe_project.kernels.energy_kernels.elastic_energy load on device 'cuda:0' took 18.71 ms
Module pamo_safe_project.kernels.energy_kernels.hinge_energy load on device 'cuda:0' took 146.62 ms
Module pamo_safe_project.kernels.energy_kernels.contact_detection load on device 'cuda:0' took 15.94 ms
Module pamo_safe_project.kernels.energy_kernels.distance_energy load on device 'cuda:0' took 31.66 ms
Module pamo_safe_project.kernels.energy_kernels.collision_energy load on device 'cuda:0' took 245.58 ms
Module pamo_safe_project.kernels.utils_kernels load on device 'cuda:0' took 4.92 ms
Module locality_gpu load on device 'cuda:0' took 0.96 ms
Module pamo_safe_project.kernels.solver_kernels load on device 'cuda:0' took 3.82 ms
Module warp.utils load on device 'cuda:0' took 1.81 ms
Module pamo_safe_project.kernels.distance_kernels.grad_funcs load on device 'cuda:0' took 90.31 ms
Module pamo_safe_project.kernels.distance_kernels.hessian_funcs load on device 'cuda:0' took 115.55 ms
Module pamo_safe_project.kernels.distance_kernels.distance_kernels load on device 'cuda:0' took 204.79 ms
Module pamo_safe_project.kernels.distance_kernels.grad_funcs_struct load on device 'cuda:0' took 82.64 ms
Module pamo_safe_project.kernels.distance_kernels.distance_kernels_struct load on device 'cuda:0' took 17.05 ms
Module pamo_safe_project.kernels.ccd_kernels load on device 'cuda:0' took 21.66 ms
Module pamo_safe_project.kernels.energy_kernels.lb_curvature_energy load on device 'cuda:0' took 5.72 ms
