Stage1 :  True
Stage3 :  True
{"original_config_sha256": "df1eb24db57394c32e31f6d67a58cd7ef6c25febc11aff39c5e9503ee82d6390", "max_blocks": 67108864}
Warp 1.0.0-beta.2 initialized:
   CUDA Toolkit: 12.8, Driver: 13.2
   Devices:
     "cpu"    | x86_64
     "cuda:0" | NVIDIA GeForce RTX 4080 SUPER (sm_89)
   Kernel cache: /root/.cache/warp/1.0.0-beta.2
Target faces : 61660
Time for Remeshing: 0.09593963623046875 sec
Time for Simplification: 0.017904281616210938 sec
Module pamo_safe_project.kernels.geometry_kernels load on device 'cuda:0' took 23.55 ms
Module pamo_safe_project.kernels.energy_kernels.elastic_energy load on device 'cuda:0' took 96.71 ms
Module pamo_safe_project.kernels.energy_kernels.hinge_energy load on device 'cuda:0' took 51.14 ms
Module pamo_safe_project.kernels.energy_kernels.contact_detection load on device 'cuda:0' took 29.37 ms
Module pamo_safe_project.kernels.energy_kernels.distance_energy load on device 'cuda:0' took 39.60 ms
Module pamo_safe_project.kernels.energy_kernels.collision_energy load on device 'cuda:0' took 131.76 ms
Module pamo_safe_project.kernels.utils_kernels load on device 'cuda:0' took 5.62 ms
Module pamo_safe_project.kernels.solver_kernels load on device 'cuda:0' took 4.52 ms
Module warp.utils load on device 'cuda:0' took 2.23 ms
Module pamo_safe_project.kernels.distance_kernels.grad_funcs load on device 'cuda:0' took 33.33 ms
Module pamo_safe_project.kernels.distance_kernels.hessian_funcs load on device 'cuda:0' took 141.02 ms
Module pamo_safe_project.kernels.distance_kernels.distance_kernels load on device 'cuda:0' took 210.23 ms
Module pamo_safe_project.kernels.distance_kernels.grad_funcs_struct load on device 'cuda:0' took 117.57 ms
Module pamo_safe_project.kernels.distance_kernels.distance_kernels_struct load on device 'cuda:0' took 35.07 ms
Module pamo_safe_project.kernels.ccd_kernels load on device 'cuda:0' took 39.55 ms
Module pamo_safe_project.kernels.energy_kernels.lb_curvature_energy load on device 'cuda:0' took 5.51 ms
Module locality_gpu load on device 'cuda:0' took 1.13 ms
{"pamo_run_ms": 4762.653514742851, "stage1": "original", "method": "full", "maintenance_ms": 5303.33505757153, "status": "pending_independent_audit"}
