Stage1 :  True
Stage3 :  True
Warp 1.0.0-beta.2 initialized:
   CUDA Toolkit: 12.8, Driver: 13.2
   Devices:
     "cpu"    | x86_64
     "cuda:0" | NVIDIA GeForce RTX 4090 (sm_89)
   Kernel cache: /root/.cache/warp/1.0.0-beta.2
Target faces : 6908
Time for Remeshing: 0.09197640419006348 sec
Time for Simplification: 0.3809943199157715 sec
Module pamo_safe_project.kernels.geometry_kernels load on device 'cuda:0' took 12.64 ms
Module pamo_safe_project.kernels.energy_kernels.elastic_energy load on device 'cuda:0' took 11.05 ms
Module pamo_safe_project.kernels.energy_kernels.hinge_energy load on device 'cuda:0' took 26.70 ms
Module pamo_safe_project.kernels.energy_kernels.contact_detection load on device 'cuda:0' took 16.41 ms
Module pamo_safe_project.kernels.energy_kernels.distance_energy load on device 'cuda:0' took 22.48 ms
Module pamo_safe_project.kernels.energy_kernels.collision_energy load on device 'cuda:0' took 70.87 ms
Module pamo_safe_project.kernels.utils_kernels load on device 'cuda:0' took 3.27 ms
Module pamo_safe_project.kernels.solver_kernels load on device 'cuda:0' took 2.68 ms
Module warp.utils load on device 'cuda:0' took 1.39 ms
Module pamo_safe_project.kernels.distance_kernels.grad_funcs load on device 'cuda:0' took 17.48 ms
Module pamo_safe_project.kernels.distance_kernels.hessian_funcs load on device 'cuda:0' took 73.80 ms
Module pamo_safe_project.kernels.distance_kernels.distance_kernels load on device 'cuda:0' took 106.96 ms
Module pamo_safe_project.kernels.distance_kernels.grad_funcs_struct load on device 'cuda:0' took 16.22 ms
Module pamo_safe_project.kernels.distance_kernels.distance_kernels_struct load on device 'cuda:0' took 17.63 ms
Module pamo_safe_project.kernels.ccd_kernels load on device 'cuda:0' took 22.29 ms
Module pamo_safe_project.kernels.energy_kernels.lb_curvature_energy load on device 'cuda:0' took 3.40 ms
Module locality_gpu load on device 'cuda:0' took 0.77 ms
{"pamo_run_ms": 1505.0605041906238, "stage1": "original", "method": "full", "maintenance_ms": 3204.5582877472043, "status": "pending_independent_audit"}
