Stage1 :  True
Stage3 :  True
Warp 1.0.0-beta.2 initialized:
   CUDA Toolkit: 12.8, Driver: 13.2
   Devices:
     "cpu"    | x86_64
     "cuda:0" | NVIDIA GeForce RTX 4090 (sm_89)
   Kernel cache: /root/.cache/warp/1.0.0-beta.2
Target faces : 660
Time for Remeshing: 0.22308850288391113 sec
Time for Simplification: 0.5621969699859619 sec
Module pamo_safe_project.kernels.geometry_kernels load on device 'cuda:0' took 12.40 ms
Module pamo_safe_project.kernels.energy_kernels.elastic_energy load on device 'cuda:0' took 10.83 ms
Module pamo_safe_project.kernels.energy_kernels.hinge_energy load on device 'cuda:0' took 77.48 ms
Module pamo_safe_project.kernels.energy_kernels.contact_detection load on device 'cuda:0' took 83.18 ms
Module pamo_safe_project.kernels.energy_kernels.distance_energy load on device 'cuda:0' took 21.05 ms
Module pamo_safe_project.kernels.energy_kernels.collision_energy load on device 'cuda:0' took 189.80 ms
Module pamo_safe_project.kernels.utils_kernels load on device 'cuda:0' took 3.17 ms
Module pamo_safe_project.kernels.solver_kernels load on device 'cuda:0' took 2.58 ms
Module warp.utils load on device 'cuda:0' took 1.42 ms
Module pamo_safe_project.kernels.distance_kernels.grad_funcs load on device 'cuda:0' took 16.80 ms
Module pamo_safe_project.kernels.distance_kernels.hessian_funcs load on device 'cuda:0' took 190.53 ms
Module pamo_safe_project.kernels.distance_kernels.distance_kernels load on device 'cuda:0' took 273.54 ms
Module pamo_safe_project.kernels.distance_kernels.grad_funcs_struct load on device 'cuda:0' took 15.97 ms
Module pamo_safe_project.kernels.distance_kernels.distance_kernels_struct load on device 'cuda:0' took 88.73 ms
Module pamo_safe_project.kernels.ccd_kernels load on device 'cuda:0' took 21.59 ms
Module pamo_safe_project.kernels.energy_kernels.lb_curvature_energy load on device 'cuda:0' took 3.20 ms
Module locality_gpu load on device 'cuda:0' took 0.75 ms
{"pamo_run_ms": 3005.7568354532123, "stage1": "original", "method": "full", "maintenance_ms": 8078.060985542834, "status": "pending_independent_audit"}
