Stage1 :  True
Stage3 :  True
Warp 1.0.0-beta.2 initialized:
   CUDA Toolkit: 12.8, Driver: 13.2
   Devices:
     "cpu"    | x86_64
     "cuda:0" | NVIDIA GeForce RTX 4080 SUPER (sm_89)
   Kernel cache: /root/.cache/warp/1.0.0-beta.2
Target faces : 1460
Time for Remeshing: 0.08007168769836426 sec
Time for Simplification: 0.2813253402709961 sec
Module pamo_safe_project.kernels.geometry_kernels load on device 'cuda:0' took 17.67 ms
Module pamo_safe_project.kernels.energy_kernels.elastic_energy load on device 'cuda:0' took 14.60 ms
Module pamo_safe_project.kernels.energy_kernels.hinge_energy load on device 'cuda:0' took 37.39 ms
Module pamo_safe_project.kernels.energy_kernels.contact_detection load on device 'cuda:0' took 21.94 ms
Module pamo_safe_project.kernels.energy_kernels.distance_energy load on device 'cuda:0' took 29.07 ms
Module pamo_safe_project.kernels.energy_kernels.collision_energy load on device 'cuda:0' took 93.57 ms
Module pamo_safe_project.kernels.utils_kernels load on device 'cuda:0' took 4.05 ms
Module pamo_safe_project.kernels.solver_kernels load on device 'cuda:0' took 3.20 ms
Module warp.utils load on device 'cuda:0' took 1.60 ms
Module pamo_safe_project.kernels.distance_kernels.grad_funcs load on device 'cuda:0' took 23.47 ms
Module pamo_safe_project.kernels.distance_kernels.hessian_funcs load on device 'cuda:0' took 103.16 ms
Module pamo_safe_project.kernels.distance_kernels.distance_kernels load on device 'cuda:0' took 140.35 ms
Module pamo_safe_project.kernels.distance_kernels.grad_funcs_struct load on device 'cuda:0' took 21.72 ms
Module pamo_safe_project.kernels.distance_kernels.distance_kernels_struct load on device 'cuda:0' took 23.05 ms
Module pamo_safe_project.kernels.ccd_kernels load on device 'cuda:0' took 28.82 ms
Module pamo_safe_project.kernels.energy_kernels.lb_curvature_energy load on device 'cuda:0' took 3.88 ms
Module locality_gpu load on device 'cuda:0' took 0.81 ms
