Warp 1.0.0-beta.2 initialized:
   CUDA Toolkit: 12.8, Driver: 13.2
   Devices:
     "cpu"    | x86_64
     "cuda:0" | NVIDIA GeForce RTX 4080 SUPER (sm_89)
   Kernel cache: /root/.cache/warp/1.0.0-beta.2
[33;20mWARNING - Triangle area is too small (min_area=1.6271779715763046e-13), may cause numerical instability (system.py:213)[0m
Module pamo_safe_project.kernels.geometry_kernels load on device 'cuda:0' took 29.30 ms
Module pamo_safe_project.kernels.energy_kernels.elastic_energy load on device 'cuda:0' took 24.67 ms
Module pamo_safe_project.kernels.energy_kernels.hinge_energy load on device 'cuda:0' took 53.54 ms
Module pamo_safe_project.kernels.energy_kernels.precision_contact_detection load on device 'cuda:0' took 31.07 ms
Module pamo_safe_project.kernels.energy_kernels.distance_energy load on device 'cuda:0' took 42.68 ms
Module pamo_safe_project.kernels.energy_kernels.precision_gradient_collision_energy load on device 'cuda:0' took 119.81 ms
Module pamo_safe_project.kernels.utils_kernels load on device 'cuda:0' took 5.99 ms
Module tangent_plane_gpu load on device 'cuda:0' took 2.74 ms
Module locality_gpu load on device 'cuda:0' took 1.38 ms
Module pamo_safe_project.kernels.solver_kernels load on device 'cuda:0' took 6.56 ms
Module warp.utils load on device 'cuda:0' took 3.43 ms
Module pamo_safe_project.kernels.distance_kernels.grad_funcs load on device 'cuda:0' took 33.72 ms
Module pamo_safe_project.kernels.distance_kernels.hessian_funcs load on device 'cuda:0' took 156.68 ms
Module pamo_safe_project.kernels.distance_kernels.distance_kernels load on device 'cuda:0' took 225.08 ms
Module pamo_safe_project.kernels.distance_kernels.grad_funcs_struct load on device 'cuda:0' took 33.42 ms
Module pamo_safe_project.kernels.distance_kernels.distance_kernels_struct load on device 'cuda:0' took 36.21 ms
Module pamo_safe_project.kernels.energy_kernels.collision_energy load on device 'cuda:0' took 147.96 ms
Module pamo_safe_project.kernels.ccd_kernels load on device 'cuda:0' took 53.12 ms
Module pamo_safe_project.kernels.energy_kernels.lb_curvature_energy load on device 'cuda:0' took 73.76 ms
Module pamo_safe_project.kernels.energy_kernels.contact_detection load on device 'cuda:0' took 46.25 ms
Module robust_pt_gpu load on device 'cuda:0' took 8.49 ms
Module pamo_safe_project.kernels.energy_kernels.precision_collision_energy load on device 'cuda:0' took 145.68 ms
Module pamo_safe_project.kernels.precision_ccd_kernels load on device 'cuda:0' took 42.14 ms
Module robust_pt_gradient_gpu load on device 'cuda:0' took 8.39 ms
