Stage1 :  True
Stage3 :  True
Warp 1.0.0-beta.2 initialized:
   CUDA Toolkit: 12.8, Driver: 13.2
   Devices:
     "cpu"    | x86_64
     "cuda:0" | NVIDIA GeForce RTX 4080 SUPER (sm_89)
   Kernel cache: /root/.cache/warp/1.0.0-beta.2
Target faces : 2282
Time for Remeshing: 0.14577984809875488 sec
Time for Simplification: 0.6092381477355957 sec
Module pamo_safe_project.kernels.geometry_kernels load on device 'cuda:0' took 22.96 ms
Module pamo_safe_project.kernels.energy_kernels.elastic_energy load on device 'cuda:0' took 21.20 ms
Module pamo_safe_project.kernels.energy_kernels.hinge_energy load on device 'cuda:0' took 51.96 ms
Module pamo_safe_project.kernels.energy_kernels.contact_detection load on device 'cuda:0' took 29.93 ms
Module pamo_safe_project.kernels.energy_kernels.distance_energy load on device 'cuda:0' took 40.04 ms
Module pamo_safe_project.kernels.energy_kernels.collision_energy load on device 'cuda:0' took 133.20 ms
Module pamo_safe_project.kernels.utils_kernels load on device 'cuda:0' took 5.99 ms
Module pamo_safe_project.kernels.solver_kernels load on device 'cuda:0' took 4.84 ms
Module warp.utils load on device 'cuda:0' took 2.48 ms
Module pamo_safe_project.kernels.distance_kernels.grad_funcs load on device 'cuda:0' took 32.63 ms
Module pamo_safe_project.kernels.distance_kernels.hessian_funcs load on device 'cuda:0' took 140.62 ms
Module pamo_safe_project.kernels.distance_kernels.distance_kernels load on device 'cuda:0' took 198.36 ms
Module pamo_safe_project.kernels.distance_kernels.grad_funcs_struct load on device 'cuda:0' took 30.67 ms
Module pamo_safe_project.kernels.distance_kernels.distance_kernels_struct load on device 'cuda:0' took 33.62 ms
Module pamo_safe_project.kernels.ccd_kernels load on device 'cuda:0' took 40.30 ms
Module pamo_safe_project.kernels.energy_kernels.lb_curvature_energy load on device 'cuda:0' took 5.77 ms
Module locality_gpu load on device 'cuda:0' took 1.34 ms
{"pamo_run_ms": 2238.8922134414315, "stage1": "original", "method": "full", "maintenance_ms": 5242.14637838304, "status": "pending_independent_audit"}
