Stage1 :  True
Stage3 :  True
Warp 1.0.0-beta.2 initialized:
   CUDA Toolkit: 12.8, Driver: 13.2
   Devices:
     "cpu"    | x86_64
     "cuda:0" | NVIDIA GeForce RTX 4090 (sm_89)
   Kernel cache: /root/.cache/warp/1.0.0-beta.2
Target faces : 3226
Time for Remeshing: 0.08362555503845215 sec
Time for Simplification: 0.35999393463134766 sec
Module pamo_safe_project.kernels.geometry_kernels load on device 'cuda:0' took 12.29 ms
Module pamo_safe_project.kernels.energy_kernels.elastic_energy load on device 'cuda:0' took 11.02 ms
Module pamo_safe_project.kernels.energy_kernels.hinge_energy load on device 'cuda:0' took 26.46 ms
Module pamo_safe_project.kernels.energy_kernels.contact_detection load on device 'cuda:0' took 15.93 ms
Module pamo_safe_project.kernels.energy_kernels.distance_energy load on device 'cuda:0' took 21.08 ms
Module pamo_safe_project.kernels.energy_kernels.collision_energy load on device 'cuda:0' took 71.29 ms
Module pamo_safe_project.kernels.utils_kernels load on device 'cuda:0' took 3.22 ms
Module pamo_safe_project.kernels.solver_kernels load on device 'cuda:0' took 2.64 ms
Module warp.utils load on device 'cuda:0' took 1.35 ms
Module pamo_safe_project.kernels.distance_kernels.grad_funcs load on device 'cuda:0' took 16.91 ms
Module pamo_safe_project.kernels.distance_kernels.hessian_funcs load on device 'cuda:0' took 72.27 ms
Module pamo_safe_project.kernels.distance_kernels.distance_kernels load on device 'cuda:0' took 103.59 ms
Module pamo_safe_project.kernels.distance_kernels.grad_funcs_struct load on device 'cuda:0' took 16.08 ms
Module pamo_safe_project.kernels.distance_kernels.distance_kernels_struct load on device 'cuda:0' took 17.55 ms
Module pamo_safe_project.kernels.ccd_kernels load on device 'cuda:0' took 21.53 ms
Module pamo_safe_project.kernels.energy_kernels.lb_curvature_energy load on device 'cuda:0' took 3.17 ms
Module locality_gpu load on device 'cuda:0' took 0.74 ms
{"pamo_run_ms": 1397.3338678479195, "stage1": "original", "method": "full", "maintenance_ms": 3066.094475798309, "status": "pending_independent_audit"}
