Stage1 :  True
Stage3 :  True
Warp 1.0.0-beta.2 initialized:
   CUDA Toolkit: 12.8, Driver: 13.2
   Devices:
     "cpu"    | x86_64
     "cuda:0" | NVIDIA GeForce RTX 4080 SUPER (sm_89)
   Kernel cache: /root/.cache/warp/1.0.0-beta.2
Target faces : 1454
Time for Remeshing: 0.07937312126159668 sec
Time for Simplification: 0.46546173095703125 sec
Module pamo_safe_project.kernels.geometry_kernels load on device 'cuda:0' took 20.59 ms
Module pamo_safe_project.kernels.energy_kernels.elastic_energy load on device 'cuda:0' took 19.39 ms
Module pamo_safe_project.kernels.energy_kernels.hinge_energy load on device 'cuda:0' took 47.92 ms
Module pamo_safe_project.kernels.energy_kernels.contact_detection load on device 'cuda:0' took 27.53 ms
Module pamo_safe_project.kernels.energy_kernels.distance_energy load on device 'cuda:0' took 37.01 ms
Module pamo_safe_project.kernels.energy_kernels.collision_energy load on device 'cuda:0' took 122.74 ms
Module pamo_safe_project.kernels.utils_kernels load on device 'cuda:0' took 5.26 ms
Module pamo_safe_project.kernels.solver_kernels load on device 'cuda:0' took 4.27 ms
Module warp.utils load on device 'cuda:0' took 2.09 ms
Module pamo_safe_project.kernels.distance_kernels.grad_funcs load on device 'cuda:0' took 30.22 ms
Module pamo_safe_project.kernels.distance_kernels.hessian_funcs load on device 'cuda:0' took 134.48 ms
Module pamo_safe_project.kernels.distance_kernels.distance_kernels load on device 'cuda:0' took 184.48 ms
Module pamo_safe_project.kernels.distance_kernels.grad_funcs_struct load on device 'cuda:0' took 29.58 ms
Module pamo_safe_project.kernels.distance_kernels.distance_kernels_struct load on device 'cuda:0' took 31.25 ms
Module pamo_safe_project.kernels.ccd_kernels load on device 'cuda:0' took 36.87 ms
Module pamo_safe_project.kernels.energy_kernels.lb_curvature_energy load on device 'cuda:0' took 5.20 ms
{"time_beijing": "2026-09-29 05:24:59", "input_sha256": "77d7a311cde234a9f92247a27b6bb5697d685a659d397c12f90cef8caf092ce2", "output_sha256": "0987b385d52d4256c9850165d17211d2e2d40a27685e8d3e40f032fba2951292", "author_system_sha256": "bb6c38d3e644fad99bd4bdbf3e3402fae2afa161a46bd5dcdc38b7f1c6183474", "author_energy_sha256": "674a722a83e772f3a35c5a6ba069495936b546981f44ace9034a5f7810b11ce2", "construct_ms": 325.4113933071494, "run_ms": 1752.4353805929422, "contact_count_max": 1845, "contact_count_min": 1411, "operations": {"build_compute_edge_bounds": {"count": 1, "sum_ms": 20.852318964898586, "mean_ms": 20.852318964898586, "max_ms": 20.852318964898586}, "build_bvh_1": {"count": 1, "sum_ms": 0.9744446724653244, "mean_ms": 0.9744446724653244, "max_ms": 0.9744446724653244}, "build_compute_tri_bounds": {"count": 1, "sum_ms": 0.13906508684158325, "mean_ms": 0.13906508684158325, "max_ms": 0.13906508684158325}, "build_bvh_2": {"count": 1, "sum_ms": 0.667027197778225, "mean_ms": 0.667027197778225, "max_ms": 0.667027197778225}, "build_mesh_bvh_1": {"count": 1, "sum_ms": 0.6854953244328499, "mean_ms": 0.6854953244328499, "max_ms": 0.6854953244328499}, "build_mesh_bvh_2": {"count": 1, "sum_ms": 0.683843158185482, "mean_ms": 0.683843158185482, "max_ms": 0.683843158185482}, "register_mesh_total": {"count": 1, "sum_ms": 180.021527223289, "mean_ms": 180.021527223289, "max_ms": 180.021527223289}, "query_target_bvh": {"count": 5, "sum_ms": 1.344369724392891, "mean_ms": 0.2688739448785782, "max_ms": 0.37933047860860825}, "update_edge_bvh": {"count": 50, "sum_ms": 3.016173839569092, "mean_ms": 0.060323476791381836, "max_ms": 0.17433147877454758}, "update_tri_bvh": {"count": 50, "sum_ms": 2.5096815079450607, "mean_ms": 0.050193630158901215, "max_ms": 0.07520429790019989}, "query_contact_bvh": {"count": 50, "sum_ms": 41.019308380782604, "mean_ms": 0.8203861676156521, "max_ms": 28.261772356927395}}}
