Stage1 :  True
Stage3 :  True
Warp 1.0.0-beta.2 initialized:
   CUDA Toolkit: 12.8, Driver: 13.2
   Devices:
     "cpu"    | x86_64
     "cuda:0" | NVIDIA GeForce RTX 4080 SUPER (sm_89)
   Kernel cache: /root/.cache/warp/1.0.0-beta.2
Target faces : 1070
Time for Remeshing: 0.08362007141113281 sec
Time for Simplification: 0.5138685703277588 sec
Module pamo_safe_project.kernels.geometry_kernels load on device 'cuda:0' took 21.08 ms
Module pamo_safe_project.kernels.energy_kernels.elastic_energy load on device 'cuda:0' took 19.66 ms
Module pamo_safe_project.kernels.energy_kernels.hinge_energy load on device 'cuda:0' took 48.25 ms
Module pamo_safe_project.kernels.energy_kernels.contact_detection load on device 'cuda:0' took 43.19 ms
Module pamo_safe_project.kernels.energy_kernels.distance_energy load on device 'cuda:0' took 38.38 ms
Module pamo_safe_project.kernels.energy_kernels.collision_energy load on device 'cuda:0' took 124.47 ms
Module pamo_safe_project.kernels.utils_kernels load on device 'cuda:0' took 5.32 ms
Module pamo_safe_project.kernels.solver_kernels load on device 'cuda:0' took 4.31 ms
Module warp.utils load on device 'cuda:0' took 2.12 ms
Module pamo_safe_project.kernels.distance_kernels.grad_funcs load on device 'cuda:0' took 30.28 ms
Module pamo_safe_project.kernels.distance_kernels.hessian_funcs load on device 'cuda:0' took 135.79 ms
Module pamo_safe_project.kernels.distance_kernels.distance_kernels load on device 'cuda:0' took 190.33 ms
Module pamo_safe_project.kernels.distance_kernels.grad_funcs_struct load on device 'cuda:0' took 28.87 ms
Module pamo_safe_project.kernels.distance_kernels.distance_kernels_struct load on device 'cuda:0' took 31.89 ms
Module pamo_safe_project.kernels.ccd_kernels load on device 'cuda:0' took 38.38 ms
Module pamo_safe_project.kernels.energy_kernels.lb_curvature_energy load on device 'cuda:0' took 5.24 ms
{"time_beijing": "2026-09-29 05:24:53", "input_sha256": "bb83eefcddb1b7dc40334f506ddc2f7c780e07093a880670fb12676db5a69ab0", "output_sha256": "fffc83ea85667f67750c96f34f81ea21407d4f4dc56aede9968aeaed3e897bc4", "author_system_sha256": "bb6c38d3e644fad99bd4bdbf3e3402fae2afa161a46bd5dcdc38b7f1c6183474", "author_energy_sha256": "674a722a83e772f3a35c5a6ba069495936b546981f44ace9034a5f7810b11ce2", "construct_ms": 338.7704687193036, "run_ms": 1845.6489630043507, "contact_count_max": 1016, "contact_count_min": 806, "operations": {"build_compute_edge_bounds": {"count": 1, "sum_ms": 21.41114417463541, "mean_ms": 21.41114417463541, "max_ms": 21.41114417463541}, "build_bvh_1": {"count": 1, "sum_ms": 0.7229316979646683, "mean_ms": 0.7229316979646683, "max_ms": 0.7229316979646683}, "build_compute_tri_bounds": {"count": 1, "sum_ms": 0.14101993292570114, "mean_ms": 0.14101993292570114, "max_ms": 0.14101993292570114}, "build_bvh_2": {"count": 1, "sum_ms": 0.5137762054800987, "mean_ms": 0.5137762054800987, "max_ms": 0.5137762054800987}, "build_mesh_bvh_1": {"count": 1, "sum_ms": 0.5202731117606163, "mean_ms": 0.5202731117606163, "max_ms": 0.5202731117606163}, "build_mesh_bvh_2": {"count": 1, "sum_ms": 0.4780841991305351, "mean_ms": 0.4780841991305351, "max_ms": 0.4780841991305351}, "register_mesh_total": {"count": 1, "sum_ms": 181.3455279916525, "mean_ms": 181.3455279916525, "max_ms": 181.3455279916525}, "query_target_bvh": {"count": 5, "sum_ms": 1.5940088778734207, "mean_ms": 0.31880177557468414, "max_ms": 0.41644368320703506}, "update_edge_bvh": {"count": 50, "sum_ms": 4.027652554214001, "mean_ms": 0.08055305108428001, "max_ms": 0.16138236969709396}, "update_tri_bvh": {"count": 50, "sum_ms": 3.5454072058200836, "mean_ms": 0.07090814411640167, "max_ms": 0.16814842820167542}, "query_contact_bvh": {"count": 50, "sum_ms": 57.11103416979313, "mean_ms": 1.1422206833958626, "max_ms": 44.24399696290493}}}
