Stage1 :  True
Stage3 :  True
Warp 1.0.0-beta.2 initialized:
   CUDA Toolkit: 12.8, Driver: 13.2
   Devices:
     "cpu"    | x86_64
     "cuda:0" | NVIDIA GeForce RTX 4080 SUPER (sm_89)
   Kernel cache: /root/.cache/warp/1.0.0-beta.2
Target faces : 2154
Time for Remeshing: 0.06259727478027344 sec
Time for Simplification: 0.42373228073120117 sec
Module pamo_safe_project.kernels.geometry_kernels load on device 'cuda:0' took 17.60 ms
Module pamo_safe_project.kernels.energy_kernels.elastic_energy load on device 'cuda:0' took 16.47 ms
Module pamo_safe_project.kernels.energy_kernels.hinge_energy load on device 'cuda:0' took 38.65 ms
Module pamo_safe_project.kernels.energy_kernels.contact_detection load on device 'cuda:0' took 19.60 ms
Module pamo_safe_project.kernels.energy_kernels.distance_energy load on device 'cuda:0' took 23.53 ms
Module pamo_safe_project.kernels.energy_kernels.collision_energy load on device 'cuda:0' took 80.10 ms
Module pamo_safe_project.kernels.utils_kernels load on device 'cuda:0' took 3.34 ms
Module pamo_safe_project.kernels.solver_kernels load on device 'cuda:0' took 2.84 ms
Module warp.utils load on device 'cuda:0' took 1.86 ms
Module pamo_safe_project.kernels.distance_kernels.grad_funcs load on device 'cuda:0' took 21.06 ms
Module pamo_safe_project.kernels.distance_kernels.hessian_funcs load on device 'cuda:0' took 89.75 ms
Module pamo_safe_project.kernels.distance_kernels.distance_kernels load on device 'cuda:0' took 122.12 ms
Module pamo_safe_project.kernels.distance_kernels.grad_funcs_struct load on device 'cuda:0' took 19.46 ms
Module pamo_safe_project.kernels.distance_kernels.distance_kernels_struct load on device 'cuda:0' took 21.60 ms
Module pamo_safe_project.kernels.ccd_kernels load on device 'cuda:0' took 24.51 ms
Module pamo_safe_project.kernels.energy_kernels.lb_curvature_energy load on device 'cuda:0' took 3.59 ms
{"time_beijing": "2026-09-29 05:25:08", "input_sha256": "9d476278096814ced880d319c7488b50b3ff38759baeaf36520a93974f678f66", "output_sha256": "659f3b869575489185458bf10b0b9bea2cdf5a208e7589bfbd71dc1162fb7161", "author_system_sha256": "bb6c38d3e644fad99bd4bdbf3e3402fae2afa161a46bd5dcdc38b7f1c6183474", "author_energy_sha256": "674a722a83e772f3a35c5a6ba069495936b546981f44ace9034a5f7810b11ce2", "construct_ms": 283.49373675882816, "run_ms": 1432.5835276395082, "contact_count_max": 3466, "contact_count_min": 2800, "operations": {"build_compute_edge_bounds": {"count": 1, "sum_ms": 17.84353982657194, "mean_ms": 17.84353982657194, "max_ms": 17.84353982657194}, "build_bvh_1": {"count": 1, "sum_ms": 1.1897236108779907, "mean_ms": 1.1897236108779907, "max_ms": 1.1897236108779907}, "build_compute_tri_bounds": {"count": 1, "sum_ms": 0.1162402331829071, "mean_ms": 0.1162402331829071, "max_ms": 0.1162402331829071}, "build_bvh_2": {"count": 1, "sum_ms": 0.8289357647299767, "mean_ms": 0.8289357647299767, "max_ms": 0.8289357647299767}, "build_mesh_bvh_1": {"count": 1, "sum_ms": 0.8436869829893112, "mean_ms": 0.8436869829893112, "max_ms": 0.8436869829893112}, "build_mesh_bvh_2": {"count": 1, "sum_ms": 0.8516320958733559, "mean_ms": 0.8516320958733559, "max_ms": 0.8516320958733559}, "register_mesh_total": {"count": 1, "sum_ms": 139.75893706083298, "mean_ms": 139.75893706083298, "max_ms": 139.75893706083298}, "query_target_bvh": {"count": 5, "sum_ms": 1.2642787769436836, "mean_ms": 0.2528557553887367, "max_ms": 0.351903960108757}, "update_edge_bvh": {"count": 50, "sum_ms": 2.935991622507572, "mean_ms": 0.058719832450151443, "max_ms": 0.12724753469228745}, "update_tri_bvh": {"count": 50, "sum_ms": 2.4468284100294113, "mean_ms": 0.048936568200588226, "max_ms": 0.06420165300369263}, "query_contact_bvh": {"count": 50, "sum_ms": 34.15127657353878, "mean_ms": 0.6830255314707756, "max_ms": 20.15613578259945}}}
