Stage1 :  True
Stage3 :  True
Warp 1.0.0-beta.2 initialized:
   CUDA Toolkit: 12.8, Driver: 13.2
   Devices:
     "cpu"    | x86_64
     "cuda:0" | NVIDIA GeForce RTX 4080 SUPER (sm_89)
   Kernel cache: /root/.cache/warp/1.0.0-beta.2
Target faces : 5380
Time for Remeshing: 0.06537294387817383 sec
Time for Simplification: 0.4442427158355713 sec
Module pamo_safe_project.kernels.geometry_kernels load on device 'cuda:0' took 17.47 ms
Module pamo_safe_project.kernels.energy_kernels.elastic_energy load on device 'cuda:0' took 16.36 ms
Module pamo_safe_project.kernels.energy_kernels.hinge_energy load on device 'cuda:0' took 34.25 ms
Module pamo_safe_project.kernels.energy_kernels.contact_detection load on device 'cuda:0' took 19.89 ms
Module pamo_safe_project.kernels.energy_kernels.distance_energy load on device 'cuda:0' took 25.27 ms
Module pamo_safe_project.kernels.energy_kernels.collision_energy load on device 'cuda:0' took 83.61 ms
Module pamo_safe_project.kernels.utils_kernels load on device 'cuda:0' took 3.51 ms
Module pamo_safe_project.kernels.solver_kernels load on device 'cuda:0' took 2.99 ms
Module warp.utils load on device 'cuda:0' took 1.33 ms
Module pamo_safe_project.kernels.distance_kernels.grad_funcs load on device 'cuda:0' took 19.92 ms
Module pamo_safe_project.kernels.distance_kernels.hessian_funcs load on device 'cuda:0' took 89.10 ms
Module pamo_safe_project.kernels.distance_kernels.distance_kernels load on device 'cuda:0' took 119.39 ms
Module pamo_safe_project.kernels.distance_kernels.grad_funcs_struct load on device 'cuda:0' took 19.06 ms
Module pamo_safe_project.kernels.distance_kernels.distance_kernels_struct load on device 'cuda:0' took 20.06 ms
Module pamo_safe_project.kernels.ccd_kernels load on device 'cuda:0' took 24.64 ms
Module pamo_safe_project.kernels.energy_kernels.lb_curvature_energy load on device 'cuda:0' took 3.30 ms
{"time_beijing": "2026-09-29 05:25:13", "input_sha256": "9d38e933ce768f1a65108683add442b5803a69a18020b8a5648436eb0f9333a7", "output_sha256": "7ebeaecf3361721fbbc8467c41a8dbb0f9459f4869c04f8455508331a8c5ca62", "author_system_sha256": "bb6c38d3e644fad99bd4bdbf3e3402fae2afa161a46bd5dcdc38b7f1c6183474", "author_energy_sha256": "674a722a83e772f3a35c5a6ba069495936b546981f44ace9034a5f7810b11ce2", "construct_ms": 297.2154915332794, "run_ms": 1475.6291508674622, "contact_count_max": 2546, "contact_count_min": 2336, "operations": {"build_compute_edge_bounds": {"count": 1, "sum_ms": 17.711659893393517, "mean_ms": 17.711659893393517, "max_ms": 17.711659893393517}, "build_bvh_1": {"count": 1, "sum_ms": 3.0393172055482864, "mean_ms": 3.0393172055482864, "max_ms": 3.0393172055482864}, "build_compute_tri_bounds": {"count": 1, "sum_ms": 0.12524612247943878, "mean_ms": 0.12524612247943878, "max_ms": 0.12524612247943878}, "build_bvh_2": {"count": 1, "sum_ms": 2.290976233780384, "mean_ms": 2.290976233780384, "max_ms": 2.290976233780384}, "build_mesh_bvh_1": {"count": 1, "sum_ms": 2.1412819623947144, "mean_ms": 2.1412819623947144, "max_ms": 2.1412819623947144}, "build_mesh_bvh_2": {"count": 1, "sum_ms": 1.9808253273367882, "mean_ms": 1.9808253273367882, "max_ms": 1.9808253273367882}, "register_mesh_total": {"count": 1, "sum_ms": 145.58391831815243, "mean_ms": 145.58391831815243, "max_ms": 145.58391831815243}, "query_target_bvh": {"count": 5, "sum_ms": 1.038569025695324, "mean_ms": 0.2077138051390648, "max_ms": 0.2983361482620239}, "update_edge_bvh": {"count": 50, "sum_ms": 3.0524255707859993, "mean_ms": 0.061048511415719986, "max_ms": 0.11908076703548431}, "update_tri_bvh": {"count": 50, "sum_ms": 2.6420941576361656, "mean_ms": 0.05284188315272331, "max_ms": 0.062482431530952454}, "query_contact_bvh": {"count": 50, "sum_ms": 34.761473536491394, "mean_ms": 0.6952294707298279, "max_ms": 20.51503397524357}}}
