Stage1 :  True
Stage3 :  True
Warp 1.0.0-beta.2 initialized:
   CUDA Toolkit: 12.8, Driver: 13.2
   Devices:
     "cpu"    | x86_64
     "cuda:0" | NVIDIA GeForce RTX 4090 (sm_89)
   Kernel cache: /root/.cache/warp/1.0.0-beta.2
Target faces : 2712
Time for Remeshing: 0.12473416328430176 sec
Time for Simplification: 0.37365198135375977 sec
Module pamo_safe_project.kernels.geometry_kernels load on device 'cuda:0' took 12.72 ms
Module pamo_safe_project.kernels.energy_kernels.elastic_energy load on device 'cuda:0' took 11.08 ms
Module pamo_safe_project.kernels.energy_kernels.hinge_energy load on device 'cuda:0' took 26.79 ms
Module pamo_safe_project.kernels.energy_kernels.contact_detection load on device 'cuda:0' took 16.39 ms
Module pamo_safe_project.kernels.energy_kernels.distance_energy load on device 'cuda:0' took 21.22 ms
Module pamo_safe_project.kernels.energy_kernels.collision_energy load on device 'cuda:0' took 82.10 ms
Module pamo_safe_project.kernels.utils_kernels load on device 'cuda:0' took 3.23 ms
Module pamo_safe_project.kernels.solver_kernels load on device 'cuda:0' took 2.58 ms
Module warp.utils load on device 'cuda:0' took 1.41 ms
Module pamo_safe_project.kernels.distance_kernels.grad_funcs load on device 'cuda:0' took 16.88 ms
Module pamo_safe_project.kernels.distance_kernels.hessian_funcs load on device 'cuda:0' took 72.54 ms
Module pamo_safe_project.kernels.distance_kernels.distance_kernels load on device 'cuda:0' took 110.51 ms
Module pamo_safe_project.kernels.distance_kernels.grad_funcs_struct load on device 'cuda:0' took 16.24 ms
Module pamo_safe_project.kernels.distance_kernels.distance_kernels_struct load on device 'cuda:0' took 17.66 ms
Module pamo_safe_project.kernels.ccd_kernels load on device 'cuda:0' took 21.88 ms
Module pamo_safe_project.kernels.energy_kernels.lb_curvature_energy load on device 'cuda:0' took 3.17 ms
Module locality_gpu load on device 'cuda:0' took 0.77 ms
{"pamo_run_ms": 1517.2537826001644, "stage1": "original", "method": "full", "maintenance_ms": 3212.812243960798, "status": "pending_independent_audit"}
