Stage1 :  True
Stage3 :  True
{"original_config_sha256": "df1eb24db57394c32e31f6d67a58cd7ef6c25febc11aff39c5e9503ee82d6390", "max_blocks": 67108864}
Warp 1.0.0-beta.2 initialized:
   CUDA Toolkit: 12.8, Driver: 13.2
   Devices:
     "cpu"    | x86_64
     "cuda:0" | NVIDIA GeForce RTX 4080 SUPER (sm_89)
   Kernel cache: /root/.cache/warp/1.0.0-beta.2
Target faces : 2064
Time for Remeshing: 0.08393692970275879 sec
Time for Simplification: 0.160797119140625 sec
Module pamo_safe_project.kernels.geometry_kernels load on device 'cuda:0' took 23.53 ms
Module pamo_safe_project.kernels.energy_kernels.elastic_energy load on device 'cuda:0' took 20.53 ms
Module pamo_safe_project.kernels.energy_kernels.hinge_energy load on device 'cuda:0' took 50.87 ms
Module pamo_safe_project.kernels.energy_kernels.contact_detection load on device 'cuda:0' took 29.37 ms
Module pamo_safe_project.kernels.energy_kernels.distance_energy load on device 'cuda:0' took 39.44 ms
Module pamo_safe_project.kernels.energy_kernels.collision_energy load on device 'cuda:0' took 132.54 ms
Module pamo_safe_project.kernels.utils_kernels load on device 'cuda:0' took 5.58 ms
Module pamo_safe_project.kernels.solver_kernels load on device 'cuda:0' took 4.60 ms
Module warp.utils load on device 'cuda:0' took 2.28 ms
Module pamo_safe_project.kernels.distance_kernels.grad_funcs load on device 'cuda:0' took 107.70 ms
Module pamo_safe_project.kernels.distance_kernels.hessian_funcs load on device 'cuda:0' took 139.79 ms
Module pamo_safe_project.kernels.distance_kernels.distance_kernels load on device 'cuda:0' took 197.26 ms
Module pamo_safe_project.kernels.distance_kernels.grad_funcs_struct load on device 'cuda:0' took 30.30 ms
Module pamo_safe_project.kernels.distance_kernels.distance_kernels_struct load on device 'cuda:0' took 33.14 ms
Module pamo_safe_project.kernels.ccd_kernels load on device 'cuda:0' took 38.85 ms
Module pamo_safe_project.kernels.energy_kernels.lb_curvature_energy load on device 'cuda:0' took 5.42 ms
Module locality_gpu load on device 'cuda:0' took 1.18 ms
{"pamo_run_ms": 1848.270951770246, "stage1": "original", "method": "full", "maintenance_ms": 2141.688044182956, "status": "pending_independent_audit"}
