Warp 1.0.0-beta.2 initialized:
   CUDA Toolkit: 12.8, Driver: 13.2
   Devices:
     "cpu"    | x86_64
     "cuda:0" | NVIDIA GeForce RTX 4080 SUPER (sm_89)
   Kernel cache: /root/.cache/warp/1.0.0-beta.2
[33;20mWARNING - Triangle area is too small (min_area=3.0104959779151547e-16), may cause numerical instability (system.py:213)[0m
Module pamo_safe_project.kernels.geometry_kernels load on device 'cuda:0' took 27.58 ms
Module pamo_safe_project.kernels.energy_kernels.elastic_energy load on device 'cuda:0' took 21.40 ms
Module pamo_safe_project.kernels.energy_kernels.hinge_energy load on device 'cuda:0' took 51.45 ms
Module pamo_safe_project.kernels.energy_kernels.precision_contact_detection load on device 'cuda:0' took 29.17 ms
Module pamo_safe_project.kernels.energy_kernels.distance_energy load on device 'cuda:0' took 40.14 ms
Module pamo_safe_project.kernels.energy_kernels.preserved_collision_energy load on device 'cuda:0' took 124.33 ms
Module pamo_safe_project.kernels.utils_kernels load on device 'cuda:0' took 6.34 ms
Module tangent_plane_gpu load on device 'cuda:0' took 2.42 ms
Module locality_gpu load on device 'cuda:0' took 1.91 ms
Module pamo_safe_project.kernels.solver_kernels load on device 'cuda:0' took 3.63 ms
Module warp.utils load on device 'cuda:0' took 1.57 ms
Module pamo_safe_project.kernels.distance_kernels.grad_funcs load on device 'cuda:0' took 18.88 ms
Module pamo_safe_project.kernels.distance_kernels.hessian_funcs load on device 'cuda:0' took 82.48 ms
Module pamo_safe_project.kernels.distance_kernels.distance_kernels load on device 'cuda:0' took 112.49 ms
Module pamo_safe_project.kernels.distance_kernels.grad_funcs_struct load on device 'cuda:0' took 17.58 ms
Module pamo_safe_project.kernels.distance_kernels.distance_kernels_struct load on device 'cuda:0' took 20.61 ms
Module pamo_safe_project.kernels.energy_kernels.collision_energy load on device 'cuda:0' took 82.41 ms
Module pamo_safe_project.kernels.ccd_kernels load on device 'cuda:0' took 23.22 ms
Module pamo_safe_project.kernels.energy_kernels.lb_curvature_energy load on device 'cuda:0' took 3.12 ms
Module pamo_safe_project.kernels.energy_kernels.contact_detection load on device 'cuda:0' took 17.27 ms
Module tangent_preserved_gpu load on device 'cuda:0' took 1.20 ms
Module robust_pt_gpu load on device 'cuda:0' took 4.60 ms
Module pamo_safe_project.kernels.energy_kernels.precision_collision_energy load on device 'cuda:0' took 78.76 ms
Module pamo_safe_project.kernels.precision_ccd_kernels load on device 'cuda:0' took 21.78 ms
Module robust_pt_gradient_gpu load on device 'cuda:0' took 4.53 ms
Module pamo_safe_project.kernels.energy_kernels.precision_gradient_collision_energy load on device 'cuda:0' took 66.44 ms
Module fixed_geometry_gpu load on device 'cuda:0' took 5.21 ms
Module pamo_safe_project.kernels.preserved_ccd load on device 'cuda:0' took 26.20 ms
