Stage1 :  True
Stage3 :  True
Warp 1.0.0-beta.2 initialized:
   CUDA Toolkit: 12.8, Driver: 13.2
   Devices:
     "cpu"    | x86_64
     "cuda:0" | NVIDIA GeForce RTX 4080 SUPER (sm_89)
   Kernel cache: /root/.cache/warp/1.0.0-beta.2
Target faces : 1070
Time for Remeshing: 0.08062243461608887 sec
Time for Simplification: 0.503406286239624 sec
Module pamo_safe_project.kernels.geometry_kernels load on device 'cuda:0' took 98.47 ms
Module pamo_safe_project.kernels.energy_kernels.elastic_energy load on device 'cuda:0' took 19.41 ms
Module pamo_safe_project.kernels.energy_kernels.hinge_energy load on device 'cuda:0' took 48.04 ms
Module pamo_safe_project.kernels.energy_kernels.contact_detection load on device 'cuda:0' took 27.89 ms
Module pamo_safe_project.kernels.energy_kernels.distance_energy load on device 'cuda:0' took 37.41 ms
Module pamo_safe_project.kernels.energy_kernels.collision_energy load on device 'cuda:0' took 125.54 ms
Module pamo_safe_project.kernels.utils_kernels load on device 'cuda:0' took 5.49 ms
Module pamo_safe_project.kernels.solver_kernels load on device 'cuda:0' took 4.41 ms
Module warp.utils load on device 'cuda:0' took 2.20 ms
Module pamo_safe_project.kernels.distance_kernels.grad_funcs load on device 'cuda:0' took 30.51 ms
Module pamo_safe_project.kernels.distance_kernels.hessian_funcs load on device 'cuda:0' took 132.85 ms
Module pamo_safe_project.kernels.distance_kernels.distance_kernels load on device 'cuda:0' took 187.92 ms
Module pamo_safe_project.kernels.distance_kernels.grad_funcs_struct load on device 'cuda:0' took 28.94 ms
Module pamo_safe_project.kernels.distance_kernels.distance_kernels_struct load on device 'cuda:0' took 32.70 ms
Module pamo_safe_project.kernels.ccd_kernels load on device 'cuda:0' took 37.80 ms
Module pamo_safe_project.kernels.energy_kernels.lb_curvature_energy load on device 'cuda:0' took 5.32 ms
