Warp 1.0.0-beta.2 initialized:
   CUDA Toolkit: 12.8, Driver: 13.2
   Devices:
     "cpu"    | x86_64
     "cuda:0" | NVIDIA GeForce RTX 4090 (sm_89)
   Kernel cache: /root/.cache/warp/1.0.0-beta.2
[33;20mWARNING - Triangle area is too small (min_area=0.0), may cause numerical instability (system.py:213)[0m
Module pamo_safe_project.kernels.geometry_kernels load on device 'cuda:0' took 95.37 ms
Module pamo_safe_project.kernels.energy_kernels.elastic_energy load on device 'cuda:0' took 13.19 ms
Module pamo_safe_project.kernels.energy_kernels.hinge_energy load on device 'cuda:0' took 26.35 ms
[33;20mWARNING - Doing nothing in step() because of small internal angles (system.py:421)[0m
[33;20mWARNING - Doing nothing in step() because of small internal angles (system.py:421)[0m
[33;20mWARNING - Doing nothing in step() because of small internal angles (system.py:421)[0m
[33;20mWARNING - Doing nothing in step() because of small internal angles (system.py:421)[0m
[33;20mWARNING - Doing nothing in step() because of small internal angles (system.py:421)[0m
Traceback (most recent call last):
  File "/root/autodl-tmp/graduation_project/constrained_20261004_约束质量生成三轮开发消融/run_constrained_worker.py", line 56, in <module>
    main()
  File "/root/autodl-tmp/graduation_project/constrained_20261004_约束质量生成三轮开发消融/run_constrained_worker.py", line 47, in main
    raise RuntimeError("非有限或退化输出")
RuntimeError: 非有限或退化输出
