Stage1 :  True
Stage3 :  True
Warp 1.0.0-beta.2 initialized:
   CUDA Toolkit: 12.8, Driver: 13.2
   Devices:
     "cpu"    | x86_64
     "cuda:0" | NVIDIA GeForce RTX 4090 (sm_89)
   Kernel cache: /root/.cache/warp/1.0.0-beta.2
Target faces : 1280
Time for Remeshing: 0.18580293655395508 sec
Time for Simplification: 1.9489843845367432 sec
Module pamo_safe_project.kernels.geometry_kernels load on device 'cuda:0' took 12.35 ms
Module pamo_safe_project.kernels.energy_kernels.elastic_energy load on device 'cuda:0' took 10.79 ms
Module pamo_safe_project.kernels.energy_kernels.hinge_energy load on device 'cuda:0' took 84.21 ms
Module pamo_safe_project.kernels.energy_kernels.contact_detection load on device 'cuda:0' took 83.32 ms
Module pamo_safe_project.kernels.energy_kernels.distance_energy load on device 'cuda:0' took 21.94 ms
Module pamo_safe_project.kernels.energy_kernels.collision_energy load on device 'cuda:0' took 197.03 ms
Module pamo_safe_project.kernels.utils_kernels load on device 'cuda:0' took 3.28 ms
Module pamo_safe_project.kernels.solver_kernels load on device 'cuda:0' took 2.65 ms
Module warp.utils load on device 'cuda:0' took 1.42 ms
Module pamo_safe_project.kernels.distance_kernels.grad_funcs load on device 'cuda:0' took 76.49 ms
Module pamo_safe_project.kernels.distance_kernels.hessian_funcs load on device 'cuda:0' took 199.57 ms
Module pamo_safe_project.kernels.distance_kernels.distance_kernels load on device 'cuda:0' took 300.14 ms
Module pamo_safe_project.kernels.distance_kernels.grad_funcs_struct load on device 'cuda:0' took 16.01 ms
Module pamo_safe_project.kernels.distance_kernels.distance_kernels_struct load on device 'cuda:0' took 17.29 ms
Module pamo_safe_project.kernels.ccd_kernels load on device 'cuda:0' took 56.44 ms
Module pamo_safe_project.kernels.energy_kernels.lb_curvature_energy load on device 'cuda:0' took 3.14 ms
Module locality_gpu load on device 'cuda:0' took 0.73 ms
{"pamo_run_ms": 4219.954285770655, "stage1": "original", "method": "full", "maintenance_ms": 7749.890374019742, "status": "pending_independent_audit"}
