Warp 1.0.0-beta.2 initialized:
   CUDA Toolkit: 12.8, Driver: 13.2
   Devices:
     "cpu"    | x86_64
     "cuda:0" | NVIDIA GeForce RTX 4080 SUPER (sm_89)
   Kernel cache: /root/.cache/warp/1.0.0-beta.2
[33;20mWARNING - Triangle area is too small (min_area=2.910000631836228e-12), may cause numerical instability (system.py:213)[0m
Module pamo_safe_project.kernels.geometry_kernels load on device 'cuda:0' took 40.98 ms
Module pamo_safe_project.kernels.energy_kernels.elastic_energy load on device 'cuda:0' took 23.99 ms
Module pamo_safe_project.kernels.energy_kernels.hinge_energy load on device 'cuda:0' took 54.85 ms
Module pamo_safe_project.kernels.energy_kernels.precision_contact_detection load on device 'cuda:0' took 32.33 ms
Module pamo_safe_project.kernels.energy_kernels.distance_energy load on device 'cuda:0' took 41.83 ms
Module pamo_safe_project.kernels.energy_kernels.precision_gradient_collision_energy load on device 'cuda:0' took 118.19 ms
Module pamo_safe_project.kernels.utils_kernels load on device 'cuda:0' took 7.72 ms
Module tangent_plane_gpu load on device 'cuda:0' took 3.13 ms
Module locality_gpu load on device 'cuda:0' took 2.39 ms
Module pamo_safe_project.kernels.solver_kernels load on device 'cuda:0' took 5.38 ms
Module warp.utils load on device 'cuda:0' took 4.28 ms
Module pamo_safe_project.kernels.distance_kernels.grad_funcs load on device 'cuda:0' took 36.53 ms
Module pamo_safe_project.kernels.distance_kernels.hessian_funcs load on device 'cuda:0' took 147.23 ms
Module pamo_safe_project.kernels.distance_kernels.distance_kernels load on device 'cuda:0' took 328.00 ms
Module pamo_safe_project.kernels.distance_kernels.grad_funcs_struct load on device 'cuda:0' took 36.93 ms
Module pamo_safe_project.kernels.distance_kernels.distance_kernels_struct load on device 'cuda:0' took 33.91 ms
Module pamo_safe_project.kernels.energy_kernels.collision_energy load on device 'cuda:0' took 138.38 ms
Module pamo_safe_project.kernels.ccd_kernels load on device 'cuda:0' took 44.09 ms
Module pamo_safe_project.kernels.energy_kernels.lb_curvature_energy load on device 'cuda:0' took 5.41 ms
Module pamo_safe_project.kernels.energy_kernels.contact_detection load on device 'cuda:0' took 30.09 ms
Module robust_pt_gpu load on device 'cuda:0' took 8.24 ms
Module pamo_safe_project.kernels.energy_kernels.precision_collision_energy load on device 'cuda:0' took 138.86 ms
Module pamo_safe_project.kernels.precision_ccd_kernels load on device 'cuda:0' took 39.13 ms
Module robust_pt_gradient_gpu load on device 'cuda:0' took 8.08 ms
