Stage1 :  True
Stage3 :  True
Warp 1.0.0-beta.2 initialized:
   CUDA Toolkit: 12.8, Driver: 13.2
   Devices:
     "cpu"    | x86_64
     "cuda:0" | NVIDIA GeForce RTX 4080 SUPER (sm_89)
   Kernel cache: /root/.cache/warp/1.0.0-beta.2
Target faces : 3462
Time for Remeshing: 0.18712258338928223 sec
Time for Simplification: 0.1390244960784912 sec
Module pamo_safe_project.kernels.geometry_kernels load on device 'cuda:0' took 27.53 ms
Module pamo_safe_project.kernels.energy_kernels.elastic_energy load on device 'cuda:0' took 20.55 ms
Module pamo_safe_project.kernels.energy_kernels.hinge_energy load on device 'cuda:0' took 52.86 ms
Module pamo_safe_project.kernels.energy_kernels.contact_detection load on device 'cuda:0' took 32.31 ms
Module pamo_safe_project.kernels.energy_kernels.distance_energy load on device 'cuda:0' took 40.28 ms
Module pamo_safe_project.kernels.energy_kernels.collision_energy load on device 'cuda:0' took 139.80 ms
Module pamo_safe_project.kernels.utils_kernels load on device 'cuda:0' took 5.92 ms
Module pamo_safe_project.kernels.solver_kernels load on device 'cuda:0' took 4.62 ms
Module warp.utils load on device 'cuda:0' took 2.36 ms
Module pamo_safe_project.kernels.distance_kernels.grad_funcs load on device 'cuda:0' took 32.49 ms
Module pamo_safe_project.kernels.distance_kernels.hessian_funcs load on device 'cuda:0' took 325.69 ms
Module pamo_safe_project.kernels.distance_kernels.distance_kernels load on device 'cuda:0' took 211.86 ms
Module pamo_safe_project.kernels.distance_kernels.grad_funcs_struct load on device 'cuda:0' took 32.03 ms
Module pamo_safe_project.kernels.distance_kernels.distance_kernels_struct load on device 'cuda:0' took 32.75 ms
Module pamo_safe_project.kernels.ccd_kernels load on device 'cuda:0' took 43.07 ms
Module pamo_safe_project.kernels.energy_kernels.lb_curvature_energy load on device 'cuda:0' took 5.39 ms
Module locality_gpu load on device 'cuda:0' took 1.18 ms
{"pamo_run_ms": 2621.7440143227577, "stage1": "original", "method": "full", "maintenance_ms": 5253.2580848783255, "status": "pending_independent_audit"}
