Stage1 :  True
Stage3 :  True
Warp 1.0.0-beta.2 initialized:
   CUDA Toolkit: 12.8, Driver: 13.2
   Devices:
     "cpu"    | x86_64
     "cuda:0" | NVIDIA GeForce RTX 4090 (sm_89)
   Kernel cache: /root/.cache/warp/1.0.0-beta.2
Target faces : 1504
Time for Remeshing: 0.07555985450744629 sec
Time for Simplification: 0.22901034355163574 sec
Module pamo_safe_project.kernels.geometry_kernels load on device 'cuda:0' took 12.41 ms
Module pamo_safe_project.kernels.energy_kernels.elastic_energy load on device 'cuda:0' took 10.75 ms
Module pamo_safe_project.kernels.energy_kernels.hinge_energy load on device 'cuda:0' took 26.24 ms
Module pamo_safe_project.kernels.energy_kernels.contact_detection load on device 'cuda:0' took 15.96 ms
Module pamo_safe_project.kernels.energy_kernels.distance_energy load on device 'cuda:0' took 20.72 ms
Module pamo_safe_project.kernels.energy_kernels.collision_energy load on device 'cuda:0' took 69.56 ms
Module pamo_safe_project.kernels.utils_kernels load on device 'cuda:0' took 3.12 ms
Module pamo_safe_project.kernels.solver_kernels load on device 'cuda:0' took 2.56 ms
Module warp.utils load on device 'cuda:0' took 1.37 ms
Module pamo_safe_project.kernels.distance_kernels.grad_funcs load on device 'cuda:0' took 16.50 ms
Module pamo_safe_project.kernels.distance_kernels.hessian_funcs load on device 'cuda:0' took 71.86 ms
Module pamo_safe_project.kernels.distance_kernels.distance_kernels load on device 'cuda:0' took 100.78 ms
Module pamo_safe_project.kernels.distance_kernels.grad_funcs_struct load on device 'cuda:0' took 15.60 ms
Module pamo_safe_project.kernels.distance_kernels.distance_kernels_struct load on device 'cuda:0' took 17.15 ms
Module pamo_safe_project.kernels.ccd_kernels load on device 'cuda:0' took 21.69 ms
Module pamo_safe_project.kernels.energy_kernels.lb_curvature_energy load on device 'cuda:0' took 3.33 ms
Module locality_gpu load on device 'cuda:0' took 0.73 ms
{"pamo_run_ms": 1248.6006021499634, "stage1": "original", "method": "full", "maintenance_ms": 2832.7624006196856, "status": "pending_independent_audit"}
