Warp 1.0.0-beta.2 initialized:
   CUDA Toolkit: 12.8, Driver: 13.2
   Devices:
     "cpu"    | x86_64
     "cuda:0" | NVIDIA GeForce RTX 4080 SUPER (sm_89)
   Kernel cache: /root/.cache/warp/1.0.0-beta.2
[33;20mWARNING - Triangle area is too small (min_area=2.2444918493993285e-15), may cause numerical instability (system.py:213)[0m
Module pamo_safe_project.kernels.geometry_kernels load on device 'cuda:0' took 28.78 ms
Module pamo_safe_project.kernels.energy_kernels.elastic_energy load on device 'cuda:0' took 24.58 ms
Module pamo_safe_project.kernels.energy_kernels.hinge_energy load on device 'cuda:0' took 59.56 ms
Module pamo_safe_project.kernels.energy_kernels.precision_contact_detection load on device 'cuda:0' took 32.83 ms
Module pamo_safe_project.kernels.energy_kernels.distance_energy load on device 'cuda:0' took 43.23 ms
Module pamo_safe_project.kernels.energy_kernels.preserved_collision_energy load on device 'cuda:0' took 131.77 ms
Module pamo_safe_project.kernels.utils_kernels load on device 'cuda:0' took 6.85 ms
Module tangent_plane_gpu load on device 'cuda:0' took 2.52 ms
Module locality_gpu load on device 'cuda:0' took 1.45 ms
Module pamo_safe_project.kernels.solver_kernels load on device 'cuda:0' took 8.11 ms
Module warp.utils load on device 'cuda:0' took 2.77 ms
Module pamo_safe_project.kernels.distance_kernels.grad_funcs load on device 'cuda:0' took 37.17 ms
Module pamo_safe_project.kernels.distance_kernels.hessian_funcs load on device 'cuda:0' took 155.56 ms
Module pamo_safe_project.kernels.distance_kernels.distance_kernels load on device 'cuda:0' took 216.09 ms
Module pamo_safe_project.kernels.distance_kernels.grad_funcs_struct load on device 'cuda:0' took 33.73 ms
Module pamo_safe_project.kernels.distance_kernels.distance_kernels_struct load on device 'cuda:0' took 36.58 ms
Module pamo_safe_project.kernels.energy_kernels.collision_energy load on device 'cuda:0' took 149.03 ms
Module pamo_safe_project.kernels.ccd_kernels load on device 'cuda:0' took 44.74 ms
Module pamo_safe_project.kernels.energy_kernels.lb_curvature_energy load on device 'cuda:0' took 6.05 ms
Module pamo_safe_project.kernels.energy_kernels.contact_detection load on device 'cuda:0' took 35.80 ms
Module tangent_preserved_gpu load on device 'cuda:0' took 2.39 ms
Module robust_pt_gpu load on device 'cuda:0' took 8.55 ms
Module pamo_safe_project.kernels.energy_kernels.precision_collision_energy load on device 'cuda:0' took 145.34 ms
Module pamo_safe_project.kernels.precision_ccd_kernels load on device 'cuda:0' took 41.21 ms
Module robust_pt_gradient_gpu load on device 'cuda:0' took 8.83 ms
Module pamo_safe_project.kernels.energy_kernels.precision_gradient_collision_energy load on device 'cuda:0' took 121.30 ms
Module fixed_geometry_gpu load on device 'cuda:0' took 9.75 ms
Module pamo_safe_project.kernels.preserved_ccd load on device 'cuda:0' took 50.40 ms
