Stage1 :  True
Stage3 :  True
Warp 1.0.0-beta.2 initialized:
   CUDA Toolkit: 12.8, Driver: 13.2
   Devices:
     "cpu"    | x86_64
     "cuda:0" | NVIDIA GeForce RTX 4080 SUPER (sm_89)
   Kernel cache: /root/.cache/warp/1.0.0-beta.2
Target faces : 2236
Time for Remeshing: 0.09624862670898438 sec
Time for Simplification: 0.33765316009521484 sec
Module pamo_safe_project.kernels.geometry_kernels load on device 'cuda:0' took 25.16 ms
Module pamo_safe_project.kernels.energy_kernels.elastic_energy load on device 'cuda:0' took 20.47 ms
Module pamo_safe_project.kernels.energy_kernels.hinge_energy load on device 'cuda:0' took 51.38 ms
Module pamo_safe_project.kernels.energy_kernels.contact_detection load on device 'cuda:0' took 30.27 ms
Module pamo_safe_project.kernels.energy_kernels.distance_energy load on device 'cuda:0' took 42.24 ms
Module pamo_safe_project.kernels.energy_kernels.collision_energy load on device 'cuda:0' took 139.32 ms
Module pamo_safe_project.kernels.utils_kernels load on device 'cuda:0' took 5.69 ms
Module pamo_safe_project.kernels.solver_kernels load on device 'cuda:0' took 4.57 ms
Module warp.utils load on device 'cuda:0' took 2.27 ms
Module pamo_safe_project.kernels.distance_kernels.grad_funcs load on device 'cuda:0' took 32.20 ms
Module pamo_safe_project.kernels.distance_kernels.hessian_funcs load on device 'cuda:0' took 151.13 ms
Module pamo_safe_project.kernels.distance_kernels.distance_kernels load on device 'cuda:0' took 206.85 ms
Module pamo_safe_project.kernels.distance_kernels.grad_funcs_struct load on device 'cuda:0' took 30.18 ms
Module pamo_safe_project.kernels.distance_kernels.distance_kernels_struct load on device 'cuda:0' took 37.51 ms
Module pamo_safe_project.kernels.ccd_kernels load on device 'cuda:0' took 39.82 ms
Module pamo_safe_project.kernels.energy_kernels.lb_curvature_energy load on device 'cuda:0' took 5.57 ms
Module locality_gpu load on device 'cuda:0' took 1.18 ms
{"pamo_run_ms": 1880.338329821825, "stage1": "original", "method": "full", "maintenance_ms": 4480.887929908931, "status": "pending_independent_audit"}
