Warp 1.0.0-beta.2 initialized:
   CUDA Toolkit: 12.8, Driver: 13.2
   Devices:
     "cpu"    | x86_64
     "cuda:0" | NVIDIA GeForce RTX 4090 (sm_89)
   Kernel cache: /root/.cache/warp/1.0.0-beta.2
[33;20mWARNING - Triangle area is too small (min_area=4.5712646954459266e-09), may cause numerical instability (system.py:213)[0m
Module pamo_safe_project.kernels.geometry_kernels load on device 'cuda:0' took 17.80 ms
Module pamo_safe_project.kernels.energy_kernels.elastic_energy load on device 'cuda:0' took 10.74 ms
Module pamo_safe_project.kernels.energy_kernels.hinge_energy load on device 'cuda:0' took 26.55 ms
Module pamo_safe_project.kernels.energy_kernels.contact_detection load on device 'cuda:0' took 15.87 ms
Module pamo_safe_project.kernels.energy_kernels.distance_energy load on device 'cuda:0' took 21.01 ms
Module pamo_safe_project.kernels.energy_kernels.collision_energy load on device 'cuda:0' took 71.40 ms
Module pamo_safe_project.kernels.utils_kernels load on device 'cuda:0' took 3.10 ms
Module locality_gpu load on device 'cuda:0' took 0.77 ms
Module pamo_safe_project.kernels.solver_kernels load on device 'cuda:0' took 2.49 ms
Module warp.utils load on device 'cuda:0' took 1.36 ms
Module pamo_safe_project.kernels.distance_kernels.grad_funcs load on device 'cuda:0' took 16.86 ms
Module pamo_safe_project.kernels.distance_kernels.hessian_funcs load on device 'cuda:0' took 72.03 ms
Module pamo_safe_project.kernels.distance_kernels.distance_kernels load on device 'cuda:0' took 102.98 ms
Module pamo_safe_project.kernels.distance_kernels.grad_funcs_struct load on device 'cuda:0' took 15.79 ms
Module pamo_safe_project.kernels.distance_kernels.distance_kernels_struct load on device 'cuda:0' took 17.22 ms
Module pamo_safe_project.kernels.ccd_kernels load on device 'cuda:0' took 21.56 ms
Module pamo_safe_project.kernels.energy_kernels.lb_curvature_energy load on device 'cuda:0' took 3.07 ms
{"quality_generation_ms": 23.95365759730339, "requested_edge_length_mm": 0.1001723031151933, "actual_edge_length_mm": 0.49130126912489014, "max_protected_edge_mm": 0.6464490383222239, "active_fraction": 0.35557083906464926, "input_faces": 1454, "output_faces": 1260, "fp64_restoration_max_mm": 0.0, "iterations": 3, "fixed_contract_before_projection": {"passed": true, "external_faces": 937, "external_faces_retained": 937, "missing_fixed_vertices": 0}, "safe_projection_ms": 861.1920829862356, "projection_fp64_restoration_max_mm": 1.2647242599305333e-07, "collision_scope": "whole_mesh_author_energy_and_ccd", "fixed_contract": {"passed": true, "external_faces": 937, "external_faces_retained": 937, "missing_fixed_vertices": 0}, "method": "boolean", "maintenance_ms": 2569.767235778272, "status": "pending_independent_audit"}
