Warp 1.0.0-beta.2 initialized:
   CUDA Toolkit: 12.8, Driver: 13.2
   Devices:
     "cpu"    | x86_64
     "cuda:0" | NVIDIA GeForce RTX 4090 (sm_89)
   Kernel cache: /root/.cache/warp/1.0.0-beta.2
[33;20mWARNING - Triangle area is too small (min_area=4.173504893090995e-11), may cause numerical instability (system.py:213)[0m
Module pamo_safe_project.kernels.geometry_kernels load on device 'cuda:0' took 18.19 ms
Module pamo_safe_project.kernels.energy_kernels.elastic_energy load on device 'cuda:0' took 49.36 ms
Module pamo_safe_project.kernels.energy_kernels.hinge_energy load on device 'cuda:0' took 104.01 ms
Module pamo_safe_project.kernels.energy_kernels.contact_detection load on device 'cuda:0' took 24.67 ms
Module pamo_safe_project.kernels.energy_kernels.distance_energy load on device 'cuda:0' took 99.97 ms
Module pamo_safe_project.kernels.energy_kernels.collision_energy load on device 'cuda:0' took 305.87 ms
Module pamo_safe_project.kernels.utils_kernels load on device 'cuda:0' took 5.10 ms
Module tangent_plane_gpu load on device 'cuda:0' took 1.78 ms
Module locality_gpu load on device 'cuda:0' took 0.91 ms
Module pamo_safe_project.kernels.solver_kernels load on device 'cuda:0' took 4.30 ms
Module warp.utils load on device 'cuda:0' took 2.01 ms
Module pamo_safe_project.kernels.distance_kernels.grad_funcs load on device 'cuda:0' took 95.91 ms
Module pamo_safe_project.kernels.distance_kernels.hessian_funcs load on device 'cuda:0' took 248.74 ms
Module pamo_safe_project.kernels.distance_kernels.distance_kernels load on device 'cuda:0' took 264.47 ms
Module pamo_safe_project.kernels.distance_kernels.grad_funcs_struct load on device 'cuda:0' took 86.99 ms
Module pamo_safe_project.kernels.distance_kernels.distance_kernels_struct load on device 'cuda:0' took 17.62 ms
Module pamo_safe_project.kernels.ccd_kernels load on device 'cuda:0' took 28.52 ms
Module pamo_safe_project.kernels.energy_kernels.lb_curvature_energy load on device 'cuda:0' took 4.71 ms
