# of input verts : 2692
# of input faces : 5380
Stage1 :  True
Stage3 :  True
Warp 1.0.0-beta.2 initialized:
   CUDA Toolkit: 12.8, Driver: 13.2
   Devices:
     "cpu"    | x86_64
     "cuda:0" | NVIDIA GeForce RTX 4080 SUPER (sm_89)
   Kernel cache: /root/.cache/warp/1.0.0-beta.2
Target faces : 5380
Time for Remeshing: 0.08706068992614746 sec
Time for Simplification: 0.48895812034606934 sec
Module pamo_safe_project.kernels.geometry_kernels load on device 'cuda:0' took 103.27 ms
Module pamo_safe_project.kernels.energy_kernels.elastic_energy load on device 'cuda:0' took 19.42 ms
Module pamo_safe_project.kernels.energy_kernels.hinge_energy load on device 'cuda:0' took 48.21 ms
Module pamo_safe_project.kernels.energy_kernels.contact_detection load on device 'cuda:0' took 27.88 ms
Module pamo_safe_project.kernels.energy_kernels.distance_energy load on device 'cuda:0' took 37.38 ms
Module pamo_safe_project.kernels.energy_kernels.collision_energy load on device 'cuda:0' took 123.82 ms
Module pamo_safe_project.kernels.utils_kernels load on device 'cuda:0' took 5.33 ms
Module pamo_safe_project.kernels.solver_kernels load on device 'cuda:0' took 4.34 ms
Module warp.utils load on device 'cuda:0' took 2.07 ms
Module pamo_safe_project.kernels.distance_kernels.grad_funcs load on device 'cuda:0' took 30.56 ms
Module pamo_safe_project.kernels.distance_kernels.hessian_funcs load on device 'cuda:0' took 133.40 ms
Module pamo_safe_project.kernels.distance_kernels.distance_kernels load on device 'cuda:0' took 144.66 ms
Module pamo_safe_project.kernels.distance_kernels.grad_funcs_struct load on device 'cuda:0' took 19.84 ms
Module pamo_safe_project.kernels.distance_kernels.distance_kernels_struct load on device 'cuda:0' took 22.93 ms
Module pamo_safe_project.kernels.ccd_kernels load on device 'cuda:0' took 24.77 ms
Module pamo_safe_project.kernels.energy_kernels.lb_curvature_energy load on device 'cuda:0' took 3.58 ms
Total time:  1.8866281509399414
# of output verts : 2600
# of output faces : 5196
