Stage1 :  True
Stage3 :  True
Warp 1.0.0-beta.2 initialized:
   CUDA Toolkit: 12.8, Driver: 13.2
   Devices:
     "cpu"    | x86_64
     "cuda:0" | NVIDIA GeForce RTX 4080 SUPER (sm_89)
   Kernel cache: /root/.cache/warp/1.0.0-beta.2
Target faces : 1726
Time for Remeshing: 0.19016265869140625 sec
Time for Simplification: 0.7547039985656738 sec
Module pamo_safe_project.kernels.geometry_kernels load on device 'cuda:0' took 22.05 ms
Module pamo_safe_project.kernels.energy_kernels.elastic_energy load on device 'cuda:0' took 20.47 ms
Module pamo_safe_project.kernels.energy_kernels.hinge_energy load on device 'cuda:0' took 50.87 ms
Module pamo_safe_project.kernels.energy_kernels.contact_detection load on device 'cuda:0' took 29.78 ms
Module pamo_safe_project.kernels.energy_kernels.distance_energy load on device 'cuda:0' took 39.72 ms
Module pamo_safe_project.kernels.energy_kernels.collision_energy load on device 'cuda:0' took 164.49 ms
Module pamo_safe_project.kernels.utils_kernels load on device 'cuda:0' took 10.14 ms
Module pamo_safe_project.kernels.solver_kernels load on device 'cuda:0' took 7.98 ms
Module warp.utils load on device 'cuda:0' took 3.78 ms
Module pamo_safe_project.kernels.distance_kernels.grad_funcs load on device 'cuda:0' took 64.31 ms
Module pamo_safe_project.kernels.distance_kernels.hessian_funcs load on device 'cuda:0' took 163.93 ms
Module pamo_safe_project.kernels.distance_kernels.distance_kernels load on device 'cuda:0' took 203.35 ms
Module pamo_safe_project.kernels.distance_kernels.grad_funcs_struct load on device 'cuda:0' took 30.98 ms
Module pamo_safe_project.kernels.distance_kernels.distance_kernels_struct load on device 'cuda:0' took 33.60 ms
Module pamo_safe_project.kernels.ccd_kernels load on device 'cuda:0' took 39.52 ms
Module pamo_safe_project.kernels.energy_kernels.lb_curvature_energy load on device 'cuda:0' took 5.56 ms
Module locality_gpu load on device 'cuda:0' took 1.22 ms
