Warp 1.0.0-beta.2 initialized:
   CUDA Toolkit: 12.8, Driver: 13.2
   Devices:
     "cpu"    | x86_64
     "cuda:0" | NVIDIA GeForce RTX 4080 SUPER (sm_89)
   Kernel cache: /root/.cache/warp/1.0.0-beta.2
[33;20mWARNING - Triangle area is too small (min_area=1.6457256029332418e-13), may cause numerical instability (system.py:213)[0m
Module pamo_safe_project.kernels.geometry_kernels load on device 'cuda:0' took 27.84 ms
Module pamo_safe_project.kernels.energy_kernels.elastic_energy load on device 'cuda:0' took 20.72 ms
Module pamo_safe_project.kernels.energy_kernels.hinge_energy load on device 'cuda:0' took 50.91 ms
Module pamo_safe_project.kernels.energy_kernels.precision_contact_detection load on device 'cuda:0' took 28.57 ms
Module pamo_safe_project.kernels.energy_kernels.distance_energy load on device 'cuda:0' took 39.98 ms
Module pamo_safe_project.kernels.energy_kernels.preserved_collision_energy load on device 'cuda:0' took 121.37 ms
Module pamo_safe_project.kernels.utils_kernels load on device 'cuda:0' took 6.01 ms
Module tangent_plane_gpu load on device 'cuda:0' took 2.19 ms
Module locality_gpu load on device 'cuda:0' took 1.22 ms
Module pamo_safe_project.kernels.solver_kernels load on device 'cuda:0' took 4.59 ms
Module warp.utils load on device 'cuda:0' took 2.00 ms
Module pamo_safe_project.kernels.distance_kernels.grad_funcs load on device 'cuda:0' took 26.62 ms
Module pamo_safe_project.kernels.distance_kernels.hessian_funcs load on device 'cuda:0' took 111.86 ms
Module pamo_safe_project.kernels.distance_kernels.distance_kernels load on device 'cuda:0' took 161.16 ms
Module pamo_safe_project.kernels.distance_kernels.grad_funcs_struct load on device 'cuda:0' took 25.46 ms
Module pamo_safe_project.kernels.distance_kernels.distance_kernels_struct load on device 'cuda:0' took 27.76 ms
Module pamo_safe_project.kernels.energy_kernels.collision_energy load on device 'cuda:0' took 105.50 ms
Module pamo_safe_project.kernels.ccd_kernels load on device 'cuda:0' took 31.92 ms
Module pamo_safe_project.kernels.energy_kernels.lb_curvature_energy load on device 'cuda:0' took 6.16 ms
Module pamo_safe_project.kernels.energy_kernels.contact_detection load on device 'cuda:0' took 22.97 ms
Module tangent_preserved_gpu load on device 'cuda:0' took 1.64 ms
Module robust_pt_gpu load on device 'cuda:0' took 6.52 ms
Module pamo_safe_project.kernels.energy_kernels.precision_collision_energy load on device 'cuda:0' took 103.72 ms
Module pamo_safe_project.kernels.precision_ccd_kernels load on device 'cuda:0' took 31.01 ms
Module robust_pt_gradient_gpu load on device 'cuda:0' took 6.66 ms
Module pamo_safe_project.kernels.energy_kernels.precision_gradient_collision_energy load on device 'cuda:0' took 90.78 ms
Module fixed_geometry_gpu load on device 'cuda:0' took 7.26 ms
Module pamo_safe_project.kernels.preserved_ccd load on device 'cuda:0' took 38.40 ms
