Stage1 :  True
Stage3 :  True
Warp 1.0.0-beta.2 initialized:
   CUDA Toolkit: 12.8, Driver: 13.2
   Devices:
     "cpu"    | x86_64
     "cuda:0" | NVIDIA GeForce RTX 4090 (sm_89)
   Kernel cache: /root/.cache/warp/1.0.0-beta.2
Target faces : 5516
Time for Remeshing: 0.09088253974914551 sec
Time for Simplification: 0.38918447494506836 sec
Module pamo_safe_project.kernels.geometry_kernels load on device 'cuda:0' took 12.95 ms
Module pamo_safe_project.kernels.energy_kernels.elastic_energy load on device 'cuda:0' took 11.16 ms
Module pamo_safe_project.kernels.energy_kernels.hinge_energy load on device 'cuda:0' took 26.83 ms
Module pamo_safe_project.kernels.energy_kernels.contact_detection load on device 'cuda:0' took 16.71 ms
Module pamo_safe_project.kernels.energy_kernels.distance_energy load on device 'cuda:0' took 21.71 ms
Module pamo_safe_project.kernels.energy_kernels.collision_energy load on device 'cuda:0' took 72.61 ms
Module pamo_safe_project.kernels.utils_kernels load on device 'cuda:0' took 3.40 ms
Module pamo_safe_project.kernels.solver_kernels load on device 'cuda:0' took 2.71 ms
Module warp.utils load on device 'cuda:0' took 1.45 ms
Module pamo_safe_project.kernels.distance_kernels.grad_funcs load on device 'cuda:0' took 17.21 ms
Module pamo_safe_project.kernels.distance_kernels.hessian_funcs load on device 'cuda:0' took 74.07 ms
Module pamo_safe_project.kernels.distance_kernels.distance_kernels load on device 'cuda:0' took 106.18 ms
Module pamo_safe_project.kernels.distance_kernels.grad_funcs_struct load on device 'cuda:0' took 16.38 ms
Module pamo_safe_project.kernels.distance_kernels.distance_kernels_struct load on device 'cuda:0' took 18.06 ms
Module pamo_safe_project.kernels.ccd_kernels load on device 'cuda:0' took 22.23 ms
Module pamo_safe_project.kernels.energy_kernels.lb_curvature_energy load on device 'cuda:0' took 3.44 ms
Module locality_gpu load on device 'cuda:0' took 0.77 ms
{"pamo_run_ms": 1512.690587900579, "stage1": "original", "method": "full", "maintenance_ms": 3156.5969893708825, "status": "pending_independent_audit"}
