Warp 1.0.0-beta.2 initialized:
   CUDA Toolkit: 12.8, Driver: 13.2
   Devices:
     "cpu"    | x86_64
     "cuda:0" | NVIDIA GeForce RTX 4090 (sm_89)
   Kernel cache: /root/.cache/warp/1.0.0-beta.2
[33;20mWARNING - Triangle area is too small (min_area=1.7422736518266197e-09), may cause numerical instability (system.py:213)[0m
Module pamo_safe_project.kernels.geometry_kernels load on device 'cuda:0' took 16.54 ms
Module pamo_safe_project.kernels.energy_kernels.elastic_energy load on device 'cuda:0' took 11.90 ms
Module pamo_safe_project.kernels.energy_kernels.hinge_energy load on device 'cuda:0' took 26.28 ms
Module pamo_safe_project.kernels.energy_kernels.precision_contact_detection load on device 'cuda:0' took 15.45 ms
Module pamo_safe_project.kernels.energy_kernels.distance_energy load on device 'cuda:0' took 20.82 ms
Module pamo_safe_project.kernels.energy_kernels.precision_collision_energy load on device 'cuda:0' took 68.10 ms
Module pamo_safe_project.kernels.utils_kernels load on device 'cuda:0' took 3.08 ms
Module tangent_plane_gpu load on device 'cuda:0' took 1.26 ms
Module locality_gpu load on device 'cuda:0' took 0.71 ms
Module pamo_safe_project.kernels.solver_kernels load on device 'cuda:0' took 4.28 ms
Module warp.utils load on device 'cuda:0' took 1.55 ms
Module pamo_safe_project.kernels.distance_kernels.grad_funcs load on device 'cuda:0' took 16.60 ms
Module pamo_safe_project.kernels.distance_kernels.hessian_funcs load on device 'cuda:0' took 74.15 ms
Module pamo_safe_project.kernels.distance_kernels.distance_kernels load on device 'cuda:0' took 102.26 ms
Module pamo_safe_project.kernels.distance_kernels.grad_funcs_struct load on device 'cuda:0' took 15.79 ms
Module pamo_safe_project.kernels.distance_kernels.distance_kernels_struct load on device 'cuda:0' took 17.30 ms
Module pamo_safe_project.kernels.energy_kernels.collision_energy load on device 'cuda:0' took 70.70 ms
Module pamo_safe_project.kernels.ccd_kernels load on device 'cuda:0' took 20.84 ms
Module pamo_safe_project.kernels.energy_kernels.lb_curvature_energy load on device 'cuda:0' took 3.10 ms
Module pamo_safe_project.kernels.energy_kernels.contact_detection load on device 'cuda:0' took 15.76 ms
Module robust_pt_gpu load on device 'cuda:0' took 4.32 ms
Module pamo_safe_project.kernels.precision_ccd_kernels load on device 'cuda:0' took 20.78 ms
