
 Setting the directory C:\Users\24848\Desktop\GraduationProject\初步实验\Geogram与PaMO组合验证\实验结果\20261004_新实例旧精度39事件续跑\ to compress new files 
 Compressing files in C:\Users\24848\Desktop\GraduationProject\初步实验\Geogram与PaMO组合验证\实验结果\20261004_新实例旧精度39事件续跑\


 Compressing files in C:\Users\24848\Desktop\GraduationProject\初步实验\Geogram与PaMO组合验证\实验结果\20261004_新实例旧精度39事件续跑\弯曲骨样体_新参数3p25_交叉_e0_candidate_boolean\


 Compressing files in C:\Users\24848\Desktop\GraduationProject\初步实验\Geogram与PaMO组合验证\实验结果\20261004_新实例旧精度39事件续跑\弯曲骨样体_新参数3p25_交叉_e0_candidate_input\


 Compressing files in C:\Users\24848\Desktop\GraduationProject\初步实验\Geogram与PaMO组合验证\实验结果\20261004_新实例旧精度39事件续跑\弯曲骨样体_新参数3p25_交叉_e0_full_full\


 Compressing files in C:\Users\24848\Desktop\GraduationProject\初步实验\Geogram与PaMO组合验证\实验结果\20261004_新实例旧精度39事件续跑\弯曲骨样体_新参数3p25_交叉_e0_full_input\


 Compressing files in C:\Users\24848\Desktop\GraduationProject\初步实验\Geogram与PaMO组合验证\实验结果\20261004_新实例旧精度39事件续跑\弯曲骨样体_新参数3p25_交叉_e0_reference\


 Compressing files in C:\Users\24848\Desktop\GraduationProject\初步实验\Geogram与PaMO组合验证\实验结果\20261004_新实例旧精度39事件续跑\弯曲骨样体_新参数3p25_交叉_e1_candidate_boolean\


 Compressing files in C:\Users\24848\Desktop\GraduationProject\初步实验\Geogram与PaMO组合验证\实验结果\20261004_新实例旧精度39事件续跑\弯曲骨样体_新参数3p25_交叉_e1_candidate_input\


 Compressing files in C:\Users\24848\Desktop\GraduationProject\初步实验\Geogram与PaMO组合验证\实验结果\20261004_新实例旧精度39事件续跑\弯曲骨样体_新参数3p25_交叉_e1_reference\


 Compressing files in C:\Users\24848\Desktop\GraduationProject\初步实验\Geogram与PaMO组合验证\实验结果\20261004_新实例旧精度39事件续跑\弯曲骨样体_新参数3p25_交叉_e2_candidate_boolean\


 Compressing files in C:\Users\24848\Desktop\GraduationProject\初步实验\Geogram与PaMO组合验证\实验结果\20261004_新实例旧精度39事件续跑\弯曲骨样体_新参数3p25_交叉_e2_candidate_input\


 Compressing files in C:\Users\24848\Desktop\GraduationProject\初步实验\Geogram与PaMO组合验证\实验结果\20261004_新实例旧精度39事件续跑\弯曲骨样体_新参数3p25_交叉_e2_reference\


 Compressing files in C:\Users\24848\Desktop\GraduationProject\初步实验\Geogram与PaMO组合验证\实验结果\20261004_新实例旧精度39事件续跑\窄缝_新参数0p25_交叉_e0_candidate_boolean\


 Compressing files in C:\Users\24848\Desktop\GraduationProject\初步实验\Geogram与PaMO组合验证\实验结果\20261004_新实例旧精度39事件续跑\窄缝_新参数0p25_交叉_e0_candidate_input\


 Compressing files in C:\Users\24848\Desktop\GraduationProject\初步实验\Geogram与PaMO组合验证\实验结果\20261004_新实例旧精度39事件续跑\窄缝_新参数0p25_交叉_e0_full_full\


 Compressing files in C:\Users\24848\Desktop\GraduationProject\初步实验\Geogram与PaMO组合验证\实验结果\20261004_新实例旧精度39事件续跑\窄缝_新参数0p25_交叉_e0_full_input\


 Compressing files in C:\Users\24848\Desktop\GraduationProject\初步实验\Geogram与PaMO组合验证\实验结果\20261004_新实例旧精度39事件续跑\窄缝_新参数0p25_交叉_e0_reference\


 Compressing files in C:\Users\24848\Desktop\GraduationProject\初步实验\Geogram与PaMO组合验证\实验结果\20261004_新实例旧精度39事件续跑\窄缝_新参数0p25_交叉_e1_candidate_boolean\


 Compressing files in C:\Users\24848\Desktop\GraduationProject\初步实验\Geogram与PaMO组合验证\实验结果\20261004_新实例旧精度39事件续跑\窄缝_新参数0p25_交叉_e1_candidate_input\


 Compressing files in C:\Users\24848\Desktop\GraduationProject\初步实验\Geogram与PaMO组合验证\实验结果\20261004_新实例旧精度39事件续跑\窄缝_新参数0p25_交叉_e1_reference\


 Compressing files in C:\Users\24848\Desktop\GraduationProject\初步实验\Geogram与PaMO组合验证\实验结果\20261004_新实例旧精度39事件续跑\窄缝_新参数0p25_交叉_e2_candidate_boolean\


 Compressing files in C:\Users\24848\Desktop\GraduationProject\初步实验\Geogram与PaMO组合验证\实验结果\20261004_新实例旧精度39事件续跑\窄缝_新参数0p25_交叉_e2_candidate_input\


 Compressing files in C:\Users\24848\Desktop\GraduationProject\初步实验\Geogram与PaMO组合验证\实验结果\20261004_新实例旧精度39事件续跑\窄缝_新参数0p25_交叉_e2_reference\


 Compressing files in C:\Users\24848\Desktop\GraduationProject\初步实验\Geogram与PaMO组合验证\实验结果\20261004_新实例旧精度39事件续跑\窄缝_新参数1p25_交叉_e0_candidate_boolean\


 Compressing files in C:\Users\24848\Desktop\GraduationProject\初步实验\Geogram与PaMO组合验证\实验结果\20261004_新实例旧精度39事件续跑\窄缝_新参数1p25_交叉_e0_candidate_input\


 Compressing files in C:\Users\24848\Desktop\GraduationProject\初步实验\Geogram与PaMO组合验证\实验结果\20261004_新实例旧精度39事件续跑\窄缝_新参数1p25_交叉_e0_full_full\


 Compressing files in C:\Users\24848\Desktop\GraduationProject\初步实验\Geogram与PaMO组合验证\实验结果\20261004_新实例旧精度39事件续跑\窄缝_新参数1p25_交叉_e0_full_input\


 Compressing files in C:\Users\24848\Desktop\GraduationProject\初步实验\Geogram与PaMO组合验证\实验结果\20261004_新实例旧精度39事件续跑\窄缝_新参数1p25_交叉_e0_reference\


 Compressing files in C:\Users\24848\Desktop\GraduationProject\初步实验\Geogram与PaMO组合验证\实验结果\20261004_新实例旧精度39事件续跑\窄缝_新参数1p25_交叉_e1_candidate_boolean\


 Compressing files in C:\Users\24848\Desktop\GraduationProject\初步实验\Geogram与PaMO组合验证\实验结果\20261004_新实例旧精度39事件续跑\窄缝_新参数1p25_交叉_e1_candidate_input\


 Compressing files in C:\Users\24848\Desktop\GraduationProject\初步实验\Geogram与PaMO组合验证\实验结果\20261004_新实例旧精度39事件续跑\窄缝_新参数1p25_交叉_e1_reference\


 Compressing files in C:\Users\24848\Desktop\GraduationProject\初步实验\Geogram与PaMO组合验证\实验结果\20261004_新实例旧精度39事件续跑\窄缝_新参数1p25_交叉_e2_candidate_boolean\


 Compressing files in C:\Users\24848\Desktop\GraduationProject\初步实验\Geogram与PaMO组合验证\实验结果\20261004_新实例旧精度39事件续跑\窄缝_新参数1p25_交叉_e2_candidate_input\


 Compressing files in C:\Users\24848\Desktop\GraduationProject\初步实验\Geogram与PaMO组合验证\实验结果\20261004_新实例旧精度39事件续跑\窄缝_新参数1p25_交叉_e2_reference\


 Compressing files in C:\Users\24848\Desktop\GraduationProject\初步实验\Geogram与PaMO组合验证\实验结果\20261004_新实例旧精度39事件续跑\窄缝_新参数2p25_交叉_e0_candidate_boolean\


 Compressing files in C:\Users\24848\Desktop\GraduationProject\初步实验\Geogram与PaMO组合验证\实验结果\20261004_新实例旧精度39事件续跑\窄缝_新参数2p25_交叉_e0_candidate_input\


 Compressing files in C:\Users\24848\Desktop\GraduationProject\初步实验\Geogram与PaMO组合验证\实验结果\20261004_新实例旧精度39事件续跑\窄缝_新参数2p25_交叉_e0_full_full\


 Compressing files in C:\Users\24848\Desktop\GraduationProject\初步实验\Geogram与PaMO组合验证\实验结果\20261004_新实例旧精度39事件续跑\窄缝_新参数2p25_交叉_e0_full_input\


 Compressing files in C:\Users\24848\Desktop\GraduationProject\初步实验\Geogram与PaMO组合验证\实验结果\20261004_新实例旧精度39事件续跑\窄缝_新参数2p25_交叉_e0_reference\


 Compressing files in C:\Users\24848\Desktop\GraduationProject\初步实验\Geogram与PaMO组合验证\实验结果\20261004_新实例旧精度39事件续跑\窄缝_新参数2p25_交叉_e1_candidate_boolean\


 Compressing files in C:\Users\24848\Desktop\GraduationProject\初步实验\Geogram与PaMO组合验证\实验结果\20261004_新实例旧精度39事件续跑\窄缝_新参数2p25_交叉_e1_candidate_input\


 Compressing files in C:\Users\24848\Desktop\GraduationProject\初步实验\Geogram与PaMO组合验证\实验结果\20261004_新实例旧精度39事件续跑\窄缝_新参数2p25_交叉_e1_reference\


 Compressing files in C:\Users\24848\Desktop\GraduationProject\初步实验\Geogram与PaMO组合验证\实验结果\20261004_新实例旧精度39事件续跑\窄缝_新参数2p25_交叉_e2_candidate_boolean\


 Compressing files in C:\Users\24848\Desktop\GraduationProject\初步实验\Geogram与PaMO组合验证\实验结果\20261004_新实例旧精度39事件续跑\窄缝_新参数2p25_交叉_e2_candidate_input\


 Compressing files in C:\Users\24848\Desktop\GraduationProject\初步实验\Geogram与PaMO组合验证\实验结果\20261004_新实例旧精度39事件续跑\窄缝_新参数2p25_交叉_e2_reference\


 Compressing files in C:\Users\24848\Desktop\GraduationProject\初步实验\Geogram与PaMO组合验证\实验结果\20261004_新实例旧精度39事件续跑\窄缝_新参数3p25_交叉_e0_candidate_boolean\


 Compressing files in C:\Users\24848\Desktop\GraduationProject\初步实验\Geogram与PaMO组合验证\实验结果\20261004_新实例旧精度39事件续跑\窄缝_新参数3p25_交叉_e0_candidate_input\


 Compressing files in C:\Users\24848\Desktop\GraduationProject\初步实验\Geogram与PaMO组合验证\实验结果\20261004_新实例旧精度39事件续跑\窄缝_新参数3p25_交叉_e0_full_full\


 Compressing files in C:\Users\24848\Desktop\GraduationProject\初步实验\Geogram与PaMO组合验证\实验结果\20261004_新实例旧精度39事件续跑\窄缝_新参数3p25_交叉_e0_full_input\


 Compressing files in C:\Users\24848\Desktop\GraduationProject\初步实验\Geogram与PaMO组合验证\实验结果\20261004_新实例旧精度39事件续跑\窄缝_新参数3p25_交叉_e0_reference\


 Compressing files in C:\Users\24848\Desktop\GraduationProject\初步实验\Geogram与PaMO组合验证\实验结果\20261004_新实例旧精度39事件续跑\窄缝_新参数3p25_交叉_e1_candidate_boolean\


 Compressing files in C:\Users\24848\Desktop\GraduationProject\初步实验\Geogram与PaMO组合验证\实验结果\20261004_新实例旧精度39事件续跑\窄缝_新参数3p25_交叉_e1_candidate_input\


 Compressing files in C:\Users\24848\Desktop\GraduationProject\初步实验\Geogram与PaMO组合验证\实验结果\20261004_新实例旧精度39事件续跑\窄缝_新参数3p25_交叉_e1_reference\


 Compressing files in C:\Users\24848\Desktop\GraduationProject\初步实验\Geogram与PaMO组合验证\实验结果\20261004_新实例旧精度39事件续跑\窄缝_新参数3p25_交叉_e2_candidate_boolean\


 Compressing files in C:\Users\24848\Desktop\GraduationProject\初步实验\Geogram与PaMO组合验证\实验结果\20261004_新实例旧精度39事件续跑\窄缝_新参数3p25_交叉_e2_candidate_input\


 Compressing files in C:\Users\24848\Desktop\GraduationProject\初步实验\Geogram与PaMO组合验证\实验结果\20261004_新实例旧精度39事件续跑\窄缝_新参数3p25_交叉_e2_reference\


 Compressing files in C:\Users\24848\Desktop\GraduationProject\初步实验\Geogram与PaMO组合验证\实验结果\20261004_新实例旧精度39事件续跑\薄壁_新参数0p25_交叉_e0_candidate_boolean\


 Compressing files in C:\Users\24848\Desktop\GraduationProject\初步实验\Geogram与PaMO组合验证\实验结果\20261004_新实例旧精度39事件续跑\薄壁_新参数0p25_交叉_e0_candidate_input\


 Compressing files in C:\Users\24848\Desktop\GraduationProject\初步实验\Geogram与PaMO组合验证\实验结果\20261004_新实例旧精度39事件续跑\薄壁_新参数0p25_交叉_e0_full_full\


 Compressing files in C:\Users\24848\Desktop\GraduationProject\初步实验\Geogram与PaMO组合验证\实验结果\20261004_新实例旧精度39事件续跑\薄壁_新参数0p25_交叉_e0_full_input\


 Compressing files in C:\Users\24848\Desktop\GraduationProject\初步实验\Geogram与PaMO组合验证\实验结果\20261004_新实例旧精度39事件续跑\薄壁_新参数0p25_交叉_e0_reference\


 Compressing files in C:\Users\24848\Desktop\GraduationProject\初步实验\Geogram与PaMO组合验证\实验结果\20261004_新实例旧精度39事件续跑\薄壁_新参数0p25_交叉_e1_candidate_boolean\


 Compressing files in C:\Users\24848\Desktop\GraduationProject\初步实验\Geogram与PaMO组合验证\实验结果\20261004_新实例旧精度39事件续跑\薄壁_新参数0p25_交叉_e1_candidate_input\


 Compressing files in C:\Users\24848\Desktop\GraduationProject\初步实验\Geogram与PaMO组合验证\实验结果\20261004_新实例旧精度39事件续跑\薄壁_新参数0p25_交叉_e1_reference\


 Compressing files in C:\Users\24848\Desktop\GraduationProject\初步实验\Geogram与PaMO组合验证\实验结果\20261004_新实例旧精度39事件续跑\薄壁_新参数0p25_交叉_e2_candidate_boolean\


 Compressing files in C:\Users\24848\Desktop\GraduationProject\初步实验\Geogram与PaMO组合验证\实验结果\20261004_新实例旧精度39事件续跑\薄壁_新参数0p25_交叉_e2_candidate_input\


 Compressing files in C:\Users\24848\Desktop\GraduationProject\初步实验\Geogram与PaMO组合验证\实验结果\20261004_新实例旧精度39事件续跑\薄壁_新参数0p25_交叉_e2_reference\


 Compressing files in C:\Users\24848\Desktop\GraduationProject\初步实验\Geogram与PaMO组合验证\实验结果\20261004_新实例旧精度39事件续跑\薄壁_新参数1p25_交叉_e0_candidate_boolean\


 Compressing files in C:\Users\24848\Desktop\GraduationProject\初步实验\Geogram与PaMO组合验证\实验结果\20261004_新实例旧精度39事件续跑\薄壁_新参数1p25_交叉_e0_candidate_input\


 Compressing files in C:\Users\24848\Desktop\GraduationProject\初步实验\Geogram与PaMO组合验证\实验结果\20261004_新实例旧精度39事件续跑\薄壁_新参数1p25_交叉_e0_full_full\


 Compressing files in C:\Users\24848\Desktop\GraduationProject\初步实验\Geogram与PaMO组合验证\实验结果\20261004_新实例旧精度39事件续跑\薄壁_新参数1p25_交叉_e0_full_input\


 Compressing files in C:\Users\24848\Desktop\GraduationProject\初步实验\Geogram与PaMO组合验证\实验结果\20261004_新实例旧精度39事件续跑\薄壁_新参数1p25_交叉_e0_reference\


 Compressing files in C:\Users\24848\Desktop\GraduationProject\初步实验\Geogram与PaMO组合验证\实验结果\20261004_新实例旧精度39事件续跑\薄壁_新参数1p25_交叉_e1_candidate_boolean\


 Compressing files in C:\Users\24848\Desktop\GraduationProject\初步实验\Geogram与PaMO组合验证\实验结果\20261004_新实例旧精度39事件续跑\薄壁_新参数1p25_交叉_e1_candidate_input\


 Compressing files in C:\Users\24848\Desktop\GraduationProject\初步实验\Geogram与PaMO组合验证\实验结果\20261004_新实例旧精度39事件续跑\薄壁_新参数1p25_交叉_e1_full_full\


 Compressing files in C:\Users\24848\Desktop\GraduationProject\初步实验\Geogram与PaMO组合验证\实验结果\20261004_新实例旧精度39事件续跑\薄壁_新参数1p25_交叉_e1_full_input\


 Compressing files in C:\Users\24848\Desktop\GraduationProject\初步实验\Geogram与PaMO组合验证\实验结果\20261004_新实例旧精度39事件续跑\薄壁_新参数1p25_交叉_e1_reference\


 Compressing files in C:\Users\24848\Desktop\GraduationProject\初步实验\Geogram与PaMO组合验证\实验结果\20261004_新实例旧精度39事件续跑\薄壁_新参数1p25_交叉_e2_candidate_boolean\


 Compressing files in C:\Users\24848\Desktop\GraduationProject\初步实验\Geogram与PaMO组合验证\实验结果\20261004_新实例旧精度39事件续跑\薄壁_新参数1p25_交叉_e2_candidate_input\


 Compressing files in C:\Users\24848\Desktop\GraduationProject\初步实验\Geogram与PaMO组合验证\实验结果\20261004_新实例旧精度39事件续跑\薄壁_新参数1p25_交叉_e2_reference\


 Compressing files in C:\Users\24848\Desktop\GraduationProject\初步实验\Geogram与PaMO组合验证\实验结果\20261004_新实例旧精度39事件续跑\薄壁_新参数2p25_交叉_e0_candidate_boolean\


 Compressing files in C:\Users\24848\Desktop\GraduationProject\初步实验\Geogram与PaMO组合验证\实验结果\20261004_新实例旧精度39事件续跑\薄壁_新参数2p25_交叉_e0_candidate_input\


 Compressing files in C:\Users\24848\Desktop\GraduationProject\初步实验\Geogram与PaMO组合验证\实验结果\20261004_新实例旧精度39事件续跑\薄壁_新参数2p25_交叉_e0_full_full\


 Compressing files in C:\Users\24848\Desktop\GraduationProject\初步实验\Geogram与PaMO组合验证\实验结果\20261004_新实例旧精度39事件续跑\薄壁_新参数2p25_交叉_e0_full_input\


 Compressing files in C:\Users\24848\Desktop\GraduationProject\初步实验\Geogram与PaMO组合验证\实验结果\20261004_新实例旧精度39事件续跑\薄壁_新参数2p25_交叉_e0_reference\


 Compressing files in C:\Users\24848\Desktop\GraduationProject\初步实验\Geogram与PaMO组合验证\实验结果\20261004_新实例旧精度39事件续跑\薄壁_新参数2p25_交叉_e1_candidate_boolean\


 Compressing files in C:\Users\24848\Desktop\GraduationProject\初步实验\Geogram与PaMO组合验证\实验结果\20261004_新实例旧精度39事件续跑\薄壁_新参数2p25_交叉_e1_candidate_input\


 Compressing files in C:\Users\24848\Desktop\GraduationProject\初步实验\Geogram与PaMO组合验证\实验结果\20261004_新实例旧精度39事件续跑\薄壁_新参数2p25_交叉_e1_full_full\


 Compressing files in C:\Users\24848\Desktop\GraduationProject\初步实验\Geogram与PaMO组合验证\实验结果\20261004_新实例旧精度39事件续跑\薄壁_新参数2p25_交叉_e1_full_input\


 Compressing files in C:\Users\24848\Desktop\GraduationProject\初步实验\Geogram与PaMO组合验证\实验结果\20261004_新实例旧精度39事件续跑\薄壁_新参数2p25_交叉_e1_reference\


 Compressing files in C:\Users\24848\Desktop\GraduationProject\初步实验\Geogram与PaMO组合验证\实验结果\20261004_新实例旧精度39事件续跑\薄壁_新参数2p25_交叉_e2_candidate_boolean\


 Compressing files in C:\Users\24848\Desktop\GraduationProject\初步实验\Geogram与PaMO组合验证\实验结果\20261004_新实例旧精度39事件续跑\薄壁_新参数2p25_交叉_e2_candidate_input\


 Compressing files in C:\Users\24848\Desktop\GraduationProject\初步实验\Geogram与PaMO组合验证\实验结果\20261004_新实例旧精度39事件续跑\薄壁_新参数2p25_交叉_e2_reference\


 Compressing files in C:\Users\24848\Desktop\GraduationProject\初步实验\Geogram与PaMO组合验证\实验结果\20261004_新实例旧精度39事件续跑\薄壁_新参数3p25_交叉_e0_candidate_boolean\


 Compressing files in C:\Users\24848\Desktop\GraduationProject\初步实验\Geogram与PaMO组合验证\实验结果\20261004_新实例旧精度39事件续跑\薄壁_新参数3p25_交叉_e0_candidate_input\


 Compressing files in C:\Users\24848\Desktop\GraduationProject\初步实验\Geogram与PaMO组合验证\实验结果\20261004_新实例旧精度39事件续跑\薄壁_新参数3p25_交叉_e0_full_full\


 Compressing files in C:\Users\24848\Desktop\GraduationProject\初步实验\Geogram与PaMO组合验证\实验结果\20261004_新实例旧精度39事件续跑\薄壁_新参数3p25_交叉_e0_full_input\


 Compressing files in C:\Users\24848\Desktop\GraduationProject\初步实验\Geogram与PaMO组合验证\实验结果\20261004_新实例旧精度39事件续跑\薄壁_新参数3p25_交叉_e0_reference\


 Compressing files in C:\Users\24848\Desktop\GraduationProject\初步实验\Geogram与PaMO组合验证\实验结果\20261004_新实例旧精度39事件续跑\薄壁_新参数3p25_交叉_e1_candidate_boolean\


 Compressing files in C:\Users\24848\Desktop\GraduationProject\初步实验\Geogram与PaMO组合验证\实验结果\20261004_新实例旧精度39事件续跑\薄壁_新参数3p25_交叉_e1_candidate_input\


 Compressing files in C:\Users\24848\Desktop\GraduationProject\初步实验\Geogram与PaMO组合验证\实验结果\20261004_新实例旧精度39事件续跑\薄壁_新参数3p25_交叉_e1_full_full\


 Compressing files in C:\Users\24848\Desktop\GraduationProject\初步实验\Geogram与PaMO组合验证\实验结果\20261004_新实例旧精度39事件续跑\薄壁_新参数3p25_交叉_e1_full_input\


 Compressing files in C:\Users\24848\Desktop\GraduationProject\初步实验\Geogram与PaMO组合验证\实验结果\20261004_新实例旧精度39事件续跑\薄壁_新参数3p25_交叉_e1_reference\


 Compressing files in C:\Users\24848\Desktop\GraduationProject\初步实验\Geogram与PaMO组合验证\实验结果\20261004_新实例旧精度39事件续跑\薄壁_新参数3p25_交叉_e2_candidate_boolean\


 Compressing files in C:\Users\24848\Desktop\GraduationProject\初步实验\Geogram与PaMO组合验证\实验结果\20261004_新实例旧精度39事件续跑\薄壁_新参数3p25_交叉_e2_candidate_input\


 Compressing files in C:\Users\24848\Desktop\GraduationProject\初步实验\Geogram与PaMO组合验证\实验结果\20261004_新实例旧精度39事件续跑\薄壁_新参数3p25_交叉_e2_reference\


 Compressing files in C:\Users\24848\Desktop\GraduationProject\初步实验\Geogram与PaMO组合验证\实验结果\20261004_新实例旧精度39事件续跑\贯通孔_新参数0p25_交叉_e0_candidate_boolean\


 Compressing files in C:\Users\24848\Desktop\GraduationProject\初步实验\Geogram与PaMO组合验证\实验结果\20261004_新实例旧精度39事件续跑\贯通孔_新参数0p25_交叉_e0_candidate_input\


 Compressing files in C:\Users\24848\Desktop\GraduationProject\初步实验\Geogram与PaMO组合验证\实验结果\20261004_新实例旧精度39事件续跑\贯通孔_新参数0p25_交叉_e0_full_full\


 Compressing files in C:\Users\24848\Desktop\GraduationProject\初步实验\Geogram与PaMO组合验证\实验结果\20261004_新实例旧精度39事件续跑\贯通孔_新参数0p25_交叉_e0_full_input\


 Compressing files in C:\Users\24848\Desktop\GraduationProject\初步实验\Geogram与PaMO组合验证\实验结果\20261004_新实例旧精度39事件续跑\贯通孔_新参数0p25_交叉_e0_reference\


 Compressing files in C:\Users\24848\Desktop\GraduationProject\初步实验\Geogram与PaMO组合验证\实验结果\20261004_新实例旧精度39事件续跑\贯通孔_新参数0p25_交叉_e1_candidate_boolean\


 Compressing files in C:\Users\24848\Desktop\GraduationProject\初步实验\Geogram与PaMO组合验证\实验结果\20261004_新实例旧精度39事件续跑\贯通孔_新参数0p25_交叉_e1_candidate_input\


 Compressing files in C:\Users\24848\Desktop\GraduationProject\初步实验\Geogram与PaMO组合验证\实验结果\20261004_新实例旧精度39事件续跑\贯通孔_新参数0p25_交叉_e1_full_full\


 Compressing files in C:\Users\24848\Desktop\GraduationProject\初步实验\Geogram与PaMO组合验证\实验结果\20261004_新实例旧精度39事件续跑\贯通孔_新参数0p25_交叉_e1_full_input\


 Compressing files in C:\Users\24848\Desktop\GraduationProject\初步实验\Geogram与PaMO组合验证\实验结果\20261004_新实例旧精度39事件续跑\贯通孔_新参数0p25_交叉_e1_reference\


 Compressing files in C:\Users\24848\Desktop\GraduationProject\初步实验\Geogram与PaMO组合验证\实验结果\20261004_新实例旧精度39事件续跑\贯通孔_新参数0p25_交叉_e2_candidate_boolean\


 Compressing files in C:\Users\24848\Desktop\GraduationProject\初步实验\Geogram与PaMO组合验证\实验结果\20261004_新实例旧精度39事件续跑\贯通孔_新参数0p25_交叉_e2_candidate_input\


 Compressing files in C:\Users\24848\Desktop\GraduationProject\初步实验\Geogram与PaMO组合验证\实验结果\20261004_新实例旧精度39事件续跑\贯通孔_新参数0p25_交叉_e2_reference\


 Compressing files in C:\Users\24848\Desktop\GraduationProject\初步实验\Geogram与PaMO组合验证\实验结果\20261004_新实例旧精度39事件续跑\贯通孔_新参数1p25_交叉_e0_candidate_boolean\


 Compressing files in C:\Users\24848\Desktop\GraduationProject\初步实验\Geogram与PaMO组合验证\实验结果\20261004_新实例旧精度39事件续跑\贯通孔_新参数1p25_交叉_e0_candidate_input\


 Compressing files in C:\Users\24848\Desktop\GraduationProject\初步实验\Geogram与PaMO组合验证\实验结果\20261004_新实例旧精度39事件续跑\贯通孔_新参数1p25_交叉_e0_full_full\


 Compressing files in C:\Users\24848\Desktop\GraduationProject\初步实验\Geogram与PaMO组合验证\实验结果\20261004_新实例旧精度39事件续跑\贯通孔_新参数1p25_交叉_e0_full_input\


 Compressing files in C:\Users\24848\Desktop\GraduationProject\初步实验\Geogram与PaMO组合验证\实验结果\20261004_新实例旧精度39事件续跑\贯通孔_新参数1p25_交叉_e0_reference\


 Compressing files in C:\Users\24848\Desktop\GraduationProject\初步实验\Geogram与PaMO组合验证\实验结果\20261004_新实例旧精度39事件续跑\贯通孔_新参数1p25_交叉_e1_candidate_boolean\


 Compressing files in C:\Users\24848\Desktop\GraduationProject\初步实验\Geogram与PaMO组合验证\实验结果\20261004_新实例旧精度39事件续跑\贯通孔_新参数1p25_交叉_e1_candidate_input\


 Compressing files in C:\Users\24848\Desktop\GraduationProject\初步实验\Geogram与PaMO组合验证\实验结果\20261004_新实例旧精度39事件续跑\贯通孔_新参数1p25_交叉_e1_full_full\


 Compressing files in C:\Users\24848\Desktop\GraduationProject\初步实验\Geogram与PaMO组合验证\实验结果\20261004_新实例旧精度39事件续跑\贯通孔_新参数1p25_交叉_e1_full_input\


 Compressing files in C:\Users\24848\Desktop\GraduationProject\初步实验\Geogram与PaMO组合验证\实验结果\20261004_新实例旧精度39事件续跑\贯通孔_新参数1p25_交叉_e1_reference\


 Compressing files in C:\Users\24848\Desktop\GraduationProject\初步实验\Geogram与PaMO组合验证\实验结果\20261004_新实例旧精度39事件续跑\贯通孔_新参数1p25_交叉_e2_candidate_boolean\


 Compressing files in C:\Users\24848\Desktop\GraduationProject\初步实验\Geogram与PaMO组合验证\实验结果\20261004_新实例旧精度39事件续跑\贯通孔_新参数1p25_交叉_e2_candidate_input\


 Compressing files in C:\Users\24848\Desktop\GraduationProject\初步实验\Geogram与PaMO组合验证\实验结果\20261004_新实例旧精度39事件续跑\贯通孔_新参数1p25_交叉_e2_full_full\


 Compressing files in C:\Users\24848\Desktop\GraduationProject\初步实验\Geogram与PaMO组合验证\实验结果\20261004_新实例旧精度39事件续跑\贯通孔_新参数1p25_交叉_e2_full_input\


 Compressing files in C:\Users\24848\Desktop\GraduationProject\初步实验\Geogram与PaMO组合验证\实验结果\20261004_新实例旧精度39事件续跑\贯通孔_新参数1p25_交叉_e2_reference\


 Compressing files in C:\Users\24848\Desktop\GraduationProject\初步实验\Geogram与PaMO组合验证\实验结果\20261004_新实例旧精度39事件续跑\贯通孔_新参数2p25_交叉_e0_candidate_boolean\


 Compressing files in C:\Users\24848\Desktop\GraduationProject\初步实验\Geogram与PaMO组合验证\实验结果\20261004_新实例旧精度39事件续跑\贯通孔_新参数2p25_交叉_e0_candidate_input\


 Compressing files in C:\Users\24848\Desktop\GraduationProject\初步实验\Geogram与PaMO组合验证\实验结果\20261004_新实例旧精度39事件续跑\贯通孔_新参数2p25_交叉_e0_full_full\


 Compressing files in C:\Users\24848\Desktop\GraduationProject\初步实验\Geogram与PaMO组合验证\实验结果\20261004_新实例旧精度39事件续跑\贯通孔_新参数2p25_交叉_e0_full_input\


 Compressing files in C:\Users\24848\Desktop\GraduationProject\初步实验\Geogram与PaMO组合验证\实验结果\20261004_新实例旧精度39事件续跑\贯通孔_新参数2p25_交叉_e0_reference\


 Compressing files in C:\Users\24848\Desktop\GraduationProject\初步实验\Geogram与PaMO组合验证\实验结果\20261004_新实例旧精度39事件续跑\贯通孔_新参数2p25_交叉_e1_candidate_boolean\


 Compressing files in C:\Users\24848\Desktop\GraduationProject\初步实验\Geogram与PaMO组合验证\实验结果\20261004_新实例旧精度39事件续跑\贯通孔_新参数2p25_交叉_e1_candidate_input\


 Compressing files in C:\Users\24848\Desktop\GraduationProject\初步实验\Geogram与PaMO组合验证\实验结果\20261004_新实例旧精度39事件续跑\贯通孔_新参数2p25_交叉_e1_full_full\


 Compressing files in C:\Users\24848\Desktop\GraduationProject\初步实验\Geogram与PaMO组合验证\实验结果\20261004_新实例旧精度39事件续跑\贯通孔_新参数2p25_交叉_e1_full_input\


 Compressing files in C:\Users\24848\Desktop\GraduationProject\初步实验\Geogram与PaMO组合验证\实验结果\20261004_新实例旧精度39事件续跑\贯通孔_新参数2p25_交叉_e1_reference\


 Compressing files in C:\Users\24848\Desktop\GraduationProject\初步实验\Geogram与PaMO组合验证\实验结果\20261004_新实例旧精度39事件续跑\贯通孔_新参数2p25_交叉_e2_candidate_boolean\


 Compressing files in C:\Users\24848\Desktop\GraduationProject\初步实验\Geogram与PaMO组合验证\实验结果\20261004_新实例旧精度39事件续跑\贯通孔_新参数2p25_交叉_e2_candidate_input\


 Compressing files in C:\Users\24848\Desktop\GraduationProject\初步实验\Geogram与PaMO组合验证\实验结果\20261004_新实例旧精度39事件续跑\贯通孔_新参数2p25_交叉_e2_reference\


 Compressing files in C:\Users\24848\Desktop\GraduationProject\初步实验\Geogram与PaMO组合验证\实验结果\20261004_新实例旧精度39事件续跑\贯通孔_新参数3p25_交叉_e0_candidate_boolean\


 Compressing files in C:\Users\24848\Desktop\GraduationProject\初步实验\Geogram与PaMO组合验证\实验结果\20261004_新实例旧精度39事件续跑\贯通孔_新参数3p25_交叉_e0_candidate_input\


 Compressing files in C:\Users\24848\Desktop\GraduationProject\初步实验\Geogram与PaMO组合验证\实验结果\20261004_新实例旧精度39事件续跑\贯通孔_新参数3p25_交叉_e0_full_full\


 Compressing files in C:\Users\24848\Desktop\GraduationProject\初步实验\Geogram与PaMO组合验证\实验结果\20261004_新实例旧精度39事件续跑\贯通孔_新参数3p25_交叉_e0_full_input\


 Compressing files in C:\Users\24848\Desktop\GraduationProject\初步实验\Geogram与PaMO组合验证\实验结果\20261004_新实例旧精度39事件续跑\贯通孔_新参数3p25_交叉_e0_reference\


 Compressing files in C:\Users\24848\Desktop\GraduationProject\初步实验\Geogram与PaMO组合验证\实验结果\20261004_新实例旧精度39事件续跑\贯通孔_新参数3p25_交叉_e1_candidate_boolean\


 Compressing files in C:\Users\24848\Desktop\GraduationProject\初步实验\Geogram与PaMO组合验证\实验结果\20261004_新实例旧精度39事件续跑\贯通孔_新参数3p25_交叉_e1_candidate_input\


 Compressing files in C:\Users\24848\Desktop\GraduationProject\初步实验\Geogram与PaMO组合验证\实验结果\20261004_新实例旧精度39事件续跑\贯通孔_新参数3p25_交叉_e1_full_full\


 Compressing files in C:\Users\24848\Desktop\GraduationProject\初步实验\Geogram与PaMO组合验证\实验结果\20261004_新实例旧精度39事件续跑\贯通孔_新参数3p25_交叉_e1_full_input\


 Compressing files in C:\Users\24848\Desktop\GraduationProject\初步实验\Geogram与PaMO组合验证\实验结果\20261004_新实例旧精度39事件续跑\贯通孔_新参数3p25_交叉_e1_reference\


 Compressing files in C:\Users\24848\Desktop\GraduationProject\初步实验\Geogram与PaMO组合验证\实验结果\20261004_新实例旧精度39事件续跑\贯通孔_新参数3p25_交叉_e2_candidate_boolean\


 Compressing files in C:\Users\24848\Desktop\GraduationProject\初步实验\Geogram与PaMO组合验证\实验结果\20261004_新实例旧精度39事件续跑\贯通孔_新参数3p25_交叉_e2_candidate_input\


 Compressing files in C:\Users\24848\Desktop\GraduationProject\初步实验\Geogram与PaMO组合验证\实验结果\20261004_新实例旧精度39事件续跑\贯通孔_新参数3p25_交叉_e2_reference\


831 files within 161 directories were compressed.
36,482,394 total bytes of data are stored in 14,808,446 bytes.
The compression ratio is 2.5 to 1.
