only got 15853/16384 samples!
Stage1 :  True
Stage3 :  True
Warp 1.0.0-beta.2 initialized:
   CUDA Toolkit: 12.8, Driver: 13.2
   Devices:
     "cpu"    | x86_64
     "cuda:0" | NVIDIA GeForce RTX 4090 (sm_89)
   Kernel cache: /root/.cache/warp/1.0.0-beta.2
Target faces : 636
Time for Remeshing: 0.07012343406677246 sec
Time for Simplification: 0.1614396572113037 sec
Module pamo_safe_project.kernels.geometry_kernels load on device 'cuda:0' took 12.06 ms
Module pamo_safe_project.kernels.energy_kernels.elastic_energy load on device 'cuda:0' took 10.76 ms
Module pamo_safe_project.kernels.energy_kernels.hinge_energy load on device 'cuda:0' took 26.96 ms
Module pamo_safe_project.kernels.energy_kernels.contact_detection load on device 'cuda:0' took 16.00 ms
Module pamo_safe_project.kernels.energy_kernels.distance_energy load on device 'cuda:0' took 22.93 ms
Module pamo_safe_project.kernels.energy_kernels.collision_energy load on device 'cuda:0' took 71.61 ms
Module pamo_safe_project.kernels.utils_kernels load on device 'cuda:0' took 3.14 ms
Module pamo_safe_project.kernels.solver_kernels load on device 'cuda:0' took 2.56 ms
Module warp.utils load on device 'cuda:0' took 1.34 ms
Module pamo_safe_project.kernels.distance_kernels.grad_funcs load on device 'cuda:0' took 16.73 ms
Module pamo_safe_project.kernels.distance_kernels.hessian_funcs load on device 'cuda:0' took 71.73 ms
Module pamo_safe_project.kernels.distance_kernels.distance_kernels load on device 'cuda:0' took 104.92 ms
Module pamo_safe_project.kernels.distance_kernels.grad_funcs_struct load on device 'cuda:0' took 15.56 ms
Module pamo_safe_project.kernels.distance_kernels.distance_kernels_struct load on device 'cuda:0' took 17.31 ms
Module pamo_safe_project.kernels.ccd_kernels load on device 'cuda:0' took 21.35 ms
Module pamo_safe_project.kernels.energy_kernels.lb_curvature_energy load on device 'cuda:0' took 3.13 ms
Module locality_gpu load on device 'cuda:0' took 0.71 ms
