o-[Process     ] Max used threads = 4
o-[I/O         ] Loading file /tmp/geogram_native_quality_20261006_21/inputs/12_parent.obj...
o-[I/O         ] (FP64) nb_v:22001 nb_e:0 nb_f:43998 nb_b:0 tri:1 dim:3
o-[I/O         ] Attributes on vertices: point[3]
o-[I/O         ] Loading file /tmp/geogram_native_quality_20261006_21/inputs/12_tool.obj...
o-[I/O         ] (FP64) nb_v:674 nb_e:0 nb_f:1344 nb_b:0 tri:1 dim:3
o-[I/O         ] Attributes on vertices: point[3]
o-[FloatEdge   ] contracted_zero_length_edges=0 contracted_machine_new_edges=3 max_length=5.12647e-15
o-[FloatEdge   ] contracted_zero_length_edges=0 contracted_machine_new_edges=2 max_length=8.95521e-16
o-[FloatEdge   ] contracted_zero_length_edges=0 contracted_machine_new_edges=1 max_length=4.57757e-16
o-[FloatEdgeStage] before_coplanar=6
NATIVE_QUALITY_REGION {"group":40501,"boundary_attempt":false,"point_budget":64,"source_facets":5,"boundary_points":7,"new_points":0,"boundary_unchanged":true,"before_bad":1,"after_score_computed":true,"after_bad":1,"after_valid":true,"before_bad_area":0.000160774,"after_bad_area":0.000160774,"selected":false}
NATIVE_QUALITY_REGION {"group":40504,"boundary_attempt":false,"point_budget":64,"source_facets":6,"boundary_points":8,"new_points":3,"boundary_unchanged":true,"before_bad":2,"after_score_computed":true,"after_bad":0,"after_valid":true,"before_bad_area":0.00349826,"after_bad_area":0,"selected":true}
NATIVE_QUALITY_REGION {"group":40653,"boundary_attempt":false,"point_budget":64,"source_facets":4,"boundary_points":6,"new_points":3,"boundary_unchanged":true,"before_bad":2,"after_score_computed":true,"after_bad":0,"after_valid":true,"before_bad_area":0.00323241,"after_bad_area":0,"selected":true}
NATIVE_QUALITY_REGION {"group":40656,"boundary_attempt":false,"point_budget":64,"source_facets":4,"boundary_points":6,"new_points":1,"boundary_unchanged":true,"before_bad":1,"after_score_computed":true,"after_bad":0,"after_valid":true,"before_bad_area":0.00217535,"after_bad_area":0,"selected":true}
NATIVE_QUALITY_REGION {"group":40868,"boundary_attempt":false,"point_budget":64,"source_facets":6,"boundary_points":8,"new_points":1,"boundary_unchanged":true,"before_bad":1,"after_score_computed":true,"after_bad":0,"after_valid":true,"before_bad_area":0.00128861,"after_bad_area":0,"selected":true}
NATIVE_QUALITY_REGION {"group":40870,"boundary_attempt":false,"point_budget":64,"source_facets":6,"boundary_points":8,"new_points":2,"boundary_unchanged":true,"before_bad":1,"after_score_computed":true,"after_bad":2,"after_valid":true,"before_bad_area":2.88659e-05,"after_bad_area":0.000620607,"selected":false}
NATIVE_QUALITY_REGION {"group":41712,"boundary_attempt":false,"point_budget":64,"source_facets":2,"boundary_points":4,"new_points":0,"boundary_unchanged":true,"before_bad":1,"after_score_computed":true,"after_bad":1,"after_valid":true,"before_bad_area":0.000746336,"after_bad_area":0.000746336,"selected":false}
NATIVE_QUALITY_REGION {"group":41712,"boundary_attempt":true,"point_budget":128,"source_facets":2,"boundary_points":4,"new_points":3,"boundary_unchanged":true,"before_bad":1,"after_score_computed":true,"after_bad":0,"after_valid":true,"before_bad_area":0.000746336,"after_bad_area":0,"selected":true}
NATIVE_QUALITY_REGION {"group":41748,"boundary_attempt":false,"point_budget":64,"source_facets":2,"boundary_points":4,"new_points":0,"boundary_unchanged":true,"before_bad":1,"after_score_computed":true,"after_bad":1,"after_valid":true,"before_bad_area":0.0008441,"after_bad_area":0.0008441,"selected":false}
NATIVE_QUALITY_REGION {"group":41748,"boundary_attempt":true,"point_budget":128,"source_facets":2,"boundary_points":4,"new_points":5,"boundary_unchanged":true,"before_bad":1,"after_score_computed":true,"after_bad":0,"after_valid":true,"before_bad_area":0.0008441,"after_bad_area":0,"selected":true}
NATIVE_QUALITY_REGION {"group":41751,"boundary_attempt":false,"point_budget":64,"source_facets":2,"boundary_points":4,"new_points":0,"boundary_unchanged":true,"before_bad":1,"after_score_computed":true,"after_bad":1,"after_valid":true,"before_bad_area":0.000175416,"after_bad_area":0.000175416,"selected":false}
NATIVE_QUALITY_REGION {"group":41751,"boundary_attempt":true,"point_budget":128,"source_facets":2,"boundary_points":4,"new_points":10,"boundary_unchanged":true,"before_bad":1,"after_score_computed":true,"after_bad":0,"after_valid":true,"before_bad_area":0.000175416,"after_bad_area":0,"selected":true}
NATIVE_QUALITY_REGION {"group":41762,"boundary_attempt":false,"point_budget":64,"source_facets":2,"boundary_points":4,"new_points":0,"boundary_unchanged":true,"before_bad":1,"after_score_computed":true,"after_bad":1,"after_valid":true,"before_bad_area":0.00166942,"after_bad_area":0.00166942,"selected":false}
NATIVE_QUALITY_REGION {"group":41762,"boundary_attempt":true,"point_budget":128,"source_facets":2,"boundary_points":4,"new_points":3,"boundary_unchanged":true,"before_bad":1,"after_score_computed":true,"after_bad":0,"after_valid":true,"before_bad_area":0.00166942,"after_bad_area":0,"selected":true}
NATIVE_QUALITY_REGION {"group":41778,"boundary_attempt":false,"point_budget":64,"source_facets":4,"boundary_points":6,"new_points":1,"boundary_unchanged":true,"before_bad":1,"after_score_computed":true,"after_bad":1,"after_valid":true,"before_bad_area":0.000157769,"after_bad_area":0.00084427,"selected":false}
NATIVE_QUALITY_REGION {"group":41812,"boundary_attempt":false,"point_budget":64,"source_facets":5,"boundary_points":7,"new_points":1,"boundary_unchanged":true,"before_bad":1,"after_score_computed":true,"after_bad":0,"after_valid":true,"before_bad_area":0.00131942,"after_bad_area":0,"selected":true}
NATIVE_QUALITY_REGION {"group":41846,"boundary_attempt":false,"point_budget":64,"source_facets":3,"boundary_points":5,"new_points":0,"boundary_unchanged":true,"before_bad":1,"after_score_computed":true,"after_bad":1,"after_valid":true,"before_bad_area":0.000269585,"after_bad_area":0.000269585,"selected":false}
NATIVE_QUALITY_REGION {"group":41849,"boundary_attempt":false,"point_budget":64,"source_facets":4,"boundary_points":6,"new_points":0,"boundary_unchanged":true,"before_bad":1,"after_score_computed":true,"after_bad":1,"after_valid":true,"before_bad_area":0.000105816,"after_bad_area":0.000105816,"selected":false}
NATIVE_QUALITY_REGION {"group":41877,"boundary_attempt":false,"point_budget":64,"source_facets":4,"boundary_points":6,"new_points":2,"boundary_unchanged":true,"before_bad":1,"after_score_computed":true,"after_bad":0,"after_valid":true,"before_bad_area":0.00109882,"after_bad_area":0,"selected":true}
NATIVE_QUALITY_REGION {"group":41926,"boundary_attempt":false,"point_budget":64,"source_facets":2,"boundary_points":4,"new_points":0,"boundary_unchanged":true,"before_bad":1,"after_score_computed":true,"after_bad":1,"after_valid":true,"before_bad_area":0.00142008,"after_bad_area":0.00142008,"selected":false}
NATIVE_QUALITY_REGION {"group":41926,"boundary_attempt":true,"point_budget":128,"source_facets":2,"boundary_points":4,"new_points":2,"boundary_unchanged":true,"before_bad":1,"after_score_computed":true,"after_bad":0,"after_valid":true,"before_bad_area":0.00142008,"after_bad_area":0,"selected":true}
NATIVE_QUALITY_REGION {"group":41932,"boundary_attempt":false,"point_budget":64,"source_facets":2,"boundary_points":4,"new_points":1,"boundary_unchanged":true,"before_bad":1,"after_score_computed":true,"after_bad":2,"after_valid":true,"before_bad_area":9.14896e-05,"after_bad_area":0.000524879,"selected":false}
NATIVE_QUALITY_REGION {"group":41932,"boundary_attempt":true,"point_budget":128,"source_facets":2,"boundary_points":4,"new_points":12,"boundary_unchanged":true,"before_bad":1,"after_score_computed":true,"after_bad":0,"after_valid":true,"before_bad_area":9.14896e-05,"after_bad_area":0,"selected":true}
NATIVE_QUALITY_REGION {"group":41990,"boundary_attempt":false,"point_budget":64,"source_facets":6,"boundary_points":8,"new_points":0,"boundary_unchanged":true,"before_bad":1,"after_score_computed":true,"after_bad":1,"after_valid":true,"before_bad_area":0.0001012,"after_bad_area":0.0001012,"selected":false}
NATIVE_QUALITY_REGION {"group":42001,"boundary_attempt":false,"point_budget":64,"source_facets":2,"boundary_points":4,"new_points":0,"boundary_unchanged":true,"before_bad":1,"after_score_computed":true,"after_bad":1,"after_valid":true,"before_bad_area":7.99624e-05,"after_bad_area":7.99624e-05,"selected":false}
NATIVE_QUALITY_REGION {"group":42001,"boundary_attempt":true,"point_budget":128,"source_facets":2,"boundary_points":4,"new_points":11,"boundary_unchanged":true,"before_bad":1,"after_score_computed":true,"after_bad":0,"after_valid":true,"before_bad_area":7.99624e-05,"after_bad_area":0,"selected":true}
NATIVE_QUALITY_REGION {"group":42002,"boundary_attempt":false,"point_budget":64,"source_facets":2,"boundary_points":4,"new_points":0,"boundary_unchanged":true,"before_bad":1,"after_score_computed":true,"after_bad":1,"after_valid":true,"before_bad_area":6.4206e-05,"after_bad_area":6.4206e-05,"selected":false}
NATIVE_QUALITY_REGION {"group":42002,"boundary_attempt":true,"point_budget":128,"source_facets":2,"boundary_points":4,"new_points":11,"boundary_unchanged":true,"before_bad":1,"after_score_computed":true,"after_bad":0,"after_valid":true,"before_bad_area":6.4206e-05,"after_bad_area":0,"selected":true}
NATIVE_QUALITY_REGION {"group":42030,"boundary_attempt":false,"point_budget":64,"source_facets":2,"boundary_points":4,"new_points":0,"boundary_unchanged":true,"before_bad":1,"after_score_computed":true,"after_bad":1,"after_valid":true,"before_bad_area":0.000135506,"after_bad_area":0.000135506,"selected":false}
NATIVE_QUALITY_REGION {"group":42030,"boundary_attempt":true,"point_budget":128,"source_facets":2,"boundary_points":4,"new_points":1,"boundary_unchanged":true,"before_bad":1,"after_score_computed":true,"after_bad":0,"after_valid":true,"before_bad_area":0.000135506,"after_bad_area":0,"selected":true}
NATIVE_QUALITY_REGION {"group":42050,"boundary_attempt":false,"point_budget":64,"source_facets":2,"boundary_points":4,"new_points":0,"boundary_unchanged":true,"before_bad":1,"after_score_computed":true,"after_bad":1,"after_valid":true,"before_bad_area":0.00263312,"after_bad_area":0.00263312,"selected":false}
NATIVE_QUALITY_REGION {"group":42050,"boundary_attempt":true,"point_budget":128,"source_facets":2,"boundary_points":4,"new_points":3,"boundary_unchanged":true,"before_bad":1,"after_score_computed":true,"after_bad":0,"after_valid":true,"before_bad_area":0.00263312,"after_bad_area":0,"selected":true}
NATIVE_QUALITY_REGION {"group":42053,"boundary_attempt":false,"point_budget":64,"source_facets":2,"boundary_points":4,"new_points":0,"boundary_unchanged":true,"before_bad":1,"after_score_computed":true,"after_bad":1,"after_valid":true,"before_bad_area":0.00131237,"after_bad_area":0.00131237,"selected":false}
NATIVE_QUALITY_REGION {"group":42053,"boundary_attempt":true,"point_budget":128,"source_facets":2,"boundary_points":4,"new_points":8,"boundary_unchanged":true,"before_bad":1,"after_score_computed":true,"after_bad":0,"after_valid":true,"before_bad_area":0.00131237,"after_bad_area":0,"selected":true}
NATIVE_QUALITY_REGION {"group":42059,"boundary_attempt":false,"point_budget":64,"source_facets":2,"boundary_points":4,"new_points":0,"boundary_unchanged":true,"before_bad":1,"after_score_computed":true,"after_bad":1,"after_valid":true,"before_bad_area":0.0126167,"after_bad_area":0.0126167,"selected":false}
NATIVE_QUALITY_REGION {"group":42059,"boundary_attempt":true,"point_budget":128,"source_facets":2,"boundary_points":4,"new_points":3,"boundary_unchanged":true,"before_bad":1,"after_score_computed":true,"after_bad":0,"after_valid":true,"before_bad_area":0.0126167,"after_bad_area":0,"selected":true}
NATIVE_QUALITY_REGION {"group":42068,"boundary_attempt":false,"point_budget":64,"source_facets":2,"boundary_points":4,"new_points":1,"boundary_unchanged":true,"before_bad":1,"after_score_computed":true,"after_bad":2,"after_valid":true,"before_bad_area":0.00175114,"after_bad_area":0.0114886,"selected":false}
NATIVE_QUALITY_REGION {"group":42068,"boundary_attempt":true,"point_budget":128,"source_facets":2,"boundary_points":4,"new_points":6,"boundary_unchanged":true,"before_bad":1,"after_score_computed":true,"after_bad":0,"after_valid":true,"before_bad_area":0.00175114,"after_bad_area":0,"selected":true}
NATIVE_QUALITY_REGION {"group":42083,"boundary_attempt":false,"point_budget":64,"source_facets":2,"boundary_points":4,"new_points":0,"boundary_unchanged":true,"before_bad":1,"after_score_computed":true,"after_bad":1,"after_valid":true,"before_bad_area":0.00309089,"after_bad_area":0.00309089,"selected":false}
NATIVE_QUALITY_REGION {"group":42083,"boundary_attempt":true,"point_budget":128,"source_facets":2,"boundary_points":4,"new_points":3,"boundary_unchanged":true,"before_bad":1,"after_score_computed":true,"after_bad":0,"after_valid":true,"before_bad_area":0.00309089,"after_bad_area":0,"selected":true}
NATIVE_QUALITY_REGION {"group":42086,"boundary_attempt":false,"point_budget":64,"source_facets":3,"boundary_points":5,"new_points":0,"boundary_unchanged":true,"before_bad":2,"after_score_computed":true,"after_bad":2,"after_valid":true,"before_bad_area":0.00426318,"after_bad_area":0.00426318,"selected":false}
NATIVE_QUALITY_REGION {"group":42087,"boundary_attempt":false,"point_budget":64,"source_facets":2,"boundary_points":4,"new_points":0,"boundary_unchanged":true,"before_bad":1,"after_score_computed":true,"after_bad":1,"after_valid":true,"before_bad_area":0.00200041,"after_bad_area":0.00200041,"selected":false}
NATIVE_QUALITY_REGION {"group":42087,"boundary_attempt":true,"point_budget":128,"source_facets":2,"boundary_points":4,"new_points":7,"boundary_unchanged":true,"before_bad":1,"after_score_computed":true,"after_bad":0,"after_valid":true,"before_bad_area":0.00200041,"after_bad_area":0,"selected":true}
NATIVE_QUALITY_REGION {"group":42107,"boundary_attempt":false,"point_budget":64,"source_facets":3,"boundary_points":5,"new_points":0,"boundary_unchanged":true,"before_bad":1,"after_score_computed":true,"after_bad":1,"after_valid":true,"before_bad_area":0.00530931,"after_bad_area":0.00530931,"selected":false}
NATIVE_QUALITY_REGION {"group":42114,"boundary_attempt":false,"point_budget":64,"source_facets":2,"boundary_points":4,"new_points":0,"boundary_unchanged":true,"before_bad":1,"after_score_computed":true,"after_bad":1,"after_valid":true,"before_bad_area":0.00165311,"after_bad_area":0.00165311,"selected":false}
NATIVE_QUALITY_REGION {"group":42114,"boundary_attempt":true,"point_budget":128,"source_facets":2,"boundary_points":4,"new_points":2,"boundary_unchanged":true,"before_bad":1,"after_score_computed":true,"after_bad":0,"after_valid":true,"before_bad_area":0.00165311,"after_bad_area":0,"selected":true}
NATIVE_QUALITY_REGION {"group":42132,"boundary_attempt":false,"point_budget":64,"source_facets":5,"boundary_points":7,"new_points":3,"boundary_unchanged":true,"before_bad":1,"after_score_computed":true,"after_bad":0,"after_valid":true,"before_bad_area":0.0001751,"after_bad_area":0,"selected":true}
NATIVE_QUALITY_REGION {"group":42134,"boundary_attempt":false,"point_budget":64,"source_facets":3,"boundary_points":5,"new_points":0,"boundary_unchanged":true,"before_bad":1,"after_score_computed":true,"after_bad":1,"after_valid":true,"before_bad_area":3.05264e-05,"after_bad_area":3.05264e-05,"selected":false}
NATIVE_QUALITY_REGION {"group":42135,"boundary_attempt":false,"point_budget":64,"source_facets":3,"boundary_points":5,"new_points":0,"boundary_unchanged":true,"before_bad":1,"after_score_computed":true,"after_bad":1,"after_valid":true,"before_bad_area":0.000159668,"after_bad_area":0.000159668,"selected":false}
NATIVE_QUALITY_REGION {"group":42137,"boundary_attempt":false,"point_budget":64,"source_facets":4,"boundary_points":6,"new_points":0,"boundary_unchanged":true,"before_bad":3,"after_score_computed":true,"after_bad":3,"after_valid":true,"before_bad_area":0.00178744,"after_bad_area":0.00178744,"selected":false}
NATIVE_QUALITY_REGION {"group":42139,"boundary_attempt":false,"point_budget":64,"source_facets":2,"boundary_points":4,"new_points":0,"boundary_unchanged":true,"before_bad":1,"after_score_computed":true,"after_bad":1,"after_valid":true,"before_bad_area":0.00022405,"after_bad_area":0.00022405,"selected":false}
NATIVE_QUALITY_REGION {"group":42139,"boundary_attempt":true,"point_budget":128,"source_facets":2,"boundary_points":4,"new_points":3,"boundary_unchanged":true,"before_bad":1,"after_score_computed":true,"after_bad":0,"after_valid":true,"before_bad_area":0.00022405,"after_bad_area":0,"selected":true}
NATIVE_QUALITY_REGION {"group":42144,"boundary_attempt":false,"point_budget":64,"source_facets":6,"boundary_points":8,"new_points":0,"boundary_unchanged":true,"before_bad":1,"after_score_computed":true,"after_bad":1,"after_valid":true,"before_bad_area":0.0017866,"after_bad_area":0.0017866,"selected":false}
NATIVE_QUALITY_REGION {"group":42145,"boundary_attempt":false,"point_budget":64,"source_facets":4,"boundary_points":6,"new_points":0,"boundary_unchanged":true,"before_bad":2,"after_score_computed":true,"after_bad":2,"after_valid":true,"before_bad_area":0.000151518,"after_bad_area":0.000151518,"selected":false}
NATIVE_QUALITY_REGION {"group":42147,"boundary_attempt":false,"point_budget":64,"source_facets":3,"boundary_points":5,"new_points":0,"boundary_unchanged":true,"before_bad":2,"after_score_computed":true,"after_bad":2,"after_valid":true,"before_bad_area":0.000169866,"after_bad_area":0.000169866,"selected":false}
NATIVE_QUALITY_REGION {"group":42150,"boundary_attempt":false,"point_budget":64,"source_facets":3,"boundary_points":5,"new_points":0,"boundary_unchanged":true,"before_bad":2,"after_score_computed":true,"after_bad":2,"after_valid":true,"before_bad_area":0.000677449,"after_bad_area":0.000677449,"selected":false}
NATIVE_QUALITY_REGION {"group":42151,"boundary_attempt":false,"point_budget":64,"source_facets":2,"boundary_points":4,"new_points":0,"boundary_unchanged":true,"before_bad":1,"after_score_computed":true,"after_bad":1,"after_valid":true,"before_bad_area":0.000265529,"after_bad_area":0.000265529,"selected":false}
NATIVE_QUALITY_REGION {"group":42151,"boundary_attempt":true,"point_budget":128,"source_facets":2,"boundary_points":4,"new_points":7,"boundary_unchanged":true,"before_bad":1,"after_score_computed":true,"after_bad":0,"after_valid":true,"before_bad_area":0.000265529,"after_bad_area":0,"selected":true}
NATIVE_QUALITY_REGION {"group":42153,"boundary_attempt":false,"point_budget":64,"source_facets":3,"boundary_points":5,"new_points":1,"boundary_unchanged":true,"before_bad":1,"after_score_computed":true,"after_bad":2,"after_valid":true,"before_bad_area":4.48231e-07,"after_bad_area":8.15392e-06,"selected":false}
NATIVE_QUALITY_REGION {"group":42156,"boundary_attempt":false,"point_budget":64,"source_facets":2,"boundary_points":4,"new_points":0,"boundary_unchanged":true,"before_bad":1,"after_score_computed":true,"after_bad":1,"after_valid":true,"before_bad_area":0.000634228,"after_bad_area":0.000634228,"selected":false}
NATIVE_QUALITY_REGION {"group":42156,"boundary_attempt":true,"point_budget":128,"source_facets":2,"boundary_points":4,"new_points":5,"boundary_unchanged":true,"before_bad":1,"after_score_computed":true,"after_bad":0,"after_valid":true,"before_bad_area":0.000634228,"after_bad_area":0,"selected":true}
NATIVE_QUALITY_REGION {"group":42159,"boundary_attempt":false,"point_budget":64,"source_facets":7,"boundary_points":9,"new_points":2,"boundary_unchanged":true,"before_bad":1,"after_score_computed":true,"after_bad":1,"after_valid":true,"before_bad_area":0.000113665,"after_bad_area":0.000113665,"selected":false}
NATIVE_QUALITY_REGION {"group":42164,"boundary_attempt":false,"point_budget":64,"source_facets":3,"boundary_points":5,"new_points":0,"boundary_unchanged":true,"before_bad":1,"after_score_computed":true,"after_bad":1,"after_valid":true,"before_bad_area":0.00146994,"after_bad_area":0.00146994,"selected":false}
NATIVE_QUALITY_REGION {"group":42168,"boundary_attempt":false,"point_budget":64,"source_facets":4,"boundary_points":6,"new_points":0,"boundary_unchanged":true,"before_bad":1,"after_score_computed":true,"after_bad":1,"after_valid":true,"before_bad_area":0.000279937,"after_bad_area":0.000279937,"selected":false}
NATIVE_QUALITY_REGION {"group":42173,"boundary_attempt":false,"point_budget":64,"source_facets":4,"boundary_points":6,"new_points":0,"boundary_unchanged":true,"before_bad":1,"after_score_computed":true,"after_bad":1,"after_valid":true,"before_bad_area":0.000245971,"after_bad_area":0.000245971,"selected":false}
NATIVE_QUALITY_REGION {"group":42176,"boundary_attempt":false,"point_budget":64,"source_facets":5,"boundary_points":7,"new_points":2,"boundary_unchanged":true,"before_bad":1,"after_score_computed":true,"after_bad":1,"after_valid":true,"before_bad_area":0.000993514,"after_bad_area":0.00715396,"selected":false}
NATIVE_QUALITY_REGION {"group":42177,"boundary_attempt":false,"point_budget":64,"source_facets":3,"boundary_points":5,"new_points":2,"boundary_unchanged":true,"before_bad":1,"after_score_computed":true,"after_bad":0,"after_valid":true,"before_bad_area":0.000399459,"after_bad_area":0,"selected":true}
NATIVE_QUALITY_REGION {"group":42178,"boundary_attempt":false,"point_budget":64,"source_facets":5,"boundary_points":7,"new_points":0,"boundary_unchanged":true,"before_bad":1,"after_score_computed":true,"after_bad":1,"after_valid":true,"before_bad_area":0.000769896,"after_bad_area":0.000769896,"selected":false}
NATIVE_QUALITY_REGION {"group":42179,"boundary_attempt":false,"point_budget":64,"source_facets":2,"boundary_points":4,"new_points":0,"boundary_unchanged":true,"before_bad":1,"after_score_computed":true,"after_bad":1,"after_valid":true,"before_bad_area":2.85143e-05,"after_bad_area":2.85143e-05,"selected":false}
NATIVE_QUALITY_REGION {"group":42179,"boundary_attempt":true,"point_budget":128,"source_facets":2,"boundary_points":4,"new_points":17,"boundary_unchanged":true,"before_bad":1,"after_score_computed":true,"after_bad":0,"after_valid":true,"before_bad_area":2.85143e-05,"after_bad_area":0,"selected":true}
NATIVE_QUALITY_REGION {"group":42183,"boundary_attempt":false,"point_budget":64,"source_facets":2,"boundary_points":4,"new_points":0,"boundary_unchanged":true,"before_bad":1,"after_score_computed":true,"after_bad":1,"after_valid":true,"before_bad_area":6.58501e-05,"after_bad_area":6.58501e-05,"selected":false}
NATIVE_QUALITY_REGION {"group":42183,"boundary_attempt":true,"point_budget":128,"source_facets":2,"boundary_points":4,"new_points":11,"boundary_unchanged":true,"before_bad":1,"after_score_computed":true,"after_bad":0,"after_valid":true,"before_bad_area":6.58501e-05,"after_bad_area":0,"selected":true}
NATIVE_QUALITY_REGION {"group":42187,"boundary_attempt":false,"point_budget":64,"source_facets":2,"boundary_points":4,"new_points":0,"boundary_unchanged":true,"before_bad":1,"after_score_computed":true,"after_bad":1,"after_valid":true,"before_bad_area":0.000412755,"after_bad_area":0.000412755,"selected":false}
NATIVE_QUALITY_REGION {"group":42187,"boundary_attempt":true,"point_budget":128,"source_facets":2,"boundary_points":4,"new_points":3,"boundary_unchanged":true,"before_bad":1,"after_score_computed":true,"after_bad":0,"after_valid":true,"before_bad_area":0.000412755,"after_bad_area":0,"selected":true}
NATIVE_QUALITY_REGION {"group":42192,"boundary_attempt":false,"point_budget":64,"source_facets":2,"boundary_points":4,"new_points":0,"boundary_unchanged":true,"before_bad":1,"after_score_computed":true,"after_bad":1,"after_valid":true,"before_bad_area":8.2006e-05,"after_bad_area":8.2006e-05,"selected":false}
NATIVE_QUALITY_REGION {"group":42192,"boundary_attempt":true,"point_budget":128,"source_facets":2,"boundary_points":4,"new_points":6,"boundary_unchanged":true,"before_bad":1,"after_score_computed":true,"after_bad":0,"after_valid":true,"before_bad_area":8.2006e-05,"after_bad_area":0,"selected":true}
NATIVE_QUALITY_REGION {"group":42193,"boundary_attempt":false,"point_budget":64,"source_facets":6,"boundary_points":8,"new_points":1,"boundary_unchanged":true,"before_bad":2,"after_score_computed":true,"after_bad":1,"after_valid":true,"before_bad_area":0.00119974,"after_bad_area":0.000310222,"selected":true}
NATIVE_QUALITY_REGION {"group":42195,"boundary_attempt":false,"point_budget":64,"source_facets":2,"boundary_points":4,"new_points":0,"boundary_unchanged":true,"before_bad":2,"after_score_computed":true,"after_bad":2,"after_valid":true,"before_bad_area":0.000134563,"after_bad_area":0.000134563,"selected":false}
NATIVE_QUALITY_REGION {"group":42199,"boundary_attempt":false,"point_budget":64,"source_facets":3,"boundary_points":5,"new_points":0,"boundary_unchanged":true,"before_bad":2,"after_score_computed":true,"after_bad":2,"after_valid":true,"before_bad_area":0.00122639,"after_bad_area":0.00122639,"selected":false}
NATIVE_QUALITY_REGION {"group":42205,"boundary_attempt":false,"point_budget":64,"source_facets":2,"boundary_points":4,"new_points":0,"boundary_unchanged":true,"before_bad":1,"after_score_computed":true,"after_bad":1,"after_valid":true,"before_bad_area":4.71958e-05,"after_bad_area":4.71958e-05,"selected":false}
NATIVE_QUALITY_REGION {"group":42209,"boundary_attempt":false,"point_budget":64,"source_facets":2,"boundary_points":4,"new_points":0,"boundary_unchanged":true,"before_bad":1,"after_score_computed":true,"after_bad":1,"after_valid":true,"before_bad_area":2.86099e-05,"after_bad_area":2.86099e-05,"selected":false}
NATIVE_QUALITY_REGION {"group":42321,"boundary_attempt":false,"point_budget":64,"source_facets":3,"boundary_points":5,"new_points":0,"boundary_unchanged":true,"before_bad":2,"after_score_computed":true,"after_bad":2,"after_valid":true,"before_bad_area":0.0239176,"after_bad_area":0.0239176,"selected":false}
NATIVE_QUALITY_REGION {"group":42322,"boundary_attempt":false,"point_budget":64,"source_facets":7,"boundary_points":9,"new_points":1,"boundary_unchanged":true,"before_bad":6,"after_score_computed":true,"after_bad":5,"after_valid":true,"before_bad_area":0.0115074,"after_bad_area":0.00985287,"selected":true}
NATIVE_QUALITY_REGION {"group":42325,"boundary_attempt":false,"point_budget":64,"source_facets":5,"boundary_points":7,"new_points":1,"boundary_unchanged":true,"before_bad":3,"after_score_computed":true,"after_bad":3,"after_valid":true,"before_bad_area":0.0167611,"after_bad_area":0.0172774,"selected":false}
NATIVE_QUALITY_REGION {"group":42326,"boundary_attempt":false,"point_budget":64,"source_facets":2,"boundary_points":4,"new_points":0,"boundary_unchanged":true,"before_bad":1,"after_score_computed":true,"after_bad":1,"after_valid":true,"before_bad_area":0.000297837,"after_bad_area":0.000297837,"selected":false}
NATIVE_QUALITY_REGION {"group":42326,"boundary_attempt":true,"point_budget":128,"source_facets":2,"boundary_points":4,"new_points":3,"boundary_unchanged":true,"before_bad":1,"after_score_computed":true,"after_bad":0,"after_valid":true,"before_bad_area":0.000297837,"after_bad_area":0,"selected":true}
NATIVE_QUALITY_REGION {"group":42327,"boundary_attempt":false,"point_budget":64,"source_facets":3,"boundary_points":5,"new_points":0,"boundary_unchanged":true,"before_bad":2,"after_score_computed":true,"after_bad":2,"after_valid":true,"before_bad_area":9.5181e-05,"after_bad_area":9.5181e-05,"selected":false}
NATIVE_QUALITY_REGION {"group":42328,"boundary_attempt":false,"point_budget":64,"source_facets":7,"boundary_points":9,"new_points":0,"boundary_unchanged":true,"before_bad":4,"after_score_computed":true,"after_bad":4,"after_valid":true,"before_bad_area":0.00782113,"after_bad_area":0.00782113,"selected":false}
NATIVE_QUALITY_REGION {"group":42329,"boundary_attempt":false,"point_budget":64,"source_facets":4,"boundary_points":6,"new_points":1,"boundary_unchanged":true,"before_bad":3,"after_score_computed":true,"after_bad":2,"after_valid":true,"before_bad_area":0.003296,"after_bad_area":0.00196016,"selected":true}
NATIVE_QUALITY_REGION {"group":42330,"boundary_attempt":false,"point_budget":64,"source_facets":3,"boundary_points":5,"new_points":0,"boundary_unchanged":true,"before_bad":1,"after_score_computed":true,"after_bad":1,"after_valid":true,"before_bad_area":0.00252297,"after_bad_area":0.00252297,"selected":false}
NATIVE_QUALITY_REGION {"group":42331,"boundary_attempt":false,"point_budget":64,"source_facets":5,"boundary_points":7,"new_points":0,"boundary_unchanged":true,"before_bad":3,"after_score_computed":true,"after_bad":3,"after_valid":true,"before_bad_area":0.0181104,"after_bad_area":0.0181104,"selected":false}
NATIVE_QUALITY_REGION {"group":42332,"boundary_attempt":false,"point_budget":64,"source_facets":3,"boundary_points":5,"new_points":0,"boundary_unchanged":true,"before_bad":1,"after_score_computed":true,"after_bad":1,"after_valid":true,"before_bad_area":0.00317624,"after_bad_area":0.00317624,"selected":false}
NATIVE_QUALITY_REGION {"group":42333,"boundary_attempt":false,"point_budget":64,"source_facets":9,"boundary_points":11,"new_points":4,"boundary_unchanged":true,"before_bad":6,"after_score_computed":true,"after_bad":3,"after_valid":true,"before_bad_area":0.00810814,"after_bad_area":0.00406616,"selected":true}
NATIVE_QUALITY_REGION {"group":42334,"boundary_attempt":false,"point_budget":64,"source_facets":2,"boundary_points":4,"new_points":1,"boundary_unchanged":true,"before_bad":1,"after_score_computed":true,"after_bad":0,"after_valid":true,"before_bad_area":0.0114971,"after_bad_area":0,"selected":true}
NATIVE_QUALITY_REGION {"group":42335,"boundary_attempt":false,"point_budget":64,"source_facets":7,"boundary_points":9,"new_points":0,"boundary_unchanged":true,"before_bad":4,"after_score_computed":true,"after_bad":4,"after_valid":true,"before_bad_area":0.0100595,"after_bad_area":0.0100595,"selected":false}
NATIVE_QUALITY_REGION {"group":42336,"boundary_attempt":false,"point_budget":64,"source_facets":6,"boundary_points":8,"new_points":1,"boundary_unchanged":true,"before_bad":1,"after_score_computed":true,"after_bad":1,"after_valid":true,"before_bad_area":0.00406615,"after_bad_area":0.0020097,"selected":true}
NATIVE_QUALITY_REGION {"group":42338,"boundary_attempt":false,"point_budget":64,"source_facets":3,"boundary_points":5,"new_points":1,"boundary_unchanged":true,"before_bad":2,"after_score_computed":true,"after_bad":1,"after_valid":true,"before_bad_area":0.0131781,"after_bad_area":0.00637433,"selected":true}
NATIVE_QUALITY_REGION {"group":42339,"boundary_attempt":false,"point_budget":64,"source_facets":3,"boundary_points":5,"new_points":0,"boundary_unchanged":true,"before_bad":2,"after_score_computed":true,"after_bad":2,"after_valid":true,"before_bad_area":0.00332805,"after_bad_area":0.00332805,"selected":false}
NATIVE_QUALITY_REGION {"group":42340,"boundary_attempt":false,"point_budget":64,"source_facets":4,"boundary_points":6,"new_points":5,"boundary_unchanged":true,"before_bad":2,"after_score_computed":true,"after_bad":0,"after_valid":true,"before_bad_area":0.00933718,"after_bad_area":0,"selected":true}
NATIVE_QUALITY_REGION {"group":42341,"boundary_attempt":false,"point_budget":64,"source_facets":4,"boundary_points":6,"new_points":3,"boundary_unchanged":true,"before_bad":2,"after_score_computed":true,"after_bad":1,"after_valid":true,"before_bad_area":0.0114987,"after_bad_area":0.00317131,"selected":true}
NATIVE_QUALITY_REGION {"group":42342,"boundary_attempt":false,"point_budget":64,"source_facets":5,"boundary_points":7,"new_points":1,"boundary_unchanged":true,"before_bad":1,"after_score_computed":true,"after_bad":3,"after_valid":true,"before_bad_area":0.000258084,"after_bad_area":0.00617396,"selected":false}
NATIVE_QUALITY_REGION {"group":42343,"boundary_attempt":false,"point_budget":64,"source_facets":7,"boundary_points":9,"new_points":2,"boundary_unchanged":true,"before_bad":3,"after_score_computed":true,"after_bad":2,"after_valid":true,"before_bad_area":0.00246419,"after_bad_area":0.000881019,"selected":true}
NATIVE_QUALITY_REGION {"group":42344,"boundary_attempt":false,"point_budget":64,"source_facets":5,"boundary_points":7,"new_points":1,"boundary_unchanged":true,"before_bad":3,"after_score_computed":true,"after_bad":0,"after_valid":true,"before_bad_area":0.0114314,"after_bad_area":0,"selected":true}
NATIVE_QUALITY_REGION {"group":42346,"boundary_attempt":false,"point_budget":64,"source_facets":5,"boundary_points":7,"new_points":0,"boundary_unchanged":true,"before_bad":2,"after_score_computed":true,"after_bad":2,"after_valid":true,"before_bad_area":0.00451778,"after_bad_area":0.00451778,"selected":false}
NATIVE_QUALITY_REGION {"group":42347,"boundary_attempt":false,"point_budget":64,"source_facets":4,"boundary_points":6,"new_points":0,"boundary_unchanged":true,"before_bad":1,"after_score_computed":true,"after_bad":1,"after_valid":true,"before_bad_area":0.00549203,"after_bad_area":0.00549203,"selected":false}
NATIVE_QUALITY_REGION {"group":42348,"boundary_attempt":false,"point_budget":64,"source_facets":3,"boundary_points":5,"new_points":0,"boundary_unchanged":true,"before_bad":2,"after_score_computed":true,"after_bad":2,"after_valid":true,"before_bad_area":0.000242178,"after_bad_area":0.000242178,"selected":false}
NATIVE_QUALITY_REGION {"group":42349,"boundary_attempt":false,"point_budget":64,"source_facets":5,"boundary_points":7,"new_points":4,"boundary_unchanged":true,"before_bad":2,"after_score_computed":true,"after_bad":1,"after_valid":true,"before_bad_area":0.00389526,"after_bad_area":0.00267102,"selected":true}
NATIVE_QUALITY_REGION {"group":42350,"boundary_attempt":false,"point_budget":64,"source_facets":10,"boundary_points":12,"new_points":10,"boundary_unchanged":true,"before_bad":9,"after_score_computed":true,"after_bad":10,"after_valid":true,"before_bad_area":0.0150635,"after_bad_area":0.015813,"selected":false}
NATIVE_QUALITY_REGION {"group":42351,"boundary_attempt":false,"point_budget":64,"source_facets":4,"boundary_points":6,"new_points":1,"boundary_unchanged":true,"before_bad":1,"after_score_computed":true,"after_bad":0,"after_valid":true,"before_bad_area":0.00170234,"after_bad_area":0,"selected":true}
NATIVE_QUALITY_REGION {"group":42352,"boundary_attempt":false,"point_budget":64,"source_facets":6,"boundary_points":8,"new_points":3,"boundary_unchanged":true,"before_bad":3,"after_score_computed":true,"after_bad":3,"after_valid":true,"before_bad_area":0.000106945,"after_bad_area":0.000936111,"selected":false}
NATIVE_QUALITY_REGION {"group":42354,"boundary_attempt":false,"point_budget":64,"source_facets":11,"boundary_points":13,"new_points":11,"boundary_unchanged":true,"before_bad":9,"after_score_computed":true,"after_bad":5,"after_valid":true,"before_bad_area":0.0130243,"after_bad_area":0.00544414,"selected":true}
NATIVE_QUALITY_REGION {"group":42355,"boundary_attempt":false,"point_budget":64,"source_facets":4,"boundary_points":6,"new_points":2,"boundary_unchanged":true,"before_bad":1,"after_score_computed":true,"after_bad":0,"after_valid":true,"before_bad_area":0.000533625,"after_bad_area":0,"selected":true}
NATIVE_QUALITY_REGION {"group":42356,"boundary_attempt":false,"point_budget":64,"source_facets":11,"boundary_points":12,"new_points":7,"boundary_unchanged":true,"before_bad":5,"after_score_computed":true,"after_bad":2,"after_valid":true,"before_bad_area":0.00842577,"after_bad_area":0.00468219,"selected":true}
NATIVE_QUALITY_REGION {"group":42357,"boundary_attempt":false,"point_budget":64,"source_facets":11,"boundary_points":13,"new_points":4,"boundary_unchanged":true,"before_bad":9,"after_score_computed":true,"after_bad":3,"after_valid":true,"before_bad_area":0.0103291,"after_bad_area":0.00296084,"selected":true}
NATIVE_QUALITY_REGION {"group":42358,"boundary_attempt":false,"point_budget":64,"source_facets":5,"boundary_points":6,"new_points":0,"boundary_unchanged":true,"before_bad":4,"after_score_computed":true,"after_bad":4,"after_valid":true,"before_bad_area":0.00478567,"after_bad_area":0.00478567,"selected":false}
NATIVE_QUALITY_REGION {"group":41617,"boundary_attempt":false,"point_budget":128,"source_facets":35,"boundary_points":37,"new_points":26,"boundary_unchanged":true,"before_bad":32,"after_score_computed":true,"after_bad":5,"after_valid":true,"before_bad_area":0.00802351,"after_bad_area":0.000965684,"selected":true}
NATIVE_QUALITY_REGION {"group":41685,"boundary_attempt":false,"point_budget":128,"source_facets":9,"boundary_points":11,"new_points":1,"boundary_unchanged":true,"before_bad":3,"after_score_computed":true,"after_bad":4,"after_valid":true,"before_bad_area":0.00239511,"after_bad_area":0.00239266,"selected":false}
NATIVE_QUALITY_REGION {"group":41854,"boundary_attempt":false,"point_budget":128,"source_facets":8,"boundary_points":10,"new_points":5,"boundary_unchanged":true,"before_bad":4,"after_score_computed":true,"after_bad":2,"after_valid":true,"before_bad_area":0.00324482,"after_bad_area":0.000805155,"selected":true}
NATIVE_QUALITY_REGION {"group":41855,"boundary_attempt":false,"point_budget":128,"source_facets":5,"boundary_points":7,"new_points":2,"boundary_unchanged":true,"before_bad":1,"after_score_computed":true,"after_bad":0,"after_valid":true,"before_bad_area":0.00228078,"after_bad_area":0,"selected":true}
NATIVE_QUALITY_REGION {"group":42023,"boundary_attempt":false,"point_budget":128,"source_facets":6,"boundary_points":6,"new_points":1,"boundary_unchanged":true,"before_bad":1,"after_score_computed":true,"after_bad":0,"after_valid":true,"before_bad_area":0.000354403,"after_bad_area":0,"selected":true}
NATIVE_QUALITY_REGION {"group":42099,"boundary_attempt":false,"point_budget":128,"source_facets":12,"boundary_points":14,"new_points":0,"boundary_unchanged":true,"before_bad":5,"after_score_computed":true,"after_bad":5,"after_valid":true,"before_bad_area":0.00630388,"after_bad_area":0.00630388,"selected":false}
NATIVE_QUALITY_REGION {"group":42139,"boundary_attempt":false,"point_budget":128,"source_facets":6,"boundary_points":8,"new_points":0,"boundary_unchanged":true,"before_bad":1,"after_score_computed":true,"after_bad":1,"after_valid":true,"before_bad_area":0.000176241,"after_bad_area":0.000176241,"selected":false}
NATIVE_QUALITY_REGION {"group":42172,"boundary_attempt":false,"point_budget":128,"source_facets":7,"boundary_points":9,"new_points":0,"boundary_unchanged":true,"before_bad":4,"after_score_computed":true,"after_bad":4,"after_valid":true,"before_bad_area":0.00126745,"after_bad_area":0.00126745,"selected":false}
NATIVE_QUALITY_REGION {"group":42198,"boundary_attempt":false,"point_budget":128,"source_facets":12,"boundary_points":14,"new_points":0,"boundary_unchanged":true,"before_bad":1,"after_score_computed":true,"after_bad":1,"after_valid":true,"before_bad_area":0.000184561,"after_bad_area":0.000184561,"selected":false}
NATIVE_QUALITY_REGION {"group":42199,"boundary_attempt":false,"point_budget":128,"source_facets":10,"boundary_points":10,"new_points":3,"boundary_unchanged":true,"before_bad":1,"after_score_computed":true,"after_bad":0,"after_valid":true,"before_bad_area":0.00366645,"after_bad_area":0,"selected":true}
NATIVE_QUALITY_REGION {"group":42200,"boundary_attempt":false,"point_budget":128,"source_facets":9,"boundary_points":9,"new_points":1,"boundary_unchanged":true,"before_bad":1,"after_score_computed":true,"after_bad":0,"after_valid":true,"before_bad_area":0.000437785,"after_bad_area":0,"selected":true}
NATIVE_QUALITY_REGION {"group":42205,"boundary_attempt":false,"point_budget":128,"source_facets":5,"boundary_points":7,"new_points":2,"boundary_unchanged":true,"before_bad":1,"after_score_computed":true,"after_bad":1,"after_valid":true,"before_bad_area":0.000548903,"after_bad_area":0.000859794,"selected":false}
NATIVE_QUALITY_REGION {"group":42233,"boundary_attempt":false,"point_budget":128,"source_facets":5,"boundary_points":7,"new_points":0,"boundary_unchanged":true,"before_bad":2,"after_score_computed":true,"after_bad":2,"after_valid":true,"before_bad_area":0.00113057,"after_bad_area":0.00113057,"selected":false}
NATIVE_QUALITY_REGION {"group":42236,"boundary_attempt":false,"point_budget":128,"source_facets":5,"boundary_points":7,"new_points":0,"boundary_unchanged":true,"before_bad":3,"after_score_computed":true,"after_bad":3,"after_valid":true,"before_bad_area":0.00217278,"after_bad_area":0.00217278,"selected":false}
NATIVE_QUALITY_REGION {"group":42247,"boundary_attempt":false,"point_budget":128,"source_facets":8,"boundary_points":10,"new_points":2,"boundary_unchanged":true,"before_bad":1,"after_score_computed":true,"after_bad":1,"after_valid":true,"before_bad_area":0.000113665,"after_bad_area":0.000113665,"selected":false}
NATIVE_QUALITY_REGION {"group":42257,"boundary_attempt":false,"point_budget":128,"source_facets":7,"boundary_points":9,"new_points":0,"boundary_unchanged":true,"before_bad":3,"after_score_computed":true,"after_bad":3,"after_valid":true,"before_bad_area":0.00041928,"after_bad_area":0.00041928,"selected":false}
NATIVE_QUALITY_REGION {"group":42276,"boundary_attempt":false,"point_budget":128,"source_facets":4,"boundary_points":6,"new_points":0,"boundary_unchanged":true,"before_bad":3,"after_score_computed":true,"after_bad":3,"after_valid":true,"before_bad_area":0.0239176,"after_bad_area":0.0239176,"selected":false}
NATIVE_QUALITY_REGION {"group":42279,"boundary_attempt":false,"point_budget":128,"source_facets":7,"boundary_points":9,"new_points":2,"boundary_unchanged":true,"before_bad":5,"after_score_computed":true,"after_bad":1,"after_valid":true,"before_bad_area":0.0290368,"after_bad_area":0.00592136,"selected":true}
NATIVE_QUALITY_REGION {"group":42282,"boundary_attempt":false,"point_budget":128,"source_facets":9,"boundary_points":11,"new_points":0,"boundary_unchanged":true,"before_bad":7,"after_score_computed":true,"after_bad":7,"after_valid":true,"before_bad_area":0.0102796,"after_bad_area":0.0102796,"selected":false}
NATIVE_QUALITY_REGION {"group":42301,"boundary_attempt":false,"point_budget":128,"source_facets":5,"boundary_points":7,"new_points":0,"boundary_unchanged":true,"before_bad":3,"after_score_computed":true,"after_bad":3,"after_valid":true,"before_bad_area":0.011907,"after_bad_area":0.011907,"selected":false}
NATIVE_QUALITY_REGION {"group":42314,"boundary_attempt":false,"point_budget":128,"source_facets":8,"boundary_points":10,"new_points":3,"boundary_unchanged":true,"before_bad":8,"after_score_computed":true,"after_bad":2,"after_valid":true,"before_bad_area":0.0125066,"after_bad_area":0.00115455,"selected":true}
NATIVE_QUALITY_REGION {"group":42315,"boundary_attempt":false,"point_budget":128,"source_facets":3,"boundary_points":5,"new_points":0,"boundary_unchanged":true,"before_bad":1,"after_score_computed":true,"after_bad":1,"after_valid":true,"before_bad_area":0.00230032,"after_bad_area":0.00230032,"selected":false}
NATIVE_QUALITY_REGION {"group":42317,"boundary_attempt":false,"point_budget":128,"source_facets":4,"boundary_points":6,"new_points":0,"boundary_unchanged":true,"before_bad":2,"after_score_computed":true,"after_bad":2,"after_valid":true,"before_bad_area":0.00230194,"after_bad_area":0.00230194,"selected":false}
NATIVE_QUALITY_REGION {"group":42318,"boundary_attempt":false,"point_budget":128,"source_facets":6,"boundary_points":8,"new_points":0,"boundary_unchanged":true,"before_bad":4,"after_score_computed":true,"after_bad":4,"after_valid":true,"before_bad_area":0.00172134,"after_bad_area":0.00172134,"selected":false}
NATIVE_QUALITY_REGION {"group":42320,"boundary_attempt":false,"point_budget":128,"source_facets":5,"boundary_points":7,"new_points":0,"boundary_unchanged":true,"before_bad":2,"after_score_computed":true,"after_bad":2,"after_valid":true,"before_bad_area":0.000552206,"after_bad_area":0.000552206,"selected":false}
NATIVE_QUALITY_REGION {"group":42321,"boundary_attempt":false,"point_budget":128,"source_facets":3,"boundary_points":5,"new_points":0,"boundary_unchanged":true,"before_bad":1,"after_score_computed":true,"after_bad":1,"after_valid":true,"before_bad_area":0.000567209,"after_bad_area":0.000567209,"selected":false}
NATIVE_QUALITY_REGION {"group":42322,"boundary_attempt":false,"point_budget":128,"source_facets":7,"boundary_points":9,"new_points":1,"boundary_unchanged":true,"before_bad":2,"after_score_computed":true,"after_bad":1,"after_valid":true,"before_bad_area":0.000524008,"after_bad_area":0.000146149,"selected":true}
NATIVE_QUALITY_REGION {"group":42323,"boundary_attempt":false,"point_budget":128,"source_facets":3,"boundary_points":5,"new_points":0,"boundary_unchanged":true,"before_bad":1,"after_score_computed":true,"after_bad":1,"after_valid":true,"before_bad_area":0.00230764,"after_bad_area":0.00230764,"selected":false}
NATIVE_QUALITY_REGION {"group":42324,"boundary_attempt":false,"point_budget":128,"source_facets":4,"boundary_points":6,"new_points":0,"boundary_unchanged":true,"before_bad":3,"after_score_computed":true,"after_bad":3,"after_valid":true,"before_bad_area":0.0031799,"after_bad_area":0.0031799,"selected":false}
NATIVE_QUALITY_REGION {"group":42325,"boundary_attempt":false,"point_budget":128,"source_facets":4,"boundary_points":6,"new_points":0,"boundary_unchanged":true,"before_bad":3,"after_score_computed":true,"after_bad":3,"after_valid":true,"before_bad_area":0.00177777,"after_bad_area":0.00177777,"selected":false}
NATIVE_QUALITY_REGION {"group":42327,"boundary_attempt":false,"point_budget":128,"source_facets":3,"boundary_points":5,"new_points":0,"boundary_unchanged":true,"before_bad":2,"after_score_computed":true,"after_bad":2,"after_valid":true,"before_bad_area":0.00424745,"after_bad_area":0.00424745,"selected":false}
NATIVE_QUALITY_REGION {"group":42329,"boundary_attempt":false,"point_budget":128,"source_facets":2,"boundary_points":4,"new_points":0,"boundary_unchanged":true,"before_bad":1,"after_score_computed":true,"after_bad":1,"after_valid":true,"before_bad_area":0.00600905,"after_bad_area":0.00600905,"selected":false}
NATIVE_QUALITY_REGION {"group":42330,"boundary_attempt":false,"point_budget":128,"source_facets":2,"boundary_points":4,"new_points":0,"boundary_unchanged":true,"before_bad":2,"after_score_computed":true,"after_bad":2,"after_valid":true,"before_bad_area":0.0146124,"after_bad_area":0.0146124,"selected":false}
NATIVE_QUALITY_REGION {"group":42334,"boundary_attempt":false,"point_budget":128,"source_facets":9,"boundary_points":11,"new_points":0,"boundary_unchanged":true,"before_bad":5,"after_score_computed":true,"after_bad":5,"after_valid":true,"before_bad_area":0.00135966,"after_bad_area":0.00135966,"selected":false}
NATIVE_QUALITY_REGION {"group":42335,"boundary_attempt":false,"point_budget":128,"source_facets":2,"boundary_points":4,"new_points":0,"boundary_unchanged":true,"before_bad":1,"after_score_computed":true,"after_bad":1,"after_valid":true,"before_bad_area":0.00227884,"after_bad_area":0.00227884,"selected":false}
NATIVE_QUALITY_REGION {"group":42337,"boundary_attempt":false,"point_budget":128,"source_facets":2,"boundary_points":4,"new_points":0,"boundary_unchanged":true,"before_bad":1,"after_score_computed":true,"after_bad":1,"after_valid":true,"before_bad_area":7.25743e-05,"after_bad_area":7.25743e-05,"selected":false}
NATIVE_QUALITY_REGION {"group":42339,"boundary_attempt":false,"point_budget":128,"source_facets":4,"boundary_points":6,"new_points":0,"boundary_unchanged":true,"before_bad":2,"after_score_computed":true,"after_bad":2,"after_valid":true,"before_bad_area":0.000601718,"after_bad_area":0.000601718,"selected":false}
NATIVE_QUALITY_REGION {"group":42340,"boundary_attempt":false,"point_budget":128,"source_facets":3,"boundary_points":5,"new_points":0,"boundary_unchanged":true,"before_bad":3,"after_score_computed":true,"after_bad":3,"after_valid":true,"before_bad_area":0.0214227,"after_bad_area":0.0214227,"selected":false}
NATIVE_QUALITY_REGION {"group":42342,"boundary_attempt":false,"point_budget":128,"source_facets":32,"boundary_points":34,"new_points":9,"boundary_unchanged":true,"before_bad":32,"after_score_computed":true,"after_bad":25,"after_valid":true,"before_bad_area":0.0128212,"after_bad_area":0.0118666,"selected":true}
o-[QualityBoundary] shared_edges=0 before_bad=850 after_bad=850 before_area=337.186 after_area=337.186 accepted=1
o-[QualityBoundary] shared_edges=65 before_bad=801 after_bad=850 before_area=337.192 after_area=337.186 accepted=0
NATIVE_RESULT {"load_ms":33.350459999999998,"boolean_ms":1048.8374100000001,"save_ms":51.733955999999999,"faces":44064,"vertices":22034,"simplify":true}
