Stage1 :  True
Stage3 :  True
{"original_config_sha256": "df1eb24db57394c32e31f6d67a58cd7ef6c25febc11aff39c5e9503ee82d6390", "max_blocks": 67108864}
Warp 1.0.0-beta.2 initialized:
   CUDA Toolkit: 12.8, Driver: 13.2
   Devices:
     "cpu"    | x86_64
     "cuda:0" | NVIDIA GeForce RTX 4080 SUPER (sm_89)
   Kernel cache: /root/.cache/warp/1.0.0-beta.2
Target faces : 46984
Time for Remeshing: 0.08826470375061035 sec
Time for Simplification: 0.028326988220214844 sec
Module pamo_safe_project.kernels.geometry_kernels load on device 'cuda:0' took 24.37 ms
Module pamo_safe_project.kernels.energy_kernels.elastic_energy load on device 'cuda:0' took 20.78 ms
Module pamo_safe_project.kernels.energy_kernels.hinge_energy load on device 'cuda:0' took 51.43 ms
Module pamo_safe_project.kernels.energy_kernels.contact_detection load on device 'cuda:0' took 29.07 ms
Module pamo_safe_project.kernels.energy_kernels.distance_energy load on device 'cuda:0' took 54.60 ms
Module pamo_safe_project.kernels.energy_kernels.collision_energy load on device 'cuda:0' took 134.54 ms
Module pamo_safe_project.kernels.utils_kernels load on device 'cuda:0' took 5.76 ms
Module pamo_safe_project.kernels.solver_kernels load on device 'cuda:0' took 4.85 ms
Module warp.utils load on device 'cuda:0' took 2.53 ms
Module pamo_safe_project.kernels.distance_kernels.grad_funcs load on device 'cuda:0' took 142.75 ms
Module pamo_safe_project.kernels.distance_kernels.hessian_funcs load on device 'cuda:0' took 140.64 ms
Module pamo_safe_project.kernels.distance_kernels.distance_kernels load on device 'cuda:0' took 197.86 ms
Module pamo_safe_project.kernels.distance_kernels.grad_funcs_struct load on device 'cuda:0' took 30.30 ms
Module pamo_safe_project.kernels.distance_kernels.distance_kernels_struct load on device 'cuda:0' took 33.16 ms
Module pamo_safe_project.kernels.ccd_kernels load on device 'cuda:0' took 39.47 ms
Module pamo_safe_project.kernels.energy_kernels.lb_curvature_energy load on device 'cuda:0' took 5.48 ms
Module locality_gpu load on device 'cuda:0' took 1.18 ms
{"pamo_run_ms": 3836.3498682156205, "stage1": "original", "method": "full", "maintenance_ms": 4454.049529507756, "status": "pending_independent_audit"}
