Stage1 :  True
Stage3 :  True
Warp 1.0.0-beta.2 initialized:
   CUDA Toolkit: 12.8, Driver: 13.2
   Devices:
     "cpu"    | x86_64
     "cuda:0" | NVIDIA GeForce RTX 4090 (sm_89)
   Kernel cache: /root/.cache/warp/1.0.0-beta.2
Target faces : 660
Time for Remeshing: 0.17661809921264648 sec
Time for Simplification: 0.29947805404663086 sec
Module pamo_safe_project.kernels.geometry_kernels load on device 'cuda:0' took 17.64 ms
Module pamo_safe_project.kernels.energy_kernels.elastic_energy load on device 'cuda:0' took 10.81 ms
Module pamo_safe_project.kernels.energy_kernels.hinge_energy load on device 'cuda:0' took 69.20 ms
Module pamo_safe_project.kernels.energy_kernels.contact_detection load on device 'cuda:0' took 16.20 ms
Module pamo_safe_project.kernels.energy_kernels.distance_energy load on device 'cuda:0' took 93.17 ms
Module pamo_safe_project.kernels.energy_kernels.collision_energy load on device 'cuda:0' took 190.18 ms
Module pamo_safe_project.kernels.utils_kernels load on device 'cuda:0' took 3.48 ms
Module pamo_safe_project.kernels.solver_kernels load on device 'cuda:0' took 2.62 ms
Module warp.utils load on device 'cuda:0' took 1.45 ms
Module pamo_safe_project.kernels.distance_kernels.grad_funcs load on device 'cuda:0' took 17.33 ms
Module pamo_safe_project.kernels.distance_kernels.hessian_funcs load on device 'cuda:0' took 187.34 ms
Module pamo_safe_project.kernels.distance_kernels.distance_kernels load on device 'cuda:0' took 214.16 ms
Module pamo_safe_project.kernels.distance_kernels.grad_funcs_struct load on device 'cuda:0' took 16.03 ms
Module pamo_safe_project.kernels.distance_kernels.distance_kernels_struct load on device 'cuda:0' took 17.43 ms
Module pamo_safe_project.kernels.ccd_kernels load on device 'cuda:0' took 48.49 ms
Module pamo_safe_project.kernels.energy_kernels.lb_curvature_energy load on device 'cuda:0' took 3.19 ms
Module locality_gpu load on device 'cuda:0' took 0.74 ms
{"pamo_run_ms": 2391.048887744546, "stage1": "original", "method": "full", "maintenance_ms": 6485.809102654457, "status": "pending_independent_audit"}
