Warp 1.0.0-beta.2 initialized:
   CUDA Toolkit: 12.8, Driver: 13.2
   Devices:
     "cpu"    | x86_64
     "cuda:0" | NVIDIA GeForce RTX 4080 SUPER (sm_89)
   Kernel cache: /root/.cache/warp/1.0.0-beta.2
[33;20mWARNING - Triangle area is too small (min_area=1.8676640286936e-09), may cause numerical instability (system.py:213)[0m
Module pamo_safe_project.kernels.geometry_kernels load on device 'cuda:0' took 25.77 ms
Module pamo_safe_project.kernels.energy_kernels.elastic_energy load on device 'cuda:0' took 20.56 ms
Module pamo_safe_project.kernels.energy_kernels.hinge_energy load on device 'cuda:0' took 50.98 ms
Module pamo_safe_project.kernels.energy_kernels.precision_contact_detection load on device 'cuda:0' took 29.50 ms
Module pamo_safe_project.kernels.energy_kernels.distance_energy load on device 'cuda:0' took 39.46 ms
Module pamo_safe_project.kernels.energy_kernels.preserved_collision_energy load on device 'cuda:0' took 118.89 ms
Module pamo_safe_project.kernels.utils_kernels load on device 'cuda:0' took 5.93 ms
Module tangent_plane_gpu load on device 'cuda:0' took 2.17 ms
Module locality_gpu load on device 'cuda:0' took 1.20 ms
Module pamo_safe_project.kernels.solver_kernels load on device 'cuda:0' took 4.97 ms
Module warp.utils load on device 'cuda:0' took 2.33 ms
Module pamo_safe_project.kernels.distance_kernels.grad_funcs load on device 'cuda:0' took 32.32 ms
Module pamo_safe_project.kernels.distance_kernels.hessian_funcs load on device 'cuda:0' took 141.33 ms
Module pamo_safe_project.kernels.distance_kernels.distance_kernels load on device 'cuda:0' took 196.08 ms
Module pamo_safe_project.kernels.distance_kernels.grad_funcs_struct load on device 'cuda:0' took 31.40 ms
Module pamo_safe_project.kernels.distance_kernels.distance_kernels_struct load on device 'cuda:0' took 33.19 ms
Module pamo_safe_project.kernels.energy_kernels.collision_energy load on device 'cuda:0' took 131.70 ms
Module pamo_safe_project.kernels.ccd_kernels load on device 'cuda:0' took 38.75 ms
Module pamo_safe_project.kernels.energy_kernels.lb_curvature_energy load on device 'cuda:0' took 5.48 ms
Module pamo_safe_project.kernels.energy_kernels.contact_detection load on device 'cuda:0' took 28.91 ms
Module tangent_preserved_gpu load on device 'cuda:0' took 1.98 ms
Module robust_pt_gpu load on device 'cuda:0' took 7.85 ms
Module pamo_safe_project.kernels.energy_kernels.precision_collision_energy load on device 'cuda:0' took 131.30 ms
Module pamo_safe_project.kernels.precision_ccd_kernels load on device 'cuda:0' took 37.40 ms
Module robust_pt_gradient_gpu load on device 'cuda:0' took 7.81 ms
Module pamo_safe_project.kernels.energy_kernels.precision_gradient_collision_energy load on device 'cuda:0' took 110.84 ms
Module fixed_geometry_gpu load on device 'cuda:0' took 8.70 ms
Module pamo_safe_project.kernels.preserved_ccd load on device 'cuda:0' took 45.50 ms
