# of input verts : 548
# of input faces : 1092
Stage1 :  True
Stage3 :  True
Warp 1.0.0-beta.2 initialized:
   CUDA Toolkit: 12.8, Driver: 13.2
   Devices:
     "cpu"    | x86_64
     "cuda:0" | NVIDIA GeForce RTX 4090 (sm_89)
   Kernel cache: /root/.cache/warp/1.0.0-beta.2
Target faces : 1092
SYNC_STAGE1_MS: 62.72221216931939
Time for Remeshing: 0.06272196769714355 sec
SYNC_STAGE2_MS: 410.3872012346983
Time for Simplification: 0.4103882312774658 sec
Module pamo_safe_project.kernels.geometry_kernels load on device 'cuda:0' took 80.60 ms
Module pamo_safe_project.kernels.energy_kernels.elastic_energy load on device 'cuda:0' took 10.78 ms
Module pamo_safe_project.kernels.energy_kernels.hinge_energy load on device 'cuda:0' took 26.33 ms
Module pamo_safe_project.kernels.energy_kernels.contact_detection load on device 'cuda:0' took 15.87 ms
Module pamo_safe_project.kernels.energy_kernels.distance_energy load on device 'cuda:0' took 20.68 ms
Module pamo_safe_project.kernels.energy_kernels.collision_energy load on device 'cuda:0' took 70.35 ms
Module pamo_safe_project.kernels.utils_kernels load on device 'cuda:0' took 3.10 ms
Module pamo_safe_project.kernels.solver_kernels load on device 'cuda:0' took 2.56 ms
Module warp.utils load on device 'cuda:0' took 1.33 ms
Module pamo_safe_project.kernels.distance_kernels.grad_funcs load on device 'cuda:0' took 16.55 ms
Module pamo_safe_project.kernels.distance_kernels.hessian_funcs load on device 'cuda:0' took 71.50 ms
Module pamo_safe_project.kernels.distance_kernels.distance_kernels load on device 'cuda:0' took 101.89 ms
Module pamo_safe_project.kernels.distance_kernels.grad_funcs_struct load on device 'cuda:0' took 15.62 ms
Module pamo_safe_project.kernels.distance_kernels.distance_kernels_struct load on device 'cuda:0' took 17.19 ms
Module pamo_safe_project.kernels.ccd_kernels load on device 'cuda:0' took 23.61 ms
Module pamo_safe_project.kernels.energy_kernels.lb_curvature_energy load on device 'cuda:0' took 3.23 ms
SYNC_STAGE3_MS: 858.4151361137629
Total time:  1.4498884677886963
# of output verts : 520
# of output faces : 1036
