Warp 1.0.0-beta.2 initialized:
   CUDA Toolkit: 12.8, Driver: 13.2
   Devices:
     "cpu"    | x86_64
     "cuda:0" | NVIDIA GeForce RTX 4080 SUPER (sm_89)
   Kernel cache: /root/.cache/warp/1.0.0-beta.2
[33;20mWARNING - Triangle area is too small (min_area=2.2444918493993285e-15), may cause numerical instability (system.py:213)[0m
Module pamo_safe_project.kernels.geometry_kernels load on device 'cuda:0' took 27.69 ms
Module pamo_safe_project.kernels.energy_kernels.elastic_energy load on device 'cuda:0' took 20.66 ms
Module pamo_safe_project.kernels.energy_kernels.hinge_energy load on device 'cuda:0' took 50.63 ms
Module pamo_safe_project.kernels.energy_kernels.precision_contact_detection load on device 'cuda:0' took 28.12 ms
Module pamo_safe_project.kernels.energy_kernels.distance_energy load on device 'cuda:0' took 39.43 ms
Module pamo_safe_project.kernels.energy_kernels.preserved_collision_energy load on device 'cuda:0' took 121.04 ms
Module pamo_safe_project.kernels.utils_kernels load on device 'cuda:0' took 5.93 ms
Module tangent_plane_gpu load on device 'cuda:0' took 2.16 ms
Module locality_gpu load on device 'cuda:0' took 1.24 ms
Module pamo_safe_project.kernels.solver_kernels load on device 'cuda:0' took 5.52 ms
Module warp.utils load on device 'cuda:0' took 2.35 ms
Module pamo_safe_project.kernels.distance_kernels.grad_funcs load on device 'cuda:0' took 32.22 ms
Module pamo_safe_project.kernels.distance_kernels.hessian_funcs load on device 'cuda:0' took 140.53 ms
Module pamo_safe_project.kernels.distance_kernels.distance_kernels load on device 'cuda:0' took 197.15 ms
Module pamo_safe_project.kernels.distance_kernels.grad_funcs_struct load on device 'cuda:0' took 30.31 ms
Module pamo_safe_project.kernels.distance_kernels.distance_kernels_struct load on device 'cuda:0' took 55.92 ms
Module pamo_safe_project.kernels.energy_kernels.collision_energy load on device 'cuda:0' took 219.72 ms
Module pamo_safe_project.kernels.ccd_kernels load on device 'cuda:0' took 39.45 ms
Module pamo_safe_project.kernels.energy_kernels.lb_curvature_energy load on device 'cuda:0' took 7.55 ms
Module pamo_safe_project.kernels.energy_kernels.contact_detection load on device 'cuda:0' took 29.04 ms
Module tangent_preserved_gpu load on device 'cuda:0' took 2.27 ms
Module robust_pt_gpu load on device 'cuda:0' took 7.96 ms
Module pamo_safe_project.kernels.energy_kernels.precision_collision_energy load on device 'cuda:0' took 127.78 ms
Module pamo_safe_project.kernels.precision_ccd_kernels load on device 'cuda:0' took 37.48 ms
Module robust_pt_gradient_gpu load on device 'cuda:0' took 7.84 ms
Module pamo_safe_project.kernels.energy_kernels.precision_gradient_collision_energy load on device 'cuda:0' took 109.66 ms
Module fixed_geometry_gpu load on device 'cuda:0' took 8.85 ms
Module pamo_safe_project.kernels.preserved_ccd load on device 'cuda:0' took 45.58 ms
