Stage1 :  True
Stage3 :  True
Warp 1.0.0-beta.2 initialized:
   CUDA Toolkit: 12.8, Driver: 13.2
   Devices:
     "cpu"    | x86_64
     "cuda:0" | NVIDIA GeForce RTX 4080 SUPER (sm_89)
   Kernel cache: /root/.cache/warp/1.0.0-beta.2
Target faces : 2000
Time for Remeshing: 0.1954338550567627 sec
Time for Simplification: 6.900299787521362 sec
Module pamo_safe_project.kernels.geometry_kernels load on device 'cuda:0' took 23.87 ms
Module pamo_safe_project.kernels.energy_kernels.elastic_energy load on device 'cuda:0' took 15.14 ms
Module pamo_safe_project.kernels.energy_kernels.hinge_energy load on device 'cuda:0' took 43.96 ms
Module pamo_safe_project.kernels.energy_kernels.contact_detection load on device 'cuda:0' took 34.69 ms
Module pamo_safe_project.kernels.energy_kernels.distance_energy load on device 'cuda:0' took 30.49 ms
Module pamo_safe_project.kernels.energy_kernels.collision_energy load on device 'cuda:0' took 113.08 ms
Module pamo_safe_project.kernels.utils_kernels load on device 'cuda:0' took 8.92 ms
Module pamo_safe_project.kernels.solver_kernels load on device 'cuda:0' took 8.75 ms
Module warp.utils load on device 'cuda:0' took 4.43 ms
Module pamo_safe_project.kernels.distance_kernels.grad_funcs load on device 'cuda:0' took 30.63 ms
Module pamo_safe_project.kernels.distance_kernels.hessian_funcs load on device 'cuda:0' took 116.07 ms
Module pamo_safe_project.kernels.distance_kernels.distance_kernels load on device 'cuda:0' took 166.82 ms
Module pamo_safe_project.kernels.distance_kernels.grad_funcs_struct load on device 'cuda:0' took 30.77 ms
Module pamo_safe_project.kernels.distance_kernels.distance_kernels_struct load on device 'cuda:0' took 26.29 ms
Module pamo_safe_project.kernels.ccd_kernels load on device 'cuda:0' took 37.44 ms
Module pamo_safe_project.kernels.energy_kernels.lb_curvature_energy load on device 'cuda:0' took 6.41 ms
Module locality_gpu load on device 'cuda:0' took 2.21 ms
{"pamo_run_ms": 8920.752613805234, "stage1": "original", "method": "full", "maintenance_ms": 11437.520851381123, "status": "pending_independent_audit"}
