Stage1 :  True
Stage3 :  True
Warp 1.0.0-beta.2 initialized:
   CUDA Toolkit: 12.8, Driver: 13.2
   Devices:
     "cpu"    | x86_64
     "cuda:0" | NVIDIA GeForce RTX 4090 (sm_89)
   Kernel cache: /root/.cache/warp/1.0.0-beta.2
Target faces : 5450
Time for Remeshing: 0.07461142539978027 sec
Time for Simplification: 0.4029524326324463 sec
Module pamo_safe_project.kernels.geometry_kernels load on device 'cuda:0' took 12.42 ms
Module pamo_safe_project.kernels.energy_kernels.elastic_energy load on device 'cuda:0' took 11.05 ms
Module pamo_safe_project.kernels.energy_kernels.hinge_energy load on device 'cuda:0' took 28.69 ms
Module pamo_safe_project.kernels.energy_kernels.contact_detection load on device 'cuda:0' took 17.36 ms
Module pamo_safe_project.kernels.energy_kernels.distance_energy load on device 'cuda:0' took 22.91 ms
Module pamo_safe_project.kernels.energy_kernels.collision_energy load on device 'cuda:0' took 74.67 ms
Module pamo_safe_project.kernels.utils_kernels load on device 'cuda:0' took 4.54 ms
Module pamo_safe_project.kernels.solver_kernels load on device 'cuda:0' took 3.74 ms
Module warp.utils load on device 'cuda:0' took 1.65 ms
Module pamo_safe_project.kernels.distance_kernels.grad_funcs load on device 'cuda:0' took 18.01 ms
Module pamo_safe_project.kernels.distance_kernels.hessian_funcs load on device 'cuda:0' took 77.18 ms
Module pamo_safe_project.kernels.distance_kernels.distance_kernels load on device 'cuda:0' took 120.78 ms
Module pamo_safe_project.kernels.distance_kernels.grad_funcs_struct load on device 'cuda:0' took 21.80 ms
Module pamo_safe_project.kernels.distance_kernels.distance_kernels_struct load on device 'cuda:0' took 22.02 ms
Module pamo_safe_project.kernels.ccd_kernels load on device 'cuda:0' took 26.82 ms
Module pamo_safe_project.kernels.energy_kernels.lb_curvature_energy load on device 'cuda:0' took 3.50 ms
Module locality_gpu load on device 'cuda:0' took 0.84 ms
{"pamo_run_ms": 1509.1280294582248, "stage1": "original", "method": "full", "maintenance_ms": 3192.9589500650764, "status": "pending_independent_audit"}
