Stage1 :  True
Stage3 :  True
Warp 1.0.0-beta.2 initialized:
   CUDA Toolkit: 12.8, Driver: 13.2
   Devices:
     "cpu"    | x86_64
     "cuda:0" | NVIDIA GeForce RTX 4090 (sm_89)
   Kernel cache: /root/.cache/warp/1.0.0-beta.2
Target faces : 2520
Time for Remeshing: 0.08668994903564453 sec
Time for Simplification: 0.38321971893310547 sec
Module pamo_safe_project.kernels.geometry_kernels load on device 'cuda:0' took 12.18 ms
Module pamo_safe_project.kernels.energy_kernels.elastic_energy load on device 'cuda:0' took 10.84 ms
Module pamo_safe_project.kernels.energy_kernels.hinge_energy load on device 'cuda:0' took 27.18 ms
Module pamo_safe_project.kernels.energy_kernels.contact_detection load on device 'cuda:0' took 16.10 ms
Module pamo_safe_project.kernels.energy_kernels.distance_energy load on device 'cuda:0' took 20.90 ms
Module pamo_safe_project.kernels.energy_kernels.collision_energy load on device 'cuda:0' took 69.87 ms
Module pamo_safe_project.kernels.utils_kernels load on device 'cuda:0' took 3.16 ms
Module pamo_safe_project.kernels.solver_kernels load on device 'cuda:0' took 2.62 ms
Module warp.utils load on device 'cuda:0' took 1.34 ms
Module pamo_safe_project.kernels.distance_kernels.grad_funcs load on device 'cuda:0' took 16.76 ms
Module pamo_safe_project.kernels.distance_kernels.hessian_funcs load on device 'cuda:0' took 71.94 ms
Module pamo_safe_project.kernels.distance_kernels.distance_kernels load on device 'cuda:0' took 102.40 ms
Module pamo_safe_project.kernels.distance_kernels.grad_funcs_struct load on device 'cuda:0' took 15.78 ms
Module pamo_safe_project.kernels.distance_kernels.distance_kernels_struct load on device 'cuda:0' took 17.22 ms
Module pamo_safe_project.kernels.ccd_kernels load on device 'cuda:0' took 21.43 ms
Module pamo_safe_project.kernels.energy_kernels.lb_curvature_energy load on device 'cuda:0' took 3.07 ms
Module locality_gpu load on device 'cuda:0' took 0.71 ms
{"pamo_run_ms": 1413.6203406378627, "stage1": "original", "method": "full", "maintenance_ms": 3056.694746017456, "status": "pending_independent_audit"}
