Warp 1.0.0-beta.2 initialized:
   CUDA Toolkit: 12.8, Driver: 13.2
   Devices:
     "cpu"    | x86_64
     "cuda:0" | NVIDIA GeForce RTX 4090 (sm_89)
   Kernel cache: /root/.cache/warp/1.0.0-beta.2
[33;20mWARNING - Triangle area is too small (min_area=1.744374494614505e-19), may cause numerical instability (system.py:213)[0m
Module pamo_safe_project.kernels.geometry_kernels load on device 'cuda:0' took 17.43 ms
Module pamo_safe_project.kernels.energy_kernels.elastic_energy load on device 'cuda:0' took 11.08 ms
Module pamo_safe_project.kernels.energy_kernels.hinge_energy load on device 'cuda:0' took 26.89 ms
Module pamo_safe_project.kernels.energy_kernels.contact_detection load on device 'cuda:0' took 22.08 ms
Module pamo_safe_project.kernels.energy_kernels.distance_energy load on device 'cuda:0' took 96.95 ms
Module pamo_safe_project.kernels.energy_kernels.collision_energy load on device 'cuda:0' took 76.37 ms
Module pamo_safe_project.kernels.utils_kernels load on device 'cuda:0' took 3.87 ms
Module locality_gpu load on device 'cuda:0' took 0.88 ms
Module pamo_safe_project.kernels.solver_kernels load on device 'cuda:0' took 2.89 ms
Module warp.utils load on device 'cuda:0' took 1.40 ms
Module pamo_safe_project.kernels.distance_kernels.grad_funcs load on device 'cuda:0' took 21.21 ms
Module pamo_safe_project.kernels.distance_kernels.hessian_funcs load on device 'cuda:0' took 202.63 ms
Module pamo_safe_project.kernels.distance_kernels.distance_kernels load on device 'cuda:0' took 105.05 ms
Module pamo_safe_project.kernels.distance_kernels.grad_funcs_struct load on device 'cuda:0' took 79.22 ms
Module pamo_safe_project.kernels.distance_kernels.distance_kernels_struct load on device 'cuda:0' took 18.65 ms
Module pamo_safe_project.kernels.ccd_kernels load on device 'cuda:0' took 21.76 ms
Module pamo_safe_project.kernels.energy_kernels.lb_curvature_energy load on device 'cuda:0' took 3.23 ms
Traceback (most recent call last):
  File "/root/autodl-tmp/graduation_project/constrained_20261004_正面积输入门控连续诊断_0e4664ca5521/run_constrained_worker.py", line 46, in <module>
    main()
  File "/root/autodl-tmp/graduation_project/constrained_20261004_正面积输入门控连续诊断_0e4664ca5521/run_constrained_worker.py", line 39, in main
    raise RuntimeError("非有限或退化输出")
RuntimeError: 非有限或退化输出
