
==> 三维目标几何

==> Geogram基线适配

==> 竖直磨削分层

==> 计划裁剪特征重建

==> 共同运动记录

==> 布尔局部维护边界

==> 布尔局部维护回退

==> 布尔来源清理

==> 来源约束v3冻结证据

==> 真实CT状态边界

==> 持续状态时间线

==> 解析局部重建

==> 真实骨面投影

==> 真实骨面拼接

==> 边界过渡带

==> 局部适用域

==> 研究结果映射

==> 轨迹覆盖

==> 增量缓存

==> 默认在线算法
step 1 True 25.92635114054054 0.09470902688721816
step 2 True 25.92635114054054 0.09470902688721816
step 3 True 25.92635114054054 0.09470902688721816
step 4 True 25.92635114054054 0.09470902688721816
step 5 True 25.92635114054054 0.09470902688721816
step 6 True 25.92635114054054 0.09470902688721816
step 7 True 25.92635114054054 0.09470902688721816
step 8 True 25.92635114054054 0.09470902688721816
step 9 True 25.92635114054054 0.09470902688721816
step 10 True 25.92635114054054 0.09470902688721816
step 11 True 25.92635114054054 0.09470902688721816
step 12 True 25.92635114054054 0.09470902688721816
step 13 True 25.92635114054054 0.09470902688721816
step 14 True 25.92635114054054 0.09470902688721816
step 15 True 25.92635114054054 0.09470902688721816
step 16 True 25.92635114054054 0.09470902688721816
step 1 True 25.92635114054054 0.09470902688721816
step 1 False 25.92635114054054 0.09470902688721816

完成：20/20 组通过
