Warp 1.0.0-beta.2 initialized:
   CUDA Toolkit: 12.8, Driver: 13.2
   Devices:
     "cpu"    | x86_64
     "cuda:0" | NVIDIA GeForce RTX 4080 SUPER (sm_89)
   Kernel cache: /root/.cache/warp/1.0.0-beta.2
Module pamo_safe_project.kernels.geometry_kernels load on device 'cuda:0' took 26.02 ms
Module pamo_safe_project.kernels.energy_kernels.elastic_energy load on device 'cuda:0' took 20.64 ms
Module pamo_safe_project.kernels.energy_kernels.hinge_energy load on device 'cuda:0' took 52.64 ms
Module pamo_safe_project.kernels.energy_kernels.precision_contact_detection load on device 'cuda:0' took 28.20 ms
Module pamo_safe_project.kernels.energy_kernels.distance_energy load on device 'cuda:0' took 39.46 ms
Module pamo_safe_project.kernels.energy_kernels.preserved_collision_energy load on device 'cuda:0' took 119.30 ms
Module pamo_safe_project.kernels.utils_kernels load on device 'cuda:0' took 5.98 ms
Module tangent_plane_gpu load on device 'cuda:0' took 2.14 ms
Module locality_gpu load on device 'cuda:0' took 1.19 ms
Module pamo_safe_project.kernels.solver_kernels load on device 'cuda:0' took 3.72 ms
Module warp.utils load on device 'cuda:0' took 1.74 ms
Module pamo_safe_project.kernels.distance_kernels.grad_funcs load on device 'cuda:0' took 23.34 ms
Module pamo_safe_project.kernels.distance_kernels.hessian_funcs load on device 'cuda:0' took 97.17 ms
Module pamo_safe_project.kernels.distance_kernels.distance_kernels load on device 'cuda:0' took 129.01 ms
Module pamo_safe_project.kernels.distance_kernels.grad_funcs_struct load on device 'cuda:0' took 20.85 ms
Module pamo_safe_project.kernels.distance_kernels.distance_kernels_struct load on device 'cuda:0' took 23.10 ms
Module pamo_safe_project.kernels.energy_kernels.collision_energy load on device 'cuda:0' took 95.07 ms
Module pamo_safe_project.kernels.ccd_kernels load on device 'cuda:0' took 28.93 ms
Module pamo_safe_project.kernels.energy_kernels.lb_curvature_energy load on device 'cuda:0' took 3.75 ms
Module pamo_safe_project.kernels.energy_kernels.contact_detection load on device 'cuda:0' took 20.28 ms
Module tangent_preserved_gpu load on device 'cuda:0' took 1.44 ms
Module robust_pt_gpu load on device 'cuda:0' took 5.58 ms
Module pamo_safe_project.kernels.energy_kernels.precision_collision_energy load on device 'cuda:0' took 99.22 ms
Module pamo_safe_project.kernels.precision_ccd_kernels load on device 'cuda:0' took 27.35 ms
Module robust_pt_gradient_gpu load on device 'cuda:0' took 6.35 ms
Module pamo_safe_project.kernels.energy_kernels.precision_gradient_collision_energy load on device 'cuda:0' took 82.38 ms
Module fixed_geometry_gpu load on device 'cuda:0' took 6.12 ms
Module pamo_safe_project.kernels.preserved_ccd load on device 'cuda:0' took 31.64 ms
