only got 14464/16384 samples!
# of input verts : 8
# of input faces : 12
Stage1 :  True
Stage3 :  True
Warp 1.0.0-beta.2 initialized:
   CUDA Toolkit: 12.8, Driver: 13.2
   Devices:
     "cpu"    | x86_64
     "cuda:0" | NVIDIA GeForce RTX 4090 (sm_89)
   Kernel cache: /root/.cache/warp/1.0.0-beta.2
Target faces : 12
Time for Remeshing: 0.048638105392456055 sec
Not enough edges available to be collapsed.
Time for Simplification: 0.1498274803161621 sec
Module pamo_safe_project.kernels.geometry_kernels load on device 'cuda:0' took 89.89 ms
Module pamo_safe_project.kernels.energy_kernels.elastic_energy load on device 'cuda:0' took 10.92 ms
Module pamo_safe_project.kernels.energy_kernels.hinge_energy load on device 'cuda:0' took 27.09 ms
Module pamo_safe_project.kernels.energy_kernels.contact_detection load on device 'cuda:0' took 16.21 ms
Module pamo_safe_project.kernels.energy_kernels.distance_energy load on device 'cuda:0' took 21.21 ms
Module pamo_safe_project.kernels.energy_kernels.collision_energy load on device 'cuda:0' took 72.94 ms
Module pamo_safe_project.kernels.utils_kernels load on device 'cuda:0' took 3.24 ms
Module pamo_safe_project.kernels.solver_kernels load on device 'cuda:0' took 2.73 ms
Module warp.utils load on device 'cuda:0' took 1.39 ms
Module pamo_safe_project.kernels.distance_kernels.grad_funcs load on device 'cuda:0' took 17.20 ms
Module pamo_safe_project.kernels.distance_kernels.hessian_funcs load on device 'cuda:0' took 73.07 ms
Module pamo_safe_project.kernels.distance_kernels.distance_kernels load on device 'cuda:0' took 104.60 ms
Module pamo_safe_project.kernels.distance_kernels.grad_funcs_struct load on device 'cuda:0' took 16.29 ms
Module pamo_safe_project.kernels.distance_kernels.distance_kernels_struct load on device 'cuda:0' took 17.72 ms
Module pamo_safe_project.kernels.ccd_kernels load on device 'cuda:0' took 21.86 ms
Module pamo_safe_project.kernels.energy_kernels.lb_curvature_energy load on device 'cuda:0' took 3.17 ms
Total time:  1.1006643772125244
# of output verts : 15
# of output faces : 26
