Stage1 :  True
Stage3 :  True
Warp 1.0.0-beta.2 initialized:
   CUDA Toolkit: 12.8, Driver: 13.2
   Devices:
     "cpu"    | x86_64
     "cuda:0" | NVIDIA GeForce RTX 4080 SUPER (sm_89)
   Kernel cache: /root/.cache/warp/1.0.0-beta.2
Target faces : 1220
Time for Remeshing: 0.09701681137084961 sec
Time for Simplification: 0.39194297790527344 sec
Module pamo_safe_project.kernels.geometry_kernels load on device 'cuda:0' took 22.17 ms
Module pamo_safe_project.kernels.energy_kernels.elastic_energy load on device 'cuda:0' took 20.57 ms
Module pamo_safe_project.kernels.energy_kernels.hinge_energy load on device 'cuda:0' took 51.03 ms
Module pamo_safe_project.kernels.energy_kernels.contact_detection load on device 'cuda:0' took 29.21 ms
Module pamo_safe_project.kernels.energy_kernels.distance_energy load on device 'cuda:0' took 39.73 ms
Module pamo_safe_project.kernels.energy_kernels.collision_energy load on device 'cuda:0' took 94.05 ms
Module pamo_safe_project.kernels.utils_kernels load on device 'cuda:0' took 3.95 ms
Module pamo_safe_project.kernels.solver_kernels load on device 'cuda:0' took 3.16 ms
Module warp.utils load on device 'cuda:0' took 1.58 ms
Module pamo_safe_project.kernels.distance_kernels.grad_funcs load on device 'cuda:0' took 22.97 ms
Module pamo_safe_project.kernels.distance_kernels.hessian_funcs load on device 'cuda:0' took 100.33 ms
Module pamo_safe_project.kernels.distance_kernels.distance_kernels load on device 'cuda:0' took 147.78 ms
Module pamo_safe_project.kernels.distance_kernels.grad_funcs_struct load on device 'cuda:0' took 22.99 ms
Module pamo_safe_project.kernels.distance_kernels.distance_kernels_struct load on device 'cuda:0' took 26.99 ms
Module pamo_safe_project.kernels.ccd_kernels load on device 'cuda:0' took 29.47 ms
Module pamo_safe_project.kernels.energy_kernels.lb_curvature_energy load on device 'cuda:0' took 4.50 ms
Module locality_gpu load on device 'cuda:0' took 0.93 ms
