Stage1 :  True
Stage3 :  True
Warp 1.0.0-beta.2 initialized:
   CUDA Toolkit: 12.8, Driver: 13.2
   Devices:
     "cpu"    | x86_64
     "cuda:0" | NVIDIA GeForce RTX 4090 (sm_89)
   Kernel cache: /root/.cache/warp/1.0.0-beta.2
Target faces : 1796
Time for Remeshing: 0.05921459197998047 sec
Time for Simplification: 0.23465394973754883 sec
Module pamo_safe_project.kernels.geometry_kernels load on device 'cuda:0' took 11.96 ms
Module pamo_safe_project.kernels.energy_kernels.elastic_energy load on device 'cuda:0' took 10.74 ms
Module pamo_safe_project.kernels.energy_kernels.hinge_energy load on device 'cuda:0' took 26.13 ms
Module pamo_safe_project.kernels.energy_kernels.contact_detection load on device 'cuda:0' took 15.72 ms
Module pamo_safe_project.kernels.energy_kernels.distance_energy load on device 'cuda:0' took 20.68 ms
Module pamo_safe_project.kernels.energy_kernels.collision_energy load on device 'cuda:0' took 68.80 ms
Module pamo_safe_project.kernels.utils_kernels load on device 'cuda:0' took 3.11 ms
Module pamo_safe_project.kernels.solver_kernels load on device 'cuda:0' took 2.54 ms
Module warp.utils load on device 'cuda:0' took 1.30 ms
Module pamo_safe_project.kernels.distance_kernels.grad_funcs load on device 'cuda:0' took 16.59 ms
Module pamo_safe_project.kernels.distance_kernels.hessian_funcs load on device 'cuda:0' took 71.87 ms
Module pamo_safe_project.kernels.distance_kernels.distance_kernels load on device 'cuda:0' took 100.69 ms
Module pamo_safe_project.kernels.distance_kernels.grad_funcs_struct load on device 'cuda:0' took 15.49 ms
Module pamo_safe_project.kernels.distance_kernels.distance_kernels_struct load on device 'cuda:0' took 17.29 ms
Module pamo_safe_project.kernels.ccd_kernels load on device 'cuda:0' took 21.29 ms
Module pamo_safe_project.kernels.energy_kernels.lb_curvature_energy load on device 'cuda:0' took 3.09 ms
Module locality_gpu load on device 'cuda:0' took 0.67 ms
