Warp 1.0.0-beta.2 initialized:
   CUDA Toolkit: 12.8, Driver: 13.2
   Devices:
     "cpu"    | x86_64
     "cuda:0" | NVIDIA GeForce RTX 4080 SUPER (sm_89)
   Kernel cache: /root/.cache/warp/1.0.0-beta.2
[33;20mWARNING - Triangle area is too small (min_area=2.2444918494700057e-15), may cause numerical instability (system.py:213)[0m
Module pamo_safe_project.kernels.geometry_kernels load on device 'cuda:0' took 29.43 ms
Module pamo_safe_project.kernels.energy_kernels.elastic_energy load on device 'cuda:0' took 21.49 ms
Module pamo_safe_project.kernels.energy_kernels.hinge_energy load on device 'cuda:0' took 52.83 ms
Module pamo_safe_project.kernels.energy_kernels.precision_contact_detection load on device 'cuda:0' took 44.33 ms
Module pamo_safe_project.kernels.energy_kernels.distance_energy load on device 'cuda:0' took 57.50 ms
Module pamo_safe_project.kernels.energy_kernels.preserved_collision_energy load on device 'cuda:0' took 249.48 ms
Module pamo_safe_project.kernels.utils_kernels load on device 'cuda:0' took 7.35 ms
Module tangent_plane_gpu load on device 'cuda:0' took 2.54 ms
Module locality_gpu load on device 'cuda:0' took 1.43 ms
Module pamo_safe_project.kernels.solver_kernels load on device 'cuda:0' took 5.74 ms
Module warp.utils load on device 'cuda:0' took 2.79 ms
Module pamo_safe_project.kernels.distance_kernels.grad_funcs load on device 'cuda:0' took 33.36 ms
Module pamo_safe_project.kernels.distance_kernels.hessian_funcs load on device 'cuda:0' took 143.88 ms
Module pamo_safe_project.kernels.distance_kernels.distance_kernels load on device 'cuda:0' took 203.69 ms
Module pamo_safe_project.kernels.distance_kernels.grad_funcs_struct load on device 'cuda:0' took 31.29 ms
Module pamo_safe_project.kernels.distance_kernels.distance_kernels_struct load on device 'cuda:0' took 34.97 ms
Module pamo_safe_project.kernels.energy_kernels.collision_energy load on device 'cuda:0' took 134.89 ms
Module pamo_safe_project.kernels.ccd_kernels load on device 'cuda:0' took 40.99 ms
Module pamo_safe_project.kernels.energy_kernels.lb_curvature_energy load on device 'cuda:0' took 8.75 ms
Module pamo_safe_project.kernels.energy_kernels.contact_detection load on device 'cuda:0' took 30.58 ms
Module tangent_preserved_gpu load on device 'cuda:0' took 2.59 ms
Module robust_pt_gpu load on device 'cuda:0' took 8.39 ms
Module pamo_safe_project.kernels.energy_kernels.precision_collision_energy load on device 'cuda:0' took 133.97 ms
Module pamo_safe_project.kernels.precision_ccd_kernels load on device 'cuda:0' took 40.02 ms
Module robust_pt_gradient_gpu load on device 'cuda:0' took 8.47 ms
Module pamo_safe_project.kernels.energy_kernels.precision_gradient_collision_energy load on device 'cuda:0' took 116.98 ms
Module fixed_geometry_gpu load on device 'cuda:0' took 9.55 ms
Module pamo_safe_project.kernels.preserved_ccd load on device 'cuda:0' took 52.65 ms
