Warp 1.0.0-beta.2 initialized:
   CUDA Toolkit: 12.8, Driver: 13.2
   Devices:
     "cpu"    | x86_64
     "cuda:0" | NVIDIA GeForce RTX 4080 SUPER (sm_89)
   Kernel cache: /root/.cache/warp/1.0.0-beta.2
[33;20mWARNING - Triangle area is too small (min_area=6.050470509630459e-16), may cause numerical instability (system.py:213)[0m
Module pamo_safe_project.kernels.geometry_kernels load on device 'cuda:0' took 27.69 ms
Module pamo_safe_project.kernels.energy_kernels.elastic_energy load on device 'cuda:0' took 20.53 ms
Module pamo_safe_project.kernels.energy_kernels.hinge_energy load on device 'cuda:0' took 50.53 ms
Module pamo_safe_project.kernels.energy_kernels.precision_contact_detection load on device 'cuda:0' took 28.12 ms
Module pamo_safe_project.kernels.energy_kernels.distance_energy load on device 'cuda:0' took 39.09 ms
Module pamo_safe_project.kernels.energy_kernels.preserved_collision_energy load on device 'cuda:0' took 119.82 ms
Module pamo_safe_project.kernels.utils_kernels load on device 'cuda:0' took 5.95 ms
Module tangent_plane_gpu load on device 'cuda:0' took 2.19 ms
Module locality_gpu load on device 'cuda:0' took 1.22 ms
Module pamo_safe_project.kernels.solver_kernels load on device 'cuda:0' took 4.63 ms
Module warp.utils load on device 'cuda:0' took 2.00 ms
Module pamo_safe_project.kernels.distance_kernels.grad_funcs load on device 'cuda:0' took 27.78 ms
Module pamo_safe_project.kernels.distance_kernels.hessian_funcs load on device 'cuda:0' took 110.72 ms
Module pamo_safe_project.kernels.distance_kernels.distance_kernels load on device 'cuda:0' took 143.12 ms
Module pamo_safe_project.kernels.distance_kernels.grad_funcs_struct load on device 'cuda:0' took 20.78 ms
Module pamo_safe_project.kernels.distance_kernels.distance_kernels_struct load on device 'cuda:0' took 23.46 ms
Module pamo_safe_project.kernels.energy_kernels.collision_energy load on device 'cuda:0' took 92.68 ms
Module pamo_safe_project.kernels.ccd_kernels load on device 'cuda:0' took 27.41 ms
Module pamo_safe_project.kernels.energy_kernels.lb_curvature_energy load on device 'cuda:0' took 5.19 ms
Module pamo_safe_project.kernels.energy_kernels.contact_detection load on device 'cuda:0' took 20.18 ms
Module tangent_preserved_gpu load on device 'cuda:0' took 1.57 ms
Module robust_pt_gpu load on device 'cuda:0' took 5.51 ms
Module pamo_safe_project.kernels.energy_kernels.precision_collision_energy load on device 'cuda:0' took 90.83 ms
Module pamo_safe_project.kernels.precision_ccd_kernels load on device 'cuda:0' took 26.90 ms
Module robust_pt_gradient_gpu load on device 'cuda:0' took 5.41 ms
Module pamo_safe_project.kernels.energy_kernels.precision_gradient_collision_energy load on device 'cuda:0' took 80.32 ms
Module fixed_geometry_gpu load on device 'cuda:0' took 6.50 ms
Module pamo_safe_project.kernels.preserved_ccd load on device 'cuda:0' took 32.96 ms
