Stage1 :  True
Stage3 :  True
Warp 1.0.0-beta.2 initialized:
   CUDA Toolkit: 12.8, Driver: 13.2
   Devices:
     "cpu"    | x86_64
     "cuda:0" | NVIDIA GeForce RTX 4090 (sm_89)
   Kernel cache: /root/.cache/warp/1.0.0-beta.2
Target faces : 3014
Time for Remeshing: 0.08512234687805176 sec
Time for Simplification: 0.3675682544708252 sec
Module pamo_safe_project.kernels.geometry_kernels load on device 'cuda:0' took 12.29 ms
Module pamo_safe_project.kernels.energy_kernels.elastic_energy load on device 'cuda:0' took 10.86 ms
Module pamo_safe_project.kernels.energy_kernels.hinge_energy load on device 'cuda:0' took 27.06 ms
Module pamo_safe_project.kernels.energy_kernels.contact_detection load on device 'cuda:0' took 16.31 ms
Module pamo_safe_project.kernels.energy_kernels.distance_energy load on device 'cuda:0' took 21.20 ms
Module pamo_safe_project.kernels.energy_kernels.collision_energy load on device 'cuda:0' took 71.40 ms
Module pamo_safe_project.kernels.utils_kernels load on device 'cuda:0' took 3.19 ms
Module pamo_safe_project.kernels.solver_kernels load on device 'cuda:0' took 2.66 ms
Module warp.utils load on device 'cuda:0' took 1.42 ms
Module pamo_safe_project.kernels.distance_kernels.grad_funcs load on device 'cuda:0' took 16.75 ms
Module pamo_safe_project.kernels.distance_kernels.hessian_funcs load on device 'cuda:0' took 72.26 ms
Module pamo_safe_project.kernels.distance_kernels.distance_kernels load on device 'cuda:0' took 106.04 ms
Module pamo_safe_project.kernels.distance_kernels.grad_funcs_struct load on device 'cuda:0' took 15.93 ms
Module pamo_safe_project.kernels.distance_kernels.distance_kernels_struct load on device 'cuda:0' took 17.25 ms
Module pamo_safe_project.kernels.ccd_kernels load on device 'cuda:0' took 21.79 ms
Module pamo_safe_project.kernels.energy_kernels.lb_curvature_energy load on device 'cuda:0' took 3.21 ms
Module locality_gpu load on device 'cuda:0' took 0.72 ms
{"pamo_run_ms": 1406.6080832853913, "stage1": "original", "method": "full", "maintenance_ms": 3046.082024462521, "status": "pending_independent_audit"}
