only got 14464/16384 samples!
# of input verts : 8
# of input faces : 12
Stage1 :  True
Stage3 :  True
Warp 1.0.0-beta.2 initialized:
   CUDA Toolkit: 12.8, Driver: 13.2
   Devices:
     "cpu"    | x86_64
     "cuda:0" | NVIDIA GeForce RTX 4090 (sm_89)
   Kernel cache: /root/.cache/warp/1.0.0-beta.2
Target faces : 12
Time for Remeshing: 0.04678153991699219 sec
Not enough edges available to be collapsed.
Time for Simplification: 0.15640592575073242 sec
Module pamo_safe_project.kernels.geometry_kernels load on device 'cuda:0' took 75.34 ms
Module pamo_safe_project.kernels.energy_kernels.elastic_energy load on device 'cuda:0' took 10.75 ms
Module pamo_safe_project.kernels.energy_kernels.hinge_energy load on device 'cuda:0' took 26.68 ms
Module pamo_safe_project.kernels.energy_kernels.contact_detection load on device 'cuda:0' took 15.89 ms
Module pamo_safe_project.kernels.energy_kernels.distance_energy load on device 'cuda:0' took 20.86 ms
Module pamo_safe_project.kernels.energy_kernels.collision_energy load on device 'cuda:0' took 71.00 ms
Module pamo_safe_project.kernels.utils_kernels load on device 'cuda:0' took 3.18 ms
Module pamo_safe_project.kernels.solver_kernels load on device 'cuda:0' took 2.65 ms
Module warp.utils load on device 'cuda:0' took 1.36 ms
Module pamo_safe_project.kernels.distance_kernels.grad_funcs load on device 'cuda:0' took 16.42 ms
Module pamo_safe_project.kernels.distance_kernels.hessian_funcs load on device 'cuda:0' took 71.20 ms
Module pamo_safe_project.kernels.distance_kernels.distance_kernels load on device 'cuda:0' took 100.91 ms
Module pamo_safe_project.kernels.distance_kernels.grad_funcs_struct load on device 'cuda:0' took 15.52 ms
Module pamo_safe_project.kernels.distance_kernels.distance_kernels_struct load on device 'cuda:0' took 17.20 ms
Module pamo_safe_project.kernels.ccd_kernels load on device 'cuda:0' took 21.14 ms
Module pamo_safe_project.kernels.energy_kernels.lb_curvature_energy load on device 'cuda:0' took 3.12 ms
Total time:  1.0759637355804443
# of output verts : 16
# of output faces : 28
