Stage1 :  True
Stage3 :  True
Warp 1.0.0-beta.2 initialized:
   CUDA Toolkit: 12.8, Driver: 13.2
   Devices:
     "cpu"    | x86_64
     "cuda:0" | NVIDIA GeForce RTX 4080 SUPER (sm_89)
   Kernel cache: /root/.cache/warp/1.0.0-beta.2
Target faces : 656
Time for Remeshing: 0.1087486743927002 sec
Time for Simplification: 0.2753255367279053 sec
Module pamo_safe_project.kernels.geometry_kernels load on device 'cuda:0' took 23.27 ms
Module pamo_safe_project.kernels.energy_kernels.elastic_energy load on device 'cuda:0' took 21.47 ms
Module pamo_safe_project.kernels.energy_kernels.hinge_energy load on device 'cuda:0' took 52.33 ms
Module pamo_safe_project.kernels.energy_kernels.contact_detection load on device 'cuda:0' took 31.23 ms
Module pamo_safe_project.kernels.energy_kernels.distance_energy load on device 'cuda:0' took 41.20 ms
Module pamo_safe_project.kernels.energy_kernels.collision_energy load on device 'cuda:0' took 140.27 ms
Module pamo_safe_project.kernels.utils_kernels load on device 'cuda:0' took 6.01 ms
Module pamo_safe_project.kernels.solver_kernels load on device 'cuda:0' took 4.83 ms
Module warp.utils load on device 'cuda:0' took 2.50 ms
Module pamo_safe_project.kernels.distance_kernels.grad_funcs load on device 'cuda:0' took 33.45 ms
Module pamo_safe_project.kernels.distance_kernels.hessian_funcs load on device 'cuda:0' took 143.44 ms
Module pamo_safe_project.kernels.distance_kernels.distance_kernels load on device 'cuda:0' took 203.17 ms
Module pamo_safe_project.kernels.distance_kernels.grad_funcs_struct load on device 'cuda:0' took 31.29 ms
Module pamo_safe_project.kernels.distance_kernels.distance_kernels_struct load on device 'cuda:0' took 34.02 ms
Module pamo_safe_project.kernels.ccd_kernels load on device 'cuda:0' took 41.17 ms
Module pamo_safe_project.kernels.energy_kernels.lb_curvature_energy load on device 'cuda:0' took 5.90 ms
Module locality_gpu load on device 'cuda:0' took 1.37 ms
