Warp 1.0.0-beta.2 initialized:
   CUDA Toolkit: 12.8, Driver: 13.2
   Devices:
     "cpu"    | x86_64
     "cuda:0" | NVIDIA GeForce RTX 4090 (sm_89)
   Kernel cache: /root/.cache/warp/1.0.0-beta.2
[33;20mWARNING - Triangle area is too small (min_area=6.981151282556905e-15), may cause numerical instability (system.py:213)[0m
Module pamo_safe_project.kernels.geometry_kernels load on device 'cuda:0' took 17.07 ms
Module pamo_safe_project.kernels.energy_kernels.elastic_energy load on device 'cuda:0' took 11.99 ms
Module pamo_safe_project.kernels.energy_kernels.hinge_energy load on device 'cuda:0' took 26.37 ms
Module pamo_safe_project.kernels.energy_kernels.contact_detection load on device 'cuda:0' took 15.90 ms
Module pamo_safe_project.kernels.energy_kernels.distance_energy load on device 'cuda:0' took 20.97 ms
Module pamo_safe_project.kernels.energy_kernels.collision_energy load on device 'cuda:0' took 73.40 ms
Module pamo_safe_project.kernels.utils_kernels load on device 'cuda:0' took 3.09 ms
Module tangent_plane_gpu load on device 'cuda:0' took 1.23 ms
Module locality_gpu load on device 'cuda:0' took 0.68 ms
Traceback (most recent call last):
  File "/root/autodl-tmp/graduation_project/constrained_20261004_碰撞导数保护五输入GPU对照_92e5c456eebd/run_constrained_worker.py", line 83, in <module>
    main()
  File "/root/autodl-tmp/graduation_project/constrained_20261004_碰撞导数保护五输入GPU对照_92e5c456eebd/run_constrained_worker.py", line 60, in main
    result, projection = project_on_planes(source, mesh, fixed,
                         ^^^^^^^^^^^^^^^^^^^^^^^^^^^^^^^^^^^^^^
  File "/root/autodl-tmp/graduation_project/constrained_20261004_碰撞导数保护五输入GPU对照_92e5c456eebd/tangent_plane_gpu.py", line 86, in project_on_planes
    points, faces = process(source.vertices, source.faces, mesh.vertices, mesh.faces, 5, system=system, config=config)
                    ^^^^^^^^^^^^^^^^^^^^^^^^^^^^^^^^^^^^^^^^^^^^^^^^^^^^^^^^^^^^^^^^^^^^^^^^^^^^^^^^^^^^^^^^^^^^^^^^^^
  File "/root/autodl-tmp/graduation_project/pamo_quality_20260927_015556_807159_retry3/venv/lib/python3.12/site-packages/pamo_safe_project/processing.py", line 87, in process
    system.step()
  File "/root/autodl-tmp/graduation_project/pamo_quality_20260927_015556_807159_retry3/venv/lib/python3.12/site-packages/pamo_safe_project/system.py", line 442, in step
    self.cg_solver.solve()
  File "/root/autodl-tmp/graduation_project/constrained_20261004_碰撞导数保护五输入GPU对照_92e5c456eebd/tangent_plane_gpu.py", line 38, in solve
    raise RuntimeError("切平面约束梯度非有限")
RuntimeError: 切平面约束梯度非有限
