Stage1 :  True
Stage3 :  True
Warp 1.0.0-beta.2 initialized:
   CUDA Toolkit: 12.8, Driver: 13.2
   Devices:
     "cpu"    | x86_64
     "cuda:0" | NVIDIA GeForce RTX 4090 (sm_89)
   Kernel cache: /root/.cache/warp/1.0.0-beta.2
Target faces : 1482
Time for Remeshing: 0.0762484073638916 sec
Time for Simplification: 0.23870205879211426 sec
Module pamo_safe_project.kernels.geometry_kernels load on device 'cuda:0' took 12.01 ms
Module pamo_safe_project.kernels.energy_kernels.elastic_energy load on device 'cuda:0' took 10.77 ms
Module pamo_safe_project.kernels.energy_kernels.hinge_energy load on device 'cuda:0' took 26.20 ms
Module pamo_safe_project.kernels.energy_kernels.contact_detection load on device 'cuda:0' took 15.89 ms
Module pamo_safe_project.kernels.energy_kernels.distance_energy load on device 'cuda:0' took 21.18 ms
Module pamo_safe_project.kernels.energy_kernels.collision_energy load on device 'cuda:0' took 69.84 ms
Module pamo_safe_project.kernels.utils_kernels load on device 'cuda:0' took 3.11 ms
Module pamo_safe_project.kernels.solver_kernels load on device 'cuda:0' took 2.53 ms
Module warp.utils load on device 'cuda:0' took 1.32 ms
Module pamo_safe_project.kernels.distance_kernels.grad_funcs load on device 'cuda:0' took 16.60 ms
Module pamo_safe_project.kernels.distance_kernels.hessian_funcs load on device 'cuda:0' took 71.92 ms
Module pamo_safe_project.kernels.distance_kernels.distance_kernels load on device 'cuda:0' took 102.13 ms
Module pamo_safe_project.kernels.distance_kernels.grad_funcs_struct load on device 'cuda:0' took 15.62 ms
Module pamo_safe_project.kernels.distance_kernels.distance_kernels_struct load on device 'cuda:0' took 17.96 ms
Module pamo_safe_project.kernels.ccd_kernels load on device 'cuda:0' took 21.46 ms
Module pamo_safe_project.kernels.energy_kernels.lb_curvature_energy load on device 'cuda:0' took 3.12 ms
Module locality_gpu load on device 'cuda:0' took 0.72 ms
