Stage1 :  True
Stage3 :  True
Warp 1.0.0-beta.2 initialized:
   CUDA Toolkit: 12.8, Driver: 13.2
   Devices:
     "cpu"    | x86_64
     "cuda:0" | NVIDIA GeForce RTX 4090 (sm_89)
   Kernel cache: /root/.cache/warp/1.0.0-beta.2
Target faces : 1656
Time for Remeshing: 0.20664262771606445 sec
Time for Simplification: 1.3011157512664795 sec
Module pamo_safe_project.kernels.geometry_kernels load on device 'cuda:0' took 61.71 ms
Module pamo_safe_project.kernels.energy_kernels.elastic_energy load on device 'cuda:0' took 81.84 ms
Module pamo_safe_project.kernels.energy_kernels.hinge_energy load on device 'cuda:0' took 99.83 ms
Module pamo_safe_project.kernels.energy_kernels.contact_detection load on device 'cuda:0' took 25.22 ms
Module pamo_safe_project.kernels.energy_kernels.distance_energy load on device 'cuda:0' took 96.36 ms
Module pamo_safe_project.kernels.energy_kernels.collision_energy load on device 'cuda:0' took 284.49 ms
Module pamo_safe_project.kernels.utils_kernels load on device 'cuda:0' took 5.10 ms
Module pamo_safe_project.kernels.solver_kernels load on device 'cuda:0' took 4.02 ms
Module warp.utils load on device 'cuda:0' took 1.89 ms
Module pamo_safe_project.kernels.distance_kernels.grad_funcs load on device 'cuda:0' took 87.21 ms
Module pamo_safe_project.kernels.distance_kernels.hessian_funcs load on device 'cuda:0' took 314.87 ms
Module pamo_safe_project.kernels.distance_kernels.distance_kernels load on device 'cuda:0' took 496.79 ms
Module pamo_safe_project.kernels.distance_kernels.grad_funcs_struct load on device 'cuda:0' took 93.99 ms
Module pamo_safe_project.kernels.distance_kernels.distance_kernels_struct load on device 'cuda:0' took 94.36 ms
Module pamo_safe_project.kernels.ccd_kernels load on device 'cuda:0' took 101.20 ms
Module pamo_safe_project.kernels.energy_kernels.lb_curvature_energy load on device 'cuda:0' took 4.66 ms
Module locality_gpu load on device 'cuda:0' took 0.97 ms
{"pamo_run_ms": 4804.711741395295, "stage1": "original", "method": "full", "maintenance_ms": 10516.706204973161, "status": "pending_independent_audit"}
