Stage1 :  True
Stage3 :  True
Warp 1.0.0-beta.2 initialized:
   CUDA Toolkit: 12.8, Driver: 13.2
   Devices:
     "cpu"    | x86_64
     "cuda:0" | NVIDIA GeForce RTX 4080 SUPER (sm_89)
   Kernel cache: /root/.cache/warp/1.0.0-beta.2
Target faces : 1504
Time for Remeshing: 0.08854818344116211 sec
Time for Simplification: 0.27451443672180176 sec
Module pamo_safe_project.kernels.geometry_kernels load on device 'cuda:0' took 14.97 ms
Module pamo_safe_project.kernels.energy_kernels.elastic_energy load on device 'cuda:0' took 13.74 ms
Module pamo_safe_project.kernels.energy_kernels.hinge_energy load on device 'cuda:0' took 34.58 ms
Module pamo_safe_project.kernels.energy_kernels.contact_detection load on device 'cuda:0' took 20.19 ms
Module pamo_safe_project.kernels.energy_kernels.distance_energy load on device 'cuda:0' took 28.96 ms
Module pamo_safe_project.kernels.energy_kernels.collision_energy load on device 'cuda:0' took 91.08 ms
Module pamo_safe_project.kernels.utils_kernels load on device 'cuda:0' took 4.17 ms
Module pamo_safe_project.kernels.solver_kernels load on device 'cuda:0' took 3.29 ms
Module warp.utils load on device 'cuda:0' took 1.65 ms
Module pamo_safe_project.kernels.distance_kernels.grad_funcs load on device 'cuda:0' took 22.25 ms
Module pamo_safe_project.kernels.distance_kernels.hessian_funcs load on device 'cuda:0' took 100.43 ms
Module pamo_safe_project.kernels.distance_kernels.distance_kernels load on device 'cuda:0' took 140.32 ms
Module pamo_safe_project.kernels.distance_kernels.grad_funcs_struct load on device 'cuda:0' took 21.27 ms
Module pamo_safe_project.kernels.distance_kernels.distance_kernels_struct load on device 'cuda:0' took 21.32 ms
Module pamo_safe_project.kernels.ccd_kernels load on device 'cuda:0' took 26.84 ms
Module pamo_safe_project.kernels.energy_kernels.lb_curvature_energy load on device 'cuda:0' took 3.90 ms
Module locality_gpu load on device 'cuda:0' took 0.89 ms
