o-[Process     ] Max used threads = 4
o-[I/O         ] Loading file /root/autodl-tmp/graduation_project/constrained_long_2b465c31fd46/development_long_slab_24_initial.obj...
o-[I/O         ] (FP64) nb_v:882 nb_e:0 nb_f:1760 nb_b:0 tri:1 dim:3
o-[I/O         ] Attributes on vertices: point[3]
o-[I/O         ] Loading file /root/autodl-tmp/graduation_project/constrained_long_2b465c31fd46/development_long_slab_24_e14_union.obj...
o-[I/O         ] (FP64) nb_v:1949 nb_e:0 nb_f:3920 nb_b:72 tri:1 dim:3
o-[I/O         ] Attributes on vertices: point[3]
(E)-[RadialSort] Both triangles in same reference half-plane
(E)-[RadialSort] Both triangles in same reference half-plane
(E)-[RadialSort] Both triangles in same reference half-plane
(E)-[RadialSort] Both triangles in same reference half-plane
(E)-[RadialSort] Both triangles in same reference half-plane
(E)-[RadialSort] Both triangles in same reference half-plane
(E)-[RadialSort] Both triangles in same reference half-plane
(E)-[RadialSort] Both triangles in same reference half-plane
(E)-[RadialSort] Both triangles in same reference half-plane
(E)-[RadialSort] Both triangles in same reference half-plane
(E)-[RadialSort] Both triangles in same reference half-plane
(E)-[RadialSort] Both triangles in same reference half-plane

FATAL ERROR: Did not manage to sort a bundle
FATAL ERROR: Did not manage to sort a bundle in Polyline of length 1
(if you reached this point, you may in Polyline of length  need geogramplus, contact TESSAEL)

1
(if you reached this point, you may need geogramplus, contact TESSAEL)
FATAL ERROR: Did not manage to sort a bundle in Polyline of length 1
(if you reached this point, you may need geogramplus, contact TESSAEL)
Abnormal program termination: Abnormal program termination: Abnormal program termination: function terminate() was calledfunction terminate() was called
function terminate() was called

CRITICAL: Accessing uninitialized Logger instance
