o-[Process     ] Max used threads = 4
o-[I/O         ] Loading file /tmp/geogram_native_quality_20261006_18/inputs/11_parent.obj...
o-[I/O         ] (FP64) nb_v:22028 nb_e:0 nb_f:44052 nb_b:0 tri:1 dim:3
o-[I/O         ] Attributes on vertices: point[3]
o-[I/O         ] Loading file /tmp/geogram_native_quality_20261006_18/inputs/11_tool.obj...
o-[I/O         ] (FP64) nb_v:674 nb_e:0 nb_f:1344 nb_b:0 tri:1 dim:3
o-[I/O         ] Attributes on vertices: point[3]
NATIVE_QUALITY_REGION {"group":40312,"boundary_attempt":false,"point_budget":64,"source_facets":3,"boundary_points":5,"new_points":1,"boundary_unchanged":true,"before_bad":1,"after_score_computed":true,"after_bad":0,"after_valid":true,"before_bad_area":0.0017866,"after_bad_area":0,"selected":true}
NATIVE_QUALITY_REGION {"group":41315,"boundary_attempt":false,"point_budget":64,"source_facets":2,"boundary_points":4,"new_points":0,"boundary_unchanged":true,"before_bad":1,"after_score_computed":true,"after_bad":1,"after_valid":true,"before_bad_area":0.000746336,"after_bad_area":0.000746336,"selected":false}
NATIVE_QUALITY_REGION {"group":41315,"boundary_attempt":true,"point_budget":128,"source_facets":2,"boundary_points":4,"new_points":3,"boundary_unchanged":true,"before_bad":1,"after_score_computed":true,"after_bad":0,"after_valid":true,"before_bad_area":0.000746336,"after_bad_area":0,"selected":true}
NATIVE_QUALITY_REGION {"group":41542,"boundary_attempt":false,"point_budget":64,"source_facets":2,"boundary_points":4,"new_points":0,"boundary_unchanged":true,"before_bad":1,"after_score_computed":true,"after_bad":1,"after_valid":true,"before_bad_area":0.000177157,"after_bad_area":0.000177157,"selected":false}
NATIVE_QUALITY_REGION {"group":41542,"boundary_attempt":true,"point_budget":128,"source_facets":2,"boundary_points":4,"new_points":5,"boundary_unchanged":true,"before_bad":1,"after_score_computed":true,"after_bad":0,"after_valid":true,"before_bad_area":0.000177157,"after_bad_area":0,"selected":true}
NATIVE_QUALITY_REGION {"group":41558,"boundary_attempt":false,"point_budget":64,"source_facets":2,"boundary_points":4,"new_points":0,"boundary_unchanged":true,"before_bad":1,"after_score_computed":true,"after_bad":1,"after_valid":true,"before_bad_area":0.000963233,"after_bad_area":0.000963233,"selected":false}
NATIVE_QUALITY_REGION {"group":41558,"boundary_attempt":true,"point_budget":128,"source_facets":2,"boundary_points":4,"new_points":3,"boundary_unchanged":true,"before_bad":1,"after_score_computed":true,"after_bad":0,"after_valid":true,"before_bad_area":0.000963233,"after_bad_area":0,"selected":true}
NATIVE_QUALITY_REGION {"group":41607,"boundary_attempt":false,"point_budget":64,"source_facets":2,"boundary_points":4,"new_points":0,"boundary_unchanged":true,"before_bad":1,"after_score_computed":true,"after_bad":1,"after_valid":true,"before_bad_area":0.0008441,"after_bad_area":0.0008441,"selected":false}
NATIVE_QUALITY_REGION {"group":41607,"boundary_attempt":true,"point_budget":128,"source_facets":2,"boundary_points":4,"new_points":5,"boundary_unchanged":true,"before_bad":1,"after_score_computed":true,"after_bad":0,"after_valid":true,"before_bad_area":0.0008441,"after_bad_area":0,"selected":true}
NATIVE_QUALITY_REGION {"group":41610,"boundary_attempt":false,"point_budget":64,"source_facets":2,"boundary_points":4,"new_points":0,"boundary_unchanged":true,"before_bad":1,"after_score_computed":true,"after_bad":1,"after_valid":true,"before_bad_area":0.000175416,"after_bad_area":0.000175416,"selected":false}
NATIVE_QUALITY_REGION {"group":41610,"boundary_attempt":true,"point_budget":128,"source_facets":2,"boundary_points":4,"new_points":10,"boundary_unchanged":true,"before_bad":1,"after_score_computed":true,"after_bad":0,"after_valid":true,"before_bad_area":0.000175416,"after_bad_area":0,"selected":true}
NATIVE_QUALITY_REGION {"group":41660,"boundary_attempt":false,"point_budget":64,"source_facets":2,"boundary_points":4,"new_points":1,"boundary_unchanged":true,"before_bad":1,"after_score_computed":true,"after_bad":2,"after_valid":true,"before_bad_area":0.0001437,"after_bad_area":0.000585567,"selected":false}
NATIVE_QUALITY_REGION {"group":41660,"boundary_attempt":true,"point_budget":128,"source_facets":2,"boundary_points":4,"new_points":9,"boundary_unchanged":true,"before_bad":1,"after_score_computed":true,"after_bad":0,"after_valid":true,"before_bad_area":0.0001437,"after_bad_area":0,"selected":true}
NATIVE_QUALITY_REGION {"group":41880,"boundary_attempt":false,"point_budget":64,"source_facets":4,"boundary_points":6,"new_points":2,"boundary_unchanged":true,"before_bad":2,"after_score_computed":true,"after_bad":0,"after_valid":true,"before_bad_area":0.00349826,"after_bad_area":0,"selected":true}
NATIVE_QUALITY_REGION {"group":42051,"boundary_attempt":false,"point_budget":64,"source_facets":3,"boundary_points":5,"new_points":2,"boundary_unchanged":true,"before_bad":2,"after_score_computed":true,"after_bad":0,"after_valid":true,"before_bad_area":0.00323241,"after_bad_area":0,"selected":true}
NATIVE_QUALITY_REGION {"group":42058,"boundary_attempt":false,"point_budget":64,"source_facets":3,"boundary_points":5,"new_points":1,"boundary_unchanged":true,"before_bad":1,"after_score_computed":true,"after_bad":0,"after_valid":true,"before_bad_area":0.00217535,"after_bad_area":0,"selected":true}
NATIVE_QUALITY_REGION {"group":42211,"boundary_attempt":false,"point_budget":64,"source_facets":4,"boundary_points":6,"new_points":1,"boundary_unchanged":true,"before_bad":1,"after_score_computed":true,"after_bad":0,"after_valid":true,"before_bad_area":0.000993514,"after_bad_area":0,"selected":true}
NATIVE_QUALITY_REGION {"group":42271,"boundary_attempt":false,"point_budget":64,"source_facets":3,"boundary_points":5,"new_points":0,"boundary_unchanged":true,"before_bad":1,"after_score_computed":true,"after_bad":1,"after_valid":true,"before_bad_area":0.000269585,"after_bad_area":0.000269585,"selected":false}
NATIVE_QUALITY_REGION {"group":42313,"boundary_attempt":false,"point_budget":64,"source_facets":4,"boundary_points":6,"new_points":1,"boundary_unchanged":true,"before_bad":1,"after_score_computed":true,"after_bad":2,"after_valid":true,"before_bad_area":0.000310222,"after_bad_area":0.00116482,"selected":false}
NATIVE_QUALITY_REGION {"group":42314,"boundary_attempt":false,"point_budget":64,"source_facets":4,"boundary_points":6,"new_points":1,"boundary_unchanged":true,"before_bad":1,"after_score_computed":true,"after_bad":2,"after_valid":true,"before_bad_area":2.88659e-05,"after_bad_area":0.000446398,"selected":false}
NATIVE_QUALITY_REGION {"group":42706,"boundary_attempt":false,"point_budget":64,"source_facets":2,"boundary_points":4,"new_points":0,"boundary_unchanged":true,"before_bad":1,"after_score_computed":true,"after_bad":1,"after_valid":true,"before_bad_area":0.00142008,"after_bad_area":0.00142008,"selected":false}
NATIVE_QUALITY_REGION {"group":42706,"boundary_attempt":true,"point_budget":128,"source_facets":2,"boundary_points":4,"new_points":2,"boundary_unchanged":true,"before_bad":1,"after_score_computed":true,"after_bad":0,"after_valid":true,"before_bad_area":0.00142008,"after_bad_area":0,"selected":true}
NATIVE_QUALITY_REGION {"group":42715,"boundary_attempt":false,"point_budget":64,"source_facets":2,"boundary_points":4,"new_points":1,"boundary_unchanged":true,"before_bad":1,"after_score_computed":true,"after_bad":2,"after_valid":true,"before_bad_area":9.14896e-05,"after_bad_area":0.000524879,"selected":false}
NATIVE_QUALITY_REGION {"group":42715,"boundary_attempt":true,"point_budget":128,"source_facets":2,"boundary_points":4,"new_points":12,"boundary_unchanged":true,"before_bad":1,"after_score_computed":true,"after_bad":0,"after_valid":true,"before_bad_area":9.14896e-05,"after_bad_area":0,"selected":true}
NATIVE_QUALITY_REGION {"group":42722,"boundary_attempt":false,"point_budget":64,"source_facets":2,"boundary_points":4,"new_points":0,"boundary_unchanged":true,"before_bad":1,"after_score_computed":true,"after_bad":1,"after_valid":true,"before_bad_area":0.000181568,"after_bad_area":0.000181568,"selected":false}
NATIVE_QUALITY_REGION {"group":42722,"boundary_attempt":true,"point_budget":128,"source_facets":2,"boundary_points":4,"new_points":6,"boundary_unchanged":true,"before_bad":1,"after_score_computed":true,"after_bad":0,"after_valid":true,"before_bad_area":0.000181568,"after_bad_area":0,"selected":true}
NATIVE_QUALITY_REGION {"group":42815,"boundary_attempt":false,"point_budget":64,"source_facets":2,"boundary_points":4,"new_points":0,"boundary_unchanged":true,"before_bad":1,"after_score_computed":true,"after_bad":1,"after_valid":true,"before_bad_area":7.99624e-05,"after_bad_area":7.99624e-05,"selected":false}
NATIVE_QUALITY_REGION {"group":42815,"boundary_attempt":true,"point_budget":128,"source_facets":2,"boundary_points":4,"new_points":11,"boundary_unchanged":true,"before_bad":1,"after_score_computed":true,"after_bad":0,"after_valid":true,"before_bad_area":7.99624e-05,"after_bad_area":0,"selected":true}
NATIVE_QUALITY_REGION {"group":42816,"boundary_attempt":false,"point_budget":64,"source_facets":2,"boundary_points":4,"new_points":0,"boundary_unchanged":true,"before_bad":1,"after_score_computed":true,"after_bad":1,"after_valid":true,"before_bad_area":6.4206e-05,"after_bad_area":6.4206e-05,"selected":false}
NATIVE_QUALITY_REGION {"group":42816,"boundary_attempt":true,"point_budget":128,"source_facets":2,"boundary_points":4,"new_points":11,"boundary_unchanged":true,"before_bad":1,"after_score_computed":true,"after_bad":0,"after_valid":true,"before_bad_area":6.4206e-05,"after_bad_area":0,"selected":true}
NATIVE_QUALITY_REGION {"group":42845,"boundary_attempt":false,"point_budget":64,"source_facets":2,"boundary_points":4,"new_points":0,"boundary_unchanged":true,"before_bad":1,"after_score_computed":true,"after_bad":1,"after_valid":true,"before_bad_area":0.000135506,"after_bad_area":0.000135506,"selected":false}
NATIVE_QUALITY_REGION {"group":42845,"boundary_attempt":true,"point_budget":128,"source_facets":2,"boundary_points":4,"new_points":1,"boundary_unchanged":true,"before_bad":1,"after_score_computed":true,"after_bad":0,"after_valid":true,"before_bad_area":0.000135506,"after_bad_area":0,"selected":true}
NATIVE_QUALITY_REGION {"group":42872,"boundary_attempt":false,"point_budget":64,"source_facets":2,"boundary_points":4,"new_points":0,"boundary_unchanged":true,"before_bad":1,"after_score_computed":true,"after_bad":1,"after_valid":true,"before_bad_area":0.00263312,"after_bad_area":0.00263312,"selected":false}
NATIVE_QUALITY_REGION {"group":42872,"boundary_attempt":true,"point_budget":128,"source_facets":2,"boundary_points":4,"new_points":3,"boundary_unchanged":true,"before_bad":1,"after_score_computed":true,"after_bad":0,"after_valid":true,"before_bad_area":0.00263312,"after_bad_area":0,"selected":true}
NATIVE_QUALITY_REGION {"group":42877,"boundary_attempt":false,"point_budget":64,"source_facets":2,"boundary_points":4,"new_points":0,"boundary_unchanged":true,"before_bad":1,"after_score_computed":true,"after_bad":1,"after_valid":true,"before_bad_area":0.00131237,"after_bad_area":0.00131237,"selected":false}
NATIVE_QUALITY_REGION {"group":42877,"boundary_attempt":true,"point_budget":128,"source_facets":2,"boundary_points":4,"new_points":8,"boundary_unchanged":true,"before_bad":1,"after_score_computed":true,"after_bad":0,"after_valid":true,"before_bad_area":0.00131237,"after_bad_area":0,"selected":true}
NATIVE_QUALITY_REGION {"group":42889,"boundary_attempt":false,"point_budget":64,"source_facets":3,"boundary_points":5,"new_points":0,"boundary_unchanged":true,"before_bad":2,"after_score_computed":true,"after_bad":2,"after_valid":true,"before_bad_area":0.00426318,"after_bad_area":0.00426318,"selected":false}
NATIVE_QUALITY_REGION {"group":42890,"boundary_attempt":false,"point_budget":64,"source_facets":2,"boundary_points":4,"new_points":0,"boundary_unchanged":true,"before_bad":1,"after_score_computed":true,"after_bad":1,"after_valid":true,"before_bad_area":0.00200041,"after_bad_area":0.00200041,"selected":false}
NATIVE_QUALITY_REGION {"group":42890,"boundary_attempt":true,"point_budget":128,"source_facets":2,"boundary_points":4,"new_points":7,"boundary_unchanged":true,"before_bad":1,"after_score_computed":true,"after_bad":0,"after_valid":true,"before_bad_area":0.00200041,"after_bad_area":0,"selected":true}
NATIVE_QUALITY_REGION {"group":42899,"boundary_attempt":false,"point_budget":64,"source_facets":2,"boundary_points":4,"new_points":0,"boundary_unchanged":true,"before_bad":1,"after_score_computed":true,"after_bad":1,"after_valid":true,"before_bad_area":0.00467107,"after_bad_area":0.00467107,"selected":false}
NATIVE_QUALITY_REGION {"group":42899,"boundary_attempt":true,"point_budget":128,"source_facets":2,"boundary_points":4,"new_points":1,"boundary_unchanged":true,"before_bad":1,"after_score_computed":true,"after_bad":0,"after_valid":true,"before_bad_area":0.00467107,"after_bad_area":0,"selected":true}
NATIVE_QUALITY_REGION {"group":42916,"boundary_attempt":false,"point_budget":64,"source_facets":2,"boundary_points":4,"new_points":0,"boundary_unchanged":true,"before_bad":1,"after_score_computed":true,"after_bad":1,"after_valid":true,"before_bad_area":0.00530931,"after_bad_area":0.00530931,"selected":false}
NATIVE_QUALITY_REGION {"group":42916,"boundary_attempt":true,"point_budget":128,"source_facets":2,"boundary_points":4,"new_points":1,"boundary_unchanged":true,"before_bad":1,"after_score_computed":true,"after_bad":0,"after_valid":true,"before_bad_area":0.00530931,"after_bad_area":0,"selected":true}
NATIVE_QUALITY_REGION {"group":42927,"boundary_attempt":false,"point_budget":64,"source_facets":2,"boundary_points":4,"new_points":0,"boundary_unchanged":true,"before_bad":1,"after_score_computed":true,"after_bad":1,"after_valid":true,"before_bad_area":0.00165311,"after_bad_area":0.00165311,"selected":false}
NATIVE_QUALITY_REGION {"group":42927,"boundary_attempt":true,"point_budget":128,"source_facets":2,"boundary_points":4,"new_points":2,"boundary_unchanged":true,"before_bad":1,"after_score_computed":true,"after_bad":0,"after_valid":true,"before_bad_area":0.00165311,"after_bad_area":0,"selected":true}
NATIVE_QUALITY_REGION {"group":42942,"boundary_attempt":false,"point_budget":64,"source_facets":2,"boundary_points":4,"new_points":0,"boundary_unchanged":true,"before_bad":1,"after_score_computed":true,"after_bad":1,"after_valid":true,"before_bad_area":0.0126167,"after_bad_area":0.0126167,"selected":false}
NATIVE_QUALITY_REGION {"group":42942,"boundary_attempt":true,"point_budget":128,"source_facets":2,"boundary_points":4,"new_points":3,"boundary_unchanged":true,"before_bad":1,"after_score_computed":true,"after_bad":0,"after_valid":true,"before_bad_area":0.0126167,"after_bad_area":0,"selected":true}
NATIVE_QUALITY_REGION {"group":42951,"boundary_attempt":false,"point_budget":64,"source_facets":2,"boundary_points":4,"new_points":1,"boundary_unchanged":true,"before_bad":1,"after_score_computed":true,"after_bad":2,"after_valid":true,"before_bad_area":0.00175114,"after_bad_area":0.0114886,"selected":false}
NATIVE_QUALITY_REGION {"group":42951,"boundary_attempt":true,"point_budget":128,"source_facets":2,"boundary_points":4,"new_points":6,"boundary_unchanged":true,"before_bad":1,"after_score_computed":true,"after_bad":0,"after_valid":true,"before_bad_area":0.00175114,"after_bad_area":0,"selected":true}
NATIVE_QUALITY_REGION {"group":42960,"boundary_attempt":false,"point_budget":64,"source_facets":2,"boundary_points":4,"new_points":0,"boundary_unchanged":true,"before_bad":1,"after_score_computed":true,"after_bad":1,"after_valid":true,"before_bad_area":0.00309089,"after_bad_area":0.00309089,"selected":false}
NATIVE_QUALITY_REGION {"group":42960,"boundary_attempt":true,"point_budget":128,"source_facets":2,"boundary_points":4,"new_points":3,"boundary_unchanged":true,"before_bad":1,"after_score_computed":true,"after_bad":0,"after_valid":true,"before_bad_area":0.00309089,"after_bad_area":0,"selected":true}
NATIVE_QUALITY_REGION {"group":42966,"boundary_attempt":false,"point_budget":64,"source_facets":2,"boundary_points":4,"new_points":1,"boundary_unchanged":true,"before_bad":1,"after_score_computed":true,"after_bad":0,"after_valid":true,"before_bad_area":0.003578,"after_bad_area":0,"selected":true}
NATIVE_QUALITY_REGION {"group":42973,"boundary_attempt":false,"point_budget":64,"source_facets":2,"boundary_points":4,"new_points":0,"boundary_unchanged":true,"before_bad":1,"after_score_computed":true,"after_bad":1,"after_valid":true,"before_bad_area":4.71958e-05,"after_bad_area":4.71958e-05,"selected":false}
NATIVE_QUALITY_REGION {"group":42974,"boundary_attempt":false,"point_budget":64,"source_facets":3,"boundary_points":5,"new_points":0,"boundary_unchanged":true,"before_bad":2,"after_score_computed":true,"after_bad":2,"after_valid":true,"before_bad_area":0.00122639,"after_bad_area":0.00122639,"selected":false}
NATIVE_QUALITY_REGION {"group":42975,"boundary_attempt":false,"point_budget":64,"source_facets":3,"boundary_points":5,"new_points":0,"boundary_unchanged":true,"before_bad":1,"after_score_computed":true,"after_bad":1,"after_valid":true,"before_bad_area":3.05264e-05,"after_bad_area":3.05264e-05,"selected":false}
NATIVE_QUALITY_REGION {"group":42980,"boundary_attempt":false,"point_budget":64,"source_facets":4,"boundary_points":6,"new_points":4,"boundary_unchanged":true,"before_bad":3,"after_score_computed":true,"after_bad":5,"after_valid":true,"before_bad_area":0.00138106,"after_bad_area":0.00366337,"selected":false}
NATIVE_QUALITY_REGION {"group":42984,"boundary_attempt":false,"point_budget":64,"source_facets":2,"boundary_points":4,"new_points":0,"boundary_unchanged":true,"before_bad":1,"after_score_computed":true,"after_bad":1,"after_valid":true,"before_bad_area":0.000634228,"after_bad_area":0.000634228,"selected":false}
NATIVE_QUALITY_REGION {"group":42984,"boundary_attempt":true,"point_budget":128,"source_facets":2,"boundary_points":4,"new_points":5,"boundary_unchanged":true,"before_bad":1,"after_score_computed":true,"after_bad":0,"after_valid":true,"before_bad_area":0.000634228,"after_bad_area":0,"selected":true}
NATIVE_QUALITY_REGION {"group":42988,"boundary_attempt":false,"point_budget":64,"source_facets":6,"boundary_points":8,"new_points":2,"boundary_unchanged":true,"before_bad":2,"after_score_computed":true,"after_bad":3,"after_valid":true,"before_bad_area":0.000114113,"after_bad_area":0.000121819,"selected":false}
NATIVE_QUALITY_REGION {"group":42990,"boundary_attempt":false,"point_budget":64,"source_facets":2,"boundary_points":4,"new_points":0,"boundary_unchanged":true,"before_bad":1,"after_score_computed":true,"after_bad":1,"after_valid":true,"before_bad_area":6.58501e-05,"after_bad_area":6.58501e-05,"selected":false}
NATIVE_QUALITY_REGION {"group":42990,"boundary_attempt":true,"point_budget":128,"source_facets":2,"boundary_points":4,"new_points":11,"boundary_unchanged":true,"before_bad":1,"after_score_computed":true,"after_bad":0,"after_valid":true,"before_bad_area":6.58501e-05,"after_bad_area":0,"selected":true}
NATIVE_QUALITY_REGION {"group":42994,"boundary_attempt":false,"point_budget":64,"source_facets":2,"boundary_points":4,"new_points":0,"boundary_unchanged":true,"before_bad":1,"after_score_computed":true,"after_bad":1,"after_valid":true,"before_bad_area":0.000412755,"after_bad_area":0.000412755,"selected":false}
NATIVE_QUALITY_REGION {"group":42994,"boundary_attempt":true,"point_budget":128,"source_facets":2,"boundary_points":4,"new_points":3,"boundary_unchanged":true,"before_bad":1,"after_score_computed":true,"after_bad":0,"after_valid":true,"before_bad_area":0.000412755,"after_bad_area":0,"selected":true}
NATIVE_QUALITY_REGION {"group":42996,"boundary_attempt":false,"point_budget":64,"source_facets":6,"boundary_points":8,"new_points":0,"boundary_unchanged":true,"before_bad":4,"after_score_computed":true,"after_bad":4,"after_valid":true,"before_bad_area":0.00194711,"after_bad_area":0.00194711,"selected":false}
NATIVE_QUALITY_REGION {"group":43009,"boundary_attempt":false,"point_budget":64,"source_facets":2,"boundary_points":4,"new_points":0,"boundary_unchanged":true,"before_bad":1,"after_score_computed":true,"after_bad":1,"after_valid":true,"before_bad_area":1.25558e-07,"after_bad_area":1.25558e-07,"selected":false}
NATIVE_QUALITY_REGION {"group":43009,"boundary_attempt":true,"point_budget":128,"source_facets":2,"boundary_points":4,"new_points":2,"boundary_unchanged":true,"before_bad":1,"after_score_computed":true,"after_bad":0,"after_valid":true,"before_bad_area":1.25558e-07,"after_bad_area":0,"selected":true}
NATIVE_QUALITY_REGION {"group":43011,"boundary_attempt":false,"point_budget":64,"source_facets":5,"boundary_points":7,"new_points":0,"boundary_unchanged":true,"before_bad":1,"after_score_computed":true,"after_bad":1,"after_valid":true,"before_bad_area":0.000769896,"after_bad_area":0.000769896,"selected":false}
NATIVE_QUALITY_REGION {"group":43012,"boundary_attempt":false,"point_budget":64,"source_facets":2,"boundary_points":4,"new_points":0,"boundary_unchanged":true,"before_bad":1,"after_score_computed":true,"after_bad":1,"after_valid":true,"before_bad_area":1.50618e-07,"after_bad_area":1.50618e-07,"selected":false}
NATIVE_QUALITY_REGION {"group":43012,"boundary_attempt":true,"point_budget":128,"source_facets":2,"boundary_points":4,"new_points":3,"boundary_unchanged":true,"before_bad":1,"after_score_computed":true,"after_bad":0,"after_valid":true,"before_bad_area":1.50618e-07,"after_bad_area":0,"selected":true}
NATIVE_QUALITY_REGION {"group":43015,"boundary_attempt":false,"point_budget":64,"source_facets":3,"boundary_points":5,"new_points":0,"boundary_unchanged":true,"before_bad":1,"after_score_computed":true,"after_bad":1,"after_valid":true,"before_bad_area":0.00146994,"after_bad_area":0.00146994,"selected":false}
NATIVE_QUALITY_REGION {"group":43016,"boundary_attempt":false,"point_budget":64,"source_facets":5,"boundary_points":7,"new_points":1,"boundary_unchanged":true,"before_bad":3,"after_score_computed":true,"after_bad":4,"after_valid":true,"before_bad_area":0.00110267,"after_bad_area":0.0010954,"selected":false}
NATIVE_QUALITY_REGION {"group":43017,"boundary_attempt":false,"point_budget":64,"source_facets":3,"boundary_points":5,"new_points":0,"boundary_unchanged":true,"before_bad":2,"after_score_computed":true,"after_bad":2,"after_valid":true,"before_bad_area":0.000677449,"after_bad_area":0.000677449,"selected":false}
NATIVE_QUALITY_REGION {"group":43021,"boundary_attempt":false,"point_budget":64,"source_facets":4,"boundary_points":6,"new_points":0,"boundary_unchanged":true,"before_bad":1,"after_score_computed":true,"after_bad":1,"after_valid":true,"before_bad_area":0.000279937,"after_bad_area":0.000279937,"selected":false}
NATIVE_QUALITY_REGION {"group":43025,"boundary_attempt":false,"point_budget":64,"source_facets":3,"boundary_points":5,"new_points":1,"boundary_unchanged":true,"before_bad":1,"after_score_computed":true,"after_bad":1,"after_valid":true,"before_bad_area":0.000157769,"after_bad_area":0.00084427,"selected":false}
NATIVE_QUALITY_REGION {"group":43029,"boundary_attempt":false,"point_budget":64,"source_facets":4,"boundary_points":6,"new_points":0,"boundary_unchanged":true,"before_bad":1,"after_score_computed":true,"after_bad":1,"after_valid":true,"before_bad_area":0.000245971,"after_bad_area":0.000245971,"selected":false}
NATIVE_QUALITY_REGION {"group":43035,"boundary_attempt":false,"point_budget":64,"source_facets":3,"boundary_points":5,"new_points":2,"boundary_unchanged":true,"before_bad":1,"after_score_computed":true,"after_bad":0,"after_valid":true,"before_bad_area":0.000399459,"after_bad_area":0,"selected":true}
NATIVE_QUALITY_REGION {"group":43040,"boundary_attempt":false,"point_budget":64,"source_facets":4,"boundary_points":6,"new_points":3,"boundary_unchanged":true,"before_bad":1,"after_score_computed":true,"after_bad":0,"after_valid":true,"before_bad_area":0.0001751,"after_bad_area":0,"selected":true}
NATIVE_QUALITY_REGION {"group":43042,"boundary_attempt":false,"point_budget":64,"source_facets":2,"boundary_points":4,"new_points":0,"boundary_unchanged":true,"before_bad":1,"after_score_computed":true,"after_bad":1,"after_valid":true,"before_bad_area":0.000180243,"after_bad_area":0.000180243,"selected":false}
NATIVE_QUALITY_REGION {"group":43042,"boundary_attempt":true,"point_budget":128,"source_facets":2,"boundary_points":4,"new_points":9,"boundary_unchanged":true,"before_bad":1,"after_score_computed":true,"after_bad":0,"after_valid":true,"before_bad_area":0.000180243,"after_bad_area":0,"selected":true}
NATIVE_QUALITY_REGION {"group":43047,"boundary_attempt":false,"point_budget":64,"source_facets":4,"boundary_points":6,"new_points":3,"boundary_unchanged":true,"before_bad":1,"after_score_computed":true,"after_bad":0,"after_valid":true,"before_bad_area":0.000117734,"after_bad_area":0,"selected":true}
NATIVE_QUALITY_REGION {"group":43049,"boundary_attempt":false,"point_budget":64,"source_facets":4,"boundary_points":5,"new_points":0,"boundary_unchanged":true,"before_bad":1,"after_score_computed":true,"after_bad":1,"after_valid":true,"before_bad_area":0.000105726,"after_bad_area":0.000105726,"selected":false}
NATIVE_QUALITY_REGION {"group":43050,"boundary_attempt":false,"point_budget":64,"source_facets":2,"boundary_points":4,"new_points":0,"boundary_unchanged":true,"before_bad":1,"after_score_computed":true,"after_bad":1,"after_valid":true,"before_bad_area":5.21325e-05,"after_bad_area":5.21325e-05,"selected":false}
NATIVE_QUALITY_REGION {"group":43050,"boundary_attempt":true,"point_budget":128,"source_facets":2,"boundary_points":4,"new_points":8,"boundary_unchanged":true,"before_bad":1,"after_score_computed":true,"after_bad":0,"after_valid":true,"before_bad_area":5.21325e-05,"after_bad_area":0,"selected":true}
NATIVE_QUALITY_REGION {"group":43054,"boundary_attempt":false,"point_budget":64,"source_facets":3,"boundary_points":5,"new_points":1,"boundary_unchanged":true,"before_bad":1,"after_score_computed":true,"after_bad":0,"after_valid":true,"before_bad_area":0.00131942,"after_bad_area":0,"selected":true}
NATIVE_QUALITY_REGION {"group":43059,"boundary_attempt":false,"point_budget":64,"source_facets":2,"boundary_points":4,"new_points":0,"boundary_unchanged":true,"before_bad":1,"after_score_computed":true,"after_bad":1,"after_valid":true,"before_bad_area":0.000160774,"after_bad_area":0.000160774,"selected":false}
NATIVE_QUALITY_REGION {"group":43059,"boundary_attempt":true,"point_budget":128,"source_facets":2,"boundary_points":4,"new_points":9,"boundary_unchanged":true,"before_bad":1,"after_score_computed":true,"after_bad":0,"after_valid":true,"before_bad_area":0.000160774,"after_bad_area":0,"selected":true}
NATIVE_QUALITY_REGION {"group":43074,"boundary_attempt":false,"point_budget":64,"source_facets":3,"boundary_points":5,"new_points":0,"boundary_unchanged":true,"before_bad":1,"after_score_computed":true,"after_bad":1,"after_valid":true,"before_bad_area":0.000889519,"after_bad_area":0.000889519,"selected":false}
NATIVE_QUALITY_REGION {"group":43076,"boundary_attempt":false,"point_budget":64,"source_facets":4,"boundary_points":5,"new_points":0,"boundary_unchanged":true,"before_bad":1,"after_score_computed":true,"after_bad":1,"after_valid":true,"before_bad_area":8.2006e-05,"after_bad_area":8.2006e-05,"selected":false}
NATIVE_QUALITY_REGION {"group":43188,"boundary_attempt":false,"point_budget":64,"source_facets":3,"boundary_points":5,"new_points":0,"boundary_unchanged":true,"before_bad":2,"after_score_computed":true,"after_bad":2,"after_valid":true,"before_bad_area":0.00332805,"after_bad_area":0.00332805,"selected":false}
NATIVE_QUALITY_REGION {"group":43189,"boundary_attempt":false,"point_budget":64,"source_facets":4,"boundary_points":6,"new_points":3,"boundary_unchanged":true,"before_bad":2,"after_score_computed":true,"after_bad":1,"after_valid":true,"before_bad_area":0.0114987,"after_bad_area":0.00317131,"selected":true}
NATIVE_QUALITY_REGION {"group":43191,"boundary_attempt":false,"point_budget":64,"source_facets":3,"boundary_points":5,"new_points":0,"boundary_unchanged":true,"before_bad":2,"after_score_computed":true,"after_bad":2,"after_valid":true,"before_bad_area":0.0239176,"after_bad_area":0.0239176,"selected":false}
NATIVE_QUALITY_REGION {"group":43192,"boundary_attempt":false,"point_budget":64,"source_facets":7,"boundary_points":9,"new_points":4,"boundary_unchanged":true,"before_bad":5,"after_score_computed":true,"after_bad":4,"after_valid":true,"before_bad_area":0.0083339,"after_bad_area":0.00728907,"selected":true}
NATIVE_QUALITY_REGION {"group":43195,"boundary_attempt":false,"point_budget":64,"source_facets":5,"boundary_points":7,"new_points":1,"boundary_unchanged":true,"before_bad":3,"after_score_computed":true,"after_bad":3,"after_valid":true,"before_bad_area":0.0167611,"after_bad_area":0.0172774,"selected":false}
NATIVE_QUALITY_REGION {"group":43196,"boundary_attempt":false,"point_budget":64,"source_facets":2,"boundary_points":4,"new_points":0,"boundary_unchanged":true,"before_bad":1,"after_score_computed":true,"after_bad":1,"after_valid":true,"before_bad_area":0.000297837,"after_bad_area":0.000297837,"selected":false}
NATIVE_QUALITY_REGION {"group":43196,"boundary_attempt":true,"point_budget":128,"source_facets":2,"boundary_points":4,"new_points":3,"boundary_unchanged":true,"before_bad":1,"after_score_computed":true,"after_bad":0,"after_valid":true,"before_bad_area":0.000297837,"after_bad_area":0,"selected":true}
NATIVE_QUALITY_REGION {"group":43197,"boundary_attempt":false,"point_budget":64,"source_facets":3,"boundary_points":5,"new_points":0,"boundary_unchanged":true,"before_bad":2,"after_score_computed":true,"after_bad":2,"after_valid":true,"before_bad_area":9.5181e-05,"after_bad_area":9.5181e-05,"selected":false}
NATIVE_QUALITY_REGION {"group":43198,"boundary_attempt":false,"point_budget":64,"source_facets":7,"boundary_points":8,"new_points":0,"boundary_unchanged":true,"before_bad":3,"after_score_computed":true,"after_bad":3,"after_valid":true,"before_bad_area":0.00694882,"after_bad_area":0.00694882,"selected":false}
NATIVE_QUALITY_REGION {"group":43199,"boundary_attempt":false,"point_budget":64,"source_facets":4,"boundary_points":6,"new_points":1,"boundary_unchanged":true,"before_bad":3,"after_score_computed":true,"after_bad":2,"after_valid":true,"before_bad_area":0.003296,"after_bad_area":0.00196016,"selected":true}
NATIVE_QUALITY_REGION {"group":43200,"boundary_attempt":false,"point_budget":64,"source_facets":3,"boundary_points":5,"new_points":0,"boundary_unchanged":true,"before_bad":1,"after_score_computed":true,"after_bad":1,"after_valid":true,"before_bad_area":0.00252297,"after_bad_area":0.00252297,"selected":false}
NATIVE_QUALITY_REGION {"group":43201,"boundary_attempt":false,"point_budget":64,"source_facets":5,"boundary_points":7,"new_points":0,"boundary_unchanged":true,"before_bad":3,"after_score_computed":true,"after_bad":3,"after_valid":true,"before_bad_area":0.0181104,"after_bad_area":0.0181104,"selected":false}
NATIVE_QUALITY_REGION {"group":43202,"boundary_attempt":false,"point_budget":64,"source_facets":3,"boundary_points":5,"new_points":0,"boundary_unchanged":true,"before_bad":1,"after_score_computed":true,"after_bad":1,"after_valid":true,"before_bad_area":0.00317624,"after_bad_area":0.00317624,"selected":false}
NATIVE_QUALITY_REGION {"group":43203,"boundary_attempt":false,"point_budget":64,"source_facets":9,"boundary_points":11,"new_points":4,"boundary_unchanged":true,"before_bad":6,"after_score_computed":true,"after_bad":3,"after_valid":true,"before_bad_area":0.00810814,"after_bad_area":0.00406616,"selected":true}
NATIVE_QUALITY_REGION {"group":43204,"boundary_attempt":false,"point_budget":64,"source_facets":2,"boundary_points":4,"new_points":1,"boundary_unchanged":true,"before_bad":1,"after_score_computed":true,"after_bad":0,"after_valid":true,"before_bad_area":0.0114971,"after_bad_area":0,"selected":true}
NATIVE_QUALITY_REGION {"group":43205,"boundary_attempt":false,"point_budget":64,"source_facets":7,"boundary_points":9,"new_points":0,"boundary_unchanged":true,"before_bad":4,"after_score_computed":true,"after_bad":4,"after_valid":true,"before_bad_area":0.0100595,"after_bad_area":0.0100595,"selected":false}
NATIVE_QUALITY_REGION {"group":43206,"boundary_attempt":false,"point_budget":64,"source_facets":6,"boundary_points":8,"new_points":2,"boundary_unchanged":true,"before_bad":1,"after_score_computed":true,"after_bad":0,"after_valid":true,"before_bad_area":0.00268618,"after_bad_area":0,"selected":true}
NATIVE_QUALITY_REGION {"group":43208,"boundary_attempt":false,"point_budget":64,"source_facets":3,"boundary_points":5,"new_points":1,"boundary_unchanged":true,"before_bad":2,"after_score_computed":true,"after_bad":1,"after_valid":true,"before_bad_area":0.0131781,"after_bad_area":0.00637433,"selected":true}
NATIVE_QUALITY_REGION {"group":43209,"boundary_attempt":false,"point_budget":64,"source_facets":5,"boundary_points":6,"new_points":5,"boundary_unchanged":true,"before_bad":2,"after_score_computed":true,"after_bad":0,"after_valid":true,"before_bad_area":0.00933718,"after_bad_area":0,"selected":true}
NATIVE_QUALITY_REGION {"group":43210,"boundary_attempt":false,"point_budget":64,"source_facets":5,"boundary_points":7,"new_points":1,"boundary_unchanged":true,"before_bad":1,"after_score_computed":true,"after_bad":3,"after_valid":true,"before_bad_area":0.000258084,"after_bad_area":0.00617396,"selected":false}
NATIVE_QUALITY_REGION {"group":43211,"boundary_attempt":false,"point_budget":64,"source_facets":7,"boundary_points":8,"new_points":2,"boundary_unchanged":true,"before_bad":2,"after_score_computed":true,"after_bad":2,"after_valid":true,"before_bad_area":0.00232758,"after_bad_area":0.000893975,"selected":true}
NATIVE_QUALITY_REGION {"group":43212,"boundary_attempt":false,"point_budget":64,"source_facets":5,"boundary_points":7,"new_points":1,"boundary_unchanged":true,"before_bad":3,"after_score_computed":true,"after_bad":0,"after_valid":true,"before_bad_area":0.0114314,"after_bad_area":0,"selected":true}
NATIVE_QUALITY_REGION {"group":43215,"boundary_attempt":false,"point_budget":64,"source_facets":5,"boundary_points":7,"new_points":0,"boundary_unchanged":true,"before_bad":2,"after_score_computed":true,"after_bad":2,"after_valid":true,"before_bad_area":0.00451778,"after_bad_area":0.00451778,"selected":false}
NATIVE_QUALITY_REGION {"group":43216,"boundary_attempt":false,"point_budget":64,"source_facets":4,"boundary_points":5,"new_points":0,"boundary_unchanged":true,"before_bad":1,"after_score_computed":true,"after_bad":1,"after_valid":true,"before_bad_area":0.00549203,"after_bad_area":0.00549203,"selected":false}
NATIVE_QUALITY_REGION {"group":43217,"boundary_attempt":false,"point_budget":64,"source_facets":5,"boundary_points":7,"new_points":4,"boundary_unchanged":true,"before_bad":3,"after_score_computed":true,"after_bad":3,"after_valid":true,"before_bad_area":6.95837e-05,"after_bad_area":5.27836e-05,"selected":true}
NATIVE_QUALITY_REGION {"group":43218,"boundary_attempt":false,"point_budget":64,"source_facets":5,"boundary_points":7,"new_points":4,"boundary_unchanged":true,"before_bad":2,"after_score_computed":true,"after_bad":1,"after_valid":true,"before_bad_area":0.00389526,"after_bad_area":0.00267102,"selected":true}
NATIVE_QUALITY_REGION {"group":43219,"boundary_attempt":false,"point_budget":64,"source_facets":11,"boundary_points":13,"new_points":9,"boundary_unchanged":true,"before_bad":10,"after_score_computed":true,"after_bad":7,"after_valid":true,"before_bad_area":0.0162613,"after_bad_area":0.0158654,"selected":true}
NATIVE_QUALITY_REGION {"group":43220,"boundary_attempt":false,"point_budget":64,"source_facets":4,"boundary_points":6,"new_points":1,"boundary_unchanged":true,"before_bad":1,"after_score_computed":true,"after_bad":0,"after_valid":true,"before_bad_area":0.00170234,"after_bad_area":0,"selected":true}
NATIVE_QUALITY_REGION {"group":43221,"boundary_attempt":false,"point_budget":64,"source_facets":6,"boundary_points":7,"new_points":2,"boundary_unchanged":true,"before_bad":2,"after_score_computed":true,"after_bad":3,"after_valid":true,"before_bad_area":0.000106945,"after_bad_area":0.0010297,"selected":false}
NATIVE_QUALITY_REGION {"group":43223,"boundary_attempt":false,"point_budget":64,"source_facets":11,"boundary_points":13,"new_points":11,"boundary_unchanged":true,"before_bad":9,"after_score_computed":true,"after_bad":5,"after_valid":true,"before_bad_area":0.0130243,"after_bad_area":0.00544414,"selected":true}
NATIVE_QUALITY_REGION {"group":43224,"boundary_attempt":false,"point_budget":64,"source_facets":4,"boundary_points":6,"new_points":2,"boundary_unchanged":true,"before_bad":1,"after_score_computed":true,"after_bad":0,"after_valid":true,"before_bad_area":0.000533625,"after_bad_area":0,"selected":true}
NATIVE_QUALITY_REGION {"group":43226,"boundary_attempt":false,"point_budget":64,"source_facets":12,"boundary_points":14,"new_points":8,"boundary_unchanged":true,"before_bad":10,"after_score_computed":true,"after_bad":6,"after_valid":true,"before_bad_area":0.0103291,"after_bad_area":0.00294945,"selected":true}
NATIVE_QUALITY_REGION {"group":41231,"boundary_attempt":false,"point_budget":128,"source_facets":6,"boundary_points":8,"new_points":1,"boundary_unchanged":true,"before_bad":2,"after_score_computed":true,"after_bad":0,"after_valid":true,"before_bad_area":0.0003928,"after_bad_area":0,"selected":true}
NATIVE_QUALITY_REGION {"group":42381,"boundary_attempt":false,"point_budget":128,"source_facets":6,"boundary_points":8,"new_points":3,"boundary_unchanged":true,"before_bad":2,"after_score_computed":true,"after_bad":0,"after_valid":true,"before_bad_area":0.00222522,"after_bad_area":0,"selected":true}
NATIVE_QUALITY_REGION {"group":42446,"boundary_attempt":false,"point_budget":128,"source_facets":7,"boundary_points":9,"new_points":0,"boundary_unchanged":true,"before_bad":4,"after_score_computed":true,"after_bad":4,"after_valid":true,"before_bad_area":0.00126745,"after_bad_area":0.00126745,"selected":false}
NATIVE_QUALITY_REGION {"group":42767,"boundary_attempt":false,"point_budget":128,"source_facets":6,"boundary_points":6,"new_points":1,"boundary_unchanged":true,"before_bad":1,"after_score_computed":true,"after_bad":0,"after_valid":true,"before_bad_area":0.000354403,"after_bad_area":0,"selected":true}
NATIVE_QUALITY_REGION {"group":42826,"boundary_attempt":false,"point_budget":128,"source_facets":17,"boundary_points":13,"new_points":1,"boundary_unchanged":true,"before_bad":4,"after_score_computed":true,"after_bad":3,"after_valid":true,"before_bad_area":0.00314011,"after_bad_area":0.00313113,"selected":true}
NATIVE_QUALITY_REGION {"group":43059,"boundary_attempt":false,"point_budget":128,"source_facets":5,"boundary_points":7,"new_points":2,"boundary_unchanged":true,"before_bad":1,"after_score_computed":true,"after_bad":1,"after_valid":true,"before_bad_area":0.000548903,"after_bad_area":0.000859794,"selected":false}
NATIVE_QUALITY_REGION {"group":43066,"boundary_attempt":false,"point_budget":128,"source_facets":12,"boundary_points":14,"new_points":0,"boundary_unchanged":true,"before_bad":1,"after_score_computed":true,"after_bad":1,"after_valid":true,"before_bad_area":0.000184561,"after_bad_area":0.000184561,"selected":false}
NATIVE_QUALITY_REGION {"group":43067,"boundary_attempt":false,"point_budget":128,"source_facets":10,"boundary_points":10,"new_points":3,"boundary_unchanged":true,"before_bad":1,"after_score_computed":true,"after_bad":0,"after_valid":true,"before_bad_area":0.00366645,"after_bad_area":0,"selected":true}
NATIVE_QUALITY_REGION {"group":43068,"boundary_attempt":false,"point_budget":128,"source_facets":9,"boundary_points":9,"new_points":1,"boundary_unchanged":true,"before_bad":1,"after_score_computed":true,"after_bad":0,"after_valid":true,"before_bad_area":0.000437785,"after_bad_area":0,"selected":true}
NATIVE_QUALITY_REGION {"group":43085,"boundary_attempt":false,"point_budget":128,"source_facets":7,"boundary_points":9,"new_points":0,"boundary_unchanged":true,"before_bad":3,"after_score_computed":true,"after_bad":3,"after_valid":true,"before_bad_area":0.00041928,"after_bad_area":0.00041928,"selected":false}
NATIVE_QUALITY_REGION {"group":43086,"boundary_attempt":false,"point_budget":128,"source_facets":7,"boundary_points":9,"new_points":2,"boundary_unchanged":true,"before_bad":2,"after_score_computed":true,"after_bad":3,"after_valid":true,"before_bad_area":0.000114113,"after_bad_area":0.000121819,"selected":false}
NATIVE_QUALITY_REGION {"group":43115,"boundary_attempt":false,"point_budget":128,"source_facets":13,"boundary_points":15,"new_points":0,"boundary_unchanged":true,"before_bad":3,"after_score_computed":true,"after_bad":3,"after_valid":true,"before_bad_area":8.2879e-06,"after_bad_area":8.2879e-06,"selected":false}
NATIVE_QUALITY_REGION {"group":43117,"boundary_attempt":false,"point_budget":128,"source_facets":13,"boundary_points":9,"new_points":4,"boundary_unchanged":true,"before_bad":4,"after_score_computed":true,"after_bad":2,"after_valid":true,"before_bad_area":0.000552286,"after_bad_area":0.00192755,"selected":false}
NATIVE_QUALITY_REGION {"group":43119,"boundary_attempt":false,"point_budget":128,"source_facets":9,"boundary_points":11,"new_points":0,"boundary_unchanged":true,"before_bad":5,"after_score_computed":true,"after_bad":5,"after_valid":true,"before_bad_area":0.00929085,"after_bad_area":0.00929085,"selected":false}
NATIVE_QUALITY_REGION {"group":43124,"boundary_attempt":false,"point_budget":128,"source_facets":6,"boundary_points":8,"new_points":1,"boundary_unchanged":true,"before_bad":3,"after_score_computed":true,"after_bad":2,"after_valid":true,"before_bad_area":0.00230291,"after_bad_area":0.000587212,"selected":true}
NATIVE_QUALITY_REGION {"group":43126,"boundary_attempt":false,"point_budget":128,"source_facets":20,"boundary_points":16,"new_points":1,"boundary_unchanged":true,"before_bad":2,"after_score_computed":true,"after_bad":2,"after_valid":true,"before_bad_area":0.00045725,"after_bad_area":0.00045725,"selected":false}
NATIVE_QUALITY_REGION {"group":43141,"boundary_attempt":false,"point_budget":128,"source_facets":4,"boundary_points":6,"new_points":0,"boundary_unchanged":true,"before_bad":3,"after_score_computed":true,"after_bad":3,"after_valid":true,"before_bad_area":0.0239176,"after_bad_area":0.0239176,"selected":false}
NATIVE_QUALITY_REGION {"group":43144,"boundary_attempt":false,"point_budget":128,"source_facets":7,"boundary_points":9,"new_points":2,"boundary_unchanged":true,"before_bad":5,"after_score_computed":true,"after_bad":1,"after_valid":true,"before_bad_area":0.0290368,"after_bad_area":0.00592136,"selected":true}
NATIVE_QUALITY_REGION {"group":43147,"boundary_attempt":false,"point_budget":128,"source_facets":8,"boundary_points":10,"new_points":0,"boundary_unchanged":true,"before_bad":6,"after_score_computed":true,"after_bad":6,"after_valid":true,"before_bad_area":0.00940732,"after_bad_area":0.00940732,"selected":false}
NATIVE_QUALITY_REGION {"group":43159,"boundary_attempt":false,"point_budget":128,"source_facets":8,"boundary_points":10,"new_points":3,"boundary_unchanged":true,"before_bad":4,"after_score_computed":true,"after_bad":2,"after_valid":true,"before_bad_area":0.00458119,"after_bad_area":0.000655284,"selected":true}
NATIVE_QUALITY_REGION {"group":43167,"boundary_attempt":false,"point_budget":128,"source_facets":33,"boundary_points":17,"new_points":9,"boundary_unchanged":true,"before_bad":14,"after_score_computed":true,"after_bad":5,"after_valid":true,"before_bad_area":0.0234392,"after_bad_area":0.0097092,"selected":true}
NATIVE_QUALITY_REGION {"group":43178,"boundary_attempt":false,"point_budget":128,"source_facets":6,"boundary_points":8,"new_points":1,"boundary_unchanged":true,"before_bad":3,"after_score_computed":true,"after_bad":3,"after_valid":true,"before_bad_area":0.00230231,"after_bad_area":0.00112435,"selected":true}
NATIVE_QUALITY_REGION {"group":43180,"boundary_attempt":false,"point_budget":128,"source_facets":8,"boundary_points":10,"new_points":3,"boundary_unchanged":true,"before_bad":8,"after_score_computed":true,"after_bad":2,"after_valid":true,"before_bad_area":0.0125066,"after_bad_area":0.00115455,"selected":true}
NATIVE_QUALITY_REGION {"group":43181,"boundary_attempt":false,"point_budget":128,"source_facets":3,"boundary_points":5,"new_points":0,"boundary_unchanged":true,"before_bad":1,"after_score_computed":true,"after_bad":1,"after_valid":true,"before_bad_area":0.00230032,"after_bad_area":0.00230032,"selected":false}
NATIVE_QUALITY_REGION {"group":43184,"boundary_attempt":false,"point_budget":128,"source_facets":4,"boundary_points":6,"new_points":0,"boundary_unchanged":true,"before_bad":2,"after_score_computed":true,"after_bad":2,"after_valid":true,"before_bad_area":0.00230194,"after_bad_area":0.00230194,"selected":false}
NATIVE_QUALITY_REGION {"group":43185,"boundary_attempt":false,"point_budget":128,"source_facets":6,"boundary_points":8,"new_points":0,"boundary_unchanged":true,"before_bad":4,"after_score_computed":true,"after_bad":4,"after_valid":true,"before_bad_area":0.00172134,"after_bad_area":0.00172134,"selected":false}
NATIVE_QUALITY_REGION {"group":43188,"boundary_attempt":false,"point_budget":128,"source_facets":5,"boundary_points":7,"new_points":0,"boundary_unchanged":true,"before_bad":2,"after_score_computed":true,"after_bad":2,"after_valid":true,"before_bad_area":0.000552206,"after_bad_area":0.000552206,"selected":false}
NATIVE_QUALITY_REGION {"group":43189,"boundary_attempt":false,"point_budget":128,"source_facets":5,"boundary_points":7,"new_points":0,"boundary_unchanged":true,"before_bad":1,"after_score_computed":true,"after_bad":1,"after_valid":true,"before_bad_area":0.000176241,"after_bad_area":0.000176241,"selected":false}
NATIVE_QUALITY_REGION {"group":43192,"boundary_attempt":false,"point_budget":128,"source_facets":7,"boundary_points":9,"new_points":1,"boundary_unchanged":true,"before_bad":2,"after_score_computed":true,"after_bad":1,"after_valid":true,"before_bad_area":0.000524008,"after_bad_area":0.000146149,"selected":true}
NATIVE_QUALITY_REGION {"group":43193,"boundary_attempt":false,"point_budget":128,"source_facets":3,"boundary_points":5,"new_points":0,"boundary_unchanged":true,"before_bad":1,"after_score_computed":true,"after_bad":1,"after_valid":true,"before_bad_area":0.00230764,"after_bad_area":0.00230764,"selected":false}
NATIVE_QUALITY_REGION {"group":43194,"boundary_attempt":false,"point_budget":128,"source_facets":5,"boundary_points":7,"new_points":0,"boundary_unchanged":true,"before_bad":5,"after_score_computed":true,"after_bad":5,"after_valid":true,"before_bad_area":0.000288443,"after_bad_area":0.000288443,"selected":false}
NATIVE_QUALITY_REGION {"group":43196,"boundary_attempt":false,"point_budget":128,"source_facets":4,"boundary_points":6,"new_points":0,"boundary_unchanged":true,"before_bad":3,"after_score_computed":true,"after_bad":3,"after_valid":true,"before_bad_area":0.0031799,"after_bad_area":0.0031799,"selected":false}
NATIVE_QUALITY_REGION {"group":43197,"boundary_attempt":false,"point_budget":128,"source_facets":4,"boundary_points":6,"new_points":0,"boundary_unchanged":true,"before_bad":3,"after_score_computed":true,"after_bad":3,"after_valid":true,"before_bad_area":0.00177777,"after_bad_area":0.00177777,"selected":false}
NATIVE_QUALITY_REGION {"group":43199,"boundary_attempt":false,"point_budget":128,"source_facets":3,"boundary_points":5,"new_points":0,"boundary_unchanged":true,"before_bad":2,"after_score_computed":true,"after_bad":2,"after_valid":true,"before_bad_area":0.00424745,"after_bad_area":0.00424745,"selected":false}
NATIVE_QUALITY_REGION {"group":43201,"boundary_attempt":false,"point_budget":128,"source_facets":2,"boundary_points":4,"new_points":0,"boundary_unchanged":true,"before_bad":1,"after_score_computed":true,"after_bad":1,"after_valid":true,"before_bad_area":0.00600905,"after_bad_area":0.00600905,"selected":false}
NATIVE_QUALITY_REGION {"group":43203,"boundary_attempt":false,"point_budget":128,"source_facets":2,"boundary_points":4,"new_points":0,"boundary_unchanged":true,"before_bad":2,"after_score_computed":true,"after_bad":2,"after_valid":true,"before_bad_area":0.0146124,"after_bad_area":0.0146124,"selected":false}
NATIVE_QUALITY_REGION {"group":43208,"boundary_attempt":false,"point_budget":128,"source_facets":9,"boundary_points":11,"new_points":0,"boundary_unchanged":true,"before_bad":5,"after_score_computed":true,"after_bad":5,"after_valid":true,"before_bad_area":0.00135966,"after_bad_area":0.00135966,"selected":false}
NATIVE_QUALITY_REGION {"group":43209,"boundary_attempt":false,"point_budget":128,"source_facets":2,"boundary_points":4,"new_points":0,"boundary_unchanged":true,"before_bad":1,"after_score_computed":true,"after_bad":1,"after_valid":true,"before_bad_area":0.00227884,"after_bad_area":0.00227884,"selected":false}
NATIVE_QUALITY_REGION {"group":43211,"boundary_attempt":false,"point_budget":128,"source_facets":2,"boundary_points":4,"new_points":0,"boundary_unchanged":true,"before_bad":1,"after_score_computed":true,"after_bad":1,"after_valid":true,"before_bad_area":7.25743e-05,"after_bad_area":7.25743e-05,"selected":false}
NATIVE_QUALITY_REGION {"group":43214,"boundary_attempt":false,"point_budget":128,"source_facets":4,"boundary_points":6,"new_points":0,"boundary_unchanged":true,"before_bad":2,"after_score_computed":true,"after_bad":2,"after_valid":true,"before_bad_area":0.000601718,"after_bad_area":0.000601718,"selected":false}
NATIVE_QUALITY_REGION {"group":43219,"boundary_attempt":false,"point_budget":128,"source_facets":3,"boundary_points":5,"new_points":0,"boundary_unchanged":true,"before_bad":3,"after_score_computed":true,"after_bad":3,"after_valid":true,"before_bad_area":0.0214227,"after_bad_area":0.0214227,"selected":false}
NATIVE_QUALITY_REGION {"group":43221,"boundary_attempt":false,"point_budget":128,"source_facets":4,"boundary_points":6,"new_points":0,"boundary_unchanged":true,"before_bad":2,"after_score_computed":true,"after_bad":2,"after_valid":true,"before_bad_area":0.00112616,"after_bad_area":0.00112616,"selected":false}
o-[QualityBoundary] shared_edges=0 before_bad=841 after_bad=841 before_area=337.15 after_area=337.15 accepted=1
o-[QualityBoundary] shared_edges=74 before_bad=817 after_bad=841 before_area=337.187 after_area=337.15 accepted=0
o-[FloatEdge   ] contracted_zero_length_edges=0 contracted_machine_new_edges=2 max_length=5.12647e-15
NATIVE_RESULT {"load_ms":33.136727,"boolean_ms":1243.2487619999999,"save_ms":51.670729999999999,"faces":44092,"vertices":22048,"simplify":true}
