Stage1 :  True
Stage3 :  True
Warp 1.0.0-beta.2 initialized:
   CUDA Toolkit: 12.8, Driver: 13.2
   Devices:
     "cpu"    | x86_64
     "cuda:0" | NVIDIA GeForce RTX 4090 (sm_89)
   Kernel cache: /root/.cache/warp/1.0.0-beta.2
Target faces : 3462
Time for Remeshing: 0.14608478546142578 sec
Time for Simplification: 0.2629251480102539 sec
Module pamo_safe_project.kernels.geometry_kernels load on device 'cuda:0' took 12.56 ms
Module pamo_safe_project.kernels.energy_kernels.elastic_energy load on device 'cuda:0' took 11.21 ms
Module pamo_safe_project.kernels.energy_kernels.hinge_energy load on device 'cuda:0' took 47.65 ms
Module pamo_safe_project.kernels.energy_kernels.contact_detection load on device 'cuda:0' took 89.29 ms
Module pamo_safe_project.kernels.energy_kernels.distance_energy load on device 'cuda:0' took 21.75 ms
Module pamo_safe_project.kernels.energy_kernels.collision_energy load on device 'cuda:0' took 75.72 ms
Module pamo_safe_project.kernels.utils_kernels load on device 'cuda:0' took 3.44 ms
Module pamo_safe_project.kernels.solver_kernels load on device 'cuda:0' took 2.71 ms
Module warp.utils load on device 'cuda:0' took 1.44 ms
Module pamo_safe_project.kernels.distance_kernels.grad_funcs load on device 'cuda:0' took 17.34 ms
Module pamo_safe_project.kernels.distance_kernels.hessian_funcs load on device 'cuda:0' took 137.22 ms
Module pamo_safe_project.kernels.distance_kernels.distance_kernels load on device 'cuda:0' took 168.53 ms
Module pamo_safe_project.kernels.distance_kernels.grad_funcs_struct load on device 'cuda:0' took 16.11 ms
Module pamo_safe_project.kernels.distance_kernels.distance_kernels_struct load on device 'cuda:0' took 17.62 ms
Module pamo_safe_project.kernels.ccd_kernels load on device 'cuda:0' took 21.89 ms
Module pamo_safe_project.kernels.energy_kernels.lb_curvature_energy load on device 'cuda:0' took 3.21 ms
Module locality_gpu load on device 'cuda:0' took 0.73 ms
