Warp 1.0.0-beta.2 initialized:
   CUDA Toolkit: 12.8, Driver: 13.2
   Devices:
     "cpu"    | x86_64
     "cuda:0" | NVIDIA GeForce RTX 4080 SUPER (sm_89)
   Kernel cache: /root/.cache/warp/1.0.0-beta.2
[33;20mWARNING - Triangle area is too small (min_area=7.843055484007216e-15), may cause numerical instability (system.py:213)[0m
Module pamo_safe_project.kernels.geometry_kernels load on device 'cuda:0' took 26.25 ms
Module pamo_safe_project.kernels.energy_kernels.elastic_energy load on device 'cuda:0' took 20.75 ms
Module pamo_safe_project.kernels.energy_kernels.hinge_energy load on device 'cuda:0' took 51.09 ms
Module pamo_safe_project.kernels.energy_kernels.precision_contact_detection load on device 'cuda:0' took 28.52 ms
Module pamo_safe_project.kernels.energy_kernels.distance_energy load on device 'cuda:0' took 40.03 ms
Module pamo_safe_project.kernels.energy_kernels.precision_gradient_collision_energy load on device 'cuda:0' took 111.79 ms
Module pamo_safe_project.kernels.utils_kernels load on device 'cuda:0' took 5.64 ms
Module tangent_plane_gpu load on device 'cuda:0' took 2.05 ms
Module locality_gpu load on device 'cuda:0' took 1.15 ms
Module pamo_safe_project.kernels.solver_kernels load on device 'cuda:0' took 5.12 ms
Module warp.utils load on device 'cuda:0' took 2.34 ms
Module pamo_safe_project.kernels.distance_kernels.grad_funcs load on device 'cuda:0' took 32.85 ms
Module pamo_safe_project.kernels.distance_kernels.hessian_funcs load on device 'cuda:0' took 240.60 ms
Module pamo_safe_project.kernels.distance_kernels.distance_kernels load on device 'cuda:0' took 198.05 ms
Module pamo_safe_project.kernels.distance_kernels.grad_funcs_struct load on device 'cuda:0' took 30.51 ms
Module pamo_safe_project.kernels.distance_kernels.distance_kernels_struct load on device 'cuda:0' took 33.51 ms
Module pamo_safe_project.kernels.energy_kernels.collision_energy load on device 'cuda:0' took 97.58 ms
Module pamo_safe_project.kernels.ccd_kernels load on device 'cuda:0' took 28.53 ms
Module pamo_safe_project.kernels.energy_kernels.lb_curvature_energy load on device 'cuda:0' took 3.87 ms
Module pamo_safe_project.kernels.energy_kernels.contact_detection load on device 'cuda:0' took 22.16 ms
Module robust_pt_gpu load on device 'cuda:0' took 6.45 ms
Module pamo_safe_project.kernels.energy_kernels.precision_collision_energy load on device 'cuda:0' took 107.38 ms
Module pamo_safe_project.kernels.precision_ccd_kernels load on device 'cuda:0' took 31.88 ms
Module robust_pt_gradient_gpu load on device 'cuda:0' took 6.60 ms
