Stage1 :  True
Stage3 :  True
Warp 1.0.0-beta.2 initialized:
   CUDA Toolkit: 12.8, Driver: 13.2
   Devices:
     "cpu"    | x86_64
     "cuda:0" | NVIDIA GeForce RTX 4090 (sm_89)
   Kernel cache: /root/.cache/warp/1.0.0-beta.2
Target faces : 4204
Time for Remeshing: 0.19799137115478516 sec
Time for Simplification: 0.2149045467376709 sec
Module pamo_safe_project.kernels.geometry_kernels load on device 'cuda:0' took 12.30 ms
Module pamo_safe_project.kernels.energy_kernels.elastic_energy load on device 'cuda:0' took 10.95 ms
Module pamo_safe_project.kernels.energy_kernels.hinge_energy load on device 'cuda:0' took 93.72 ms
Module pamo_safe_project.kernels.energy_kernels.contact_detection load on device 'cuda:0' took 16.34 ms
Module pamo_safe_project.kernels.energy_kernels.distance_energy load on device 'cuda:0' took 99.27 ms
Module pamo_safe_project.kernels.energy_kernels.collision_energy load on device 'cuda:0' took 294.81 ms
Module pamo_safe_project.kernels.utils_kernels load on device 'cuda:0' took 5.32 ms
Module pamo_safe_project.kernels.solver_kernels load on device 'cuda:0' took 4.27 ms
Module warp.utils load on device 'cuda:0' took 69.12 ms
Module pamo_safe_project.kernels.distance_kernels.grad_funcs load on device 'cuda:0' took 30.64 ms
Module pamo_safe_project.kernels.distance_kernels.hessian_funcs load on device 'cuda:0' took 389.83 ms
Module pamo_safe_project.kernels.distance_kernels.distance_kernels load on device 'cuda:0' took 398.68 ms
Module pamo_safe_project.kernels.distance_kernels.grad_funcs_struct load on device 'cuda:0' took 85.27 ms
Module pamo_safe_project.kernels.distance_kernels.distance_kernels_struct load on device 'cuda:0' took 27.89 ms
Module pamo_safe_project.kernels.ccd_kernels load on device 'cuda:0' took 168.33 ms
Module pamo_safe_project.kernels.energy_kernels.lb_curvature_energy load on device 'cuda:0' took 4.69 ms
Module locality_gpu load on device 'cuda:0' took 0.96 ms
