Stage1 :  True
Stage3 :  True
{"original_config_sha256": "df1eb24db57394c32e31f6d67a58cd7ef6c25febc11aff39c5e9503ee82d6390", "max_blocks": 67108864}
Warp 1.0.0-beta.2 initialized:
   CUDA Toolkit: 12.8, Driver: 13.2
   Devices:
     "cpu"    | x86_64
     "cuda:0" | NVIDIA GeForce RTX 4080 SUPER (sm_89)
   Kernel cache: /root/.cache/warp/1.0.0-beta.2
Target faces : 26524
Time for Remeshing: 1.950655460357666 sec
Time for Simplification: 16.714722394943237 sec
Module pamo_safe_project.kernels.geometry_kernels load on device 'cuda:0' took 18.04 ms
Module pamo_safe_project.kernels.energy_kernels.elastic_energy load on device 'cuda:0' took 16.82 ms
Module pamo_safe_project.kernels.energy_kernels.hinge_energy load on device 'cuda:0' took 42.26 ms
Module pamo_safe_project.kernels.energy_kernels.contact_detection load on device 'cuda:0' took 23.85 ms
Module pamo_safe_project.kernels.energy_kernels.distance_energy load on device 'cuda:0' took 32.17 ms
Module pamo_safe_project.kernels.energy_kernels.collision_energy load on device 'cuda:0' took 106.55 ms
Module pamo_safe_project.kernels.utils_kernels load on device 'cuda:0' took 4.77 ms
Module pamo_safe_project.kernels.solver_kernels load on device 'cuda:0' took 3.94 ms
Module warp.utils load on device 'cuda:0' took 1.87 ms
Module pamo_safe_project.kernels.distance_kernels.grad_funcs load on device 'cuda:0' took 26.20 ms
Module pamo_safe_project.kernels.distance_kernels.hessian_funcs load on device 'cuda:0' took 112.99 ms
Module pamo_safe_project.kernels.distance_kernels.distance_kernels load on device 'cuda:0' took 156.10 ms
Module pamo_safe_project.kernels.distance_kernels.grad_funcs_struct load on device 'cuda:0' took 24.41 ms
Module pamo_safe_project.kernels.distance_kernels.distance_kernels_struct load on device 'cuda:0' took 26.49 ms
Module pamo_safe_project.kernels.ccd_kernels load on device 'cuda:0' took 31.88 ms
Module pamo_safe_project.kernels.energy_kernels.lb_curvature_energy load on device 'cuda:0' took 4.42 ms
Module locality_gpu load on device 'cuda:0' took 0.98 ms
{"pamo_run_ms": 22344.679730013013, "stage1": "original", "method": "full", "maintenance_ms": 22821.165644563735, "status": "pending_independent_audit"}
