Warp 1.0.0-beta.2 initialized:
   CUDA Toolkit: 12.8, Driver: 13.2
   Devices:
     "cpu"    | x86_64
     "cuda:0" | NVIDIA GeForce RTX 4080 SUPER (sm_89)
   Kernel cache: /root/.cache/warp/1.0.0-beta.2
[33;20mWARNING - Triangle area is too small (min_area=7.121693281105871e-16), may cause numerical instability (system.py:213)[0m
Module pamo_safe_project.kernels.geometry_kernels load on device 'cuda:0' took 22.58 ms
Module pamo_safe_project.kernels.energy_kernels.elastic_energy load on device 'cuda:0' took 16.72 ms
Module pamo_safe_project.kernels.energy_kernels.hinge_energy load on device 'cuda:0' took 38.82 ms
Module pamo_safe_project.kernels.energy_kernels.precision_contact_detection load on device 'cuda:0' took 21.61 ms
Module pamo_safe_project.kernels.energy_kernels.distance_energy load on device 'cuda:0' took 29.38 ms
Module pamo_safe_project.kernels.energy_kernels.preserved_collision_energy load on device 'cuda:0' took 92.62 ms
Module pamo_safe_project.kernels.utils_kernels load on device 'cuda:0' took 4.89 ms
Module tangent_plane_gpu load on device 'cuda:0' took 1.76 ms
Module locality_gpu load on device 'cuda:0' took 1.01 ms
Module pamo_safe_project.kernels.solver_kernels load on device 'cuda:0' took 5.56 ms
Module warp.utils load on device 'cuda:0' took 2.54 ms
Module pamo_safe_project.kernels.distance_kernels.grad_funcs load on device 'cuda:0' took 32.29 ms
Module pamo_safe_project.kernels.distance_kernels.hessian_funcs load on device 'cuda:0' took 143.08 ms
Module pamo_safe_project.kernels.distance_kernels.distance_kernels load on device 'cuda:0' took 199.29 ms
Module pamo_safe_project.kernels.distance_kernels.grad_funcs_struct load on device 'cuda:0' took 30.70 ms
Module pamo_safe_project.kernels.distance_kernels.distance_kernels_struct load on device 'cuda:0' took 33.28 ms
Module pamo_safe_project.kernels.energy_kernels.collision_energy load on device 'cuda:0' took 133.67 ms
Module pamo_safe_project.kernels.ccd_kernels load on device 'cuda:0' took 38.84 ms
Module pamo_safe_project.kernels.energy_kernels.lb_curvature_energy load on device 'cuda:0' took 5.41 ms
Module pamo_safe_project.kernels.energy_kernels.contact_detection load on device 'cuda:0' took 29.62 ms
Module tangent_preserved_gpu load on device 'cuda:0' took 2.04 ms
Module robust_pt_gpu load on device 'cuda:0' took 7.83 ms
Module pamo_safe_project.kernels.energy_kernels.precision_collision_energy load on device 'cuda:0' took 131.39 ms
Module pamo_safe_project.kernels.precision_ccd_kernels load on device 'cuda:0' took 37.90 ms
Module robust_pt_gradient_gpu load on device 'cuda:0' took 8.00 ms
Module pamo_safe_project.kernels.energy_kernels.precision_gradient_collision_energy load on device 'cuda:0' took 113.67 ms
Module fixed_geometry_gpu load on device 'cuda:0' took 10.10 ms
Module pamo_safe_project.kernels.preserved_ccd load on device 'cuda:0' took 45.65 ms
