Warp 1.0.0-beta.2 initialized:
   CUDA Toolkit: 12.8, Driver: 13.2
   Devices:
     "cpu"    | x86_64
     "cuda:0" | NVIDIA GeForce RTX 4080 SUPER (sm_89)
   Kernel cache: /root/.cache/warp/1.0.0-beta.2
[33;20mWARNING - Triangle area is too small (min_area=6.166549069772836e-10), may cause numerical instability (system.py:213)[0m
Module pamo_safe_project.kernels.geometry_kernels load on device 'cuda:0' took 28.12 ms
Module pamo_safe_project.kernels.energy_kernels.elastic_energy load on device 'cuda:0' took 21.43 ms
Module pamo_safe_project.kernels.energy_kernels.hinge_energy load on device 'cuda:0' took 52.39 ms
Module pamo_safe_project.kernels.energy_kernels.precision_contact_detection load on device 'cuda:0' took 31.23 ms
Module pamo_safe_project.kernels.energy_kernels.distance_energy load on device 'cuda:0' took 43.88 ms
Module pamo_safe_project.kernels.energy_kernels.precision_gradient_collision_energy load on device 'cuda:0' took 116.75 ms
Module pamo_safe_project.kernels.utils_kernels load on device 'cuda:0' took 5.63 ms
Module tangent_plane_gpu load on device 'cuda:0' took 2.09 ms
Module locality_gpu load on device 'cuda:0' took 1.21 ms
Module pamo_safe_project.kernels.solver_kernels load on device 'cuda:0' took 5.27 ms
Module warp.utils load on device 'cuda:0' took 2.52 ms
Module pamo_safe_project.kernels.distance_kernels.grad_funcs load on device 'cuda:0' took 32.71 ms
Module pamo_safe_project.kernels.distance_kernels.hessian_funcs load on device 'cuda:0' took 152.18 ms
Module pamo_safe_project.kernels.distance_kernels.distance_kernels load on device 'cuda:0' took 211.07 ms
Module pamo_safe_project.kernels.distance_kernels.grad_funcs_struct load on device 'cuda:0' took 31.62 ms
Module pamo_safe_project.kernels.distance_kernels.distance_kernels_struct load on device 'cuda:0' took 38.34 ms
Module pamo_safe_project.kernels.energy_kernels.collision_energy load on device 'cuda:0' took 166.57 ms
Module pamo_safe_project.kernels.ccd_kernels load on device 'cuda:0' took 41.02 ms
Module pamo_safe_project.kernels.energy_kernels.lb_curvature_energy load on device 'cuda:0' took 5.64 ms
Module pamo_safe_project.kernels.energy_kernels.contact_detection load on device 'cuda:0' took 33.53 ms
Module robust_pt_gpu load on device 'cuda:0' took 8.17 ms
Module pamo_safe_project.kernels.energy_kernels.precision_collision_energy load on device 'cuda:0' took 139.58 ms
Module pamo_safe_project.kernels.precision_ccd_kernels load on device 'cuda:0' took 41.03 ms
Module robust_pt_gradient_gpu load on device 'cuda:0' took 9.15 ms
