Warp 1.0.0-beta.2 initialized:
   CUDA Toolkit: 12.8, Driver: 13.2
   Devices:
     "cpu"    | x86_64
     "cuda:0" | NVIDIA GeForce RTX 4080 SUPER (sm_89)
   Kernel cache: /root/.cache/warp/1.0.0-beta.2
[33;20mWARNING - Triangle area is too small (min_area=2.6284698513859747e-09), may cause numerical instability (system.py:213)[0m
Module pamo_safe_project.kernels.geometry_kernels load on device 'cuda:0' took 25.72 ms
Module pamo_safe_project.kernels.energy_kernels.elastic_energy load on device 'cuda:0' took 20.47 ms
Module pamo_safe_project.kernels.energy_kernels.hinge_energy load on device 'cuda:0' took 50.54 ms
Module pamo_safe_project.kernels.energy_kernels.precision_contact_detection load on device 'cuda:0' took 27.92 ms
Module pamo_safe_project.kernels.energy_kernels.distance_energy load on device 'cuda:0' took 39.19 ms
Module pamo_safe_project.kernels.energy_kernels.preserved_collision_energy load on device 'cuda:0' took 119.46 ms
Module pamo_safe_project.kernels.utils_kernels load on device 'cuda:0' took 5.92 ms
Module tangent_plane_gpu load on device 'cuda:0' took 2.11 ms
Module locality_gpu load on device 'cuda:0' took 1.24 ms
Module pamo_safe_project.kernels.solver_kernels load on device 'cuda:0' took 5.01 ms
Module warp.utils load on device 'cuda:0' took 2.43 ms
Module pamo_safe_project.kernels.distance_kernels.grad_funcs load on device 'cuda:0' took 32.74 ms
Module pamo_safe_project.kernels.distance_kernels.hessian_funcs load on device 'cuda:0' took 139.13 ms
Module pamo_safe_project.kernels.distance_kernels.distance_kernels load on device 'cuda:0' took 194.86 ms
Module pamo_safe_project.kernels.distance_kernels.grad_funcs_struct load on device 'cuda:0' took 29.92 ms
Module pamo_safe_project.kernels.distance_kernels.distance_kernels_struct load on device 'cuda:0' took 33.47 ms
Module pamo_safe_project.kernels.energy_kernels.collision_energy load on device 'cuda:0' took 124.45 ms
Module pamo_safe_project.kernels.ccd_kernels load on device 'cuda:0' took 28.12 ms
Module pamo_safe_project.kernels.energy_kernels.lb_curvature_energy load on device 'cuda:0' took 3.93 ms
Module pamo_safe_project.kernels.energy_kernels.contact_detection load on device 'cuda:0' took 20.15 ms
Module tangent_preserved_gpu load on device 'cuda:0' took 1.57 ms
Module robust_pt_gpu load on device 'cuda:0' took 5.55 ms
Module pamo_safe_project.kernels.energy_kernels.precision_collision_energy load on device 'cuda:0' took 90.12 ms
Module pamo_safe_project.kernels.precision_ccd_kernels load on device 'cuda:0' took 25.90 ms
Module robust_pt_gradient_gpu load on device 'cuda:0' took 5.47 ms
Module pamo_safe_project.kernels.energy_kernels.precision_gradient_collision_energy load on device 'cuda:0' took 77.80 ms
Module fixed_geometry_gpu load on device 'cuda:0' took 6.09 ms
Module pamo_safe_project.kernels.preserved_ccd load on device 'cuda:0' took 32.55 ms
