Warp 1.0.0-beta.2 initialized:
   CUDA Toolkit: 12.8, Driver: 13.2
   Devices:
     "cpu"    | x86_64
     "cuda:0" | NVIDIA GeForce RTX 4090 (sm_89)
   Kernel cache: /root/.cache/warp/1.0.0-beta.2
Module pamo_safe_project.kernels.geometry_kernels load on device 'cuda:0' took 18.01 ms
Module pamo_safe_project.kernels.energy_kernels.elastic_energy load on device 'cuda:0' took 11.01 ms
Module pamo_safe_project.kernels.energy_kernels.hinge_energy load on device 'cuda:0' took 26.92 ms
Module pamo_safe_project.kernels.energy_kernels.contact_detection load on device 'cuda:0' took 17.40 ms
Module pamo_safe_project.kernels.energy_kernels.distance_energy load on device 'cuda:0' took 21.10 ms
Module pamo_safe_project.kernels.energy_kernels.collision_energy load on device 'cuda:0' took 71.77 ms
Module pamo_safe_project.kernels.utils_kernels load on device 'cuda:0' took 3.14 ms
Module locality_gpu load on device 'cuda:0' took 0.77 ms
Module pamo_safe_project.kernels.solver_kernels load on device 'cuda:0' took 2.68 ms
Module warp.utils load on device 'cuda:0' took 1.40 ms
Module pamo_safe_project.kernels.distance_kernels.grad_funcs load on device 'cuda:0' took 16.91 ms
Module pamo_safe_project.kernels.distance_kernels.hessian_funcs load on device 'cuda:0' took 73.60 ms
Module pamo_safe_project.kernels.distance_kernels.distance_kernels load on device 'cuda:0' took 101.57 ms
Module pamo_safe_project.kernels.distance_kernels.grad_funcs_struct load on device 'cuda:0' took 16.69 ms
Module pamo_safe_project.kernels.distance_kernels.distance_kernels_struct load on device 'cuda:0' took 17.35 ms
Module pamo_safe_project.kernels.ccd_kernels load on device 'cuda:0' took 21.47 ms
Module pamo_safe_project.kernels.energy_kernels.lb_curvature_energy load on device 'cuda:0' took 3.20 ms
{"quality_generation_ms": 27.951903641223907, "requested_edge_length_mm": 0.10017230311519328, "actual_edge_length_mm": 0.10017230311519328, "max_protected_edge_mm": 0.09910675055867686, "active_fraction": 0.20359628770301624, "input_faces": 1724, "output_faces": 1966, "fp64_restoration_max_mm": 0.0, "iterations": 3, "fixed_contract_before_projection": {"passed": false, "external_faces": 1373, "external_faces_retained": 1357, "missing_fixed_vertices": 0}, "safe_projection_ms": 906.2969628721476, "projection_fp64_restoration_max_mm": 1.2489773373544543e-07, "collision_scope": "whole_mesh_author_energy_and_ccd", "fixed_contract": {"passed": false, "external_faces": 1373, "external_faces_retained": 1325, "missing_fixed_vertices": 21}, "method": "no_boundary", "maintenance_ms": 2622.3524687811732, "status": "pending_independent_audit"}
