Warp 1.0.0-beta.2 initialized:
   CUDA Toolkit: 12.8, Driver: 13.2
   Devices:
     "cpu"    | x86_64
     "cuda:0" | NVIDIA GeForce RTX 4080 SUPER (sm_89)
   Kernel cache: /root/.cache/warp/1.0.0-beta.2
[33;20mWARNING - Triangle area is too small (min_area=3.3411284183485265e-16), may cause numerical instability (system.py:213)[0m
Module pamo_safe_project.kernels.geometry_kernels load on device 'cuda:0' took 23.05 ms
Module pamo_safe_project.kernels.energy_kernels.elastic_energy load on device 'cuda:0' took 17.96 ms
Module pamo_safe_project.kernels.energy_kernels.hinge_energy load on device 'cuda:0' took 42.81 ms
Module pamo_safe_project.kernels.energy_kernels.precision_contact_detection load on device 'cuda:0' took 23.31 ms
Module pamo_safe_project.kernels.energy_kernels.distance_energy load on device 'cuda:0' took 33.17 ms
Module pamo_safe_project.kernels.energy_kernels.preserved_collision_energy load on device 'cuda:0' took 100.92 ms
Module pamo_safe_project.kernels.utils_kernels load on device 'cuda:0' took 4.99 ms
Module tangent_plane_gpu load on device 'cuda:0' took 1.84 ms
Module locality_gpu load on device 'cuda:0' took 1.03 ms
Module pamo_safe_project.kernels.solver_kernels load on device 'cuda:0' took 4.21 ms
Module warp.utils load on device 'cuda:0' took 1.99 ms
Module pamo_safe_project.kernels.distance_kernels.grad_funcs load on device 'cuda:0' took 25.80 ms
Module pamo_safe_project.kernels.distance_kernels.hessian_funcs load on device 'cuda:0' took 118.05 ms
Module pamo_safe_project.kernels.distance_kernels.distance_kernels load on device 'cuda:0' took 157.84 ms
Module pamo_safe_project.kernels.distance_kernels.grad_funcs_struct load on device 'cuda:0' took 24.51 ms
Module pamo_safe_project.kernels.distance_kernels.distance_kernels_struct load on device 'cuda:0' took 28.82 ms
Module pamo_safe_project.kernels.energy_kernels.collision_energy load on device 'cuda:0' took 104.95 ms
Module pamo_safe_project.kernels.ccd_kernels load on device 'cuda:0' took 31.93 ms
Module pamo_safe_project.kernels.energy_kernels.lb_curvature_energy load on device 'cuda:0' took 4.14 ms
Module pamo_safe_project.kernels.energy_kernels.contact_detection load on device 'cuda:0' took 23.20 ms
Module tangent_preserved_gpu load on device 'cuda:0' took 1.66 ms
Module robust_pt_gpu load on device 'cuda:0' took 6.47 ms
Module pamo_safe_project.kernels.energy_kernels.precision_collision_energy load on device 'cuda:0' took 136.67 ms
Module pamo_safe_project.kernels.precision_ccd_kernels load on device 'cuda:0' took 41.35 ms
Module robust_pt_gradient_gpu load on device 'cuda:0' took 8.10 ms
Module pamo_safe_project.kernels.energy_kernels.precision_gradient_collision_energy load on device 'cuda:0' took 113.44 ms
Module fixed_geometry_gpu load on device 'cuda:0' took 9.07 ms
Module pamo_safe_project.kernels.preserved_ccd load on device 'cuda:0' took 46.72 ms
