o-[Process     ] Max used threads = 4
o-[I/O         ] Loading file /tmp/geogram_native_quality_20261006_14/inputs/00_parent.obj...
o-[I/O         ] (FP64) nb_v:642 nb_e:0 nb_f:1280 nb_b:0 tri:1 dim:3
o-[I/O         ] Attributes on vertices: point[3]
o-[I/O         ] Loading file /tmp/geogram_native_quality_20261006_14/inputs/00_tool.obj...
o-[I/O         ] (FP64) nb_v:162 nb_e:0 nb_f:320 nb_b:0 tri:1 dim:3
o-[I/O         ] Attributes on vertices: point[3]
o-[Intersect   ] Start...
o-[Prologue    ] | Start...
o-[Prologue    ] | Elapsed: 0s
o-[Find isects ] | Start...
o-[AABB build  ] | | Start...
o-[AABB build  ] | | Elapsed: 0s
o-[AABB box-box] | | Start...
o-[AABB box-box] | | Elapsed: 0s
o-[AABB tri-tri] | | Start...
o-[AABB tri-tri] | | Elapsed: 0.003s
o-[Find isects ] | Elapsed: 0.005s
o-[CDT         ] | Start...
o-[CDT         ] | | Intersections: 46
o-[CDT         ] | | Intersected triangles: 23
o-[CDT         ] | | Max intersections in triangle: 40
o-[CDT         ] | Elapsed: 0.004s
o-[Epilogue    ] | Start...
o-[I on v      ] | | Start...
o-[I on v      ] | | Elapsed: 0s
o-[Weiler      ] | | Start...
o-[Bundles     ] | | | Start...
o-[Weiler      ] | | | | Found 5260 bundles
o-[Bundles     ] | | | Elapsed: 0s
o-[Weiler      ] | | | Found 1 polylines
o-[Charts      ] | | | Start...
o-[Charts      ] | | | Elapsed: 0s
o-[Weiler      ] | | | Found 8 charts
o-[Radial sort ] | | | Start...
o-[Radial sort ] | | | Elapsed: 0s
o-[Radial sort ] | | | Nb radial polylines:1
o-[Radial sort ] | | | Start...
o-[Radial sort ] | | | Elapsed: 0s
o-[Regions     ] | | | Start...
o-[Weiler      ] | | | | Found 4 regions
o-[Regions     ] | | | Elapsed: 0s
o-[Weiler      ] | | Elapsed: 0.001s
o-[Epilogue    ] | Elapsed: 0.001s
o-[Intersect   ] Elapsed: 0.013s
o-[Classify    ] Start...
o-[Weiler      ] | nb operands=2
o-[Weiler      ] | Facets classified
o-[Classify    ] Elapsed: 0s
o-[Coplanar    ] Start...
o-[Coplanar    ] | Start...
o-[QualityBoundary] | | shared_edges=0 before_bad=56 after_bad=56 before_area=0.0399366 after_area=0.0399366 accepted=1
o-[Coplanar    ] | Elapsed: 0.028s
o-[QualityBoundary] | shared_edges=26 before_bad=41 after_bad=56 before_area=0.0555308 after_area=0.0399366 accepted=0
o-[Coplanar    ] Elapsed: 0.053s
NATIVE_RESULT {"load_ms":1.177341,"boolean_ms":67.286523000000003,"save_ms":3.1060379999999999,"faces":1540,"vertices":772,"simplify":true}
