o-[Process     ] Max used threads = 4
o-[I/O         ] Loading file /tmp/geogram_native_quality_20261006_14/inputs/05_parent.obj...
o-[I/O         ] (FP64) nb_v:16 nb_e:0 nb_f:24 nb_b:0 tri:1 dim:3
o-[I/O         ] Attributes on vertices: point[3]
o-[I/O         ] Loading file /tmp/geogram_native_quality_20261006_14/inputs/05_tool.obj...
o-[I/O         ] (FP64) nb_v:642 nb_e:0 nb_f:1280 nb_b:0 tri:1 dim:3
o-[I/O         ] Attributes on vertices: point[3]
o-[Intersect   ] Start...
o-[Prologue    ] | Start...
o-[Prologue    ] | Elapsed: 0.001s
o-[Find isects ] | Start...
o-[AABB build  ] | | Start...
o-[AABB build  ] | | Elapsed: 0s
o-[AABB box-box] | | Start...
o-[AABB box-box] | | Elapsed: 0s
o-[AABB tri-tri] | | Start...
o-[AABB tri-tri] | | Elapsed: 0.005s
o-[Find isects ] | Elapsed: 0.007s
o-[CDT         ] | Start...
o-[CDT         ] | | Intersections: 42
o-[CDT         ] | | Intersected triangles: 21
o-[CDT         ] | | Max intersections in triangle: 42
o-[CDT         ] | Elapsed: 0.002s
o-[Epilogue    ] | Start...
o-[I on v      ] | | Start...
o-[I on v      ] | | Elapsed: 0s
o-[Weiler      ] | | Start...
o-[Bundles     ] | | | Start...
o-[Weiler      ] | | | | Found 4332 bundles
o-[Bundles     ] | | | Elapsed: 0s
o-[Weiler      ] | | | Found 1 polylines
o-[Charts      ] | | | Start...
o-[Charts      ] | | | Elapsed: 0s
o-[Weiler      ] | | | Found 10 charts
o-[Radial sort ] | | | Start...
o-[Radial sort ] | | | Elapsed: 0s
o-[Radial sort ] | | | Nb radial polylines:1
o-[Radial sort ] | | | Start...
o-[Radial sort ] | | | Elapsed: 0s
o-[Regions     ] | | | Start...
o-[Weiler      ] | | | | Found 6 regions
o-[Regions     ] | | | Elapsed: 0s
o-[Weiler      ] | | Elapsed: 0s
o-[Epilogue    ] | Elapsed: 0.001s
o-[Intersect   ] Elapsed: 0.012s
o-[Classify    ] Start...
o-[Weiler      ] | nb operands=2
o-[Weiler      ] | Classifying 2 components using ray tracing
    >>o-[Weiler      ] |  component0
    >>o-[Weiler      ] |  component1
o-[Weiler      ] | Done.
o-[Weiler      ] | Facets classified
o-[Classify    ] Elapsed: 0s
o-[Coplanar    ] Start...
o-[Coplanar    ] Elapsed: 0.003s
NATIVE_RESULT {"load_ms":1.0080819999999999,"boolean_ms":16.482859999999999,"save_ms":0.26752799999999999,"faces":174,"vertices":91,"simplify":true}
