o-[Process     ] Max used threads = 4
o-[I/O         ] Loading file /tmp/geogram_native_quality_20261006_14/inputs/07_parent.obj...
o-[I/O         ] (FP64) nb_v:2304 nb_e:0 nb_f:4608 nb_b:0 tri:1 dim:3
o-[I/O         ] Attributes on vertices: point[3]
o-[I/O         ] Loading file /tmp/geogram_native_quality_20261006_14/inputs/07_tool.obj...
o-[I/O         ] (FP64) nb_v:642 nb_e:0 nb_f:1280 nb_b:0 tri:1 dim:3
o-[I/O         ] Attributes on vertices: point[3]
o-[Intersect   ] Start...
o-[Prologue    ] | Start...
o-[Prologue    ] | Elapsed: 0.003s
o-[Find isects ] | Start...
o-[AABB build  ] | | Start...
o-[AABB build  ] | | Elapsed: 0.002s
o-[AABB box-box] | | Start...
o-[AABB box-box] | | Elapsed: 0.006s
o-[AABB tri-tri] | | Start...
o-[AABB tri-tri] | | Elapsed: 0.03s
o-[Find isects ] | Elapsed: 0.04s
o-[CDT         ] | Start...
o-[CDT         ] | | Intersections: 44
o-[CDT         ] | | Intersected triangles: 22
o-[CDT         ] | | Max intersections in triangle: 11
o-[CDT         ] | Elapsed: 0.003s
o-[Epilogue    ] | Start...
o-[I on v      ] | | Start...
o-[I on v      ] | | Elapsed: 0.001s
o-[Weiler      ] | | Start...
o-[Bundles     ] | | | Start...
o-[Weiler      ] | | | | Found 18104 bundles
o-[Bundles     ] | | | Elapsed: 0.002s
o-[Weiler      ] | | | Found 1 polylines
o-[Charts      ] | | | Start...
o-[Charts      ] | | | Elapsed: 0s
o-[Weiler      ] | | | Found 8 charts
o-[Radial sort ] | | | Start...
o-[Radial sort ] | | | Elapsed: 0s
o-[Radial sort ] | | | Nb radial polylines:1
o-[Radial sort ] | | | Start...
o-[Radial sort ] | | | Elapsed: 0s
o-[Regions     ] | | | Start...
o-[Weiler      ] | | | | Found 4 regions
o-[Regions     ] | | | Elapsed: 0s
o-[Weiler      ] | | Elapsed: 0.003s
o-[Epilogue    ] | Elapsed: 0.005s
o-[Intersect   ] Elapsed: 0.053s
o-[Classify    ] Start...
o-[Weiler      ] | nb operands=2
o-[Weiler      ] | Facets classified
o-[Classify    ] Elapsed: 0.001s
o-[Coplanar    ] Start...
o-[QualityBoundary] | shared_edges=972 before_bad=1768 after_bad=29 before_area=0.858139 after_area=0.00403542 accepted=1
o-[Coplanar    ] Elapsed: 0.285s
NATIVE_RESULT {"load_ms":3.873462,"boolean_ms":349.66308199999997,"save_ms":46.16066,"faces":45978,"vertices":22989,"simplify":true}
