o-[Process     ] Max used threads = 4
o-[I/O         ] Loading file /tmp/geogram_native_quality_20261006_14/inputs/09_parent.obj...
o-[I/O         ] (FP64) nb_v:22429 nb_e:0 nb_f:44694 nb_b:0 tri:1 dim:3
o-[I/O         ] Attributes on vertices: point[3]
o-[I/O         ] Loading file /tmp/geogram_native_quality_20261006_14/inputs/09_tool.obj...
o-[I/O         ] (FP64) nb_v:674 nb_e:0 nb_f:1344 nb_b:0 tri:1 dim:3
o-[I/O         ] Attributes on vertices: point[3]
o-[Intersect   ] Start...
o-[Prologue    ] | Start...
o-[Prologue    ] | Elapsed: 0.026s
o-[Find isects ] | Start...
o-[AABB build  ] | | Start...
o-[AABB build  ] | | Elapsed: 0.021s
o-[AABB box-box] | | Start...
o-[AABB box-box] | | Elapsed: 0.022s
o-[AABB tri-tri] | | Start...
o-[AABB tri-tri] | | Elapsed: 0.22s
o-[Find isects ] | Elapsed: 0.297s
o-[CDT         ] | Start...
o-[CDT         ] | | Intersections: 272
o-[CDT         ] | | Intersected triangles: 136
o-[CDT         ] | | Max intersections in triangle: 7
o-[CDT         ] | Elapsed: 0.157s
o-[Epilogue    ] | Start...
o-[I on v      ] | | Start...
o-[I on v      ] | | Elapsed: 0.058s
o-[Weiler      ] | | Start...
o-[Bundles     ] | | | Start...
o-[Weiler      ] | | | | Found 140834 bundles
o-[Bundles     ] | | | Elapsed: 0.008s
o-[Weiler      ] | | | Found 1 polylines
o-[Charts      ] | | | Start...
o-[Charts      ] | | | Elapsed: 0.001s
o-[Weiler      ] | | | Found 8 charts
o-[Radial sort ] | | | Start...
o-[Radial sort ] | | | Elapsed: 0s
o-[Radial sort ] | | | Nb radial polylines:1
o-[Radial sort ] | | | Start...
o-[Radial sort ] | | | Elapsed: 0s
o-[Regions     ] | | | Start...
o-[Weiler      ] | | | | Found 4 regions
o-[Regions     ] | | | Elapsed: 0.001s
o-[Weiler      ] | | Elapsed: 0.017s
o-[Epilogue    ] | Elapsed: 0.085s
o-[Intersect   ] Elapsed: 0.565s
o-[Classify    ] Start...
o-[Weiler      ] | nb operands=2
o-[Weiler      ] | Facets classified
o-[Classify    ] Elapsed: 0.012s
o-[Coplanar    ] Start...
o-[Coplanar    ] Elapsed: 0.278s
NATIVE_RESULT {"load_ms":42.960866000000003,"boolean_ms":861.38859600000001,"save_ms":53.444634999999998,"faces":43868,"vertices":21936,"simplify":true}
