o-[Process     ] Max used threads = 4
o-[I/O         ] Loading file /tmp/geogram_native_quality_20261006_14/inputs/09_parent.obj...
o-[I/O         ] (FP64) nb_v:22429 nb_e:0 nb_f:44694 nb_b:0 tri:1 dim:3
o-[I/O         ] Attributes on vertices: point[3]
o-[I/O         ] Loading file /tmp/geogram_native_quality_20261006_14/inputs/09_tool.obj...
o-[I/O         ] (FP64) nb_v:674 nb_e:0 nb_f:1344 nb_b:0 tri:1 dim:3
o-[I/O         ] Attributes on vertices: point[3]
o-[Intersect   ] Start...
o-[Prologue    ] | Start...
o-[Prologue    ] | Elapsed: 0.029s
o-[Find isects ] | Start...
o-[AABB build  ] | | Start...
o-[AABB build  ] | | Elapsed: 0.021s
o-[AABB box-box] | | Start...
o-[AABB box-box] | | Elapsed: 0.023s
o-[AABB tri-tri] | | Start...
o-[AABB tri-tri] | | Elapsed: 0.241s
o-[Find isects ] | Elapsed: 0.287s
o-[CDT         ] | Start...
o-[CDT         ] | | Intersections: 272
o-[CDT         ] | | Intersected triangles: 136
o-[CDT         ] | | Max intersections in triangle: 7
o-[CDT         ] | Elapsed: 0.019s
o-[Epilogue    ] | Start...
o-[I on v      ] | | Start...
o-[I on v      ] | | Elapsed: 0.009s
o-[Weiler      ] | | Start...
o-[Bundles     ] | | | Start...
o-[Weiler      ] | | | | Found 140834 bundles
o-[Bundles     ] | | | Elapsed: 0.008s
o-[Weiler      ] | | | Found 1 polylines
o-[Charts      ] | | | Start...
o-[Charts      ] | | | Elapsed: 0.001s
o-[Weiler      ] | | | Found 8 charts
o-[Radial sort ] | | | Start...
o-[Radial sort ] | | | Elapsed: 0s
o-[Radial sort ] | | | Nb radial polylines:1
o-[Radial sort ] | | | Start...
o-[Radial sort ] | | | Elapsed: 0s
o-[Regions     ] | | | Start...
o-[Weiler      ] | | | | Found 4 regions
o-[Regions     ] | | | Elapsed: 0.001s
o-[Weiler      ] | | Elapsed: 0.017s
o-[Epilogue    ] | Elapsed: 0.036s
o-[Intersect   ] Elapsed: 0.372s
o-[Classify    ] Start...
o-[Weiler      ] | nb operands=2
o-[Weiler      ] | Facets classified
o-[Classify    ] Elapsed: 0.012s
o-[Coplanar    ] Start...
o-[Coplanar    ] | Start...
o-[QualityBoundary] | | shared_edges=0 before_bad=769 after_bad=769 before_area=337.117 after_area=337.117 accepted=1
o-[Coplanar    ] | Elapsed: 0.334s
o-[QualityBoundary] | shared_edges=23 before_bad=768 after_bad=769 before_area=337.129 after_area=337.117 accepted=0
o-[Coplanar    ] Elapsed: 0.818s
NATIVE_RESULT {"load_ms":37.988858,"boolean_ms":1209.4081530000001,"save_ms":70.185136,"faces":44050,"vertices":22027,"simplify":true}
