o-[Process     ] Max used threads = 4
o-[I/O         ] Loading file /tmp/geogram_native_quality_20261006_14/inputs/10_parent.obj...
o-[I/O         ] (FP64) nb_v:24552 nb_e:0 nb_f:49100 nb_b:0 tri:1 dim:3
o-[I/O         ] Attributes on vertices: point[3]
o-[I/O         ] Loading file /tmp/geogram_native_quality_20261006_14/inputs/10_tool.obj...
o-[I/O         ] (FP64) nb_v:674 nb_e:0 nb_f:1344 nb_b:0 tri:1 dim:3
o-[I/O         ] Attributes on vertices: point[3]
o-[Intersect   ] Start...
o-[Prologue    ] | Start...
o-[Prologue    ] | Elapsed: 0.027s
o-[Find isects ] | Start...
o-[AABB build  ] | | Start...
o-[AABB build  ] | | Elapsed: 0.018s
o-[AABB box-box] | | Start...
o-[AABB box-box] | | Elapsed: 0.021s
o-[AABB tri-tri] | | Start...
o-[AABB tri-tri] | | Elapsed: 0.242s
o-[Find isects ] | Elapsed: 0.283s
o-[CDT         ] | Start...
o-[CDT         ] | | Intersections: 453
o-[CDT         ] | | Intersected triangles: 178
o-[CDT         ] | | Max intersections in triangle: 42
o-[CDT         ] | Elapsed: 0.026s
o-[Epilogue    ] | Start...
o-[I on v      ] | | Start...
o-[I on v      ] | | Elapsed: 0.008s
o-[Weiler      ] | | Start...
o-[Bundles     ] | | | Start...
o-[Weiler      ] | | | | Found 154592 bundles
o-[Bundles     ] | | | Elapsed: 0.011s
o-[Weiler      ] | | | Found 18 polylines
o-[Charts      ] | | | Start...
o-[Charts      ] | | | Elapsed: 0.002s
o-[Weiler      ] | | | Found 44 charts
o-[Radial sort ] | | | Start...
o-[Radial sort ] | | | Elapsed: 0s
o-[Radial sort ] | | | Nb radial polylines:18
o-[Radial sort ] | | | Start...
o-[Radial sort ] | | | Elapsed: 0s
o-[Regions     ] | | | Start...
o-[Weiler      ] | | | | Found 13 regions
o-[Regions     ] | | | Elapsed: 0.002s
o-[Weiler      ] | | Elapsed: 0.022s
o-[Epilogue    ] | Elapsed: 0.042s
o-[Intersect   ] Elapsed: 0.379s
o-[Classify    ] Start...
o-[Weiler      ] | nb operands=2
o-[Weiler      ] | Facets classified
o-[Classify    ] Elapsed: 0.016s
o-[Coplanar    ] Start...
o-[Coplanar    ] Elapsed: 0.31s
NATIVE_RESULT {"load_ms":37.974676000000002,"boolean_ms":710.54583600000001,"save_ms":60.869666000000002,"faces":49022,"vertices":24513,"simplify":true}
