o-[Process     ] Max used threads = 4
o-[I/O         ] Loading file /tmp/geogram_native_quality_20261006_14/inputs/10_parent.obj...
o-[I/O         ] (FP64) nb_v:24552 nb_e:0 nb_f:49100 nb_b:0 tri:1 dim:3
o-[I/O         ] Attributes on vertices: point[3]
o-[I/O         ] Loading file /tmp/geogram_native_quality_20261006_14/inputs/10_tool.obj...
o-[I/O         ] (FP64) nb_v:674 nb_e:0 nb_f:1344 nb_b:0 tri:1 dim:3
o-[I/O         ] Attributes on vertices: point[3]
o-[Intersect   ] Start...
o-[Prologue    ] | Start...
o-[Prologue    ] | Elapsed: 0.021s
o-[Find isects ] | Start...
o-[AABB build  ] | | Start...
o-[AABB build  ] | | Elapsed: 0.022s
o-[AABB box-box] | | Start...
o-[AABB box-box] | | Elapsed: 0.026s
o-[AABB tri-tri] | | Start...
o-[AABB tri-tri] | | Elapsed: 0.264s
o-[Find isects ] | Elapsed: 0.314s
o-[CDT         ] | Start...
o-[CDT         ] | | Intersections: 453
o-[CDT         ] | | Intersected triangles: 178
o-[CDT         ] | | Max intersections in triangle: 42
o-[CDT         ] | Elapsed: 0.038s
o-[Epilogue    ] | Start...
o-[I on v      ] | | Start...
o-[I on v      ] | | Elapsed: 0.018s
o-[Weiler      ] | | Start...
o-[Bundles     ] | | | Start...
o-[Weiler      ] | | | | Found 154592 bundles
o-[Bundles     ] | | | Elapsed: 0.009s
o-[Weiler      ] | | | Found 18 polylines
o-[Charts      ] | | | Start...
o-[Charts      ] | | | Elapsed: 0.002s
o-[Weiler      ] | | | Found 44 charts
o-[Radial sort ] | | | Start...
o-[Radial sort ] | | | Elapsed: 0s
o-[Radial sort ] | | | Nb radial polylines:18
o-[Radial sort ] | | | Start...
o-[Radial sort ] | | | Elapsed: 0s
o-[Regions     ] | | | Start...
o-[Weiler      ] | | | | Found 13 regions
o-[Regions     ] | | | Elapsed: 0.002s
o-[Weiler      ] | | Elapsed: 0.019s
o-[Epilogue    ] | Elapsed: 0.048s
o-[Intersect   ] Elapsed: 0.423s
o-[Classify    ] Start...
o-[Weiler      ] | nb operands=2
o-[Weiler      ] | Facets classified
o-[Classify    ] Elapsed: 0.016s
o-[Coplanar    ] Start...
o-[Coplanar    ] | Start...
o-[QualityBoundary] | | shared_edges=0 before_bad=594 after_bad=594 before_area=140.958 after_area=140.958 accepted=1
o-[Coplanar    ] | Elapsed: 0.405s
o-[QualityBoundary] | shared_edges=70 before_bad=585 after_bad=594 before_area=141.018 after_area=140.958 accepted=0
o-[Coplanar    ] Elapsed: 1.059s
o-[FloatEdge   ] contracted_zero_length_edges=1
NATIVE_RESULT {"load_ms":39.652658000000002,"boolean_ms":1512.0007680000001,"save_ms":62.467497999999999,"faces":49170,"vertices":24587,"simplify":true}
