Warp 1.0.0-beta.2 initialized:
   CUDA Toolkit: 12.8, Driver: 13.2
   Devices:
     "cpu"    | x86_64
     "cuda:0" | NVIDIA GeForce RTX 4090 (sm_89)
   Kernel cache: /root/.cache/warp/1.0.0-beta.2
Module pamo_safe_project.kernels.geometry_kernels load on device 'cuda:0' took 19.87 ms
Module pamo_safe_project.kernels.energy_kernels.elastic_energy load on device 'cuda:0' took 10.89 ms
Module pamo_safe_project.kernels.energy_kernels.hinge_energy load on device 'cuda:0' took 26.80 ms
Module pamo_safe_project.kernels.energy_kernels.contact_detection load on device 'cuda:0' took 17.15 ms
Module pamo_safe_project.kernels.energy_kernels.distance_energy load on device 'cuda:0' took 20.92 ms
Module pamo_safe_project.kernels.energy_kernels.collision_energy load on device 'cuda:0' took 77.03 ms
Module pamo_safe_project.kernels.utils_kernels load on device 'cuda:0' took 3.11 ms
Module locality_gpu load on device 'cuda:0' took 0.73 ms
Module pamo_safe_project.kernels.solver_kernels load on device 'cuda:0' took 2.51 ms
Module warp.utils load on device 'cuda:0' took 1.35 ms
Module pamo_safe_project.kernels.distance_kernels.grad_funcs load on device 'cuda:0' took 16.79 ms
Module pamo_safe_project.kernels.distance_kernels.hessian_funcs load on device 'cuda:0' took 73.10 ms
Module pamo_safe_project.kernels.distance_kernels.distance_kernels load on device 'cuda:0' took 102.55 ms
Module pamo_safe_project.kernels.distance_kernels.grad_funcs_struct load on device 'cuda:0' took 15.64 ms
Module pamo_safe_project.kernels.distance_kernels.distance_kernels_struct load on device 'cuda:0' took 24.32 ms
Module pamo_safe_project.kernels.ccd_kernels load on device 'cuda:0' took 20.94 ms
Module pamo_safe_project.kernels.energy_kernels.lb_curvature_energy load on device 'cuda:0' took 3.10 ms
{"quality_generation_ms": 145.02405188977718, "requested_edge_length_mm": 0.09679822148301731, "actual_edge_length_mm": 0.1545214448951786, "max_protected_edge_mm": 0.2033176906515508, "active_fraction": 0.053531598513011154, "input_faces": 5380, "output_faces": 5312, "fp64_restoration_max_mm": 0.0, "iterations": 3, "fixed_contract_before_projection": {"passed": true, "external_faces": 5092, "external_faces_retained": 5092, "missing_fixed_vertices": 0}, "safe_projection_ms": 932.5985992327332, "projection_fp64_restoration_max_mm": 1.4932083548011908e-07, "collision_scope": "whole_mesh_author_energy_and_ccd", "fixed_contract": {"passed": true, "external_faces": 5092, "external_faces_retained": 5092, "missing_fixed_vertices": 0}, "method": "no_transition", "maintenance_ms": 2977.481388486922, "status": "pending_independent_audit"}
