o-[Process     ] Max used threads = 4
o-[I/O         ] Loading file /root/autodl-tmp/graduation_project/constrained_20261004_原固定几何CT真实父反馈_361671540e44/application_ct_original138_e11_recovery_after_e9.obj...
o-[I/O         ] (FP64) nb_v:22631 nb_e:0 nb_f:45288 nb_b:92 tri:1 dim:3
o-[I/O         ] Attributes on vertices: point[3]
o-[I/O         ] Loading file /root/autodl-tmp/graduation_project/constrained_20261004_原固定几何CT真实父反馈_361671540e44/application_ct_original138_e11_recovery_tool_e10.obj...
o-[I/O         ] (FP64) nb_v:130 nb_e:0 nb_f:256 nb_b:0 tri:1 dim:3
o-[I/O         ] Attributes on vertices: point[3]
(E)-[RadialSort] Both triangles in same reference half-plane
(E)-[RadialSort] Both triangles in same reference half-plane
(E)-[RadialSort] Both triangles in same reference half-plane
(E)-[RadialSort] Both triangles in same reference half-plane
(E)-[RadialSort] Both triangles in same reference half-plane

FATAL ERROR: Did not manage to sort a bundle in Polyline of length 1
(if you reached this point, you may need geogramplus, contact TESSAEL)
(E)-[RadialSort] Both triangles in same reference half-plane
(E)-[RadialSort] Both triangles in same reference half-plane
(E)-[RadialSort] Both triangles in same reference half-plane

FATAL ERROR: Did not manage to sort a bundle in Polyline of length 1Abnormal program termination: 
function terminate() was called(if you reached this point, you may need geogramplus, contact TESSAEL)

Abnormal program termination: function terminate() was called
