# of input verts : 16
# of input faces : 24
Stage1 :  True
Stage3 :  True
Warp 1.0.0-beta.2 initialized:
   CUDA Toolkit: 12.8, Driver: 13.2
   Devices:
     "cpu"    | x86_64
     "cuda:0" | NVIDIA GeForce RTX 4090 (sm_89)
   Kernel cache: /root/.cache/warp/1.0.0-beta.2
Target faces : 24
Time for Remeshing: 0.07978129386901855 sec
Not enough edges available to be collapsed.
Time for Simplification: 0.5813393592834473 sec
Module pamo_safe_project.kernels.geometry_kernels load on device 'cuda:0' took 80.65 ms
Module pamo_safe_project.kernels.energy_kernels.elastic_energy load on device 'cuda:0' took 10.71 ms
Module pamo_safe_project.kernels.energy_kernels.hinge_energy load on device 'cuda:0' took 26.58 ms
Module pamo_safe_project.kernels.energy_kernels.contact_detection load on device 'cuda:0' took 15.95 ms
Module pamo_safe_project.kernels.energy_kernels.distance_energy load on device 'cuda:0' took 21.03 ms
Module pamo_safe_project.kernels.energy_kernels.collision_energy load on device 'cuda:0' took 78.63 ms
Module pamo_safe_project.kernels.utils_kernels load on device 'cuda:0' took 3.15 ms
Module pamo_safe_project.kernels.solver_kernels load on device 'cuda:0' took 2.74 ms
Module warp.utils load on device 'cuda:0' took 1.37 ms
Module pamo_safe_project.kernels.distance_kernels.grad_funcs load on device 'cuda:0' took 16.78 ms
Module pamo_safe_project.kernels.distance_kernels.hessian_funcs load on device 'cuda:0' took 73.26 ms
Module pamo_safe_project.kernels.distance_kernels.distance_kernels load on device 'cuda:0' took 109.32 ms
Module pamo_safe_project.kernels.distance_kernels.grad_funcs_struct load on device 'cuda:0' took 15.90 ms
Module pamo_safe_project.kernels.distance_kernels.distance_kernels_struct load on device 'cuda:0' took 17.35 ms
Module pamo_safe_project.kernels.ccd_kernels load on device 'cuda:0' took 21.35 ms
Module pamo_safe_project.kernels.energy_kernels.lb_curvature_energy load on device 'cuda:0' took 3.10 ms
Total time:  1.6101977825164795
# of output verts : 76
# of output faces : 144
