geogram_s2 1 43540 336
/root/autodl-tmp/graduation_project/stage1/初步实验/局部区域重建阶段一/patch_model.py:56: RuntimeWarning: invalid value encountered in divide
  cosines = -np.sum(edges*np.roll(edges, 1, axis=1), axis=2)/np.sqrt(squared*np.roll(squared, 1, axis=1))
geogram_s2 2 43556 411
geogram_s2 3 43536 468
geogram_s2 4 43540 542
geogram_s2 5 43570 649
geogram_s2 6 43624 793
geogram_s2 7 43628 888
geogram_s2 8 43596 955
geogram_s2 9 43180 735
geogram_s2 10 43226 773
geogram_s2 11 43276 815
geogram_s2 12 43314 847
geogram_s2 13 43232 777
geogram_s2 14 43184 776
geogram_s2 15 43206 857
geogram_s2 16 43702 1422
geogram_s3 1 43788 396
geogram_s3 2 43802 479
geogram_s3 3 43768 537
geogram_s3 4 43770 621
geogram_s3 5 43722 671
geogram_s3 6 43702 743
geogram_s3 7 43644 778
geogram_s3 8 43628 836
geogram_s3 9 43402 747
geogram_s3 10 43422 759
geogram_s3 11 43456 794
geogram_s3 12 43502 835
geogram_s3 13 43580 846
geogram_s3 14 43584 877
geogram_s3 15 43570 936
geogram_s3 16 43560 990
/root/autodl-tmp/graduation_project/stage1/初步实验/CUDA真实骨面对照/实验结果/20260908_122455
