# of input verts : 1164
# of input faces : 2324
Stage1 :  True
Stage3 :  True
Warp 1.0.0-beta.2 initialized:
   CUDA Toolkit: 12.8, Driver: 13.2
   Devices:
     "cpu"    | x86_64
     "cuda:0" | NVIDIA GeForce RTX 4080 SUPER (sm_89)
   Kernel cache: /root/.cache/warp/1.0.0-beta.2
Target faces : 2324
Time for Remeshing: 0.06927132606506348 sec
Time for Simplification: 0.4867277145385742 sec
Module pamo_safe_project.kernels.geometry_kernels load on device 'cuda:0' took 142.95 ms
Module pamo_safe_project.kernels.energy_kernels.elastic_energy load on device 'cuda:0' took 16.06 ms
Module pamo_safe_project.kernels.energy_kernels.hinge_energy load on device 'cuda:0' took 35.86 ms
Module pamo_safe_project.kernels.energy_kernels.contact_detection load on device 'cuda:0' took 21.75 ms
Module pamo_safe_project.kernels.energy_kernels.distance_energy load on device 'cuda:0' took 28.67 ms
Module pamo_safe_project.kernels.energy_kernels.collision_energy load on device 'cuda:0' took 96.23 ms
Module pamo_safe_project.kernels.utils_kernels load on device 'cuda:0' took 4.05 ms
Module pamo_safe_project.kernels.solver_kernels load on device 'cuda:0' took 3.28 ms
Module warp.utils load on device 'cuda:0' took 1.59 ms
Module pamo_safe_project.kernels.distance_kernels.grad_funcs load on device 'cuda:0' took 22.56 ms
Module pamo_safe_project.kernels.distance_kernels.hessian_funcs load on device 'cuda:0' took 100.92 ms
Module pamo_safe_project.kernels.distance_kernels.distance_kernels load on device 'cuda:0' took 143.77 ms
Module pamo_safe_project.kernels.distance_kernels.grad_funcs_struct load on device 'cuda:0' took 22.32 ms
Module pamo_safe_project.kernels.distance_kernels.distance_kernels_struct load on device 'cuda:0' took 23.27 ms
Module pamo_safe_project.kernels.ccd_kernels load on device 'cuda:0' took 28.60 ms
Module pamo_safe_project.kernels.energy_kernels.lb_curvature_energy load on device 'cuda:0' took 4.67 ms
Total time:  1.7879962921142578
# of output verts : 1120
# of output faces : 2236
