# of input verts : 1147
# of input faces : 2290
Stage1 :  True
Stage3 :  True
Warp 1.0.0-beta.2 initialized:
   CUDA Toolkit: 12.8, Driver: 13.2
   Devices:
     "cpu"    | x86_64
     "cuda:0" | NVIDIA GeForce RTX 4080 SUPER (sm_89)
   Kernel cache: /root/.cache/warp/1.0.0-beta.2
Target faces : 2290
Time for Remeshing: 0.07374858856201172 sec
Time for Simplification: 0.44585728645324707 sec
Module pamo_safe_project.kernels.geometry_kernels load on device 'cuda:0' took 120.65 ms
Module pamo_safe_project.kernels.energy_kernels.elastic_energy load on device 'cuda:0' took 14.58 ms
Module pamo_safe_project.kernels.energy_kernels.hinge_energy load on device 'cuda:0' took 36.52 ms
Module pamo_safe_project.kernels.energy_kernels.contact_detection load on device 'cuda:0' took 23.72 ms
Module pamo_safe_project.kernels.energy_kernels.distance_energy load on device 'cuda:0' took 27.88 ms
Module pamo_safe_project.kernels.energy_kernels.collision_energy load on device 'cuda:0' took 92.68 ms
Module pamo_safe_project.kernels.utils_kernels load on device 'cuda:0' took 4.03 ms
Module pamo_safe_project.kernels.solver_kernels load on device 'cuda:0' took 3.32 ms
Module warp.utils load on device 'cuda:0' took 1.62 ms
Module pamo_safe_project.kernels.distance_kernels.grad_funcs load on device 'cuda:0' took 22.67 ms
Module pamo_safe_project.kernels.distance_kernels.hessian_funcs load on device 'cuda:0' took 103.72 ms
Module pamo_safe_project.kernels.distance_kernels.distance_kernels load on device 'cuda:0' took 139.12 ms
Module pamo_safe_project.kernels.distance_kernels.grad_funcs_struct load on device 'cuda:0' took 21.37 ms
Module pamo_safe_project.kernels.distance_kernels.distance_kernels_struct load on device 'cuda:0' took 23.42 ms
Module pamo_safe_project.kernels.ccd_kernels load on device 'cuda:0' took 28.10 ms
Module pamo_safe_project.kernels.energy_kernels.lb_curvature_energy load on device 'cuda:0' took 3.92 ms
Total time:  1.6575584411621094
# of output verts : 1113
# of output faces : 2222
