# of input verts : 1105
# of input faces : 2206
Stage1 :  True
Stage3 :  True
Warp 1.0.0-beta.2 initialized:
   CUDA Toolkit: 12.8, Driver: 13.2
   Devices:
     "cpu"    | x86_64
     "cuda:0" | NVIDIA GeForce RTX 4080 SUPER (sm_89)
   Kernel cache: /root/.cache/warp/1.0.0-beta.2
Target faces : 2206
Time for Remeshing: 0.08934688568115234 sec
Time for Simplification: 0.5317208766937256 sec
Module pamo_safe_project.kernels.geometry_kernels load on device 'cuda:0' took 119.07 ms
Module pamo_safe_project.kernels.energy_kernels.elastic_energy load on device 'cuda:0' took 14.38 ms
Module pamo_safe_project.kernels.energy_kernels.hinge_energy load on device 'cuda:0' took 36.11 ms
Module pamo_safe_project.kernels.energy_kernels.contact_detection load on device 'cuda:0' took 23.89 ms
Module pamo_safe_project.kernels.energy_kernels.distance_energy load on device 'cuda:0' took 27.67 ms
Module pamo_safe_project.kernels.energy_kernels.collision_energy load on device 'cuda:0' took 92.94 ms
Module pamo_safe_project.kernels.utils_kernels load on device 'cuda:0' took 4.00 ms
Module pamo_safe_project.kernels.solver_kernels load on device 'cuda:0' took 3.19 ms
Module warp.utils load on device 'cuda:0' took 1.59 ms
Module pamo_safe_project.kernels.distance_kernels.grad_funcs load on device 'cuda:0' took 22.48 ms
Module pamo_safe_project.kernels.distance_kernels.hessian_funcs load on device 'cuda:0' took 101.87 ms
Module pamo_safe_project.kernels.distance_kernels.distance_kernels load on device 'cuda:0' took 145.66 ms
Module pamo_safe_project.kernels.distance_kernels.grad_funcs_struct load on device 'cuda:0' took 21.10 ms
Module pamo_safe_project.kernels.distance_kernels.distance_kernels_struct load on device 'cuda:0' took 23.14 ms
Module pamo_safe_project.kernels.ccd_kernels load on device 'cuda:0' took 28.67 ms
Module pamo_safe_project.kernels.energy_kernels.lb_curvature_energy load on device 'cuda:0' took 4.65 ms
Total time:  1.8228662014007568
# of output verts : 1077
# of output faces : 2150
