# of input verts : 1969
# of input faces : 3934
Stage1 :  True
Stage3 :  True
Warp 1.0.0-beta.2 initialized:
   CUDA Toolkit: 12.8, Driver: 13.2
   Devices:
     "cpu"    | x86_64
     "cuda:0" | NVIDIA GeForce RTX 4080 SUPER (sm_89)
   Kernel cache: /root/.cache/warp/1.0.0-beta.2
Target faces : 3934
Time for Remeshing: 0.08351826667785645 sec
Time for Simplification: 0.7327239513397217 sec
Module pamo_safe_project.kernels.geometry_kernels load on device 'cuda:0' took 152.86 ms
Module pamo_safe_project.kernels.energy_kernels.elastic_energy load on device 'cuda:0' took 14.46 ms
Module pamo_safe_project.kernels.energy_kernels.hinge_energy load on device 'cuda:0' took 35.33 ms
Module pamo_safe_project.kernels.energy_kernels.contact_detection load on device 'cuda:0' took 20.72 ms
Module pamo_safe_project.kernels.energy_kernels.distance_energy load on device 'cuda:0' took 27.61 ms
Module pamo_safe_project.kernels.energy_kernels.collision_energy load on device 'cuda:0' took 91.09 ms
Module pamo_safe_project.kernels.utils_kernels load on device 'cuda:0' took 4.04 ms
Module pamo_safe_project.kernels.solver_kernels load on device 'cuda:0' took 3.29 ms
Module warp.utils load on device 'cuda:0' took 1.63 ms
Module pamo_safe_project.kernels.distance_kernels.grad_funcs load on device 'cuda:0' took 23.84 ms
Module pamo_safe_project.kernels.distance_kernels.hessian_funcs load on device 'cuda:0' took 96.81 ms
Module pamo_safe_project.kernels.distance_kernels.distance_kernels load on device 'cuda:0' took 138.03 ms
Module pamo_safe_project.kernels.distance_kernels.grad_funcs_struct load on device 'cuda:0' took 23.50 ms
Module pamo_safe_project.kernels.distance_kernels.distance_kernels_struct load on device 'cuda:0' took 23.10 ms
Module pamo_safe_project.kernels.ccd_kernels load on device 'cuda:0' took 27.43 ms
Module pamo_safe_project.kernels.energy_kernels.lb_curvature_energy load on device 'cuda:0' took 3.91 ms
Total time:  2.0782289505004883
# of output verts : 1965
# of output faces : 3922
