Stage1 :  True
Stage3 :  True
Warp 1.0.0-beta.2 initialized:
   CUDA Toolkit: 12.8, Driver: 13.2
   Devices:
     "cpu"    | x86_64
     "cuda:0" | NVIDIA GeForce RTX 4080 SUPER (sm_89)
   Kernel cache: /root/.cache/warp/1.0.0-beta.2
Target faces : 1914
Time for Remeshing: 0.277219295501709 sec
Time for Simplification: 0.6276824474334717 sec
Module pamo_safe_project.kernels.geometry_kernels load on device 'cuda:0' took 23.04 ms
Module pamo_safe_project.kernels.energy_kernels.elastic_energy load on device 'cuda:0' took 21.38 ms
Module pamo_safe_project.kernels.energy_kernels.hinge_energy load on device 'cuda:0' took 51.24 ms
Module pamo_safe_project.kernels.energy_kernels.contact_detection load on device 'cuda:0' took 29.99 ms
Module pamo_safe_project.kernels.energy_kernels.distance_energy load on device 'cuda:0' took 40.09 ms
Module pamo_safe_project.kernels.energy_kernels.collision_energy load on device 'cuda:0' took 133.44 ms
Module pamo_safe_project.kernels.utils_kernels load on device 'cuda:0' took 5.82 ms
Module pamo_safe_project.kernels.solver_kernels load on device 'cuda:0' took 4.74 ms
Module warp.utils load on device 'cuda:0' took 2.42 ms
Module pamo_safe_project.kernels.distance_kernels.grad_funcs load on device 'cuda:0' took 32.74 ms
Module pamo_safe_project.kernels.distance_kernels.hessian_funcs load on device 'cuda:0' took 142.02 ms
Module pamo_safe_project.kernels.distance_kernels.distance_kernels load on device 'cuda:0' took 198.91 ms
Module pamo_safe_project.kernels.distance_kernels.grad_funcs_struct load on device 'cuda:0' took 30.52 ms
Module pamo_safe_project.kernels.distance_kernels.distance_kernels_struct load on device 'cuda:0' took 33.48 ms
Module pamo_safe_project.kernels.ccd_kernels load on device 'cuda:0' took 39.69 ms
Module pamo_safe_project.kernels.energy_kernels.lb_curvature_energy load on device 'cuda:0' took 5.73 ms
Module locality_gpu load on device 'cuda:0' took 1.28 ms
{"pamo_run_ms": 2423.0105616152287, "stage1": "original", "method": "full", "maintenance_ms": 5181.7939803004265, "status": "pending_independent_audit"}
