Stage1 :  True
Stage3 :  True
Warp 1.0.0-beta.2 initialized:
   CUDA Toolkit: 12.8, Driver: 13.2
   Devices:
     "cpu"    | x86_64
     "cuda:0" | NVIDIA GeForce RTX 4090 (sm_89)
   Kernel cache: /root/.cache/warp/1.0.0-beta.2
Target faces : 6722
Time for Remeshing: 0.09500646591186523 sec
Time for Simplification: 0.386157751083374 sec
Module pamo_safe_project.kernels.geometry_kernels load on device 'cuda:0' took 12.89 ms
Module pamo_safe_project.kernels.energy_kernels.elastic_energy load on device 'cuda:0' took 11.08 ms
Module pamo_safe_project.kernels.energy_kernels.hinge_energy load on device 'cuda:0' took 26.62 ms
Module pamo_safe_project.kernels.energy_kernels.contact_detection load on device 'cuda:0' took 16.23 ms
Module pamo_safe_project.kernels.energy_kernels.distance_energy load on device 'cuda:0' took 21.31 ms
Module pamo_safe_project.kernels.energy_kernels.collision_energy load on device 'cuda:0' took 71.11 ms
Module pamo_safe_project.kernels.utils_kernels load on device 'cuda:0' took 3.32 ms
Module pamo_safe_project.kernels.solver_kernels load on device 'cuda:0' took 2.71 ms
Module warp.utils load on device 'cuda:0' took 1.40 ms
Module pamo_safe_project.kernels.distance_kernels.grad_funcs load on device 'cuda:0' took 17.03 ms
Module pamo_safe_project.kernels.distance_kernels.hessian_funcs load on device 'cuda:0' took 73.06 ms
Module pamo_safe_project.kernels.distance_kernels.distance_kernels load on device 'cuda:0' took 104.10 ms
Module pamo_safe_project.kernels.distance_kernels.grad_funcs_struct load on device 'cuda:0' took 16.28 ms
Module pamo_safe_project.kernels.distance_kernels.distance_kernels_struct load on device 'cuda:0' took 17.89 ms
Module pamo_safe_project.kernels.ccd_kernels load on device 'cuda:0' took 22.26 ms
Module pamo_safe_project.kernels.energy_kernels.lb_curvature_energy load on device 'cuda:0' took 3.33 ms
Module locality_gpu load on device 'cuda:0' took 0.76 ms
{"pamo_run_ms": 1506.6766031086445, "stage1": "original", "method": "full", "maintenance_ms": 3341.917918995023, "status": "pending_independent_audit"}
