only got 12597/16384 samples!
Stage1 :  True
Stage3 :  True
Warp 1.0.0-beta.2 initialized:
   CUDA Toolkit: 12.8, Driver: 13.2
   Devices:
     "cpu"    | x86_64
     "cuda:0" | NVIDIA GeForce RTX 4080 SUPER (sm_89)
   Kernel cache: /root/.cache/warp/1.0.0-beta.2
Target faces : 656
Time for Remeshing: 0.07407283782958984 sec
Time for Simplification: 0.32042837142944336 sec
Module pamo_safe_project.kernels.geometry_kernels load on device 'cuda:0' took 22.12 ms
Module pamo_safe_project.kernels.energy_kernels.elastic_energy load on device 'cuda:0' took 24.08 ms
Module pamo_safe_project.kernels.energy_kernels.hinge_energy load on device 'cuda:0' took 53.68 ms
Module pamo_safe_project.kernels.energy_kernels.contact_detection load on device 'cuda:0' took 29.34 ms
Module pamo_safe_project.kernels.energy_kernels.distance_energy load on device 'cuda:0' took 42.29 ms
Module pamo_safe_project.kernels.energy_kernels.collision_energy load on device 'cuda:0' took 137.71 ms
Module pamo_safe_project.kernels.utils_kernels load on device 'cuda:0' took 5.59 ms
Module pamo_safe_project.kernels.solver_kernels load on device 'cuda:0' took 4.55 ms
Module warp.utils load on device 'cuda:0' took 2.26 ms
Module pamo_safe_project.kernels.distance_kernels.grad_funcs load on device 'cuda:0' took 32.85 ms
Module pamo_safe_project.kernels.distance_kernels.hessian_funcs load on device 'cuda:0' took 149.85 ms
Module pamo_safe_project.kernels.distance_kernels.distance_kernels load on device 'cuda:0' took 489.19 ms
Module pamo_safe_project.kernels.distance_kernels.grad_funcs_struct load on device 'cuda:0' took 32.52 ms
Module pamo_safe_project.kernels.distance_kernels.distance_kernels_struct load on device 'cuda:0' took 37.77 ms
Module pamo_safe_project.kernels.ccd_kernels load on device 'cuda:0' took 40.65 ms
Module pamo_safe_project.kernels.energy_kernels.lb_curvature_energy load on device 'cuda:0' took 5.53 ms
Module locality_gpu load on device 'cuda:0' took 1.19 ms
{"pamo_run_ms": 2233.9818431064487, "stage1": "original", "method": "full", "maintenance_ms": 4962.242019362748, "status": "pending_independent_audit"}
