Warp 1.0.0-beta.2 initialized:
   CUDA Toolkit: 12.8, Driver: 13.2
   Devices:
     "cpu"    | x86_64
     "cuda:0" | NVIDIA GeForce RTX 4080 SUPER (sm_89)
   Kernel cache: /root/.cache/warp/1.0.0-beta.2
[33;20mWARNING - Triangle area is too small (min_area=1.1442332460552587e-15), may cause numerical instability (system.py:213)[0m
Module pamo_safe_project.kernels.geometry_kernels load on device 'cuda:0' took 28.38 ms
Module pamo_safe_project.kernels.energy_kernels.elastic_energy load on device 'cuda:0' took 25.07 ms
Module pamo_safe_project.kernels.energy_kernels.hinge_energy load on device 'cuda:0' took 55.47 ms
Module pamo_safe_project.kernels.energy_kernels.precision_contact_detection load on device 'cuda:0' took 34.20 ms
Module pamo_safe_project.kernels.energy_kernels.distance_energy load on device 'cuda:0' took 42.65 ms
Module pamo_safe_project.kernels.energy_kernels.precision_gradient_collision_energy load on device 'cuda:0' took 127.52 ms
Module pamo_safe_project.kernels.utils_kernels load on device 'cuda:0' took 6.20 ms
Module tangent_plane_gpu load on device 'cuda:0' took 2.32 ms
Module locality_gpu load on device 'cuda:0' took 1.40 ms
Module pamo_safe_project.kernels.solver_kernels load on device 'cuda:0' took 5.52 ms
Module warp.utils load on device 'cuda:0' took 2.69 ms
Module pamo_safe_project.kernels.distance_kernels.grad_funcs load on device 'cuda:0' took 37.78 ms
Module pamo_safe_project.kernels.distance_kernels.hessian_funcs load on device 'cuda:0' took 162.28 ms
Module pamo_safe_project.kernels.distance_kernels.distance_kernels load on device 'cuda:0' took 219.75 ms
Module pamo_safe_project.kernels.distance_kernels.grad_funcs_struct load on device 'cuda:0' took 31.68 ms
Module pamo_safe_project.kernels.distance_kernels.distance_kernels_struct load on device 'cuda:0' took 36.62 ms
Module pamo_safe_project.kernels.energy_kernels.collision_energy load on device 'cuda:0' took 151.07 ms
Module pamo_safe_project.kernels.ccd_kernels load on device 'cuda:0' took 44.59 ms
Module pamo_safe_project.kernels.energy_kernels.lb_curvature_energy load on device 'cuda:0' took 7.13 ms
Module pamo_safe_project.kernels.energy_kernels.contact_detection load on device 'cuda:0' took 36.13 ms
Module robust_pt_gpu load on device 'cuda:0' took 9.04 ms
Module pamo_safe_project.kernels.energy_kernels.precision_collision_energy load on device 'cuda:0' took 149.54 ms
Module pamo_safe_project.kernels.precision_ccd_kernels load on device 'cuda:0' took 43.76 ms
Module robust_pt_gradient_gpu load on device 'cuda:0' took 8.64 ms
