Stage1 :  True
Stage3 :  True
Warp 1.0.0-beta.2 initialized:
   CUDA Toolkit: 12.8, Driver: 13.2
   Devices:
     "cpu"    | x86_64
     "cuda:0" | NVIDIA GeForce RTX 4080 SUPER (sm_89)
   Kernel cache: /root/.cache/warp/1.0.0-beta.2
Target faces : 5486
Time for Remeshing: 0.08433032035827637 sec
Time for Simplification: 0.5329799652099609 sec
Module pamo_safe_project.kernels.geometry_kernels load on device 'cuda:0' took 32.30 ms
Module pamo_safe_project.kernels.energy_kernels.elastic_energy load on device 'cuda:0' took 21.31 ms
Module pamo_safe_project.kernels.energy_kernels.hinge_energy load on device 'cuda:0' took 48.55 ms
Module pamo_safe_project.kernels.energy_kernels.contact_detection load on device 'cuda:0' took 28.02 ms
Module pamo_safe_project.kernels.energy_kernels.distance_energy load on device 'cuda:0' took 37.98 ms
Module pamo_safe_project.kernels.energy_kernels.collision_energy load on device 'cuda:0' took 127.21 ms
Module pamo_safe_project.kernels.utils_kernels load on device 'cuda:0' took 5.65 ms
Module pamo_safe_project.kernels.solver_kernels load on device 'cuda:0' took 4.31 ms
Module warp.utils load on device 'cuda:0' took 2.14 ms
Module pamo_safe_project.kernels.distance_kernels.grad_funcs load on device 'cuda:0' took 30.94 ms
Module pamo_safe_project.kernels.distance_kernels.hessian_funcs load on device 'cuda:0' took 135.62 ms
Module pamo_safe_project.kernels.distance_kernels.distance_kernels load on device 'cuda:0' took 187.16 ms
Module pamo_safe_project.kernels.distance_kernels.grad_funcs_struct load on device 'cuda:0' took 28.96 ms
Module pamo_safe_project.kernels.distance_kernels.distance_kernels_struct load on device 'cuda:0' took 31.90 ms
Module pamo_safe_project.kernels.ccd_kernels load on device 'cuda:0' took 37.16 ms
Module pamo_safe_project.kernels.energy_kernels.lb_curvature_energy load on device 'cuda:0' took 5.23 ms
