Stage1 :  True
Stage3 :  True
Warp 1.0.0-beta.2 initialized:
   CUDA Toolkit: 12.8, Driver: 13.2
   Devices:
     "cpu"    | x86_64
     "cuda:0" | NVIDIA GeForce RTX 4080 SUPER (sm_89)
   Kernel cache: /root/.cache/warp/1.0.0-beta.2
Target faces : 1454
Time for Remeshing: 0.06136488914489746 sec
Time for Simplification: 0.4337289333343506 sec
Module pamo_safe_project.kernels.geometry_kernels load on device 'cuda:0' took 18.07 ms
Module pamo_safe_project.kernels.energy_kernels.elastic_energy load on device 'cuda:0' took 16.41 ms
Module pamo_safe_project.kernels.energy_kernels.hinge_energy load on device 'cuda:0' took 34.77 ms
Module pamo_safe_project.kernels.energy_kernels.contact_detection load on device 'cuda:0' took 18.68 ms
Module pamo_safe_project.kernels.energy_kernels.distance_energy load on device 'cuda:0' took 25.54 ms
Module pamo_safe_project.kernels.energy_kernels.collision_energy load on device 'cuda:0' took 80.56 ms
Module pamo_safe_project.kernels.utils_kernels load on device 'cuda:0' took 3.35 ms
Module pamo_safe_project.kernels.solver_kernels load on device 'cuda:0' took 2.94 ms
Module warp.utils load on device 'cuda:0' took 1.53 ms
Module pamo_safe_project.kernels.distance_kernels.grad_funcs load on device 'cuda:0' took 20.74 ms
Module pamo_safe_project.kernels.distance_kernels.hessian_funcs load on device 'cuda:0' took 90.65 ms
Module pamo_safe_project.kernels.distance_kernels.distance_kernels load on device 'cuda:0' took 139.57 ms
Module pamo_safe_project.kernels.distance_kernels.grad_funcs_struct load on device 'cuda:0' took 20.21 ms
Module pamo_safe_project.kernels.distance_kernels.distance_kernels_struct load on device 'cuda:0' took 21.98 ms
Module pamo_safe_project.kernels.ccd_kernels load on device 'cuda:0' took 26.51 ms
Module pamo_safe_project.kernels.energy_kernels.lb_curvature_energy load on device 'cuda:0' took 3.96 ms
