Stage1 :  True
Stage3 :  True
Warp 1.0.0-beta.2 initialized:
   CUDA Toolkit: 12.8, Driver: 13.2
   Devices:
     "cpu"    | x86_64
     "cuda:0" | NVIDIA GeForce RTX 4080 SUPER (sm_89)
   Kernel cache: /root/.cache/warp/1.0.0-beta.2
Target faces : 2154
Time for Remeshing: 0.06221342086791992 sec
Time for Simplification: 0.41950130462646484 sec
Module pamo_safe_project.kernels.geometry_kernels load on device 'cuda:0' took 18.32 ms
Module pamo_safe_project.kernels.energy_kernels.elastic_energy load on device 'cuda:0' took 16.62 ms
Module pamo_safe_project.kernels.energy_kernels.hinge_energy load on device 'cuda:0' took 38.69 ms
Module pamo_safe_project.kernels.energy_kernels.contact_detection load on device 'cuda:0' took 18.38 ms
Module pamo_safe_project.kernels.energy_kernels.distance_energy load on device 'cuda:0' took 23.88 ms
Module pamo_safe_project.kernels.energy_kernels.collision_energy load on device 'cuda:0' took 81.32 ms
Module pamo_safe_project.kernels.utils_kernels load on device 'cuda:0' took 3.37 ms
Module pamo_safe_project.kernels.solver_kernels load on device 'cuda:0' took 2.67 ms
Module warp.utils load on device 'cuda:0' took 1.40 ms
Module pamo_safe_project.kernels.distance_kernels.grad_funcs load on device 'cuda:0' took 22.73 ms
Module pamo_safe_project.kernels.distance_kernels.hessian_funcs load on device 'cuda:0' took 89.14 ms
Module pamo_safe_project.kernels.distance_kernels.distance_kernels load on device 'cuda:0' took 127.16 ms
Module pamo_safe_project.kernels.distance_kernels.grad_funcs_struct load on device 'cuda:0' took 19.82 ms
Module pamo_safe_project.kernels.distance_kernels.distance_kernels_struct load on device 'cuda:0' took 22.36 ms
Module pamo_safe_project.kernels.ccd_kernels load on device 'cuda:0' took 27.32 ms
Module pamo_safe_project.kernels.energy_kernels.lb_curvature_energy load on device 'cuda:0' took 3.63 ms
