Stage1 :  True
Stage3 :  True
Warp 1.0.0-beta.2 initialized:
   CUDA Toolkit: 12.8, Driver: 13.2
   Devices:
     "cpu"    | x86_64
     "cuda:0" | NVIDIA GeForce RTX 4080 SUPER (sm_89)
   Kernel cache: /root/.cache/warp/1.0.0-beta.2
Target faces : 5486
Time for Remeshing: 0.06867694854736328 sec
Time for Simplification: 0.4537801742553711 sec
Module pamo_safe_project.kernels.geometry_kernels load on device 'cuda:0' took 18.25 ms
Module pamo_safe_project.kernels.energy_kernels.elastic_energy load on device 'cuda:0' took 16.22 ms
Module pamo_safe_project.kernels.energy_kernels.hinge_energy load on device 'cuda:0' took 33.50 ms
Module pamo_safe_project.kernels.energy_kernels.contact_detection load on device 'cuda:0' took 18.76 ms
Module pamo_safe_project.kernels.energy_kernels.distance_energy load on device 'cuda:0' took 24.15 ms
Module pamo_safe_project.kernels.energy_kernels.collision_energy load on device 'cuda:0' took 81.83 ms
Module pamo_safe_project.kernels.utils_kernels load on device 'cuda:0' took 4.02 ms
Module pamo_safe_project.kernels.solver_kernels load on device 'cuda:0' took 3.43 ms
Module warp.utils load on device 'cuda:0' took 1.73 ms
Module pamo_safe_project.kernels.distance_kernels.grad_funcs load on device 'cuda:0' took 21.65 ms
Module pamo_safe_project.kernels.distance_kernels.hessian_funcs load on device 'cuda:0' took 88.01 ms
Module pamo_safe_project.kernels.distance_kernels.distance_kernels load on device 'cuda:0' took 120.29 ms
Module pamo_safe_project.kernels.distance_kernels.grad_funcs_struct load on device 'cuda:0' took 18.98 ms
Module pamo_safe_project.kernels.distance_kernels.distance_kernels_struct load on device 'cuda:0' took 22.43 ms
Module pamo_safe_project.kernels.ccd_kernels load on device 'cuda:0' took 24.47 ms
Module pamo_safe_project.kernels.energy_kernels.lb_curvature_energy load on device 'cuda:0' took 3.68 ms
