Stage1 :  True
Stage3 :  True
Warp 1.0.0-beta.2 initialized:
   CUDA Toolkit: 12.8, Driver: 13.2
   Devices:
     "cpu"    | x86_64
     "cuda:0" | NVIDIA GeForce RTX 4080 SUPER (sm_89)
   Kernel cache: /root/.cache/warp/1.0.0-beta.2
Target faces : 5534
Time for Remeshing: 0.0693202018737793 sec
Time for Simplification: 0.4547419548034668 sec
Module pamo_safe_project.kernels.geometry_kernels load on device 'cuda:0' took 18.12 ms
Module pamo_safe_project.kernels.energy_kernels.elastic_energy load on device 'cuda:0' took 16.25 ms
Module pamo_safe_project.kernels.energy_kernels.hinge_energy load on device 'cuda:0' took 38.41 ms
Module pamo_safe_project.kernels.energy_kernels.contact_detection load on device 'cuda:0' took 20.60 ms
Module pamo_safe_project.kernels.energy_kernels.distance_energy load on device 'cuda:0' took 26.00 ms
Module pamo_safe_project.kernels.energy_kernels.collision_energy load on device 'cuda:0' took 91.09 ms
Module pamo_safe_project.kernels.utils_kernels load on device 'cuda:0' took 3.40 ms
Module pamo_safe_project.kernels.solver_kernels load on device 'cuda:0' took 2.98 ms
Module warp.utils load on device 'cuda:0' took 1.52 ms
Module pamo_safe_project.kernels.distance_kernels.grad_funcs load on device 'cuda:0' took 20.39 ms
Module pamo_safe_project.kernels.distance_kernels.hessian_funcs load on device 'cuda:0' took 92.15 ms
Module pamo_safe_project.kernels.distance_kernels.distance_kernels load on device 'cuda:0' took 128.06 ms
Module pamo_safe_project.kernels.distance_kernels.grad_funcs_struct load on device 'cuda:0' took 21.99 ms
Module pamo_safe_project.kernels.distance_kernels.distance_kernels_struct load on device 'cuda:0' took 22.58 ms
Module pamo_safe_project.kernels.ccd_kernels load on device 'cuda:0' took 24.15 ms
Module pamo_safe_project.kernels.energy_kernels.lb_curvature_energy load on device 'cuda:0' took 3.53 ms
