Stage1 :  True
Stage3 :  True
Warp 1.0.0-beta.2 initialized:
   CUDA Toolkit: 12.8, Driver: 13.2
   Devices:
     "cpu"    | x86_64
     "cuda:0" | NVIDIA GeForce RTX 4080 SUPER (sm_89)
   Kernel cache: /root/.cache/warp/1.0.0-beta.2
Target faces : 5380
Time for Remeshing: 0.06807827949523926 sec
Time for Simplification: 0.4845399856567383 sec
Module pamo_safe_project.kernels.geometry_kernels load on device 'cuda:0' took 18.23 ms
Module pamo_safe_project.kernels.energy_kernels.elastic_energy load on device 'cuda:0' took 16.41 ms
Module pamo_safe_project.kernels.energy_kernels.hinge_energy load on device 'cuda:0' took 37.49 ms
Module pamo_safe_project.kernels.energy_kernels.contact_detection load on device 'cuda:0' took 20.07 ms
Module pamo_safe_project.kernels.energy_kernels.distance_energy load on device 'cuda:0' took 24.00 ms
Module pamo_safe_project.kernels.energy_kernels.collision_energy load on device 'cuda:0' took 82.16 ms
Module pamo_safe_project.kernels.utils_kernels load on device 'cuda:0' took 4.47 ms
Module pamo_safe_project.kernels.solver_kernels load on device 'cuda:0' took 3.19 ms
Module warp.utils load on device 'cuda:0' took 1.51 ms
Module pamo_safe_project.kernels.distance_kernels.grad_funcs load on device 'cuda:0' took 19.84 ms
Module pamo_safe_project.kernels.distance_kernels.hessian_funcs load on device 'cuda:0' took 89.67 ms
Module pamo_safe_project.kernels.distance_kernels.distance_kernels load on device 'cuda:0' took 129.45 ms
Module pamo_safe_project.kernels.distance_kernels.grad_funcs_struct load on device 'cuda:0' took 19.54 ms
Module pamo_safe_project.kernels.distance_kernels.distance_kernels_struct load on device 'cuda:0' took 21.70 ms
Module pamo_safe_project.kernels.ccd_kernels load on device 'cuda:0' took 25.33 ms
Module pamo_safe_project.kernels.energy_kernels.lb_curvature_energy load on device 'cuda:0' took 3.66 ms
