Stage1 :  True
Stage3 :  True
Warp 1.0.0-beta.2 initialized:
   CUDA Toolkit: 12.8, Driver: 13.2
   Devices:
     "cpu"    | x86_64
     "cuda:0" | NVIDIA GeForce RTX 4080 SUPER (sm_89)
   Kernel cache: /root/.cache/warp/1.0.0-beta.2
Target faces : 5522
Time for Remeshing: 0.08553409576416016 sec
Time for Simplification: 0.46692419052124023 sec
Module pamo_safe_project.kernels.geometry_kernels load on device 'cuda:0' took 21.18 ms
Module pamo_safe_project.kernels.energy_kernels.elastic_energy load on device 'cuda:0' took 19.62 ms
Module pamo_safe_project.kernels.energy_kernels.hinge_energy load on device 'cuda:0' took 48.34 ms
Module pamo_safe_project.kernels.energy_kernels.contact_detection load on device 'cuda:0' took 27.70 ms
Module pamo_safe_project.kernels.energy_kernels.distance_energy load on device 'cuda:0' took 37.63 ms
Module pamo_safe_project.kernels.energy_kernels.collision_energy load on device 'cuda:0' took 126.81 ms
Module pamo_safe_project.kernels.utils_kernels load on device 'cuda:0' took 5.53 ms
Module pamo_safe_project.kernels.solver_kernels load on device 'cuda:0' took 4.30 ms
Module warp.utils load on device 'cuda:0' took 2.23 ms
Module pamo_safe_project.kernels.distance_kernels.grad_funcs load on device 'cuda:0' took 30.84 ms
Module pamo_safe_project.kernels.distance_kernels.hessian_funcs load on device 'cuda:0' took 134.89 ms
Module pamo_safe_project.kernels.distance_kernels.distance_kernels load on device 'cuda:0' took 186.56 ms
Module pamo_safe_project.kernels.distance_kernels.grad_funcs_struct load on device 'cuda:0' took 28.79 ms
Module pamo_safe_project.kernels.distance_kernels.distance_kernels_struct load on device 'cuda:0' took 33.83 ms
Module pamo_safe_project.kernels.ccd_kernels load on device 'cuda:0' took 37.81 ms
Module pamo_safe_project.kernels.energy_kernels.lb_curvature_energy load on device 'cuda:0' took 5.21 ms
