Stage1 :  True
Stage3 :  True
Warp 1.0.0-beta.2 initialized:
   CUDA Toolkit: 12.8, Driver: 13.2
   Devices:
     "cpu"    | x86_64
     "cuda:0" | NVIDIA GeForce RTX 4080 SUPER (sm_89)
   Kernel cache: /root/.cache/warp/1.0.0-beta.2
Target faces : 5486
Time for Remeshing: 0.08708500862121582 sec
Time for Simplification: 0.46457934379577637 sec
Module pamo_safe_project.kernels.geometry_kernels load on device 'cuda:0' took 21.03 ms
Module pamo_safe_project.kernels.energy_kernels.elastic_energy load on device 'cuda:0' took 19.38 ms
Module pamo_safe_project.kernels.energy_kernels.hinge_energy load on device 'cuda:0' took 48.98 ms
Module pamo_safe_project.kernels.energy_kernels.contact_detection load on device 'cuda:0' took 27.95 ms
Module pamo_safe_project.kernels.energy_kernels.distance_energy load on device 'cuda:0' took 37.83 ms
Module pamo_safe_project.kernels.energy_kernels.collision_energy load on device 'cuda:0' took 126.27 ms
Module pamo_safe_project.kernels.utils_kernels load on device 'cuda:0' took 5.55 ms
Module pamo_safe_project.kernels.solver_kernels load on device 'cuda:0' took 4.30 ms
Module warp.utils load on device 'cuda:0' took 2.14 ms
Module pamo_safe_project.kernels.distance_kernels.grad_funcs load on device 'cuda:0' took 30.76 ms
Module pamo_safe_project.kernels.distance_kernels.hessian_funcs load on device 'cuda:0' took 134.44 ms
Module pamo_safe_project.kernels.distance_kernels.distance_kernels load on device 'cuda:0' took 186.10 ms
Module pamo_safe_project.kernels.distance_kernels.grad_funcs_struct load on device 'cuda:0' took 28.79 ms
Module pamo_safe_project.kernels.distance_kernels.distance_kernels_struct load on device 'cuda:0' took 33.71 ms
Module pamo_safe_project.kernels.ccd_kernels load on device 'cuda:0' took 37.54 ms
Module pamo_safe_project.kernels.energy_kernels.lb_curvature_energy load on device 'cuda:0' took 5.20 ms
