Stage1 :  True
Stage3 :  True
Warp 1.0.0-beta.2 initialized:
   CUDA Toolkit: 12.8, Driver: 13.2
   Devices:
     "cpu"    | x86_64
     "cuda:0" | NVIDIA GeForce RTX 4080 SUPER (sm_89)
   Kernel cache: /root/.cache/warp/1.0.0-beta.2
Target faces : 2154
Time for Remeshing: 0.07967424392700195 sec
Time for Simplification: 0.48758864402770996 sec
Module pamo_safe_project.kernels.geometry_kernels load on device 'cuda:0' took 21.03 ms
Module pamo_safe_project.kernels.energy_kernels.elastic_energy load on device 'cuda:0' took 19.56 ms
Module pamo_safe_project.kernels.energy_kernels.hinge_energy load on device 'cuda:0' took 48.30 ms
Module pamo_safe_project.kernels.energy_kernels.contact_detection load on device 'cuda:0' took 27.56 ms
Module pamo_safe_project.kernels.energy_kernels.distance_energy load on device 'cuda:0' took 37.56 ms
Module pamo_safe_project.kernels.energy_kernels.collision_energy load on device 'cuda:0' took 123.83 ms
Module pamo_safe_project.kernels.utils_kernels load on device 'cuda:0' took 5.59 ms
Module pamo_safe_project.kernels.solver_kernels load on device 'cuda:0' took 6.38 ms
Module warp.utils load on device 'cuda:0' took 2.36 ms
Module pamo_safe_project.kernels.distance_kernels.grad_funcs load on device 'cuda:0' took 31.06 ms
Module pamo_safe_project.kernels.distance_kernels.hessian_funcs load on device 'cuda:0' took 138.11 ms
Module pamo_safe_project.kernels.distance_kernels.distance_kernels load on device 'cuda:0' took 193.41 ms
Module pamo_safe_project.kernels.distance_kernels.grad_funcs_struct load on device 'cuda:0' took 28.80 ms
Module pamo_safe_project.kernels.distance_kernels.distance_kernels_struct load on device 'cuda:0' took 31.54 ms
Module pamo_safe_project.kernels.ccd_kernels load on device 'cuda:0' took 39.65 ms
Module pamo_safe_project.kernels.energy_kernels.lb_curvature_energy load on device 'cuda:0' took 5.30 ms
