Stage1 :  True
Stage3 :  True
Warp 1.0.0-beta.2 initialized:
   CUDA Toolkit: 12.8, Driver: 13.2
   Devices:
     "cpu"    | x86_64
     "cuda:0" | NVIDIA GeForce RTX 4080 SUPER (sm_89)
   Kernel cache: /root/.cache/warp/1.0.0-beta.2
Target faces : 1454
Time for Remeshing: 0.08245086669921875 sec
Time for Simplification: 0.45583605766296387 sec
Module pamo_safe_project.kernels.geometry_kernels load on device 'cuda:0' took 21.15 ms
Module pamo_safe_project.kernels.energy_kernels.elastic_energy load on device 'cuda:0' took 19.61 ms
Module pamo_safe_project.kernels.energy_kernels.hinge_energy load on device 'cuda:0' took 47.99 ms
Module pamo_safe_project.kernels.energy_kernels.contact_detection load on device 'cuda:0' took 27.63 ms
Module pamo_safe_project.kernels.energy_kernels.distance_energy load on device 'cuda:0' took 37.46 ms
Module pamo_safe_project.kernels.energy_kernels.collision_energy load on device 'cuda:0' took 123.92 ms
Module pamo_safe_project.kernels.utils_kernels load on device 'cuda:0' took 5.47 ms
Module pamo_safe_project.kernels.solver_kernels load on device 'cuda:0' took 4.30 ms
Module warp.utils load on device 'cuda:0' took 2.12 ms
Module pamo_safe_project.kernels.distance_kernels.grad_funcs load on device 'cuda:0' took 32.67 ms
Module pamo_safe_project.kernels.distance_kernels.hessian_funcs load on device 'cuda:0' took 134.78 ms
Module pamo_safe_project.kernels.distance_kernels.distance_kernels load on device 'cuda:0' took 187.94 ms
Module pamo_safe_project.kernels.distance_kernels.grad_funcs_struct load on device 'cuda:0' took 28.44 ms
Module pamo_safe_project.kernels.distance_kernels.distance_kernels_struct load on device 'cuda:0' took 31.35 ms
Module pamo_safe_project.kernels.ccd_kernels load on device 'cuda:0' took 36.99 ms
Module pamo_safe_project.kernels.energy_kernels.lb_curvature_energy load on device 'cuda:0' took 5.24 ms
