Warp 1.0.0-beta.2 initialized:
   CUDA Toolkit: 12.8, Driver: 13.2
   Devices:
     "cpu"    | x86_64
     "cuda:0" | NVIDIA GeForce RTX 4090 (sm_89)
   Kernel cache: /root/.cache/warp/1.0.0-beta.2
[33;20mWARNING - Triangle area is too small (min_area=1.3343290748790253e-10), may cause numerical instability (system.py:213)[0m
Module pamo_safe_project.kernels.geometry_kernels load on device 'cuda:0' took 17.41 ms
Module pamo_safe_project.kernels.energy_kernels.elastic_energy load on device 'cuda:0' took 11.27 ms
Module pamo_safe_project.kernels.energy_kernels.hinge_energy load on device 'cuda:0' took 28.29 ms
Module pamo_safe_project.kernels.energy_kernels.contact_detection load on device 'cuda:0' took 18.01 ms
Module pamo_safe_project.kernels.energy_kernels.distance_energy load on device 'cuda:0' took 34.79 ms
Module pamo_safe_project.kernels.energy_kernels.collision_energy load on device 'cuda:0' took 136.76 ms
Module pamo_safe_project.kernels.utils_kernels load on device 'cuda:0' took 3.20 ms
Module tangent_plane_gpu load on device 'cuda:0' took 1.27 ms
Module locality_gpu load on device 'cuda:0' took 0.75 ms
Module pamo_safe_project.kernels.solver_kernels load on device 'cuda:0' took 4.36 ms
Module warp.utils load on device 'cuda:0' took 1.91 ms
Module pamo_safe_project.kernels.distance_kernels.grad_funcs load on device 'cuda:0' took 93.83 ms
Module pamo_safe_project.kernels.distance_kernels.hessian_funcs load on device 'cuda:0' took 145.82 ms
Module pamo_safe_project.kernels.distance_kernels.distance_kernels load on device 'cuda:0' took 112.28 ms
Module pamo_safe_project.kernels.distance_kernels.grad_funcs_struct load on device 'cuda:0' took 16.43 ms
Module pamo_safe_project.kernels.distance_kernels.distance_kernels_struct load on device 'cuda:0' took 17.91 ms
Module pamo_safe_project.kernels.ccd_kernels load on device 'cuda:0' took 22.28 ms
Module pamo_safe_project.kernels.energy_kernels.lb_curvature_energy load on device 'cuda:0' took 3.28 ms
