Stage1 :  True
Stage3 :  True
Warp 1.0.0-beta.2 initialized:
   CUDA Toolkit: 12.8, Driver: 13.2
   Devices:
     "cpu"    | x86_64
     "cuda:0" | NVIDIA GeForce RTX 4090 (sm_89)
   Kernel cache: /root/.cache/warp/1.0.0-beta.2
Target faces : 6676
Time for Remeshing: 0.09691452980041504 sec
Time for Simplification: 0.39095115661621094 sec
Module pamo_safe_project.kernels.geometry_kernels load on device 'cuda:0' took 12.31 ms
Module pamo_safe_project.kernels.energy_kernels.elastic_energy load on device 'cuda:0' took 10.87 ms
Module pamo_safe_project.kernels.energy_kernels.hinge_energy load on device 'cuda:0' took 26.55 ms
Module pamo_safe_project.kernels.energy_kernels.contact_detection load on device 'cuda:0' took 21.70 ms
Module pamo_safe_project.kernels.energy_kernels.distance_energy load on device 'cuda:0' took 21.15 ms
Module pamo_safe_project.kernels.energy_kernels.collision_energy load on device 'cuda:0' took 70.08 ms
Module pamo_safe_project.kernels.utils_kernels load on device 'cuda:0' took 3.19 ms
Module pamo_safe_project.kernels.solver_kernels load on device 'cuda:0' took 2.60 ms
Module warp.utils load on device 'cuda:0' took 1.34 ms
Module pamo_safe_project.kernels.distance_kernels.grad_funcs load on device 'cuda:0' took 16.83 ms
Module pamo_safe_project.kernels.distance_kernels.hessian_funcs load on device 'cuda:0' took 75.30 ms
Module pamo_safe_project.kernels.distance_kernels.distance_kernels load on device 'cuda:0' took 108.02 ms
Module pamo_safe_project.kernels.distance_kernels.grad_funcs_struct load on device 'cuda:0' took 15.86 ms
Module pamo_safe_project.kernels.distance_kernels.distance_kernels_struct load on device 'cuda:0' took 17.61 ms
Module pamo_safe_project.kernels.ccd_kernels load on device 'cuda:0' took 21.95 ms
Module pamo_safe_project.kernels.energy_kernels.lb_curvature_energy load on device 'cuda:0' took 3.25 ms
Module locality_gpu load on device 'cuda:0' took 0.76 ms
{"pamo_run_ms": 1488.760931417346, "stage1": "original", "method": "full", "maintenance_ms": 3151.663457043469, "status": "pending_independent_audit"}
