# of input verts : 544
# of input faces : 1084
Stage1 :  True
Stage3 :  True
Warp 1.0.0-beta.2 initialized:
   CUDA Toolkit: 12.8, Driver: 13.2
   Devices:
     "cpu"    | x86_64
     "cuda:0" | NVIDIA GeForce RTX 4090 (sm_89)
   Kernel cache: /root/.cache/warp/1.0.0-beta.2
Target faces : 1084
Time for Remeshing: 0.06436300277709961 sec
Time for Simplification: 0.40769338607788086 sec
Module pamo_safe_project.kernels.geometry_kernels load on device 'cuda:0' took 88.05 ms
Module pamo_safe_project.kernels.energy_kernels.elastic_energy load on device 'cuda:0' took 11.63 ms
Module pamo_safe_project.kernels.energy_kernels.hinge_energy load on device 'cuda:0' took 27.69 ms
Module pamo_safe_project.kernels.energy_kernels.contact_detection load on device 'cuda:0' took 17.10 ms
Module pamo_safe_project.kernels.energy_kernels.distance_energy load on device 'cuda:0' took 22.23 ms
Module pamo_safe_project.kernels.energy_kernels.collision_energy load on device 'cuda:0' took 73.15 ms
Module pamo_safe_project.kernels.utils_kernels load on device 'cuda:0' took 4.09 ms
Module pamo_safe_project.kernels.solver_kernels load on device 'cuda:0' took 3.26 ms
Module warp.utils load on device 'cuda:0' took 1.98 ms
Module pamo_safe_project.kernels.distance_kernels.grad_funcs load on device 'cuda:0' took 17.52 ms
Module pamo_safe_project.kernels.distance_kernels.hessian_funcs load on device 'cuda:0' took 73.13 ms
Module pamo_safe_project.kernels.distance_kernels.distance_kernels load on device 'cuda:0' took 104.75 ms
Module pamo_safe_project.kernels.distance_kernels.grad_funcs_struct load on device 'cuda:0' took 16.29 ms
Module pamo_safe_project.kernels.distance_kernels.distance_kernels_struct load on device 'cuda:0' took 18.14 ms
Module pamo_safe_project.kernels.ccd_kernels load on device 'cuda:0' took 23.12 ms
Module pamo_safe_project.kernels.energy_kernels.lb_curvature_energy load on device 'cuda:0' took 3.87 ms
Total time:  1.4532203674316406
# of output verts : 544
# of output faces : 1084
