Stage1 :  True
Stage3 :  True
{"original_config_sha256": "df1eb24db57394c32e31f6d67a58cd7ef6c25febc11aff39c5e9503ee82d6390", "max_blocks": 67108864}
Warp 1.0.0-beta.2 initialized:
   CUDA Toolkit: 12.8, Driver: 13.2
   Devices:
     "cpu"    | x86_64
     "cuda:0" | NVIDIA GeForce RTX 4080 SUPER (sm_89)
   Kernel cache: /root/.cache/warp/1.0.0-beta.2
Target faces : 3462
Time for Remeshing: 0.08440470695495605 sec
Time for Simplification: 0.1387195587158203 sec
Module pamo_safe_project.kernels.geometry_kernels load on device 'cuda:0' took 23.93 ms
Module pamo_safe_project.kernels.energy_kernels.elastic_energy load on device 'cuda:0' took 20.70 ms
Module pamo_safe_project.kernels.energy_kernels.hinge_energy load on device 'cuda:0' took 51.43 ms
Module pamo_safe_project.kernels.energy_kernels.contact_detection load on device 'cuda:0' took 29.87 ms
Module pamo_safe_project.kernels.energy_kernels.distance_energy load on device 'cuda:0' took 40.34 ms
Module pamo_safe_project.kernels.energy_kernels.collision_energy load on device 'cuda:0' took 134.88 ms
Module pamo_safe_project.kernels.utils_kernels load on device 'cuda:0' took 5.70 ms
Module pamo_safe_project.kernels.solver_kernels load on device 'cuda:0' took 4.60 ms
Module warp.utils load on device 'cuda:0' took 2.32 ms
Module pamo_safe_project.kernels.distance_kernels.grad_funcs load on device 'cuda:0' took 114.12 ms
Module pamo_safe_project.kernels.distance_kernels.hessian_funcs load on device 'cuda:0' took 141.60 ms
Module pamo_safe_project.kernels.distance_kernels.distance_kernels load on device 'cuda:0' took 199.55 ms
Module pamo_safe_project.kernels.distance_kernels.grad_funcs_struct load on device 'cuda:0' took 25.66 ms
Module pamo_safe_project.kernels.distance_kernels.distance_kernels_struct load on device 'cuda:0' took 26.59 ms
Module pamo_safe_project.kernels.ccd_kernels load on device 'cuda:0' took 31.06 ms
Module pamo_safe_project.kernels.energy_kernels.lb_curvature_energy load on device 'cuda:0' took 4.52 ms
Module locality_gpu load on device 'cuda:0' took 0.95 ms
{"pamo_run_ms": 1839.6654706448317, "stage1": "original", "method": "full", "maintenance_ms": 2133.818187750876, "status": "pending_independent_audit"}
