o-[Process     ] Max used threads = 4
o-[I/O         ] Loading file /tmp/geogram_native_quality_20261007_23/inputs/08_parent.obj...
o-[I/O         ] (FP64) nb_v:16 nb_e:0 nb_f:24 nb_b:0 tri:1 dim:3
o-[I/O         ] Attributes on vertices: point[3]
o-[I/O         ] Loading file /tmp/geogram_native_quality_20261007_23/inputs/08_tool.obj...
o-[I/O         ] (FP64) nb_v:642 nb_e:0 nb_f:1280 nb_b:0 tri:1 dim:3
o-[I/O         ] Attributes on vertices: point[3]
NATIVE_DIAGNOSTIC_TERMINATE
exception=Control should not have reached this point.
File: /tmp/geogram_native_quality_20261007_24/candidate_source/src/lib/geogram/numerics/PCK.h,
Line: 214
/tmp/geogram_native_quality_20261007_24/candidate(+0x4105)[0x55c4d88aa105]
/tmp/geogram_native_quality_20261007_24/candidate(+0x413f)[0x55c4d88aa13f]
/usr/lib/x86_64-linux-gnu/libstdc++.so.6(+0xae20c)[0x7f1424ac420c]
/usr/lib/x86_64-linux-gnu/libstdc++.so.6(+0xae277)[0x7f1424ac4277]
/usr/lib/x86_64-linux-gnu/libstdc++.so.6(+0xae4d8)[0x7f1424ac44d8]
/tmp/geogram_native_quality_20261007_24/candidate_build/lib/libgeogram.so.1.10.2(+0x61e21)[0x7f1424cb3e21]
/tmp/geogram_native_quality_20261007_24/candidate_build/lib/libgeogram.so.1.10.2(_ZN3GEO3PCK28incircle_2d_SOS_with_lengthsERKNS_6vec2HgINS_12expansion_ntEEES5_S5_S5_dddd+0x251c)[0x7f1424d6220c]
/tmp/geogram_native_quality_20261007_24/candidate_build/lib/libgeogram.so.1.10.2(_ZN3GEO9CDTBase2d28Delaunayize_vertex_neighborsEjRNS0_5DListE+0xc6)[0x7f1424ecbd56]
/tmp/geogram_native_quality_20261007_24/candidate_build/lib/libgeogram.so.1.10.2(_ZN3GEO9CDTBase2d6insertEjj+0xf4)[0x7f1424ecd914]
/tmp/geogram_native_quality_20261007_24/candidate_build/lib/libgeogram.so.1.10.2(_ZN3GEO10ExactCDT2d6insertERKNS_6vec2HgINS_12expansion_ntEEEjj+0x47)[0x7f1424ed0d47]
/tmp/geogram_native_quality_20261007_24/candidate_build/lib/libgeogram.so.1.10.2(+0x26ce38)[0x7f1424ebee38]
/tmp/geogram_native_quality_20261007_24/candidate_build/lib/libgeogram.so.1.10.2(+0x256a04)[0x7f1424ea8a04]
/tmp/geogram_native_quality_20261007_24/candidate_build/lib/libgeogram.so.1.10.2(+0xf361c)[0x7f1424d4561c]
/tmp/geogram_native_quality_20261007_24/candidate_build/lib/libgeogram.so.1.10.2(+0xf9677)[0x7f1424d4b677]
/usr/lib/x86_64-linux-gnu/libc.so.6(+0x94ac3)[0x7f1424861ac3]
/usr/lib/x86_64-linux-gnu/libc.so.6(clone+0x44)[0x7f14248f2a04]
