only got 10771/16384 samples!
Warp 1.0.0-beta.2 initialized:
   CUDA Toolkit: 12.8, Driver: 13.2
   Devices:
     "cpu"    | x86_64
     "cuda:0" | NVIDIA GeForce RTX 4090 (sm_89)
   Kernel cache: /root/.cache/warp/1.0.0-beta.2
[33;20mWARNING - Triangle area is too small (min_area=1.199056802702231e-13), may cause numerical instability (system.py:213)[0m
Module pamo_safe_project.kernels.geometry_kernels load on device 'cuda:0' took 16.55 ms
Module pamo_safe_project.kernels.energy_kernels.elastic_energy load on device 'cuda:0' took 10.76 ms
Module pamo_safe_project.kernels.energy_kernels.hinge_energy load on device 'cuda:0' took 26.25 ms
Module pamo_safe_project.kernels.energy_kernels.contact_detection load on device 'cuda:0' took 16.90 ms
Module pamo_safe_project.kernels.energy_kernels.distance_energy load on device 'cuda:0' took 20.95 ms
Module pamo_safe_project.kernels.energy_kernels.collision_energy load on device 'cuda:0' took 68.89 ms
Module pamo_safe_project.kernels.utils_kernels load on device 'cuda:0' took 3.07 ms
Module tangent_plane_gpu load on device 'cuda:0' took 1.22 ms
Module locality_gpu load on device 'cuda:0' took 0.71 ms
Traceback (most recent call last):
  File "/root/autodl-tmp/graduation_project/constrained_20261004_共同来源碎片修复多形状开发_09726fb2def8/run_constrained_worker.py", line 75, in <module>
    main()
  File "/root/autodl-tmp/graduation_project/constrained_20261004_共同来源碎片修复多形状开发_09726fb2def8/run_constrained_worker.py", line 52, in main
    result, projection = project_on_planes(source, mesh, fixed,
                         ^^^^^^^^^^^^^^^^^^^^^^^^^^^^^^^^^^^^^^
  File "/root/autodl-tmp/graduation_project/constrained_20261004_共同来源碎片修复多形状开发_09726fb2def8/tangent_plane_gpu.py", line 85, in project_on_planes
    points, faces = process(source.vertices, source.faces, mesh.vertices, mesh.faces, 5, system=system, config=config)
                    ^^^^^^^^^^^^^^^^^^^^^^^^^^^^^^^^^^^^^^^^^^^^^^^^^^^^^^^^^^^^^^^^^^^^^^^^^^^^^^^^^^^^^^^^^^^^^^^^^^
  File "/root/autodl-tmp/graduation_project/pamo_quality_20260927_015556_807159_retry3/venv/lib/python3.12/site-packages/pamo_safe_project/processing.py", line 87, in process
    system.step()
  File "/root/autodl-tmp/graduation_project/pamo_quality_20260927_015556_807159_retry3/venv/lib/python3.12/site-packages/pamo_safe_project/system.py", line 442, in step
    self.cg_solver.solve()
  File "/root/autodl-tmp/graduation_project/constrained_20261004_共同来源碎片修复多形状开发_09726fb2def8/tangent_plane_gpu.py", line 38, in solve
    raise RuntimeError("切平面约束梯度非有限")
RuntimeError: 切平面约束梯度非有限
