Stage1 :  True
Stage3 :  True
Warp 1.0.0-beta.2 initialized:
   CUDA Toolkit: 12.8, Driver: 13.2
   Devices:
     "cpu"    | x86_64
     "cuda:0" | NVIDIA GeForce RTX 4080 SUPER (sm_89)
   Kernel cache: /root/.cache/warp/1.0.0-beta.2
Target faces : 2380
Time for Remeshing: 0.19013118743896484 sec
Time for Simplification: 0.7105166912078857 sec
Module pamo_safe_project.kernels.geometry_kernels load on device 'cuda:0' took 34.48 ms
Module pamo_safe_project.kernels.energy_kernels.elastic_energy load on device 'cuda:0' took 35.89 ms
Module pamo_safe_project.kernels.energy_kernels.hinge_energy load on device 'cuda:0' took 88.33 ms
Module pamo_safe_project.kernels.energy_kernels.contact_detection load on device 'cuda:0' took 47.95 ms
Module pamo_safe_project.kernels.energy_kernels.distance_energy load on device 'cuda:0' took 56.79 ms
Module pamo_safe_project.kernels.energy_kernels.collision_energy load on device 'cuda:0' took 139.02 ms
Module pamo_safe_project.kernels.utils_kernels load on device 'cuda:0' took 6.90 ms
Module pamo_safe_project.kernels.solver_kernels load on device 'cuda:0' took 6.61 ms
Module warp.utils load on device 'cuda:0' took 4.53 ms
Module pamo_safe_project.kernels.distance_kernels.grad_funcs load on device 'cuda:0' took 38.83 ms
Module pamo_safe_project.kernels.distance_kernels.hessian_funcs load on device 'cuda:0' took 144.92 ms
Module pamo_safe_project.kernels.distance_kernels.distance_kernels load on device 'cuda:0' took 216.22 ms
Module pamo_safe_project.kernels.distance_kernels.grad_funcs_struct load on device 'cuda:0' took 34.69 ms
Module pamo_safe_project.kernels.distance_kernels.distance_kernels_struct load on device 'cuda:0' took 34.69 ms
Module pamo_safe_project.kernels.ccd_kernels load on device 'cuda:0' took 49.17 ms
Module pamo_safe_project.kernels.energy_kernels.lb_curvature_energy load on device 'cuda:0' took 6.58 ms
Module locality_gpu load on device 'cuda:0' took 1.18 ms
{"pamo_run_ms": 3281.5896291285753, "stage1": "original", "method": "full", "maintenance_ms": 6346.266513690352, "status": "pending_independent_audit"}
