Stage1 :  True
Stage3 :  True
{"original_config_sha256": "df1eb24db57394c32e31f6d67a58cd7ef6c25febc11aff39c5e9503ee82d6390", "max_blocks": 67108864}
Warp 1.0.0-beta.2 initialized:
   CUDA Toolkit: 12.8, Driver: 13.2
   Devices:
     "cpu"    | x86_64
     "cuda:0" | NVIDIA GeForce RTX 4080 SUPER (sm_89)
   Kernel cache: /root/.cache/warp/1.0.0-beta.2
Target faces : 61444
Time for Remeshing: 0.1163034439086914 sec
Time for Simplification: 0.015752792358398438 sec
Module pamo_safe_project.kernels.geometry_kernels load on device 'cuda:0' took 23.49 ms
Module pamo_safe_project.kernels.energy_kernels.elastic_energy load on device 'cuda:0' took 93.22 ms
Module pamo_safe_project.kernels.energy_kernels.hinge_energy load on device 'cuda:0' took 50.57 ms
Module pamo_safe_project.kernels.energy_kernels.contact_detection load on device 'cuda:0' took 29.63 ms
Module pamo_safe_project.kernels.energy_kernels.distance_energy load on device 'cuda:0' took 39.54 ms
Module pamo_safe_project.kernels.energy_kernels.collision_energy load on device 'cuda:0' took 129.87 ms
Module pamo_safe_project.kernels.utils_kernels load on device 'cuda:0' took 5.72 ms
Module pamo_safe_project.kernels.solver_kernels load on device 'cuda:0' took 6.05 ms
Module warp.utils load on device 'cuda:0' took 2.30 ms
Module pamo_safe_project.kernels.distance_kernels.grad_funcs load on device 'cuda:0' took 32.11 ms
Module pamo_safe_project.kernels.distance_kernels.hessian_funcs load on device 'cuda:0' took 140.26 ms
Module pamo_safe_project.kernels.distance_kernels.distance_kernels load on device 'cuda:0' took 197.01 ms
Module pamo_safe_project.kernels.distance_kernels.grad_funcs_struct load on device 'cuda:0' took 30.14 ms
Module pamo_safe_project.kernels.distance_kernels.distance_kernels_struct load on device 'cuda:0' took 33.10 ms
Module pamo_safe_project.kernels.ccd_kernels load on device 'cuda:0' took 39.21 ms
Module pamo_safe_project.kernels.energy_kernels.lb_curvature_energy load on device 'cuda:0' took 5.54 ms
Module locality_gpu load on device 'cuda:0' took 1.19 ms
{"pamo_run_ms": 4244.08710654825, "stage1": "original", "method": "full", "maintenance_ms": 4830.276631750166, "status": "pending_independent_audit"}
