Warp 1.0.0-beta.2 initialized:
   CUDA Toolkit: 12.8, Driver: 13.2
   Devices:
     "cpu"    | x86_64
     "cuda:0" | NVIDIA GeForce RTX 4090 (sm_89)
   Kernel cache: /root/.cache/warp/1.0.0-beta.2
Module pamo_safe_project.kernels.geometry_kernels load on device 'cuda:0' took 17.28 ms
Module pamo_safe_project.kernels.energy_kernels.elastic_energy load on device 'cuda:0' took 12.19 ms
Module pamo_safe_project.kernels.energy_kernels.hinge_energy load on device 'cuda:0' took 27.08 ms
Module pamo_safe_project.kernels.energy_kernels.contact_detection load on device 'cuda:0' took 16.36 ms
Module pamo_safe_project.kernels.energy_kernels.distance_energy load on device 'cuda:0' took 23.13 ms
Module pamo_safe_project.kernels.energy_kernels.collision_energy load on device 'cuda:0' took 71.70 ms
Module pamo_safe_project.kernels.utils_kernels load on device 'cuda:0' took 3.16 ms
Module locality_gpu load on device 'cuda:0' took 0.78 ms
Module pamo_safe_project.kernels.solver_kernels load on device 'cuda:0' took 2.55 ms
Module warp.utils load on device 'cuda:0' took 1.42 ms
Module pamo_safe_project.kernels.distance_kernels.grad_funcs load on device 'cuda:0' took 17.74 ms
Module pamo_safe_project.kernels.distance_kernels.hessian_funcs load on device 'cuda:0' took 72.28 ms
Module pamo_safe_project.kernels.distance_kernels.distance_kernels load on device 'cuda:0' took 107.10 ms
Module pamo_safe_project.kernels.distance_kernels.grad_funcs_struct load on device 'cuda:0' took 15.96 ms
Module pamo_safe_project.kernels.distance_kernels.distance_kernels_struct load on device 'cuda:0' took 17.57 ms
Module pamo_safe_project.kernels.ccd_kernels load on device 'cuda:0' took 21.96 ms
Module pamo_safe_project.kernels.energy_kernels.lb_curvature_energy load on device 'cuda:0' took 3.26 ms
{"quality_generation_ms": 63.654400408267975, "requested_edge_length_mm": 0.09679822148301738, "actual_edge_length_mm": 0.21835855543758287, "max_protected_edge_mm": 0.28731388873366165, "active_fraction": 0.05324157913799348, "input_faces": 5522, "output_faces": 5454, "fp64_restoration_max_mm": 0.0, "iterations": 3, "fixed_contract_before_projection": {"passed": true, "external_faces": 5228, "external_faces_retained": 5228, "missing_fixed_vertices": 0}, "safe_projection_ms": 948.8509446382523, "projection_fp64_restoration_max_mm": 1.5323044831342746e-07, "collision_scope": "whole_mesh_author_energy_and_ccd", "fixed_contract": {"passed": true, "external_faces": 5228, "external_faces_retained": 5228, "missing_fixed_vertices": 0}, "method": "boolean", "maintenance_ms": 3041.9676564633846, "status": "pending_independent_audit"}
