Stage1 :  True
Stage3 :  True
{"original_config_sha256": "df1eb24db57394c32e31f6d67a58cd7ef6c25febc11aff39c5e9503ee82d6390", "max_blocks": 67108864}
Warp 1.0.0-beta.2 initialized:
   CUDA Toolkit: 12.8, Driver: 13.2
   Devices:
     "cpu"    | x86_64
     "cuda:0" | NVIDIA GeForce RTX 4080 SUPER (sm_89)
   Kernel cache: /root/.cache/warp/1.0.0-beta.2
Target faces : 67608
Time for Remeshing: 0.10792207717895508 sec
Time for Simplification: 0.019978046417236328 sec
Module pamo_safe_project.kernels.geometry_kernels load on device 'cuda:0' took 25.02 ms
Module pamo_safe_project.kernels.energy_kernels.elastic_energy load on device 'cuda:0' took 131.78 ms
Module pamo_safe_project.kernels.energy_kernels.hinge_energy load on device 'cuda:0' took 52.54 ms
Module pamo_safe_project.kernels.energy_kernels.contact_detection load on device 'cuda:0' took 30.60 ms
Module pamo_safe_project.kernels.energy_kernels.distance_energy load on device 'cuda:0' took 40.58 ms
Module pamo_safe_project.kernels.energy_kernels.collision_energy load on device 'cuda:0' took 227.36 ms
Module pamo_safe_project.kernels.utils_kernels load on device 'cuda:0' took 5.87 ms
Module pamo_safe_project.kernels.solver_kernels load on device 'cuda:0' took 6.52 ms
Module warp.utils load on device 'cuda:0' took 2.46 ms
Module pamo_safe_project.kernels.distance_kernels.grad_funcs load on device 'cuda:0' took 32.66 ms
Module pamo_safe_project.kernels.distance_kernels.hessian_funcs load on device 'cuda:0' took 143.38 ms
Module pamo_safe_project.kernels.distance_kernels.distance_kernels load on device 'cuda:0' took 200.65 ms
Module pamo_safe_project.kernels.distance_kernels.grad_funcs_struct load on device 'cuda:0' took 30.94 ms
Module pamo_safe_project.kernels.distance_kernels.distance_kernels_struct load on device 'cuda:0' took 33.94 ms
Module pamo_safe_project.kernels.ccd_kernels load on device 'cuda:0' took 40.36 ms
Module pamo_safe_project.kernels.energy_kernels.lb_curvature_energy load on device 'cuda:0' took 5.85 ms
Module locality_gpu load on device 'cuda:0' took 1.27 ms
{"pamo_run_ms": 4624.561705626547, "stage1": "original", "method": "full", "maintenance_ms": 5337.390479631722, "status": "pending_independent_audit"}
