Stage1 :  True
Stage3 :  True
Warp 1.0.0-beta.2 initialized:
   CUDA Toolkit: 12.8, Driver: 13.2
   Devices:
     "cpu"    | x86_64
     "cuda:0" | NVIDIA GeForce RTX 4080 SUPER (sm_89)
   Kernel cache: /root/.cache/warp/1.0.0-beta.2
Target faces : 1674
Time for Remeshing: 0.12673497200012207 sec
Time for Simplification: 1.004373550415039 sec
Module pamo_safe_project.kernels.geometry_kernels load on device 'cuda:0' took 23.18 ms
Module pamo_safe_project.kernels.energy_kernels.elastic_energy load on device 'cuda:0' took 21.24 ms
Module pamo_safe_project.kernels.energy_kernels.hinge_energy load on device 'cuda:0' took 51.91 ms
Module pamo_safe_project.kernels.energy_kernels.contact_detection load on device 'cuda:0' took 30.20 ms
Module pamo_safe_project.kernels.energy_kernels.distance_energy load on device 'cuda:0' took 41.48 ms
Module pamo_safe_project.kernels.energy_kernels.collision_energy load on device 'cuda:0' took 132.81 ms
Module pamo_safe_project.kernels.utils_kernels load on device 'cuda:0' took 5.83 ms
Module pamo_safe_project.kernels.solver_kernels load on device 'cuda:0' took 4.86 ms
Module warp.utils load on device 'cuda:0' took 2.42 ms
Module pamo_safe_project.kernels.distance_kernels.grad_funcs load on device 'cuda:0' took 32.32 ms
Module pamo_safe_project.kernels.distance_kernels.hessian_funcs load on device 'cuda:0' took 140.32 ms
Module pamo_safe_project.kernels.distance_kernels.distance_kernels load on device 'cuda:0' took 198.08 ms
Module pamo_safe_project.kernels.distance_kernels.grad_funcs_struct load on device 'cuda:0' took 30.78 ms
Module pamo_safe_project.kernels.distance_kernels.distance_kernels_struct load on device 'cuda:0' took 33.35 ms
Module pamo_safe_project.kernels.ccd_kernels load on device 'cuda:0' took 40.25 ms
Module pamo_safe_project.kernels.energy_kernels.lb_curvature_energy load on device 'cuda:0' took 5.74 ms
Module locality_gpu load on device 'cuda:0' took 1.33 ms
{"pamo_run_ms": 2877.047444693744, "stage1": "original", "method": "full", "maintenance_ms": 5630.626293830574, "status": "pending_independent_audit"}
