Stage1 :  True
Stage3 :  True
Warp 1.0.0-beta.2 initialized:
   CUDA Toolkit: 12.8, Driver: 13.2
   Devices:
     "cpu"    | x86_64
     "cuda:0" | NVIDIA GeForce RTX 4090 (sm_89)
   Kernel cache: /root/.cache/warp/1.0.0-beta.2
Target faces : 5348
Time for Remeshing: 0.09376978874206543 sec
Time for Simplification: 0.39245080947875977 sec
Module pamo_safe_project.kernels.geometry_kernels load on device 'cuda:0' took 12.53 ms
Module pamo_safe_project.kernels.energy_kernels.elastic_energy load on device 'cuda:0' took 11.09 ms
Module pamo_safe_project.kernels.energy_kernels.hinge_energy load on device 'cuda:0' took 26.58 ms
Module pamo_safe_project.kernels.energy_kernels.contact_detection load on device 'cuda:0' took 18.59 ms
Module pamo_safe_project.kernels.energy_kernels.distance_energy load on device 'cuda:0' took 21.43 ms
Module pamo_safe_project.kernels.energy_kernels.collision_energy load on device 'cuda:0' took 71.29 ms
Module pamo_safe_project.kernels.utils_kernels load on device 'cuda:0' took 3.25 ms
Module pamo_safe_project.kernels.solver_kernels load on device 'cuda:0' took 2.67 ms
Module warp.utils load on device 'cuda:0' took 1.43 ms
Module pamo_safe_project.kernels.distance_kernels.grad_funcs load on device 'cuda:0' took 16.82 ms
Module pamo_safe_project.kernels.distance_kernels.hessian_funcs load on device 'cuda:0' took 73.92 ms
Module pamo_safe_project.kernels.distance_kernels.distance_kernels load on device 'cuda:0' took 106.55 ms
Module pamo_safe_project.kernels.distance_kernels.grad_funcs_struct load on device 'cuda:0' took 16.41 ms
Module pamo_safe_project.kernels.distance_kernels.distance_kernels_struct load on device 'cuda:0' took 17.81 ms
Module pamo_safe_project.kernels.ccd_kernels load on device 'cuda:0' took 22.18 ms
Module pamo_safe_project.kernels.energy_kernels.lb_curvature_energy load on device 'cuda:0' took 3.32 ms
Module locality_gpu load on device 'cuda:0' took 0.81 ms
{"pamo_run_ms": 1519.1820254549384, "stage1": "original", "method": "full", "maintenance_ms": 3217.097089625895, "status": "pending_independent_audit"}
