# of input verts : 729
# of input faces : 1454
Stage1 :  True
Stage3 :  True
Warp 1.0.0-beta.2 initialized:
   CUDA Toolkit: 12.8, Driver: 13.2
   Devices:
     "cpu"    | x86_64
     "cuda:0" | NVIDIA GeForce RTX 4080 SUPER (sm_89)
   Kernel cache: /root/.cache/warp/1.0.0-beta.2
Target faces : 1454
SYNC_STAGE1_MS: 79.360231757164
Time for Remeshing: 0.0793602466583252 sec
SYNC_STAGE2_MS: 465.5232885852456
Time for Simplification: 0.46552419662475586 sec
Module pamo_safe_project.kernels.geometry_kernels load on device 'cuda:0' took 101.29 ms
Module pamo_safe_project.kernels.energy_kernels.elastic_energy load on device 'cuda:0' took 19.63 ms
Module pamo_safe_project.kernels.energy_kernels.hinge_energy load on device 'cuda:0' took 48.14 ms
Module pamo_safe_project.kernels.energy_kernels.contact_detection load on device 'cuda:0' took 27.77 ms
Module pamo_safe_project.kernels.energy_kernels.distance_energy load on device 'cuda:0' took 37.39 ms
Module pamo_safe_project.kernels.energy_kernels.collision_energy load on device 'cuda:0' took 126.47 ms
Module pamo_safe_project.kernels.utils_kernels load on device 'cuda:0' took 5.63 ms
Module pamo_safe_project.kernels.solver_kernels load on device 'cuda:0' took 4.49 ms
Module warp.utils load on device 'cuda:0' took 2.21 ms
Module pamo_safe_project.kernels.distance_kernels.grad_funcs load on device 'cuda:0' took 31.14 ms
Module pamo_safe_project.kernels.distance_kernels.hessian_funcs load on device 'cuda:0' took 135.83 ms
Module pamo_safe_project.kernels.distance_kernels.distance_kernels load on device 'cuda:0' took 194.60 ms
Module pamo_safe_project.kernels.distance_kernels.grad_funcs_struct load on device 'cuda:0' took 29.80 ms
Module pamo_safe_project.kernels.distance_kernels.distance_kernels_struct load on device 'cuda:0' took 32.32 ms
Module pamo_safe_project.kernels.ccd_kernels load on device 'cuda:0' took 41.90 ms
Module pamo_safe_project.kernels.energy_kernels.lb_curvature_energy load on device 'cuda:0' took 5.51 ms
SYNC_STAGE3_MS: 1275.755780749023
Total time:  1.9212291240692139
# of output verts : 697
# of output faces : 1390
