# of input verts : 864
# of input faces : 1724
Stage1 :  True
Stage3 :  True
Warp 1.0.0-beta.2 initialized:
   CUDA Toolkit: 12.8, Driver: 13.2
   Devices:
     "cpu"    | x86_64
     "cuda:0" | NVIDIA GeForce RTX 4080 SUPER (sm_89)
   Kernel cache: /root/.cache/warp/1.0.0-beta.2
Target faces : 1724
SYNC_STAGE1_MS: 80.6950069963932
Time for Remeshing: 0.08069515228271484 sec
SYNC_STAGE2_MS: 492.3596531152725
Time for Simplification: 0.49236130714416504 sec
Module pamo_safe_project.kernels.geometry_kernels load on device 'cuda:0' took 112.48 ms
Module pamo_safe_project.kernels.energy_kernels.elastic_energy load on device 'cuda:0' took 19.88 ms
Module pamo_safe_project.kernels.energy_kernels.hinge_energy load on device 'cuda:0' took 48.31 ms
Module pamo_safe_project.kernels.energy_kernels.contact_detection load on device 'cuda:0' took 27.85 ms
Module pamo_safe_project.kernels.energy_kernels.distance_energy load on device 'cuda:0' took 37.41 ms
Module pamo_safe_project.kernels.energy_kernels.collision_energy load on device 'cuda:0' took 125.89 ms
Module pamo_safe_project.kernels.utils_kernels load on device 'cuda:0' took 5.42 ms
Module pamo_safe_project.kernels.solver_kernels load on device 'cuda:0' took 4.40 ms
Module warp.utils load on device 'cuda:0' took 2.17 ms
Module pamo_safe_project.kernels.distance_kernels.grad_funcs load on device 'cuda:0' took 30.78 ms
Module pamo_safe_project.kernels.distance_kernels.hessian_funcs load on device 'cuda:0' took 133.89 ms
Module pamo_safe_project.kernels.distance_kernels.distance_kernels load on device 'cuda:0' took 188.79 ms
Module pamo_safe_project.kernels.distance_kernels.grad_funcs_struct load on device 'cuda:0' took 28.99 ms
Module pamo_safe_project.kernels.distance_kernels.distance_kernels_struct load on device 'cuda:0' took 31.59 ms
Module pamo_safe_project.kernels.ccd_kernels load on device 'cuda:0' took 37.43 ms
Module pamo_safe_project.kernels.energy_kernels.lb_curvature_energy load on device 'cuda:0' took 5.23 ms
SYNC_STAGE3_MS: 1284.306414425373
Total time:  1.9703686237335205
# of output verts : 825
# of output faces : 1646
