# of input verts : 2745
# of input faces : 5486
Stage1 :  True
Stage3 :  True
Warp 1.0.0-beta.2 initialized:
   CUDA Toolkit: 12.8, Driver: 13.2
   Devices:
     "cpu"    | x86_64
     "cuda:0" | NVIDIA GeForce RTX 4080 SUPER (sm_89)
   Kernel cache: /root/.cache/warp/1.0.0-beta.2
Target faces : 5486
SYNC_STAGE1_MS: 68.59523616731167
Time for Remeshing: 0.06859517097473145 sec
SYNC_STAGE2_MS: 512.2970575466752
Time for Simplification: 0.5122978687286377 sec
Module pamo_safe_project.kernels.geometry_kernels load on device 'cuda:0' took 102.72 ms
Module pamo_safe_project.kernels.energy_kernels.elastic_energy load on device 'cuda:0' took 12.69 ms
Module pamo_safe_project.kernels.energy_kernels.hinge_energy load on device 'cuda:0' took 34.15 ms
Module pamo_safe_project.kernels.energy_kernels.contact_detection load on device 'cuda:0' took 17.85 ms
Module pamo_safe_project.kernels.energy_kernels.distance_energy load on device 'cuda:0' took 26.00 ms
Module pamo_safe_project.kernels.energy_kernels.collision_energy load on device 'cuda:0' took 85.81 ms
Module pamo_safe_project.kernels.utils_kernels load on device 'cuda:0' took 3.70 ms
Module pamo_safe_project.kernels.solver_kernels load on device 'cuda:0' took 3.00 ms
Module warp.utils load on device 'cuda:0' took 1.50 ms
Module pamo_safe_project.kernels.distance_kernels.grad_funcs load on device 'cuda:0' took 19.78 ms
Module pamo_safe_project.kernels.distance_kernels.hessian_funcs load on device 'cuda:0' took 94.97 ms
Module pamo_safe_project.kernels.distance_kernels.distance_kernels load on device 'cuda:0' took 127.64 ms
Module pamo_safe_project.kernels.distance_kernels.grad_funcs_struct load on device 'cuda:0' took 19.57 ms
Module pamo_safe_project.kernels.distance_kernels.distance_kernels_struct load on device 'cuda:0' took 22.52 ms
Module pamo_safe_project.kernels.ccd_kernels load on device 'cuda:0' took 27.43 ms
Module pamo_safe_project.kernels.energy_kernels.lb_curvature_energy load on device 'cuda:0' took 3.58 ms
SYNC_STAGE3_MS: 1033.1732984632254
Total time:  1.7273240089416504
# of output verts : 2619
# of output faces : 5234
