# of input verts : 2692
# of input faces : 5380
Stage1 :  True
Stage3 :  True
Warp 1.0.0-beta.2 initialized:
   CUDA Toolkit: 12.8, Driver: 13.2
   Devices:
     "cpu"    | x86_64
     "cuda:0" | NVIDIA GeForce RTX 4080 SUPER (sm_89)
   Kernel cache: /root/.cache/warp/1.0.0-beta.2
Target faces : 5380
SYNC_STAGE1_MS: 67.52446945756674
Time for Remeshing: 0.06752467155456543 sec
SYNC_STAGE2_MS: 450.67641139030457
Time for Simplification: 0.45067787170410156 sec
Module pamo_safe_project.kernels.geometry_kernels load on device 'cuda:0' took 170.91 ms
Module pamo_safe_project.kernels.energy_kernels.elastic_energy load on device 'cuda:0' took 20.76 ms
Module pamo_safe_project.kernels.energy_kernels.hinge_energy load on device 'cuda:0' took 49.29 ms
Module pamo_safe_project.kernels.energy_kernels.contact_detection load on device 'cuda:0' took 28.31 ms
Module pamo_safe_project.kernels.energy_kernels.distance_energy load on device 'cuda:0' took 38.38 ms
Module pamo_safe_project.kernels.energy_kernels.collision_energy load on device 'cuda:0' took 126.78 ms
Module pamo_safe_project.kernels.utils_kernels load on device 'cuda:0' took 5.54 ms
Module pamo_safe_project.kernels.solver_kernels load on device 'cuda:0' took 4.53 ms
Module warp.utils load on device 'cuda:0' took 2.26 ms
Module pamo_safe_project.kernels.distance_kernels.grad_funcs load on device 'cuda:0' took 31.12 ms
Module pamo_safe_project.kernels.distance_kernels.hessian_funcs load on device 'cuda:0' took 135.58 ms
Module pamo_safe_project.kernels.distance_kernels.distance_kernels load on device 'cuda:0' took 205.92 ms
Module pamo_safe_project.kernels.distance_kernels.grad_funcs_struct load on device 'cuda:0' took 29.32 ms
Module pamo_safe_project.kernels.distance_kernels.distance_kernels_struct load on device 'cuda:0' took 31.41 ms
Module pamo_safe_project.kernels.ccd_kernels load on device 'cuda:0' took 37.93 ms
Module pamo_safe_project.kernels.energy_kernels.lb_curvature_energy load on device 'cuda:0' took 5.29 ms
SYNC_STAGE3_MS: 1371.076070703566
Total time:  2.0094926357269287
# of output verts : 2555
# of output faces : 5106
