# of input verts : 729
# of input faces : 1454
Stage1 :  True
Stage3 :  True
Warp 1.0.0-beta.2 initialized:
   CUDA Toolkit: 12.8, Driver: 13.2
   Devices:
     "cpu"    | x86_64
     "cuda:0" | NVIDIA GeForce RTX 4080 SUPER (sm_89)
   Kernel cache: /root/.cache/warp/1.0.0-beta.2
Target faces : 1454
SYNC_STAGE1_MS: 64.93549048900604
Time for Remeshing: 0.06493568420410156 sec
SYNC_STAGE2_MS: 437.4254858121276
Time for Simplification: 0.4374268054962158 sec
Module pamo_safe_project.kernels.geometry_kernels load on device 'cuda:0' took 112.60 ms
Module pamo_safe_project.kernels.energy_kernels.elastic_energy load on device 'cuda:0' took 22.42 ms
Module pamo_safe_project.kernels.energy_kernels.hinge_energy load on device 'cuda:0' took 43.71 ms
Module pamo_safe_project.kernels.energy_kernels.contact_detection load on device 'cuda:0' took 21.44 ms
Module pamo_safe_project.kernels.energy_kernels.distance_energy load on device 'cuda:0' took 28.56 ms
Module pamo_safe_project.kernels.energy_kernels.collision_energy load on device 'cuda:0' took 87.04 ms
Module pamo_safe_project.kernels.utils_kernels load on device 'cuda:0' took 3.64 ms
Module pamo_safe_project.kernels.solver_kernels load on device 'cuda:0' took 2.98 ms
Module warp.utils load on device 'cuda:0' took 1.47 ms
Module pamo_safe_project.kernels.distance_kernels.grad_funcs load on device 'cuda:0' took 20.69 ms
Module pamo_safe_project.kernels.distance_kernels.hessian_funcs load on device 'cuda:0' took 91.83 ms
Module pamo_safe_project.kernels.distance_kernels.distance_kernels load on device 'cuda:0' took 131.42 ms
Module pamo_safe_project.kernels.distance_kernels.grad_funcs_struct load on device 'cuda:0' took 19.70 ms
Module pamo_safe_project.kernels.distance_kernels.distance_kernels_struct load on device 'cuda:0' took 21.15 ms
Module pamo_safe_project.kernels.ccd_kernels load on device 'cuda:0' took 26.02 ms
Module pamo_safe_project.kernels.energy_kernels.lb_curvature_energy load on device 'cuda:0' took 4.05 ms
SYNC_STAGE3_MS: 1041.3784217089415
Total time:  1.6648309230804443
# of output verts : 709
# of output faces : 1414
