# of input verts : 864
# of input faces : 1724
Stage1 :  True
Stage3 :  True
Warp 1.0.0-beta.2 initialized:
   CUDA Toolkit: 12.8, Driver: 13.2
   Devices:
     "cpu"    | x86_64
     "cuda:0" | NVIDIA GeForce RTX 4080 SUPER (sm_89)
   Kernel cache: /root/.cache/warp/1.0.0-beta.2
Target faces : 1724
SYNC_STAGE1_MS: 65.17674122005701
Time for Remeshing: 0.06517672538757324 sec
SYNC_STAGE2_MS: 436.17403972893953
Time for Simplification: 0.4361746311187744 sec
Module pamo_safe_project.kernels.geometry_kernels load on device 'cuda:0' took 103.50 ms
Module pamo_safe_project.kernels.energy_kernels.elastic_energy load on device 'cuda:0' took 13.64 ms
Module pamo_safe_project.kernels.energy_kernels.hinge_energy load on device 'cuda:0' took 34.76 ms
Module pamo_safe_project.kernels.energy_kernels.contact_detection load on device 'cuda:0' took 19.01 ms
Module pamo_safe_project.kernels.energy_kernels.distance_energy load on device 'cuda:0' took 26.37 ms
Module pamo_safe_project.kernels.energy_kernels.collision_energy load on device 'cuda:0' took 89.62 ms
Module pamo_safe_project.kernels.utils_kernels load on device 'cuda:0' took 4.25 ms
Module pamo_safe_project.kernels.solver_kernels load on device 'cuda:0' took 3.43 ms
Module warp.utils load on device 'cuda:0' took 1.70 ms
Module pamo_safe_project.kernels.distance_kernels.grad_funcs load on device 'cuda:0' took 23.55 ms
Module pamo_safe_project.kernels.distance_kernels.hessian_funcs load on device 'cuda:0' took 101.52 ms
Module pamo_safe_project.kernels.distance_kernels.distance_kernels load on device 'cuda:0' took 132.09 ms
Module pamo_safe_project.kernels.distance_kernels.grad_funcs_struct load on device 'cuda:0' took 19.99 ms
Module pamo_safe_project.kernels.distance_kernels.distance_kernels_struct load on device 'cuda:0' took 22.35 ms
Module pamo_safe_project.kernels.ccd_kernels load on device 'cuda:0' took 26.39 ms
Module pamo_safe_project.kernels.energy_kernels.lb_curvature_energy load on device 'cuda:0' took 3.54 ms
SYNC_STAGE3_MS: 1029.3833510950208
Total time:  1.6427876949310303
# of output verts : 855
# of output faces : 1706
