# of input verts : 537
# of input faces : 1070
Stage1 :  True
Stage3 :  True
Warp 1.0.0-beta.2 initialized:
   CUDA Toolkit: 12.8, Driver: 13.2
   Devices:
     "cpu"    | x86_64
     "cuda:0" | NVIDIA GeForce RTX 4080 SUPER (sm_89)
   Kernel cache: /root/.cache/warp/1.0.0-beta.2
Target faces : 1070
SYNC_STAGE1_MS: 87.76811044663191
Time for Remeshing: 0.0877680778503418 sec
SYNC_STAGE2_MS: 506.8756090477109
Time for Simplification: 0.5068767070770264 sec
Module pamo_safe_project.kernels.geometry_kernels load on device 'cuda:0' took 182.94 ms
Module pamo_safe_project.kernels.energy_kernels.elastic_energy load on device 'cuda:0' took 20.91 ms
Module pamo_safe_project.kernels.energy_kernels.hinge_energy load on device 'cuda:0' took 48.64 ms
Module pamo_safe_project.kernels.energy_kernels.contact_detection load on device 'cuda:0' took 28.30 ms
Module pamo_safe_project.kernels.energy_kernels.distance_energy load on device 'cuda:0' took 38.03 ms
Module pamo_safe_project.kernels.energy_kernels.collision_energy load on device 'cuda:0' took 125.23 ms
Module pamo_safe_project.kernels.utils_kernels load on device 'cuda:0' took 5.33 ms
Module pamo_safe_project.kernels.solver_kernels load on device 'cuda:0' took 4.34 ms
Module warp.utils load on device 'cuda:0' took 2.15 ms
Module pamo_safe_project.kernels.distance_kernels.grad_funcs load on device 'cuda:0' took 30.97 ms
Module pamo_safe_project.kernels.distance_kernels.hessian_funcs load on device 'cuda:0' took 138.01 ms
Module pamo_safe_project.kernels.distance_kernels.distance_kernels load on device 'cuda:0' took 189.98 ms
Module pamo_safe_project.kernels.distance_kernels.grad_funcs_struct load on device 'cuda:0' took 28.91 ms
Module pamo_safe_project.kernels.distance_kernels.distance_kernels_struct load on device 'cuda:0' took 31.53 ms
Module pamo_safe_project.kernels.ccd_kernels load on device 'cuda:0' took 38.04 ms
Module pamo_safe_project.kernels.energy_kernels.lb_curvature_energy load on device 'cuda:0' took 5.31 ms
SYNC_STAGE3_MS: 1357.057062909007
Total time:  2.0538125038146973
# of output verts : 527
# of output faces : 1050
