# of input verts : 1079
# of input faces : 2154
Stage1 :  True
Stage3 :  True
Warp 1.0.0-beta.2 initialized:
   CUDA Toolkit: 12.8, Driver: 13.2
   Devices:
     "cpu"    | x86_64
     "cuda:0" | NVIDIA GeForce RTX 4080 SUPER (sm_89)
   Kernel cache: /root/.cache/warp/1.0.0-beta.2
Target faces : 2154
SYNC_STAGE1_MS: 63.196067698299885
Time for Remeshing: 0.06319618225097656 sec
SYNC_STAGE2_MS: 434.8409678786993
Time for Simplification: 0.4348416328430176 sec
Module pamo_safe_project.kernels.geometry_kernels load on device 'cuda:0' took 103.09 ms
Module pamo_safe_project.kernels.energy_kernels.elastic_energy load on device 'cuda:0' took 12.61 ms
Module pamo_safe_project.kernels.energy_kernels.hinge_energy load on device 'cuda:0' took 30.82 ms
Module pamo_safe_project.kernels.energy_kernels.contact_detection load on device 'cuda:0' took 17.90 ms
Module pamo_safe_project.kernels.energy_kernels.distance_energy load on device 'cuda:0' took 25.77 ms
Module pamo_safe_project.kernels.energy_kernels.collision_energy load on device 'cuda:0' took 86.84 ms
Module pamo_safe_project.kernels.utils_kernels load on device 'cuda:0' took 3.68 ms
Module pamo_safe_project.kernels.solver_kernels load on device 'cuda:0' took 2.96 ms
Module warp.utils load on device 'cuda:0' took 1.40 ms
Module pamo_safe_project.kernels.distance_kernels.grad_funcs load on device 'cuda:0' took 19.30 ms
Module pamo_safe_project.kernels.distance_kernels.hessian_funcs load on device 'cuda:0' took 90.67 ms
Module pamo_safe_project.kernels.distance_kernels.distance_kernels load on device 'cuda:0' took 128.46 ms
Module pamo_safe_project.kernels.distance_kernels.grad_funcs_struct load on device 'cuda:0' took 18.61 ms
Module pamo_safe_project.kernels.distance_kernels.distance_kernels_struct load on device 'cuda:0' took 25.81 ms
Module pamo_safe_project.kernels.ccd_kernels load on device 'cuda:0' took 28.36 ms
Module pamo_safe_project.kernels.energy_kernels.lb_curvature_energy load on device 'cuda:0' took 4.11 ms
SYNC_STAGE3_MS: 1004.7282641753554
Total time:  1.6162257194519043
# of output verts : 1052
# of output faces : 2100
