# of input verts : 2692
# of input faces : 5380
Stage1 :  True
Stage3 :  True
Warp 1.0.0-beta.2 initialized:
   CUDA Toolkit: 12.8, Driver: 13.2
   Devices:
     "cpu"    | x86_64
     "cuda:0" | NVIDIA GeForce RTX 4080 SUPER (sm_89)
   Kernel cache: /root/.cache/warp/1.0.0-beta.2
Target faces : 5380
SYNC_STAGE1_MS: 67.1345442533493
Time for Remeshing: 0.06713485717773438 sec
SYNC_STAGE2_MS: 460.7849232852459
Time for Simplification: 0.4607856273651123 sec
Module pamo_safe_project.kernels.geometry_kernels load on device 'cuda:0' took 103.27 ms
Module pamo_safe_project.kernels.energy_kernels.elastic_energy load on device 'cuda:0' took 12.23 ms
Module pamo_safe_project.kernels.energy_kernels.hinge_energy load on device 'cuda:0' took 32.35 ms
Module pamo_safe_project.kernels.energy_kernels.contact_detection load on device 'cuda:0' took 17.18 ms
Module pamo_safe_project.kernels.energy_kernels.distance_energy load on device 'cuda:0' took 24.32 ms
Module pamo_safe_project.kernels.energy_kernels.collision_energy load on device 'cuda:0' took 79.87 ms
Module pamo_safe_project.kernels.utils_kernels load on device 'cuda:0' took 3.29 ms
Module pamo_safe_project.kernels.solver_kernels load on device 'cuda:0' took 2.72 ms
Module warp.utils load on device 'cuda:0' took 1.44 ms
Module pamo_safe_project.kernels.distance_kernels.grad_funcs load on device 'cuda:0' took 20.98 ms
Module pamo_safe_project.kernels.distance_kernels.hessian_funcs load on device 'cuda:0' took 85.11 ms
Module pamo_safe_project.kernels.distance_kernels.distance_kernels load on device 'cuda:0' took 126.67 ms
Module pamo_safe_project.kernels.distance_kernels.grad_funcs_struct load on device 'cuda:0' took 19.29 ms
Module pamo_safe_project.kernels.distance_kernels.distance_kernels_struct load on device 'cuda:0' took 23.03 ms
Module pamo_safe_project.kernels.ccd_kernels load on device 'cuda:0' took 25.51 ms
Module pamo_safe_project.kernels.energy_kernels.lb_curvature_energy load on device 'cuda:0' took 3.66 ms
SYNC_STAGE3_MS: 1007.4648857116699
Total time:  1.644960641860962
# of output verts : 2578
# of output faces : 5152
