# of input verts : 2763
# of input faces : 5522
Stage1 :  True
Stage3 :  True
Warp 1.0.0-beta.2 initialized:
   CUDA Toolkit: 12.8, Driver: 13.2
   Devices:
     "cpu"    | x86_64
     "cuda:0" | NVIDIA GeForce RTX 4080 SUPER (sm_89)
   Kernel cache: /root/.cache/warp/1.0.0-beta.2
Target faces : 5522
SYNC_STAGE1_MS: 74.21519421041012
Time for Remeshing: 0.07421469688415527 sec
SYNC_STAGE2_MS: 464.67732079327106
Time for Simplification: 0.4646780490875244 sec
Module pamo_safe_project.kernels.geometry_kernels load on device 'cuda:0' took 103.26 ms
Module pamo_safe_project.kernels.energy_kernels.elastic_energy load on device 'cuda:0' took 13.31 ms
Module pamo_safe_project.kernels.energy_kernels.hinge_energy load on device 'cuda:0' took 32.34 ms
Module pamo_safe_project.kernels.energy_kernels.contact_detection load on device 'cuda:0' took 18.98 ms
Module pamo_safe_project.kernels.energy_kernels.distance_energy load on device 'cuda:0' took 25.12 ms
Module pamo_safe_project.kernels.energy_kernels.collision_energy load on device 'cuda:0' took 85.05 ms
Module pamo_safe_project.kernels.utils_kernels load on device 'cuda:0' took 3.54 ms
Module pamo_safe_project.kernels.solver_kernels load on device 'cuda:0' took 3.00 ms
Module warp.utils load on device 'cuda:0' took 1.46 ms
Module pamo_safe_project.kernels.distance_kernels.grad_funcs load on device 'cuda:0' took 20.81 ms
Module pamo_safe_project.kernels.distance_kernels.hessian_funcs load on device 'cuda:0' took 88.28 ms
Module pamo_safe_project.kernels.distance_kernels.distance_kernels load on device 'cuda:0' took 128.08 ms
Module pamo_safe_project.kernels.distance_kernels.grad_funcs_struct load on device 'cuda:0' took 19.32 ms
Module pamo_safe_project.kernels.distance_kernels.distance_kernels_struct load on device 'cuda:0' took 21.18 ms
Module pamo_safe_project.kernels.ccd_kernels load on device 'cuda:0' took 25.47 ms
Module pamo_safe_project.kernels.energy_kernels.lb_curvature_energy load on device 'cuda:0' took 3.71 ms
SYNC_STAGE3_MS: 1032.9202897846699
Total time:  1.6866281032562256
# of output verts : 2739
# of output faces : 5474
