# of input verts : 2745
# of input faces : 5486
Stage1 :  True
Stage3 :  True
Warp 1.0.0-beta.2 initialized:
   CUDA Toolkit: 12.8, Driver: 13.2
   Devices:
     "cpu"    | x86_64
     "cuda:0" | NVIDIA GeForce RTX 4080 SUPER (sm_89)
   Kernel cache: /root/.cache/warp/1.0.0-beta.2
Target faces : 5486
SYNC_STAGE1_MS: 70.67551277577877
Time for Remeshing: 0.07067584991455078 sec
SYNC_STAGE2_MS: 447.01731111854315
Time for Simplification: 0.4470179080963135 sec
Module pamo_safe_project.kernels.geometry_kernels load on device 'cuda:0' took 101.02 ms
Module pamo_safe_project.kernels.energy_kernels.elastic_energy load on device 'cuda:0' took 13.66 ms
Module pamo_safe_project.kernels.energy_kernels.hinge_energy load on device 'cuda:0' took 32.36 ms
Module pamo_safe_project.kernels.energy_kernels.contact_detection load on device 'cuda:0' took 18.95 ms
Module pamo_safe_project.kernels.energy_kernels.distance_energy load on device 'cuda:0' took 24.63 ms
Module pamo_safe_project.kernels.energy_kernels.collision_energy load on device 'cuda:0' took 84.07 ms
Module pamo_safe_project.kernels.utils_kernels load on device 'cuda:0' took 3.64 ms
Module pamo_safe_project.kernels.solver_kernels load on device 'cuda:0' took 2.96 ms
Module warp.utils load on device 'cuda:0' took 1.49 ms
Module pamo_safe_project.kernels.distance_kernels.grad_funcs load on device 'cuda:0' took 19.95 ms
Module pamo_safe_project.kernels.distance_kernels.hessian_funcs load on device 'cuda:0' took 86.39 ms
Module pamo_safe_project.kernels.distance_kernels.distance_kernels load on device 'cuda:0' took 121.56 ms
Module pamo_safe_project.kernels.distance_kernels.grad_funcs_struct load on device 'cuda:0' took 18.99 ms
Module pamo_safe_project.kernels.distance_kernels.distance_kernels_struct load on device 'cuda:0' took 21.62 ms
Module pamo_safe_project.kernels.ccd_kernels load on device 'cuda:0' took 26.05 ms
Module pamo_safe_project.kernels.energy_kernels.lb_curvature_energy load on device 'cuda:0' took 3.64 ms
SYNC_STAGE3_MS: 1016.7134432122111
Total time:  1.6199941635131836
# of output verts : 2737
# of output faces : 5470
