Stage1 :  True
Stage3 :  True
Warp 1.0.0-beta.2 initialized:
   CUDA Toolkit: 12.8, Driver: 13.2
   Devices:
     "cpu"    | x86_64
     "cuda:0" | NVIDIA GeForce RTX 4090 (sm_89)
   Kernel cache: /root/.cache/warp/1.0.0-beta.2
Target faces : 660
Time for Remeshing: 0.2626018524169922 sec
Time for Simplification: 0.3342604637145996 sec
Module pamo_safe_project.kernels.geometry_kernels load on device 'cuda:0' took 12.59 ms
Module pamo_safe_project.kernels.energy_kernels.elastic_energy load on device 'cuda:0' took 10.92 ms
Module pamo_safe_project.kernels.energy_kernels.hinge_energy load on device 'cuda:0' took 77.80 ms
Module pamo_safe_project.kernels.energy_kernels.contact_detection load on device 'cuda:0' took 83.62 ms
Module pamo_safe_project.kernels.energy_kernels.distance_energy load on device 'cuda:0' took 21.84 ms
Module pamo_safe_project.kernels.energy_kernels.collision_energy load on device 'cuda:0' took 193.94 ms
Module pamo_safe_project.kernels.utils_kernels load on device 'cuda:0' took 3.34 ms
Module pamo_safe_project.kernels.solver_kernels load on device 'cuda:0' took 2.70 ms
Module warp.utils load on device 'cuda:0' took 1.46 ms
Module pamo_safe_project.kernels.distance_kernels.grad_funcs load on device 'cuda:0' took 17.37 ms
Module pamo_safe_project.kernels.distance_kernels.hessian_funcs load on device 'cuda:0' took 192.56 ms
Module pamo_safe_project.kernels.distance_kernels.distance_kernels load on device 'cuda:0' took 223.99 ms
Module pamo_safe_project.kernels.distance_kernels.grad_funcs_struct load on device 'cuda:0' took 51.39 ms
Module pamo_safe_project.kernels.distance_kernels.distance_kernels_struct load on device 'cuda:0' took 17.82 ms
Module pamo_safe_project.kernels.ccd_kernels load on device 'cuda:0' took 89.14 ms
Module pamo_safe_project.kernels.energy_kernels.lb_curvature_energy load on device 'cuda:0' took 3.26 ms
Module locality_gpu load on device 'cuda:0' took 0.75 ms
{"pamo_run_ms": 2796.097220852971, "stage1": "original", "method": "full", "maintenance_ms": 7385.3176375851035, "status": "pending_independent_audit"}
