Warp 1.0.0-beta.2 initialized:
   CUDA Toolkit: 12.8, Driver: 13.2
   Devices:
     "cpu"    | x86_64
     "cuda:0" | NVIDIA GeForce RTX 4090 (sm_89)
   Kernel cache: /root/.cache/warp/1.0.0-beta.2
Module pamo_safe_project.kernels.geometry_kernels load on device 'cuda:0' took 22.82 ms
Module pamo_safe_project.kernels.energy_kernels.elastic_energy load on device 'cuda:0' took 73.54 ms
Module pamo_safe_project.kernels.energy_kernels.hinge_energy load on device 'cuda:0' took 113.15 ms
Module pamo_safe_project.kernels.energy_kernels.contact_detection load on device 'cuda:0' took 84.84 ms
Module pamo_safe_project.kernels.energy_kernels.distance_energy load on device 'cuda:0' took 84.28 ms
Module pamo_safe_project.kernels.energy_kernels.collision_energy load on device 'cuda:0' took 236.16 ms
Module pamo_safe_project.kernels.utils_kernels load on device 'cuda:0' took 55.07 ms
Module locality_gpu load on device 'cuda:0' took 1.05 ms
Module pamo_safe_project.kernels.solver_kernels load on device 'cuda:0' took 3.97 ms
Module warp.utils load on device 'cuda:0' took 1.98 ms
Module pamo_safe_project.kernels.distance_kernels.grad_funcs load on device 'cuda:0' took 94.08 ms
Module pamo_safe_project.kernels.distance_kernels.hessian_funcs load on device 'cuda:0' took 228.94 ms
Module pamo_safe_project.kernels.distance_kernels.distance_kernels load on device 'cuda:0' took 472.18 ms
Module pamo_safe_project.kernels.distance_kernels.grad_funcs_struct load on device 'cuda:0' took 15.88 ms
Module pamo_safe_project.kernels.distance_kernels.distance_kernels_struct load on device 'cuda:0' took 84.54 ms
Module pamo_safe_project.kernels.ccd_kernels load on device 'cuda:0' took 22.02 ms
Module pamo_safe_project.kernels.energy_kernels.lb_curvature_energy load on device 'cuda:0' took 3.21 ms
