Stage1 :  True
Stage3 :  True
Warp 1.0.0-beta.2 initialized:
   CUDA Toolkit: 12.8, Driver: 13.2
   Devices:
     "cpu"    | x86_64
     "cuda:0" | NVIDIA GeForce RTX 4080 SUPER (sm_89)
   Kernel cache: /root/.cache/warp/1.0.0-beta.2
Target faces : 3552
Time for Remeshing: 0.07345271110534668 sec
Time for Simplification: 0.14070963859558105 sec
Module pamo_safe_project.kernels.geometry_kernels load on device 'cuda:0' took 22.34 ms
Module pamo_safe_project.kernels.energy_kernels.elastic_energy load on device 'cuda:0' took 20.54 ms
Module pamo_safe_project.kernels.energy_kernels.hinge_energy load on device 'cuda:0' took 53.99 ms
Module pamo_safe_project.kernels.energy_kernels.contact_detection load on device 'cuda:0' took 32.58 ms
Module pamo_safe_project.kernels.energy_kernels.distance_energy load on device 'cuda:0' took 45.84 ms
Module pamo_safe_project.kernels.energy_kernels.collision_energy load on device 'cuda:0' took 138.71 ms
Module pamo_safe_project.kernels.utils_kernels load on device 'cuda:0' took 5.69 ms
Module pamo_safe_project.kernels.solver_kernels load on device 'cuda:0' took 4.52 ms
Module warp.utils load on device 'cuda:0' took 2.25 ms
Module pamo_safe_project.kernels.distance_kernels.grad_funcs load on device 'cuda:0' took 39.14 ms
Module pamo_safe_project.kernels.distance_kernels.hessian_funcs load on device 'cuda:0' took 147.21 ms
Module pamo_safe_project.kernels.distance_kernels.distance_kernels load on device 'cuda:0' took 208.49 ms
Module pamo_safe_project.kernels.distance_kernels.grad_funcs_struct load on device 'cuda:0' took 32.28 ms
Module pamo_safe_project.kernels.distance_kernels.distance_kernels_struct load on device 'cuda:0' took 37.25 ms
Module pamo_safe_project.kernels.ccd_kernels load on device 'cuda:0' took 40.04 ms
Module pamo_safe_project.kernels.energy_kernels.lb_curvature_energy load on device 'cuda:0' took 5.42 ms
Module locality_gpu load on device 'cuda:0' took 1.22 ms
{"pamo_run_ms": 1784.1622680425644, "stage1": "original", "method": "full", "maintenance_ms": 4362.675601616502, "status": "pending_independent_audit"}
