Stage1 :  True
Stage3 :  True
Warp 1.0.0-beta.2 initialized:
   CUDA Toolkit: 12.8, Driver: 13.2
   Devices:
     "cpu"    | x86_64
     "cuda:0" | NVIDIA GeForce RTX 4080 SUPER (sm_89)
   Kernel cache: /root/.cache/warp/1.0.0-beta.2
Target faces : 1702
Time for Remeshing: 0.16579508781433105 sec
Time for Simplification: 0.6365296840667725 sec
Module pamo_safe_project.kernels.geometry_kernels load on device 'cuda:0' took 23.36 ms
Module pamo_safe_project.kernels.energy_kernels.elastic_energy load on device 'cuda:0' took 21.44 ms
Module pamo_safe_project.kernels.energy_kernels.hinge_energy load on device 'cuda:0' took 52.14 ms
Module pamo_safe_project.kernels.energy_kernels.contact_detection load on device 'cuda:0' took 30.76 ms
Module pamo_safe_project.kernels.energy_kernels.distance_energy load on device 'cuda:0' took 40.81 ms
Module pamo_safe_project.kernels.energy_kernels.collision_energy load on device 'cuda:0' took 134.32 ms
Module pamo_safe_project.kernels.utils_kernels load on device 'cuda:0' took 5.92 ms
Module pamo_safe_project.kernels.solver_kernels load on device 'cuda:0' took 4.79 ms
Module warp.utils load on device 'cuda:0' took 2.47 ms
Module pamo_safe_project.kernels.distance_kernels.grad_funcs load on device 'cuda:0' took 32.97 ms
Module pamo_safe_project.kernels.distance_kernels.hessian_funcs load on device 'cuda:0' took 141.46 ms
Module pamo_safe_project.kernels.distance_kernels.distance_kernels load on device 'cuda:0' took 200.08 ms
Module pamo_safe_project.kernels.distance_kernels.grad_funcs_struct load on device 'cuda:0' took 30.72 ms
Module pamo_safe_project.kernels.distance_kernels.distance_kernels_struct load on device 'cuda:0' took 33.45 ms
Module pamo_safe_project.kernels.ccd_kernels load on device 'cuda:0' took 40.38 ms
Module pamo_safe_project.kernels.energy_kernels.lb_curvature_energy load on device 'cuda:0' took 5.92 ms
Module locality_gpu load on device 'cuda:0' took 1.35 ms
{"pamo_run_ms": 2301.2514570727944, "stage1": "original", "method": "full", "maintenance_ms": 5754.822512157261, "status": "pending_independent_audit"}
