# of input verts : 1147
# of input faces : 2290
Stage1 :  True
Stage3 :  True
Warp 1.0.0-beta.2 initialized:
   CUDA Toolkit: 12.8, Driver: 13.2
   Devices:
     "cpu"    | x86_64
     "cuda:0" | NVIDIA GeForce RTX 4080 SUPER (sm_89)
   Kernel cache: /root/.cache/warp/1.0.0-beta.2
Target faces : 2290
Time for Remeshing: 0.06979513168334961 sec
Time for Simplification: 0.4381558895111084 sec
Module pamo_safe_project.kernels.geometry_kernels load on device 'cuda:0' took 96.67 ms
Module pamo_safe_project.kernels.energy_kernels.elastic_energy load on device 'cuda:0' took 14.45 ms
Module pamo_safe_project.kernels.energy_kernels.hinge_energy load on device 'cuda:0' took 35.33 ms
Module pamo_safe_project.kernels.energy_kernels.contact_detection load on device 'cuda:0' took 20.49 ms
Module pamo_safe_project.kernels.energy_kernels.distance_energy load on device 'cuda:0' took 27.78 ms
Module pamo_safe_project.kernels.energy_kernels.collision_energy load on device 'cuda:0' took 92.89 ms
Module pamo_safe_project.kernels.utils_kernels load on device 'cuda:0' took 3.99 ms
Module pamo_safe_project.kernels.solver_kernels load on device 'cuda:0' took 3.19 ms
Module warp.utils load on device 'cuda:0' took 1.59 ms
Module pamo_safe_project.kernels.distance_kernels.grad_funcs load on device 'cuda:0' took 22.53 ms
Module pamo_safe_project.kernels.distance_kernels.hessian_funcs load on device 'cuda:0' took 96.67 ms
Module pamo_safe_project.kernels.distance_kernels.distance_kernels load on device 'cuda:0' took 138.44 ms
Module pamo_safe_project.kernels.distance_kernels.grad_funcs_struct load on device 'cuda:0' took 21.07 ms
Module pamo_safe_project.kernels.distance_kernels.distance_kernels_struct load on device 'cuda:0' took 23.06 ms
Module pamo_safe_project.kernels.ccd_kernels load on device 'cuda:0' took 27.60 ms
Module pamo_safe_project.kernels.energy_kernels.lb_curvature_energy load on device 'cuda:0' took 3.91 ms
Total time:  1.6488478183746338
# of output verts : 1087
# of output faces : 2170
