# of input verts : 1105
# of input faces : 2206
Stage1 :  True
Stage3 :  True
Warp 1.0.0-beta.2 initialized:
   CUDA Toolkit: 12.8, Driver: 13.2
   Devices:
     "cpu"    | x86_64
     "cuda:0" | NVIDIA GeForce RTX 4080 SUPER (sm_89)
   Kernel cache: /root/.cache/warp/1.0.0-beta.2
Target faces : 2206
Time for Remeshing: 0.1049494743347168 sec
Time for Simplification: 0.5402393341064453 sec
Module pamo_safe_project.kernels.geometry_kernels load on device 'cuda:0' took 124.63 ms
Module pamo_safe_project.kernels.energy_kernels.elastic_energy load on device 'cuda:0' took 17.96 ms
Module pamo_safe_project.kernels.energy_kernels.hinge_energy load on device 'cuda:0' took 36.18 ms
Module pamo_safe_project.kernels.energy_kernels.contact_detection load on device 'cuda:0' took 21.41 ms
Module pamo_safe_project.kernels.energy_kernels.distance_energy load on device 'cuda:0' took 28.33 ms
Module pamo_safe_project.kernels.energy_kernels.collision_energy load on device 'cuda:0' took 96.64 ms
Module pamo_safe_project.kernels.utils_kernels load on device 'cuda:0' took 4.29 ms
Module pamo_safe_project.kernels.solver_kernels load on device 'cuda:0' took 3.47 ms
Module warp.utils load on device 'cuda:0' took 1.81 ms
Module pamo_safe_project.kernels.distance_kernels.grad_funcs load on device 'cuda:0' took 25.93 ms
Module pamo_safe_project.kernels.distance_kernels.hessian_funcs load on device 'cuda:0' took 101.70 ms
Module pamo_safe_project.kernels.distance_kernels.distance_kernels load on device 'cuda:0' took 143.10 ms
Module pamo_safe_project.kernels.distance_kernels.grad_funcs_struct load on device 'cuda:0' took 21.91 ms
Module pamo_safe_project.kernels.distance_kernels.distance_kernels_struct load on device 'cuda:0' took 23.46 ms
Module pamo_safe_project.kernels.ccd_kernels load on device 'cuda:0' took 30.00 ms
Module pamo_safe_project.kernels.energy_kernels.lb_curvature_energy load on device 'cuda:0' took 4.19 ms
Total time:  1.8598904609680176
# of output verts : 1058
# of output faces : 2112
