# of input verts : 1969
# of input faces : 3934
Stage1 :  True
Stage3 :  True
Warp 1.0.0-beta.2 initialized:
   CUDA Toolkit: 12.8, Driver: 13.2
   Devices:
     "cpu"    | x86_64
     "cuda:0" | NVIDIA GeForce RTX 4080 SUPER (sm_89)
   Kernel cache: /root/.cache/warp/1.0.0-beta.2
Target faces : 3934
Time for Remeshing: 0.08722853660583496 sec
Time for Simplification: 0.7821509838104248 sec
Module pamo_safe_project.kernels.geometry_kernels load on device 'cuda:0' took 146.03 ms
Module pamo_safe_project.kernels.energy_kernels.elastic_energy load on device 'cuda:0' took 14.64 ms
Module pamo_safe_project.kernels.energy_kernels.hinge_energy load on device 'cuda:0' took 35.35 ms
Module pamo_safe_project.kernels.energy_kernels.contact_detection load on device 'cuda:0' took 20.67 ms
Module pamo_safe_project.kernels.energy_kernels.distance_energy load on device 'cuda:0' took 27.78 ms
Module pamo_safe_project.kernels.energy_kernels.collision_energy load on device 'cuda:0' took 92.03 ms
Module pamo_safe_project.kernels.utils_kernels load on device 'cuda:0' took 4.06 ms
Module pamo_safe_project.kernels.solver_kernels load on device 'cuda:0' took 3.30 ms
Module warp.utils load on device 'cuda:0' took 2.47 ms
Module pamo_safe_project.kernels.distance_kernels.grad_funcs load on device 'cuda:0' took 22.89 ms
Module pamo_safe_project.kernels.distance_kernels.hessian_funcs load on device 'cuda:0' took 99.42 ms
Module pamo_safe_project.kernels.distance_kernels.distance_kernels load on device 'cuda:0' took 138.29 ms
Module pamo_safe_project.kernels.distance_kernels.grad_funcs_struct load on device 'cuda:0' took 21.25 ms
Module pamo_safe_project.kernels.distance_kernels.distance_kernels_struct load on device 'cuda:0' took 23.46 ms
Module pamo_safe_project.kernels.ccd_kernels load on device 'cuda:0' took 28.47 ms
Module pamo_safe_project.kernels.energy_kernels.lb_curvature_energy load on device 'cuda:0' took 3.94 ms
Total time:  2.1177005767822266
# of output verts : 1881
# of output faces : 3754
