# of input verts : 1090
# of input faces : 2176
Stage1 :  True
Stage3 :  True
Warp 1.0.0-beta.2 initialized:
   CUDA Toolkit: 12.8, Driver: 13.2
   Devices:
     "cpu"    | x86_64
     "cuda:0" | NVIDIA GeForce RTX 4080 SUPER (sm_89)
   Kernel cache: /root/.cache/warp/1.0.0-beta.2
Target faces : 2176
Time for Remeshing: 0.11966872215270996 sec
Time for Simplification: 0.816899299621582 sec
Module pamo_safe_project.kernels.geometry_kernels load on device 'cuda:0' took 142.96 ms
Module pamo_safe_project.kernels.energy_kernels.elastic_energy load on device 'cuda:0' took 15.12 ms
Module pamo_safe_project.kernels.energy_kernels.hinge_energy load on device 'cuda:0' took 40.60 ms
Module pamo_safe_project.kernels.energy_kernels.contact_detection load on device 'cuda:0' took 21.72 ms
Module pamo_safe_project.kernels.energy_kernels.distance_energy load on device 'cuda:0' took 29.82 ms
Module pamo_safe_project.kernels.energy_kernels.collision_energy load on device 'cuda:0' took 100.25 ms
Module pamo_safe_project.kernels.utils_kernels load on device 'cuda:0' took 4.29 ms
Module pamo_safe_project.kernels.solver_kernels load on device 'cuda:0' took 3.48 ms
Module warp.utils load on device 'cuda:0' took 1.84 ms
Module pamo_safe_project.kernels.distance_kernels.grad_funcs load on device 'cuda:0' took 22.89 ms
Module pamo_safe_project.kernels.distance_kernels.hessian_funcs load on device 'cuda:0' took 100.15 ms
Module pamo_safe_project.kernels.distance_kernels.distance_kernels load on device 'cuda:0' took 148.82 ms
Module pamo_safe_project.kernels.distance_kernels.grad_funcs_struct load on device 'cuda:0' took 22.48 ms
Module pamo_safe_project.kernels.distance_kernels.distance_kernels_struct load on device 'cuda:0' took 23.42 ms
Module pamo_safe_project.kernels.ccd_kernels load on device 'cuda:0' took 28.63 ms
Module pamo_safe_project.kernels.energy_kernels.lb_curvature_energy load on device 'cuda:0' took 4.26 ms
Total time:  2.2034800052642822
# of output verts : 1033
# of output faces : 2058
