Stage1 :  True
Stage3 :  True
Warp 1.0.0-beta.2 initialized:
   CUDA Toolkit: 12.8, Driver: 13.2
   Devices:
     "cpu"    | x86_64
     "cuda:0" | NVIDIA GeForce RTX 4080 SUPER (sm_89)
   Kernel cache: /root/.cache/warp/1.0.0-beta.2
Target faces : 1670
Time for Remeshing: 0.14517498016357422 sec
Time for Simplification: 0.5655653476715088 sec
Module pamo_safe_project.kernels.geometry_kernels load on device 'cuda:0' took 24.87 ms
Module pamo_safe_project.kernels.energy_kernels.elastic_energy load on device 'cuda:0' took 21.64 ms
Module pamo_safe_project.kernels.energy_kernels.hinge_energy load on device 'cuda:0' took 68.27 ms
Module pamo_safe_project.kernels.energy_kernels.contact_detection load on device 'cuda:0' took 52.36 ms
Module pamo_safe_project.kernels.energy_kernels.distance_energy load on device 'cuda:0' took 74.17 ms
Module pamo_safe_project.kernels.energy_kernels.collision_energy load on device 'cuda:0' took 188.12 ms
Module pamo_safe_project.kernels.utils_kernels load on device 'cuda:0' took 5.72 ms
Module pamo_safe_project.kernels.solver_kernels load on device 'cuda:0' took 5.01 ms
Module warp.utils load on device 'cuda:0' took 2.25 ms
Module pamo_safe_project.kernels.distance_kernels.grad_funcs load on device 'cuda:0' took 32.65 ms
Module pamo_safe_project.kernels.distance_kernels.hessian_funcs load on device 'cuda:0' took 151.22 ms
Module pamo_safe_project.kernels.distance_kernels.distance_kernels load on device 'cuda:0' took 1370.40 ms
Module pamo_safe_project.kernels.distance_kernels.grad_funcs_struct load on device 'cuda:0' took 311.58 ms
Module pamo_safe_project.kernels.distance_kernels.distance_kernels_struct load on device 'cuda:0' took 38.60 ms
Module pamo_safe_project.kernels.ccd_kernels load on device 'cuda:0' took 40.36 ms
Module pamo_safe_project.kernels.energy_kernels.lb_curvature_energy load on device 'cuda:0' took 7.70 ms
Module locality_gpu load on device 'cuda:0' took 1.47 ms
{"pamo_run_ms": 3863.702442497015, "stage1": "original", "method": "full", "maintenance_ms": 6634.510944597423, "status": "pending_independent_audit"}
