Warp 1.0.0-beta.2 initialized:
   CUDA Toolkit: 12.8, Driver: 13.2
   Devices:
     "cpu"    | x86_64
     "cuda:0" | NVIDIA GeForce RTX 4090 (sm_89)
   Kernel cache: /root/.cache/warp/1.0.0-beta.2
[33;20mWARNING - Triangle area is too small (min_area=4.67118698214151e-12), may cause numerical instability (system.py:213)[0m
Module pamo_safe_project.kernels.geometry_kernels load on device 'cuda:0' took 17.00 ms
Module pamo_safe_project.kernels.energy_kernels.elastic_energy load on device 'cuda:0' took 12.27 ms
Module pamo_safe_project.kernels.energy_kernels.hinge_energy load on device 'cuda:0' took 26.83 ms
Module pamo_safe_project.kernels.energy_kernels.contact_detection load on device 'cuda:0' took 16.40 ms
Module pamo_safe_project.kernels.energy_kernels.distance_energy load on device 'cuda:0' took 21.43 ms
Module pamo_safe_project.kernels.energy_kernels.collision_energy load on device 'cuda:0' took 71.87 ms
Module pamo_safe_project.kernels.utils_kernels load on device 'cuda:0' took 3.30 ms
Module locality_gpu load on device 'cuda:0' took 0.80 ms
Module pamo_safe_project.kernels.solver_kernels load on device 'cuda:0' took 2.63 ms
Module warp.utils load on device 'cuda:0' took 1.44 ms
Module pamo_safe_project.kernels.distance_kernels.grad_funcs load on device 'cuda:0' took 18.05 ms
Module pamo_safe_project.kernels.distance_kernels.hessian_funcs load on device 'cuda:0' took 72.44 ms
Module pamo_safe_project.kernels.distance_kernels.distance_kernels load on device 'cuda:0' took 103.59 ms
Module pamo_safe_project.kernels.distance_kernels.grad_funcs_struct load on device 'cuda:0' took 16.28 ms
Module pamo_safe_project.kernels.distance_kernels.distance_kernels_struct load on device 'cuda:0' took 17.64 ms
Module pamo_safe_project.kernels.ccd_kernels load on device 'cuda:0' took 21.75 ms
Module pamo_safe_project.kernels.energy_kernels.lb_curvature_energy load on device 'cuda:0' took 3.18 ms
{"quality_generation_ms": 147.69093226641417, "requested_edge_length_mm": 0.08131282595273179, "actual_edge_length_mm": 0.18649979729882274, "max_protected_edge_mm": 0.2453944701300299, "active_fraction": 0.05023491145645103, "input_faces": 5534, "output_faces": 5482, "fp64_restoration_max_mm": 0.0, "iterations": 3, "fixed_contract_before_projection": {"passed": true, "external_faces": 5256, "external_faces_retained": 5256, "missing_fixed_vertices": 0}, "safe_projection_ms": 923.9088026806712, "projection_fp64_restoration_max_mm": 1.4820293529519188e-07, "collision_scope": "whole_mesh_author_energy_and_ccd", "fixed_contract": {"passed": true, "external_faces": 5256, "external_faces_retained": 5256, "missing_fixed_vertices": 0}, "method": "no_transition", "maintenance_ms": 2999.7753277420998, "status": "pending_independent_audit"}
