o-[Process     ] Max used threads = 4
o-[I/O         ] Loading file /tmp/geogram_native_quality_20261006_08/inputs/09_parent.obj...
o-[I/O         ] (FP64) nb_v:22429 nb_e:0 nb_f:44694 nb_b:0 tri:1 dim:3
o-[I/O         ] Attributes on vertices: point[3]
o-[I/O         ] Loading file /tmp/geogram_native_quality_20261006_08/inputs/09_tool.obj...
o-[I/O         ] (FP64) nb_v:674 nb_e:0 nb_f:1344 nb_b:0 tri:1 dim:3
o-[I/O         ] Attributes on vertices: point[3]
NATIVE_QUALITY_REGION {"group":40017,"boundary_attempt":false,"point_budget":64,"source_facets":7,"boundary_points":7,"new_points":1,"boundary_unchanged":true,"before_bad":1,"after_score_computed":true,"after_bad":0,"after_valid":true,"before_bad_area":0.00182786,"after_bad_area":0,"selected":true}
NATIVE_QUALITY_REGION {"group":40029,"boundary_attempt":false,"point_budget":64,"source_facets":4,"boundary_points":6,"new_points":0,"boundary_unchanged":true,"before_bad":1,"after_score_computed":true,"after_bad":1,"after_valid":true,"before_bad_area":0.000746336,"after_bad_area":0.000746336,"selected":false}
NATIVE_QUALITY_REGION {"group":40345,"boundary_attempt":false,"point_budget":64,"source_facets":4,"boundary_points":6,"new_points":1,"boundary_unchanged":true,"before_bad":1,"after_score_computed":true,"after_bad":0,"after_valid":true,"before_bad_area":0.000415405,"after_bad_area":0,"selected":true}
NATIVE_QUALITY_REGION {"group":40889,"boundary_attempt":false,"point_budget":64,"source_facets":8,"boundary_points":8,"new_points":2,"boundary_unchanged":true,"before_bad":2,"after_score_computed":true,"after_bad":2,"after_valid":true,"before_bad_area":0.0026751,"after_bad_area":0.00425482,"selected":false}
NATIVE_QUALITY_REGION {"group":40904,"boundary_attempt":false,"point_budget":64,"source_facets":3,"boundary_points":5,"new_points":1,"boundary_unchanged":true,"before_bad":1,"after_score_computed":true,"after_bad":0,"after_valid":true,"before_bad_area":0.00142076,"after_bad_area":0,"selected":true}
NATIVE_QUALITY_REGION {"group":41387,"boundary_attempt":false,"point_budget":64,"source_facets":6,"boundary_points":6,"new_points":0,"boundary_unchanged":true,"before_bad":1,"after_score_computed":true,"after_bad":1,"after_valid":true,"before_bad_area":0.000229803,"after_bad_area":0.000229803,"selected":false}
NATIVE_QUALITY_REGION {"group":41420,"boundary_attempt":false,"point_budget":64,"source_facets":7,"boundary_points":7,"new_points":2,"boundary_unchanged":true,"before_bad":1,"after_score_computed":true,"after_bad":1,"after_valid":true,"before_bad_area":0.000317792,"after_bad_area":0.00170778,"selected":false}
NATIVE_QUALITY_REGION {"group":42620,"boundary_attempt":false,"point_budget":64,"source_facets":2,"boundary_points":4,"new_points":1,"boundary_unchanged":true,"before_bad":1,"after_score_computed":true,"after_bad":0,"after_valid":true,"before_bad_area":0.00130482,"after_bad_area":0,"selected":true}
NATIVE_QUALITY_REGION {"group":42623,"boundary_attempt":false,"point_budget":64,"source_facets":4,"boundary_points":5,"new_points":1,"boundary_unchanged":true,"before_bad":1,"after_score_computed":true,"after_bad":1,"after_valid":true,"before_bad_area":0.000570835,"after_bad_area":0.00179768,"selected":false}
NATIVE_QUALITY_REGION {"group":42624,"boundary_attempt":false,"point_budget":64,"source_facets":3,"boundary_points":5,"new_points":0,"boundary_unchanged":true,"before_bad":1,"after_score_computed":true,"after_bad":1,"after_valid":true,"before_bad_area":9.14896e-05,"after_bad_area":9.14896e-05,"selected":false}
NATIVE_QUALITY_REGION {"group":42627,"boundary_attempt":false,"point_budget":64,"source_facets":2,"boundary_points":4,"new_points":0,"boundary_unchanged":true,"before_bad":1,"after_score_computed":true,"after_bad":1,"after_valid":true,"before_bad_area":0.000628767,"after_bad_area":0.000628767,"selected":false}
NATIVE_QUALITY_REGION {"group":42636,"boundary_attempt":false,"point_budget":64,"source_facets":2,"boundary_points":4,"new_points":1,"boundary_unchanged":true,"before_bad":1,"after_score_computed":true,"after_bad":2,"after_valid":true,"before_bad_area":0.000775412,"after_bad_area":0.00296814,"selected":false}
NATIVE_QUALITY_REGION {"group":42638,"boundary_attempt":false,"point_budget":64,"source_facets":3,"boundary_points":5,"new_points":0,"boundary_unchanged":true,"before_bad":1,"after_score_computed":true,"after_bad":1,"after_valid":true,"before_bad_area":0.000502915,"after_bad_area":0.000502915,"selected":false}
NATIVE_QUALITY_REGION {"group":42640,"boundary_attempt":false,"point_budget":64,"source_facets":3,"boundary_points":5,"new_points":1,"boundary_unchanged":true,"before_bad":1,"after_score_computed":true,"after_bad":0,"after_valid":true,"before_bad_area":0.000957545,"after_bad_area":0,"selected":true}
NATIVE_QUALITY_REGION {"group":42646,"boundary_attempt":false,"point_budget":64,"source_facets":3,"boundary_points":5,"new_points":0,"boundary_unchanged":true,"before_bad":1,"after_score_computed":true,"after_bad":1,"after_valid":true,"before_bad_area":0.000530097,"after_bad_area":0.000530097,"selected":false}
NATIVE_QUALITY_REGION {"group":42652,"boundary_attempt":false,"point_budget":64,"source_facets":3,"boundary_points":5,"new_points":0,"boundary_unchanged":true,"before_bad":1,"after_score_computed":true,"after_bad":1,"after_valid":true,"before_bad_area":0.000963233,"after_bad_area":0.000963233,"selected":false}
NATIVE_QUALITY_REGION {"group":42653,"boundary_attempt":false,"point_budget":64,"source_facets":3,"boundary_points":5,"new_points":0,"boundary_unchanged":true,"before_bad":2,"after_score_computed":true,"after_bad":2,"after_valid":true,"before_bad_area":0.00121641,"after_bad_area":0.00121641,"selected":false}
NATIVE_QUALITY_REGION {"group":42655,"boundary_attempt":false,"point_budget":64,"source_facets":3,"boundary_points":5,"new_points":0,"boundary_unchanged":true,"before_bad":1,"after_score_computed":true,"after_bad":1,"after_valid":true,"before_bad_area":0.000244416,"after_bad_area":0.000244416,"selected":false}
NATIVE_QUALITY_REGION {"group":42660,"boundary_attempt":false,"point_budget":64,"source_facets":4,"boundary_points":5,"new_points":0,"boundary_unchanged":true,"before_bad":1,"after_score_computed":true,"after_bad":1,"after_valid":true,"before_bad_area":0.000705758,"after_bad_area":0.000705758,"selected":false}
NATIVE_QUALITY_REGION {"group":42662,"boundary_attempt":false,"point_budget":64,"source_facets":4,"boundary_points":6,"new_points":0,"boundary_unchanged":true,"before_bad":2,"after_score_computed":true,"after_bad":2,"after_valid":true,"before_bad_area":0.00081026,"after_bad_area":0.00081026,"selected":false}
NATIVE_QUALITY_REGION {"group":42666,"boundary_attempt":false,"point_budget":64,"source_facets":3,"boundary_points":5,"new_points":0,"boundary_unchanged":true,"before_bad":1,"after_score_computed":true,"after_bad":1,"after_valid":true,"before_bad_area":6.24741e-05,"after_bad_area":6.24741e-05,"selected":false}
NATIVE_QUALITY_REGION {"group":42667,"boundary_attempt":false,"point_budget":64,"source_facets":6,"boundary_points":6,"new_points":0,"boundary_unchanged":true,"before_bad":1,"after_score_computed":true,"after_bad":1,"after_valid":true,"before_bad_area":0.000437738,"after_bad_area":0.000437738,"selected":false}
NATIVE_QUALITY_REGION {"group":42672,"boundary_attempt":false,"point_budget":64,"source_facets":7,"boundary_points":6,"new_points":0,"boundary_unchanged":true,"before_bad":1,"after_score_computed":true,"after_bad":1,"after_valid":true,"before_bad_area":0.00761981,"after_bad_area":0.00761981,"selected":false}
NATIVE_QUALITY_REGION {"group":42679,"boundary_attempt":false,"point_budget":64,"source_facets":2,"boundary_points":4,"new_points":0,"boundary_unchanged":true,"before_bad":1,"after_score_computed":true,"after_bad":1,"after_valid":true,"before_bad_area":0.00184506,"after_bad_area":0.00184506,"selected":false}
NATIVE_QUALITY_REGION {"group":42685,"boundary_attempt":false,"point_budget":64,"source_facets":4,"boundary_points":5,"new_points":1,"boundary_unchanged":true,"before_bad":1,"after_score_computed":true,"after_bad":2,"after_valid":true,"before_bad_area":0.000661894,"after_bad_area":0.00331335,"selected":false}
NATIVE_QUALITY_REGION {"group":42686,"boundary_attempt":false,"point_budget":64,"source_facets":2,"boundary_points":4,"new_points":1,"boundary_unchanged":true,"before_bad":1,"after_score_computed":true,"after_bad":0,"after_valid":true,"before_bad_area":0.00138017,"after_bad_area":0,"selected":true}
NATIVE_QUALITY_REGION {"group":42688,"boundary_attempt":false,"point_budget":64,"source_facets":3,"boundary_points":4,"new_points":0,"boundary_unchanged":true,"before_bad":2,"after_score_computed":true,"after_bad":2,"after_valid":true,"before_bad_area":0.000432143,"after_bad_area":0.000432143,"selected":false}
NATIVE_QUALITY_REGION {"group":42692,"boundary_attempt":false,"point_budget":64,"source_facets":3,"boundary_points":5,"new_points":0,"boundary_unchanged":true,"before_bad":3,"after_score_computed":true,"after_bad":3,"after_valid":true,"before_bad_area":0.00165863,"after_bad_area":0.00165863,"selected":false}
NATIVE_QUALITY_REGION {"group":42695,"boundary_attempt":false,"point_budget":64,"source_facets":4,"boundary_points":5,"new_points":2,"boundary_unchanged":true,"before_bad":1,"after_score_computed":true,"after_bad":0,"after_valid":true,"before_bad_area":0.0012524,"after_bad_area":0,"selected":true}
NATIVE_QUALITY_REGION {"group":42696,"boundary_attempt":false,"point_budget":64,"source_facets":4,"boundary_points":6,"new_points":0,"boundary_unchanged":true,"before_bad":1,"after_score_computed":true,"after_bad":1,"after_valid":true,"before_bad_area":0.000233421,"after_bad_area":0.000233421,"selected":false}
NATIVE_QUALITY_REGION {"group":42697,"boundary_attempt":false,"point_budget":64,"source_facets":2,"boundary_points":4,"new_points":0,"boundary_unchanged":true,"before_bad":1,"after_score_computed":true,"after_bad":1,"after_valid":true,"before_bad_area":6.78492e-05,"after_bad_area":6.78492e-05,"selected":false}
NATIVE_QUALITY_REGION {"group":42698,"boundary_attempt":false,"point_budget":64,"source_facets":4,"boundary_points":5,"new_points":0,"boundary_unchanged":true,"before_bad":1,"after_score_computed":true,"after_bad":1,"after_valid":true,"before_bad_area":0.00147282,"after_bad_area":0.00147282,"selected":false}
NATIVE_QUALITY_REGION {"group":42699,"boundary_attempt":false,"point_budget":64,"source_facets":2,"boundary_points":4,"new_points":0,"boundary_unchanged":true,"before_bad":1,"after_score_computed":true,"after_bad":1,"after_valid":true,"before_bad_area":0.000372589,"after_bad_area":0.000372589,"selected":false}
NATIVE_QUALITY_REGION {"group":42703,"boundary_attempt":false,"point_budget":64,"source_facets":3,"boundary_points":5,"new_points":0,"boundary_unchanged":true,"before_bad":1,"after_score_computed":true,"after_bad":1,"after_valid":true,"before_bad_area":0.000749542,"after_bad_area":0.000749542,"selected":false}
NATIVE_QUALITY_REGION {"group":42707,"boundary_attempt":false,"point_budget":64,"source_facets":2,"boundary_points":4,"new_points":0,"boundary_unchanged":true,"before_bad":1,"after_score_computed":true,"after_bad":1,"after_valid":true,"before_bad_area":0.00130116,"after_bad_area":0.00130116,"selected":false}
NATIVE_QUALITY_REGION {"group":42709,"boundary_attempt":false,"point_budget":64,"source_facets":3,"boundary_points":5,"new_points":0,"boundary_unchanged":true,"before_bad":1,"after_score_computed":true,"after_bad":1,"after_valid":true,"before_bad_area":0.00083399,"after_bad_area":0.00083399,"selected":false}
NATIVE_QUALITY_REGION {"group":42711,"boundary_attempt":false,"point_budget":64,"source_facets":3,"boundary_points":5,"new_points":1,"boundary_unchanged":true,"before_bad":1,"after_score_computed":true,"after_bad":1,"after_valid":true,"before_bad_area":0.000530427,"after_bad_area":0.00111403,"selected":false}
NATIVE_QUALITY_REGION {"group":42722,"boundary_attempt":false,"point_budget":64,"source_facets":4,"boundary_points":6,"new_points":1,"boundary_unchanged":true,"before_bad":1,"after_score_computed":true,"after_bad":2,"after_valid":true,"before_bad_area":0.00160124,"after_bad_area":0.00257615,"selected":false}
NATIVE_QUALITY_REGION {"group":42725,"boundary_attempt":false,"point_budget":64,"source_facets":3,"boundary_points":5,"new_points":0,"boundary_unchanged":true,"before_bad":1,"after_score_computed":true,"after_bad":1,"after_valid":true,"before_bad_area":0.00142008,"after_bad_area":0.00142008,"selected":false}
NATIVE_QUALITY_REGION {"group":42727,"boundary_attempt":false,"point_budget":64,"source_facets":3,"boundary_points":4,"new_points":0,"boundary_unchanged":true,"before_bad":1,"after_score_computed":true,"after_bad":1,"after_valid":true,"before_bad_area":0.000502085,"after_bad_area":0.000502085,"selected":false}
NATIVE_QUALITY_REGION {"group":42730,"boundary_attempt":false,"point_budget":64,"source_facets":3,"boundary_points":5,"new_points":1,"boundary_unchanged":true,"before_bad":1,"after_score_computed":true,"after_bad":1,"after_valid":true,"before_bad_area":0.000360759,"after_bad_area":0.000181568,"selected":true}
NATIVE_QUALITY_REGION {"group":42732,"boundary_attempt":false,"point_budget":64,"source_facets":3,"boundary_points":5,"new_points":0,"boundary_unchanged":true,"before_bad":1,"after_score_computed":true,"after_bad":1,"after_valid":true,"before_bad_area":0.000435939,"after_bad_area":0.000435939,"selected":false}
NATIVE_QUALITY_REGION {"group":42736,"boundary_attempt":false,"point_budget":64,"source_facets":5,"boundary_points":7,"new_points":0,"boundary_unchanged":true,"before_bad":3,"after_score_computed":true,"after_bad":3,"after_valid":true,"before_bad_area":0.00167941,"after_bad_area":0.00167941,"selected":false}
NATIVE_QUALITY_REGION {"group":42738,"boundary_attempt":false,"point_budget":64,"source_facets":3,"boundary_points":5,"new_points":0,"boundary_unchanged":true,"before_bad":2,"after_score_computed":true,"after_bad":2,"after_valid":true,"before_bad_area":0.00212742,"after_bad_area":0.00212742,"selected":false}
NATIVE_QUALITY_REGION {"group":42740,"boundary_attempt":false,"point_budget":64,"source_facets":2,"boundary_points":4,"new_points":0,"boundary_unchanged":true,"before_bad":2,"after_score_computed":true,"after_bad":2,"after_valid":true,"before_bad_area":0.00217814,"after_bad_area":0.00217814,"selected":false}
NATIVE_QUALITY_REGION {"group":42741,"boundary_attempt":false,"point_budget":64,"source_facets":2,"boundary_points":4,"new_points":0,"boundary_unchanged":true,"before_bad":1,"after_score_computed":true,"after_bad":1,"after_valid":true,"before_bad_area":0.00212983,"after_bad_area":0.00212983,"selected":false}
NATIVE_QUALITY_REGION {"group":42749,"boundary_attempt":false,"point_budget":64,"source_facets":2,"boundary_points":4,"new_points":0,"boundary_unchanged":true,"before_bad":1,"after_score_computed":true,"after_bad":1,"after_valid":true,"before_bad_area":6.50535e-05,"after_bad_area":6.50535e-05,"selected":false}
NATIVE_QUALITY_REGION {"group":42768,"boundary_attempt":false,"point_budget":64,"source_facets":3,"boundary_points":5,"new_points":1,"boundary_unchanged":true,"before_bad":1,"after_score_computed":true,"after_bad":1,"after_valid":true,"before_bad_area":0.000102824,"after_bad_area":0.000654305,"selected":false}
NATIVE_QUALITY_REGION {"group":42770,"boundary_attempt":false,"point_budget":64,"source_facets":3,"boundary_points":5,"new_points":0,"boundary_unchanged":true,"before_bad":1,"after_score_computed":true,"after_bad":1,"after_valid":true,"before_bad_area":0.000262687,"after_bad_area":0.000262687,"selected":false}
NATIVE_QUALITY_REGION {"group":42771,"boundary_attempt":false,"point_budget":64,"source_facets":2,"boundary_points":4,"new_points":0,"boundary_unchanged":true,"before_bad":1,"after_score_computed":true,"after_bad":1,"after_valid":true,"before_bad_area":0.00150022,"after_bad_area":0.00150022,"selected":false}
NATIVE_QUALITY_REGION {"group":42772,"boundary_attempt":false,"point_budget":64,"source_facets":3,"boundary_points":5,"new_points":0,"boundary_unchanged":true,"before_bad":1,"after_score_computed":true,"after_bad":1,"after_valid":true,"before_bad_area":0.000462131,"after_bad_area":0.000462131,"selected":false}
NATIVE_QUALITY_REGION {"group":42773,"boundary_attempt":false,"point_budget":64,"source_facets":2,"boundary_points":4,"new_points":0,"boundary_unchanged":true,"before_bad":1,"after_score_computed":true,"after_bad":1,"after_valid":true,"before_bad_area":0.000426357,"after_bad_area":0.000426357,"selected":false}
NATIVE_QUALITY_REGION {"group":42774,"boundary_attempt":false,"point_budget":64,"source_facets":2,"boundary_points":4,"new_points":0,"boundary_unchanged":true,"before_bad":1,"after_score_computed":true,"after_bad":1,"after_valid":true,"before_bad_area":7.99624e-05,"after_bad_area":7.99624e-05,"selected":false}
NATIVE_QUALITY_REGION {"group":42777,"boundary_attempt":false,"point_budget":64,"source_facets":2,"boundary_points":4,"new_points":0,"boundary_unchanged":true,"before_bad":1,"after_score_computed":true,"after_bad":1,"after_valid":true,"before_bad_area":0.00188188,"after_bad_area":0.00188188,"selected":false}
NATIVE_QUALITY_REGION {"group":42778,"boundary_attempt":false,"point_budget":64,"source_facets":2,"boundary_points":4,"new_points":0,"boundary_unchanged":true,"before_bad":1,"after_score_computed":true,"after_bad":1,"after_valid":true,"before_bad_area":6.4206e-05,"after_bad_area":6.4206e-05,"selected":false}
NATIVE_QUALITY_REGION {"group":43002,"boundary_attempt":false,"point_budget":64,"source_facets":3,"boundary_points":5,"new_points":0,"boundary_unchanged":true,"before_bad":1,"after_score_computed":true,"after_bad":1,"after_valid":true,"before_bad_area":0.000709117,"after_bad_area":0.000709117,"selected":false}
NATIVE_QUALITY_REGION {"group":43004,"boundary_attempt":false,"point_budget":64,"source_facets":7,"boundary_points":6,"new_points":1,"boundary_unchanged":true,"before_bad":1,"after_score_computed":true,"after_bad":2,"after_valid":true,"before_bad_area":0.000230757,"after_bad_area":0.00356968,"selected":false}
NATIVE_QUALITY_REGION {"group":43005,"boundary_attempt":false,"point_budget":64,"source_facets":3,"boundary_points":5,"new_points":0,"boundary_unchanged":true,"before_bad":2,"after_score_computed":true,"after_bad":2,"after_valid":true,"before_bad_area":0.00342954,"after_bad_area":0.00342954,"selected":false}
NATIVE_QUALITY_REGION {"group":43006,"boundary_attempt":false,"point_budget":64,"source_facets":5,"boundary_points":7,"new_points":3,"boundary_unchanged":true,"before_bad":2,"after_score_computed":true,"after_bad":3,"after_valid":true,"before_bad_area":0.00129249,"after_bad_area":0.0149651,"selected":false}
NATIVE_QUALITY_REGION {"group":43009,"boundary_attempt":false,"point_budget":64,"source_facets":4,"boundary_points":6,"new_points":1,"boundary_unchanged":true,"before_bad":3,"after_score_computed":true,"after_bad":1,"after_valid":true,"before_bad_area":0.0176018,"after_bad_area":0.000113323,"selected":true}
NATIVE_QUALITY_REGION {"group":43010,"boundary_attempt":false,"point_budget":64,"source_facets":5,"boundary_points":6,"new_points":2,"boundary_unchanged":true,"before_bad":2,"after_score_computed":true,"after_bad":1,"after_valid":true,"before_bad_area":0.00795205,"after_bad_area":0.00121324,"selected":true}
NATIVE_QUALITY_REGION {"group":43011,"boundary_attempt":false,"point_budget":64,"source_facets":5,"boundary_points":5,"new_points":1,"boundary_unchanged":true,"before_bad":2,"after_score_computed":true,"after_bad":2,"after_valid":true,"before_bad_area":0.00468227,"after_bad_area":0.00596798,"selected":false}
NATIVE_QUALITY_REGION {"group":43014,"boundary_attempt":false,"point_budget":64,"source_facets":4,"boundary_points":6,"new_points":0,"boundary_unchanged":true,"before_bad":3,"after_score_computed":true,"after_bad":3,"after_valid":true,"before_bad_area":0.000352811,"after_bad_area":0.000352811,"selected":false}
NATIVE_QUALITY_REGION {"group":43015,"boundary_attempt":false,"point_budget":64,"source_facets":2,"boundary_points":4,"new_points":0,"boundary_unchanged":true,"before_bad":1,"after_score_computed":true,"after_bad":1,"after_valid":true,"before_bad_area":0.0091687,"after_bad_area":0.0091687,"selected":false}
NATIVE_QUALITY_REGION {"group":43016,"boundary_attempt":false,"point_budget":64,"source_facets":3,"boundary_points":5,"new_points":1,"boundary_unchanged":true,"before_bad":2,"after_score_computed":true,"after_bad":0,"after_valid":true,"before_bad_area":0.0207497,"after_bad_area":0,"selected":true}
NATIVE_QUALITY_REGION {"group":43017,"boundary_attempt":false,"point_budget":64,"source_facets":5,"boundary_points":7,"new_points":0,"boundary_unchanged":true,"before_bad":2,"after_score_computed":true,"after_bad":2,"after_valid":true,"before_bad_area":0.00735464,"after_bad_area":0.00735464,"selected":false}
NATIVE_QUALITY_REGION {"group":43018,"boundary_attempt":false,"point_budget":64,"source_facets":4,"boundary_points":6,"new_points":0,"boundary_unchanged":true,"before_bad":2,"after_score_computed":true,"after_bad":2,"after_valid":true,"before_bad_area":0.00844719,"after_bad_area":0.00844719,"selected":false}
NATIVE_QUALITY_REGION {"group":43019,"boundary_attempt":false,"point_budget":64,"source_facets":2,"boundary_points":4,"new_points":0,"boundary_unchanged":true,"before_bad":1,"after_score_computed":true,"after_bad":1,"after_valid":true,"before_bad_area":0.00880279,"after_bad_area":0.00880279,"selected":false}
NATIVE_QUALITY_REGION {"group":43020,"boundary_attempt":false,"point_budget":64,"source_facets":4,"boundary_points":6,"new_points":2,"boundary_unchanged":true,"before_bad":3,"after_score_computed":true,"after_bad":0,"after_valid":true,"before_bad_area":0.0164683,"after_bad_area":0,"selected":true}
NATIVE_QUALITY_REGION {"group":43021,"boundary_attempt":false,"point_budget":64,"source_facets":5,"boundary_points":7,"new_points":1,"boundary_unchanged":true,"before_bad":3,"after_score_computed":true,"after_bad":3,"after_valid":true,"before_bad_area":0.0135179,"after_bad_area":0.0141331,"selected":false}
NATIVE_QUALITY_REGION {"group":43022,"boundary_attempt":false,"point_budget":64,"source_facets":5,"boundary_points":7,"new_points":1,"boundary_unchanged":true,"before_bad":3,"after_score_computed":true,"after_bad":2,"after_valid":true,"before_bad_area":0.00522105,"after_bad_area":0.00356814,"selected":true}
NATIVE_QUALITY_REGION {"group":43024,"boundary_attempt":false,"point_budget":64,"source_facets":5,"boundary_points":7,"new_points":2,"boundary_unchanged":true,"before_bad":2,"after_score_computed":true,"after_bad":0,"after_valid":true,"before_bad_area":0.00913231,"after_bad_area":0,"selected":true}
NATIVE_QUALITY_REGION {"group":43025,"boundary_attempt":false,"point_budget":64,"source_facets":3,"boundary_points":5,"new_points":0,"boundary_unchanged":true,"before_bad":1,"after_score_computed":true,"after_bad":1,"after_valid":true,"before_bad_area":7.43027e-05,"after_bad_area":7.43027e-05,"selected":false}
NATIVE_QUALITY_REGION {"group":43027,"boundary_attempt":false,"point_budget":64,"source_facets":7,"boundary_points":9,"new_points":0,"boundary_unchanged":true,"before_bad":2,"after_score_computed":true,"after_bad":2,"after_valid":true,"before_bad_area":0.00567335,"after_bad_area":0.00567335,"selected":false}
NATIVE_QUALITY_REGION {"group":43029,"boundary_attempt":false,"point_budget":64,"source_facets":4,"boundary_points":5,"new_points":1,"boundary_unchanged":true,"before_bad":1,"after_score_computed":true,"after_bad":1,"after_valid":true,"before_bad_area":0.000446171,"after_bad_area":0.00147999,"selected":false}
NATIVE_QUALITY_REGION {"group":43030,"boundary_attempt":false,"point_budget":64,"source_facets":6,"boundary_points":8,"new_points":0,"boundary_unchanged":true,"before_bad":4,"after_score_computed":true,"after_bad":4,"after_valid":true,"before_bad_area":0.0229883,"after_bad_area":0.0229883,"selected":false}
NATIVE_QUALITY_REGION {"group":43031,"boundary_attempt":false,"point_budget":64,"source_facets":4,"boundary_points":6,"new_points":1,"boundary_unchanged":true,"before_bad":2,"after_score_computed":true,"after_bad":0,"after_valid":true,"before_bad_area":0.0132591,"after_bad_area":0,"selected":true}
NATIVE_QUALITY_REGION {"group":43032,"boundary_attempt":false,"point_budget":64,"source_facets":5,"boundary_points":6,"new_points":0,"boundary_unchanged":true,"before_bad":2,"after_score_computed":true,"after_bad":2,"after_valid":true,"before_bad_area":0.0031086,"after_bad_area":0.0031086,"selected":false}
NATIVE_QUALITY_REGION {"group":43034,"boundary_attempt":false,"point_budget":64,"source_facets":4,"boundary_points":6,"new_points":0,"boundary_unchanged":true,"before_bad":3,"after_score_computed":true,"after_bad":3,"after_valid":true,"before_bad_area":0.0277101,"after_bad_area":0.0277101,"selected":false}
NATIVE_QUALITY_REGION {"group":43035,"boundary_attempt":false,"point_budget":64,"source_facets":5,"boundary_points":7,"new_points":2,"boundary_unchanged":true,"before_bad":3,"after_score_computed":true,"after_bad":2,"after_valid":true,"before_bad_area":0.0136371,"after_bad_area":0.0126332,"selected":true}
NATIVE_QUALITY_REGION {"group":43036,"boundary_attempt":false,"point_budget":64,"source_facets":6,"boundary_points":8,"new_points":1,"boundary_unchanged":true,"before_bad":3,"after_score_computed":true,"after_bad":4,"after_valid":true,"before_bad_area":0.0151375,"after_bad_area":0.0159397,"selected":false}
NATIVE_QUALITY_REGION {"group":43037,"boundary_attempt":false,"point_budget":64,"source_facets":3,"boundary_points":5,"new_points":1,"boundary_unchanged":true,"before_bad":2,"after_score_computed":true,"after_bad":2,"after_valid":true,"before_bad_area":0.00741441,"after_bad_area":0.0164001,"selected":false}
NATIVE_QUALITY_REGION {"group":43038,"boundary_attempt":false,"point_budget":64,"source_facets":5,"boundary_points":7,"new_points":0,"boundary_unchanged":true,"before_bad":3,"after_score_computed":true,"after_bad":3,"after_valid":true,"before_bad_area":0.00626359,"after_bad_area":0.00626359,"selected":false}
NATIVE_QUALITY_REGION {"group":43039,"boundary_attempt":false,"point_budget":64,"source_facets":3,"boundary_points":5,"new_points":1,"boundary_unchanged":true,"before_bad":2,"after_score_computed":true,"after_bad":0,"after_valid":true,"before_bad_area":0.0147085,"after_bad_area":0,"selected":true}
NATIVE_QUALITY_REGION {"group":43040,"boundary_attempt":false,"point_budget":64,"source_facets":6,"boundary_points":8,"new_points":3,"boundary_unchanged":true,"before_bad":3,"after_score_computed":true,"after_bad":4,"after_valid":true,"before_bad_area":0.00122728,"after_bad_area":0.00266765,"selected":false}
NATIVE_QUALITY_REGION {"group":43041,"boundary_attempt":false,"point_budget":64,"source_facets":4,"boundary_points":6,"new_points":1,"boundary_unchanged":true,"before_bad":2,"after_score_computed":true,"after_bad":1,"after_valid":true,"before_bad_area":0.0191767,"after_bad_area":0.00309089,"selected":true}
NATIVE_QUALITY_REGION {"group":43042,"boundary_attempt":false,"point_budget":64,"source_facets":6,"boundary_points":7,"new_points":0,"boundary_unchanged":true,"before_bad":3,"after_score_computed":true,"after_bad":3,"after_valid":true,"before_bad_area":0.0174797,"after_bad_area":0.0174797,"selected":false}
NATIVE_QUALITY_REGION {"group":43043,"boundary_attempt":false,"point_budget":64,"source_facets":7,"boundary_points":9,"new_points":3,"boundary_unchanged":true,"before_bad":4,"after_score_computed":true,"after_bad":3,"after_valid":true,"before_bad_area":0.00971246,"after_bad_area":0.00926303,"selected":true}
NATIVE_QUALITY_REGION {"group":43045,"boundary_attempt":false,"point_budget":64,"source_facets":6,"boundary_points":8,"new_points":0,"boundary_unchanged":true,"before_bad":2,"after_score_computed":true,"after_bad":2,"after_valid":true,"before_bad_area":0.00428816,"after_bad_area":0.00428816,"selected":false}
NATIVE_QUALITY_REGION {"group":43046,"boundary_attempt":false,"point_budget":64,"source_facets":5,"boundary_points":7,"new_points":0,"boundary_unchanged":true,"before_bad":1,"after_score_computed":true,"after_bad":1,"after_valid":true,"before_bad_area":0.00467107,"after_bad_area":0.00467107,"selected":false}
NATIVE_QUALITY_REGION {"group":43047,"boundary_attempt":false,"point_budget":64,"source_facets":4,"boundary_points":6,"new_points":1,"boundary_unchanged":true,"before_bad":1,"after_score_computed":true,"after_bad":1,"after_valid":true,"before_bad_area":0.00208117,"after_bad_area":0.00392212,"selected":false}
NATIVE_QUALITY_REGION {"group":43048,"boundary_attempt":false,"point_budget":64,"source_facets":5,"boundary_points":7,"new_points":2,"boundary_unchanged":true,"before_bad":2,"after_score_computed":true,"after_bad":0,"after_valid":true,"before_bad_area":0.00523715,"after_bad_area":0,"selected":true}
NATIVE_QUALITY_REGION {"group":43049,"boundary_attempt":false,"point_budget":64,"source_facets":4,"boundary_points":5,"new_points":0,"boundary_unchanged":true,"before_bad":1,"after_score_computed":true,"after_bad":1,"after_valid":true,"before_bad_area":0.00294236,"after_bad_area":0.00294236,"selected":false}
NATIVE_QUALITY_REGION {"group":43050,"boundary_attempt":false,"point_budget":64,"source_facets":4,"boundary_points":6,"new_points":2,"boundary_unchanged":true,"before_bad":3,"after_score_computed":true,"after_bad":1,"after_valid":true,"before_bad_area":0.0146019,"after_bad_area":0.00571139,"selected":true}
NATIVE_QUALITY_REGION {"group":43053,"boundary_attempt":false,"point_budget":64,"source_facets":8,"boundary_points":7,"new_points":0,"boundary_unchanged":true,"before_bad":2,"after_score_computed":true,"after_bad":2,"after_valid":true,"before_bad_area":0.00170412,"after_bad_area":0.00170412,"selected":false}
NATIVE_QUALITY_REGION {"group":43054,"boundary_attempt":false,"point_budget":64,"source_facets":5,"boundary_points":7,"new_points":3,"boundary_unchanged":true,"before_bad":3,"after_score_computed":true,"after_bad":3,"after_valid":true,"before_bad_area":0.00798681,"after_bad_area":0.00607934,"selected":true}
NATIVE_QUALITY_REGION {"group":43055,"boundary_attempt":false,"point_budget":64,"source_facets":5,"boundary_points":6,"new_points":0,"boundary_unchanged":true,"before_bad":1,"after_score_computed":true,"after_bad":1,"after_valid":true,"before_bad_area":0.00530931,"after_bad_area":0.00530931,"selected":false}
NATIVE_QUALITY_REGION {"group":43056,"boundary_attempt":false,"point_budget":64,"source_facets":4,"boundary_points":6,"new_points":0,"boundary_unchanged":true,"before_bad":2,"after_score_computed":true,"after_bad":2,"after_valid":true,"before_bad_area":0.00273457,"after_bad_area":0.00273457,"selected":false}
NATIVE_QUALITY_REGION {"group":43059,"boundary_attempt":false,"point_budget":64,"source_facets":3,"boundary_points":5,"new_points":0,"boundary_unchanged":true,"before_bad":1,"after_score_computed":true,"after_bad":1,"after_valid":true,"before_bad_area":0.00165311,"after_bad_area":0.00165311,"selected":false}
NATIVE_QUALITY_REGION {"group":43060,"boundary_attempt":false,"point_budget":64,"source_facets":5,"boundary_points":7,"new_points":1,"boundary_unchanged":true,"before_bad":3,"after_score_computed":true,"after_bad":2,"after_valid":true,"before_bad_area":0.00688227,"after_bad_area":0.00363937,"selected":true}
NATIVE_QUALITY_REGION {"group":43061,"boundary_attempt":false,"point_budget":64,"source_facets":4,"boundary_points":6,"new_points":0,"boundary_unchanged":true,"before_bad":2,"after_score_computed":true,"after_bad":2,"after_valid":true,"before_bad_area":0.00380438,"after_bad_area":0.00380438,"selected":false}
NATIVE_QUALITY_REGION {"group":43062,"boundary_attempt":false,"point_budget":64,"source_facets":6,"boundary_points":6,"new_points":0,"boundary_unchanged":true,"before_bad":2,"after_score_computed":true,"after_bad":2,"after_valid":true,"before_bad_area":0.00267859,"after_bad_area":0.00267859,"selected":false}
NATIVE_QUALITY_REGION {"group":43064,"boundary_attempt":false,"point_budget":64,"source_facets":2,"boundary_points":4,"new_points":0,"boundary_unchanged":true,"before_bad":1,"after_score_computed":true,"after_bad":1,"after_valid":true,"before_bad_area":5.91343e-05,"after_bad_area":5.91343e-05,"selected":false}
NATIVE_QUALITY_REGION {"group":43065,"boundary_attempt":false,"point_budget":64,"source_facets":6,"boundary_points":7,"new_points":3,"boundary_unchanged":true,"before_bad":3,"after_score_computed":true,"after_bad":1,"after_valid":true,"before_bad_area":0.00626599,"after_bad_area":0.00325141,"selected":true}
NATIVE_QUALITY_REGION {"group":43066,"boundary_attempt":false,"point_budget":64,"source_facets":4,"boundary_points":6,"new_points":0,"boundary_unchanged":true,"before_bad":1,"after_score_computed":true,"after_bad":1,"after_valid":true,"before_bad_area":0.000772345,"after_bad_area":0.000772345,"selected":false}
NATIVE_QUALITY_REGION {"group":43067,"boundary_attempt":false,"point_budget":64,"source_facets":5,"boundary_points":7,"new_points":2,"boundary_unchanged":true,"before_bad":3,"after_score_computed":true,"after_bad":2,"after_valid":true,"before_bad_area":0.00735745,"after_bad_area":0.00255643,"selected":true}
NATIVE_QUALITY_REGION {"group":43068,"boundary_attempt":false,"point_budget":64,"source_facets":6,"boundary_points":8,"new_points":0,"boundary_unchanged":true,"before_bad":1,"after_score_computed":true,"after_bad":1,"after_valid":true,"before_bad_area":0.00249336,"after_bad_area":0.00249336,"selected":false}
NATIVE_QUALITY_REGION {"group":43069,"boundary_attempt":false,"point_budget":64,"source_facets":3,"boundary_points":5,"new_points":0,"boundary_unchanged":true,"before_bad":1,"after_score_computed":true,"after_bad":1,"after_valid":true,"before_bad_area":0.000629623,"after_bad_area":0.000629623,"selected":false}
NATIVE_QUALITY_REGION {"group":43070,"boundary_attempt":false,"point_budget":64,"source_facets":5,"boundary_points":7,"new_points":2,"boundary_unchanged":true,"before_bad":2,"after_score_computed":true,"after_bad":2,"after_valid":true,"before_bad_area":0.00512042,"after_bad_area":0.00372509,"selected":true}
NATIVE_QUALITY_REGION {"group":43071,"boundary_attempt":false,"point_budget":64,"source_facets":6,"boundary_points":6,"new_points":1,"boundary_unchanged":true,"before_bad":3,"after_score_computed":true,"after_bad":4,"after_valid":true,"before_bad_area":0.00416296,"after_bad_area":0.00422238,"selected":false}
NATIVE_QUALITY_REGION {"group":43072,"boundary_attempt":false,"point_budget":64,"source_facets":9,"boundary_points":9,"new_points":1,"boundary_unchanged":true,"before_bad":2,"after_score_computed":true,"after_bad":2,"after_valid":true,"before_bad_area":0.004644,"after_bad_area":0.004644,"selected":false}
NATIVE_QUALITY_REGION {"group":43073,"boundary_attempt":false,"point_budget":64,"source_facets":10,"boundary_points":10,"new_points":1,"boundary_unchanged":true,"before_bad":4,"after_score_computed":true,"after_bad":4,"after_valid":true,"before_bad_area":0.00294762,"after_bad_area":0.00463943,"selected":false}
o-[QualityBoundary] shared_edges=0 before_bad=796 after_bad=763 before_area=337.304 after_area=337.149 accepted=1
NATIVE_RESULT {"load_ms":34.276423999999999,"boolean_ms":668.001532,"save_ms":51.845283000000002,"faces":43950,"vertices":21977,"simplify":true}
