Stage1 :  True
Stage3 :  True
{"original_config_sha256": "df1eb24db57394c32e31f6d67a58cd7ef6c25febc11aff39c5e9503ee82d6390", "max_blocks": 67108864}
Warp 1.0.0-beta.2 initialized:
   CUDA Toolkit: 12.8, Driver: 13.2
   Devices:
     "cpu"    | x86_64
     "cuda:0" | NVIDIA GeForce RTX 4080 SUPER (sm_89)
   Kernel cache: /root/.cache/warp/1.0.0-beta.2
Target faces : 4204
Time for Remeshing: 0.07285284996032715 sec
Time for Simplification: 0.13976788520812988 sec
Module pamo_safe_project.kernels.geometry_kernels load on device 'cuda:0' took 20.36 ms
Module pamo_safe_project.kernels.energy_kernels.elastic_energy load on device 'cuda:0' took 19.01 ms
Module pamo_safe_project.kernels.energy_kernels.hinge_energy load on device 'cuda:0' took 41.32 ms
Module pamo_safe_project.kernels.energy_kernels.contact_detection load on device 'cuda:0' took 20.62 ms
Module pamo_safe_project.kernels.energy_kernels.distance_energy load on device 'cuda:0' took 28.77 ms
Module pamo_safe_project.kernels.energy_kernels.collision_energy load on device 'cuda:0' took 103.67 ms
Module pamo_safe_project.kernels.utils_kernels load on device 'cuda:0' took 4.64 ms
Module pamo_safe_project.kernels.solver_kernels load on device 'cuda:0' took 114.50 ms
Module warp.utils load on device 'cuda:0' took 2.53 ms
Module pamo_safe_project.kernels.distance_kernels.grad_funcs load on device 'cuda:0' took 32.92 ms
Module pamo_safe_project.kernels.distance_kernels.hessian_funcs load on device 'cuda:0' took 142.89 ms
Module pamo_safe_project.kernels.distance_kernels.distance_kernels load on device 'cuda:0' took 200.53 ms
Module pamo_safe_project.kernels.distance_kernels.grad_funcs_struct load on device 'cuda:0' took 30.80 ms
Module pamo_safe_project.kernels.distance_kernels.distance_kernels_struct load on device 'cuda:0' took 33.54 ms
Module pamo_safe_project.kernels.ccd_kernels load on device 'cuda:0' took 39.74 ms
Module pamo_safe_project.kernels.energy_kernels.lb_curvature_energy load on device 'cuda:0' took 5.59 ms
Module locality_gpu load on device 'cuda:0' took 1.15 ms
{"pamo_run_ms": 1806.4980898052454, "stage1": "original", "method": "full", "maintenance_ms": 2093.935447745025, "status": "pending_independent_audit"}
