Stage1 :  True
Stage3 :  True
Warp 1.0.0-beta.2 initialized:
   CUDA Toolkit: 12.8, Driver: 13.2
   Devices:
     "cpu"    | x86_64
     "cuda:0" | NVIDIA GeForce RTX 4080 SUPER (sm_89)
   Kernel cache: /root/.cache/warp/1.0.0-beta.2
Target faces : 672
Time for Remeshing: 0.10466861724853516 sec
Time for Simplification: 0.30842065811157227 sec
Module pamo_safe_project.kernels.geometry_kernels load on device 'cuda:0' took 23.08 ms
Module pamo_safe_project.kernels.energy_kernels.elastic_energy load on device 'cuda:0' took 20.81 ms
Module pamo_safe_project.kernels.energy_kernels.hinge_energy load on device 'cuda:0' took 51.34 ms
Module pamo_safe_project.kernels.energy_kernels.contact_detection load on device 'cuda:0' took 30.24 ms
Module pamo_safe_project.kernels.energy_kernels.distance_energy load on device 'cuda:0' took 39.87 ms
Module pamo_safe_project.kernels.energy_kernels.collision_energy load on device 'cuda:0' took 229.71 ms
Module pamo_safe_project.kernels.utils_kernels load on device 'cuda:0' took 5.93 ms
Module pamo_safe_project.kernels.solver_kernels load on device 'cuda:0' took 4.76 ms
Module warp.utils load on device 'cuda:0' took 2.46 ms
Module pamo_safe_project.kernels.distance_kernels.grad_funcs load on device 'cuda:0' took 33.21 ms
Module pamo_safe_project.kernels.distance_kernels.hessian_funcs load on device 'cuda:0' took 142.63 ms
Module pamo_safe_project.kernels.distance_kernels.distance_kernels load on device 'cuda:0' took 200.70 ms
Module pamo_safe_project.kernels.distance_kernels.grad_funcs_struct load on device 'cuda:0' took 30.94 ms
Module pamo_safe_project.kernels.distance_kernels.distance_kernels_struct load on device 'cuda:0' took 33.73 ms
Module pamo_safe_project.kernels.ccd_kernels load on device 'cuda:0' took 40.72 ms
Module pamo_safe_project.kernels.energy_kernels.lb_curvature_energy load on device 'cuda:0' took 5.87 ms
Module locality_gpu load on device 'cuda:0' took 1.30 ms
