Warp 1.0.0-beta.2 initialized:
   CUDA Toolkit: 12.8, Driver: 13.2
   Devices:
     "cpu"    | x86_64
     "cuda:0" | NVIDIA GeForce RTX 4080 SUPER (sm_89)
   Kernel cache: /root/.cache/warp/1.0.0-beta.2
[33;20mWARNING - Triangle area is too small (min_area=2.1438446659062852e-13), may cause numerical instability (system.py:213)[0m
Module pamo_safe_project.kernels.geometry_kernels load on device 'cuda:0' took 26.10 ms
Module pamo_safe_project.kernels.energy_kernels.elastic_energy load on device 'cuda:0' took 20.79 ms
Module pamo_safe_project.kernels.energy_kernels.hinge_energy load on device 'cuda:0' took 50.88 ms
Module pamo_safe_project.kernels.energy_kernels.precision_contact_detection load on device 'cuda:0' took 28.30 ms
Module pamo_safe_project.kernels.energy_kernels.distance_energy load on device 'cuda:0' took 39.58 ms
Module pamo_safe_project.kernels.energy_kernels.preserved_collision_energy load on device 'cuda:0' took 120.66 ms
Module pamo_safe_project.kernels.utils_kernels load on device 'cuda:0' took 5.96 ms
Module tangent_plane_gpu load on device 'cuda:0' took 2.13 ms
Module locality_gpu load on device 'cuda:0' took 1.20 ms
Module pamo_safe_project.kernels.solver_kernels load on device 'cuda:0' took 4.34 ms
Module warp.utils load on device 'cuda:0' took 2.02 ms
Module pamo_safe_project.kernels.distance_kernels.grad_funcs load on device 'cuda:0' took 26.35 ms
Module pamo_safe_project.kernels.distance_kernels.hessian_funcs load on device 'cuda:0' took 114.62 ms
Module pamo_safe_project.kernels.distance_kernels.distance_kernels load on device 'cuda:0' took 156.10 ms
Module pamo_safe_project.kernels.distance_kernels.grad_funcs_struct load on device 'cuda:0' took 25.24 ms
Module pamo_safe_project.kernels.distance_kernels.distance_kernels_struct load on device 'cuda:0' took 27.80 ms
Module pamo_safe_project.kernels.energy_kernels.collision_energy load on device 'cuda:0' took 106.90 ms
Module pamo_safe_project.kernels.ccd_kernels load on device 'cuda:0' took 31.61 ms
Module pamo_safe_project.kernels.energy_kernels.lb_curvature_energy load on device 'cuda:0' took 4.06 ms
Module pamo_safe_project.kernels.energy_kernels.contact_detection load on device 'cuda:0' took 23.51 ms
Module tangent_preserved_gpu load on device 'cuda:0' took 1.77 ms
Module robust_pt_gpu load on device 'cuda:0' took 6.35 ms
Module pamo_safe_project.kernels.energy_kernels.precision_collision_energy load on device 'cuda:0' took 102.61 ms
Module pamo_safe_project.kernels.precision_ccd_kernels load on device 'cuda:0' took 30.32 ms
Module robust_pt_gradient_gpu load on device 'cuda:0' took 6.40 ms
Module pamo_safe_project.kernels.energy_kernels.precision_gradient_collision_energy load on device 'cuda:0' took 87.07 ms
Module fixed_geometry_gpu load on device 'cuda:0' took 6.94 ms
Module pamo_safe_project.kernels.preserved_ccd load on device 'cuda:0' took 34.75 ms
