o-[Process     ] Max used threads = 4
o-[I/O         ] Loading file /tmp/geogram_native_quality_20261006_11/inputs/09_parent.obj...
o-[I/O         ] (FP64) nb_v:22429 nb_e:0 nb_f:44694 nb_b:0 tri:1 dim:3
o-[I/O         ] Attributes on vertices: point[3]
o-[I/O         ] Loading file /tmp/geogram_native_quality_20261006_11/inputs/09_tool.obj...
o-[I/O         ] (FP64) nb_v:674 nb_e:0 nb_f:1344 nb_b:0 tri:1 dim:3
o-[I/O         ] Attributes on vertices: point[3]
NATIVE_QUALITY_REGION {"group":39871,"boundary_attempt":false,"point_budget":64,"source_facets":173,"boundary_points":55,"new_points":23,"boundary_unchanged":true,"before_bad":16,"after_score_computed":true,"after_bad":6,"after_valid":true,"before_bad_area":0.275423,"after_bad_area":0.00282317,"selected":true}
NATIVE_QUALITY_REGION {"group":39889,"boundary_attempt":false,"point_budget":64,"source_facets":74,"boundary_points":40,"new_points":9,"boundary_unchanged":true,"before_bad":5,"after_score_computed":true,"after_bad":0,"after_valid":true,"before_bad_area":0.0138988,"after_bad_area":0,"selected":true}
NATIVE_QUALITY_REGION {"group":39898,"boundary_attempt":false,"point_budget":64,"source_facets":366,"boundary_points":66,"new_points":31,"boundary_unchanged":true,"before_bad":26,"after_score_computed":true,"after_bad":6,"after_valid":true,"before_bad_area":0.642745,"after_bad_area":0.00384584,"selected":true}
NATIVE_QUALITY_REGION {"group":39944,"boundary_attempt":false,"point_budget":64,"source_facets":52,"boundary_points":32,"new_points":10,"boundary_unchanged":true,"before_bad":5,"after_score_computed":true,"after_bad":2,"after_valid":true,"before_bad_area":0.0273707,"after_bad_area":0.0021566,"selected":true}
NATIVE_QUALITY_REGION {"group":39955,"boundary_attempt":false,"point_budget":64,"source_facets":26,"boundary_points":20,"new_points":6,"boundary_unchanged":true,"before_bad":4,"after_score_computed":true,"after_bad":2,"after_valid":true,"before_bad_area":0.00791504,"after_bad_area":0.00126963,"selected":true}
NATIVE_QUALITY_REGION {"group":40209,"boundary_attempt":false,"point_budget":64,"source_facets":295,"boundary_points":73,"new_points":31,"boundary_unchanged":true,"before_bad":21,"after_score_computed":true,"after_bad":1,"after_valid":true,"before_bad_area":0.495909,"after_bad_area":0.00342776,"selected":true}
NATIVE_QUALITY_REGION {"group":40379,"boundary_attempt":false,"point_budget":64,"source_facets":341,"boundary_points":90,"new_points":43,"boundary_unchanged":true,"before_bad":43,"after_score_computed":true,"after_bad":6,"after_valid":true,"before_bad_area":1.63962,"after_bad_area":0.00598307,"selected":true}
NATIVE_QUALITY_REGION {"group":40404,"boundary_attempt":false,"point_budget":64,"source_facets":141,"boundary_points":33,"new_points":9,"boundary_unchanged":true,"before_bad":3,"after_score_computed":true,"after_bad":0,"after_valid":true,"before_bad_area":0.230718,"after_bad_area":0,"selected":true}
NATIVE_QUALITY_REGION {"group":40430,"boundary_attempt":false,"point_budget":64,"source_facets":5,"boundary_points":7,"new_points":0,"boundary_unchanged":true,"before_bad":1,"after_score_computed":true,"after_bad":1,"after_valid":true,"before_bad_area":0.000749542,"after_bad_area":0.000749542,"selected":false}
NATIVE_QUALITY_REGION {"group":40439,"boundary_attempt":false,"point_budget":64,"source_facets":45,"boundary_points":28,"new_points":8,"boundary_unchanged":true,"before_bad":3,"after_score_computed":true,"after_bad":1,"after_valid":true,"before_bad_area":0.00459321,"after_bad_area":0.00156018,"selected":true}
NATIVE_QUALITY_REGION {"group":40530,"boundary_attempt":false,"point_budget":64,"source_facets":198,"boundary_points":36,"new_points":13,"boundary_unchanged":true,"before_bad":10,"after_score_computed":true,"after_bad":0,"after_valid":true,"before_bad_area":0.948088,"after_bad_area":0,"selected":true}
NATIVE_QUALITY_REGION {"group":41008,"boundary_attempt":false,"point_budget":64,"source_facets":2,"boundary_points":4,"new_points":1,"boundary_unchanged":true,"before_bad":1,"after_score_computed":true,"after_bad":0,"after_valid":true,"before_bad_area":0.00130482,"after_bad_area":0,"selected":true}
NATIVE_QUALITY_REGION {"group":41010,"boundary_attempt":false,"point_budget":64,"source_facets":3,"boundary_points":5,"new_points":0,"boundary_unchanged":true,"before_bad":1,"after_score_computed":true,"after_bad":1,"after_valid":true,"before_bad_area":0.00142008,"after_bad_area":0.00142008,"selected":false}
NATIVE_QUALITY_REGION {"group":41016,"boundary_attempt":false,"point_budget":64,"source_facets":3,"boundary_points":5,"new_points":0,"boundary_unchanged":true,"before_bad":1,"after_score_computed":true,"after_bad":1,"after_valid":true,"before_bad_area":0.000502915,"after_bad_area":0.000502915,"selected":false}
NATIVE_QUALITY_REGION {"group":41017,"boundary_attempt":false,"point_budget":64,"source_facets":3,"boundary_points":5,"new_points":0,"boundary_unchanged":true,"before_bad":1,"after_score_computed":true,"after_bad":1,"after_valid":true,"before_bad_area":0.000435939,"after_bad_area":0.000435939,"selected":false}
NATIVE_QUALITY_REGION {"group":41020,"boundary_attempt":false,"point_budget":64,"source_facets":5,"boundary_points":7,"new_points":0,"boundary_unchanged":true,"before_bad":3,"after_score_computed":true,"after_bad":3,"after_valid":true,"before_bad_area":0.00167941,"after_bad_area":0.00167941,"selected":false}
NATIVE_QUALITY_REGION {"group":41023,"boundary_attempt":false,"point_budget":64,"source_facets":3,"boundary_points":5,"new_points":0,"boundary_unchanged":true,"before_bad":2,"after_score_computed":true,"after_bad":2,"after_valid":true,"before_bad_area":0.00212742,"after_bad_area":0.00212742,"selected":false}
NATIVE_QUALITY_REGION {"group":41025,"boundary_attempt":false,"point_budget":64,"source_facets":2,"boundary_points":4,"new_points":0,"boundary_unchanged":true,"before_bad":2,"after_score_computed":true,"after_bad":2,"after_valid":true,"before_bad_area":0.00217814,"after_bad_area":0.00217814,"selected":false}
NATIVE_QUALITY_REGION {"group":41025,"boundary_attempt":true,"point_budget":128,"source_facets":2,"boundary_points":4,"new_points":7,"boundary_unchanged":true,"before_bad":2,"after_score_computed":true,"after_bad":0,"after_valid":true,"before_bad_area":0.00217814,"after_bad_area":0,"selected":true}
NATIVE_QUALITY_REGION {"group":41026,"boundary_attempt":false,"point_budget":64,"source_facets":2,"boundary_points":4,"new_points":0,"boundary_unchanged":true,"before_bad":1,"after_score_computed":true,"after_bad":1,"after_valid":true,"before_bad_area":0.00212983,"after_bad_area":0.00212983,"selected":false}
NATIVE_QUALITY_REGION {"group":41026,"boundary_attempt":true,"point_budget":128,"source_facets":2,"boundary_points":4,"new_points":2,"boundary_unchanged":true,"before_bad":1,"after_score_computed":true,"after_bad":0,"after_valid":true,"before_bad_area":0.00212983,"after_bad_area":0,"selected":true}
NATIVE_QUALITY_REGION {"group":41028,"boundary_attempt":false,"point_budget":64,"source_facets":3,"boundary_points":5,"new_points":0,"boundary_unchanged":true,"before_bad":1,"after_score_computed":true,"after_bad":1,"after_valid":true,"before_bad_area":6.24741e-05,"after_bad_area":6.24741e-05,"selected":false}
NATIVE_QUALITY_REGION {"group":41037,"boundary_attempt":false,"point_budget":64,"source_facets":2,"boundary_points":4,"new_points":0,"boundary_unchanged":true,"before_bad":1,"after_score_computed":true,"after_bad":1,"after_valid":true,"before_bad_area":6.50535e-05,"after_bad_area":6.50535e-05,"selected":false}
NATIVE_QUALITY_REGION {"group":41037,"boundary_attempt":true,"point_budget":128,"source_facets":2,"boundary_points":4,"new_points":1,"boundary_unchanged":true,"before_bad":1,"after_score_computed":true,"after_bad":0,"after_valid":true,"before_bad_area":6.50535e-05,"after_bad_area":0,"selected":true}
NATIVE_QUALITY_REGION {"group":41044,"boundary_attempt":false,"point_budget":64,"source_facets":2,"boundary_points":4,"new_points":0,"boundary_unchanged":true,"before_bad":1,"after_score_computed":true,"after_bad":1,"after_valid":true,"before_bad_area":0.000372589,"after_bad_area":0.000372589,"selected":false}
NATIVE_QUALITY_REGION {"group":41044,"boundary_attempt":true,"point_budget":128,"source_facets":2,"boundary_points":4,"new_points":5,"boundary_unchanged":true,"before_bad":1,"after_score_computed":true,"after_bad":0,"after_valid":true,"before_bad_area":0.000372589,"after_bad_area":0,"selected":true}
NATIVE_QUALITY_REGION {"group":41051,"boundary_attempt":false,"point_budget":64,"source_facets":3,"boundary_points":5,"new_points":1,"boundary_unchanged":true,"before_bad":1,"after_score_computed":true,"after_bad":1,"after_valid":true,"before_bad_area":0.000530427,"after_bad_area":0.00111403,"selected":false}
NATIVE_QUALITY_REGION {"group":41052,"boundary_attempt":false,"point_budget":64,"source_facets":3,"boundary_points":5,"new_points":1,"boundary_unchanged":true,"before_bad":1,"after_score_computed":true,"after_bad":1,"after_valid":true,"before_bad_area":0.000102824,"after_bad_area":0.000654305,"selected":false}
NATIVE_QUALITY_REGION {"group":41054,"boundary_attempt":false,"point_budget":64,"source_facets":3,"boundary_points":5,"new_points":0,"boundary_unchanged":true,"before_bad":1,"after_score_computed":true,"after_bad":1,"after_valid":true,"before_bad_area":0.000262687,"after_bad_area":0.000262687,"selected":false}
NATIVE_QUALITY_REGION {"group":41055,"boundary_attempt":false,"point_budget":64,"source_facets":2,"boundary_points":4,"new_points":0,"boundary_unchanged":true,"before_bad":1,"after_score_computed":true,"after_bad":1,"after_valid":true,"before_bad_area":0.00150022,"after_bad_area":0.00150022,"selected":false}
NATIVE_QUALITY_REGION {"group":41055,"boundary_attempt":true,"point_budget":128,"source_facets":2,"boundary_points":4,"new_points":3,"boundary_unchanged":true,"before_bad":1,"after_score_computed":true,"after_bad":0,"after_valid":true,"before_bad_area":0.00150022,"after_bad_area":0,"selected":true}
NATIVE_QUALITY_REGION {"group":41056,"boundary_attempt":false,"point_budget":64,"source_facets":2,"boundary_points":4,"new_points":0,"boundary_unchanged":true,"before_bad":1,"after_score_computed":true,"after_bad":1,"after_valid":true,"before_bad_area":7.99624e-05,"after_bad_area":7.99624e-05,"selected":false}
NATIVE_QUALITY_REGION {"group":41056,"boundary_attempt":true,"point_budget":128,"source_facets":2,"boundary_points":4,"new_points":11,"boundary_unchanged":true,"before_bad":1,"after_score_computed":true,"after_bad":0,"after_valid":true,"before_bad_area":7.99624e-05,"after_bad_area":0,"selected":true}
NATIVE_QUALITY_REGION {"group":41057,"boundary_attempt":false,"point_budget":64,"source_facets":2,"boundary_points":4,"new_points":0,"boundary_unchanged":true,"before_bad":1,"after_score_computed":true,"after_bad":1,"after_valid":true,"before_bad_area":6.4206e-05,"after_bad_area":6.4206e-05,"selected":false}
NATIVE_QUALITY_REGION {"group":41057,"boundary_attempt":true,"point_budget":128,"source_facets":2,"boundary_points":4,"new_points":11,"boundary_unchanged":true,"before_bad":1,"after_score_computed":true,"after_bad":0,"after_valid":true,"before_bad_area":6.4206e-05,"after_bad_area":0,"selected":true}
NATIVE_QUALITY_REGION {"group":41280,"boundary_attempt":false,"point_budget":64,"source_facets":3,"boundary_points":5,"new_points":0,"boundary_unchanged":true,"before_bad":1,"after_score_computed":true,"after_bad":1,"after_valid":true,"before_bad_area":0.000709117,"after_bad_area":0.000709117,"selected":false}
NATIVE_QUALITY_REGION {"group":41282,"boundary_attempt":false,"point_budget":64,"source_facets":7,"boundary_points":6,"new_points":1,"boundary_unchanged":true,"before_bad":1,"after_score_computed":true,"after_bad":2,"after_valid":true,"before_bad_area":0.000230757,"after_bad_area":0.00356968,"selected":false}
NATIVE_QUALITY_REGION {"group":41283,"boundary_attempt":false,"point_budget":64,"source_facets":3,"boundary_points":5,"new_points":0,"boundary_unchanged":true,"before_bad":2,"after_score_computed":true,"after_bad":2,"after_valid":true,"before_bad_area":0.00342954,"after_bad_area":0.00342954,"selected":false}
NATIVE_QUALITY_REGION {"group":41284,"boundary_attempt":false,"point_budget":64,"source_facets":5,"boundary_points":7,"new_points":3,"boundary_unchanged":true,"before_bad":2,"after_score_computed":true,"after_bad":3,"after_valid":true,"before_bad_area":0.00129249,"after_bad_area":0.0149651,"selected":false}
NATIVE_QUALITY_REGION {"group":41287,"boundary_attempt":false,"point_budget":64,"source_facets":4,"boundary_points":6,"new_points":1,"boundary_unchanged":true,"before_bad":3,"after_score_computed":true,"after_bad":1,"after_valid":true,"before_bad_area":0.0176018,"after_bad_area":0.000113323,"selected":true}
NATIVE_QUALITY_REGION {"group":41288,"boundary_attempt":false,"point_budget":64,"source_facets":5,"boundary_points":6,"new_points":2,"boundary_unchanged":true,"before_bad":2,"after_score_computed":true,"after_bad":1,"after_valid":true,"before_bad_area":0.00795205,"after_bad_area":0.00121324,"selected":true}
NATIVE_QUALITY_REGION {"group":41289,"boundary_attempt":false,"point_budget":64,"source_facets":5,"boundary_points":5,"new_points":1,"boundary_unchanged":true,"before_bad":2,"after_score_computed":true,"after_bad":2,"after_valid":true,"before_bad_area":0.00468227,"after_bad_area":0.00596798,"selected":false}
NATIVE_QUALITY_REGION {"group":41292,"boundary_attempt":false,"point_budget":64,"source_facets":4,"boundary_points":6,"new_points":0,"boundary_unchanged":true,"before_bad":3,"after_score_computed":true,"after_bad":3,"after_valid":true,"before_bad_area":0.000352811,"after_bad_area":0.000352811,"selected":false}
NATIVE_QUALITY_REGION {"group":41293,"boundary_attempt":false,"point_budget":64,"source_facets":2,"boundary_points":4,"new_points":0,"boundary_unchanged":true,"before_bad":1,"after_score_computed":true,"after_bad":1,"after_valid":true,"before_bad_area":0.0091687,"after_bad_area":0.0091687,"selected":false}
NATIVE_QUALITY_REGION {"group":41293,"boundary_attempt":true,"point_budget":128,"source_facets":2,"boundary_points":4,"new_points":4,"boundary_unchanged":true,"before_bad":1,"after_score_computed":true,"after_bad":0,"after_valid":true,"before_bad_area":0.0091687,"after_bad_area":0,"selected":true}
NATIVE_QUALITY_REGION {"group":41294,"boundary_attempt":false,"point_budget":64,"source_facets":3,"boundary_points":5,"new_points":1,"boundary_unchanged":true,"before_bad":2,"after_score_computed":true,"after_bad":0,"after_valid":true,"before_bad_area":0.0207497,"after_bad_area":0,"selected":true}
NATIVE_QUALITY_REGION {"group":41295,"boundary_attempt":false,"point_budget":64,"source_facets":5,"boundary_points":7,"new_points":0,"boundary_unchanged":true,"before_bad":2,"after_score_computed":true,"after_bad":2,"after_valid":true,"before_bad_area":0.00735464,"after_bad_area":0.00735464,"selected":false}
NATIVE_QUALITY_REGION {"group":41296,"boundary_attempt":false,"point_budget":64,"source_facets":4,"boundary_points":6,"new_points":0,"boundary_unchanged":true,"before_bad":2,"after_score_computed":true,"after_bad":2,"after_valid":true,"before_bad_area":0.00844719,"after_bad_area":0.00844719,"selected":false}
NATIVE_QUALITY_REGION {"group":41297,"boundary_attempt":false,"point_budget":64,"source_facets":2,"boundary_points":4,"new_points":0,"boundary_unchanged":true,"before_bad":1,"after_score_computed":true,"after_bad":1,"after_valid":true,"before_bad_area":0.00880279,"after_bad_area":0.00880279,"selected":false}
NATIVE_QUALITY_REGION {"group":41297,"boundary_attempt":true,"point_budget":128,"source_facets":2,"boundary_points":4,"new_points":5,"boundary_unchanged":true,"before_bad":1,"after_score_computed":true,"after_bad":0,"after_valid":true,"before_bad_area":0.00880279,"after_bad_area":0,"selected":true}
NATIVE_QUALITY_REGION {"group":41298,"boundary_attempt":false,"point_budget":64,"source_facets":4,"boundary_points":6,"new_points":2,"boundary_unchanged":true,"before_bad":3,"after_score_computed":true,"after_bad":0,"after_valid":true,"before_bad_area":0.0164683,"after_bad_area":0,"selected":true}
NATIVE_QUALITY_REGION {"group":41299,"boundary_attempt":false,"point_budget":64,"source_facets":5,"boundary_points":7,"new_points":1,"boundary_unchanged":true,"before_bad":3,"after_score_computed":true,"after_bad":3,"after_valid":true,"before_bad_area":0.0135179,"after_bad_area":0.0141331,"selected":false}
NATIVE_QUALITY_REGION {"group":41300,"boundary_attempt":false,"point_budget":64,"source_facets":5,"boundary_points":7,"new_points":1,"boundary_unchanged":true,"before_bad":3,"after_score_computed":true,"after_bad":2,"after_valid":true,"before_bad_area":0.00522105,"after_bad_area":0.00356814,"selected":true}
NATIVE_QUALITY_REGION {"group":41302,"boundary_attempt":false,"point_budget":64,"source_facets":5,"boundary_points":7,"new_points":2,"boundary_unchanged":true,"before_bad":2,"after_score_computed":true,"after_bad":0,"after_valid":true,"before_bad_area":0.00913231,"after_bad_area":0,"selected":true}
NATIVE_QUALITY_REGION {"group":41303,"boundary_attempt":false,"point_budget":64,"source_facets":3,"boundary_points":5,"new_points":0,"boundary_unchanged":true,"before_bad":1,"after_score_computed":true,"after_bad":1,"after_valid":true,"before_bad_area":7.43027e-05,"after_bad_area":7.43027e-05,"selected":false}
NATIVE_QUALITY_REGION {"group":41305,"boundary_attempt":false,"point_budget":64,"source_facets":7,"boundary_points":9,"new_points":0,"boundary_unchanged":true,"before_bad":2,"after_score_computed":true,"after_bad":2,"after_valid":true,"before_bad_area":0.00567335,"after_bad_area":0.00567335,"selected":false}
NATIVE_QUALITY_REGION {"group":41307,"boundary_attempt":false,"point_budget":64,"source_facets":4,"boundary_points":5,"new_points":1,"boundary_unchanged":true,"before_bad":1,"after_score_computed":true,"after_bad":1,"after_valid":true,"before_bad_area":0.000446171,"after_bad_area":0.00147999,"selected":false}
NATIVE_QUALITY_REGION {"group":41308,"boundary_attempt":false,"point_budget":64,"source_facets":6,"boundary_points":8,"new_points":0,"boundary_unchanged":true,"before_bad":4,"after_score_computed":true,"after_bad":4,"after_valid":true,"before_bad_area":0.0229883,"after_bad_area":0.0229883,"selected":false}
NATIVE_QUALITY_REGION {"group":41309,"boundary_attempt":false,"point_budget":64,"source_facets":5,"boundary_points":6,"new_points":0,"boundary_unchanged":true,"before_bad":2,"after_score_computed":true,"after_bad":2,"after_valid":true,"before_bad_area":0.0031086,"after_bad_area":0.0031086,"selected":false}
NATIVE_QUALITY_REGION {"group":41310,"boundary_attempt":false,"point_budget":64,"source_facets":4,"boundary_points":6,"new_points":1,"boundary_unchanged":true,"before_bad":2,"after_score_computed":true,"after_bad":0,"after_valid":true,"before_bad_area":0.0132591,"after_bad_area":0,"selected":true}
NATIVE_QUALITY_REGION {"group":41311,"boundary_attempt":false,"point_budget":64,"source_facets":4,"boundary_points":6,"new_points":0,"boundary_unchanged":true,"before_bad":3,"after_score_computed":true,"after_bad":3,"after_valid":true,"before_bad_area":0.0277101,"after_bad_area":0.0277101,"selected":false}
NATIVE_QUALITY_REGION {"group":41313,"boundary_attempt":false,"point_budget":64,"source_facets":6,"boundary_points":8,"new_points":1,"boundary_unchanged":true,"before_bad":3,"after_score_computed":true,"after_bad":4,"after_valid":true,"before_bad_area":0.0151375,"after_bad_area":0.0159397,"selected":false}
NATIVE_QUALITY_REGION {"group":41314,"boundary_attempt":false,"point_budget":64,"source_facets":5,"boundary_points":7,"new_points":2,"boundary_unchanged":true,"before_bad":3,"after_score_computed":true,"after_bad":2,"after_valid":true,"before_bad_area":0.0136371,"after_bad_area":0.0126332,"selected":true}
NATIVE_QUALITY_REGION {"group":41315,"boundary_attempt":false,"point_budget":64,"source_facets":3,"boundary_points":5,"new_points":1,"boundary_unchanged":true,"before_bad":2,"after_score_computed":true,"after_bad":2,"after_valid":true,"before_bad_area":0.00741441,"after_bad_area":0.0164001,"selected":false}
NATIVE_QUALITY_REGION {"group":41316,"boundary_attempt":false,"point_budget":64,"source_facets":6,"boundary_points":8,"new_points":3,"boundary_unchanged":true,"before_bad":3,"after_score_computed":true,"after_bad":4,"after_valid":true,"before_bad_area":0.00122728,"after_bad_area":0.00266765,"selected":false}
NATIVE_QUALITY_REGION {"group":41317,"boundary_attempt":false,"point_budget":64,"source_facets":5,"boundary_points":7,"new_points":0,"boundary_unchanged":true,"before_bad":3,"after_score_computed":true,"after_bad":3,"after_valid":true,"before_bad_area":0.00626359,"after_bad_area":0.00626359,"selected":false}
NATIVE_QUALITY_REGION {"group":41318,"boundary_attempt":false,"point_budget":64,"source_facets":4,"boundary_points":6,"new_points":1,"boundary_unchanged":true,"before_bad":2,"after_score_computed":true,"after_bad":1,"after_valid":true,"before_bad_area":0.0191767,"after_bad_area":0.00309089,"selected":true}
NATIVE_QUALITY_REGION {"group":41319,"boundary_attempt":false,"point_budget":64,"source_facets":3,"boundary_points":5,"new_points":1,"boundary_unchanged":true,"before_bad":2,"after_score_computed":true,"after_bad":0,"after_valid":true,"before_bad_area":0.0147085,"after_bad_area":0,"selected":true}
NATIVE_QUALITY_REGION {"group":41320,"boundary_attempt":false,"point_budget":64,"source_facets":6,"boundary_points":7,"new_points":0,"boundary_unchanged":true,"before_bad":3,"after_score_computed":true,"after_bad":3,"after_valid":true,"before_bad_area":0.0174797,"after_bad_area":0.0174797,"selected":false}
NATIVE_QUALITY_REGION {"group":41321,"boundary_attempt":false,"point_budget":64,"source_facets":7,"boundary_points":9,"new_points":3,"boundary_unchanged":true,"before_bad":4,"after_score_computed":true,"after_bad":3,"after_valid":true,"before_bad_area":0.00971246,"after_bad_area":0.00926303,"selected":true}
NATIVE_QUALITY_REGION {"group":41323,"boundary_attempt":false,"point_budget":64,"source_facets":6,"boundary_points":8,"new_points":0,"boundary_unchanged":true,"before_bad":2,"after_score_computed":true,"after_bad":2,"after_valid":true,"before_bad_area":0.00428816,"after_bad_area":0.00428816,"selected":false}
NATIVE_QUALITY_REGION {"group":41324,"boundary_attempt":false,"point_budget":64,"source_facets":5,"boundary_points":7,"new_points":0,"boundary_unchanged":true,"before_bad":1,"after_score_computed":true,"after_bad":1,"after_valid":true,"before_bad_area":0.00467107,"after_bad_area":0.00467107,"selected":false}
NATIVE_QUALITY_REGION {"group":41325,"boundary_attempt":false,"point_budget":64,"source_facets":4,"boundary_points":6,"new_points":1,"boundary_unchanged":true,"before_bad":1,"after_score_computed":true,"after_bad":1,"after_valid":true,"before_bad_area":0.00208117,"after_bad_area":0.00392212,"selected":false}
NATIVE_QUALITY_REGION {"group":41326,"boundary_attempt":false,"point_budget":64,"source_facets":5,"boundary_points":7,"new_points":2,"boundary_unchanged":true,"before_bad":2,"after_score_computed":true,"after_bad":0,"after_valid":true,"before_bad_area":0.00523715,"after_bad_area":0,"selected":true}
NATIVE_QUALITY_REGION {"group":41327,"boundary_attempt":false,"point_budget":64,"source_facets":4,"boundary_points":5,"new_points":0,"boundary_unchanged":true,"before_bad":1,"after_score_computed":true,"after_bad":1,"after_valid":true,"before_bad_area":0.00294236,"after_bad_area":0.00294236,"selected":false}
NATIVE_QUALITY_REGION {"group":41328,"boundary_attempt":false,"point_budget":64,"source_facets":4,"boundary_points":6,"new_points":2,"boundary_unchanged":true,"before_bad":3,"after_score_computed":true,"after_bad":1,"after_valid":true,"before_bad_area":0.0146019,"after_bad_area":0.00571139,"selected":true}
NATIVE_QUALITY_REGION {"group":41331,"boundary_attempt":false,"point_budget":64,"source_facets":8,"boundary_points":7,"new_points":0,"boundary_unchanged":true,"before_bad":2,"after_score_computed":true,"after_bad":2,"after_valid":true,"before_bad_area":0.00170412,"after_bad_area":0.00170412,"selected":false}
NATIVE_QUALITY_REGION {"group":41332,"boundary_attempt":false,"point_budget":64,"source_facets":5,"boundary_points":7,"new_points":3,"boundary_unchanged":true,"before_bad":3,"after_score_computed":true,"after_bad":3,"after_valid":true,"before_bad_area":0.00798681,"after_bad_area":0.00607934,"selected":true}
NATIVE_QUALITY_REGION {"group":41333,"boundary_attempt":false,"point_budget":64,"source_facets":5,"boundary_points":6,"new_points":0,"boundary_unchanged":true,"before_bad":1,"after_score_computed":true,"after_bad":1,"after_valid":true,"before_bad_area":0.00530931,"after_bad_area":0.00530931,"selected":false}
NATIVE_QUALITY_REGION {"group":41334,"boundary_attempt":false,"point_budget":64,"source_facets":4,"boundary_points":6,"new_points":0,"boundary_unchanged":true,"before_bad":2,"after_score_computed":true,"after_bad":2,"after_valid":true,"before_bad_area":0.00273457,"after_bad_area":0.00273457,"selected":false}
NATIVE_QUALITY_REGION {"group":41337,"boundary_attempt":false,"point_budget":64,"source_facets":3,"boundary_points":5,"new_points":0,"boundary_unchanged":true,"before_bad":1,"after_score_computed":true,"after_bad":1,"after_valid":true,"before_bad_area":0.00165311,"after_bad_area":0.00165311,"selected":false}
NATIVE_QUALITY_REGION {"group":41338,"boundary_attempt":false,"point_budget":64,"source_facets":5,"boundary_points":7,"new_points":1,"boundary_unchanged":true,"before_bad":3,"after_score_computed":true,"after_bad":2,"after_valid":true,"before_bad_area":0.00688227,"after_bad_area":0.00363937,"selected":true}
NATIVE_QUALITY_REGION {"group":41339,"boundary_attempt":false,"point_budget":64,"source_facets":4,"boundary_points":6,"new_points":0,"boundary_unchanged":true,"before_bad":2,"after_score_computed":true,"after_bad":2,"after_valid":true,"before_bad_area":0.00380438,"after_bad_area":0.00380438,"selected":false}
NATIVE_QUALITY_REGION {"group":41340,"boundary_attempt":false,"point_budget":64,"source_facets":6,"boundary_points":6,"new_points":0,"boundary_unchanged":true,"before_bad":2,"after_score_computed":true,"after_bad":2,"after_valid":true,"before_bad_area":0.00267859,"after_bad_area":0.00267859,"selected":false}
NATIVE_QUALITY_REGION {"group":41342,"boundary_attempt":false,"point_budget":64,"source_facets":2,"boundary_points":4,"new_points":0,"boundary_unchanged":true,"before_bad":1,"after_score_computed":true,"after_bad":1,"after_valid":true,"before_bad_area":5.91343e-05,"after_bad_area":5.91343e-05,"selected":false}
NATIVE_QUALITY_REGION {"group":41342,"boundary_attempt":true,"point_budget":128,"source_facets":2,"boundary_points":4,"new_points":3,"boundary_unchanged":true,"before_bad":1,"after_score_computed":true,"after_bad":0,"after_valid":true,"before_bad_area":5.91343e-05,"after_bad_area":0,"selected":true}
NATIVE_QUALITY_REGION {"group":41343,"boundary_attempt":false,"point_budget":64,"source_facets":6,"boundary_points":7,"new_points":3,"boundary_unchanged":true,"before_bad":3,"after_score_computed":true,"after_bad":1,"after_valid":true,"before_bad_area":0.00626599,"after_bad_area":0.00325141,"selected":true}
NATIVE_QUALITY_REGION {"group":41344,"boundary_attempt":false,"point_budget":64,"source_facets":4,"boundary_points":6,"new_points":0,"boundary_unchanged":true,"before_bad":1,"after_score_computed":true,"after_bad":1,"after_valid":true,"before_bad_area":0.000772345,"after_bad_area":0.000772345,"selected":false}
NATIVE_QUALITY_REGION {"group":41345,"boundary_attempt":false,"point_budget":64,"source_facets":5,"boundary_points":7,"new_points":2,"boundary_unchanged":true,"before_bad":3,"after_score_computed":true,"after_bad":2,"after_valid":true,"before_bad_area":0.00735745,"after_bad_area":0.00255643,"selected":true}
NATIVE_QUALITY_REGION {"group":41346,"boundary_attempt":false,"point_budget":64,"source_facets":6,"boundary_points":8,"new_points":0,"boundary_unchanged":true,"before_bad":1,"after_score_computed":true,"after_bad":1,"after_valid":true,"before_bad_area":0.00249336,"after_bad_area":0.00249336,"selected":false}
NATIVE_QUALITY_REGION {"group":41347,"boundary_attempt":false,"point_budget":64,"source_facets":3,"boundary_points":5,"new_points":0,"boundary_unchanged":true,"before_bad":1,"after_score_computed":true,"after_bad":1,"after_valid":true,"before_bad_area":0.000629623,"after_bad_area":0.000629623,"selected":false}
NATIVE_QUALITY_REGION {"group":41348,"boundary_attempt":false,"point_budget":64,"source_facets":5,"boundary_points":7,"new_points":2,"boundary_unchanged":true,"before_bad":2,"after_score_computed":true,"after_bad":2,"after_valid":true,"before_bad_area":0.00512042,"after_bad_area":0.00372509,"selected":true}
NATIVE_QUALITY_REGION {"group":41349,"boundary_attempt":false,"point_budget":64,"source_facets":6,"boundary_points":6,"new_points":1,"boundary_unchanged":true,"before_bad":3,"after_score_computed":true,"after_bad":4,"after_valid":true,"before_bad_area":0.00416296,"after_bad_area":0.00422238,"selected":false}
NATIVE_QUALITY_REGION {"group":41350,"boundary_attempt":false,"point_budget":64,"source_facets":9,"boundary_points":9,"new_points":1,"boundary_unchanged":true,"before_bad":2,"after_score_computed":true,"after_bad":2,"after_valid":true,"before_bad_area":0.004644,"after_bad_area":0.004644,"selected":false}
NATIVE_QUALITY_REGION {"group":41351,"boundary_attempt":false,"point_budget":64,"source_facets":10,"boundary_points":10,"new_points":1,"boundary_unchanged":true,"before_bad":4,"after_score_computed":true,"after_bad":4,"after_valid":true,"before_bad_area":0.00294762,"after_bad_area":0.00463943,"selected":false}
NATIVE_QUALITY_REGION {"group":41190,"boundary_attempt":false,"point_budget":128,"source_facets":99,"boundary_points":55,"new_points":24,"boundary_unchanged":true,"before_bad":16,"after_score_computed":true,"after_bad":6,"after_valid":true,"before_bad_area":0.275423,"after_bad_area":0.00282317,"selected":true}
NATIVE_QUALITY_REGION {"group":41192,"boundary_attempt":false,"point_budget":128,"source_facets":61,"boundary_points":45,"new_points":9,"boundary_unchanged":true,"before_bad":9,"after_score_computed":true,"after_bad":4,"after_valid":true,"before_bad_area":0.0151663,"after_bad_area":0.00126745,"selected":true}
NATIVE_QUALITY_REGION {"group":41195,"boundary_attempt":false,"point_budget":128,"source_facets":128,"boundary_points":68,"new_points":33,"boundary_unchanged":true,"before_bad":28,"after_score_computed":true,"after_bad":6,"after_valid":true,"before_bad_area":0.644225,"after_bad_area":0.00384584,"selected":true}
NATIVE_QUALITY_REGION {"group":41198,"boundary_attempt":false,"point_budget":128,"source_facets":50,"boundary_points":32,"new_points":10,"boundary_unchanged":true,"before_bad":5,"after_score_computed":true,"after_bad":2,"after_valid":true,"before_bad_area":0.0273707,"after_bad_area":0.0021566,"selected":true}
NATIVE_QUALITY_REGION {"group":41200,"boundary_attempt":false,"point_budget":128,"source_facets":30,"boundary_points":20,"new_points":6,"boundary_unchanged":true,"before_bad":4,"after_score_computed":true,"after_bad":2,"after_valid":true,"before_bad_area":0.00791504,"after_bad_area":0.00126963,"selected":true}
NATIVE_QUALITY_REGION {"group":41212,"boundary_attempt":false,"point_budget":128,"source_facets":133,"boundary_points":73,"new_points":33,"boundary_unchanged":true,"before_bad":21,"after_score_computed":true,"after_bad":1,"after_valid":true,"before_bad_area":0.495909,"after_bad_area":0.00342776,"selected":true}
NATIVE_QUALITY_REGION {"group":41221,"boundary_attempt":false,"point_budget":128,"source_facets":175,"boundary_points":91,"new_points":46,"boundary_unchanged":true,"before_bad":44,"after_score_computed":true,"after_bad":6,"after_valid":true,"before_bad_area":1.63962,"after_bad_area":0.00598307,"selected":true}
NATIVE_QUALITY_REGION {"group":41222,"boundary_attempt":false,"point_budget":128,"source_facets":49,"boundary_points":33,"new_points":9,"boundary_unchanged":true,"before_bad":3,"after_score_computed":true,"after_bad":0,"after_valid":true,"before_bad_area":0.230718,"after_bad_area":0,"selected":true}
NATIVE_QUALITY_REGION {"group":41223,"boundary_attempt":false,"point_budget":128,"source_facets":5,"boundary_points":7,"new_points":0,"boundary_unchanged":true,"before_bad":1,"after_score_computed":true,"after_bad":1,"after_valid":true,"before_bad_area":0.000749542,"after_bad_area":0.000749542,"selected":false}
NATIVE_QUALITY_REGION {"group":41224,"boundary_attempt":false,"point_budget":128,"source_facets":42,"boundary_points":28,"new_points":8,"boundary_unchanged":true,"before_bad":3,"after_score_computed":true,"after_bad":1,"after_valid":true,"before_bad_area":0.00459321,"after_bad_area":0.00156018,"selected":true}
NATIVE_QUALITY_REGION {"group":41226,"boundary_attempt":false,"point_budget":128,"source_facets":60,"boundary_points":36,"new_points":12,"boundary_unchanged":true,"before_bad":10,"after_score_computed":true,"after_bad":0,"after_valid":true,"before_bad_area":0.948088,"after_bad_area":0,"selected":true}
NATIVE_QUALITY_REGION {"group":41236,"boundary_attempt":false,"point_budget":128,"source_facets":4,"boundary_points":4,"new_points":1,"boundary_unchanged":true,"before_bad":1,"after_score_computed":true,"after_bad":0,"after_valid":true,"before_bad_area":0.00130482,"after_bad_area":0,"selected":true}
NATIVE_QUALITY_REGION {"group":41238,"boundary_attempt":false,"point_budget":128,"source_facets":3,"boundary_points":5,"new_points":0,"boundary_unchanged":true,"before_bad":1,"after_score_computed":true,"after_bad":1,"after_valid":true,"before_bad_area":0.00142008,"after_bad_area":0.00142008,"selected":false}
NATIVE_QUALITY_REGION {"group":41243,"boundary_attempt":false,"point_budget":128,"source_facets":3,"boundary_points":5,"new_points":0,"boundary_unchanged":true,"before_bad":1,"after_score_computed":true,"after_bad":1,"after_valid":true,"before_bad_area":0.000502915,"after_bad_area":0.000502915,"selected":false}
NATIVE_QUALITY_REGION {"group":41244,"boundary_attempt":false,"point_budget":128,"source_facets":3,"boundary_points":5,"new_points":0,"boundary_unchanged":true,"before_bad":1,"after_score_computed":true,"after_bad":1,"after_valid":true,"before_bad_area":0.000435939,"after_bad_area":0.000435939,"selected":false}
NATIVE_QUALITY_REGION {"group":41245,"boundary_attempt":false,"point_budget":128,"source_facets":5,"boundary_points":7,"new_points":0,"boundary_unchanged":true,"before_bad":3,"after_score_computed":true,"after_bad":3,"after_valid":true,"before_bad_area":0.00167941,"after_bad_area":0.00167941,"selected":false}
NATIVE_QUALITY_REGION {"group":41246,"boundary_attempt":false,"point_budget":128,"source_facets":3,"boundary_points":5,"new_points":0,"boundary_unchanged":true,"before_bad":2,"after_score_computed":true,"after_bad":2,"after_valid":true,"before_bad_area":0.00212742,"after_bad_area":0.00212742,"selected":false}
NATIVE_QUALITY_REGION {"group":41249,"boundary_attempt":false,"point_budget":128,"source_facets":3,"boundary_points":5,"new_points":0,"boundary_unchanged":true,"before_bad":1,"after_score_computed":true,"after_bad":1,"after_valid":true,"before_bad_area":6.24741e-05,"after_bad_area":6.24741e-05,"selected":false}
NATIVE_QUALITY_REGION {"group":41256,"boundary_attempt":false,"point_budget":128,"source_facets":3,"boundary_points":5,"new_points":0,"boundary_unchanged":true,"before_bad":2,"after_score_computed":true,"after_bad":2,"after_valid":true,"before_bad_area":0.00247865,"after_bad_area":0.00247865,"selected":false}
NATIVE_QUALITY_REGION {"group":41262,"boundary_attempt":false,"point_budget":128,"source_facets":4,"boundary_points":6,"new_points":1,"boundary_unchanged":true,"before_bad":1,"after_score_computed":true,"after_bad":1,"after_valid":true,"before_bad_area":0.000209215,"after_bad_area":0.00111403,"selected":false}
NATIVE_QUALITY_REGION {"group":41263,"boundary_attempt":false,"point_budget":128,"source_facets":3,"boundary_points":5,"new_points":1,"boundary_unchanged":true,"before_bad":1,"after_score_computed":true,"after_bad":1,"after_valid":true,"before_bad_area":0.000102824,"after_bad_area":0.000654305,"selected":false}
NATIVE_QUALITY_REGION {"group":41264,"boundary_attempt":false,"point_budget":128,"source_facets":3,"boundary_points":5,"new_points":0,"boundary_unchanged":true,"before_bad":1,"after_score_computed":true,"after_bad":1,"after_valid":true,"before_bad_area":0.000262687,"after_bad_area":0.000262687,"selected":false}
NATIVE_QUALITY_REGION {"group":41281,"boundary_attempt":false,"point_budget":128,"source_facets":3,"boundary_points":5,"new_points":0,"boundary_unchanged":true,"before_bad":1,"after_score_computed":true,"after_bad":1,"after_valid":true,"before_bad_area":0.000709117,"after_bad_area":0.000709117,"selected":false}
NATIVE_QUALITY_REGION {"group":41283,"boundary_attempt":false,"point_budget":128,"source_facets":4,"boundary_points":6,"new_points":1,"boundary_unchanged":true,"before_bad":1,"after_score_computed":true,"after_bad":2,"after_valid":true,"before_bad_area":0.000230757,"after_bad_area":0.00356968,"selected":false}
NATIVE_QUALITY_REGION {"group":41284,"boundary_attempt":false,"point_budget":128,"source_facets":3,"boundary_points":5,"new_points":0,"boundary_unchanged":true,"before_bad":2,"after_score_computed":true,"after_bad":2,"after_valid":true,"before_bad_area":0.00342954,"after_bad_area":0.00342954,"selected":false}
NATIVE_QUALITY_REGION {"group":41285,"boundary_attempt":false,"point_budget":128,"source_facets":5,"boundary_points":7,"new_points":3,"boundary_unchanged":true,"before_bad":2,"after_score_computed":true,"after_bad":3,"after_valid":true,"before_bad_area":0.00129249,"after_bad_area":0.0149651,"selected":false}
NATIVE_QUALITY_REGION {"group":41287,"boundary_attempt":false,"point_budget":128,"source_facets":6,"boundary_points":6,"new_points":1,"boundary_unchanged":true,"before_bad":3,"after_score_computed":true,"after_bad":1,"after_valid":true,"before_bad_area":0.0176018,"after_bad_area":0.000113323,"selected":true}
NATIVE_QUALITY_REGION {"group":41288,"boundary_attempt":false,"point_budget":128,"source_facets":8,"boundary_points":6,"new_points":2,"boundary_unchanged":true,"before_bad":2,"after_score_computed":true,"after_bad":1,"after_valid":true,"before_bad_area":0.00795205,"after_bad_area":0.00121324,"selected":true}
NATIVE_QUALITY_REGION {"group":41289,"boundary_attempt":false,"point_budget":128,"source_facets":3,"boundary_points":5,"new_points":1,"boundary_unchanged":true,"before_bad":2,"after_score_computed":true,"after_bad":2,"after_valid":true,"before_bad_area":0.00468227,"after_bad_area":0.00596798,"selected":false}
NATIVE_QUALITY_REGION {"group":41290,"boundary_attempt":false,"point_budget":128,"source_facets":4,"boundary_points":6,"new_points":0,"boundary_unchanged":true,"before_bad":3,"after_score_computed":true,"after_bad":3,"after_valid":true,"before_bad_area":0.000352811,"after_bad_area":0.000352811,"selected":false}
NATIVE_QUALITY_REGION {"group":41292,"boundary_attempt":false,"point_budget":128,"source_facets":5,"boundary_points":5,"new_points":1,"boundary_unchanged":true,"before_bad":2,"after_score_computed":true,"after_bad":0,"after_valid":true,"before_bad_area":0.0207497,"after_bad_area":0,"selected":true}
NATIVE_QUALITY_REGION {"group":41293,"boundary_attempt":false,"point_budget":128,"source_facets":6,"boundary_points":8,"new_points":0,"boundary_unchanged":true,"before_bad":2,"after_score_computed":true,"after_bad":2,"after_valid":true,"before_bad_area":0.00367377,"after_bad_area":0.00367377,"selected":false}
NATIVE_QUALITY_REGION {"group":41294,"boundary_attempt":false,"point_budget":128,"source_facets":4,"boundary_points":6,"new_points":0,"boundary_unchanged":true,"before_bad":2,"after_score_computed":true,"after_bad":2,"after_valid":true,"before_bad_area":0.00844719,"after_bad_area":0.00844719,"selected":false}
NATIVE_QUALITY_REGION {"group":41296,"boundary_attempt":false,"point_budget":128,"source_facets":8,"boundary_points":6,"new_points":2,"boundary_unchanged":true,"before_bad":3,"after_score_computed":true,"after_bad":0,"after_valid":true,"before_bad_area":0.0164683,"after_bad_area":0,"selected":true}
NATIVE_QUALITY_REGION {"group":41297,"boundary_attempt":false,"point_budget":128,"source_facets":6,"boundary_points":8,"new_points":1,"boundary_unchanged":true,"before_bad":3,"after_score_computed":true,"after_bad":3,"after_valid":true,"before_bad_area":0.0135179,"after_bad_area":0.0141331,"selected":false}
NATIVE_QUALITY_REGION {"group":41298,"boundary_attempt":false,"point_budget":128,"source_facets":11,"boundary_points":11,"new_points":1,"boundary_unchanged":true,"before_bad":3,"after_score_computed":true,"after_bad":2,"after_valid":true,"before_bad_area":0.0025995,"after_bad_area":0.00178201,"selected":true}
NATIVE_QUALITY_REGION {"group":41300,"boundary_attempt":false,"point_budget":128,"source_facets":9,"boundary_points":7,"new_points":2,"boundary_unchanged":true,"before_bad":2,"after_score_computed":true,"after_bad":0,"after_valid":true,"before_bad_area":0.00913231,"after_bad_area":0,"selected":true}
NATIVE_QUALITY_REGION {"group":41301,"boundary_attempt":false,"point_budget":128,"source_facets":3,"boundary_points":5,"new_points":0,"boundary_unchanged":true,"before_bad":1,"after_score_computed":true,"after_bad":1,"after_valid":true,"before_bad_area":7.43027e-05,"after_bad_area":7.43027e-05,"selected":false}
NATIVE_QUALITY_REGION {"group":41302,"boundary_attempt":false,"point_budget":128,"source_facets":7,"boundary_points":9,"new_points":0,"boundary_unchanged":true,"before_bad":2,"after_score_computed":true,"after_bad":2,"after_valid":true,"before_bad_area":0.00567335,"after_bad_area":0.00567335,"selected":false}
NATIVE_QUALITY_REGION {"group":41304,"boundary_attempt":false,"point_budget":128,"source_facets":3,"boundary_points":5,"new_points":1,"boundary_unchanged":true,"before_bad":1,"after_score_computed":true,"after_bad":1,"after_valid":true,"before_bad_area":0.000446171,"after_bad_area":0.00147999,"selected":false}
NATIVE_QUALITY_REGION {"group":41305,"boundary_attempt":false,"point_budget":128,"source_facets":6,"boundary_points":8,"new_points":0,"boundary_unchanged":true,"before_bad":4,"after_score_computed":true,"after_bad":4,"after_valid":true,"before_bad_area":0.0229883,"after_bad_area":0.0229883,"selected":false}
NATIVE_QUALITY_REGION {"group":41306,"boundary_attempt":false,"point_budget":128,"source_facets":4,"boundary_points":6,"new_points":0,"boundary_unchanged":true,"before_bad":2,"after_score_computed":true,"after_bad":2,"after_valid":true,"before_bad_area":0.0031086,"after_bad_area":0.0031086,"selected":false}
NATIVE_QUALITY_REGION {"group":41307,"boundary_attempt":false,"point_budget":128,"source_facets":6,"boundary_points":6,"new_points":1,"boundary_unchanged":true,"before_bad":2,"after_score_computed":true,"after_bad":0,"after_valid":true,"before_bad_area":0.0132591,"after_bad_area":0,"selected":true}
NATIVE_QUALITY_REGION {"group":41308,"boundary_attempt":false,"point_budget":128,"source_facets":4,"boundary_points":6,"new_points":0,"boundary_unchanged":true,"before_bad":3,"after_score_computed":true,"after_bad":3,"after_valid":true,"before_bad_area":0.0277101,"after_bad_area":0.0277101,"selected":false}
NATIVE_QUALITY_REGION {"group":41310,"boundary_attempt":false,"point_budget":128,"source_facets":6,"boundary_points":8,"new_points":1,"boundary_unchanged":true,"before_bad":3,"after_score_computed":true,"after_bad":4,"after_valid":true,"before_bad_area":0.0151375,"after_bad_area":0.0159397,"selected":false}
NATIVE_QUALITY_REGION {"group":41311,"boundary_attempt":false,"point_budget":128,"source_facets":9,"boundary_points":7,"new_points":2,"boundary_unchanged":true,"before_bad":3,"after_score_computed":true,"after_bad":2,"after_valid":true,"before_bad_area":0.0136371,"after_bad_area":0.0126332,"selected":true}
NATIVE_QUALITY_REGION {"group":41312,"boundary_attempt":false,"point_budget":128,"source_facets":3,"boundary_points":5,"new_points":1,"boundary_unchanged":true,"before_bad":2,"after_score_computed":true,"after_bad":2,"after_valid":true,"before_bad_area":0.00741441,"after_bad_area":0.0164001,"selected":false}
NATIVE_QUALITY_REGION {"group":41313,"boundary_attempt":false,"point_budget":128,"source_facets":6,"boundary_points":8,"new_points":3,"boundary_unchanged":true,"before_bad":3,"after_score_computed":true,"after_bad":4,"after_valid":true,"before_bad_area":0.00122728,"after_bad_area":0.00266765,"selected":false}
NATIVE_QUALITY_REGION {"group":41314,"boundary_attempt":false,"point_budget":128,"source_facets":5,"boundary_points":7,"new_points":0,"boundary_unchanged":true,"before_bad":3,"after_score_computed":true,"after_bad":3,"after_valid":true,"before_bad_area":0.00626359,"after_bad_area":0.00626359,"selected":false}
NATIVE_QUALITY_REGION {"group":41315,"boundary_attempt":false,"point_budget":128,"source_facets":6,"boundary_points":6,"new_points":1,"boundary_unchanged":true,"before_bad":2,"after_score_computed":true,"after_bad":1,"after_valid":true,"before_bad_area":0.0191767,"after_bad_area":0.00309089,"selected":true}
NATIVE_QUALITY_REGION {"group":41316,"boundary_attempt":false,"point_budget":128,"source_facets":5,"boundary_points":5,"new_points":1,"boundary_unchanged":true,"before_bad":2,"after_score_computed":true,"after_bad":0,"after_valid":true,"before_bad_area":0.0147085,"after_bad_area":0,"selected":true}
NATIVE_QUALITY_REGION {"group":41317,"boundary_attempt":false,"point_budget":128,"source_facets":5,"boundary_points":7,"new_points":0,"boundary_unchanged":true,"before_bad":3,"after_score_computed":true,"after_bad":3,"after_valid":true,"before_bad_area":0.0174797,"after_bad_area":0.0174797,"selected":false}
NATIVE_QUALITY_REGION {"group":41318,"boundary_attempt":false,"point_budget":128,"source_facets":13,"boundary_points":9,"new_points":3,"boundary_unchanged":true,"before_bad":4,"after_score_computed":true,"after_bad":3,"after_valid":true,"before_bad_area":0.00971246,"after_bad_area":0.00926303,"selected":true}
NATIVE_QUALITY_REGION {"group":41320,"boundary_attempt":false,"point_budget":128,"source_facets":6,"boundary_points":8,"new_points":0,"boundary_unchanged":true,"before_bad":2,"after_score_computed":true,"after_bad":2,"after_valid":true,"before_bad_area":0.00428816,"after_bad_area":0.00428816,"selected":false}
NATIVE_QUALITY_REGION {"group":41321,"boundary_attempt":false,"point_budget":128,"source_facets":5,"boundary_points":7,"new_points":0,"boundary_unchanged":true,"before_bad":1,"after_score_computed":true,"after_bad":1,"after_valid":true,"before_bad_area":0.00467107,"after_bad_area":0.00467107,"selected":false}
NATIVE_QUALITY_REGION {"group":41322,"boundary_attempt":false,"point_budget":128,"source_facets":4,"boundary_points":6,"new_points":1,"boundary_unchanged":true,"before_bad":1,"after_score_computed":true,"after_bad":1,"after_valid":true,"before_bad_area":0.00208117,"after_bad_area":0.00392212,"selected":false}
NATIVE_QUALITY_REGION {"group":41323,"boundary_attempt":false,"point_budget":128,"source_facets":9,"boundary_points":7,"new_points":2,"boundary_unchanged":true,"before_bad":2,"after_score_computed":true,"after_bad":0,"after_valid":true,"before_bad_area":0.00523715,"after_bad_area":0,"selected":true}
NATIVE_QUALITY_REGION {"group":41324,"boundary_attempt":false,"point_budget":128,"source_facets":3,"boundary_points":5,"new_points":0,"boundary_unchanged":true,"before_bad":1,"after_score_computed":true,"after_bad":1,"after_valid":true,"before_bad_area":0.00294236,"after_bad_area":0.00294236,"selected":false}
NATIVE_QUALITY_REGION {"group":41325,"boundary_attempt":false,"point_budget":128,"source_facets":8,"boundary_points":6,"new_points":2,"boundary_unchanged":true,"before_bad":3,"after_score_computed":true,"after_bad":1,"after_valid":true,"before_bad_area":0.0146019,"after_bad_area":0.00571139,"selected":true}
NATIVE_QUALITY_REGION {"group":41328,"boundary_attempt":false,"point_budget":128,"source_facets":5,"boundary_points":7,"new_points":0,"boundary_unchanged":true,"before_bad":2,"after_score_computed":true,"after_bad":2,"after_valid":true,"before_bad_area":0.00170412,"after_bad_area":0.00170412,"selected":false}
NATIVE_QUALITY_REGION {"group":41329,"boundary_attempt":false,"point_budget":128,"source_facets":11,"boundary_points":7,"new_points":3,"boundary_unchanged":true,"before_bad":3,"after_score_computed":true,"after_bad":3,"after_valid":true,"before_bad_area":0.00798681,"after_bad_area":0.00607934,"selected":true}
NATIVE_QUALITY_REGION {"group":41330,"boundary_attempt":false,"point_budget":128,"source_facets":4,"boundary_points":6,"new_points":0,"boundary_unchanged":true,"before_bad":1,"after_score_computed":true,"after_bad":1,"after_valid":true,"before_bad_area":0.00530931,"after_bad_area":0.00530931,"selected":false}
NATIVE_QUALITY_REGION {"group":41331,"boundary_attempt":false,"point_budget":128,"source_facets":4,"boundary_points":6,"new_points":0,"boundary_unchanged":true,"before_bad":2,"after_score_computed":true,"after_bad":2,"after_valid":true,"before_bad_area":0.00273457,"after_bad_area":0.00273457,"selected":false}
NATIVE_QUALITY_REGION {"group":41333,"boundary_attempt":false,"point_budget":128,"source_facets":3,"boundary_points":5,"new_points":0,"boundary_unchanged":true,"before_bad":1,"after_score_computed":true,"after_bad":1,"after_valid":true,"before_bad_area":0.00165311,"after_bad_area":0.00165311,"selected":false}
NATIVE_QUALITY_REGION {"group":41334,"boundary_attempt":false,"point_budget":128,"source_facets":7,"boundary_points":7,"new_points":1,"boundary_unchanged":true,"before_bad":3,"after_score_computed":true,"after_bad":2,"after_valid":true,"before_bad_area":0.00688227,"after_bad_area":0.00363937,"selected":true}
NATIVE_QUALITY_REGION {"group":41335,"boundary_attempt":false,"point_budget":128,"source_facets":4,"boundary_points":6,"new_points":0,"boundary_unchanged":true,"before_bad":2,"after_score_computed":true,"after_bad":2,"after_valid":true,"before_bad_area":0.00380438,"after_bad_area":0.00380438,"selected":false}
NATIVE_QUALITY_REGION {"group":41336,"boundary_attempt":false,"point_budget":128,"source_facets":6,"boundary_points":8,"new_points":0,"boundary_unchanged":true,"before_bad":4,"after_score_computed":true,"after_bad":4,"after_valid":true,"before_bad_area":0.00267859,"after_bad_area":0.00267859,"selected":false}
NATIVE_QUALITY_REGION {"group":41339,"boundary_attempt":false,"point_budget":128,"source_facets":11,"boundary_points":7,"new_points":3,"boundary_unchanged":true,"before_bad":3,"after_score_computed":true,"after_bad":1,"after_valid":true,"before_bad_area":0.00626599,"after_bad_area":0.00325141,"selected":true}
NATIVE_QUALITY_REGION {"group":41340,"boundary_attempt":false,"point_budget":128,"source_facets":4,"boundary_points":6,"new_points":0,"boundary_unchanged":true,"before_bad":1,"after_score_computed":true,"after_bad":1,"after_valid":true,"before_bad_area":0.000772345,"after_bad_area":0.000772345,"selected":false}
NATIVE_QUALITY_REGION {"group":41341,"boundary_attempt":false,"point_budget":128,"source_facets":9,"boundary_points":7,"new_points":2,"boundary_unchanged":true,"before_bad":3,"after_score_computed":true,"after_bad":2,"after_valid":true,"before_bad_area":0.00735745,"after_bad_area":0.00255643,"selected":true}
NATIVE_QUALITY_REGION {"group":41342,"boundary_attempt":false,"point_budget":128,"source_facets":6,"boundary_points":8,"new_points":0,"boundary_unchanged":true,"before_bad":1,"after_score_computed":true,"after_bad":1,"after_valid":true,"before_bad_area":0.00249336,"after_bad_area":0.00249336,"selected":false}
NATIVE_QUALITY_REGION {"group":41343,"boundary_attempt":false,"point_budget":128,"source_facets":4,"boundary_points":6,"new_points":0,"boundary_unchanged":true,"before_bad":1,"after_score_computed":true,"after_bad":1,"after_valid":true,"before_bad_area":0.000629623,"after_bad_area":0.000629623,"selected":false}
NATIVE_QUALITY_REGION {"group":41344,"boundary_attempt":false,"point_budget":128,"source_facets":9,"boundary_points":7,"new_points":2,"boundary_unchanged":true,"before_bad":2,"after_score_computed":true,"after_bad":2,"after_valid":true,"before_bad_area":0.00512042,"after_bad_area":0.00372509,"selected":true}
NATIVE_QUALITY_REGION {"group":41345,"boundary_attempt":false,"point_budget":128,"source_facets":4,"boundary_points":6,"new_points":1,"boundary_unchanged":true,"before_bad":3,"after_score_computed":true,"after_bad":4,"after_valid":true,"before_bad_area":0.00416296,"after_bad_area":0.00422238,"selected":false}
NATIVE_QUALITY_REGION {"group":41346,"boundary_attempt":false,"point_budget":128,"source_facets":7,"boundary_points":9,"new_points":1,"boundary_unchanged":true,"before_bad":2,"after_score_computed":true,"after_bad":2,"after_valid":true,"before_bad_area":0.004644,"after_bad_area":0.004644,"selected":false}
NATIVE_QUALITY_REGION {"group":41347,"boundary_attempt":false,"point_budget":128,"source_facets":8,"boundary_points":10,"new_points":1,"boundary_unchanged":true,"before_bad":4,"after_score_computed":true,"after_bad":4,"after_valid":true,"before_bad_area":0.00294762,"after_bad_area":0.00463943,"selected":false}
NATIVE_QUALITY_REGION {"group":41349,"boundary_attempt":false,"point_budget":128,"source_facets":5,"boundary_points":7,"new_points":0,"boundary_unchanged":true,"before_bad":3,"after_score_computed":true,"after_bad":3,"after_valid":true,"before_bad_area":0.00625962,"after_bad_area":0.00625962,"selected":false}
NATIVE_QUALITY_REGION {"group":41350,"boundary_attempt":false,"point_budget":128,"source_facets":6,"boundary_points":8,"new_points":0,"boundary_unchanged":true,"before_bad":4,"after_score_computed":true,"after_bad":4,"after_valid":true,"before_bad_area":0.00172134,"after_bad_area":0.00172134,"selected":false}
o-[QualityBoundary] shared_edges=0 before_bad=754 after_bad=754 before_area=337.118 after_area=337.118 accepted=1
o-[QualityBoundary] shared_edges=19 before_bad=748 after_bad=754 before_area=337.136 after_area=337.118 accepted=0
NATIVE_RESULT {"load_ms":34.742742999999997,"boolean_ms":1125.3381810000001,"save_ms":49.834406999999999,"faces":42826,"vertices":21415,"simplify":true}
