Stage1 :  True
Stage3 :  True
Warp 1.0.0-beta.2 initialized:
   CUDA Toolkit: 12.8, Driver: 13.2
   Devices:
     "cpu"    | x86_64
     "cuda:0" | NVIDIA GeForce RTX 4090 (sm_89)
   Kernel cache: /root/.cache/warp/1.0.0-beta.2
Target faces : 2116
Time for Remeshing: 0.1985149383544922 sec
Time for Simplification: 1.005173921585083 sec
Module pamo_safe_project.kernels.geometry_kernels load on device 'cuda:0' took 12.62 ms
Module pamo_safe_project.kernels.energy_kernels.elastic_energy load on device 'cuda:0' took 62.21 ms
Module pamo_safe_project.kernels.energy_kernels.hinge_energy load on device 'cuda:0' took 30.33 ms
Module pamo_safe_project.kernels.energy_kernels.contact_detection load on device 'cuda:0' took 83.29 ms
Module pamo_safe_project.kernels.energy_kernels.distance_energy load on device 'cuda:0' took 21.16 ms
Module pamo_safe_project.kernels.energy_kernels.collision_energy load on device 'cuda:0' took 189.80 ms
Module pamo_safe_project.kernels.utils_kernels load on device 'cuda:0' took 3.77 ms
Module pamo_safe_project.kernels.solver_kernels load on device 'cuda:0' took 2.63 ms
Module warp.utils load on device 'cuda:0' took 1.38 ms
Module pamo_safe_project.kernels.distance_kernels.grad_funcs load on device 'cuda:0' took 72.26 ms
Module pamo_safe_project.kernels.distance_kernels.hessian_funcs load on device 'cuda:0' took 194.27 ms
Module pamo_safe_project.kernels.distance_kernels.distance_kernels load on device 'cuda:0' took 229.31 ms
Module pamo_safe_project.kernels.distance_kernels.grad_funcs_struct load on device 'cuda:0' took 82.93 ms
Module pamo_safe_project.kernels.distance_kernels.distance_kernels_struct load on device 'cuda:0' took 21.39 ms
Module pamo_safe_project.kernels.ccd_kernels load on device 'cuda:0' took 64.53 ms
Module pamo_safe_project.kernels.energy_kernels.lb_curvature_energy load on device 'cuda:0' took 3.18 ms
Module locality_gpu load on device 'cuda:0' took 0.73 ms
