Warp 1.0.0-beta.2 initialized:
   CUDA Toolkit: 12.8, Driver: 13.2
   Devices:
     "cpu"    | x86_64
     "cuda:0" | NVIDIA GeForce RTX 4080 SUPER (sm_89)
   Kernel cache: /root/.cache/warp/1.0.0-beta.2
[33;20mWARNING - Triangle area is too small (min_area=1.0498454513018769e-12), may cause numerical instability (system.py:213)[0m
Module pamo_safe_project.kernels.geometry_kernels load on device 'cuda:0' took 30.06 ms
Module pamo_safe_project.kernels.energy_kernels.elastic_energy load on device 'cuda:0' took 35.53 ms
Module pamo_safe_project.kernels.energy_kernels.hinge_energy load on device 'cuda:0' took 53.97 ms
Module pamo_safe_project.kernels.energy_kernels.precision_contact_detection load on device 'cuda:0' took 33.71 ms
Module pamo_safe_project.kernels.energy_kernels.distance_energy load on device 'cuda:0' took 41.97 ms
Module pamo_safe_project.kernels.energy_kernels.precision_gradient_collision_energy load on device 'cuda:0' took 120.35 ms
Module pamo_safe_project.kernels.utils_kernels load on device 'cuda:0' took 9.08 ms
Module tangent_plane_gpu load on device 'cuda:0' took 3.48 ms
Module locality_gpu load on device 'cuda:0' took 2.10 ms
Module pamo_safe_project.kernels.solver_kernels load on device 'cuda:0' took 9.15 ms
Module warp.utils load on device 'cuda:0' took 5.01 ms
Module pamo_safe_project.kernels.distance_kernels.grad_funcs load on device 'cuda:0' took 34.09 ms
Module pamo_safe_project.kernels.distance_kernels.hessian_funcs load on device 'cuda:0' took 269.94 ms
Module pamo_safe_project.kernels.distance_kernels.distance_kernels load on device 'cuda:0' took 210.06 ms
Module pamo_safe_project.kernels.distance_kernels.grad_funcs_struct load on device 'cuda:0' took 31.57 ms
Module pamo_safe_project.kernels.distance_kernels.distance_kernels_struct load on device 'cuda:0' took 38.49 ms
Module pamo_safe_project.kernels.energy_kernels.collision_energy load on device 'cuda:0' took 139.61 ms
Module pamo_safe_project.kernels.ccd_kernels load on device 'cuda:0' took 40.87 ms
Module pamo_safe_project.kernels.energy_kernels.lb_curvature_energy load on device 'cuda:0' took 5.62 ms
Module pamo_safe_project.kernels.energy_kernels.contact_detection load on device 'cuda:0' took 35.39 ms
Module robust_pt_gpu load on device 'cuda:0' took 8.49 ms
Module pamo_safe_project.kernels.energy_kernels.precision_collision_energy load on device 'cuda:0' took 132.24 ms
Module pamo_safe_project.kernels.precision_ccd_kernels load on device 'cuda:0' took 46.05 ms
Module robust_pt_gradient_gpu load on device 'cuda:0' took 8.50 ms
