
 Setting the directory C:\Users\24848\Desktop\GraduationProject\初步实验\Geogram与PaMO组合验证\实验结果\20261004_新梯度公开8骨长路线\ to compress new files 
 Compressing files in C:\Users\24848\Desktop\GraduationProject\初步实验\Geogram与PaMO组合验证\实验结果\20261004_新梯度公开8骨长路线\


 Compressing files in C:\Users\24848\Desktop\GraduationProject\初步实验\Geogram与PaMO组合验证\实验结果\20261004_新梯度公开8骨长路线\BP3D_FJ3259_重复长磨_e0_candidate_boolean\


 Compressing files in C:\Users\24848\Desktop\GraduationProject\初步实验\Geogram与PaMO组合验证\实验结果\20261004_新梯度公开8骨长路线\BP3D_FJ3259_重复长磨_e0_candidate_input\


 Compressing files in C:\Users\24848\Desktop\GraduationProject\初步实验\Geogram与PaMO组合验证\实验结果\20261004_新梯度公开8骨长路线\BP3D_FJ3259_重复长磨_e0_full_full\


 Compressing files in C:\Users\24848\Desktop\GraduationProject\初步实验\Geogram与PaMO组合验证\实验结果\20261004_新梯度公开8骨长路线\BP3D_FJ3259_重复长磨_e0_full_input\


 Compressing files in C:\Users\24848\Desktop\GraduationProject\初步实验\Geogram与PaMO组合验证\实验结果\20261004_新梯度公开8骨长路线\BP3D_FJ3259_重复长磨_e0_reference\


 Compressing files in C:\Users\24848\Desktop\GraduationProject\初步实验\Geogram与PaMO组合验证\实验结果\20261004_新梯度公开8骨长路线\BP3D_FJ3259_重复长磨_e10_reference\


 Compressing files in C:\Users\24848\Desktop\GraduationProject\初步实验\Geogram与PaMO组合验证\实验结果\20261004_新梯度公开8骨长路线\BP3D_FJ3259_重复长磨_e11_reference\


 Compressing files in C:\Users\24848\Desktop\GraduationProject\初步实验\Geogram与PaMO组合验证\实验结果\20261004_新梯度公开8骨长路线\BP3D_FJ3259_重复长磨_e12_reference\


 Compressing files in C:\Users\24848\Desktop\GraduationProject\初步实验\Geogram与PaMO组合验证\实验结果\20261004_新梯度公开8骨长路线\BP3D_FJ3259_重复长磨_e13_reference\


 Compressing files in C:\Users\24848\Desktop\GraduationProject\初步实验\Geogram与PaMO组合验证\实验结果\20261004_新梯度公开8骨长路线\BP3D_FJ3259_重复长磨_e14_reference\


 Compressing files in C:\Users\24848\Desktop\GraduationProject\初步实验\Geogram与PaMO组合验证\实验结果\20261004_新梯度公开8骨长路线\BP3D_FJ3259_重复长磨_e15_reference\


 Compressing files in C:\Users\24848\Desktop\GraduationProject\初步实验\Geogram与PaMO组合验证\实验结果\20261004_新梯度公开8骨长路线\BP3D_FJ3259_重复长磨_e16_reference\


 Compressing files in C:\Users\24848\Desktop\GraduationProject\初步实验\Geogram与PaMO组合验证\实验结果\20261004_新梯度公开8骨长路线\BP3D_FJ3259_重复长磨_e17_reference\


 Compressing files in C:\Users\24848\Desktop\GraduationProject\初步实验\Geogram与PaMO组合验证\实验结果\20261004_新梯度公开8骨长路线\BP3D_FJ3259_重复长磨_e18_reference\


 Compressing files in C:\Users\24848\Desktop\GraduationProject\初步实验\Geogram与PaMO组合验证\实验结果\20261004_新梯度公开8骨长路线\BP3D_FJ3259_重复长磨_e19_reference\


 Compressing files in C:\Users\24848\Desktop\GraduationProject\初步实验\Geogram与PaMO组合验证\实验结果\20261004_新梯度公开8骨长路线\BP3D_FJ3259_重复长磨_e1_candidate_boolean\


 Compressing files in C:\Users\24848\Desktop\GraduationProject\初步实验\Geogram与PaMO组合验证\实验结果\20261004_新梯度公开8骨长路线\BP3D_FJ3259_重复长磨_e1_candidate_input\


 Compressing files in C:\Users\24848\Desktop\GraduationProject\初步实验\Geogram与PaMO组合验证\实验结果\20261004_新梯度公开8骨长路线\BP3D_FJ3259_重复长磨_e1_reference\


 Compressing files in C:\Users\24848\Desktop\GraduationProject\初步实验\Geogram与PaMO组合验证\实验结果\20261004_新梯度公开8骨长路线\BP3D_FJ3259_重复长磨_e20_reference\


 Compressing files in C:\Users\24848\Desktop\GraduationProject\初步实验\Geogram与PaMO组合验证\实验结果\20261004_新梯度公开8骨长路线\BP3D_FJ3259_重复长磨_e21_reference\


 Compressing files in C:\Users\24848\Desktop\GraduationProject\初步实验\Geogram与PaMO组合验证\实验结果\20261004_新梯度公开8骨长路线\BP3D_FJ3259_重复长磨_e22_reference\


 Compressing files in C:\Users\24848\Desktop\GraduationProject\初步实验\Geogram与PaMO组合验证\实验结果\20261004_新梯度公开8骨长路线\BP3D_FJ3259_重复长磨_e23_reference\


 Compressing files in C:\Users\24848\Desktop\GraduationProject\初步实验\Geogram与PaMO组合验证\实验结果\20261004_新梯度公开8骨长路线\BP3D_FJ3259_重复长磨_e2_candidate_boolean\


 Compressing files in C:\Users\24848\Desktop\GraduationProject\初步实验\Geogram与PaMO组合验证\实验结果\20261004_新梯度公开8骨长路线\BP3D_FJ3259_重复长磨_e2_candidate_input\


 Compressing files in C:\Users\24848\Desktop\GraduationProject\初步实验\Geogram与PaMO组合验证\实验结果\20261004_新梯度公开8骨长路线\BP3D_FJ3259_重复长磨_e2_reference\


 Compressing files in C:\Users\24848\Desktop\GraduationProject\初步实验\Geogram与PaMO组合验证\实验结果\20261004_新梯度公开8骨长路线\BP3D_FJ3259_重复长磨_e3_candidate_boolean\


 Compressing files in C:\Users\24848\Desktop\GraduationProject\初步实验\Geogram与PaMO组合验证\实验结果\20261004_新梯度公开8骨长路线\BP3D_FJ3259_重复长磨_e3_candidate_input\


 Compressing files in C:\Users\24848\Desktop\GraduationProject\初步实验\Geogram与PaMO组合验证\实验结果\20261004_新梯度公开8骨长路线\BP3D_FJ3259_重复长磨_e3_reference\


 Compressing files in C:\Users\24848\Desktop\GraduationProject\初步实验\Geogram与PaMO组合验证\实验结果\20261004_新梯度公开8骨长路线\BP3D_FJ3259_重复长磨_e4_candidate_boolean\


 Compressing files in C:\Users\24848\Desktop\GraduationProject\初步实验\Geogram与PaMO组合验证\实验结果\20261004_新梯度公开8骨长路线\BP3D_FJ3259_重复长磨_e4_candidate_input\


 Compressing files in C:\Users\24848\Desktop\GraduationProject\初步实验\Geogram与PaMO组合验证\实验结果\20261004_新梯度公开8骨长路线\BP3D_FJ3259_重复长磨_e4_reference\


 Compressing files in C:\Users\24848\Desktop\GraduationProject\初步实验\Geogram与PaMO组合验证\实验结果\20261004_新梯度公开8骨长路线\BP3D_FJ3259_重复长磨_e5_candidate_boolean\


 Compressing files in C:\Users\24848\Desktop\GraduationProject\初步实验\Geogram与PaMO组合验证\实验结果\20261004_新梯度公开8骨长路线\BP3D_FJ3259_重复长磨_e5_candidate_input\


 Compressing files in C:\Users\24848\Desktop\GraduationProject\初步实验\Geogram与PaMO组合验证\实验结果\20261004_新梯度公开8骨长路线\BP3D_FJ3259_重复长磨_e5_reference\


 Compressing files in C:\Users\24848\Desktop\GraduationProject\初步实验\Geogram与PaMO组合验证\实验结果\20261004_新梯度公开8骨长路线\BP3D_FJ3259_重复长磨_e6_candidate_boolean\


 Compressing files in C:\Users\24848\Desktop\GraduationProject\初步实验\Geogram与PaMO组合验证\实验结果\20261004_新梯度公开8骨长路线\BP3D_FJ3259_重复长磨_e6_candidate_input\


 Compressing files in C:\Users\24848\Desktop\GraduationProject\初步实验\Geogram与PaMO组合验证\实验结果\20261004_新梯度公开8骨长路线\BP3D_FJ3259_重复长磨_e6_reference\


 Compressing files in C:\Users\24848\Desktop\GraduationProject\初步实验\Geogram与PaMO组合验证\实验结果\20261004_新梯度公开8骨长路线\BP3D_FJ3259_重复长磨_e7_candidate_boolean\


 Compressing files in C:\Users\24848\Desktop\GraduationProject\初步实验\Geogram与PaMO组合验证\实验结果\20261004_新梯度公开8骨长路线\BP3D_FJ3259_重复长磨_e7_candidate_input\


 Compressing files in C:\Users\24848\Desktop\GraduationProject\初步实验\Geogram与PaMO组合验证\实验结果\20261004_新梯度公开8骨长路线\BP3D_FJ3259_重复长磨_e7_reference\


 Compressing files in C:\Users\24848\Desktop\GraduationProject\初步实验\Geogram与PaMO组合验证\实验结果\20261004_新梯度公开8骨长路线\BP3D_FJ3259_重复长磨_e8_reference\


 Compressing files in C:\Users\24848\Desktop\GraduationProject\初步实验\Geogram与PaMO组合验证\实验结果\20261004_新梯度公开8骨长路线\BP3D_FJ3259_重复长磨_e9_reference\


 Compressing files in C:\Users\24848\Desktop\GraduationProject\初步实验\Geogram与PaMO组合验证\实验结果\20261004_新梯度公开8骨长路线\BP3D_FJ3262_重复长磨_e0_candidate_boolean\


 Compressing files in C:\Users\24848\Desktop\GraduationProject\初步实验\Geogram与PaMO组合验证\实验结果\20261004_新梯度公开8骨长路线\BP3D_FJ3262_重复长磨_e0_candidate_input\


 Compressing files in C:\Users\24848\Desktop\GraduationProject\初步实验\Geogram与PaMO组合验证\实验结果\20261004_新梯度公开8骨长路线\BP3D_FJ3262_重复长磨_e0_full_full\


 Compressing files in C:\Users\24848\Desktop\GraduationProject\初步实验\Geogram与PaMO组合验证\实验结果\20261004_新梯度公开8骨长路线\BP3D_FJ3262_重复长磨_e0_full_input\


 Compressing files in C:\Users\24848\Desktop\GraduationProject\初步实验\Geogram与PaMO组合验证\实验结果\20261004_新梯度公开8骨长路线\BP3D_FJ3262_重复长磨_e0_reference\


 Compressing files in C:\Users\24848\Desktop\GraduationProject\初步实验\Geogram与PaMO组合验证\实验结果\20261004_新梯度公开8骨长路线\BP3D_FJ3262_重复长磨_e10_reference\


 Compressing files in C:\Users\24848\Desktop\GraduationProject\初步实验\Geogram与PaMO组合验证\实验结果\20261004_新梯度公开8骨长路线\BP3D_FJ3262_重复长磨_e11_reference\


 Compressing files in C:\Users\24848\Desktop\GraduationProject\初步实验\Geogram与PaMO组合验证\实验结果\20261004_新梯度公开8骨长路线\BP3D_FJ3262_重复长磨_e12_reference\


 Compressing files in C:\Users\24848\Desktop\GraduationProject\初步实验\Geogram与PaMO组合验证\实验结果\20261004_新梯度公开8骨长路线\BP3D_FJ3262_重复长磨_e13_reference\


 Compressing files in C:\Users\24848\Desktop\GraduationProject\初步实验\Geogram与PaMO组合验证\实验结果\20261004_新梯度公开8骨长路线\BP3D_FJ3262_重复长磨_e14_reference\


 Compressing files in C:\Users\24848\Desktop\GraduationProject\初步实验\Geogram与PaMO组合验证\实验结果\20261004_新梯度公开8骨长路线\BP3D_FJ3262_重复长磨_e15_reference\


 Compressing files in C:\Users\24848\Desktop\GraduationProject\初步实验\Geogram与PaMO组合验证\实验结果\20261004_新梯度公开8骨长路线\BP3D_FJ3262_重复长磨_e16_reference\


 Compressing files in C:\Users\24848\Desktop\GraduationProject\初步实验\Geogram与PaMO组合验证\实验结果\20261004_新梯度公开8骨长路线\BP3D_FJ3262_重复长磨_e17_reference\


 Compressing files in C:\Users\24848\Desktop\GraduationProject\初步实验\Geogram与PaMO组合验证\实验结果\20261004_新梯度公开8骨长路线\BP3D_FJ3262_重复长磨_e18_reference\


 Compressing files in C:\Users\24848\Desktop\GraduationProject\初步实验\Geogram与PaMO组合验证\实验结果\20261004_新梯度公开8骨长路线\BP3D_FJ3262_重复长磨_e19_reference\


 Compressing files in C:\Users\24848\Desktop\GraduationProject\初步实验\Geogram与PaMO组合验证\实验结果\20261004_新梯度公开8骨长路线\BP3D_FJ3262_重复长磨_e1_candidate_boolean\


 Compressing files in C:\Users\24848\Desktop\GraduationProject\初步实验\Geogram与PaMO组合验证\实验结果\20261004_新梯度公开8骨长路线\BP3D_FJ3262_重复长磨_e1_candidate_input\


 Compressing files in C:\Users\24848\Desktop\GraduationProject\初步实验\Geogram与PaMO组合验证\实验结果\20261004_新梯度公开8骨长路线\BP3D_FJ3262_重复长磨_e1_reference\


 Compressing files in C:\Users\24848\Desktop\GraduationProject\初步实验\Geogram与PaMO组合验证\实验结果\20261004_新梯度公开8骨长路线\BP3D_FJ3262_重复长磨_e20_reference\


 Compressing files in C:\Users\24848\Desktop\GraduationProject\初步实验\Geogram与PaMO组合验证\实验结果\20261004_新梯度公开8骨长路线\BP3D_FJ3262_重复长磨_e21_reference\


 Compressing files in C:\Users\24848\Desktop\GraduationProject\初步实验\Geogram与PaMO组合验证\实验结果\20261004_新梯度公开8骨长路线\BP3D_FJ3262_重复长磨_e22_reference\


 Compressing files in C:\Users\24848\Desktop\GraduationProject\初步实验\Geogram与PaMO组合验证\实验结果\20261004_新梯度公开8骨长路线\BP3D_FJ3262_重复长磨_e23_reference\


 Compressing files in C:\Users\24848\Desktop\GraduationProject\初步实验\Geogram与PaMO组合验证\实验结果\20261004_新梯度公开8骨长路线\BP3D_FJ3262_重复长磨_e2_candidate_boolean\


 Compressing files in C:\Users\24848\Desktop\GraduationProject\初步实验\Geogram与PaMO组合验证\实验结果\20261004_新梯度公开8骨长路线\BP3D_FJ3262_重复长磨_e2_candidate_input\


 Compressing files in C:\Users\24848\Desktop\GraduationProject\初步实验\Geogram与PaMO组合验证\实验结果\20261004_新梯度公开8骨长路线\BP3D_FJ3262_重复长磨_e2_reference\


 Compressing files in C:\Users\24848\Desktop\GraduationProject\初步实验\Geogram与PaMO组合验证\实验结果\20261004_新梯度公开8骨长路线\BP3D_FJ3262_重复长磨_e3_candidate_boolean\


 Compressing files in C:\Users\24848\Desktop\GraduationProject\初步实验\Geogram与PaMO组合验证\实验结果\20261004_新梯度公开8骨长路线\BP3D_FJ3262_重复长磨_e3_candidate_input\


 Compressing files in C:\Users\24848\Desktop\GraduationProject\初步实验\Geogram与PaMO组合验证\实验结果\20261004_新梯度公开8骨长路线\BP3D_FJ3262_重复长磨_e3_reference\


 Compressing files in C:\Users\24848\Desktop\GraduationProject\初步实验\Geogram与PaMO组合验证\实验结果\20261004_新梯度公开8骨长路线\BP3D_FJ3262_重复长磨_e4_candidate_boolean\


 Compressing files in C:\Users\24848\Desktop\GraduationProject\初步实验\Geogram与PaMO组合验证\实验结果\20261004_新梯度公开8骨长路线\BP3D_FJ3262_重复长磨_e4_candidate_input\


 Compressing files in C:\Users\24848\Desktop\GraduationProject\初步实验\Geogram与PaMO组合验证\实验结果\20261004_新梯度公开8骨长路线\BP3D_FJ3262_重复长磨_e4_reference\


 Compressing files in C:\Users\24848\Desktop\GraduationProject\初步实验\Geogram与PaMO组合验证\实验结果\20261004_新梯度公开8骨长路线\BP3D_FJ3262_重复长磨_e5_candidate_boolean\


 Compressing files in C:\Users\24848\Desktop\GraduationProject\初步实验\Geogram与PaMO组合验证\实验结果\20261004_新梯度公开8骨长路线\BP3D_FJ3262_重复长磨_e5_candidate_input\


 Compressing files in C:\Users\24848\Desktop\GraduationProject\初步实验\Geogram与PaMO组合验证\实验结果\20261004_新梯度公开8骨长路线\BP3D_FJ3262_重复长磨_e5_reference\


 Compressing files in C:\Users\24848\Desktop\GraduationProject\初步实验\Geogram与PaMO组合验证\实验结果\20261004_新梯度公开8骨长路线\BP3D_FJ3262_重复长磨_e6_candidate_boolean\


 Compressing files in C:\Users\24848\Desktop\GraduationProject\初步实验\Geogram与PaMO组合验证\实验结果\20261004_新梯度公开8骨长路线\BP3D_FJ3262_重复长磨_e6_candidate_input\


 Compressing files in C:\Users\24848\Desktop\GraduationProject\初步实验\Geogram与PaMO组合验证\实验结果\20261004_新梯度公开8骨长路线\BP3D_FJ3262_重复长磨_e6_reference\


 Compressing files in C:\Users\24848\Desktop\GraduationProject\初步实验\Geogram与PaMO组合验证\实验结果\20261004_新梯度公开8骨长路线\BP3D_FJ3262_重复长磨_e7_candidate_boolean\


 Compressing files in C:\Users\24848\Desktop\GraduationProject\初步实验\Geogram与PaMO组合验证\实验结果\20261004_新梯度公开8骨长路线\BP3D_FJ3262_重复长磨_e7_candidate_input\


 Compressing files in C:\Users\24848\Desktop\GraduationProject\初步实验\Geogram与PaMO组合验证\实验结果\20261004_新梯度公开8骨长路线\BP3D_FJ3262_重复长磨_e7_reference\


 Compressing files in C:\Users\24848\Desktop\GraduationProject\初步实验\Geogram与PaMO组合验证\实验结果\20261004_新梯度公开8骨长路线\BP3D_FJ3262_重复长磨_e8_reference\


 Compressing files in C:\Users\24848\Desktop\GraduationProject\初步实验\Geogram与PaMO组合验证\实验结果\20261004_新梯度公开8骨长路线\BP3D_FJ3262_重复长磨_e9_reference\


 Compressing files in C:\Users\24848\Desktop\GraduationProject\初步实验\Geogram与PaMO组合验证\实验结果\20261004_新梯度公开8骨长路线\BP3D_FJ3279_重复长磨_e0_candidate_boolean\


 Compressing files in C:\Users\24848\Desktop\GraduationProject\初步实验\Geogram与PaMO组合验证\实验结果\20261004_新梯度公开8骨长路线\BP3D_FJ3279_重复长磨_e0_candidate_input\


 Compressing files in C:\Users\24848\Desktop\GraduationProject\初步实验\Geogram与PaMO组合验证\实验结果\20261004_新梯度公开8骨长路线\BP3D_FJ3279_重复长磨_e0_full_full\


 Compressing files in C:\Users\24848\Desktop\GraduationProject\初步实验\Geogram与PaMO组合验证\实验结果\20261004_新梯度公开8骨长路线\BP3D_FJ3279_重复长磨_e0_full_input\


 Compressing files in C:\Users\24848\Desktop\GraduationProject\初步实验\Geogram与PaMO组合验证\实验结果\20261004_新梯度公开8骨长路线\BP3D_FJ3279_重复长磨_e0_reference\


 Compressing files in C:\Users\24848\Desktop\GraduationProject\初步实验\Geogram与PaMO组合验证\实验结果\20261004_新梯度公开8骨长路线\BP3D_FJ3279_重复长磨_e10_reference\


 Compressing files in C:\Users\24848\Desktop\GraduationProject\初步实验\Geogram与PaMO组合验证\实验结果\20261004_新梯度公开8骨长路线\BP3D_FJ3279_重复长磨_e11_reference\


 Compressing files in C:\Users\24848\Desktop\GraduationProject\初步实验\Geogram与PaMO组合验证\实验结果\20261004_新梯度公开8骨长路线\BP3D_FJ3279_重复长磨_e12_reference\


 Compressing files in C:\Users\24848\Desktop\GraduationProject\初步实验\Geogram与PaMO组合验证\实验结果\20261004_新梯度公开8骨长路线\BP3D_FJ3279_重复长磨_e13_reference\


 Compressing files in C:\Users\24848\Desktop\GraduationProject\初步实验\Geogram与PaMO组合验证\实验结果\20261004_新梯度公开8骨长路线\BP3D_FJ3279_重复长磨_e14_reference\


 Compressing files in C:\Users\24848\Desktop\GraduationProject\初步实验\Geogram与PaMO组合验证\实验结果\20261004_新梯度公开8骨长路线\BP3D_FJ3279_重复长磨_e15_reference\


 Compressing files in C:\Users\24848\Desktop\GraduationProject\初步实验\Geogram与PaMO组合验证\实验结果\20261004_新梯度公开8骨长路线\BP3D_FJ3279_重复长磨_e16_reference\


 Compressing files in C:\Users\24848\Desktop\GraduationProject\初步实验\Geogram与PaMO组合验证\实验结果\20261004_新梯度公开8骨长路线\BP3D_FJ3279_重复长磨_e17_reference\


 Compressing files in C:\Users\24848\Desktop\GraduationProject\初步实验\Geogram与PaMO组合验证\实验结果\20261004_新梯度公开8骨长路线\BP3D_FJ3279_重复长磨_e18_reference\


 Compressing files in C:\Users\24848\Desktop\GraduationProject\初步实验\Geogram与PaMO组合验证\实验结果\20261004_新梯度公开8骨长路线\BP3D_FJ3279_重复长磨_e19_reference\


 Compressing files in C:\Users\24848\Desktop\GraduationProject\初步实验\Geogram与PaMO组合验证\实验结果\20261004_新梯度公开8骨长路线\BP3D_FJ3279_重复长磨_e1_candidate_boolean\


 Compressing files in C:\Users\24848\Desktop\GraduationProject\初步实验\Geogram与PaMO组合验证\实验结果\20261004_新梯度公开8骨长路线\BP3D_FJ3279_重复长磨_e1_candidate_input\


 Compressing files in C:\Users\24848\Desktop\GraduationProject\初步实验\Geogram与PaMO组合验证\实验结果\20261004_新梯度公开8骨长路线\BP3D_FJ3279_重复长磨_e1_reference\


 Compressing files in C:\Users\24848\Desktop\GraduationProject\初步实验\Geogram与PaMO组合验证\实验结果\20261004_新梯度公开8骨长路线\BP3D_FJ3279_重复长磨_e20_reference\


 Compressing files in C:\Users\24848\Desktop\GraduationProject\初步实验\Geogram与PaMO组合验证\实验结果\20261004_新梯度公开8骨长路线\BP3D_FJ3279_重复长磨_e21_reference\


 Compressing files in C:\Users\24848\Desktop\GraduationProject\初步实验\Geogram与PaMO组合验证\实验结果\20261004_新梯度公开8骨长路线\BP3D_FJ3279_重复长磨_e22_reference\


 Compressing files in C:\Users\24848\Desktop\GraduationProject\初步实验\Geogram与PaMO组合验证\实验结果\20261004_新梯度公开8骨长路线\BP3D_FJ3279_重复长磨_e23_reference\


 Compressing files in C:\Users\24848\Desktop\GraduationProject\初步实验\Geogram与PaMO组合验证\实验结果\20261004_新梯度公开8骨长路线\BP3D_FJ3279_重复长磨_e2_candidate_boolean\


 Compressing files in C:\Users\24848\Desktop\GraduationProject\初步实验\Geogram与PaMO组合验证\实验结果\20261004_新梯度公开8骨长路线\BP3D_FJ3279_重复长磨_e2_candidate_input\


 Compressing files in C:\Users\24848\Desktop\GraduationProject\初步实验\Geogram与PaMO组合验证\实验结果\20261004_新梯度公开8骨长路线\BP3D_FJ3279_重复长磨_e2_reference\


 Compressing files in C:\Users\24848\Desktop\GraduationProject\初步实验\Geogram与PaMO组合验证\实验结果\20261004_新梯度公开8骨长路线\BP3D_FJ3279_重复长磨_e3_candidate_boolean\


 Compressing files in C:\Users\24848\Desktop\GraduationProject\初步实验\Geogram与PaMO组合验证\实验结果\20261004_新梯度公开8骨长路线\BP3D_FJ3279_重复长磨_e3_candidate_input\


 Compressing files in C:\Users\24848\Desktop\GraduationProject\初步实验\Geogram与PaMO组合验证\实验结果\20261004_新梯度公开8骨长路线\BP3D_FJ3279_重复长磨_e3_reference\


 Compressing files in C:\Users\24848\Desktop\GraduationProject\初步实验\Geogram与PaMO组合验证\实验结果\20261004_新梯度公开8骨长路线\BP3D_FJ3279_重复长磨_e4_candidate_boolean\


 Compressing files in C:\Users\24848\Desktop\GraduationProject\初步实验\Geogram与PaMO组合验证\实验结果\20261004_新梯度公开8骨长路线\BP3D_FJ3279_重复长磨_e4_candidate_input\


 Compressing files in C:\Users\24848\Desktop\GraduationProject\初步实验\Geogram与PaMO组合验证\实验结果\20261004_新梯度公开8骨长路线\BP3D_FJ3279_重复长磨_e4_reference\


 Compressing files in C:\Users\24848\Desktop\GraduationProject\初步实验\Geogram与PaMO组合验证\实验结果\20261004_新梯度公开8骨长路线\BP3D_FJ3279_重复长磨_e5_candidate_boolean\


 Compressing files in C:\Users\24848\Desktop\GraduationProject\初步实验\Geogram与PaMO组合验证\实验结果\20261004_新梯度公开8骨长路线\BP3D_FJ3279_重复长磨_e5_candidate_input\


 Compressing files in C:\Users\24848\Desktop\GraduationProject\初步实验\Geogram与PaMO组合验证\实验结果\20261004_新梯度公开8骨长路线\BP3D_FJ3279_重复长磨_e5_reference\


 Compressing files in C:\Users\24848\Desktop\GraduationProject\初步实验\Geogram与PaMO组合验证\实验结果\20261004_新梯度公开8骨长路线\BP3D_FJ3279_重复长磨_e6_candidate_boolean\


 Compressing files in C:\Users\24848\Desktop\GraduationProject\初步实验\Geogram与PaMO组合验证\实验结果\20261004_新梯度公开8骨长路线\BP3D_FJ3279_重复长磨_e6_candidate_input\


 Compressing files in C:\Users\24848\Desktop\GraduationProject\初步实验\Geogram与PaMO组合验证\实验结果\20261004_新梯度公开8骨长路线\BP3D_FJ3279_重复长磨_e6_reference\


 Compressing files in C:\Users\24848\Desktop\GraduationProject\初步实验\Geogram与PaMO组合验证\实验结果\20261004_新梯度公开8骨长路线\BP3D_FJ3279_重复长磨_e7_candidate_boolean\


 Compressing files in C:\Users\24848\Desktop\GraduationProject\初步实验\Geogram与PaMO组合验证\实验结果\20261004_新梯度公开8骨长路线\BP3D_FJ3279_重复长磨_e7_candidate_input\


 Compressing files in C:\Users\24848\Desktop\GraduationProject\初步实验\Geogram与PaMO组合验证\实验结果\20261004_新梯度公开8骨长路线\BP3D_FJ3279_重复长磨_e7_reference\


 Compressing files in C:\Users\24848\Desktop\GraduationProject\初步实验\Geogram与PaMO组合验证\实验结果\20261004_新梯度公开8骨长路线\BP3D_FJ3279_重复长磨_e8_reference\


 Compressing files in C:\Users\24848\Desktop\GraduationProject\初步实验\Geogram与PaMO组合验证\实验结果\20261004_新梯度公开8骨长路线\BP3D_FJ3279_重复长磨_e9_reference\


 Compressing files in C:\Users\24848\Desktop\GraduationProject\初步实验\Geogram与PaMO组合验证\实验结果\20261004_新梯度公开8骨长路线\BP3D_FJ3282_重复长磨_e0_candidate_boolean\


 Compressing files in C:\Users\24848\Desktop\GraduationProject\初步实验\Geogram与PaMO组合验证\实验结果\20261004_新梯度公开8骨长路线\BP3D_FJ3282_重复长磨_e0_candidate_input\


 Compressing files in C:\Users\24848\Desktop\GraduationProject\初步实验\Geogram与PaMO组合验证\实验结果\20261004_新梯度公开8骨长路线\BP3D_FJ3282_重复长磨_e0_full_full\


 Compressing files in C:\Users\24848\Desktop\GraduationProject\初步实验\Geogram与PaMO组合验证\实验结果\20261004_新梯度公开8骨长路线\BP3D_FJ3282_重复长磨_e0_full_input\


 Compressing files in C:\Users\24848\Desktop\GraduationProject\初步实验\Geogram与PaMO组合验证\实验结果\20261004_新梯度公开8骨长路线\BP3D_FJ3282_重复长磨_e0_reference\


 Compressing files in C:\Users\24848\Desktop\GraduationProject\初步实验\Geogram与PaMO组合验证\实验结果\20261004_新梯度公开8骨长路线\BP3D_FJ3282_重复长磨_e10_reference\


 Compressing files in C:\Users\24848\Desktop\GraduationProject\初步实验\Geogram与PaMO组合验证\实验结果\20261004_新梯度公开8骨长路线\BP3D_FJ3282_重复长磨_e11_reference\


 Compressing files in C:\Users\24848\Desktop\GraduationProject\初步实验\Geogram与PaMO组合验证\实验结果\20261004_新梯度公开8骨长路线\BP3D_FJ3282_重复长磨_e12_reference\


 Compressing files in C:\Users\24848\Desktop\GraduationProject\初步实验\Geogram与PaMO组合验证\实验结果\20261004_新梯度公开8骨长路线\BP3D_FJ3282_重复长磨_e13_reference\


 Compressing files in C:\Users\24848\Desktop\GraduationProject\初步实验\Geogram与PaMO组合验证\实验结果\20261004_新梯度公开8骨长路线\BP3D_FJ3282_重复长磨_e14_reference\


 Compressing files in C:\Users\24848\Desktop\GraduationProject\初步实验\Geogram与PaMO组合验证\实验结果\20261004_新梯度公开8骨长路线\BP3D_FJ3282_重复长磨_e15_reference\


 Compressing files in C:\Users\24848\Desktop\GraduationProject\初步实验\Geogram与PaMO组合验证\实验结果\20261004_新梯度公开8骨长路线\BP3D_FJ3282_重复长磨_e16_reference\


 Compressing files in C:\Users\24848\Desktop\GraduationProject\初步实验\Geogram与PaMO组合验证\实验结果\20261004_新梯度公开8骨长路线\BP3D_FJ3282_重复长磨_e17_reference\


 Compressing files in C:\Users\24848\Desktop\GraduationProject\初步实验\Geogram与PaMO组合验证\实验结果\20261004_新梯度公开8骨长路线\BP3D_FJ3282_重复长磨_e18_reference\


 Compressing files in C:\Users\24848\Desktop\GraduationProject\初步实验\Geogram与PaMO组合验证\实验结果\20261004_新梯度公开8骨长路线\BP3D_FJ3282_重复长磨_e19_reference\


 Compressing files in C:\Users\24848\Desktop\GraduationProject\初步实验\Geogram与PaMO组合验证\实验结果\20261004_新梯度公开8骨长路线\BP3D_FJ3282_重复长磨_e1_candidate_boolean\


 Compressing files in C:\Users\24848\Desktop\GraduationProject\初步实验\Geogram与PaMO组合验证\实验结果\20261004_新梯度公开8骨长路线\BP3D_FJ3282_重复长磨_e1_candidate_input\


 Compressing files in C:\Users\24848\Desktop\GraduationProject\初步实验\Geogram与PaMO组合验证\实验结果\20261004_新梯度公开8骨长路线\BP3D_FJ3282_重复长磨_e1_reference\


 Compressing files in C:\Users\24848\Desktop\GraduationProject\初步实验\Geogram与PaMO组合验证\实验结果\20261004_新梯度公开8骨长路线\BP3D_FJ3282_重复长磨_e20_reference\


 Compressing files in C:\Users\24848\Desktop\GraduationProject\初步实验\Geogram与PaMO组合验证\实验结果\20261004_新梯度公开8骨长路线\BP3D_FJ3282_重复长磨_e21_reference\


 Compressing files in C:\Users\24848\Desktop\GraduationProject\初步实验\Geogram与PaMO组合验证\实验结果\20261004_新梯度公开8骨长路线\BP3D_FJ3282_重复长磨_e22_reference\


 Compressing files in C:\Users\24848\Desktop\GraduationProject\初步实验\Geogram与PaMO组合验证\实验结果\20261004_新梯度公开8骨长路线\BP3D_FJ3282_重复长磨_e23_reference\


 Compressing files in C:\Users\24848\Desktop\GraduationProject\初步实验\Geogram与PaMO组合验证\实验结果\20261004_新梯度公开8骨长路线\BP3D_FJ3282_重复长磨_e2_candidate_boolean\


 Compressing files in C:\Users\24848\Desktop\GraduationProject\初步实验\Geogram与PaMO组合验证\实验结果\20261004_新梯度公开8骨长路线\BP3D_FJ3282_重复长磨_e2_candidate_input\


 Compressing files in C:\Users\24848\Desktop\GraduationProject\初步实验\Geogram与PaMO组合验证\实验结果\20261004_新梯度公开8骨长路线\BP3D_FJ3282_重复长磨_e2_reference\


 Compressing files in C:\Users\24848\Desktop\GraduationProject\初步实验\Geogram与PaMO组合验证\实验结果\20261004_新梯度公开8骨长路线\BP3D_FJ3282_重复长磨_e3_candidate_boolean\


 Compressing files in C:\Users\24848\Desktop\GraduationProject\初步实验\Geogram与PaMO组合验证\实验结果\20261004_新梯度公开8骨长路线\BP3D_FJ3282_重复长磨_e3_candidate_input\


 Compressing files in C:\Users\24848\Desktop\GraduationProject\初步实验\Geogram与PaMO组合验证\实验结果\20261004_新梯度公开8骨长路线\BP3D_FJ3282_重复长磨_e3_reference\


 Compressing files in C:\Users\24848\Desktop\GraduationProject\初步实验\Geogram与PaMO组合验证\实验结果\20261004_新梯度公开8骨长路线\BP3D_FJ3282_重复长磨_e4_candidate_boolean\


 Compressing files in C:\Users\24848\Desktop\GraduationProject\初步实验\Geogram与PaMO组合验证\实验结果\20261004_新梯度公开8骨长路线\BP3D_FJ3282_重复长磨_e4_candidate_input\


 Compressing files in C:\Users\24848\Desktop\GraduationProject\初步实验\Geogram与PaMO组合验证\实验结果\20261004_新梯度公开8骨长路线\BP3D_FJ3282_重复长磨_e4_reference\


 Compressing files in C:\Users\24848\Desktop\GraduationProject\初步实验\Geogram与PaMO组合验证\实验结果\20261004_新梯度公开8骨长路线\BP3D_FJ3282_重复长磨_e5_candidate_boolean\


 Compressing files in C:\Users\24848\Desktop\GraduationProject\初步实验\Geogram与PaMO组合验证\实验结果\20261004_新梯度公开8骨长路线\BP3D_FJ3282_重复长磨_e5_candidate_input\


 Compressing files in C:\Users\24848\Desktop\GraduationProject\初步实验\Geogram与PaMO组合验证\实验结果\20261004_新梯度公开8骨长路线\BP3D_FJ3282_重复长磨_e5_reference\


 Compressing files in C:\Users\24848\Desktop\GraduationProject\初步实验\Geogram与PaMO组合验证\实验结果\20261004_新梯度公开8骨长路线\BP3D_FJ3282_重复长磨_e6_candidate_boolean\


 Compressing files in C:\Users\24848\Desktop\GraduationProject\初步实验\Geogram与PaMO组合验证\实验结果\20261004_新梯度公开8骨长路线\BP3D_FJ3282_重复长磨_e6_candidate_input\


 Compressing files in C:\Users\24848\Desktop\GraduationProject\初步实验\Geogram与PaMO组合验证\实验结果\20261004_新梯度公开8骨长路线\BP3D_FJ3282_重复长磨_e6_reference\


 Compressing files in C:\Users\24848\Desktop\GraduationProject\初步实验\Geogram与PaMO组合验证\实验结果\20261004_新梯度公开8骨长路线\BP3D_FJ3282_重复长磨_e7_candidate_boolean\


 Compressing files in C:\Users\24848\Desktop\GraduationProject\初步实验\Geogram与PaMO组合验证\实验结果\20261004_新梯度公开8骨长路线\BP3D_FJ3282_重复长磨_e7_candidate_input\


 Compressing files in C:\Users\24848\Desktop\GraduationProject\初步实验\Geogram与PaMO组合验证\实验结果\20261004_新梯度公开8骨长路线\BP3D_FJ3282_重复长磨_e7_reference\


 Compressing files in C:\Users\24848\Desktop\GraduationProject\初步实验\Geogram与PaMO组合验证\实验结果\20261004_新梯度公开8骨长路线\BP3D_FJ3282_重复长磨_e8_reference\


 Compressing files in C:\Users\24848\Desktop\GraduationProject\初步实验\Geogram与PaMO组合验证\实验结果\20261004_新梯度公开8骨长路线\BP3D_FJ3282_重复长磨_e9_reference\


 Compressing files in C:\Users\24848\Desktop\GraduationProject\初步实验\Geogram与PaMO组合验证\实验结果\20261004_新梯度公开8骨长路线\BP3D_FJ3365_重复长磨_e0_candidate_boolean\


 Compressing files in C:\Users\24848\Desktop\GraduationProject\初步实验\Geogram与PaMO组合验证\实验结果\20261004_新梯度公开8骨长路线\BP3D_FJ3365_重复长磨_e0_candidate_input\


 Compressing files in C:\Users\24848\Desktop\GraduationProject\初步实验\Geogram与PaMO组合验证\实验结果\20261004_新梯度公开8骨长路线\BP3D_FJ3365_重复长磨_e0_full_full\


 Compressing files in C:\Users\24848\Desktop\GraduationProject\初步实验\Geogram与PaMO组合验证\实验结果\20261004_新梯度公开8骨长路线\BP3D_FJ3365_重复长磨_e0_full_input\


 Compressing files in C:\Users\24848\Desktop\GraduationProject\初步实验\Geogram与PaMO组合验证\实验结果\20261004_新梯度公开8骨长路线\BP3D_FJ3365_重复长磨_e0_reference\


 Compressing files in C:\Users\24848\Desktop\GraduationProject\初步实验\Geogram与PaMO组合验证\实验结果\20261004_新梯度公开8骨长路线\BP3D_FJ3365_重复长磨_e10_reference\


 Compressing files in C:\Users\24848\Desktop\GraduationProject\初步实验\Geogram与PaMO组合验证\实验结果\20261004_新梯度公开8骨长路线\BP3D_FJ3365_重复长磨_e11_reference\


 Compressing files in C:\Users\24848\Desktop\GraduationProject\初步实验\Geogram与PaMO组合验证\实验结果\20261004_新梯度公开8骨长路线\BP3D_FJ3365_重复长磨_e12_reference\


 Compressing files in C:\Users\24848\Desktop\GraduationProject\初步实验\Geogram与PaMO组合验证\实验结果\20261004_新梯度公开8骨长路线\BP3D_FJ3365_重复长磨_e13_reference\


 Compressing files in C:\Users\24848\Desktop\GraduationProject\初步实验\Geogram与PaMO组合验证\实验结果\20261004_新梯度公开8骨长路线\BP3D_FJ3365_重复长磨_e14_reference\


 Compressing files in C:\Users\24848\Desktop\GraduationProject\初步实验\Geogram与PaMO组合验证\实验结果\20261004_新梯度公开8骨长路线\BP3D_FJ3365_重复长磨_e15_reference\


 Compressing files in C:\Users\24848\Desktop\GraduationProject\初步实验\Geogram与PaMO组合验证\实验结果\20261004_新梯度公开8骨长路线\BP3D_FJ3365_重复长磨_e16_reference\


 Compressing files in C:\Users\24848\Desktop\GraduationProject\初步实验\Geogram与PaMO组合验证\实验结果\20261004_新梯度公开8骨长路线\BP3D_FJ3365_重复长磨_e17_reference\


 Compressing files in C:\Users\24848\Desktop\GraduationProject\初步实验\Geogram与PaMO组合验证\实验结果\20261004_新梯度公开8骨长路线\BP3D_FJ3365_重复长磨_e18_reference\


 Compressing files in C:\Users\24848\Desktop\GraduationProject\初步实验\Geogram与PaMO组合验证\实验结果\20261004_新梯度公开8骨长路线\BP3D_FJ3365_重复长磨_e19_reference\


 Compressing files in C:\Users\24848\Desktop\GraduationProject\初步实验\Geogram与PaMO组合验证\实验结果\20261004_新梯度公开8骨长路线\BP3D_FJ3365_重复长磨_e1_candidate_boolean\


 Compressing files in C:\Users\24848\Desktop\GraduationProject\初步实验\Geogram与PaMO组合验证\实验结果\20261004_新梯度公开8骨长路线\BP3D_FJ3365_重复长磨_e1_candidate_input\


 Compressing files in C:\Users\24848\Desktop\GraduationProject\初步实验\Geogram与PaMO组合验证\实验结果\20261004_新梯度公开8骨长路线\BP3D_FJ3365_重复长磨_e1_reference\


 Compressing files in C:\Users\24848\Desktop\GraduationProject\初步实验\Geogram与PaMO组合验证\实验结果\20261004_新梯度公开8骨长路线\BP3D_FJ3365_重复长磨_e20_reference\


 Compressing files in C:\Users\24848\Desktop\GraduationProject\初步实验\Geogram与PaMO组合验证\实验结果\20261004_新梯度公开8骨长路线\BP3D_FJ3365_重复长磨_e21_reference\


 Compressing files in C:\Users\24848\Desktop\GraduationProject\初步实验\Geogram与PaMO组合验证\实验结果\20261004_新梯度公开8骨长路线\BP3D_FJ3365_重复长磨_e22_reference\


 Compressing files in C:\Users\24848\Desktop\GraduationProject\初步实验\Geogram与PaMO组合验证\实验结果\20261004_新梯度公开8骨长路线\BP3D_FJ3365_重复长磨_e23_reference\


 Compressing files in C:\Users\24848\Desktop\GraduationProject\初步实验\Geogram与PaMO组合验证\实验结果\20261004_新梯度公开8骨长路线\BP3D_FJ3365_重复长磨_e2_candidate_boolean\


 Compressing files in C:\Users\24848\Desktop\GraduationProject\初步实验\Geogram与PaMO组合验证\实验结果\20261004_新梯度公开8骨长路线\BP3D_FJ3365_重复长磨_e2_candidate_input\


 Compressing files in C:\Users\24848\Desktop\GraduationProject\初步实验\Geogram与PaMO组合验证\实验结果\20261004_新梯度公开8骨长路线\BP3D_FJ3365_重复长磨_e2_reference\


 Compressing files in C:\Users\24848\Desktop\GraduationProject\初步实验\Geogram与PaMO组合验证\实验结果\20261004_新梯度公开8骨长路线\BP3D_FJ3365_重复长磨_e3_candidate_boolean\


 Compressing files in C:\Users\24848\Desktop\GraduationProject\初步实验\Geogram与PaMO组合验证\实验结果\20261004_新梯度公开8骨长路线\BP3D_FJ3365_重复长磨_e3_candidate_input\


 Compressing files in C:\Users\24848\Desktop\GraduationProject\初步实验\Geogram与PaMO组合验证\实验结果\20261004_新梯度公开8骨长路线\BP3D_FJ3365_重复长磨_e3_reference\


 Compressing files in C:\Users\24848\Desktop\GraduationProject\初步实验\Geogram与PaMO组合验证\实验结果\20261004_新梯度公开8骨长路线\BP3D_FJ3365_重复长磨_e4_candidate_boolean\


 Compressing files in C:\Users\24848\Desktop\GraduationProject\初步实验\Geogram与PaMO组合验证\实验结果\20261004_新梯度公开8骨长路线\BP3D_FJ3365_重复长磨_e4_candidate_input\


 Compressing files in C:\Users\24848\Desktop\GraduationProject\初步实验\Geogram与PaMO组合验证\实验结果\20261004_新梯度公开8骨长路线\BP3D_FJ3365_重复长磨_e4_reference\


 Compressing files in C:\Users\24848\Desktop\GraduationProject\初步实验\Geogram与PaMO组合验证\实验结果\20261004_新梯度公开8骨长路线\BP3D_FJ3365_重复长磨_e5_candidate_boolean\


 Compressing files in C:\Users\24848\Desktop\GraduationProject\初步实验\Geogram与PaMO组合验证\实验结果\20261004_新梯度公开8骨长路线\BP3D_FJ3365_重复长磨_e5_candidate_input\


 Compressing files in C:\Users\24848\Desktop\GraduationProject\初步实验\Geogram与PaMO组合验证\实验结果\20261004_新梯度公开8骨长路线\BP3D_FJ3365_重复长磨_e5_reference\


 Compressing files in C:\Users\24848\Desktop\GraduationProject\初步实验\Geogram与PaMO组合验证\实验结果\20261004_新梯度公开8骨长路线\BP3D_FJ3365_重复长磨_e6_candidate_boolean\


 Compressing files in C:\Users\24848\Desktop\GraduationProject\初步实验\Geogram与PaMO组合验证\实验结果\20261004_新梯度公开8骨长路线\BP3D_FJ3365_重复长磨_e6_candidate_input\


 Compressing files in C:\Users\24848\Desktop\GraduationProject\初步实验\Geogram与PaMO组合验证\实验结果\20261004_新梯度公开8骨长路线\BP3D_FJ3365_重复长磨_e6_reference\


 Compressing files in C:\Users\24848\Desktop\GraduationProject\初步实验\Geogram与PaMO组合验证\实验结果\20261004_新梯度公开8骨长路线\BP3D_FJ3365_重复长磨_e7_candidate_boolean\


 Compressing files in C:\Users\24848\Desktop\GraduationProject\初步实验\Geogram与PaMO组合验证\实验结果\20261004_新梯度公开8骨长路线\BP3D_FJ3365_重复长磨_e7_candidate_input\


 Compressing files in C:\Users\24848\Desktop\GraduationProject\初步实验\Geogram与PaMO组合验证\实验结果\20261004_新梯度公开8骨长路线\BP3D_FJ3365_重复长磨_e7_reference\


 Compressing files in C:\Users\24848\Desktop\GraduationProject\初步实验\Geogram与PaMO组合验证\实验结果\20261004_新梯度公开8骨长路线\BP3D_FJ3365_重复长磨_e8_reference\


 Compressing files in C:\Users\24848\Desktop\GraduationProject\初步实验\Geogram与PaMO组合验证\实验结果\20261004_新梯度公开8骨长路线\BP3D_FJ3365_重复长磨_e9_reference\


 Compressing files in C:\Users\24848\Desktop\GraduationProject\初步实验\Geogram与PaMO组合验证\实验结果\20261004_新梯度公开8骨长路线\BP3D_FJ3368_重复长磨_e0_candidate_boolean\


 Compressing files in C:\Users\24848\Desktop\GraduationProject\初步实验\Geogram与PaMO组合验证\实验结果\20261004_新梯度公开8骨长路线\BP3D_FJ3368_重复长磨_e0_candidate_input\


 Compressing files in C:\Users\24848\Desktop\GraduationProject\初步实验\Geogram与PaMO组合验证\实验结果\20261004_新梯度公开8骨长路线\BP3D_FJ3368_重复长磨_e0_full_full\


 Compressing files in C:\Users\24848\Desktop\GraduationProject\初步实验\Geogram与PaMO组合验证\实验结果\20261004_新梯度公开8骨长路线\BP3D_FJ3368_重复长磨_e0_full_input\


 Compressing files in C:\Users\24848\Desktop\GraduationProject\初步实验\Geogram与PaMO组合验证\实验结果\20261004_新梯度公开8骨长路线\BP3D_FJ3368_重复长磨_e0_reference\


 Compressing files in C:\Users\24848\Desktop\GraduationProject\初步实验\Geogram与PaMO组合验证\实验结果\20261004_新梯度公开8骨长路线\BP3D_FJ3368_重复长磨_e10_reference\


 Compressing files in C:\Users\24848\Desktop\GraduationProject\初步实验\Geogram与PaMO组合验证\实验结果\20261004_新梯度公开8骨长路线\BP3D_FJ3368_重复长磨_e11_reference\


 Compressing files in C:\Users\24848\Desktop\GraduationProject\初步实验\Geogram与PaMO组合验证\实验结果\20261004_新梯度公开8骨长路线\BP3D_FJ3368_重复长磨_e12_reference\


 Compressing files in C:\Users\24848\Desktop\GraduationProject\初步实验\Geogram与PaMO组合验证\实验结果\20261004_新梯度公开8骨长路线\BP3D_FJ3368_重复长磨_e13_reference\


 Compressing files in C:\Users\24848\Desktop\GraduationProject\初步实验\Geogram与PaMO组合验证\实验结果\20261004_新梯度公开8骨长路线\BP3D_FJ3368_重复长磨_e14_reference\


 Compressing files in C:\Users\24848\Desktop\GraduationProject\初步实验\Geogram与PaMO组合验证\实验结果\20261004_新梯度公开8骨长路线\BP3D_FJ3368_重复长磨_e15_reference\


 Compressing files in C:\Users\24848\Desktop\GraduationProject\初步实验\Geogram与PaMO组合验证\实验结果\20261004_新梯度公开8骨长路线\BP3D_FJ3368_重复长磨_e16_reference\


 Compressing files in C:\Users\24848\Desktop\GraduationProject\初步实验\Geogram与PaMO组合验证\实验结果\20261004_新梯度公开8骨长路线\BP3D_FJ3368_重复长磨_e17_reference\


 Compressing files in C:\Users\24848\Desktop\GraduationProject\初步实验\Geogram与PaMO组合验证\实验结果\20261004_新梯度公开8骨长路线\BP3D_FJ3368_重复长磨_e18_reference\


 Compressing files in C:\Users\24848\Desktop\GraduationProject\初步实验\Geogram与PaMO组合验证\实验结果\20261004_新梯度公开8骨长路线\BP3D_FJ3368_重复长磨_e19_reference\


 Compressing files in C:\Users\24848\Desktop\GraduationProject\初步实验\Geogram与PaMO组合验证\实验结果\20261004_新梯度公开8骨长路线\BP3D_FJ3368_重复长磨_e1_candidate_boolean\


 Compressing files in C:\Users\24848\Desktop\GraduationProject\初步实验\Geogram与PaMO组合验证\实验结果\20261004_新梯度公开8骨长路线\BP3D_FJ3368_重复长磨_e1_candidate_input\


 Compressing files in C:\Users\24848\Desktop\GraduationProject\初步实验\Geogram与PaMO组合验证\实验结果\20261004_新梯度公开8骨长路线\BP3D_FJ3368_重复长磨_e1_reference\


 Compressing files in C:\Users\24848\Desktop\GraduationProject\初步实验\Geogram与PaMO组合验证\实验结果\20261004_新梯度公开8骨长路线\BP3D_FJ3368_重复长磨_e20_reference\


 Compressing files in C:\Users\24848\Desktop\GraduationProject\初步实验\Geogram与PaMO组合验证\实验结果\20261004_新梯度公开8骨长路线\BP3D_FJ3368_重复长磨_e21_reference\


 Compressing files in C:\Users\24848\Desktop\GraduationProject\初步实验\Geogram与PaMO组合验证\实验结果\20261004_新梯度公开8骨长路线\BP3D_FJ3368_重复长磨_e22_reference\


 Compressing files in C:\Users\24848\Desktop\GraduationProject\初步实验\Geogram与PaMO组合验证\实验结果\20261004_新梯度公开8骨长路线\BP3D_FJ3368_重复长磨_e23_reference\


 Compressing files in C:\Users\24848\Desktop\GraduationProject\初步实验\Geogram与PaMO组合验证\实验结果\20261004_新梯度公开8骨长路线\BP3D_FJ3368_重复长磨_e2_candidate_boolean\


 Compressing files in C:\Users\24848\Desktop\GraduationProject\初步实验\Geogram与PaMO组合验证\实验结果\20261004_新梯度公开8骨长路线\BP3D_FJ3368_重复长磨_e2_candidate_input\


 Compressing files in C:\Users\24848\Desktop\GraduationProject\初步实验\Geogram与PaMO组合验证\实验结果\20261004_新梯度公开8骨长路线\BP3D_FJ3368_重复长磨_e2_reference\


 Compressing files in C:\Users\24848\Desktop\GraduationProject\初步实验\Geogram与PaMO组合验证\实验结果\20261004_新梯度公开8骨长路线\BP3D_FJ3368_重复长磨_e3_candidate_boolean\


 Compressing files in C:\Users\24848\Desktop\GraduationProject\初步实验\Geogram与PaMO组合验证\实验结果\20261004_新梯度公开8骨长路线\BP3D_FJ3368_重复长磨_e3_candidate_input\


 Compressing files in C:\Users\24848\Desktop\GraduationProject\初步实验\Geogram与PaMO组合验证\实验结果\20261004_新梯度公开8骨长路线\BP3D_FJ3368_重复长磨_e3_reference\


 Compressing files in C:\Users\24848\Desktop\GraduationProject\初步实验\Geogram与PaMO组合验证\实验结果\20261004_新梯度公开8骨长路线\BP3D_FJ3368_重复长磨_e4_candidate_boolean\


 Compressing files in C:\Users\24848\Desktop\GraduationProject\初步实验\Geogram与PaMO组合验证\实验结果\20261004_新梯度公开8骨长路线\BP3D_FJ3368_重复长磨_e4_candidate_input\


 Compressing files in C:\Users\24848\Desktop\GraduationProject\初步实验\Geogram与PaMO组合验证\实验结果\20261004_新梯度公开8骨长路线\BP3D_FJ3368_重复长磨_e4_reference\


 Compressing files in C:\Users\24848\Desktop\GraduationProject\初步实验\Geogram与PaMO组合验证\实验结果\20261004_新梯度公开8骨长路线\BP3D_FJ3368_重复长磨_e5_candidate_boolean\


 Compressing files in C:\Users\24848\Desktop\GraduationProject\初步实验\Geogram与PaMO组合验证\实验结果\20261004_新梯度公开8骨长路线\BP3D_FJ3368_重复长磨_e5_candidate_input\


 Compressing files in C:\Users\24848\Desktop\GraduationProject\初步实验\Geogram与PaMO组合验证\实验结果\20261004_新梯度公开8骨长路线\BP3D_FJ3368_重复长磨_e5_reference\


 Compressing files in C:\Users\24848\Desktop\GraduationProject\初步实验\Geogram与PaMO组合验证\实验结果\20261004_新梯度公开8骨长路线\BP3D_FJ3368_重复长磨_e6_candidate_boolean\


 Compressing files in C:\Users\24848\Desktop\GraduationProject\初步实验\Geogram与PaMO组合验证\实验结果\20261004_新梯度公开8骨长路线\BP3D_FJ3368_重复长磨_e6_candidate_input\


 Compressing files in C:\Users\24848\Desktop\GraduationProject\初步实验\Geogram与PaMO组合验证\实验结果\20261004_新梯度公开8骨长路线\BP3D_FJ3368_重复长磨_e6_reference\


 Compressing files in C:\Users\24848\Desktop\GraduationProject\初步实验\Geogram与PaMO组合验证\实验结果\20261004_新梯度公开8骨长路线\BP3D_FJ3368_重复长磨_e7_candidate_boolean\


 Compressing files in C:\Users\24848\Desktop\GraduationProject\初步实验\Geogram与PaMO组合验证\实验结果\20261004_新梯度公开8骨长路线\BP3D_FJ3368_重复长磨_e7_candidate_input\


 Compressing files in C:\Users\24848\Desktop\GraduationProject\初步实验\Geogram与PaMO组合验证\实验结果\20261004_新梯度公开8骨长路线\BP3D_FJ3368_重复长磨_e7_reference\


 Compressing files in C:\Users\24848\Desktop\GraduationProject\初步实验\Geogram与PaMO组合验证\实验结果\20261004_新梯度公开8骨长路线\BP3D_FJ3368_重复长磨_e8_reference\


 Compressing files in C:\Users\24848\Desktop\GraduationProject\初步实验\Geogram与PaMO组合验证\实验结果\20261004_新梯度公开8骨长路线\BP3D_FJ3368_重复长磨_e9_reference\


 Compressing files in C:\Users\24848\Desktop\GraduationProject\初步实验\Geogram与PaMO组合验证\实验结果\20261004_新梯度公开8骨长路线\BP3D_FJ3384_重复长磨_e0_candidate_boolean\


 Compressing files in C:\Users\24848\Desktop\GraduationProject\初步实验\Geogram与PaMO组合验证\实验结果\20261004_新梯度公开8骨长路线\BP3D_FJ3384_重复长磨_e0_candidate_input\


 Compressing files in C:\Users\24848\Desktop\GraduationProject\初步实验\Geogram与PaMO组合验证\实验结果\20261004_新梯度公开8骨长路线\BP3D_FJ3384_重复长磨_e0_full_full\


 Compressing files in C:\Users\24848\Desktop\GraduationProject\初步实验\Geogram与PaMO组合验证\实验结果\20261004_新梯度公开8骨长路线\BP3D_FJ3384_重复长磨_e0_full_input\


 Compressing files in C:\Users\24848\Desktop\GraduationProject\初步实验\Geogram与PaMO组合验证\实验结果\20261004_新梯度公开8骨长路线\BP3D_FJ3384_重复长磨_e0_reference\


 Compressing files in C:\Users\24848\Desktop\GraduationProject\初步实验\Geogram与PaMO组合验证\实验结果\20261004_新梯度公开8骨长路线\BP3D_FJ3384_重复长磨_e10_reference\


 Compressing files in C:\Users\24848\Desktop\GraduationProject\初步实验\Geogram与PaMO组合验证\实验结果\20261004_新梯度公开8骨长路线\BP3D_FJ3384_重复长磨_e11_reference\


 Compressing files in C:\Users\24848\Desktop\GraduationProject\初步实验\Geogram与PaMO组合验证\实验结果\20261004_新梯度公开8骨长路线\BP3D_FJ3384_重复长磨_e12_reference\


 Compressing files in C:\Users\24848\Desktop\GraduationProject\初步实验\Geogram与PaMO组合验证\实验结果\20261004_新梯度公开8骨长路线\BP3D_FJ3384_重复长磨_e13_reference\


 Compressing files in C:\Users\24848\Desktop\GraduationProject\初步实验\Geogram与PaMO组合验证\实验结果\20261004_新梯度公开8骨长路线\BP3D_FJ3384_重复长磨_e14_reference\


 Compressing files in C:\Users\24848\Desktop\GraduationProject\初步实验\Geogram与PaMO组合验证\实验结果\20261004_新梯度公开8骨长路线\BP3D_FJ3384_重复长磨_e15_reference\


 Compressing files in C:\Users\24848\Desktop\GraduationProject\初步实验\Geogram与PaMO组合验证\实验结果\20261004_新梯度公开8骨长路线\BP3D_FJ3384_重复长磨_e16_reference\


 Compressing files in C:\Users\24848\Desktop\GraduationProject\初步实验\Geogram与PaMO组合验证\实验结果\20261004_新梯度公开8骨长路线\BP3D_FJ3384_重复长磨_e17_reference\


 Compressing files in C:\Users\24848\Desktop\GraduationProject\初步实验\Geogram与PaMO组合验证\实验结果\20261004_新梯度公开8骨长路线\BP3D_FJ3384_重复长磨_e18_reference\


 Compressing files in C:\Users\24848\Desktop\GraduationProject\初步实验\Geogram与PaMO组合验证\实验结果\20261004_新梯度公开8骨长路线\BP3D_FJ3384_重复长磨_e19_reference\


 Compressing files in C:\Users\24848\Desktop\GraduationProject\初步实验\Geogram与PaMO组合验证\实验结果\20261004_新梯度公开8骨长路线\BP3D_FJ3384_重复长磨_e1_candidate_boolean\


 Compressing files in C:\Users\24848\Desktop\GraduationProject\初步实验\Geogram与PaMO组合验证\实验结果\20261004_新梯度公开8骨长路线\BP3D_FJ3384_重复长磨_e1_candidate_input\


 Compressing files in C:\Users\24848\Desktop\GraduationProject\初步实验\Geogram与PaMO组合验证\实验结果\20261004_新梯度公开8骨长路线\BP3D_FJ3384_重复长磨_e1_reference\


 Compressing files in C:\Users\24848\Desktop\GraduationProject\初步实验\Geogram与PaMO组合验证\实验结果\20261004_新梯度公开8骨长路线\BP3D_FJ3384_重复长磨_e20_reference\


 Compressing files in C:\Users\24848\Desktop\GraduationProject\初步实验\Geogram与PaMO组合验证\实验结果\20261004_新梯度公开8骨长路线\BP3D_FJ3384_重复长磨_e21_reference\


 Compressing files in C:\Users\24848\Desktop\GraduationProject\初步实验\Geogram与PaMO组合验证\实验结果\20261004_新梯度公开8骨长路线\BP3D_FJ3384_重复长磨_e22_reference\


 Compressing files in C:\Users\24848\Desktop\GraduationProject\初步实验\Geogram与PaMO组合验证\实验结果\20261004_新梯度公开8骨长路线\BP3D_FJ3384_重复长磨_e23_reference\


 Compressing files in C:\Users\24848\Desktop\GraduationProject\初步实验\Geogram与PaMO组合验证\实验结果\20261004_新梯度公开8骨长路线\BP3D_FJ3384_重复长磨_e2_candidate_boolean\


 Compressing files in C:\Users\24848\Desktop\GraduationProject\初步实验\Geogram与PaMO组合验证\实验结果\20261004_新梯度公开8骨长路线\BP3D_FJ3384_重复长磨_e2_candidate_input\


 Compressing files in C:\Users\24848\Desktop\GraduationProject\初步实验\Geogram与PaMO组合验证\实验结果\20261004_新梯度公开8骨长路线\BP3D_FJ3384_重复长磨_e2_reference\


 Compressing files in C:\Users\24848\Desktop\GraduationProject\初步实验\Geogram与PaMO组合验证\实验结果\20261004_新梯度公开8骨长路线\BP3D_FJ3384_重复长磨_e3_candidate_boolean\


 Compressing files in C:\Users\24848\Desktop\GraduationProject\初步实验\Geogram与PaMO组合验证\实验结果\20261004_新梯度公开8骨长路线\BP3D_FJ3384_重复长磨_e3_candidate_input\


 Compressing files in C:\Users\24848\Desktop\GraduationProject\初步实验\Geogram与PaMO组合验证\实验结果\20261004_新梯度公开8骨长路线\BP3D_FJ3384_重复长磨_e3_reference\


 Compressing files in C:\Users\24848\Desktop\GraduationProject\初步实验\Geogram与PaMO组合验证\实验结果\20261004_新梯度公开8骨长路线\BP3D_FJ3384_重复长磨_e4_candidate_boolean\


 Compressing files in C:\Users\24848\Desktop\GraduationProject\初步实验\Geogram与PaMO组合验证\实验结果\20261004_新梯度公开8骨长路线\BP3D_FJ3384_重复长磨_e4_candidate_input\


 Compressing files in C:\Users\24848\Desktop\GraduationProject\初步实验\Geogram与PaMO组合验证\实验结果\20261004_新梯度公开8骨长路线\BP3D_FJ3384_重复长磨_e4_reference\


 Compressing files in C:\Users\24848\Desktop\GraduationProject\初步实验\Geogram与PaMO组合验证\实验结果\20261004_新梯度公开8骨长路线\BP3D_FJ3384_重复长磨_e5_candidate_boolean\


 Compressing files in C:\Users\24848\Desktop\GraduationProject\初步实验\Geogram与PaMO组合验证\实验结果\20261004_新梯度公开8骨长路线\BP3D_FJ3384_重复长磨_e5_candidate_input\


 Compressing files in C:\Users\24848\Desktop\GraduationProject\初步实验\Geogram与PaMO组合验证\实验结果\20261004_新梯度公开8骨长路线\BP3D_FJ3384_重复长磨_e5_reference\


 Compressing files in C:\Users\24848\Desktop\GraduationProject\初步实验\Geogram与PaMO组合验证\实验结果\20261004_新梯度公开8骨长路线\BP3D_FJ3384_重复长磨_e6_candidate_boolean\


 Compressing files in C:\Users\24848\Desktop\GraduationProject\初步实验\Geogram与PaMO组合验证\实验结果\20261004_新梯度公开8骨长路线\BP3D_FJ3384_重复长磨_e6_candidate_input\


 Compressing files in C:\Users\24848\Desktop\GraduationProject\初步实验\Geogram与PaMO组合验证\实验结果\20261004_新梯度公开8骨长路线\BP3D_FJ3384_重复长磨_e6_reference\


 Compressing files in C:\Users\24848\Desktop\GraduationProject\初步实验\Geogram与PaMO组合验证\实验结果\20261004_新梯度公开8骨长路线\BP3D_FJ3384_重复长磨_e7_candidate_boolean\


 Compressing files in C:\Users\24848\Desktop\GraduationProject\初步实验\Geogram与PaMO组合验证\实验结果\20261004_新梯度公开8骨长路线\BP3D_FJ3384_重复长磨_e7_candidate_input\


 Compressing files in C:\Users\24848\Desktop\GraduationProject\初步实验\Geogram与PaMO组合验证\实验结果\20261004_新梯度公开8骨长路线\BP3D_FJ3384_重复长磨_e7_reference\


 Compressing files in C:\Users\24848\Desktop\GraduationProject\初步实验\Geogram与PaMO组合验证\实验结果\20261004_新梯度公开8骨长路线\BP3D_FJ3384_重复长磨_e8_reference\


 Compressing files in C:\Users\24848\Desktop\GraduationProject\初步实验\Geogram与PaMO组合验证\实验结果\20261004_新梯度公开8骨长路线\BP3D_FJ3384_重复长磨_e9_reference\


 Compressing files in C:\Users\24848\Desktop\GraduationProject\初步实验\Geogram与PaMO组合验证\实验结果\20261004_新梯度公开8骨长路线\BP3D_FJ3387_重复长磨_e0_candidate_boolean\


 Compressing files in C:\Users\24848\Desktop\GraduationProject\初步实验\Geogram与PaMO组合验证\实验结果\20261004_新梯度公开8骨长路线\BP3D_FJ3387_重复长磨_e0_candidate_input\


 Compressing files in C:\Users\24848\Desktop\GraduationProject\初步实验\Geogram与PaMO组合验证\实验结果\20261004_新梯度公开8骨长路线\BP3D_FJ3387_重复长磨_e0_full_full\


 Compressing files in C:\Users\24848\Desktop\GraduationProject\初步实验\Geogram与PaMO组合验证\实验结果\20261004_新梯度公开8骨长路线\BP3D_FJ3387_重复长磨_e0_full_input\


 Compressing files in C:\Users\24848\Desktop\GraduationProject\初步实验\Geogram与PaMO组合验证\实验结果\20261004_新梯度公开8骨长路线\BP3D_FJ3387_重复长磨_e0_reference\


 Compressing files in C:\Users\24848\Desktop\GraduationProject\初步实验\Geogram与PaMO组合验证\实验结果\20261004_新梯度公开8骨长路线\BP3D_FJ3387_重复长磨_e10_reference\


 Compressing files in C:\Users\24848\Desktop\GraduationProject\初步实验\Geogram与PaMO组合验证\实验结果\20261004_新梯度公开8骨长路线\BP3D_FJ3387_重复长磨_e11_reference\


 Compressing files in C:\Users\24848\Desktop\GraduationProject\初步实验\Geogram与PaMO组合验证\实验结果\20261004_新梯度公开8骨长路线\BP3D_FJ3387_重复长磨_e12_reference\


 Compressing files in C:\Users\24848\Desktop\GraduationProject\初步实验\Geogram与PaMO组合验证\实验结果\20261004_新梯度公开8骨长路线\BP3D_FJ3387_重复长磨_e13_reference\


 Compressing files in C:\Users\24848\Desktop\GraduationProject\初步实验\Geogram与PaMO组合验证\实验结果\20261004_新梯度公开8骨长路线\BP3D_FJ3387_重复长磨_e14_reference\


 Compressing files in C:\Users\24848\Desktop\GraduationProject\初步实验\Geogram与PaMO组合验证\实验结果\20261004_新梯度公开8骨长路线\BP3D_FJ3387_重复长磨_e15_reference\


 Compressing files in C:\Users\24848\Desktop\GraduationProject\初步实验\Geogram与PaMO组合验证\实验结果\20261004_新梯度公开8骨长路线\BP3D_FJ3387_重复长磨_e16_reference\


 Compressing files in C:\Users\24848\Desktop\GraduationProject\初步实验\Geogram与PaMO组合验证\实验结果\20261004_新梯度公开8骨长路线\BP3D_FJ3387_重复长磨_e17_reference\


 Compressing files in C:\Users\24848\Desktop\GraduationProject\初步实验\Geogram与PaMO组合验证\实验结果\20261004_新梯度公开8骨长路线\BP3D_FJ3387_重复长磨_e18_reference\


 Compressing files in C:\Users\24848\Desktop\GraduationProject\初步实验\Geogram与PaMO组合验证\实验结果\20261004_新梯度公开8骨长路线\BP3D_FJ3387_重复长磨_e19_reference\


 Compressing files in C:\Users\24848\Desktop\GraduationProject\初步实验\Geogram与PaMO组合验证\实验结果\20261004_新梯度公开8骨长路线\BP3D_FJ3387_重复长磨_e1_candidate_boolean\


 Compressing files in C:\Users\24848\Desktop\GraduationProject\初步实验\Geogram与PaMO组合验证\实验结果\20261004_新梯度公开8骨长路线\BP3D_FJ3387_重复长磨_e1_candidate_input\


 Compressing files in C:\Users\24848\Desktop\GraduationProject\初步实验\Geogram与PaMO组合验证\实验结果\20261004_新梯度公开8骨长路线\BP3D_FJ3387_重复长磨_e1_reference\


 Compressing files in C:\Users\24848\Desktop\GraduationProject\初步实验\Geogram与PaMO组合验证\实验结果\20261004_新梯度公开8骨长路线\BP3D_FJ3387_重复长磨_e20_reference\


 Compressing files in C:\Users\24848\Desktop\GraduationProject\初步实验\Geogram与PaMO组合验证\实验结果\20261004_新梯度公开8骨长路线\BP3D_FJ3387_重复长磨_e21_reference\


 Compressing files in C:\Users\24848\Desktop\GraduationProject\初步实验\Geogram与PaMO组合验证\实验结果\20261004_新梯度公开8骨长路线\BP3D_FJ3387_重复长磨_e22_reference\


 Compressing files in C:\Users\24848\Desktop\GraduationProject\初步实验\Geogram与PaMO组合验证\实验结果\20261004_新梯度公开8骨长路线\BP3D_FJ3387_重复长磨_e23_reference\


 Compressing files in C:\Users\24848\Desktop\GraduationProject\初步实验\Geogram与PaMO组合验证\实验结果\20261004_新梯度公开8骨长路线\BP3D_FJ3387_重复长磨_e2_candidate_boolean\


 Compressing files in C:\Users\24848\Desktop\GraduationProject\初步实验\Geogram与PaMO组合验证\实验结果\20261004_新梯度公开8骨长路线\BP3D_FJ3387_重复长磨_e2_candidate_input\


 Compressing files in C:\Users\24848\Desktop\GraduationProject\初步实验\Geogram与PaMO组合验证\实验结果\20261004_新梯度公开8骨长路线\BP3D_FJ3387_重复长磨_e2_reference\


 Compressing files in C:\Users\24848\Desktop\GraduationProject\初步实验\Geogram与PaMO组合验证\实验结果\20261004_新梯度公开8骨长路线\BP3D_FJ3387_重复长磨_e3_candidate_boolean\


 Compressing files in C:\Users\24848\Desktop\GraduationProject\初步实验\Geogram与PaMO组合验证\实验结果\20261004_新梯度公开8骨长路线\BP3D_FJ3387_重复长磨_e3_candidate_input\


 Compressing files in C:\Users\24848\Desktop\GraduationProject\初步实验\Geogram与PaMO组合验证\实验结果\20261004_新梯度公开8骨长路线\BP3D_FJ3387_重复长磨_e3_reference\


 Compressing files in C:\Users\24848\Desktop\GraduationProject\初步实验\Geogram与PaMO组合验证\实验结果\20261004_新梯度公开8骨长路线\BP3D_FJ3387_重复长磨_e4_candidate_boolean\


 Compressing files in C:\Users\24848\Desktop\GraduationProject\初步实验\Geogram与PaMO组合验证\实验结果\20261004_新梯度公开8骨长路线\BP3D_FJ3387_重复长磨_e4_candidate_input\


 Compressing files in C:\Users\24848\Desktop\GraduationProject\初步实验\Geogram与PaMO组合验证\实验结果\20261004_新梯度公开8骨长路线\BP3D_FJ3387_重复长磨_e4_reference\


 Compressing files in C:\Users\24848\Desktop\GraduationProject\初步实验\Geogram与PaMO组合验证\实验结果\20261004_新梯度公开8骨长路线\BP3D_FJ3387_重复长磨_e5_candidate_boolean\


 Compressing files in C:\Users\24848\Desktop\GraduationProject\初步实验\Geogram与PaMO组合验证\实验结果\20261004_新梯度公开8骨长路线\BP3D_FJ3387_重复长磨_e5_candidate_input\


 Compressing files in C:\Users\24848\Desktop\GraduationProject\初步实验\Geogram与PaMO组合验证\实验结果\20261004_新梯度公开8骨长路线\BP3D_FJ3387_重复长磨_e5_reference\


 Compressing files in C:\Users\24848\Desktop\GraduationProject\初步实验\Geogram与PaMO组合验证\实验结果\20261004_新梯度公开8骨长路线\BP3D_FJ3387_重复长磨_e6_candidate_boolean\


 Compressing files in C:\Users\24848\Desktop\GraduationProject\初步实验\Geogram与PaMO组合验证\实验结果\20261004_新梯度公开8骨长路线\BP3D_FJ3387_重复长磨_e6_candidate_input\


 Compressing files in C:\Users\24848\Desktop\GraduationProject\初步实验\Geogram与PaMO组合验证\实验结果\20261004_新梯度公开8骨长路线\BP3D_FJ3387_重复长磨_e6_reference\


 Compressing files in C:\Users\24848\Desktop\GraduationProject\初步实验\Geogram与PaMO组合验证\实验结果\20261004_新梯度公开8骨长路线\BP3D_FJ3387_重复长磨_e7_candidate_boolean\


 Compressing files in C:\Users\24848\Desktop\GraduationProject\初步实验\Geogram与PaMO组合验证\实验结果\20261004_新梯度公开8骨长路线\BP3D_FJ3387_重复长磨_e7_candidate_input\


 Compressing files in C:\Users\24848\Desktop\GraduationProject\初步实验\Geogram与PaMO组合验证\实验结果\20261004_新梯度公开8骨长路线\BP3D_FJ3387_重复长磨_e7_reference\


 Compressing files in C:\Users\24848\Desktop\GraduationProject\初步实验\Geogram与PaMO组合验证\实验结果\20261004_新梯度公开8骨长路线\BP3D_FJ3387_重复长磨_e8_reference\


 Compressing files in C:\Users\24848\Desktop\GraduationProject\初步实验\Geogram与PaMO组合验证\实验结果\20261004_新梯度公开8骨长路线\BP3D_FJ3387_重复长磨_e9_reference\


1441 files within 338 directories were compressed.
450,526,163 total bytes of data are stored in 193,222,318 bytes.
The compression ratio is 2.3 to 1.
