Stage1 :  True
Stage3 :  True
Warp 1.0.0-beta.2 initialized:
   CUDA Toolkit: 12.8, Driver: 13.2
   Devices:
     "cpu"    | x86_64
     "cuda:0" | NVIDIA GeForce RTX 4080 SUPER (sm_89)
   Kernel cache: /root/.cache/warp/1.0.0-beta.2
Target faces : 26524
Time for Remeshing: 0.10829353332519531 sec
Time for Simplification: 0.28061962127685547 sec
Module pamo_safe_project.kernels.geometry_kernels load on device 'cuda:0' took 24.60 ms
Module pamo_safe_project.kernels.energy_kernels.elastic_energy load on device 'cuda:0' took 23.69 ms
Module pamo_safe_project.kernels.energy_kernels.hinge_energy load on device 'cuda:0' took 56.93 ms
Module pamo_safe_project.kernels.energy_kernels.contact_detection load on device 'cuda:0' took 32.76 ms
Module pamo_safe_project.kernels.energy_kernels.distance_energy load on device 'cuda:0' took 43.55 ms
Module pamo_safe_project.kernels.energy_kernels.collision_energy load on device 'cuda:0' took 140.70 ms
Module pamo_safe_project.kernels.utils_kernels load on device 'cuda:0' took 6.88 ms
Module pamo_safe_project.kernels.solver_kernels load on device 'cuda:0' took 6.07 ms
Module warp.utils load on device 'cuda:0' took 2.63 ms
Module pamo_safe_project.kernels.distance_kernels.grad_funcs load on device 'cuda:0' took 37.95 ms
Module pamo_safe_project.kernels.distance_kernels.hessian_funcs load on device 'cuda:0' took 151.01 ms
Module pamo_safe_project.kernels.distance_kernels.distance_kernels load on device 'cuda:0' took 220.09 ms
Module pamo_safe_project.kernels.distance_kernels.grad_funcs_struct load on device 'cuda:0' took 31.14 ms
Module pamo_safe_project.kernels.distance_kernels.distance_kernels_struct load on device 'cuda:0' took 33.77 ms
Module pamo_safe_project.kernels.ccd_kernels load on device 'cuda:0' took 41.46 ms
Module pamo_safe_project.kernels.energy_kernels.lb_curvature_energy load on device 'cuda:0' took 7.31 ms
Module locality_gpu load on device 'cuda:0' took 1.39 ms
{"pamo_run_ms": 2622.9607481509447, "stage1": "original", "method": "full", "maintenance_ms": 8207.974957302213, "status": "pending_independent_audit"}
