Stage1 :  True
Stage3 :  True
Warp 1.0.0-beta.2 initialized:
   CUDA Toolkit: 12.8, Driver: 13.2
   Devices:
     "cpu"    | x86_64
     "cuda:0" | NVIDIA GeForce RTX 4090 (sm_89)
   Kernel cache: /root/.cache/warp/1.0.0-beta.2
Target faces : 2060
Time for Remeshing: 0.09044432640075684 sec
Time for Simplification: 0.3775458335876465 sec
Module pamo_safe_project.kernels.geometry_kernels load on device 'cuda:0' took 12.33 ms
Module pamo_safe_project.kernels.energy_kernels.elastic_energy load on device 'cuda:0' took 11.87 ms
Module pamo_safe_project.kernels.energy_kernels.hinge_energy load on device 'cuda:0' took 26.54 ms
Module pamo_safe_project.kernels.energy_kernels.contact_detection load on device 'cuda:0' took 15.85 ms
Module pamo_safe_project.kernels.energy_kernels.distance_energy load on device 'cuda:0' took 21.35 ms
Module pamo_safe_project.kernels.energy_kernels.collision_energy load on device 'cuda:0' took 69.96 ms
Module pamo_safe_project.kernels.utils_kernels load on device 'cuda:0' took 3.12 ms
Module pamo_safe_project.kernels.solver_kernels load on device 'cuda:0' took 2.60 ms
Module warp.utils load on device 'cuda:0' took 1.37 ms
Module pamo_safe_project.kernels.distance_kernels.grad_funcs load on device 'cuda:0' took 16.73 ms
Module pamo_safe_project.kernels.distance_kernels.hessian_funcs load on device 'cuda:0' took 72.11 ms
Module pamo_safe_project.kernels.distance_kernels.distance_kernels load on device 'cuda:0' took 101.66 ms
Module pamo_safe_project.kernels.distance_kernels.grad_funcs_struct load on device 'cuda:0' took 15.60 ms
Module pamo_safe_project.kernels.distance_kernels.distance_kernels_struct load on device 'cuda:0' took 17.12 ms
Module pamo_safe_project.kernels.ccd_kernels load on device 'cuda:0' took 21.30 ms
Module pamo_safe_project.kernels.energy_kernels.lb_curvature_energy load on device 'cuda:0' took 3.14 ms
Module locality_gpu load on device 'cuda:0' took 0.74 ms
{"pamo_run_ms": 1414.2619166523218, "stage1": "original", "method": "full", "maintenance_ms": 3073.888512328267, "status": "pending_independent_audit"}
