Stage1 :  True
Stage3 :  True
{"original_config_sha256": "df1eb24db57394c32e31f6d67a58cd7ef6c25febc11aff39c5e9503ee82d6390", "max_blocks": 67108864}
Warp 1.0.0-beta.2 initialized:
   CUDA Toolkit: 12.8, Driver: 13.2
   Devices:
     "cpu"    | x86_64
     "cuda:0" | NVIDIA GeForce RTX 4080 SUPER (sm_89)
   Kernel cache: /root/.cache/warp/1.0.0-beta.2
Target faces : 4146
Time for Remeshing: 0.773395299911499 sec
Time for Simplification: 4.317432165145874 sec
Module pamo_safe_project.kernels.geometry_kernels load on device 'cuda:0' took 18.39 ms
Module pamo_safe_project.kernels.energy_kernels.elastic_energy load on device 'cuda:0' took 17.02 ms
Module pamo_safe_project.kernels.energy_kernels.hinge_energy load on device 'cuda:0' took 39.22 ms
Module pamo_safe_project.kernels.energy_kernels.contact_detection load on device 'cuda:0' took 17.18 ms
Module pamo_safe_project.kernels.energy_kernels.distance_energy load on device 'cuda:0' took 25.17 ms
Module pamo_safe_project.kernels.energy_kernels.collision_energy load on device 'cuda:0' took 82.56 ms
Module pamo_safe_project.kernels.utils_kernels load on device 'cuda:0' took 3.49 ms
Module pamo_safe_project.kernels.solver_kernels load on device 'cuda:0' took 2.68 ms
Module warp.utils load on device 'cuda:0' took 1.32 ms
Module pamo_safe_project.kernels.distance_kernels.grad_funcs load on device 'cuda:0' took 18.51 ms
Module pamo_safe_project.kernels.distance_kernels.hessian_funcs load on device 'cuda:0' took 83.19 ms
Module pamo_safe_project.kernels.distance_kernels.distance_kernels load on device 'cuda:0' took 120.59 ms
Module pamo_safe_project.kernels.distance_kernels.grad_funcs_struct load on device 'cuda:0' took 17.63 ms
Module pamo_safe_project.kernels.distance_kernels.distance_kernels_struct load on device 'cuda:0' took 18.91 ms
Module pamo_safe_project.kernels.ccd_kernels load on device 'cuda:0' took 22.50 ms
Module pamo_safe_project.kernels.energy_kernels.lb_curvature_energy load on device 'cuda:0' took 3.20 ms
Module locality_gpu load on device 'cuda:0' took 0.69 ms
{"pamo_run_ms": 6385.023946873844, "stage1": "original", "method": "full", "maintenance_ms": 6742.426924407482, "status": "pending_independent_audit"}
