Warp 1.0.0-beta.2 initialized:
   CUDA Toolkit: 12.8, Driver: 13.2
   Devices:
     "cpu"    | x86_64
     "cuda:0" | NVIDIA GeForce RTX 4080 SUPER (sm_89)
   Kernel cache: /root/.cache/warp/1.0.0-beta.2
Module pamo_safe_project.kernels.geometry_kernels load on device 'cuda:0' took 22.14 ms
Module pamo_safe_project.kernels.energy_kernels.elastic_energy load on device 'cuda:0' took 17.25 ms
Module pamo_safe_project.kernels.energy_kernels.hinge_energy load on device 'cuda:0' took 41.34 ms
Module pamo_safe_project.kernels.energy_kernels.precision_contact_detection load on device 'cuda:0' took 21.25 ms
Module pamo_safe_project.kernels.energy_kernels.distance_energy load on device 'cuda:0' took 29.39 ms
Module pamo_safe_project.kernels.energy_kernels.preserved_collision_energy load on device 'cuda:0' took 88.92 ms
Module pamo_safe_project.kernels.utils_kernels load on device 'cuda:0' took 4.33 ms
Module tangent_plane_gpu load on device 'cuda:0' took 1.68 ms
Module locality_gpu load on device 'cuda:0' took 1.06 ms
Module pamo_safe_project.kernels.solver_kernels load on device 'cuda:0' took 3.68 ms
Module warp.utils load on device 'cuda:0' took 1.75 ms
Module pamo_safe_project.kernels.distance_kernels.grad_funcs load on device 'cuda:0' took 23.24 ms
Module pamo_safe_project.kernels.distance_kernels.hessian_funcs load on device 'cuda:0' took 102.12 ms
Module pamo_safe_project.kernels.distance_kernels.distance_kernels load on device 'cuda:0' took 149.47 ms
Module pamo_safe_project.kernels.distance_kernels.grad_funcs_struct load on device 'cuda:0' took 25.04 ms
Module pamo_safe_project.kernels.distance_kernels.distance_kernels_struct load on device 'cuda:0' took 28.25 ms
Module pamo_safe_project.kernels.energy_kernels.collision_energy load on device 'cuda:0' took 106.54 ms
Module pamo_safe_project.kernels.ccd_kernels load on device 'cuda:0' took 27.57 ms
Module pamo_safe_project.kernels.energy_kernels.lb_curvature_energy load on device 'cuda:0' took 3.88 ms
Module pamo_safe_project.kernels.energy_kernels.contact_detection load on device 'cuda:0' took 21.03 ms
Module tangent_preserved_gpu load on device 'cuda:0' took 1.41 ms
Module robust_pt_gpu load on device 'cuda:0' took 6.14 ms
Module pamo_safe_project.kernels.energy_kernels.precision_collision_energy load on device 'cuda:0' took 96.17 ms
Module pamo_safe_project.kernels.precision_ccd_kernels load on device 'cuda:0' took 27.75 ms
Module robust_pt_gradient_gpu load on device 'cuda:0' took 5.88 ms
Module pamo_safe_project.kernels.energy_kernels.precision_gradient_collision_energy load on device 'cuda:0' took 84.01 ms
Module fixed_geometry_gpu load on device 'cuda:0' took 7.19 ms
Module pamo_safe_project.kernels.preserved_ccd load on device 'cuda:0' took 36.04 ms
