Warp 1.0.0-beta.2 initialized:
   CUDA Toolkit: 12.8, Driver: 13.2
   Devices:
     "cpu"    | x86_64
     "cuda:0" | NVIDIA GeForce RTX 4090 (sm_89)
   Kernel cache: /root/.cache/warp/1.0.0-beta.2
[33;20mWARNING - Triangle area is too small (min_area=8.644675637438899e-09), may cause numerical instability (system.py:213)[0m
Module pamo_safe_project.kernels.geometry_kernels load on device 'cuda:0' took 17.15 ms
Module pamo_safe_project.kernels.energy_kernels.elastic_energy load on device 'cuda:0' took 10.85 ms
Module pamo_safe_project.kernels.energy_kernels.hinge_energy load on device 'cuda:0' took 27.65 ms
Module pamo_safe_project.kernels.energy_kernels.contact_detection load on device 'cuda:0' took 16.07 ms
Module pamo_safe_project.kernels.energy_kernels.distance_energy load on device 'cuda:0' took 21.24 ms
Module pamo_safe_project.kernels.energy_kernels.collision_energy load on device 'cuda:0' took 71.13 ms
Module pamo_safe_project.kernels.utils_kernels load on device 'cuda:0' took 3.12 ms
Module locality_gpu load on device 'cuda:0' took 0.74 ms
Module pamo_safe_project.kernels.solver_kernels load on device 'cuda:0' took 2.52 ms
Module warp.utils load on device 'cuda:0' took 1.42 ms
Module pamo_safe_project.kernels.distance_kernels.grad_funcs load on device 'cuda:0' took 17.55 ms
Module pamo_safe_project.kernels.distance_kernels.hessian_funcs load on device 'cuda:0' took 74.95 ms
Module pamo_safe_project.kernels.distance_kernels.distance_kernels load on device 'cuda:0' took 102.99 ms
Module pamo_safe_project.kernels.distance_kernels.grad_funcs_struct load on device 'cuda:0' took 15.78 ms
Module pamo_safe_project.kernels.distance_kernels.distance_kernels_struct load on device 'cuda:0' took 17.41 ms
Module pamo_safe_project.kernels.ccd_kernels load on device 'cuda:0' took 21.46 ms
Module pamo_safe_project.kernels.energy_kernels.lb_curvature_energy load on device 'cuda:0' took 3.16 ms
{"quality_generation_ms": 30.7463388890028, "requested_edge_length_mm": 0.09765685226149547, "actual_edge_length_mm": 0.2901869474287314, "max_protected_edge_mm": 0.38182493082727814, "active_fraction": 0.29162833486660533, "input_faces": 2174, "output_faces": 2038, "fp64_restoration_max_mm": 0.0, "iterations": 3, "fixed_contract_before_projection": {"passed": true, "external_faces": 1540, "external_faces_retained": 1540, "missing_fixed_vertices": 0}, "safe_projection_ms": 902.7513479813933, "projection_fp64_restoration_max_mm": 1.307820125201061e-07, "collision_scope": "whole_mesh_author_energy_and_ccd", "fixed_contract": {"passed": true, "external_faces": 1540, "external_faces_retained": 1540, "missing_fixed_vertices": 0}, "method": "no_transition", "maintenance_ms": 2768.613467924297, "status": "pending_independent_audit"}
