Warp 1.0.0-beta.2 initialized:
   CUDA Toolkit: 12.8, Driver: 13.2
   Devices:
     "cpu"    | x86_64
     "cuda:0" | NVIDIA GeForce RTX 4080 SUPER (sm_89)
   Kernel cache: /root/.cache/warp/1.0.0-beta.2
[33;20mWARNING - Triangle area is too small (min_area=6.433328415707173e-16), may cause numerical instability (system.py:213)[0m
Module pamo_safe_project.kernels.geometry_kernels load on device 'cuda:0' took 26.22 ms
Module pamo_safe_project.kernels.energy_kernels.elastic_energy load on device 'cuda:0' took 20.88 ms
Module pamo_safe_project.kernels.energy_kernels.hinge_energy load on device 'cuda:0' took 53.56 ms
Module pamo_safe_project.kernels.energy_kernels.precision_contact_detection load on device 'cuda:0' took 30.93 ms
Module pamo_safe_project.kernels.energy_kernels.distance_energy load on device 'cuda:0' took 39.25 ms
Module pamo_safe_project.kernels.energy_kernels.preserved_collision_energy load on device 'cuda:0' took 120.18 ms
Module pamo_safe_project.kernels.utils_kernels load on device 'cuda:0' took 5.98 ms
Module tangent_plane_gpu load on device 'cuda:0' took 2.15 ms
Module locality_gpu load on device 'cuda:0' took 1.24 ms
Module pamo_safe_project.kernels.solver_kernels load on device 'cuda:0' took 5.32 ms
Module warp.utils load on device 'cuda:0' took 2.36 ms
Module pamo_safe_project.kernels.distance_kernels.grad_funcs load on device 'cuda:0' took 31.83 ms
Module pamo_safe_project.kernels.distance_kernels.hessian_funcs load on device 'cuda:0' took 139.50 ms
Module pamo_safe_project.kernels.distance_kernels.distance_kernels load on device 'cuda:0' took 193.68 ms
Module pamo_safe_project.kernels.distance_kernels.grad_funcs_struct load on device 'cuda:0' took 30.05 ms
Module pamo_safe_project.kernels.distance_kernels.distance_kernels_struct load on device 'cuda:0' took 33.20 ms
Module pamo_safe_project.kernels.energy_kernels.collision_energy load on device 'cuda:0' took 126.02 ms
Module pamo_safe_project.kernels.ccd_kernels load on device 'cuda:0' took 28.19 ms
Module pamo_safe_project.kernels.energy_kernels.lb_curvature_energy load on device 'cuda:0' took 3.69 ms
Module pamo_safe_project.kernels.energy_kernels.contact_detection load on device 'cuda:0' took 20.98 ms
Module tangent_preserved_gpu load on device 'cuda:0' took 1.42 ms
Module robust_pt_gpu load on device 'cuda:0' took 6.12 ms
Module pamo_safe_project.kernels.energy_kernels.precision_collision_energy load on device 'cuda:0' took 88.31 ms
Module pamo_safe_project.kernels.precision_ccd_kernels load on device 'cuda:0' took 26.58 ms
Module robust_pt_gradient_gpu load on device 'cuda:0' took 5.43 ms
Module pamo_safe_project.kernels.energy_kernels.precision_gradient_collision_energy load on device 'cuda:0' took 79.00 ms
Module fixed_geometry_gpu load on device 'cuda:0' took 6.25 ms
Module pamo_safe_project.kernels.preserved_ccd load on device 'cuda:0' took 31.40 ms
