[15:09:24] RXMesh: Total number of device: 1
[15:09:24] RXMesh: Using device Number: 0
[15:09:24] RXMesh: Device name: NVIDIA GeForce RTX 4080 SUPER
[15:09:24] RXMesh: Compute Capability: 8.9
[15:09:24] RXMesh: Total amount of global memory (MB): 32228.6
[15:09:24] RXMesh: 80 Multiprocessors, 128 CUDA Cores/MP: 10240 CUDA Cores
[15:09:24] RXMesh: Maximum # blocks per SM: 24
[15:09:24] RXMesh: ECC support: Disabled
[15:09:24] RXMesh: GPU Max Clock rate: 2550.0 MHz (2.55 GHz)
[15:09:24] RXMesh: Memory Clock rate: 11501.0 Mhz
[15:09:24] RXMesh: Memory Bus Width:  256-bit
[15:09:24] RXMesh: Peak Memory Bandwidth: 736.064000(GB/s)
[15:09:25] RXMesh: Kernels compiled for compute capability: 890
[15:09:25] RXMesh: Using cuSolver Version 11.7.3
[15:09:25] RXMesh: Using cuSparse Version 12.5.8
[15:09:25] RXMesh: Using cuBlas Version 12.8.4
[15:09:25] RXMesh: Reading /root/autodl-tmp/graduation_project/stage1/初步实验/CUDA真实骨面对照/强基线覆盖结果/20260908_132411/raw_2.obj
[15:09:25] RXMesh: import_obj() #vertices= 22514 
[15:09:25] RXMesh: import_obj() #faces= 45024 
[15:09:25] RXMesh: import_obj() #tex= 0 
[15:09:25] RXMesh: import_obj() #face_tex= 45024 
[15:09:25] RXMesh: import_obj() #normals = 0 
[15:09:25] RXMesh: import_obj() #face_normal= 45024 
[15:09:25] RXMesh: RXMeshStatic: mesh loading took= 16.759045 (ms)
[15:09:25] RXMesh: Patcher: num_patches = 133
[15:09:25] RXMesh: Patcher: patches_size = 512
[15:09:25] RXMesh: Patcher: num_components = 1
[15:09:25] RXMesh: Patcher: Num lloyd run = 10
[15:09:25] RXMesh: Patcher: Parallel patches construction time = 5.009408 (ms) and 0.5009408 (ms/lloyd_run)
[15:09:25] RXMesh: Patcher: max_patch_size= 737, min_patch_size= 247, avg_patch_size= 463
[15:09:25] RXMesh: Patcher: number external ribbon elements = 16581 (36.83%)
[15:09:25] RXMesh: RXMesh: Num colors = 16
[15:09:25] RXMesh: RXMesh: #Vertices = 22514, #Faces= 45024, #Edges= 67536, #Patches = 133
[15:09:25] RXMesh: RXMesh: Input is edge manifold
[15:09:25] RXMesh: RXMesh: Input is closed
[15:09:25] RXMesh: RXMesh: Input max valence = 16
[15:09:25] RXMesh: RXMesh: max edge incident faces = 2
[15:09:25] RXMesh: RXMesh: max face adjacent faces = 3
[15:09:25] RXMesh: RXMesh: per-patch maximum face count = 737
[15:09:25] RXMesh: RXMesh: per-patch maximum edge count = 1171
[15:09:25] RXMesh: RXMesh: per-patch maximum vertex count = 435
[15:09:25] RXMesh: RXMesh::init timings:
[15:09:25] RXMesh:   total = 87.77224 (ms)
[15:09:25] RXMesh:   build = 71.4621 (ms)
[15:09:25] RXMesh:   populate_patch_stash = 0.565916 (ms)
[15:09:25] RXMesh:   coloring = 0.209909 (ms)
[15:09:25] RXMesh:   build_device = 14.809624 (ms)
[15:09:25] RXMesh:   PatchScheduler = 0.050142 (ms)
[15:09:25] RXMesh:   compute_max_lp_capacity = 0.004872 (ms)
[15:09:25] RXMesh:   create_handles = 0.567215 (ms)
[15:09:25] RXMesh:   context.init = 0.065546 (ms)
[15:09:25] RXMesh: Input mesh #Vertices 22514
[15:09:25] RXMesh: Input mesh #Edges 67536
[15:09:25] RXMesh: Input mesh #Faces 45024
[15:09:25] RXMesh: Input mesh #Patches 133
[15:09:25] RXMesh: Input Stats: Avg Edge Length= 1.1728672, Max Edge Length= 10.112565, Min Edge Length= 6.792419e-05, Avg Vertex Valence= 5.999467, Max Vertex Valence= 16, Min Vertex Valence= 3
[15:09:25] RXMesh: Target edge length = 1.1728672
[15:09:25] RXMesh:  Edge Split -- iter 0
[15:09:25] RXMesh:  Edge Collapse -- iter 0
[15:09:25] RXMesh:  Edge Flip -- iter 0
[15:09:26] RXMesh:  Vertex Smoothing -- iter 0
[15:09:26] RXMesh: remesh_rxmesh() took 927.8107 (ms)
[15:09:26] RXMesh: Output mesh #Vertices 24738
[15:09:26] RXMesh: Output mesh #Edges 74208
[15:09:26] RXMesh: Output mesh #Faces 49472
[15:09:26] RXMesh: Output mesh #Patches 134
[15:09:26] RXMesh: Output Stats: Avg Edge Length= 1.136243, Max Edge Length= 4.8827004, Min Edge Length= 0.057599727, Avg Vertex Valence= 5.999515, Max Vertex Valence= 12, Min Vertex Valence= 3
[15:09:26] RXMesh: Split Total Time 243.18669 (ms)
[15:09:26] RXMesh: Collapse Total Time 390.74612 (ms)
[15:09:26] RXMesh: Flip Total Time 281.70343 (ms)
[15:09:26] RXMesh: Smooth Total Time 0.44032 (ms)
