Warp 1.0.0-beta.2 initialized:
   CUDA Toolkit: 12.8, Driver: 13.2
   Devices:
     "cpu"    | x86_64
     "cuda:0" | NVIDIA GeForce RTX 4080 SUPER (sm_89)
   Kernel cache: /root/.cache/warp/1.0.0-beta.2
[33;20mWARNING - Triangle area is too small (min_area=9.78641787756794e-14), may cause numerical instability (system.py:213)[0m
Module pamo_safe_project.kernels.geometry_kernels load on device 'cuda:0' took 30.12 ms
Module pamo_safe_project.kernels.energy_kernels.elastic_energy load on device 'cuda:0' took 20.92 ms
Module pamo_safe_project.kernels.energy_kernels.hinge_energy load on device 'cuda:0' took 51.24 ms
Module pamo_safe_project.kernels.energy_kernels.precision_contact_detection load on device 'cuda:0' took 28.99 ms
Module pamo_safe_project.kernels.energy_kernels.distance_energy load on device 'cuda:0' took 39.89 ms
Module pamo_safe_project.kernels.energy_kernels.precision_gradient_collision_energy load on device 'cuda:0' took 113.20 ms
Module pamo_safe_project.kernels.utils_kernels load on device 'cuda:0' took 5.77 ms
Module tangent_plane_gpu load on device 'cuda:0' took 2.15 ms
Module locality_gpu load on device 'cuda:0' took 1.33 ms
Module pamo_safe_project.kernels.solver_kernels load on device 'cuda:0' took 5.50 ms
Module warp.utils load on device 'cuda:0' took 2.47 ms
Module pamo_safe_project.kernels.distance_kernels.grad_funcs load on device 'cuda:0' took 32.49 ms
Module pamo_safe_project.kernels.distance_kernels.hessian_funcs load on device 'cuda:0' took 142.67 ms
Module pamo_safe_project.kernels.distance_kernels.distance_kernels load on device 'cuda:0' took 196.44 ms
Module pamo_safe_project.kernels.distance_kernels.grad_funcs_struct load on device 'cuda:0' took 30.15 ms
Module pamo_safe_project.kernels.distance_kernels.distance_kernels_struct load on device 'cuda:0' took 33.43 ms
Module pamo_safe_project.kernels.energy_kernels.collision_energy load on device 'cuda:0' took 135.24 ms
Module pamo_safe_project.kernels.ccd_kernels load on device 'cuda:0' took 39.79 ms
Module pamo_safe_project.kernels.energy_kernels.lb_curvature_energy load on device 'cuda:0' took 5.59 ms
Module pamo_safe_project.kernels.energy_kernels.contact_detection load on device 'cuda:0' took 29.74 ms
Module robust_pt_gpu load on device 'cuda:0' took 8.19 ms
Module pamo_safe_project.kernels.energy_kernels.precision_collision_energy load on device 'cuda:0' took 134.17 ms
Module pamo_safe_project.kernels.precision_ccd_kernels load on device 'cuda:0' took 38.65 ms
Module robust_pt_gradient_gpu load on device 'cuda:0' took 8.15 ms
