Warp 1.0.0-beta.2 initialized:
   CUDA Toolkit: 12.8, Driver: 13.2
   Devices:
     "cpu"    | x86_64
     "cuda:0" | NVIDIA GeForce RTX 4090 (sm_89)
   Kernel cache: /root/.cache/warp/1.0.0-beta.2
[33;20mWARNING - Triangle area is too small (min_area=2.1438446659062852e-13), may cause numerical instability (system.py:213)[0m
Module pamo_safe_project.kernels.geometry_kernels load on device 'cuda:0' took 16.74 ms
Module pamo_safe_project.kernels.energy_kernels.elastic_energy load on device 'cuda:0' took 10.96 ms
Module pamo_safe_project.kernels.energy_kernels.hinge_energy load on device 'cuda:0' took 26.34 ms
Module pamo_safe_project.kernels.energy_kernels.contact_detection load on device 'cuda:0' took 16.04 ms
Module pamo_safe_project.kernels.energy_kernels.distance_energy load on device 'cuda:0' took 21.16 ms
Module pamo_safe_project.kernels.energy_kernels.collision_energy load on device 'cuda:0' took 69.69 ms
Module pamo_safe_project.kernels.utils_kernels load on device 'cuda:0' took 3.22 ms
Module locality_gpu load on device 'cuda:0' took 1.44 ms
Module pamo_safe_project.kernels.solver_kernels load on device 'cuda:0' took 2.64 ms
Module warp.utils load on device 'cuda:0' took 1.34 ms
Module pamo_safe_project.kernels.distance_kernels.grad_funcs load on device 'cuda:0' took 16.89 ms
Module pamo_safe_project.kernels.distance_kernels.hessian_funcs load on device 'cuda:0' took 72.80 ms
Module pamo_safe_project.kernels.distance_kernels.distance_kernels load on device 'cuda:0' took 103.17 ms
Module pamo_safe_project.kernels.distance_kernels.grad_funcs_struct load on device 'cuda:0' took 15.76 ms
Module pamo_safe_project.kernels.distance_kernels.distance_kernels_struct load on device 'cuda:0' took 17.30 ms
Module pamo_safe_project.kernels.ccd_kernels load on device 'cuda:0' took 21.01 ms
Module pamo_safe_project.kernels.energy_kernels.lb_curvature_energy load on device 'cuda:0' took 3.14 ms
{"quality_generation_ms": 560.7535177841783, "requested_edge_length_mm": 0.16996766980538397, "actual_edge_length_mm": 0.16996766980538397, "max_protected_edge_mm": 0.1705047974476621, "active_fraction": 0.023072031973839585, "input_faces": 44036, "output_faces": 45918, "fp64_restoration_max_mm": 0.0, "iterations": 3, "fixed_contract_before_projection": {"passed": true, "external_faces": 43020, "external_faces_retained": 43020, "missing_fixed_vertices": 0}, "safe_projection_ms": 4361.691494472325, "projection_fp64_restoration_max_mm": 5.570336283186069e-06, "collision_scope": "whole_mesh_author_energy_and_ccd", "fixed_contract": {"passed": true, "external_faces": 43020, "external_faces_retained": 43020, "missing_fixed_vertices": 0}, "method": "boolean", "maintenance_ms": 8100.508697330952, "status": "pending_independent_audit"}
