[15:09:23] RXMesh: Total number of device: 1
[15:09:23] RXMesh: Using device Number: 0
[15:09:23] RXMesh: Device name: NVIDIA GeForce RTX 4080 SUPER
[15:09:23] RXMesh: Compute Capability: 8.9
[15:09:23] RXMesh: Total amount of global memory (MB): 32228.6
[15:09:23] RXMesh: 80 Multiprocessors, 128 CUDA Cores/MP: 10240 CUDA Cores
[15:09:23] RXMesh: Maximum # blocks per SM: 24
[15:09:23] RXMesh: ECC support: Disabled
[15:09:23] RXMesh: GPU Max Clock rate: 2550.0 MHz (2.55 GHz)
[15:09:23] RXMesh: Memory Clock rate: 11501.0 Mhz
[15:09:23] RXMesh: Memory Bus Width:  256-bit
[15:09:23] RXMesh: Peak Memory Bandwidth: 736.064000(GB/s)
[15:09:23] RXMesh: Kernels compiled for compute capability: 890
[15:09:23] RXMesh: Using cuSolver Version 11.7.3
[15:09:23] RXMesh: Using cuSparse Version 12.5.8
[15:09:23] RXMesh: Using cuBlas Version 12.8.4
[15:09:23] RXMesh: Reading /root/autodl-tmp/graduation_project/stage1/初步实验/CUDA真实骨面对照/强基线覆盖结果/20260908_132411/initial.obj
[15:09:23] RXMesh: import_obj() #vertices= 22429 
[15:09:23] RXMesh: import_obj() #faces= 44694 
[15:09:23] RXMesh: import_obj() #tex= 0 
[15:09:23] RXMesh: import_obj() #face_tex= 44694 
[15:09:23] RXMesh: import_obj() #normals = 0 
[15:09:23] RXMesh: import_obj() #face_normal= 44694 
[15:09:23] RXMesh: RXMeshStatic: mesh loading took= 16.762175 (ms)
[15:09:23] RXMesh: Patcher: num_patches = 133
[15:09:23] RXMesh: Patcher: patches_size = 512
[15:09:23] RXMesh: Patcher: num_components = 1
[15:09:23] RXMesh: Patcher: Num lloyd run = 10
[15:09:23] RXMesh: Patcher: Parallel patches construction time = 4.98688 (ms) and 0.49868798 (ms/lloyd_run)
[15:09:23] RXMesh: Patcher: max_patch_size= 708, min_patch_size= 240, avg_patch_size= 461
[15:09:23] RXMesh: Patcher: number external ribbon elements = 16619 (37.18%)
[15:09:23] RXMesh: RXMesh: Num colors = 14
[15:09:23] RXMesh: RXMesh: #Vertices = 22429, #Faces= 44694, #Edges= 67041, #Patches = 133
[15:09:23] RXMesh: RXMesh: Input is edge manifold
[15:09:23] RXMesh: RXMesh: Input is closed
[15:09:23] RXMesh: RXMesh: Input max valence = 12
[15:09:23] RXMesh: RXMesh: max edge incident faces = 2
[15:09:23] RXMesh: RXMesh: max face adjacent faces = 3
[15:09:23] RXMesh: RXMesh: per-patch maximum face count = 708
[15:09:23] RXMesh: RXMesh: per-patch maximum edge count = 1122
[15:09:23] RXMesh: RXMesh: per-patch maximum vertex count = 415
[15:09:23] RXMesh: RXMesh::init timings:
[15:09:23] RXMesh:   total = 81.17418 (ms)
[15:09:23] RXMesh:   build = 62.301723 (ms)
[15:09:23] RXMesh:   populate_patch_stash = 0.574617 (ms)
[15:09:23] RXMesh:   coloring = 0.206458 (ms)
[15:09:23] RXMesh:   build_device = 17.339596 (ms)
[15:09:23] RXMesh:   PatchScheduler = 0.051144 (ms)
[15:09:23] RXMesh:   compute_max_lp_capacity = 0.007696 (ms)
[15:09:23] RXMesh:   create_handles = 0.580296 (ms)
[15:09:23] RXMesh:   context.init = 0.065638 (ms)
[15:09:23] RXMesh: Input mesh #Vertices 22429
[15:09:23] RXMesh: Input mesh #Edges 67041
[15:09:23] RXMesh: Input mesh #Faces 44694
[15:09:23] RXMesh: Input mesh #Patches 133
[15:09:23] RXMesh: Input Stats: Avg Edge Length= 1.177422, Max Edge Length= 10.112565, Min Edge Length= 9.15577e-05, Avg Vertex Valence= 5.978064, Max Vertex Valence= 12, Min Vertex Valence= 3
[15:09:23] RXMesh: Target edge length = 1.177422
[15:09:23] RXMesh:  Edge Split -- iter 0
[15:09:23] RXMesh:  Edge Collapse -- iter 0
[15:09:24] RXMesh:  Edge Flip -- iter 0
[15:09:24] RXMesh:  Vertex Smoothing -- iter 0
[15:09:24] RXMesh: remesh_rxmesh() took 904.53955 (ms)
[15:09:24] RXMesh: Output mesh #Vertices 24550
[15:09:24] RXMesh: Output mesh #Edges 73644
[15:09:24] RXMesh: Output mesh #Faces 49096
[15:09:24] RXMesh: Output mesh #Patches 135
[15:09:24] RXMesh: Output Stats: Avg Edge Length= 1.1414577, Max Edge Length= 4.4737887, Min Edge Length= 0.078183204, Avg Vertex Valence= 5.9995112, Max Vertex Valence= 13, Min Vertex Valence= 3
[15:09:24] RXMesh: Split Total Time 253.83731 (ms)
[15:09:24] RXMesh: Collapse Total Time 370.96756 (ms)
[15:09:24] RXMesh: Flip Total Time 267.07355 (ms)
[15:09:24] RXMesh: Smooth Total Time 0.44544 (ms)
