o-[Process     ] Max used threads = 4
o-[I/O         ] Loading file /tmp/geogram_native_quality_20261006_18/inputs/07_parent.obj...
o-[I/O         ] (FP64) nb_v:2304 nb_e:0 nb_f:4608 nb_b:0 tri:1 dim:3
o-[I/O         ] Attributes on vertices: point[3]
o-[I/O         ] Loading file /tmp/geogram_native_quality_20261006_18/inputs/07_tool.obj...
o-[I/O         ] (FP64) nb_v:642 nb_e:0 nb_f:1280 nb_b:0 tri:1 dim:3
o-[I/O         ] Attributes on vertices: point[3]
NATIVE_QUALITY_REGION {"group":3617,"boundary_attempt":false,"point_budget":64,"source_facets":12,"boundary_points":14,"new_points":4,"boundary_unchanged":true,"before_bad":11,"after_score_computed":true,"after_bad":4,"after_valid":true,"before_bad_area":0.00214024,"after_bad_area":0.000719386,"selected":true}
NATIVE_QUALITY_REGION {"group":3642,"boundary_attempt":false,"point_budget":64,"source_facets":12,"boundary_points":14,"new_points":8,"boundary_unchanged":true,"before_bad":11,"after_score_computed":true,"after_bad":4,"after_valid":true,"before_bad_area":0.000525079,"after_bad_area":0.00179987,"selected":false}
NATIVE_QUALITY_REGION {"group":3642,"boundary_attempt":true,"point_budget":128,"source_facets":12,"boundary_points":14,"new_points":21,"boundary_unchanged":true,"before_bad":11,"after_score_computed":true,"after_bad":0,"after_valid":true,"before_bad_area":0.000525079,"after_bad_area":0,"selected":true}
NATIVE_QUALITY_REGION {"group":3643,"boundary_attempt":false,"point_budget":64,"source_facets":11,"boundary_points":13,"new_points":12,"boundary_unchanged":true,"before_bad":9,"after_score_computed":true,"after_bad":5,"after_valid":true,"before_bad_area":0.000542641,"after_bad_area":0.00201945,"selected":false}
NATIVE_QUALITY_REGION {"group":3643,"boundary_attempt":true,"point_budget":128,"source_facets":11,"boundary_points":13,"new_points":18,"boundary_unchanged":true,"before_bad":9,"after_score_computed":true,"after_bad":0,"after_valid":true,"before_bad_area":0.000542641,"after_bad_area":0,"selected":true}
NATIVE_QUALITY_REGION {"group":3644,"boundary_attempt":false,"point_budget":64,"source_facets":16,"boundary_points":18,"new_points":16,"boundary_unchanged":true,"before_bad":14,"after_score_computed":true,"after_bad":8,"after_valid":true,"before_bad_area":0.00220523,"after_bad_area":0.00217695,"selected":true}
NATIVE_QUALITY_REGION {"group":3686,"boundary_attempt":false,"point_budget":64,"source_facets":2,"boundary_points":4,"new_points":0,"boundary_unchanged":true,"before_bad":1,"after_score_computed":true,"after_bad":1,"after_valid":true,"before_bad_area":1.05678e-06,"after_bad_area":1.05678e-06,"selected":false}
NATIVE_QUALITY_REGION {"group":3686,"boundary_attempt":true,"point_budget":128,"source_facets":2,"boundary_points":4,"new_points":5,"boundary_unchanged":true,"before_bad":1,"after_score_computed":true,"after_bad":0,"after_valid":true,"before_bad_area":1.05678e-06,"after_bad_area":0,"selected":true}
NATIVE_QUALITY_REGION {"group":3690,"boundary_attempt":false,"point_budget":64,"source_facets":3,"boundary_points":5,"new_points":0,"boundary_unchanged":true,"before_bad":1,"after_score_computed":true,"after_bad":1,"after_valid":true,"before_bad_area":1.8024e-06,"after_bad_area":1.8024e-06,"selected":false}
NATIVE_QUALITY_REGION {"group":3700,"boundary_attempt":false,"point_budget":64,"source_facets":3,"boundary_points":5,"new_points":0,"boundary_unchanged":true,"before_bad":1,"after_score_computed":true,"after_bad":1,"after_valid":true,"before_bad_area":1.37666e-06,"after_bad_area":1.37666e-06,"selected":false}
NATIVE_QUALITY_REGION {"group":3709,"boundary_attempt":false,"point_budget":64,"source_facets":3,"boundary_points":5,"new_points":0,"boundary_unchanged":true,"before_bad":1,"after_score_computed":true,"after_bad":1,"after_valid":true,"before_bad_area":2.11787e-06,"after_bad_area":2.11787e-06,"selected":false}
o-[QualityBoundary] shared_edges=972 before_bad=1768 after_bad=32 before_area=0.858082 after_area=0.00421325 accepted=1
o-[FloatEdge   ] contracted_zero_length_edges=0 contracted_machine_new_edges=1 max_length=1.04083e-17
NATIVE_RESULT {"load_ms":3.814092,"boolean_ms":299.38401699999997,"save_ms":42.770473000000003,"faces":45978,"vertices":22989,"simplify":true}
