Warp 1.0.0-beta.2 initialized:
   CUDA Toolkit: 12.8, Driver: 13.2
   Devices:
     "cpu"    | x86_64
     "cuda:0" | NVIDIA GeForce RTX 4090 (sm_89)
   Kernel cache: /root/.cache/warp/1.0.0-beta.2
Module pamo_safe_project.kernels.geometry_kernels load on device 'cuda:0' took 17.30 ms
Module pamo_safe_project.kernels.energy_kernels.elastic_energy load on device 'cuda:0' took 12.07 ms
Module pamo_safe_project.kernels.energy_kernels.hinge_energy load on device 'cuda:0' took 27.03 ms
Module pamo_safe_project.kernels.energy_kernels.contact_detection load on device 'cuda:0' took 16.25 ms
Module pamo_safe_project.kernels.energy_kernels.distance_energy load on device 'cuda:0' took 21.52 ms
Module pamo_safe_project.kernels.energy_kernels.collision_energy load on device 'cuda:0' took 72.13 ms
Module pamo_safe_project.kernels.utils_kernels load on device 'cuda:0' took 3.21 ms
Module locality_gpu load on device 'cuda:0' took 0.80 ms
Module pamo_safe_project.kernels.solver_kernels load on device 'cuda:0' took 2.55 ms
Module warp.utils load on device 'cuda:0' took 1.44 ms
Module pamo_safe_project.kernels.distance_kernels.grad_funcs load on device 'cuda:0' took 18.18 ms
Module pamo_safe_project.kernels.distance_kernels.hessian_funcs load on device 'cuda:0' took 73.26 ms
Module pamo_safe_project.kernels.distance_kernels.distance_kernels load on device 'cuda:0' took 104.75 ms
Module pamo_safe_project.kernels.distance_kernels.grad_funcs_struct load on device 'cuda:0' took 16.21 ms
Module pamo_safe_project.kernels.distance_kernels.distance_kernels_struct load on device 'cuda:0' took 17.73 ms
Module pamo_safe_project.kernels.ccd_kernels load on device 'cuda:0' took 21.82 ms
Module pamo_safe_project.kernels.energy_kernels.lb_curvature_energy load on device 'cuda:0' took 3.17 ms
{"quality_generation_ms": 211.49839740246534, "requested_edge_length_mm": 0.09679822148301738, "actual_edge_length_mm": 0.21835855543758287, "max_protected_edge_mm": 0.28731388873366165, "active_fraction": 0.05324157913799348, "input_faces": 5522, "output_faces": 5454, "fp64_restoration_max_mm": 0.0, "iterations": 3, "fixed_contract_before_projection": {"passed": true, "external_faces": 5228, "external_faces_retained": 5228, "missing_fixed_vertices": 0}, "safe_projection_ms": 930.7551495730877, "projection_fp64_restoration_max_mm": 1.5323044831342746e-07, "collision_scope": "whole_mesh_author_energy_and_ccd", "fixed_contract": {"passed": true, "external_faces": 5228, "external_faces_retained": 5228, "missing_fixed_vertices": 0}, "method": "boolean", "maintenance_ms": 3103.8791900500655, "status": "pending_independent_audit"}
