Warp 1.0.0-beta.2 initialized:
   CUDA Toolkit: 12.8, Driver: 13.2
   Devices:
     "cpu"    | x86_64
     "cuda:0" | NVIDIA GeForce RTX 4090 (sm_89)
   Kernel cache: /root/.cache/warp/1.0.0-beta.2
[33;20mWARNING - Triangle area is too small (min_area=4.5712646954459266e-09), may cause numerical instability (system.py:213)[0m
Module pamo_safe_project.kernels.geometry_kernels load on device 'cuda:0' took 18.20 ms
Module pamo_safe_project.kernels.energy_kernels.elastic_energy load on device 'cuda:0' took 10.74 ms
Module pamo_safe_project.kernels.energy_kernels.hinge_energy load on device 'cuda:0' took 26.22 ms
Module pamo_safe_project.kernels.energy_kernels.contact_detection load on device 'cuda:0' took 15.97 ms
Module pamo_safe_project.kernels.energy_kernels.distance_energy load on device 'cuda:0' took 20.99 ms
Module pamo_safe_project.kernels.energy_kernels.collision_energy load on device 'cuda:0' took 71.29 ms
Module pamo_safe_project.kernels.utils_kernels load on device 'cuda:0' took 3.13 ms
Module locality_gpu load on device 'cuda:0' took 0.74 ms
Module pamo_safe_project.kernels.solver_kernels load on device 'cuda:0' took 2.55 ms
Module warp.utils load on device 'cuda:0' took 1.37 ms
Module pamo_safe_project.kernels.distance_kernels.grad_funcs load on device 'cuda:0' took 16.63 ms
Module pamo_safe_project.kernels.distance_kernels.hessian_funcs load on device 'cuda:0' took 72.17 ms
Module pamo_safe_project.kernels.distance_kernels.distance_kernels load on device 'cuda:0' took 102.23 ms
Module pamo_safe_project.kernels.distance_kernels.grad_funcs_struct load on device 'cuda:0' took 16.01 ms
Module pamo_safe_project.kernels.distance_kernels.distance_kernels_struct load on device 'cuda:0' took 17.31 ms
Module pamo_safe_project.kernels.ccd_kernels load on device 'cuda:0' took 21.43 ms
Module pamo_safe_project.kernels.energy_kernels.lb_curvature_energy load on device 'cuda:0' took 3.18 ms
{"quality_generation_ms": 24.55252129584551, "requested_edge_length_mm": 0.1001723031151933, "actual_edge_length_mm": 0.31512050671498326, "max_protected_edge_mm": 0.41463224567760953, "active_fraction": 0.35557083906464926, "input_faces": 1454, "output_faces": 1338, "fp64_restoration_max_mm": 0.0, "iterations": 3, "fixed_contract_before_projection": {"passed": false, "external_faces": 937, "external_faces_retained": 926, "missing_fixed_vertices": 1}, "safe_projection_ms": 877.7014976367354, "projection_fp64_restoration_max_mm": 1.2647242599305333e-07, "collision_scope": "whole_mesh_author_energy_and_ccd", "fixed_contract": {"passed": false, "external_faces": 937, "external_faces_retained": 878, "missing_fixed_vertices": 25}, "method": "no_boundary", "maintenance_ms": 2629.0754228830338, "status": "pending_independent_audit"}
