Stage1 :  True
Stage3 :  True
Warp 1.0.0-beta.2 initialized:
   CUDA Toolkit: 12.8, Driver: 13.2
   Devices:
     "cpu"    | x86_64
     "cuda:0" | NVIDIA GeForce RTX 4090 (sm_89)
   Kernel cache: /root/.cache/warp/1.0.0-beta.2
Target faces : 1682
Time for Remeshing: 0.07189655303955078 sec
Time for Simplification: 0.9604430198669434 sec
Module pamo_safe_project.kernels.geometry_kernels load on device 'cuda:0' took 12.10 ms
Module pamo_safe_project.kernels.energy_kernels.elastic_energy load on device 'cuda:0' took 10.76 ms
Module pamo_safe_project.kernels.energy_kernels.hinge_energy load on device 'cuda:0' took 26.21 ms
Module pamo_safe_project.kernels.energy_kernels.contact_detection load on device 'cuda:0' took 16.51 ms
Module pamo_safe_project.kernels.energy_kernels.distance_energy load on device 'cuda:0' took 21.16 ms
Module pamo_safe_project.kernels.energy_kernels.collision_energy load on device 'cuda:0' took 71.02 ms
Module pamo_safe_project.kernels.utils_kernels load on device 'cuda:0' took 3.36 ms
Module pamo_safe_project.kernels.solver_kernels load on device 'cuda:0' took 2.73 ms
Module warp.utils load on device 'cuda:0' took 1.49 ms
Module pamo_safe_project.kernels.distance_kernels.grad_funcs load on device 'cuda:0' took 17.65 ms
Module pamo_safe_project.kernels.distance_kernels.hessian_funcs load on device 'cuda:0' took 73.39 ms
Module pamo_safe_project.kernels.distance_kernels.distance_kernels load on device 'cuda:0' took 103.29 ms
Module pamo_safe_project.kernels.distance_kernels.grad_funcs_struct load on device 'cuda:0' took 16.14 ms
Module pamo_safe_project.kernels.distance_kernels.distance_kernels_struct load on device 'cuda:0' took 17.47 ms
Module pamo_safe_project.kernels.ccd_kernels load on device 'cuda:0' took 21.22 ms
Module pamo_safe_project.kernels.energy_kernels.lb_curvature_energy load on device 'cuda:0' took 3.22 ms
Module locality_gpu load on device 'cuda:0' took 0.77 ms
{"pamo_run_ms": 1961.8500536307693, "stage1": "original", "method": "full", "maintenance_ms": 3798.4000258147717, "status": "pending_independent_audit"}
