Stage1 :  True
Stage3 :  True
{"original_config_sha256": "df1eb24db57394c32e31f6d67a58cd7ef6c25febc11aff39c5e9503ee82d6390", "max_blocks": 67108864}
Warp 1.0.0-beta.2 initialized:
   CUDA Toolkit: 12.8, Driver: 13.2
   Devices:
     "cpu"    | x86_64
     "cuda:0" | NVIDIA GeForce RTX 4080 SUPER (sm_89)
   Kernel cache: /root/.cache/warp/1.0.0-beta.2
Target faces : 4146
Time for Remeshing: 0.10908317565917969 sec
Time for Simplification: 0.1653749942779541 sec
Module pamo_safe_project.kernels.geometry_kernels load on device 'cuda:0' took 24.73 ms
Module pamo_safe_project.kernels.energy_kernels.elastic_energy load on device 'cuda:0' took 136.63 ms
Module pamo_safe_project.kernels.energy_kernels.hinge_energy load on device 'cuda:0' took 52.57 ms
Module pamo_safe_project.kernels.energy_kernels.contact_detection load on device 'cuda:0' took 30.82 ms
Module pamo_safe_project.kernels.energy_kernels.distance_energy load on device 'cuda:0' took 40.92 ms
Module pamo_safe_project.kernels.energy_kernels.collision_energy load on device 'cuda:0' took 137.61 ms
Module pamo_safe_project.kernels.utils_kernels load on device 'cuda:0' took 6.00 ms
Module pamo_safe_project.kernels.solver_kernels load on device 'cuda:0' took 4.94 ms
Module warp.utils load on device 'cuda:0' took 2.50 ms
Module pamo_safe_project.kernels.distance_kernels.grad_funcs load on device 'cuda:0' took 34.42 ms
Module pamo_safe_project.kernels.distance_kernels.hessian_funcs load on device 'cuda:0' took 142.24 ms
Module pamo_safe_project.kernels.distance_kernels.distance_kernels load on device 'cuda:0' took 201.67 ms
Module pamo_safe_project.kernels.distance_kernels.grad_funcs_struct load on device 'cuda:0' took 30.90 ms
Module pamo_safe_project.kernels.distance_kernels.distance_kernels_struct load on device 'cuda:0' took 34.09 ms
Module pamo_safe_project.kernels.ccd_kernels load on device 'cuda:0' took 41.42 ms
Module pamo_safe_project.kernels.energy_kernels.lb_curvature_energy load on device 'cuda:0' took 5.97 ms
Module locality_gpu load on device 'cuda:0' took 1.36 ms
{"pamo_run_ms": 2037.373211234808, "stage1": "original", "method": "full", "maintenance_ms": 2405.866289511323, "status": "pending_independent_audit"}
