Warp 1.0.0-beta.2 initialized:
   CUDA Toolkit: 12.8, Driver: 13.2
   Devices:
     "cpu"    | x86_64
     "cuda:0" | NVIDIA GeForce RTX 4090 (sm_89)
   Kernel cache: /root/.cache/warp/1.0.0-beta.2
[33;20mWARNING - Triangle area is too small (min_area=2.922951574383502e-16), may cause numerical instability (system.py:213)[0m
Module pamo_safe_project.kernels.geometry_kernels load on device 'cuda:0' took 18.56 ms
Module pamo_safe_project.kernels.energy_kernels.elastic_energy load on device 'cuda:0' took 12.29 ms
Module pamo_safe_project.kernels.energy_kernels.hinge_energy load on device 'cuda:0' took 26.49 ms
Module pamo_safe_project.kernels.energy_kernels.contact_detection load on device 'cuda:0' took 16.87 ms
[33;20mWARNING - Number of contacts (33554743) exceeds max_blocks (33554432) (energy.py:943)[0m
[34;20mINFO - Retrying with smaller detection radius: 0.005 (energy.py:947)[0m
Module pamo_safe_project.kernels.energy_kernels.distance_energy load on device 'cuda:0' took 21.38 ms
Module pamo_safe_project.kernels.energy_kernels.collision_energy load on device 'cuda:0' took 70.44 ms
Module pamo_safe_project.kernels.utils_kernels load on device 'cuda:0' took 3.25 ms
Module locality_gpu load on device 'cuda:0' took 1.57 ms
Module pamo_safe_project.kernels.solver_kernels load on device 'cuda:0' took 2.59 ms
Module warp.utils load on device 'cuda:0' took 1.34 ms
Module pamo_safe_project.kernels.distance_kernels.grad_funcs load on device 'cuda:0' took 17.75 ms
Module pamo_safe_project.kernels.distance_kernels.hessian_funcs load on device 'cuda:0' took 72.20 ms
Module pamo_safe_project.kernels.distance_kernels.distance_kernels load on device 'cuda:0' took 102.60 ms
Module pamo_safe_project.kernels.distance_kernels.grad_funcs_struct load on device 'cuda:0' took 15.87 ms
Module pamo_safe_project.kernels.distance_kernels.distance_kernels_struct load on device 'cuda:0' took 17.54 ms
Module pamo_safe_project.kernels.ccd_kernels load on device 'cuda:0' took 21.03 ms
Module pamo_safe_project.kernels.energy_kernels.lb_curvature_energy load on device 'cuda:0' took 3.13 ms
{"quality_generation_ms": 572.4253207445145, "requested_edge_length_mm": 0.15131107339939942, "actual_edge_length_mm": 0.15892924678387152, "max_protected_edge_mm": 0.2091174299787783, "active_fraction": 0.02748125275694751, "input_faces": 45340, "output_faces": 46510, "fp64_restoration_max_mm": 0.0, "iterations": 3, "fixed_contract_before_projection": {"passed": true, "external_faces": 44094, "external_faces_retained": 44094, "missing_fixed_vertices": 0}, "safe_projection_ms": 3001.237664371729, "projection_fp64_restoration_max_mm": 5.779955595674258e-06, "collision_scope": "whole_mesh_author_energy_and_ccd", "fixed_contract": {"passed": true, "external_faces": 44094, "external_faces_retained": 44094, "missing_fixed_vertices": 0}, "method": "expanded", "maintenance_ms": 6920.458952896297, "status": "pending_independent_audit"}
