Stage1 :  True
Stage3 :  True
Warp 1.0.0-beta.2 initialized:
   CUDA Toolkit: 12.8, Driver: 13.2
   Devices:
     "cpu"    | x86_64
     "cuda:0" | NVIDIA GeForce RTX 4090 (sm_89)
   Kernel cache: /root/.cache/warp/1.0.0-beta.2
Target faces : 2362
Time for Remeshing: 0.20539355278015137 sec
Time for Simplification: 1.4043796062469482 sec
Module pamo_safe_project.kernels.geometry_kernels load on device 'cuda:0' took 13.01 ms
Module pamo_safe_project.kernels.energy_kernels.elastic_energy load on device 'cuda:0' took 98.70 ms
Module pamo_safe_project.kernels.energy_kernels.hinge_energy load on device 'cuda:0' took 106.67 ms
Module pamo_safe_project.kernels.energy_kernels.contact_detection load on device 'cuda:0' took 101.09 ms
Module pamo_safe_project.kernels.energy_kernels.distance_energy load on device 'cuda:0' took 103.77 ms
Module pamo_safe_project.kernels.energy_kernels.collision_energy load on device 'cuda:0' took 483.53 ms
Module pamo_safe_project.kernels.utils_kernels load on device 'cuda:0' took 3.20 ms
Module pamo_safe_project.kernels.solver_kernels load on device 'cuda:0' took 2.68 ms
Module warp.utils load on device 'cuda:0' took 1.46 ms
Module pamo_safe_project.kernels.distance_kernels.grad_funcs load on device 'cuda:0' took 95.14 ms
Module pamo_safe_project.kernels.distance_kernels.hessian_funcs load on device 'cuda:0' took 397.69 ms
Module pamo_safe_project.kernels.distance_kernels.distance_kernels load on device 'cuda:0' took 722.58 ms
Module pamo_safe_project.kernels.distance_kernels.grad_funcs_struct load on device 'cuda:0' took 99.57 ms
Module pamo_safe_project.kernels.distance_kernels.distance_kernels_struct load on device 'cuda:0' took 97.53 ms
Module pamo_safe_project.kernels.ccd_kernels load on device 'cuda:0' took 186.47 ms
Module pamo_safe_project.kernels.energy_kernels.lb_curvature_energy load on device 'cuda:0' took 3.26 ms
Module locality_gpu load on device 'cuda:0' took 0.74 ms
{"pamo_run_ms": 6703.710461035371, "stage1": "original", "method": "full", "maintenance_ms": 11806.20372761041, "status": "pending_independent_audit"}
