Stage1 :  True
Stage3 :  True
Warp 1.0.0-beta.2 initialized:
   CUDA Toolkit: 12.8, Driver: 13.2
   Devices:
     "cpu"    | x86_64
     "cuda:0" | NVIDIA GeForce RTX 4080 SUPER (sm_89)
   Kernel cache: /root/.cache/warp/1.0.0-beta.2
Target faces : 3868
Time for Remeshing: 0.18275237083435059 sec
Time for Simplification: 6.162435293197632 sec
Module pamo_safe_project.kernels.geometry_kernels load on device 'cuda:0' took 24.44 ms
Module pamo_safe_project.kernels.energy_kernels.elastic_energy load on device 'cuda:0' took 21.75 ms
Module pamo_safe_project.kernels.energy_kernels.hinge_energy load on device 'cuda:0' took 52.49 ms
Module pamo_safe_project.kernels.energy_kernels.contact_detection load on device 'cuda:0' took 36.34 ms
Module pamo_safe_project.kernels.energy_kernels.distance_energy load on device 'cuda:0' took 39.55 ms
Module pamo_safe_project.kernels.energy_kernels.collision_energy load on device 'cuda:0' took 136.29 ms
Module pamo_safe_project.kernels.utils_kernels load on device 'cuda:0' took 6.55 ms
Module pamo_safe_project.kernels.solver_kernels load on device 'cuda:0' took 6.53 ms
Module warp.utils load on device 'cuda:0' took 4.31 ms
Module pamo_safe_project.kernels.distance_kernels.grad_funcs load on device 'cuda:0' took 36.26 ms
Module pamo_safe_project.kernels.distance_kernels.hessian_funcs load on device 'cuda:0' took 149.07 ms
Module pamo_safe_project.kernels.distance_kernels.distance_kernels load on device 'cuda:0' took 206.76 ms
Module pamo_safe_project.kernels.distance_kernels.grad_funcs_struct load on device 'cuda:0' took 29.97 ms
Module pamo_safe_project.kernels.distance_kernels.distance_kernels_struct load on device 'cuda:0' took 32.76 ms
Module pamo_safe_project.kernels.ccd_kernels load on device 'cuda:0' took 39.73 ms
Module pamo_safe_project.kernels.energy_kernels.lb_curvature_energy load on device 'cuda:0' took 6.66 ms
Module locality_gpu load on device 'cuda:0' took 1.62 ms
{"pamo_run_ms": 7910.558940842748, "stage1": "original", "method": "full", "maintenance_ms": 10563.062196597457, "status": "pending_independent_audit"}
