Looking in indexes: http://mirrors.aliyun.com/pypi/simple
Collecting numpy==2.5.2 (from -r /root/autodl-tmp/graduation_project/cuda_stage0/requirements_stage1.txt (line 2))
  Downloading http://mirrors.aliyun.com/pypi/packages/3a/5f/62d28cf019460c7f1394105b4d49d9911a9c444cb77ab0bd95a204c5a6de/numpy-2.5.2-cp312-cp312-manylinux_2_27_x86_64.manylinux_2_28_x86_64.whl (16.7 MB)
     ━━━━━━━━━━━━━━━━━━━━━━━━━━━━━━━━━━━━━━━ 16.7/16.7 MB 815.6 kB/s eta 0:00:00
Collecting scipy==1.18.1 (from -r /root/autodl-tmp/graduation_project/cuda_stage0/requirements_stage1.txt (line 3))
  Downloading http://mirrors.aliyun.com/pypi/packages/df/64/ff35eb9e54894cf471ff4716abd3c81eb0a0626869217ce3e6ba4ccf17d7/scipy-1.18.1-cp312-cp312-manylinux_2_27_x86_64.manylinux_2_28_x86_64.whl (35.3 MB)
     ━━━━━━━━━━━━━━━━━━━━━━━━━━━━━━━━━━━━━━━ 35.3/35.3 MB 965.6 kB/s eta 0:00:00
Collecting trimesh==5.1.0 (from -r /root/autodl-tmp/graduation_project/cuda_stage0/requirements_stage1.txt (line 4))
  Downloading http://mirrors.aliyun.com/pypi/packages/f5/c8/5ede3b786ef58e0076e9ca748b2c1787183f85e5ad8133373715c31248f9/trimesh-5.1.0-py3-none-any.whl (750 kB)
     ━━━━━━━━━━━━━━━━━━━━━━━━━━━━━━━━━━━━━━━ 750.0/750.0 kB 1.2 MB/s eta 0:00:00
Collecting matplotlib==3.11.1 (from -r /root/autodl-tmp/graduation_project/cuda_stage0/requirements_stage1.txt (line 5))
  Downloading http://mirrors.aliyun.com/pypi/packages/c9/cf/b4ad2cc81b6672ea29ea04e64e350a9f9b493b0908ccd884c67eeff8f7b2/matplotlib-3.11.1-cp312-cp312-manylinux2014_x86_64.manylinux_2_17_x86_64.whl (10.0 MB)
     ━━━━━━━━━━━━━━━━━━━━━━━━━━━━━━━━━━━━━━━ 10.0/10.0 MB 990.4 kB/s eta 0:00:00
Collecting pillow==12.3.0 (from -r /root/autodl-tmp/graduation_project/cuda_stage0/requirements_stage1.txt (line 6))
  Downloading http://mirrors.aliyun.com/pypi/packages/84/21/a35af28dcc61f37ed850a2d64c65c701321dfbf25085e469d5559360cbbf/pillow-12.3.0-cp312-cp312-manylinux_2_27_x86_64.manylinux_2_28_x86_64.whl (6.9 MB)
     ━━━━━━━━━━━━━━━━━━━━━━━━━━━━━━━━━━━━━━━━ 6.9/6.9 MB 1.1 MB/s eta 0:00:00
Collecting rtree==1.4.1 (from -r /root/autodl-tmp/graduation_project/cuda_stage0/requirements_stage1.txt (line 7))
  Downloading http://mirrors.aliyun.com/pypi/packages/d1/75/e5d44be90525cd28503e7f836d077ae6663ec0687a13ba7810b4114b3668/rtree-1.4.1-py3-none-manylinux_2_24_x86_64.manylinux_2_28_x86_64.whl (507 kB)
     ━━━━━━━━━━━━━━━━━━━━━━━━━━━━━━━━━━━━━ 507.6/507.6 kB 977.6 kB/s eta 0:00:00
Collecting pymeshlab==2025.7.post1 (from -r /root/autodl-tmp/graduation_project/cuda_stage0/requirements_stage1.txt (line 8))
  Downloading http://mirrors.aliyun.com/pypi/packages/a3/4c/b0b1b5ad425acd80abcff4632f0241ca490c52ef9c48013d71f573680a2a/pymeshlab-2025.7.post1-cp312-cp312-manylinux_2_35_x86_64.whl (106.5 MB)
     ━━━━━━━━━━━━━━━━━━━━━━━━━━━━━━━━━━━━━━━ 106.5/106.5 MB 1.1 MB/s eta 0:00:00
Collecting triangle==20250106 (from -r /root/autodl-tmp/graduation_project/cuda_stage0/requirements_stage1.txt (line 9))
  Downloading http://mirrors.aliyun.com/pypi/packages/fa/93/ce4d0c46ff570993f4302ce55300dd310b7c957a8e66890ed00691229f5b/triangle-20250106-cp312-cp312-manylinux_2_17_x86_64.manylinux2014_x86_64.whl (2.1 MB)
     ━━━━━━━━━━━━━━━━━━━━━━━━━━━━━━━━━━━━━━━━ 2.1/2.1 MB 1.3 MB/s eta 0:00:00
Collecting cupy-cuda12x==13.6.0 (from -r /root/autodl-tmp/graduation_project/cuda_stage0/requirements_stage1.txt (line 10))
  Downloading http://mirrors.aliyun.com/pypi/packages/e0/95/d7e1295141e7d530674a3cc567e13ed0eb6b81524cb122d797ed996b5bea/cupy_cuda12x-13.6.0-cp312-cp312-manylinux2014_x86_64.whl (112.9 MB)
     ━━━━━━━━━━━━━━━━━━━━━━━━━━━━━━━━━━━━━━━ 112.9/112.9 MB 1.3 MB/s eta 0:00:00
Requirement already satisfied: contourpy>=1.0.1 in ./miniconda3/lib/python3.12/site-packages (from matplotlib==3.11.1->-r /root/autodl-tmp/graduation_project/cuda_stage0/requirements_stage1.txt (line 5)) (1.3.3)
Requirement already satisfied: cycler>=0.10 in ./miniconda3/lib/python3.12/site-packages (from matplotlib==3.11.1->-r /root/autodl-tmp/graduation_project/cuda_stage0/requirements_stage1.txt (line 5)) (0.12.1)
Requirement already satisfied: fonttools>=4.28.2 in ./miniconda3/lib/python3.12/site-packages (from matplotlib==3.11.1->-r /root/autodl-tmp/graduation_project/cuda_stage0/requirements_stage1.txt (line 5)) (4.59.0)
Requirement already satisfied: kiwisolver>=1.3.1 in ./miniconda3/lib/python3.12/site-packages (from matplotlib==3.11.1->-r /root/autodl-tmp/graduation_project/cuda_stage0/requirements_stage1.txt (line 5)) (1.4.8)
Requirement already satisfied: packaging>=20.0 in ./miniconda3/lib/python3.12/site-packages (from matplotlib==3.11.1->-r /root/autodl-tmp/graduation_project/cuda_stage0/requirements_stage1.txt (line 5)) (23.2)
Requirement already satisfied: pyparsing>=3 in ./miniconda3/lib/python3.12/site-packages (from matplotlib==3.11.1->-r /root/autodl-tmp/graduation_project/cuda_stage0/requirements_stage1.txt (line 5)) (3.2.3)
Requirement already satisfied: python-dateutil>=2.7 in ./miniconda3/lib/python3.12/site-packages (from matplotlib==3.11.1->-r /root/autodl-tmp/graduation_project/cuda_stage0/requirements_stage1.txt (line 5)) (2.9.0.post0)
Collecting fastrlock>=0.5 (from cupy-cuda12x==13.6.0->-r /root/autodl-tmp/graduation_project/cuda_stage0/requirements_stage1.txt (line 10))
  Downloading http://mirrors.aliyun.com/pypi/packages/80/07/cdecb7aa976f34328372f1c4efd6c9dc1b039b3cc8d3f38787d640009a25/fastrlock-0.8.3-cp312-cp312-manylinux_2_5_x86_64.manylinux1_x86_64.manylinux_2_28_x86_64.whl (53 kB)
     ━━━━━━━━━━━━━━━━━━━━━━━━━━━━━━━━━━━━━━━━ 53.9/53.9 kB 10.2 MB/s eta 0:00:00
Requirement already satisfied: six>=1.5 in ./miniconda3/lib/python3.12/site-packages (from python-dateutil>=2.7->matplotlib==3.11.1->-r /root/autodl-tmp/graduation_project/cuda_stage0/requirements_stage1.txt (line 5)) (1.17.0)
Installing collected packages: fastrlock, rtree, pillow, numpy, trimesh, triangle, scipy, pymeshlab, cupy-cuda12x, matplotlib
  Attempting uninstall: pillow
    Found existing installation: pillow 11.3.0
    Not uninstalling pillow at /root/miniconda3/lib/python3.12/site-packages, outside environment /root/autodl-tmp/graduation_project/venv
    Can't uninstall 'pillow'. No files were found to uninstall.
  Attempting uninstall: numpy
    Found existing installation: numpy 2.3.2
    Not uninstalling numpy at /root/miniconda3/lib/python3.12/site-packages, outside environment /root/autodl-tmp/graduation_project/venv
    Can't uninstall 'numpy'. No files were found to uninstall.
  Attempting uninstall: matplotlib
    Found existing installation: matplotlib 3.10.5
    Not uninstalling matplotlib at /root/miniconda3/lib/python3.12/site-packages, outside environment /root/autodl-tmp/graduation_project/venv
    Can't uninstall 'matplotlib'. No files were found to uninstall.
Successfully installed cupy-cuda12x-13.6.0 fastrlock-0.8.3 matplotlib-3.11.1 numpy-2.5.2 pillow-12.3.0 pymeshlab-2025.7.post1 rtree-1.4.1 scipy-1.18.1 triangle-20250106 trimesh-5.1.0

[notice] A new release of pip is available: 24.0 -> 26.2.1
[notice] To update, run: /root/autodl-tmp/graduation_project/venv/bin/python -m pip install --upgrade pip
