......
----------------------------------------------------------------------
Ran 6 tests in 0.003s

OK
......
----------------------------------------------------------------------
Ran 6 tests in 0.035s

OK
....
----------------------------------------------------------------------
Ran 4 tests in 0.013s

OK
.......
----------------------------------------------------------------------
Ran 7 tests in 0.017s

OK
......
----------------------------------------------------------------------
Ran 6 tests in 2.549s

OK
test_analytic (__main__.CudaTests.test_analytic) ... ok
test_bad_gpu_output_rolls_back (__main__.CudaTests.test_bad_gpu_output_rolls_back) ... ok
test_changed_faces (__main__.CudaTests.test_changed_faces) ... ok
test_resize_and_empty_history (__main__.CudaTests.test_resize_and_empty_history) ... ok

----------------------------------------------------------------------
Ran 4 tests in 4.321s

OK
step 1 True 25.92635114054054 0.09470902688721339
step 2 True 25.92635114054054 0.09470902688721339
step 3 True 25.92635114054054 0.09470902688721339
step 4 True 25.92635114054054 0.09470902688721339
step 5 True 25.92635114054054 0.09470902688721339
step 6 True 25.92635114054054 0.09470902688721339
step 7 True 25.92635114054054 0.09470902688721339
step 8 True 25.92635114054054 0.09470902688721339
step 9 True 25.92635114054054 0.09470902688721339
step 10 True 25.92635114054054 0.09470902688721339
step 11 True 25.92635114054054 0.09470902688721339
step 12 True 25.92635114054054 0.09470902688721339
step 13 True 25.92635114054054 0.09470902688721339
step 14 True 25.92635114054054 0.09470902688721339
step 15 True 25.92635114054054 0.09470902688721339
step 16 True 25.92635114054054 0.09470902688721339
step 1 True 25.92635114054054 0.09470902688721339
step 2 True 25.92635114054054 0.09470902688721339
step 3 True 25.92635114054054 0.09470902688721339
step 4 True 25.92635114054054 0.09470902688721339
step 5 True 25.92635114054054 0.09470902688721339
step 6 True 25.92635114054054 0.09470902688721339
step 7 True 25.92635114054054 0.09470902688721339
step 8 True 25.92635114054054 0.09470902688721339
step 9 True 25.92635114054054 0.09470902688721339
step 10 True 25.92635114054054 0.09470902688721339
step 11 True 25.92635114054054 0.09470902688721339
step 12 True 25.92635114054054 0.09470902688721339
step 13 True 25.92635114054054 0.09470902688721339
step 14 True 25.92635114054054 0.09470902688721339
step 15 True 25.92635114054054 0.09470902688721339
step 16 True 25.92635114054054 0.09470902688721339
step 1 True 25.92635114054054 0.09470902688721339
step 2 True 25.92635114054054 0.09470902688721339
step 3 True 25.92635114054054 0.09470902688721339
step 4 True 25.92635114054054 0.09470902688721339
step 5 True 25.92635114054054 0.09470902688721339
step 6 True 25.92635114054054 0.09470902688721339
step 7 True 25.92635114054054 0.09470902688721339
step 8 True 25.92635114054054 0.09470902688721339
step 9 True 25.92635114054054 0.09470902688721339
step 10 True 25.92635114054054 0.09470902688721339
step 11 True 25.92635114054054 0.09470902688721339
step 12 True 25.92635114054054 0.09470902688721339
step 13 True 25.92635114054054 0.09470902688721339
step 14 True 25.92635114054054 0.09470902688721339
step 15 True 25.92635114054054 0.09470902688721339
step 16 True 25.92635114054054 0.09470902688721339
step 1 True 25.92635114054054 0.09470902688721339
step 2 True 25.92635114054054 0.09470902688721339
step 3 True 25.92635114054054 0.09470902688721339
step 4 True 25.92635114054054 0.09470902688721339
step 5 True 25.92635114054054 0.09470902688721339
step 6 True 25.92635114054054 0.09470902688721339
step 7 True 25.92635114054054 0.09470902688721339
step 8 True 25.92635114054054 0.09470902688721339
step 9 True 25.92635114054054 0.09470902688721339
step 10 True 25.92635114054054 0.09470902688721339
step 11 True 25.92635114054054 0.09470902688721339
step 12 True 25.92635114054054 0.09470902688721339
step 13 True 25.92635114054054 0.09470902688721339
step 14 True 25.92635114054054 0.09470902688721339
step 15 True 25.92635114054054 0.09470902688721339
step 16 True 25.92635114054054 0.09470902688721339
step 1 True 25.92635114054054 0.09470902688721339
step 2 True 25.92635114054054 0.09470902688721339
step 3 True 25.92635114054054 0.09470902688721339
step 4 True 25.92635114054054 0.09470902688721339
step 5 True 25.92635114054054 0.09470902688721339
step 6 True 25.92635114054054 0.09470902688721339
step 7 True 25.92635114054054 0.09470902688721339
step 8 True 25.92635114054054 0.09470902688721339
step 9 True 25.92635114054054 0.09470902688721339
step 10 True 25.92635114054054 0.09470902688721339
step 11 True 25.92635114054054 0.09470902688721339
step 12 True 25.92635114054054 0.09470902688721339
step 13 True 25.92635114054054 0.09470902688721339
step 14 True 25.92635114054054 0.09470902688721339
step 15 True 25.92635114054054 0.09470902688721339
step 16 True 25.92635114054054 0.09470902688721339
step 1 True 25.92635114054054 0.09470902688721339
step 2 True 25.92635114054054 0.09470902688721339
step 3 True 25.92635114054054 0.09470902688721339
step 4 True 25.92635114054054 0.09470902688721339
step 5 True 25.92635114054054 0.09470902688721339
step 6 True 25.92635114054054 0.09470902688721339
step 7 True 25.92635114054054 0.09470902688721339
step 8 True 25.92635114054054 0.09470902688721339
step 9 True 25.92635114054054 0.09470902688721339
step 10 True 25.92635114054054 0.09470902688721339
step 11 True 25.92635114054054 0.09470902688721339
step 12 True 25.92635114054054 0.09470902688721339
step 13 True 25.92635114054054 0.09470902688721339
step 14 True 25.92635114054054 0.09470902688721339
step 15 True 25.92635114054054 0.09470902688721339
step 16 True 25.92635114054054 0.09470902688721339
/root/autodl-tmp/graduation_project/stage1/初步实验/局部区域重建阶段一/patch_model.py:56: RuntimeWarning: invalid value encountered in divide
  cosines = -np.sum(edges*np.roll(edges, 1, axis=1), axis=2)/np.sqrt(squared*np.roll(squared, 1, axis=1))
geogram_s2 1 43634 8711
/root/autodl-tmp/graduation_project/stage1/初步实验/局部区域重建阶段一/patch_model.py:55: RuntimeWarning: invalid value encountered in divide
  q = 2*np.sqrt(3)*area2/squared.sum(axis=1)
geogram_s2 2 43686 8834
geogram_s2 3 43748 8965
geogram_s2 4 43848 9143
geogram_s2 5 43988 9328
geogram_s2 6 44104 9504
geogram_s2 7 44292 9750
geogram_s2 8 44432 9945
geogram_s2 9 43586 9402
geogram_s2 10 43648 9457
geogram_s2 11 43738 9531
geogram_s2 12 43798 9583
geogram_s2 13 43552 9384
geogram_s2 14 43492 9377
geogram_s2 15 43480 9419
geogram_s2 16 43546 9553
geogram_s3 1 43868 8759
geogram_s3 2 43992 8903
geogram_s3 3 44132 9088
geogram_s3 4 44322 9306
geogram_s3 5 44518 9540
geogram_s3 6 44716 9766
geogram_s3 7 44860 9946
geogram_s3 8 45058 10151
geogram_s3 9 44292 9703
geogram_s3 10 44382 9785
geogram_s3 11 44478 9868
geogram_s3 12 44624 10002
geogram_s3 13 44256 9758
geogram_s3 14 44190 9730
geogram_s3 15 44268 9851
geogram_s3 16 44342 9987
/root/autodl-tmp/graduation_project/stage1/初步实验/CUDA真实骨面对照/实验结果/20260908_121340
