Stage1 :  True
Stage3 :  True
{"original_config_sha256": "df1eb24db57394c32e31f6d67a58cd7ef6c25febc11aff39c5e9503ee82d6390", "max_blocks": 67108864}
Warp 1.0.0-beta.2 initialized:
   CUDA Toolkit: 12.8, Driver: 13.2
   Devices:
     "cpu"    | x86_64
     "cuda:0" | NVIDIA GeForce RTX 4080 SUPER (sm_89)
   Kernel cache: /root/.cache/warp/1.0.0-beta.2
Target faces : 46924
Time for Remeshing: 0.08533573150634766 sec
Time for Simplification: 0.026561260223388672 sec
Module pamo_safe_project.kernels.geometry_kernels load on device 'cuda:0' took 23.77 ms
Module pamo_safe_project.kernels.energy_kernels.elastic_energy load on device 'cuda:0' took 90.01 ms
Module pamo_safe_project.kernels.energy_kernels.hinge_energy load on device 'cuda:0' took 52.37 ms
Module pamo_safe_project.kernels.energy_kernels.contact_detection load on device 'cuda:0' took 29.90 ms
Module pamo_safe_project.kernels.energy_kernels.distance_energy load on device 'cuda:0' took 39.79 ms
Module pamo_safe_project.kernels.energy_kernels.collision_energy load on device 'cuda:0' took 133.42 ms
Module pamo_safe_project.kernels.utils_kernels load on device 'cuda:0' took 5.76 ms
Module pamo_safe_project.kernels.solver_kernels load on device 'cuda:0' took 6.11 ms
Module warp.utils load on device 'cuda:0' took 2.31 ms
Module pamo_safe_project.kernels.distance_kernels.grad_funcs load on device 'cuda:0' took 33.08 ms
Module pamo_safe_project.kernels.distance_kernels.hessian_funcs load on device 'cuda:0' took 145.41 ms
Module pamo_safe_project.kernels.distance_kernels.distance_kernels load on device 'cuda:0' took 200.41 ms
Module pamo_safe_project.kernels.distance_kernels.grad_funcs_struct load on device 'cuda:0' took 30.65 ms
Module pamo_safe_project.kernels.distance_kernels.distance_kernels_struct load on device 'cuda:0' took 33.69 ms
Module pamo_safe_project.kernels.ccd_kernels load on device 'cuda:0' took 39.70 ms
Module pamo_safe_project.kernels.energy_kernels.lb_curvature_energy load on device 'cuda:0' took 5.50 ms
Module locality_gpu load on device 'cuda:0' took 1.20 ms
{"pamo_run_ms": 3776.0673873126507, "stage1": "original", "method": "full", "maintenance_ms": 4305.890373885632, "status": "pending_independent_audit"}
