Stage1 :  True
Stage3 :  True
Warp 1.0.0-beta.2 initialized:
   CUDA Toolkit: 12.8, Driver: 13.2
   Devices:
     "cpu"    | x86_64
     "cuda:0" | NVIDIA GeForce RTX 4090 (sm_89)
   Kernel cache: /root/.cache/warp/1.0.0-beta.2
Target faces : 28454
Time for Remeshing: 0.16513276100158691 sec
Time for Simplification: 0.6220171451568604 sec
Module pamo_safe_project.kernels.geometry_kernels load on device 'cuda:0' took 18.27 ms
Module pamo_safe_project.kernels.energy_kernels.elastic_energy load on device 'cuda:0' took 10.88 ms
Module pamo_safe_project.kernels.energy_kernels.hinge_energy load on device 'cuda:0' took 26.23 ms
Module pamo_safe_project.kernels.energy_kernels.contact_detection load on device 'cuda:0' took 24.60 ms
Module pamo_safe_project.kernels.energy_kernels.distance_energy load on device 'cuda:0' took 51.96 ms
Module pamo_safe_project.kernels.energy_kernels.collision_energy load on device 'cuda:0' took 175.13 ms
Module pamo_safe_project.kernels.utils_kernels load on device 'cuda:0' took 4.97 ms
Module pamo_safe_project.kernels.solver_kernels load on device 'cuda:0' took 4.81 ms
Module warp.utils load on device 'cuda:0' took 2.04 ms
Module pamo_safe_project.kernels.distance_kernels.grad_funcs load on device 'cuda:0' took 88.62 ms
Module pamo_safe_project.kernels.distance_kernels.hessian_funcs load on device 'cuda:0' took 115.75 ms
Module pamo_safe_project.kernels.distance_kernels.distance_kernels load on device 'cuda:0' took 284.56 ms
Module pamo_safe_project.kernels.distance_kernels.grad_funcs_struct load on device 'cuda:0' took 16.05 ms
Module pamo_safe_project.kernels.distance_kernels.distance_kernels_struct load on device 'cuda:0' took 17.45 ms
Module pamo_safe_project.kernels.ccd_kernels load on device 'cuda:0' took 29.26 ms
Module pamo_safe_project.kernels.energy_kernels.lb_curvature_energy load on device 'cuda:0' took 4.73 ms
Module locality_gpu load on device 'cuda:0' took 0.94 ms
