# of input verts : 544
# of input faces : 1084
Stage1 :  True
Stage3 :  True
Warp 1.0.0-beta.2 initialized:
   CUDA Toolkit: 12.8, Driver: 13.2
   Devices:
     "cpu"    | x86_64
     "cuda:0" | NVIDIA GeForce RTX 4090 (sm_89)
   Kernel cache: /root/.cache/warp/1.0.0-beta.2
Target faces : 1084
Time for Remeshing: 0.06468057632446289 sec
Time for Simplification: 0.40761303901672363 sec
Module pamo_safe_project.kernels.geometry_kernels load on device 'cuda:0' took 88.03 ms
Module pamo_safe_project.kernels.energy_kernels.elastic_energy load on device 'cuda:0' took 10.81 ms
Module pamo_safe_project.kernels.energy_kernels.hinge_energy load on device 'cuda:0' took 26.39 ms
Module pamo_safe_project.kernels.energy_kernels.contact_detection load on device 'cuda:0' took 15.88 ms
Module pamo_safe_project.kernels.energy_kernels.distance_energy load on device 'cuda:0' took 20.87 ms
Module pamo_safe_project.kernels.energy_kernels.collision_energy load on device 'cuda:0' took 70.30 ms
Module pamo_safe_project.kernels.utils_kernels load on device 'cuda:0' took 3.18 ms
Module pamo_safe_project.kernels.solver_kernels load on device 'cuda:0' took 2.66 ms
Module warp.utils load on device 'cuda:0' took 1.39 ms
Module pamo_safe_project.kernels.distance_kernels.grad_funcs load on device 'cuda:0' took 16.85 ms
Module pamo_safe_project.kernels.distance_kernels.hessian_funcs load on device 'cuda:0' took 72.93 ms
Module pamo_safe_project.kernels.distance_kernels.distance_kernels load on device 'cuda:0' took 103.68 ms
Module pamo_safe_project.kernels.distance_kernels.grad_funcs_struct load on device 'cuda:0' took 15.98 ms
Module pamo_safe_project.kernels.distance_kernels.distance_kernels_struct load on device 'cuda:0' took 17.47 ms
Module pamo_safe_project.kernels.ccd_kernels load on device 'cuda:0' took 21.79 ms
Module pamo_safe_project.kernels.energy_kernels.lb_curvature_energy load on device 'cuda:0' took 3.23 ms
Total time:  1.4406592845916748
# of output verts : 543
# of output faces : 1082
