Warp 1.0.0-beta.2 initialized:
   CUDA Toolkit: 12.8, Driver: 13.2
   Devices:
     "cpu"    | x86_64
     "cuda:0" | NVIDIA GeForce RTX 4080 SUPER (sm_89)
   Kernel cache: /root/.cache/warp/1.0.0-beta.2
[33;20mWARNING - Triangle area is too small (min_area=2.2444918494700057e-15), may cause numerical instability (system.py:213)[0m
Module pamo_safe_project.kernels.geometry_kernels load on device 'cuda:0' took 26.01 ms
Module pamo_safe_project.kernels.energy_kernels.elastic_energy load on device 'cuda:0' took 20.71 ms
Module pamo_safe_project.kernels.energy_kernels.hinge_energy load on device 'cuda:0' took 50.49 ms
Module pamo_safe_project.kernels.energy_kernels.precision_contact_detection load on device 'cuda:0' took 27.92 ms
Module pamo_safe_project.kernels.energy_kernels.distance_energy load on device 'cuda:0' took 39.28 ms
Module pamo_safe_project.kernels.energy_kernels.preserved_collision_energy load on device 'cuda:0' took 120.08 ms
Module pamo_safe_project.kernels.utils_kernels load on device 'cuda:0' took 6.01 ms
Module tangent_plane_gpu load on device 'cuda:0' took 2.19 ms
Module locality_gpu load on device 'cuda:0' took 1.17 ms
Module pamo_safe_project.kernels.solver_kernels load on device 'cuda:0' took 5.29 ms
Module warp.utils load on device 'cuda:0' took 2.32 ms
Module pamo_safe_project.kernels.distance_kernels.grad_funcs load on device 'cuda:0' took 31.87 ms
Module pamo_safe_project.kernels.distance_kernels.hessian_funcs load on device 'cuda:0' took 140.11 ms
Module pamo_safe_project.kernels.distance_kernels.distance_kernels load on device 'cuda:0' took 162.22 ms
Module pamo_safe_project.kernels.distance_kernels.grad_funcs_struct load on device 'cuda:0' took 22.23 ms
Module pamo_safe_project.kernels.distance_kernels.distance_kernels_struct load on device 'cuda:0' took 23.30 ms
Module pamo_safe_project.kernels.energy_kernels.collision_energy load on device 'cuda:0' took 97.65 ms
Module pamo_safe_project.kernels.ccd_kernels load on device 'cuda:0' took 27.13 ms
Module pamo_safe_project.kernels.energy_kernels.lb_curvature_energy load on device 'cuda:0' took 4.02 ms
Module pamo_safe_project.kernels.energy_kernels.contact_detection load on device 'cuda:0' took 21.56 ms
Module tangent_preserved_gpu load on device 'cuda:0' took 1.42 ms
Module robust_pt_gpu load on device 'cuda:0' took 5.42 ms
Module pamo_safe_project.kernels.energy_kernels.precision_collision_energy load on device 'cuda:0' took 92.73 ms
Module pamo_safe_project.kernels.precision_ccd_kernels load on device 'cuda:0' took 29.51 ms
Module robust_pt_gradient_gpu load on device 'cuda:0' took 6.06 ms
Module pamo_safe_project.kernels.energy_kernels.precision_gradient_collision_energy load on device 'cuda:0' took 89.63 ms
Module fixed_geometry_gpu load on device 'cuda:0' took 7.32 ms
Module pamo_safe_project.kernels.preserved_ccd load on device 'cuda:0' took 37.40 ms
