Stage1 :  True
Stage3 :  True
Warp 1.0.0-beta.2 initialized:
   CUDA Toolkit: 12.8, Driver: 13.2
   Devices:
     "cpu"    | x86_64
     "cuda:0" | NVIDIA GeForce RTX 4090 (sm_89)
   Kernel cache: /root/.cache/warp/1.0.0-beta.2
Target faces : 2312
Time for Remeshing: 0.3063778877258301 sec
Time for Simplification: 1.209115982055664 sec
Module pamo_safe_project.kernels.geometry_kernels load on device 'cuda:0' took 12.07 ms
Module pamo_safe_project.kernels.energy_kernels.elastic_energy load on device 'cuda:0' took 78.03 ms
Module pamo_safe_project.kernels.energy_kernels.hinge_energy load on device 'cuda:0' took 93.83 ms
Module pamo_safe_project.kernels.energy_kernels.contact_detection load on device 'cuda:0' took 16.01 ms
Module pamo_safe_project.kernels.energy_kernels.distance_energy load on device 'cuda:0' took 94.51 ms
Module pamo_safe_project.kernels.energy_kernels.collision_energy load on device 'cuda:0' took 311.62 ms
Module pamo_safe_project.kernels.utils_kernels load on device 'cuda:0' took 3.68 ms
Module pamo_safe_project.kernels.solver_kernels load on device 'cuda:0' took 4.94 ms
Module warp.utils load on device 'cuda:0' took 1.84 ms
Module pamo_safe_project.kernels.distance_kernels.grad_funcs load on device 'cuda:0' took 24.39 ms
Module pamo_safe_project.kernels.distance_kernels.hessian_funcs load on device 'cuda:0' took 369.49 ms
Module pamo_safe_project.kernels.distance_kernels.distance_kernels load on device 'cuda:0' took 316.33 ms
Module pamo_safe_project.kernels.distance_kernels.grad_funcs_struct load on device 'cuda:0' took 83.72 ms
Module pamo_safe_project.kernels.distance_kernels.distance_kernels_struct load on device 'cuda:0' took 17.90 ms
Module pamo_safe_project.kernels.ccd_kernels load on device 'cuda:0' took 89.39 ms
Module pamo_safe_project.kernels.energy_kernels.lb_curvature_energy load on device 'cuda:0' took 3.28 ms
Module locality_gpu load on device 'cuda:0' took 0.79 ms
{"pamo_run_ms": 4711.2505147233605, "stage1": "original", "method": "full", "maintenance_ms": 12380.110437050462, "status": "pending_independent_audit"}
