Warp 1.0.0-beta.2 initialized:
   CUDA Toolkit: 12.8, Driver: 13.2
   Devices:
     "cpu"    | x86_64
     "cuda:0" | NVIDIA GeForce RTX 4090 (sm_89)
   Kernel cache: /root/.cache/warp/1.0.0-beta.2
Module pamo_safe_project.kernels.geometry_kernels load on device 'cuda:0' took 17.38 ms
Module pamo_safe_project.kernels.energy_kernels.elastic_energy load on device 'cuda:0' took 11.21 ms
Module pamo_safe_project.kernels.energy_kernels.hinge_energy load on device 'cuda:0' took 33.86 ms
Module pamo_safe_project.kernels.energy_kernels.contact_detection load on device 'cuda:0' took 16.41 ms
Module pamo_safe_project.kernels.energy_kernels.distance_energy load on device 'cuda:0' took 21.48 ms
Module pamo_safe_project.kernels.energy_kernels.collision_energy load on device 'cuda:0' took 73.00 ms
Module pamo_safe_project.kernels.utils_kernels load on device 'cuda:0' took 3.18 ms
Module locality_gpu load on device 'cuda:0' took 0.77 ms
Module pamo_safe_project.kernels.solver_kernels load on device 'cuda:0' took 2.54 ms
Module warp.utils load on device 'cuda:0' took 1.45 ms
Module pamo_safe_project.kernels.distance_kernels.grad_funcs load on device 'cuda:0' took 17.01 ms
Module pamo_safe_project.kernels.distance_kernels.hessian_funcs load on device 'cuda:0' took 83.72 ms
Module pamo_safe_project.kernels.distance_kernels.distance_kernels load on device 'cuda:0' took 102.81 ms
Module pamo_safe_project.kernels.distance_kernels.grad_funcs_struct load on device 'cuda:0' took 15.97 ms
Module pamo_safe_project.kernels.distance_kernels.distance_kernels_struct load on device 'cuda:0' took 17.60 ms
Module pamo_safe_project.kernels.ccd_kernels load on device 'cuda:0' took 21.49 ms
Module pamo_safe_project.kernels.energy_kernels.lb_curvature_energy load on device 'cuda:0' took 4.32 ms
{"quality_generation_ms": 34.00981146842241, "requested_edge_length_mm": 0.278954956647675, "actual_edge_length_mm": 0.39381163354432025, "max_protected_edge_mm": 0.5181732020320003, "active_fraction": 1.0, "input_faces": 1724, "output_faces": 1186, "fp64_restoration_max_mm": 0.0, "iterations": 3, "fixed_contract_before_projection": {"passed": true, "external_faces": 0, "external_faces_retained": 0, "missing_fixed_vertices": 0}, "safe_projection_ms": 900.340978987515, "projection_fp64_restoration_max_mm": 1.2489773373544543e-07, "collision_scope": "whole_mesh_author_energy_and_ccd", "fixed_contract": {"passed": true, "external_faces": 0, "external_faces_retained": 0, "missing_fixed_vertices": 0}, "method": "global", "maintenance_ms": 2633.7671373039484, "status": "pending_independent_audit"}
