# of input verts : 1164
# of input faces : 2324
Stage1 :  False
Stage3 :  True
Warp 1.0.0-beta.2 initialized:
   CUDA Toolkit: 12.8, Driver: 13.2
   Devices:
     "cpu"    | x86_64
     "cuda:0" | NVIDIA GeForce RTX 4080 SUPER (sm_89)
   Kernel cache: /root/.cache/warp/1.0.0-beta.2
Target faces : 2324
Time for Simplification: 0.05993294715881348 sec
[33;20mWARNING - Triangle area is too small (min_area=2.510687854344005e-09), may cause numerical instability (system.py:213)[0m
Module pamo_safe_project.kernels.geometry_kernels load on device 'cuda:0' took 130.75 ms
Module pamo_safe_project.kernels.energy_kernels.elastic_energy load on device 'cuda:0' took 16.94 ms
Module pamo_safe_project.kernels.energy_kernels.hinge_energy load on device 'cuda:0' took 36.71 ms
Module pamo_safe_project.kernels.energy_kernels.contact_detection load on device 'cuda:0' took 24.28 ms
Module pamo_safe_project.kernels.energy_kernels.distance_energy load on device 'cuda:0' took 28.63 ms
Module pamo_safe_project.kernels.energy_kernels.collision_energy load on device 'cuda:0' took 101.30 ms
Module pamo_safe_project.kernels.utils_kernels load on device 'cuda:0' took 4.39 ms
Module pamo_safe_project.kernels.solver_kernels load on device 'cuda:0' took 3.56 ms
Module warp.utils load on device 'cuda:0' took 1.82 ms
Module pamo_safe_project.kernels.distance_kernels.grad_funcs load on device 'cuda:0' took 23.38 ms
Module pamo_safe_project.kernels.distance_kernels.hessian_funcs load on device 'cuda:0' took 102.23 ms
Module pamo_safe_project.kernels.distance_kernels.distance_kernels load on device 'cuda:0' took 149.81 ms
Module pamo_safe_project.kernels.distance_kernels.grad_funcs_struct load on device 'cuda:0' took 21.82 ms
Module pamo_safe_project.kernels.distance_kernels.distance_kernels_struct load on device 'cuda:0' took 23.74 ms
Module pamo_safe_project.kernels.ccd_kernels load on device 'cuda:0' took 32.58 ms
Module pamo_safe_project.kernels.energy_kernels.lb_curvature_energy load on device 'cuda:0' took 4.23 ms
Total time:  1.401864767074585
# of output verts : 1092
# of output faces : 2180
