# of input verts : 1109
# of input faces : 2214
Stage1 :  False
Stage3 :  True
Warp 1.0.0-beta.2 initialized:
   CUDA Toolkit: 12.8, Driver: 13.2
   Devices:
     "cpu"    | x86_64
     "cuda:0" | NVIDIA GeForce RTX 4080 SUPER (sm_89)
   Kernel cache: /root/.cache/warp/1.0.0-beta.2
Target faces : 2214
Time for Simplification: 0.04774117469787598 sec
Module pamo_safe_project.kernels.geometry_kernels load on device 'cuda:0' took 103.24 ms
Module pamo_safe_project.kernels.energy_kernels.elastic_energy load on device 'cuda:0' took 17.45 ms
Module pamo_safe_project.kernels.energy_kernels.hinge_energy load on device 'cuda:0' took 35.97 ms
Module pamo_safe_project.kernels.energy_kernels.contact_detection load on device 'cuda:0' took 22.51 ms
Module pamo_safe_project.kernels.energy_kernels.distance_energy load on device 'cuda:0' took 28.49 ms
Module pamo_safe_project.kernels.energy_kernels.collision_energy load on device 'cuda:0' took 97.28 ms
Module pamo_safe_project.kernels.utils_kernels load on device 'cuda:0' took 4.02 ms
Module pamo_safe_project.kernels.solver_kernels load on device 'cuda:0' took 3.31 ms
Module warp.utils load on device 'cuda:0' took 1.69 ms
Module pamo_safe_project.kernels.distance_kernels.grad_funcs load on device 'cuda:0' took 23.17 ms
Module pamo_safe_project.kernels.distance_kernels.hessian_funcs load on device 'cuda:0' took 101.05 ms
Module pamo_safe_project.kernels.distance_kernels.distance_kernels load on device 'cuda:0' took 146.07 ms
Module pamo_safe_project.kernels.distance_kernels.grad_funcs_struct load on device 'cuda:0' took 21.80 ms
Module pamo_safe_project.kernels.distance_kernels.distance_kernels_struct load on device 'cuda:0' took 23.97 ms
Module pamo_safe_project.kernels.ccd_kernels load on device 'cuda:0' took 28.47 ms
Module pamo_safe_project.kernels.energy_kernels.lb_curvature_energy load on device 'cuda:0' took 4.01 ms
Total time:  1.3228809833526611
# of output verts : 1045
# of output faces : 2086
