o-[Process     ] Max used threads = 4
o-[I/O         ] Loading file /tmp/geogram_native_quality_20261006_04/inputs/07_parent.obj...
o-[I/O         ] (FP64) nb_v:2304 nb_e:0 nb_f:4608 nb_b:0 tri:1 dim:3
o-[I/O         ] Attributes on vertices: point[3]
o-[I/O         ] Loading file /tmp/geogram_native_quality_20261006_04/inputs/07_tool.obj...
o-[I/O         ] (FP64) nb_v:642 nb_e:0 nb_f:1280 nb_b:0 tri:1 dim:3
o-[I/O         ] Attributes on vertices: point[3]
NATIVE_QUALITY_REGION {"group":4602,"source_facets":12,"boundary_points":14,"new_points":8,"boundary_unchanged":true,"before_bad":11,"after_score_computed":true,"after_bad":4,"after_valid":true,"before_bad_area":0.000525079,"after_bad_area":0.00179987,"selected":false}
NATIVE_QUALITY_REGION {"group":4603,"source_facets":8,"boundary_points":10,"new_points":2,"boundary_unchanged":true,"before_bad":7,"after_score_computed":true,"after_bad":3,"after_valid":true,"before_bad_area":0.000424812,"after_bad_area":0.000501863,"selected":false}
NATIVE_QUALITY_REGION {"group":4604,"source_facets":3,"boundary_points":5,"new_points":0,"boundary_unchanged":true,"before_bad":2,"after_score_computed":true,"after_bad":2,"after_valid":true,"before_bad_area":0.000117829,"after_bad_area":0.000117829,"selected":false}
NATIVE_QUALITY_REGION {"group":4605,"source_facets":4,"boundary_points":6,"new_points":0,"boundary_unchanged":true,"before_bad":3,"after_score_computed":true,"after_bad":3,"after_valid":true,"before_bad_area":0.000278184,"after_bad_area":0.000278184,"selected":false}
NATIVE_QUALITY_REGION {"group":4606,"source_facets":12,"boundary_points":14,"new_points":13,"boundary_unchanged":true,"before_bad":11,"after_score_computed":true,"after_bad":8,"after_valid":true,"before_bad_area":0.00194291,"after_bad_area":0.00180605,"selected":true}
NATIVE_QUALITY_REGION {"group":4607,"source_facets":11,"boundary_points":13,"new_points":4,"boundary_unchanged":true,"before_bad":11,"after_score_computed":true,"after_bad":5,"after_valid":true,"before_bad_area":0.00200545,"after_bad_area":0.00184216,"selected":true}
NATIVE_QUALITY_REGION {"group":4641,"source_facets":3,"boundary_points":5,"new_points":0,"boundary_unchanged":true,"before_bad":1,"after_score_computed":true,"after_bad":1,"after_valid":true,"before_bad_area":1.8024e-06,"after_bad_area":1.8024e-06,"selected":false}
NATIVE_QUALITY_REGION {"group":4645,"source_facets":2,"boundary_points":4,"new_points":0,"boundary_unchanged":true,"before_bad":1,"after_score_computed":true,"after_bad":1,"after_valid":true,"before_bad_area":2.30352e-07,"after_bad_area":2.30352e-07,"selected":false}
NATIVE_QUALITY_REGION {"group":4654,"source_facets":2,"boundary_points":4,"new_points":1,"boundary_unchanged":true,"before_bad":1,"after_score_computed":true,"after_bad":1,"after_valid":true,"before_bad_area":1.28127e-06,"after_bad_area":2.01675e-06,"selected":false}
NATIVE_QUALITY_REGION {"group":4665,"source_facets":2,"boundary_points":4,"new_points":0,"boundary_unchanged":true,"before_bad":1,"after_score_computed":true,"after_bad":1,"after_valid":true,"before_bad_area":1.05678e-06,"after_bad_area":1.05678e-06,"selected":false}
NATIVE_QUALITY_REGION {"group":4666,"source_facets":3,"boundary_points":5,"new_points":0,"boundary_unchanged":true,"before_bad":1,"after_score_computed":true,"after_bad":1,"after_valid":true,"before_bad_area":2.11787e-06,"after_bad_area":2.11787e-06,"selected":false}
NATIVE_QUALITY_REGION {"group":4671,"source_facets":3,"boundary_points":5,"new_points":0,"boundary_unchanged":true,"before_bad":1,"after_score_computed":true,"after_bad":1,"after_valid":true,"before_bad_area":1.37666e-06,"after_bad_area":1.37666e-06,"selected":false}
NATIVE_RESULT {"load_ms":4.0647039999999999,"boolean_ms":93.350893999999997,"save_ms":5.4441059999999997,"faces":4774,"vertices":2387,"simplify":true}
