o-[Process     ] Max used threads = 4
o-[I/O         ] Loading file /tmp/geogram_native_quality_20261006_16/inputs/09_parent.obj...
o-[I/O         ] (FP64) nb_v:22429 nb_e:0 nb_f:44694 nb_b:0 tri:1 dim:3
o-[I/O         ] Attributes on vertices: point[3]
o-[I/O         ] Loading file /tmp/geogram_native_quality_20261006_16/inputs/09_tool.obj...
o-[I/O         ] (FP64) nb_v:674 nb_e:0 nb_f:1344 nb_b:0 tri:1 dim:3
o-[I/O         ] Attributes on vertices: point[3]
NATIVE_QUALITY_REGION {"group":40000,"boundary_attempt":false,"point_budget":64,"source_facets":9,"boundary_points":10,"new_points":2,"boundary_unchanged":true,"before_bad":1,"after_score_computed":true,"after_bad":0,"after_valid":true,"before_bad_area":0.00182786,"after_bad_area":0,"selected":true}
NATIVE_QUALITY_REGION {"group":40010,"boundary_attempt":false,"point_budget":64,"source_facets":5,"boundary_points":7,"new_points":0,"boundary_unchanged":true,"before_bad":1,"after_score_computed":true,"after_bad":1,"after_valid":true,"before_bad_area":0.000746336,"after_bad_area":0.000746336,"selected":false}
NATIVE_QUALITY_REGION {"group":40230,"boundary_attempt":false,"point_budget":64,"source_facets":4,"boundary_points":6,"new_points":1,"boundary_unchanged":true,"before_bad":1,"after_score_computed":true,"after_bad":0,"after_valid":true,"before_bad_area":0.00188188,"after_bad_area":0,"selected":true}
NATIVE_QUALITY_REGION {"group":40274,"boundary_attempt":false,"point_budget":64,"source_facets":5,"boundary_points":7,"new_points":1,"boundary_unchanged":true,"before_bad":1,"after_score_computed":true,"after_bad":0,"after_valid":true,"before_bad_area":0.000957545,"after_bad_area":0,"selected":true}
NATIVE_QUALITY_REGION {"group":40280,"boundary_attempt":false,"point_budget":64,"source_facets":6,"boundary_points":8,"new_points":1,"boundary_unchanged":true,"before_bad":1,"after_score_computed":true,"after_bad":1,"after_valid":true,"before_bad_area":0.000963233,"after_bad_area":0.000963233,"selected":false}
NATIVE_QUALITY_REGION {"group":40319,"boundary_attempt":false,"point_budget":64,"source_facets":5,"boundary_points":7,"new_points":1,"boundary_unchanged":true,"before_bad":2,"after_score_computed":true,"after_bad":3,"after_valid":true,"before_bad_area":0.00101952,"after_bad_area":0.00138029,"selected":false}
NATIVE_QUALITY_REGION {"group":40368,"boundary_attempt":false,"point_budget":64,"source_facets":3,"boundary_points":5,"new_points":0,"boundary_unchanged":true,"before_bad":1,"after_score_computed":true,"after_bad":1,"after_valid":true,"before_bad_area":0.000653977,"after_bad_area":0.000653977,"selected":false}
NATIVE_QUALITY_REGION {"group":40392,"boundary_attempt":false,"point_budget":64,"source_facets":4,"boundary_points":6,"new_points":0,"boundary_unchanged":true,"before_bad":1,"after_score_computed":true,"after_bad":1,"after_valid":true,"before_bad_area":7.91709e-06,"after_bad_area":7.91709e-06,"selected":false}
NATIVE_QUALITY_REGION {"group":40395,"boundary_attempt":false,"point_budget":64,"source_facets":4,"boundary_points":6,"new_points":0,"boundary_unchanged":true,"before_bad":1,"after_score_computed":true,"after_bad":1,"after_valid":true,"before_bad_area":7.36766e-06,"after_bad_area":7.36766e-06,"selected":false}
NATIVE_QUALITY_REGION {"group":40398,"boundary_attempt":false,"point_budget":64,"source_facets":6,"boundary_points":8,"new_points":1,"boundary_unchanged":true,"before_bad":1,"after_score_computed":true,"after_bad":0,"after_valid":true,"before_bad_area":0.00257952,"after_bad_area":0,"selected":true}
NATIVE_QUALITY_REGION {"group":40503,"boundary_attempt":false,"point_budget":64,"source_facets":6,"boundary_points":8,"new_points":3,"boundary_unchanged":true,"before_bad":1,"after_score_computed":true,"after_bad":0,"after_valid":true,"before_bad_area":0.00241978,"after_bad_area":0,"selected":true}
NATIVE_QUALITY_REGION {"group":40608,"boundary_attempt":false,"point_budget":64,"source_facets":5,"boundary_points":6,"new_points":2,"boundary_unchanged":true,"before_bad":1,"after_score_computed":true,"after_bad":1,"after_valid":true,"before_bad_area":0.000991014,"after_bad_area":0.00257074,"selected":false}
NATIVE_QUALITY_REGION {"group":40618,"boundary_attempt":false,"point_budget":64,"source_facets":4,"boundary_points":6,"new_points":1,"boundary_unchanged":true,"before_bad":1,"after_score_computed":true,"after_bad":0,"after_valid":true,"before_bad_area":0.00142076,"after_bad_area":0,"selected":true}
NATIVE_QUALITY_REGION {"group":40924,"boundary_attempt":false,"point_budget":64,"source_facets":5,"boundary_points":7,"new_points":1,"boundary_unchanged":true,"before_bad":1,"after_score_computed":true,"after_bad":0,"after_valid":true,"before_bad_area":0.00184506,"after_bad_area":0,"selected":true}
NATIVE_QUALITY_REGION {"group":40926,"boundary_attempt":false,"point_budget":64,"source_facets":8,"boundary_points":8,"new_points":0,"boundary_unchanged":true,"before_bad":1,"after_score_computed":true,"after_bad":1,"after_valid":true,"before_bad_area":0.000619305,"after_bad_area":0.000619305,"selected":false}
NATIVE_QUALITY_REGION {"group":40927,"boundary_attempt":false,"point_budget":64,"source_facets":7,"boundary_points":8,"new_points":1,"boundary_unchanged":true,"before_bad":2,"after_score_computed":true,"after_bad":1,"after_valid":true,"before_bad_area":0.00128914,"after_bad_area":0.000233421,"selected":true}
NATIVE_QUALITY_REGION {"group":40934,"boundary_attempt":false,"point_budget":64,"source_facets":4,"boundary_points":6,"new_points":0,"boundary_unchanged":true,"before_bad":1,"after_score_computed":true,"after_bad":1,"after_valid":true,"before_bad_area":0.000749542,"after_bad_area":0.000749542,"selected":false}
NATIVE_QUALITY_REGION {"group":40946,"boundary_attempt":false,"point_budget":64,"source_facets":9,"boundary_points":10,"new_points":6,"boundary_unchanged":true,"before_bad":2,"after_score_computed":true,"after_bad":2,"after_valid":true,"before_bad_area":0.000969797,"after_bad_area":0.0074342,"selected":false}
NATIVE_QUALITY_REGION {"group":41073,"boundary_attempt":false,"point_budget":64,"source_facets":5,"boundary_points":7,"new_points":0,"boundary_unchanged":true,"before_bad":1,"after_score_computed":true,"after_bad":1,"after_valid":true,"before_bad_area":0.00203486,"after_bad_area":0.00203486,"selected":false}
NATIVE_QUALITY_REGION {"group":41076,"boundary_attempt":false,"point_budget":64,"source_facets":4,"boundary_points":6,"new_points":0,"boundary_unchanged":true,"before_bad":1,"after_score_computed":true,"after_bad":1,"after_valid":true,"before_bad_area":0.000330607,"after_bad_area":0.000330607,"selected":false}
NATIVE_QUALITY_REGION {"group":41805,"boundary_attempt":false,"point_budget":64,"source_facets":2,"boundary_points":4,"new_points":1,"boundary_unchanged":true,"before_bad":1,"after_score_computed":true,"after_bad":0,"after_valid":true,"before_bad_area":0.00130482,"after_bad_area":0,"selected":true}
NATIVE_QUALITY_REGION {"group":41808,"boundary_attempt":false,"point_budget":64,"source_facets":3,"boundary_points":5,"new_points":0,"boundary_unchanged":true,"before_bad":1,"after_score_computed":true,"after_bad":1,"after_valid":true,"before_bad_area":0.00142008,"after_bad_area":0.00142008,"selected":false}
NATIVE_QUALITY_REGION {"group":41810,"boundary_attempt":false,"point_budget":64,"source_facets":4,"boundary_points":5,"new_points":1,"boundary_unchanged":true,"before_bad":1,"after_score_computed":true,"after_bad":1,"after_valid":true,"before_bad_area":0.000570835,"after_bad_area":0.00179768,"selected":false}
NATIVE_QUALITY_REGION {"group":41812,"boundary_attempt":false,"point_budget":64,"source_facets":5,"boundary_points":6,"new_points":0,"boundary_unchanged":true,"before_bad":1,"after_score_computed":true,"after_bad":1,"after_valid":true,"before_bad_area":0.000502085,"after_bad_area":0.000502085,"selected":false}
NATIVE_QUALITY_REGION {"group":41813,"boundary_attempt":false,"point_budget":64,"source_facets":5,"boundary_points":7,"new_points":1,"boundary_unchanged":true,"before_bad":1,"after_score_computed":true,"after_bad":2,"after_valid":true,"before_bad_area":9.14896e-05,"after_bad_area":0.000348895,"selected":false}
NATIVE_QUALITY_REGION {"group":41814,"boundary_attempt":false,"point_budget":64,"source_facets":2,"boundary_points":4,"new_points":0,"boundary_unchanged":true,"before_bad":1,"after_score_computed":true,"after_bad":1,"after_valid":true,"before_bad_area":0.000628767,"after_bad_area":0.000628767,"selected":false}
NATIVE_QUALITY_REGION {"group":41814,"boundary_attempt":true,"point_budget":128,"source_facets":2,"boundary_points":4,"new_points":3,"boundary_unchanged":true,"before_bad":1,"after_score_computed":true,"after_bad":0,"after_valid":true,"before_bad_area":0.000628767,"after_bad_area":0,"selected":true}
NATIVE_QUALITY_REGION {"group":41817,"boundary_attempt":false,"point_budget":64,"source_facets":3,"boundary_points":5,"new_points":1,"boundary_unchanged":true,"before_bad":1,"after_score_computed":true,"after_bad":1,"after_valid":true,"before_bad_area":0.000360759,"after_bad_area":0.000181568,"selected":true}
NATIVE_QUALITY_REGION {"group":41823,"boundary_attempt":false,"point_budget":64,"source_facets":7,"boundary_points":9,"new_points":1,"boundary_unchanged":true,"before_bad":1,"after_score_computed":true,"after_bad":0,"after_valid":true,"before_bad_area":0.000415405,"after_bad_area":0,"selected":true}
NATIVE_QUALITY_REGION {"group":41824,"boundary_attempt":false,"point_budget":64,"source_facets":3,"boundary_points":5,"new_points":0,"boundary_unchanged":true,"before_bad":1,"after_score_computed":true,"after_bad":1,"after_valid":true,"before_bad_area":0.000435939,"after_bad_area":0.000435939,"selected":false}
NATIVE_QUALITY_REGION {"group":41825,"boundary_attempt":false,"point_budget":64,"source_facets":3,"boundary_points":5,"new_points":2,"boundary_unchanged":true,"before_bad":1,"after_score_computed":true,"after_bad":1,"after_valid":true,"before_bad_area":0.000775412,"after_bad_area":0.00128474,"selected":false}
NATIVE_QUALITY_REGION {"group":41826,"boundary_attempt":false,"point_budget":64,"source_facets":3,"boundary_points":5,"new_points":0,"boundary_unchanged":true,"before_bad":1,"after_score_computed":true,"after_bad":1,"after_valid":true,"before_bad_area":0.000502915,"after_bad_area":0.000502915,"selected":false}
NATIVE_QUALITY_REGION {"group":41831,"boundary_attempt":false,"point_budget":64,"source_facets":7,"boundary_points":9,"new_points":2,"boundary_unchanged":true,"before_bad":1,"after_score_computed":true,"after_bad":0,"after_valid":true,"before_bad_area":0.000957803,"after_bad_area":0,"selected":true}
NATIVE_QUALITY_REGION {"group":41834,"boundary_attempt":false,"point_budget":64,"source_facets":5,"boundary_points":7,"new_points":0,"boundary_unchanged":true,"before_bad":1,"after_score_computed":true,"after_bad":1,"after_valid":true,"before_bad_area":0.000244416,"after_bad_area":0.000244416,"selected":false}
NATIVE_QUALITY_REGION {"group":41835,"boundary_attempt":false,"point_budget":64,"source_facets":5,"boundary_points":7,"new_points":0,"boundary_unchanged":true,"before_bad":3,"after_score_computed":true,"after_bad":3,"after_valid":true,"before_bad_area":0.00167941,"after_bad_area":0.00167941,"selected":false}
NATIVE_QUALITY_REGION {"group":41836,"boundary_attempt":false,"point_budget":64,"source_facets":4,"boundary_points":6,"new_points":0,"boundary_unchanged":true,"before_bad":2,"after_score_computed":true,"after_bad":2,"after_valid":true,"before_bad_area":0.00121641,"after_bad_area":0.00121641,"selected":false}
NATIVE_QUALITY_REGION {"group":41839,"boundary_attempt":false,"point_budget":64,"source_facets":3,"boundary_points":5,"new_points":0,"boundary_unchanged":true,"before_bad":2,"after_score_computed":true,"after_bad":2,"after_valid":true,"before_bad_area":0.00212742,"after_bad_area":0.00212742,"selected":false}
NATIVE_QUALITY_REGION {"group":41845,"boundary_attempt":false,"point_budget":64,"source_facets":5,"boundary_points":6,"new_points":0,"boundary_unchanged":true,"before_bad":1,"after_score_computed":true,"after_bad":1,"after_valid":true,"before_bad_area":0.000705758,"after_bad_area":0.000705758,"selected":false}
NATIVE_QUALITY_REGION {"group":41847,"boundary_attempt":false,"point_budget":64,"source_facets":3,"boundary_points":5,"new_points":0,"boundary_unchanged":true,"before_bad":1,"after_score_computed":true,"after_bad":1,"after_valid":true,"before_bad_area":6.24741e-05,"after_bad_area":6.24741e-05,"selected":false}
NATIVE_QUALITY_REGION {"group":41858,"boundary_attempt":false,"point_budget":64,"source_facets":4,"boundary_points":5,"new_points":0,"boundary_unchanged":true,"before_bad":1,"after_score_computed":true,"after_bad":1,"after_valid":true,"before_bad_area":0.000437738,"after_bad_area":0.000437738,"selected":false}
NATIVE_QUALITY_REGION {"group":41861,"boundary_attempt":false,"point_budget":64,"source_facets":4,"boundary_points":6,"new_points":0,"boundary_unchanged":true,"before_bad":3,"after_score_computed":true,"after_bad":3,"after_valid":true,"before_bad_area":0.00165863,"after_bad_area":0.00165863,"selected":false}
NATIVE_QUALITY_REGION {"group":41862,"boundary_attempt":false,"point_budget":64,"source_facets":2,"boundary_points":4,"new_points":0,"boundary_unchanged":true,"before_bad":1,"after_score_computed":true,"after_bad":1,"after_valid":true,"before_bad_area":6.50535e-05,"after_bad_area":6.50535e-05,"selected":false}
NATIVE_QUALITY_REGION {"group":41862,"boundary_attempt":true,"point_budget":128,"source_facets":2,"boundary_points":4,"new_points":1,"boundary_unchanged":true,"before_bad":1,"after_score_computed":true,"after_bad":0,"after_valid":true,"before_bad_area":6.50535e-05,"after_bad_area":0,"selected":true}
NATIVE_QUALITY_REGION {"group":41870,"boundary_attempt":false,"point_budget":64,"source_facets":4,"boundary_points":5,"new_points":0,"boundary_unchanged":true,"before_bad":2,"after_score_computed":true,"after_bad":2,"after_valid":true,"before_bad_area":0.000432143,"after_bad_area":0.000432143,"selected":false}
NATIVE_QUALITY_REGION {"group":41874,"boundary_attempt":false,"point_budget":64,"source_facets":2,"boundary_points":4,"new_points":0,"boundary_unchanged":true,"before_bad":1,"after_score_computed":true,"after_bad":1,"after_valid":true,"before_bad_area":0.000134563,"after_bad_area":0.000134563,"selected":false}
NATIVE_QUALITY_REGION {"group":41875,"boundary_attempt":false,"point_budget":64,"source_facets":6,"boundary_points":8,"new_points":2,"boundary_unchanged":true,"before_bad":1,"after_score_computed":true,"after_bad":0,"after_valid":true,"before_bad_area":0.00138017,"after_bad_area":0,"selected":true}
NATIVE_QUALITY_REGION {"group":41877,"boundary_attempt":false,"point_budget":64,"source_facets":4,"boundary_points":6,"new_points":1,"boundary_unchanged":true,"before_bad":2,"after_score_computed":true,"after_bad":1,"after_valid":true,"before_bad_area":0.00128139,"after_bad_area":6.78492e-05,"selected":true}
NATIVE_QUALITY_REGION {"group":41879,"boundary_attempt":false,"point_budget":64,"source_facets":2,"boundary_points":4,"new_points":0,"boundary_unchanged":true,"before_bad":1,"after_score_computed":true,"after_bad":1,"after_valid":true,"before_bad_area":0.00124576,"after_bad_area":0.00124576,"selected":false}
NATIVE_QUALITY_REGION {"group":41879,"boundary_attempt":true,"point_budget":128,"source_facets":2,"boundary_points":4,"new_points":5,"boundary_unchanged":true,"before_bad":1,"after_score_computed":true,"after_bad":0,"after_valid":true,"before_bad_area":0.00124576,"after_bad_area":0,"selected":true}
NATIVE_QUALITY_REGION {"group":41883,"boundary_attempt":false,"point_budget":64,"source_facets":2,"boundary_points":4,"new_points":0,"boundary_unchanged":true,"before_bad":1,"after_score_computed":true,"after_bad":1,"after_valid":true,"before_bad_area":0.000372589,"after_bad_area":0.000372589,"selected":false}
NATIVE_QUALITY_REGION {"group":41883,"boundary_attempt":true,"point_budget":128,"source_facets":2,"boundary_points":4,"new_points":5,"boundary_unchanged":true,"before_bad":1,"after_score_computed":true,"after_bad":0,"after_valid":true,"before_bad_area":0.000372589,"after_bad_area":0,"selected":true}
NATIVE_QUALITY_REGION {"group":41887,"boundary_attempt":false,"point_budget":64,"source_facets":5,"boundary_points":7,"new_points":0,"boundary_unchanged":true,"before_bad":1,"after_score_computed":true,"after_bad":1,"after_valid":true,"before_bad_area":0.00083399,"after_bad_area":0.00083399,"selected":false}
NATIVE_QUALITY_REGION {"group":41890,"boundary_attempt":false,"point_budget":64,"source_facets":3,"boundary_points":5,"new_points":0,"boundary_unchanged":true,"before_bad":1,"after_score_computed":true,"after_bad":1,"after_valid":true,"before_bad_area":0.00130116,"after_bad_area":0.00130116,"selected":false}
NATIVE_QUALITY_REGION {"group":41894,"boundary_attempt":false,"point_budget":64,"source_facets":3,"boundary_points":5,"new_points":1,"boundary_unchanged":true,"before_bad":1,"after_score_computed":true,"after_bad":1,"after_valid":true,"before_bad_area":0.000530427,"after_bad_area":0.00111403,"selected":false}
NATIVE_QUALITY_REGION {"group":41895,"boundary_attempt":false,"point_budget":64,"source_facets":3,"boundary_points":5,"new_points":1,"boundary_unchanged":true,"before_bad":1,"after_score_computed":true,"after_bad":1,"after_valid":true,"before_bad_area":0.000102824,"after_bad_area":0.000654305,"selected":false}
NATIVE_QUALITY_REGION {"group":41899,"boundary_attempt":false,"point_budget":64,"source_facets":3,"boundary_points":5,"new_points":0,"boundary_unchanged":true,"before_bad":1,"after_score_computed":true,"after_bad":1,"after_valid":true,"before_bad_area":0.000262687,"after_bad_area":0.000262687,"selected":false}
NATIVE_QUALITY_REGION {"group":41901,"boundary_attempt":false,"point_budget":64,"source_facets":2,"boundary_points":4,"new_points":0,"boundary_unchanged":true,"before_bad":1,"after_score_computed":true,"after_bad":1,"after_valid":true,"before_bad_area":0.00150022,"after_bad_area":0.00150022,"selected":false}
NATIVE_QUALITY_REGION {"group":41901,"boundary_attempt":true,"point_budget":128,"source_facets":2,"boundary_points":4,"new_points":3,"boundary_unchanged":true,"before_bad":1,"after_score_computed":true,"after_bad":0,"after_valid":true,"before_bad_area":0.00150022,"after_bad_area":0,"selected":true}
NATIVE_QUALITY_REGION {"group":41904,"boundary_attempt":false,"point_budget":64,"source_facets":6,"boundary_points":8,"new_points":1,"boundary_unchanged":true,"before_bad":2,"after_score_computed":true,"after_bad":1,"after_valid":true,"before_bad_area":0.000888487,"after_bad_area":0.000462131,"selected":true}
NATIVE_QUALITY_REGION {"group":41906,"boundary_attempt":false,"point_budget":64,"source_facets":5,"boundary_points":7,"new_points":1,"boundary_unchanged":true,"before_bad":1,"after_score_computed":true,"after_bad":2,"after_valid":true,"before_bad_area":0.00160124,"after_bad_area":0.00257615,"selected":false}
NATIVE_QUALITY_REGION {"group":41907,"boundary_attempt":false,"point_budget":64,"source_facets":2,"boundary_points":4,"new_points":0,"boundary_unchanged":true,"before_bad":1,"after_score_computed":true,"after_bad":1,"after_valid":true,"before_bad_area":7.99624e-05,"after_bad_area":7.99624e-05,"selected":false}
NATIVE_QUALITY_REGION {"group":41907,"boundary_attempt":true,"point_budget":128,"source_facets":2,"boundary_points":4,"new_points":11,"boundary_unchanged":true,"before_bad":1,"after_score_computed":true,"after_bad":0,"after_valid":true,"before_bad_area":7.99624e-05,"after_bad_area":0,"selected":true}
NATIVE_QUALITY_REGION {"group":41910,"boundary_attempt":false,"point_budget":64,"source_facets":2,"boundary_points":4,"new_points":0,"boundary_unchanged":true,"before_bad":1,"after_score_computed":true,"after_bad":1,"after_valid":true,"before_bad_area":6.4206e-05,"after_bad_area":6.4206e-05,"selected":false}
NATIVE_QUALITY_REGION {"group":41910,"boundary_attempt":true,"point_budget":128,"source_facets":2,"boundary_points":4,"new_points":11,"boundary_unchanged":true,"before_bad":1,"after_score_computed":true,"after_bad":0,"after_valid":true,"before_bad_area":6.4206e-05,"after_bad_area":0,"selected":true}
NATIVE_QUALITY_REGION {"group":42133,"boundary_attempt":false,"point_budget":64,"source_facets":3,"boundary_points":5,"new_points":0,"boundary_unchanged":true,"before_bad":1,"after_score_computed":true,"after_bad":1,"after_valid":true,"before_bad_area":0.000709117,"after_bad_area":0.000709117,"selected":false}
NATIVE_QUALITY_REGION {"group":42135,"boundary_attempt":false,"point_budget":64,"source_facets":7,"boundary_points":7,"new_points":1,"boundary_unchanged":true,"before_bad":1,"after_score_computed":true,"after_bad":2,"after_valid":true,"before_bad_area":0.000230757,"after_bad_area":0.00189978,"selected":false}
NATIVE_QUALITY_REGION {"group":42136,"boundary_attempt":false,"point_budget":64,"source_facets":3,"boundary_points":5,"new_points":0,"boundary_unchanged":true,"before_bad":2,"after_score_computed":true,"after_bad":2,"after_valid":true,"before_bad_area":0.00342954,"after_bad_area":0.00342954,"selected":false}
NATIVE_QUALITY_REGION {"group":42137,"boundary_attempt":false,"point_budget":64,"source_facets":5,"boundary_points":7,"new_points":3,"boundary_unchanged":true,"before_bad":2,"after_score_computed":true,"after_bad":3,"after_valid":true,"before_bad_area":0.00129249,"after_bad_area":0.0149651,"selected":false}
NATIVE_QUALITY_REGION {"group":42140,"boundary_attempt":false,"point_budget":64,"source_facets":4,"boundary_points":6,"new_points":1,"boundary_unchanged":true,"before_bad":3,"after_score_computed":true,"after_bad":1,"after_valid":true,"before_bad_area":0.0176018,"after_bad_area":0.000113323,"selected":true}
NATIVE_QUALITY_REGION {"group":42141,"boundary_attempt":false,"point_budget":64,"source_facets":5,"boundary_points":6,"new_points":2,"boundary_unchanged":true,"before_bad":2,"after_score_computed":true,"after_bad":1,"after_valid":true,"before_bad_area":0.00795205,"after_bad_area":0.00121324,"selected":true}
NATIVE_QUALITY_REGION {"group":42142,"boundary_attempt":false,"point_budget":64,"source_facets":5,"boundary_points":6,"new_points":2,"boundary_unchanged":true,"before_bad":3,"after_score_computed":true,"after_bad":3,"after_valid":true,"before_bad_area":0.00499212,"after_bad_area":0.00585952,"selected":false}
NATIVE_QUALITY_REGION {"group":42145,"boundary_attempt":false,"point_budget":64,"source_facets":4,"boundary_points":6,"new_points":0,"boundary_unchanged":true,"before_bad":3,"after_score_computed":true,"after_bad":3,"after_valid":true,"before_bad_area":0.000352811,"after_bad_area":0.000352811,"selected":false}
NATIVE_QUALITY_REGION {"group":42147,"boundary_attempt":false,"point_budget":64,"source_facets":3,"boundary_points":5,"new_points":1,"boundary_unchanged":true,"before_bad":2,"after_score_computed":true,"after_bad":0,"after_valid":true,"before_bad_area":0.0207497,"after_bad_area":0,"selected":true}
NATIVE_QUALITY_REGION {"group":42148,"boundary_attempt":false,"point_budget":64,"source_facets":5,"boundary_points":7,"new_points":0,"boundary_unchanged":true,"before_bad":2,"after_score_computed":true,"after_bad":2,"after_valid":true,"before_bad_area":0.00735464,"after_bad_area":0.00735464,"selected":false}
NATIVE_QUALITY_REGION {"group":42149,"boundary_attempt":false,"point_budget":64,"source_facets":4,"boundary_points":6,"new_points":0,"boundary_unchanged":true,"before_bad":2,"after_score_computed":true,"after_bad":2,"after_valid":true,"before_bad_area":0.00844719,"after_bad_area":0.00844719,"selected":false}
NATIVE_QUALITY_REGION {"group":42151,"boundary_attempt":false,"point_budget":64,"source_facets":4,"boundary_points":6,"new_points":2,"boundary_unchanged":true,"before_bad":3,"after_score_computed":true,"after_bad":0,"after_valid":true,"before_bad_area":0.0164683,"after_bad_area":0,"selected":true}
NATIVE_QUALITY_REGION {"group":42152,"boundary_attempt":false,"point_budget":64,"source_facets":5,"boundary_points":7,"new_points":1,"boundary_unchanged":true,"before_bad":3,"after_score_computed":true,"after_bad":3,"after_valid":true,"before_bad_area":0.0135179,"after_bad_area":0.0141331,"selected":false}
NATIVE_QUALITY_REGION {"group":42153,"boundary_attempt":false,"point_budget":64,"source_facets":5,"boundary_points":7,"new_points":1,"boundary_unchanged":true,"before_bad":3,"after_score_computed":true,"after_bad":2,"after_valid":true,"before_bad_area":0.00522105,"after_bad_area":0.00356814,"selected":true}
NATIVE_QUALITY_REGION {"group":42155,"boundary_attempt":false,"point_budget":64,"source_facets":5,"boundary_points":7,"new_points":2,"boundary_unchanged":true,"before_bad":2,"after_score_computed":true,"after_bad":0,"after_valid":true,"before_bad_area":0.00913231,"after_bad_area":0,"selected":true}
NATIVE_QUALITY_REGION {"group":42156,"boundary_attempt":false,"point_budget":64,"source_facets":3,"boundary_points":5,"new_points":0,"boundary_unchanged":true,"before_bad":1,"after_score_computed":true,"after_bad":1,"after_valid":true,"before_bad_area":7.43027e-05,"after_bad_area":7.43027e-05,"selected":false}
NATIVE_QUALITY_REGION {"group":42158,"boundary_attempt":false,"point_budget":64,"source_facets":7,"boundary_points":9,"new_points":0,"boundary_unchanged":true,"before_bad":2,"after_score_computed":true,"after_bad":2,"after_valid":true,"before_bad_area":0.00567335,"after_bad_area":0.00567335,"selected":false}
NATIVE_QUALITY_REGION {"group":42160,"boundary_attempt":false,"point_budget":64,"source_facets":4,"boundary_points":5,"new_points":1,"boundary_unchanged":true,"before_bad":1,"after_score_computed":true,"after_bad":1,"after_valid":true,"before_bad_area":0.000446171,"after_bad_area":0.00147999,"selected":false}
NATIVE_QUALITY_REGION {"group":42161,"boundary_attempt":false,"point_budget":64,"source_facets":6,"boundary_points":8,"new_points":0,"boundary_unchanged":true,"before_bad":4,"after_score_computed":true,"after_bad":4,"after_valid":true,"before_bad_area":0.0229883,"after_bad_area":0.0229883,"selected":false}
NATIVE_QUALITY_REGION {"group":42162,"boundary_attempt":false,"point_budget":64,"source_facets":4,"boundary_points":6,"new_points":1,"boundary_unchanged":true,"before_bad":2,"after_score_computed":true,"after_bad":0,"after_valid":true,"before_bad_area":0.0132591,"after_bad_area":0,"selected":true}
NATIVE_QUALITY_REGION {"group":42164,"boundary_attempt":false,"point_budget":64,"source_facets":5,"boundary_points":7,"new_points":2,"boundary_unchanged":true,"before_bad":3,"after_score_computed":true,"after_bad":2,"after_valid":true,"before_bad_area":0.0136371,"after_bad_area":0.0126332,"selected":true}
NATIVE_QUALITY_REGION {"group":42165,"boundary_attempt":false,"point_budget":64,"source_facets":5,"boundary_points":7,"new_points":0,"boundary_unchanged":true,"before_bad":3,"after_score_computed":true,"after_bad":3,"after_valid":true,"before_bad_area":0.00626359,"after_bad_area":0.00626359,"selected":false}
NATIVE_QUALITY_REGION {"group":42166,"boundary_attempt":false,"point_budget":64,"source_facets":5,"boundary_points":6,"new_points":0,"boundary_unchanged":true,"before_bad":2,"after_score_computed":true,"after_bad":2,"after_valid":true,"before_bad_area":0.0031086,"after_bad_area":0.0031086,"selected":false}
NATIVE_QUALITY_REGION {"group":42167,"boundary_attempt":false,"point_budget":64,"source_facets":3,"boundary_points":5,"new_points":1,"boundary_unchanged":true,"before_bad":2,"after_score_computed":true,"after_bad":0,"after_valid":true,"before_bad_area":0.0147085,"after_bad_area":0,"selected":true}
NATIVE_QUALITY_REGION {"group":42168,"boundary_attempt":false,"point_budget":64,"source_facets":4,"boundary_points":6,"new_points":0,"boundary_unchanged":true,"before_bad":3,"after_score_computed":true,"after_bad":3,"after_valid":true,"before_bad_area":0.0277101,"after_bad_area":0.0277101,"selected":false}
NATIVE_QUALITY_REGION {"group":42169,"boundary_attempt":false,"point_budget":64,"source_facets":6,"boundary_points":8,"new_points":4,"boundary_unchanged":true,"before_bad":4,"after_score_computed":true,"after_bad":4,"after_valid":true,"before_bad_area":0.0212488,"after_bad_area":0.00828548,"selected":true}
NATIVE_QUALITY_REGION {"group":42170,"boundary_attempt":false,"point_budget":64,"source_facets":6,"boundary_points":8,"new_points":1,"boundary_unchanged":true,"before_bad":3,"after_score_computed":true,"after_bad":4,"after_valid":true,"before_bad_area":0.0151375,"after_bad_area":0.0159397,"selected":false}
NATIVE_QUALITY_REGION {"group":42171,"boundary_attempt":false,"point_budget":64,"source_facets":3,"boundary_points":5,"new_points":1,"boundary_unchanged":true,"before_bad":2,"after_score_computed":true,"after_bad":2,"after_valid":true,"before_bad_area":0.00741441,"after_bad_area":0.0164001,"selected":false}
NATIVE_QUALITY_REGION {"group":42172,"boundary_attempt":false,"point_budget":64,"source_facets":7,"boundary_points":9,"new_points":3,"boundary_unchanged":true,"before_bad":4,"after_score_computed":true,"after_bad":3,"after_valid":true,"before_bad_area":0.00971246,"after_bad_area":0.00926303,"selected":true}
NATIVE_QUALITY_REGION {"group":42173,"boundary_attempt":false,"point_budget":64,"source_facets":6,"boundary_points":8,"new_points":3,"boundary_unchanged":true,"before_bad":3,"after_score_computed":true,"after_bad":4,"after_valid":true,"before_bad_area":0.00122728,"after_bad_area":0.00266765,"selected":false}
NATIVE_QUALITY_REGION {"group":42175,"boundary_attempt":false,"point_budget":64,"source_facets":4,"boundary_points":6,"new_points":1,"boundary_unchanged":true,"before_bad":2,"after_score_computed":true,"after_bad":1,"after_valid":true,"before_bad_area":0.0191767,"after_bad_area":0.00309089,"selected":true}
NATIVE_QUALITY_REGION {"group":42176,"boundary_attempt":false,"point_budget":64,"source_facets":6,"boundary_points":8,"new_points":0,"boundary_unchanged":true,"before_bad":2,"after_score_computed":true,"after_bad":2,"after_valid":true,"before_bad_area":0.00428816,"after_bad_area":0.00428816,"selected":false}
NATIVE_QUALITY_REGION {"group":42177,"boundary_attempt":false,"point_budget":64,"source_facets":5,"boundary_points":7,"new_points":0,"boundary_unchanged":true,"before_bad":1,"after_score_computed":true,"after_bad":1,"after_valid":true,"before_bad_area":0.00467107,"after_bad_area":0.00467107,"selected":false}
NATIVE_QUALITY_REGION {"group":42178,"boundary_attempt":false,"point_budget":64,"source_facets":4,"boundary_points":6,"new_points":1,"boundary_unchanged":true,"before_bad":1,"after_score_computed":true,"after_bad":1,"after_valid":true,"before_bad_area":0.00208117,"after_bad_area":0.00392212,"selected":false}
NATIVE_QUALITY_REGION {"group":42179,"boundary_attempt":false,"point_budget":64,"source_facets":5,"boundary_points":7,"new_points":2,"boundary_unchanged":true,"before_bad":2,"after_score_computed":true,"after_bad":0,"after_valid":true,"before_bad_area":0.00523715,"after_bad_area":0,"selected":true}
NATIVE_QUALITY_REGION {"group":42180,"boundary_attempt":false,"point_budget":64,"source_facets":4,"boundary_points":6,"new_points":0,"boundary_unchanged":true,"before_bad":2,"after_score_computed":true,"after_bad":2,"after_valid":true,"before_bad_area":0.00294236,"after_bad_area":0.00294236,"selected":false}
NATIVE_QUALITY_REGION {"group":42181,"boundary_attempt":false,"point_budget":64,"source_facets":4,"boundary_points":6,"new_points":2,"boundary_unchanged":true,"before_bad":3,"after_score_computed":true,"after_bad":1,"after_valid":true,"before_bad_area":0.0146019,"after_bad_area":0.00571139,"selected":true}
NATIVE_QUALITY_REGION {"group":42184,"boundary_attempt":false,"point_budget":64,"source_facets":8,"boundary_points":7,"new_points":0,"boundary_unchanged":true,"before_bad":2,"after_score_computed":true,"after_bad":2,"after_valid":true,"before_bad_area":0.00170412,"after_bad_area":0.00170412,"selected":false}
NATIVE_QUALITY_REGION {"group":42185,"boundary_attempt":false,"point_budget":64,"source_facets":5,"boundary_points":7,"new_points":3,"boundary_unchanged":true,"before_bad":3,"after_score_computed":true,"after_bad":3,"after_valid":true,"before_bad_area":0.00798681,"after_bad_area":0.00607934,"selected":true}
NATIVE_QUALITY_REGION {"group":42186,"boundary_attempt":false,"point_budget":64,"source_facets":5,"boundary_points":6,"new_points":0,"boundary_unchanged":true,"before_bad":1,"after_score_computed":true,"after_bad":1,"after_valid":true,"before_bad_area":0.00530931,"after_bad_area":0.00530931,"selected":false}
NATIVE_QUALITY_REGION {"group":42187,"boundary_attempt":false,"point_budget":64,"source_facets":4,"boundary_points":6,"new_points":0,"boundary_unchanged":true,"before_bad":2,"after_score_computed":true,"after_bad":2,"after_valid":true,"before_bad_area":0.00273457,"after_bad_area":0.00273457,"selected":false}
NATIVE_QUALITY_REGION {"group":42190,"boundary_attempt":false,"point_budget":64,"source_facets":3,"boundary_points":5,"new_points":0,"boundary_unchanged":true,"before_bad":1,"after_score_computed":true,"after_bad":1,"after_valid":true,"before_bad_area":0.00165311,"after_bad_area":0.00165311,"selected":false}
NATIVE_QUALITY_REGION {"group":42191,"boundary_attempt":false,"point_budget":64,"source_facets":5,"boundary_points":7,"new_points":1,"boundary_unchanged":true,"before_bad":3,"after_score_computed":true,"after_bad":2,"after_valid":true,"before_bad_area":0.00688227,"after_bad_area":0.00363937,"selected":true}
NATIVE_QUALITY_REGION {"group":42192,"boundary_attempt":false,"point_budget":64,"source_facets":4,"boundary_points":6,"new_points":0,"boundary_unchanged":true,"before_bad":2,"after_score_computed":true,"after_bad":2,"after_valid":true,"before_bad_area":0.00380438,"after_bad_area":0.00380438,"selected":false}
NATIVE_QUALITY_REGION {"group":42193,"boundary_attempt":false,"point_budget":64,"source_facets":6,"boundary_points":6,"new_points":0,"boundary_unchanged":true,"before_bad":2,"after_score_computed":true,"after_bad":2,"after_valid":true,"before_bad_area":0.00267859,"after_bad_area":0.00267859,"selected":false}
NATIVE_QUALITY_REGION {"group":42194,"boundary_attempt":false,"point_budget":64,"source_facets":4,"boundary_points":5,"new_points":1,"boundary_unchanged":true,"before_bad":1,"after_score_computed":true,"after_bad":2,"after_valid":true,"before_bad_area":0.000473936,"after_bad_area":0.00180611,"selected":false}
NATIVE_QUALITY_REGION {"group":42196,"boundary_attempt":false,"point_budget":64,"source_facets":6,"boundary_points":8,"new_points":3,"boundary_unchanged":true,"before_bad":4,"after_score_computed":true,"after_bad":1,"after_valid":true,"before_bad_area":0.00626599,"after_bad_area":0.00325141,"selected":true}
NATIVE_QUALITY_REGION {"group":42197,"boundary_attempt":false,"point_budget":64,"source_facets":4,"boundary_points":6,"new_points":0,"boundary_unchanged":true,"before_bad":1,"after_score_computed":true,"after_bad":1,"after_valid":true,"before_bad_area":0.000772345,"after_bad_area":0.000772345,"selected":false}
NATIVE_QUALITY_REGION {"group":42198,"boundary_attempt":false,"point_budget":64,"source_facets":5,"boundary_points":7,"new_points":2,"boundary_unchanged":true,"before_bad":3,"after_score_computed":true,"after_bad":2,"after_valid":true,"before_bad_area":0.00735745,"after_bad_area":0.00255643,"selected":true}
NATIVE_QUALITY_REGION {"group":42199,"boundary_attempt":false,"point_budget":64,"source_facets":6,"boundary_points":8,"new_points":0,"boundary_unchanged":true,"before_bad":1,"after_score_computed":true,"after_bad":1,"after_valid":true,"before_bad_area":0.00249336,"after_bad_area":0.00249336,"selected":false}
NATIVE_QUALITY_REGION {"group":42200,"boundary_attempt":false,"point_budget":64,"source_facets":3,"boundary_points":5,"new_points":0,"boundary_unchanged":true,"before_bad":1,"after_score_computed":true,"after_bad":1,"after_valid":true,"before_bad_area":0.000629623,"after_bad_area":0.000629623,"selected":false}
NATIVE_QUALITY_REGION {"group":42201,"boundary_attempt":false,"point_budget":64,"source_facets":5,"boundary_points":7,"new_points":2,"boundary_unchanged":true,"before_bad":2,"after_score_computed":true,"after_bad":2,"after_valid":true,"before_bad_area":0.00512042,"after_bad_area":0.00372509,"selected":true}
NATIVE_QUALITY_REGION {"group":42202,"boundary_attempt":false,"point_budget":64,"source_facets":6,"boundary_points":8,"new_points":5,"boundary_unchanged":true,"before_bad":5,"after_score_computed":true,"after_bad":8,"after_valid":true,"before_bad_area":0.00416296,"after_bad_area":0.00440677,"selected":false}
NATIVE_QUALITY_REGION {"group":42203,"boundary_attempt":false,"point_budget":64,"source_facets":9,"boundary_points":10,"new_points":2,"boundary_unchanged":true,"before_bad":2,"after_score_computed":true,"after_bad":2,"after_valid":true,"before_bad_area":0.004644,"after_bad_area":0.004644,"selected":false}
NATIVE_QUALITY_REGION {"group":42204,"boundary_attempt":false,"point_budget":64,"source_facets":10,"boundary_points":11,"new_points":2,"boundary_unchanged":true,"before_bad":5,"after_score_computed":true,"after_bad":6,"after_valid":true,"before_bad_area":0.00294762,"after_bad_area":0.00461498,"selected":false}
NATIVE_QUALITY_REGION {"group":41552,"boundary_attempt":false,"point_budget":128,"source_facets":5,"boundary_points":7,"new_points":0,"boundary_unchanged":true,"before_bad":1,"after_score_computed":true,"after_bad":1,"after_valid":true,"before_bad_area":2.8793e-06,"after_bad_area":2.8793e-06,"selected":false}
NATIVE_QUALITY_REGION {"group":41555,"boundary_attempt":false,"point_budget":128,"source_facets":6,"boundary_points":8,"new_points":0,"boundary_unchanged":true,"before_bad":2,"after_score_computed":true,"after_bad":2,"after_valid":true,"before_bad_area":0.00231096,"after_bad_area":0.00231096,"selected":false}
NATIVE_QUALITY_REGION {"group":41561,"boundary_attempt":false,"point_budget":128,"source_facets":5,"boundary_points":7,"new_points":2,"boundary_unchanged":true,"before_bad":2,"after_score_computed":true,"after_bad":0,"after_valid":true,"before_bad_area":0.00147971,"after_bad_area":0,"selected":true}
NATIVE_QUALITY_REGION {"group":41786,"boundary_attempt":false,"point_budget":128,"source_facets":9,"boundary_points":9,"new_points":3,"boundary_unchanged":true,"before_bad":3,"after_score_computed":true,"after_bad":2,"after_valid":true,"before_bad_area":0.00223044,"after_bad_area":0.0030906,"selected":false}
NATIVE_QUALITY_REGION {"group":42077,"boundary_attempt":false,"point_budget":128,"source_facets":3,"boundary_points":5,"new_points":0,"boundary_unchanged":true,"before_bad":2,"after_score_computed":true,"after_bad":2,"after_valid":true,"before_bad_area":0.00247865,"after_bad_area":0.00247865,"selected":false}
NATIVE_QUALITY_REGION {"group":42097,"boundary_attempt":false,"point_budget":128,"source_facets":4,"boundary_points":6,"new_points":1,"boundary_unchanged":true,"before_bad":1,"after_score_computed":true,"after_bad":1,"after_valid":true,"before_bad_area":0.000209215,"after_bad_area":0.00111403,"selected":false}
NATIVE_QUALITY_REGION {"group":42104,"boundary_attempt":false,"point_budget":128,"source_facets":13,"boundary_points":13,"new_points":1,"boundary_unchanged":true,"before_bad":6,"after_score_computed":true,"after_bad":5,"after_valid":true,"before_bad_area":0.00215594,"after_bad_area":0.00172958,"selected":true}
NATIVE_QUALITY_REGION {"group":42138,"boundary_attempt":false,"point_budget":128,"source_facets":6,"boundary_points":8,"new_points":1,"boundary_unchanged":true,"before_bad":3,"after_score_computed":true,"after_bad":3,"after_valid":true,"before_bad_area":0.0135179,"after_bad_area":0.0141331,"selected":false}
NATIVE_QUALITY_REGION {"group":42139,"boundary_attempt":false,"point_budget":128,"source_facets":13,"boundary_points":13,"new_points":1,"boundary_unchanged":true,"before_bad":3,"after_score_computed":true,"after_bad":2,"after_valid":true,"before_bad_area":0.00212415,"after_bad_area":0.00088895,"selected":true}
NATIVE_QUALITY_REGION {"group":42147,"boundary_attempt":false,"point_budget":128,"source_facets":7,"boundary_points":7,"new_points":1,"boundary_unchanged":true,"before_bad":4,"after_score_computed":true,"after_bad":1,"after_valid":true,"before_bad_area":0.0306693,"after_bad_area":0.00870509,"selected":true}
NATIVE_QUALITY_REGION {"group":42177,"boundary_attempt":false,"point_budget":128,"source_facets":5,"boundary_points":7,"new_points":0,"boundary_unchanged":true,"before_bad":3,"after_score_computed":true,"after_bad":3,"after_valid":true,"before_bad_area":0.00267859,"after_bad_area":0.00267859,"selected":false}
NATIVE_QUALITY_REGION {"group":42184,"boundary_attempt":false,"point_budget":128,"source_facets":4,"boundary_points":6,"new_points":0,"boundary_unchanged":true,"before_bad":1,"after_score_computed":true,"after_bad":1,"after_valid":true,"before_bad_area":0.000629623,"after_bad_area":0.000629623,"selected":false}
NATIVE_QUALITY_REGION {"group":42188,"boundary_attempt":false,"point_budget":128,"source_facets":10,"boundary_points":12,"new_points":2,"boundary_unchanged":true,"before_bad":6,"after_score_computed":true,"after_bad":7,"after_valid":true,"before_bad_area":0.00927128,"after_bad_area":0.0109631,"selected":false}
NATIVE_QUALITY_REGION {"group":42192,"boundary_attempt":false,"point_budget":128,"source_facets":6,"boundary_points":8,"new_points":0,"boundary_unchanged":true,"before_bad":4,"after_score_computed":true,"after_bad":4,"after_valid":true,"before_bad_area":0.00172134,"after_bad_area":0.00172134,"selected":false}
o-[QualityBoundary] shared_edges=0 before_bad=769 after_bad=769 before_area=337.117 after_area=337.117 accepted=1
o-[QualityBoundary] shared_edges=23 before_bad=768 after_bad=769 before_area=337.129 after_area=337.117 accepted=0
NATIVE_RESULT {"load_ms":36.358747000000001,"boolean_ms":1070.9878940000001,"save_ms":54.054853999999999,"faces":44050,"vertices":22027,"simplify":true}
