Warp 1.0.0-beta.2 initialized:
   CUDA Toolkit: 12.8, Driver: 13.2
   Devices:
     "cpu"    | x86_64
     "cuda:0" | NVIDIA GeForce RTX 4080 SUPER (sm_89)
   Kernel cache: /root/.cache/warp/1.0.0-beta.2
[33;20mWARNING - Triangle area is too small (min_area=2.2444918493993285e-15), may cause numerical instability (system.py:213)[0m
Module pamo_safe_project.kernels.geometry_kernels load on device 'cuda:0' took 34.80 ms
Module pamo_safe_project.kernels.energy_kernels.elastic_energy load on device 'cuda:0' took 22.01 ms
Module pamo_safe_project.kernels.energy_kernels.hinge_energy load on device 'cuda:0' took 53.58 ms
Module pamo_safe_project.kernels.energy_kernels.precision_contact_detection load on device 'cuda:0' took 30.36 ms
Module pamo_safe_project.kernels.energy_kernels.distance_energy load on device 'cuda:0' took 42.15 ms
Module pamo_safe_project.kernels.energy_kernels.preserved_collision_energy load on device 'cuda:0' took 128.23 ms
Module pamo_safe_project.kernels.utils_kernels load on device 'cuda:0' took 6.88 ms
Module tangent_plane_gpu load on device 'cuda:0' took 2.55 ms
Module locality_gpu load on device 'cuda:0' took 1.41 ms
Module pamo_safe_project.kernels.solver_kernels load on device 'cuda:0' took 5.78 ms
Module warp.utils load on device 'cuda:0' took 2.74 ms
Module pamo_safe_project.kernels.distance_kernels.grad_funcs load on device 'cuda:0' took 33.36 ms
Module pamo_safe_project.kernels.distance_kernels.hessian_funcs load on device 'cuda:0' took 144.90 ms
Module pamo_safe_project.kernels.distance_kernels.distance_kernels load on device 'cuda:0' took 206.70 ms
Module pamo_safe_project.kernels.distance_kernels.grad_funcs_struct load on device 'cuda:0' took 31.57 ms
Module pamo_safe_project.kernels.distance_kernels.distance_kernels_struct load on device 'cuda:0' took 34.68 ms
Module pamo_safe_project.kernels.energy_kernels.collision_energy load on device 'cuda:0' took 135.32 ms
Module pamo_safe_project.kernels.ccd_kernels load on device 'cuda:0' took 41.24 ms
Module pamo_safe_project.kernels.energy_kernels.lb_curvature_energy load on device 'cuda:0' took 9.07 ms
Module pamo_safe_project.kernels.energy_kernels.contact_detection load on device 'cuda:0' took 30.63 ms
Module tangent_preserved_gpu load on device 'cuda:0' took 2.57 ms
Module robust_pt_gpu load on device 'cuda:0' took 8.34 ms
Module pamo_safe_project.kernels.energy_kernels.precision_collision_energy load on device 'cuda:0' took 137.73 ms
Module pamo_safe_project.kernels.precision_ccd_kernels load on device 'cuda:0' took 41.55 ms
Module robust_pt_gradient_gpu load on device 'cuda:0' took 8.54 ms
Module pamo_safe_project.kernels.energy_kernels.precision_gradient_collision_energy load on device 'cuda:0' took 116.90 ms
Module fixed_geometry_gpu load on device 'cuda:0' took 9.57 ms
Module pamo_safe_project.kernels.preserved_ccd load on device 'cuda:0' took 48.02 ms
