Warp 1.0.0-beta.2 initialized:
   CUDA Toolkit: 12.8, Driver: 13.2
   Devices:
     "cpu"    | x86_64
     "cuda:0" | NVIDIA GeForce RTX 4080 SUPER (sm_89)
   Kernel cache: /root/.cache/warp/1.0.0-beta.2
[33;20mWARNING - Triangle area is too small (min_area=6.302927506429621e-12), may cause numerical instability (system.py:213)[0m
Module pamo_safe_project.kernels.geometry_kernels load on device 'cuda:0' took 31.57 ms
Module pamo_safe_project.kernels.energy_kernels.elastic_energy load on device 'cuda:0' took 22.23 ms
Module pamo_safe_project.kernels.energy_kernels.hinge_energy load on device 'cuda:0' took 53.77 ms
Module pamo_safe_project.kernels.energy_kernels.precision_contact_detection load on device 'cuda:0' took 33.79 ms
Module pamo_safe_project.kernels.energy_kernels.distance_energy load on device 'cuda:0' took 40.23 ms
Module pamo_safe_project.kernels.energy_kernels.precision_gradient_collision_energy load on device 'cuda:0' took 115.18 ms
Module pamo_safe_project.kernels.utils_kernels load on device 'cuda:0' took 7.00 ms
Module tangent_plane_gpu load on device 'cuda:0' took 3.45 ms
Module locality_gpu load on device 'cuda:0' took 1.27 ms
Module pamo_safe_project.kernels.solver_kernels load on device 'cuda:0' took 6.25 ms
Module warp.utils load on device 'cuda:0' took 2.34 ms
Module pamo_safe_project.kernels.distance_kernels.grad_funcs load on device 'cuda:0' took 32.27 ms
Module pamo_safe_project.kernels.distance_kernels.hessian_funcs load on device 'cuda:0' took 151.23 ms
Module pamo_safe_project.kernels.distance_kernels.distance_kernels load on device 'cuda:0' took 212.86 ms
Module pamo_safe_project.kernels.distance_kernels.grad_funcs_struct load on device 'cuda:0' took 33.26 ms
Module pamo_safe_project.kernels.distance_kernels.distance_kernels_struct load on device 'cuda:0' took 33.99 ms
Module pamo_safe_project.kernels.energy_kernels.collision_energy load on device 'cuda:0' took 137.61 ms
Module pamo_safe_project.kernels.ccd_kernels load on device 'cuda:0' took 44.61 ms
Module pamo_safe_project.kernels.energy_kernels.lb_curvature_energy load on device 'cuda:0' took 7.27 ms
Module pamo_safe_project.kernels.energy_kernels.contact_detection load on device 'cuda:0' took 31.47 ms
Module robust_pt_gpu load on device 'cuda:0' took 10.61 ms
Module pamo_safe_project.kernels.energy_kernels.precision_collision_energy load on device 'cuda:0' took 141.47 ms
Module pamo_safe_project.kernels.precision_ccd_kernels load on device 'cuda:0' took 41.26 ms
Module robust_pt_gradient_gpu load on device 'cuda:0' took 9.36 ms
