Stage1 :  True
Stage3 :  True
Warp 1.0.0-beta.2 initialized:
   CUDA Toolkit: 12.8, Driver: 13.2
   Devices:
     "cpu"    | x86_64
     "cuda:0" | NVIDIA GeForce RTX 4080 SUPER (sm_89)
   Kernel cache: /root/.cache/warp/1.0.0-beta.2
independent_occupied_grid_points 3421641
Target faces : 3928
Time for Remeshing: 1.0092082023620605 sec
Time for Simplification: 0.4437119960784912 sec
Module pamo_safe_project.kernels.geometry_kernels load on device 'cuda:0' took 17.76 ms
Module pamo_safe_project.kernels.energy_kernels.elastic_energy load on device 'cuda:0' took 17.14 ms
Module pamo_safe_project.kernels.energy_kernels.hinge_energy load on device 'cuda:0' took 169.22 ms
Module pamo_safe_project.kernels.energy_kernels.contact_detection load on device 'cuda:0' took 21.89 ms
Module pamo_safe_project.kernels.energy_kernels.distance_energy load on device 'cuda:0' took 28.71 ms
Module pamo_safe_project.kernels.energy_kernels.collision_energy load on device 'cuda:0' took 94.61 ms
Module pamo_safe_project.kernels.utils_kernels load on device 'cuda:0' took 4.31 ms
Module pamo_safe_project.kernels.solver_kernels load on device 'cuda:0' took 3.52 ms
Module warp.utils load on device 'cuda:0' took 1.88 ms
Module pamo_safe_project.kernels.distance_kernels.grad_funcs load on device 'cuda:0' took 23.17 ms
Module pamo_safe_project.kernels.distance_kernels.hessian_funcs load on device 'cuda:0' took 102.18 ms
Module pamo_safe_project.kernels.distance_kernels.distance_kernels load on device 'cuda:0' took 141.85 ms
Module pamo_safe_project.kernels.distance_kernels.grad_funcs_struct load on device 'cuda:0' took 21.74 ms
Module pamo_safe_project.kernels.distance_kernels.distance_kernels_struct load on device 'cuda:0' took 23.69 ms
Module pamo_safe_project.kernels.ccd_kernels load on device 'cuda:0' took 28.71 ms
Module pamo_safe_project.kernels.energy_kernels.lb_curvature_energy load on device 'cuda:0' took 4.27 ms
{"input": "resolution_s4_clean.obj", "resolution": 256, "voxel_pitch_mm": 0.015625, "independent_filled_voxels": 3636256, "occupied_pamo_grid_points": 3421641, "interpretation": "独立体素填充仅供归因，不能充当连续几何或输入合法性证书", "original_negative_voxels": 0, "replaced_negative_voxels": 3421641}
