Stage1 :  True
Stage3 :  True
Warp 1.0.0-beta.2 initialized:
   CUDA Toolkit: 12.8, Driver: 13.2
   Devices:
     "cpu"    | x86_64
     "cuda:0" | NVIDIA GeForce RTX 4080 SUPER (sm_89)
   Kernel cache: /root/.cache/warp/1.0.0-beta.2
independent_occupied_grid_points 3424270
Target faces : 2172
Time for Remeshing: 0.9874207973480225 sec
Time for Simplification: 0.4455745220184326 sec
Module pamo_safe_project.kernels.geometry_kernels load on device 'cuda:0' took 16.33 ms
Module pamo_safe_project.kernels.energy_kernels.elastic_energy load on device 'cuda:0' took 15.77 ms
Module pamo_safe_project.kernels.energy_kernels.hinge_energy load on device 'cuda:0' took 118.83 ms
Module pamo_safe_project.kernels.energy_kernels.contact_detection load on device 'cuda:0' took 20.50 ms
Module pamo_safe_project.kernels.energy_kernels.distance_energy load on device 'cuda:0' took 27.39 ms
Module pamo_safe_project.kernels.energy_kernels.collision_energy load on device 'cuda:0' took 90.43 ms
Module pamo_safe_project.kernels.utils_kernels load on device 'cuda:0' took 3.93 ms
Module pamo_safe_project.kernels.solver_kernels load on device 'cuda:0' took 3.17 ms
Module warp.utils load on device 'cuda:0' took 1.60 ms
Module pamo_safe_project.kernels.distance_kernels.grad_funcs load on device 'cuda:0' took 23.34 ms
Module pamo_safe_project.kernels.distance_kernels.hessian_funcs load on device 'cuda:0' took 98.03 ms
Module pamo_safe_project.kernels.distance_kernels.distance_kernels load on device 'cuda:0' took 136.67 ms
Module pamo_safe_project.kernels.distance_kernels.grad_funcs_struct load on device 'cuda:0' took 21.14 ms
Module pamo_safe_project.kernels.distance_kernels.distance_kernels_struct load on device 'cuda:0' took 23.11 ms
Module pamo_safe_project.kernels.ccd_kernels load on device 'cuda:0' took 27.62 ms
Module pamo_safe_project.kernels.energy_kernels.lb_curvature_energy load on device 'cuda:0' took 3.83 ms
{"input": "resolution_s3_clean.obj", "resolution": 256, "voxel_pitch_mm": 0.015625, "independent_filled_voxels": 3639026, "occupied_pamo_grid_points": 3424270, "interpretation": "独立体素填充仅供归因，不能充当连续几何或输入合法性证书", "original_negative_voxels": 0, "replaced_negative_voxels": 3424270}
