Stage1 :  True
Stage3 :  True
Warp 1.0.0-beta.2 initialized:
   CUDA Toolkit: 12.8, Driver: 13.2
   Devices:
     "cpu"    | x86_64
     "cuda:0" | NVIDIA GeForce RTX 4080 SUPER (sm_89)
   Kernel cache: /root/.cache/warp/1.0.0-beta.2
Target faces : 2154
Time for Remeshing: 0.06151223182678223 sec
Time for Simplification: 0.4207906723022461 sec
Module pamo_safe_project.kernels.geometry_kernels load on device 'cuda:0' took 18.06 ms
Module pamo_safe_project.kernels.energy_kernels.elastic_energy load on device 'cuda:0' took 16.63 ms
Module pamo_safe_project.kernels.energy_kernels.hinge_energy load on device 'cuda:0' took 35.04 ms
Module pamo_safe_project.kernels.energy_kernels.contact_detection load on device 'cuda:0' took 21.70 ms
Module pamo_safe_project.kernels.energy_kernels.distance_energy load on device 'cuda:0' took 24.45 ms
Module pamo_safe_project.kernels.energy_kernels.collision_energy load on device 'cuda:0' took 83.75 ms
Module pamo_safe_project.kernels.utils_kernels load on device 'cuda:0' took 3.83 ms
Module pamo_safe_project.kernels.solver_kernels load on device 'cuda:0' took 3.03 ms
Module warp.utils load on device 'cuda:0' took 1.56 ms
Module pamo_safe_project.kernels.distance_kernels.grad_funcs load on device 'cuda:0' took 19.78 ms
Module pamo_safe_project.kernels.distance_kernels.hessian_funcs load on device 'cuda:0' took 91.19 ms
Module pamo_safe_project.kernels.distance_kernels.distance_kernels load on device 'cuda:0' took 131.24 ms
Module pamo_safe_project.kernels.distance_kernels.grad_funcs_struct load on device 'cuda:0' took 21.61 ms
Module pamo_safe_project.kernels.distance_kernels.distance_kernels_struct load on device 'cuda:0' took 22.90 ms
Module pamo_safe_project.kernels.ccd_kernels load on device 'cuda:0' took 23.83 ms
Module pamo_safe_project.kernels.energy_kernels.lb_curvature_energy load on device 'cuda:0' took 3.28 ms
