Stage1 :  True
Stage3 :  True
Warp 1.0.0-beta.2 initialized:
   CUDA Toolkit: 12.8, Driver: 13.2
   Devices:
     "cpu"    | x86_64
     "cuda:0" | NVIDIA GeForce RTX 4080 SUPER (sm_89)
   Kernel cache: /root/.cache/warp/1.0.0-beta.2
Target faces : 5534
Time for Remeshing: 0.08713936805725098 sec
Time for Simplification: 0.4876110553741455 sec
Module pamo_safe_project.kernels.geometry_kernels load on device 'cuda:0' took 21.35 ms
Module pamo_safe_project.kernels.energy_kernels.elastic_energy load on device 'cuda:0' took 19.55 ms
Module pamo_safe_project.kernels.energy_kernels.hinge_energy load on device 'cuda:0' took 48.26 ms
Module pamo_safe_project.kernels.energy_kernels.contact_detection load on device 'cuda:0' took 28.02 ms
Module pamo_safe_project.kernels.energy_kernels.distance_energy load on device 'cuda:0' took 37.83 ms
Module pamo_safe_project.kernels.energy_kernels.collision_energy load on device 'cuda:0' took 128.51 ms
Module pamo_safe_project.kernels.utils_kernels load on device 'cuda:0' took 5.57 ms
Module pamo_safe_project.kernels.solver_kernels load on device 'cuda:0' took 4.35 ms
Module warp.utils load on device 'cuda:0' took 2.13 ms
Module pamo_safe_project.kernels.distance_kernels.grad_funcs load on device 'cuda:0' took 30.81 ms
Module pamo_safe_project.kernels.distance_kernels.hessian_funcs load on device 'cuda:0' took 136.54 ms
Module pamo_safe_project.kernels.distance_kernels.distance_kernels load on device 'cuda:0' took 186.63 ms
Module pamo_safe_project.kernels.distance_kernels.grad_funcs_struct load on device 'cuda:0' took 29.04 ms
Module pamo_safe_project.kernels.distance_kernels.distance_kernels_struct load on device 'cuda:0' took 32.29 ms
Module pamo_safe_project.kernels.ccd_kernels load on device 'cuda:0' took 37.82 ms
Module pamo_safe_project.kernels.energy_kernels.lb_curvature_energy load on device 'cuda:0' took 5.26 ms
