Stage1 :  True
Stage3 :  True
Warp 1.0.0-beta.2 initialized:
   CUDA Toolkit: 12.8, Driver: 13.2
   Devices:
     "cpu"    | x86_64
     "cuda:0" | NVIDIA GeForce RTX 4080 SUPER (sm_89)
   Kernel cache: /root/.cache/warp/1.0.0-beta.2
Target faces : 5486
Time for Remeshing: 0.0686345100402832 sec
Time for Simplification: 0.48885202407836914 sec
Module pamo_safe_project.kernels.geometry_kernels load on device 'cuda:0' took 18.04 ms
Module pamo_safe_project.kernels.energy_kernels.elastic_energy load on device 'cuda:0' took 16.49 ms
Module pamo_safe_project.kernels.energy_kernels.hinge_energy load on device 'cuda:0' took 36.82 ms
Module pamo_safe_project.kernels.energy_kernels.contact_detection load on device 'cuda:0' took 19.31 ms
Module pamo_safe_project.kernels.energy_kernels.distance_energy load on device 'cuda:0' took 24.57 ms
Module pamo_safe_project.kernels.energy_kernels.collision_energy load on device 'cuda:0' took 84.21 ms
Module pamo_safe_project.kernels.utils_kernels load on device 'cuda:0' took 3.56 ms
Module pamo_safe_project.kernels.solver_kernels load on device 'cuda:0' took 2.85 ms
Module warp.utils load on device 'cuda:0' took 1.52 ms
Module pamo_safe_project.kernels.distance_kernels.grad_funcs load on device 'cuda:0' took 22.21 ms
Module pamo_safe_project.kernels.distance_kernels.hessian_funcs load on device 'cuda:0' took 94.89 ms
Module pamo_safe_project.kernels.distance_kernels.distance_kernels load on device 'cuda:0' took 125.98 ms
Module pamo_safe_project.kernels.distance_kernels.grad_funcs_struct load on device 'cuda:0' took 18.02 ms
Module pamo_safe_project.kernels.distance_kernels.distance_kernels_struct load on device 'cuda:0' took 22.58 ms
Module pamo_safe_project.kernels.ccd_kernels load on device 'cuda:0' took 26.27 ms
Module pamo_safe_project.kernels.energy_kernels.lb_curvature_energy load on device 'cuda:0' took 3.28 ms
