Stage1 :  True
Stage3 :  True
Warp 1.0.0-beta.2 initialized:
   CUDA Toolkit: 12.8, Driver: 13.2
   Devices:
     "cpu"    | x86_64
     "cuda:0" | NVIDIA GeForce RTX 4080 SUPER (sm_89)
   Kernel cache: /root/.cache/warp/1.0.0-beta.2
Target faces : 1454
Time for Remeshing: 0.07915091514587402 sec
Time for Simplification: 0.46866703033447266 sec
Module pamo_safe_project.kernels.geometry_kernels load on device 'cuda:0' took 21.73 ms
Module pamo_safe_project.kernels.energy_kernels.elastic_energy load on device 'cuda:0' took 19.81 ms
Module pamo_safe_project.kernels.energy_kernels.hinge_energy load on device 'cuda:0' took 48.60 ms
Module pamo_safe_project.kernels.energy_kernels.contact_detection load on device 'cuda:0' took 28.28 ms
Module pamo_safe_project.kernels.energy_kernels.distance_energy load on device 'cuda:0' took 37.95 ms
Module pamo_safe_project.kernels.energy_kernels.collision_energy load on device 'cuda:0' took 125.70 ms
Module pamo_safe_project.kernels.utils_kernels load on device 'cuda:0' took 6.76 ms
Module pamo_safe_project.kernels.solver_kernels load on device 'cuda:0' took 4.46 ms
Module warp.utils load on device 'cuda:0' took 2.15 ms
Module pamo_safe_project.kernels.distance_kernels.grad_funcs load on device 'cuda:0' took 31.01 ms
Module pamo_safe_project.kernels.distance_kernels.hessian_funcs load on device 'cuda:0' took 136.13 ms
Module pamo_safe_project.kernels.distance_kernels.distance_kernels load on device 'cuda:0' took 188.18 ms
Module pamo_safe_project.kernels.distance_kernels.grad_funcs_struct load on device 'cuda:0' took 29.02 ms
Module pamo_safe_project.kernels.distance_kernels.distance_kernels_struct load on device 'cuda:0' took 31.72 ms
Module pamo_safe_project.kernels.ccd_kernels load on device 'cuda:0' took 37.38 ms
Module pamo_safe_project.kernels.energy_kernels.lb_curvature_energy load on device 'cuda:0' took 5.41 ms
