Stage1 :  True
Stage3 :  True
Warp 1.0.0-beta.2 initialized:
   CUDA Toolkit: 12.8, Driver: 13.2
   Devices:
     "cpu"    | x86_64
     "cuda:0" | NVIDIA GeForce RTX 4080 SUPER (sm_89)
   Kernel cache: /root/.cache/warp/1.0.0-beta.2
Target faces : 67320
Time for Remeshing: 0.12904119491577148 sec
Time for Simplification: 0.21122312545776367 sec
Module pamo_safe_project.kernels.geometry_kernels load on device 'cuda:0' took 205.14 ms
Module pamo_safe_project.kernels.energy_kernels.elastic_energy load on device 'cuda:0' took 22.65 ms
Module pamo_safe_project.kernels.energy_kernels.hinge_energy load on device 'cuda:0' took 61.00 ms
Module pamo_safe_project.kernels.energy_kernels.contact_detection load on device 'cuda:0' took 35.83 ms
Module pamo_safe_project.kernels.energy_kernels.distance_energy load on device 'cuda:0' took 46.01 ms
Module pamo_safe_project.kernels.energy_kernels.collision_energy load on device 'cuda:0' took 147.34 ms
Module pamo_safe_project.kernels.utils_kernels load on device 'cuda:0' took 7.73 ms
Module pamo_safe_project.kernels.solver_kernels load on device 'cuda:0' took 5.07 ms
Module warp.utils load on device 'cuda:0' took 2.63 ms
Module pamo_safe_project.kernels.distance_kernels.grad_funcs load on device 'cuda:0' took 33.37 ms
Module pamo_safe_project.kernels.distance_kernels.hessian_funcs load on device 'cuda:0' took 157.59 ms
Module pamo_safe_project.kernels.distance_kernels.distance_kernels load on device 'cuda:0' took 218.67 ms
Module pamo_safe_project.kernels.distance_kernels.grad_funcs_struct load on device 'cuda:0' took 32.23 ms
Module pamo_safe_project.kernels.distance_kernels.distance_kernels_struct load on device 'cuda:0' took 38.22 ms
Module pamo_safe_project.kernels.ccd_kernels load on device 'cuda:0' took 45.56 ms
Module pamo_safe_project.kernels.energy_kernels.lb_curvature_energy load on device 'cuda:0' took 7.97 ms
Module locality_gpu load on device 'cuda:0' took 2.80 ms
{"pamo_run_ms": 4252.2856295108795, "stage1": "original", "method": "full", "maintenance_ms": 7717.3664616420865, "status": "pending_independent_audit"}
