Stage1 :  True
Stage3 :  True
Warp 1.0.0-beta.2 initialized:
   CUDA Toolkit: 12.8, Driver: 13.2
   Devices:
     "cpu"    | x86_64
     "cuda:0" | NVIDIA GeForce RTX 4080 SUPER (sm_89)
   Kernel cache: /root/.cache/warp/1.0.0-beta.2
Target faces : 5486
Time for Remeshing: 0.06676316261291504 sec
Time for Simplification: 0.44190311431884766 sec
Module pamo_safe_project.kernels.geometry_kernels load on device 'cuda:0' took 18.55 ms
Module pamo_safe_project.kernels.energy_kernels.elastic_energy load on device 'cuda:0' took 16.86 ms
Module pamo_safe_project.kernels.energy_kernels.hinge_energy load on device 'cuda:0' took 36.23 ms
Module pamo_safe_project.kernels.energy_kernels.contact_detection load on device 'cuda:0' took 18.78 ms
Module pamo_safe_project.kernels.energy_kernels.distance_energy load on device 'cuda:0' took 25.25 ms
Module pamo_safe_project.kernels.energy_kernels.collision_energy load on device 'cuda:0' took 83.17 ms
Module pamo_safe_project.kernels.utils_kernels load on device 'cuda:0' took 3.88 ms
Module pamo_safe_project.kernels.solver_kernels load on device 'cuda:0' took 3.08 ms
Module warp.utils load on device 'cuda:0' took 1.68 ms
Module pamo_safe_project.kernels.distance_kernels.grad_funcs load on device 'cuda:0' took 24.81 ms
Module pamo_safe_project.kernels.distance_kernels.hessian_funcs load on device 'cuda:0' took 92.43 ms
Module pamo_safe_project.kernels.distance_kernels.distance_kernels load on device 'cuda:0' took 133.74 ms
Module pamo_safe_project.kernels.distance_kernels.grad_funcs_struct load on device 'cuda:0' took 20.01 ms
Module pamo_safe_project.kernels.distance_kernels.distance_kernels_struct load on device 'cuda:0' took 21.81 ms
Module pamo_safe_project.kernels.ccd_kernels load on device 'cuda:0' took 26.04 ms
Module pamo_safe_project.kernels.energy_kernels.lb_curvature_energy load on device 'cuda:0' took 3.66 ms
