-- The C compiler identification is GNU 11.4.0
-- The CXX compiler identification is GNU 11.4.0
-- The CUDA compiler identification is NVIDIA 12.8.93 with host compiler GNU 11.4.0
-- Detecting C compiler ABI info
-- Detecting C compiler ABI info - done
-- Check for working C compiler: /usr/bin/cc - skipped
-- Detecting C compile features
-- Detecting C compile features - done
-- Detecting CXX compiler ABI info
-- Detecting CXX compiler ABI info - done
-- Check for working CXX compiler: /usr/bin/c++ - skipped
-- Detecting CXX compile features
-- Detecting CXX compile features - done
-- Detecting CUDA compiler ABI info
-- Detecting CUDA compiler ABI info - done
-- Check for working CUDA compiler: /usr/local/cuda/bin/nvcc - skipped
-- Detecting CUDA compile features
-- Detecting CUDA compile features - done
-- RXMesh: CUDA architectures: 89
-- RXMesh: Polyscope is OFF
-- RXMesh: Build RXMesh unit test is OFF
-- RXMesh: Build RXMesh applications is ON
-- RXMesh: SuiteSparse is OFF
-- RXMesh: cuDSS is OFF
-- RXMesh: Double precision is OFF
-- RapidObj version 1.1.0
-- Performing Test CMAKE_HAVE_LIBC_PTHREAD
-- Performing Test CMAKE_HAVE_LIBC_PTHREAD - Success
-- Found Threads: TRUE
CMake Deprecation Warning at /root/autodl-tmp/graduation_project/build_rxmesh_dynamic_20260908_141858/dependencies/OpenMesh-8.1/CMakeLists.txt:1 (cmake_minimum_required):
  Compatibility with CMake < 3.10 will be removed from a future version of
  CMake.

  Update the VERSION argument <min> value.  Or, use the <min>...<max> syntax
  to tell CMake that the project requires at least <min> but has been updated
  to work with policies introduced by <max> or earlier.


CMake Warning (dev) at /root/autodl-tmp/graduation_project/build_rxmesh_dynamic_20260908_141858/dependencies/OpenMesh-8.1/cmake/ACGCompiler.cmake:102 (set):
  implicitly converting 'STRINGLIST' to 'STRING' type.
Call Stack (most recent call first):
  /root/autodl-tmp/graduation_project/build_rxmesh_dynamic_20260908_141858/dependencies/OpenMesh-8.1/cmake/ACGCommon.cmake:131 (include)
  /root/autodl-tmp/graduation_project/build_rxmesh_dynamic_20260908_141858/dependencies/OpenMesh-8.1/CMakeLists.txt:38 (include)
This warning is for project developers.  Use -Wno-dev to suppress it.


[40;37m************************************************************[0m
[40;37m* [1;31mACG [0;40;34mBuildsystem[0m[40;37m                                          *[0m
[40;37m*                                                          *[0m
[40;37m* Package : [32mOpenMesh                                 [37m      *[0m
[40;37m* Version : [32m8.1                                      [37m      *[0m
[40;37m* Type    : [32mRelease [37m                                       *[0m
[40;37m************************************************************[0m
