
 Setting the directory C:\Users\24848\Desktop\GraduationProject\初步实验\Geogram与PaMO组合验证\实验结果\20261004_新梯度保留21体连续反馈\ to compress new files 
 Compressing files in C:\Users\24848\Desktop\GraduationProject\初步实验\Geogram与PaMO组合验证\实验结果\20261004_新梯度保留21体连续反馈\


 Compressing files in C:\Users\24848\Desktop\GraduationProject\初步实验\Geogram与PaMO组合验证\实验结果\20261004_新梯度保留21体连续反馈\弯曲骨样体_02_交叉_e0_candidate_boolean\


 Compressing files in C:\Users\24848\Desktop\GraduationProject\初步实验\Geogram与PaMO组合验证\实验结果\20261004_新梯度保留21体连续反馈\弯曲骨样体_02_交叉_e0_candidate_input\


 Compressing files in C:\Users\24848\Desktop\GraduationProject\初步实验\Geogram与PaMO组合验证\实验结果\20261004_新梯度保留21体连续反馈\弯曲骨样体_02_交叉_e0_full_full\


 Compressing files in C:\Users\24848\Desktop\GraduationProject\初步实验\Geogram与PaMO组合验证\实验结果\20261004_新梯度保留21体连续反馈\弯曲骨样体_02_交叉_e0_full_input\


 Compressing files in C:\Users\24848\Desktop\GraduationProject\初步实验\Geogram与PaMO组合验证\实验结果\20261004_新梯度保留21体连续反馈\弯曲骨样体_02_交叉_e0_reference\


 Compressing files in C:\Users\24848\Desktop\GraduationProject\初步实验\Geogram与PaMO组合验证\实验结果\20261004_新梯度保留21体连续反馈\弯曲骨样体_02_交叉_e1_candidate_boolean\


 Compressing files in C:\Users\24848\Desktop\GraduationProject\初步实验\Geogram与PaMO组合验证\实验结果\20261004_新梯度保留21体连续反馈\弯曲骨样体_02_交叉_e1_candidate_input\


 Compressing files in C:\Users\24848\Desktop\GraduationProject\初步实验\Geogram与PaMO组合验证\实验结果\20261004_新梯度保留21体连续反馈\弯曲骨样体_02_交叉_e1_full_full\


 Compressing files in C:\Users\24848\Desktop\GraduationProject\初步实验\Geogram与PaMO组合验证\实验结果\20261004_新梯度保留21体连续反馈\弯曲骨样体_02_交叉_e1_full_input\


 Compressing files in C:\Users\24848\Desktop\GraduationProject\初步实验\Geogram与PaMO组合验证\实验结果\20261004_新梯度保留21体连续反馈\弯曲骨样体_02_交叉_e1_reference\


 Compressing files in C:\Users\24848\Desktop\GraduationProject\初步实验\Geogram与PaMO组合验证\实验结果\20261004_新梯度保留21体连续反馈\弯曲骨样体_02_交叉_e2_candidate_boolean\


 Compressing files in C:\Users\24848\Desktop\GraduationProject\初步实验\Geogram与PaMO组合验证\实验结果\20261004_新梯度保留21体连续反馈\弯曲骨样体_02_交叉_e2_candidate_input\


 Compressing files in C:\Users\24848\Desktop\GraduationProject\初步实验\Geogram与PaMO组合验证\实验结果\20261004_新梯度保留21体连续反馈\弯曲骨样体_02_交叉_e2_reference\


 Compressing files in C:\Users\24848\Desktop\GraduationProject\初步实验\Geogram与PaMO组合验证\实验结果\20261004_新梯度保留21体连续反馈\弯曲骨样体_03_交叉_e0_candidate_boolean\


 Compressing files in C:\Users\24848\Desktop\GraduationProject\初步实验\Geogram与PaMO组合验证\实验结果\20261004_新梯度保留21体连续反馈\弯曲骨样体_03_交叉_e0_candidate_input\


 Compressing files in C:\Users\24848\Desktop\GraduationProject\初步实验\Geogram与PaMO组合验证\实验结果\20261004_新梯度保留21体连续反馈\弯曲骨样体_03_交叉_e0_full_full\


 Compressing files in C:\Users\24848\Desktop\GraduationProject\初步实验\Geogram与PaMO组合验证\实验结果\20261004_新梯度保留21体连续反馈\弯曲骨样体_03_交叉_e0_full_input\


 Compressing files in C:\Users\24848\Desktop\GraduationProject\初步实验\Geogram与PaMO组合验证\实验结果\20261004_新梯度保留21体连续反馈\弯曲骨样体_03_交叉_e0_reference\


 Compressing files in C:\Users\24848\Desktop\GraduationProject\初步实验\Geogram与PaMO组合验证\实验结果\20261004_新梯度保留21体连续反馈\弯曲骨样体_03_交叉_e1_candidate_boolean\


 Compressing files in C:\Users\24848\Desktop\GraduationProject\初步实验\Geogram与PaMO组合验证\实验结果\20261004_新梯度保留21体连续反馈\弯曲骨样体_03_交叉_e1_candidate_input\


 Compressing files in C:\Users\24848\Desktop\GraduationProject\初步实验\Geogram与PaMO组合验证\实验结果\20261004_新梯度保留21体连续反馈\弯曲骨样体_03_交叉_e1_reference\


 Compressing files in C:\Users\24848\Desktop\GraduationProject\初步实验\Geogram与PaMO组合验证\实验结果\20261004_新梯度保留21体连续反馈\弯曲骨样体_03_交叉_e2_candidate_boolean\


 Compressing files in C:\Users\24848\Desktop\GraduationProject\初步实验\Geogram与PaMO组合验证\实验结果\20261004_新梯度保留21体连续反馈\弯曲骨样体_03_交叉_e2_candidate_input\


 Compressing files in C:\Users\24848\Desktop\GraduationProject\初步实验\Geogram与PaMO组合验证\实验结果\20261004_新梯度保留21体连续反馈\弯曲骨样体_03_交叉_e2_reference\


 Compressing files in C:\Users\24848\Desktop\GraduationProject\初步实验\Geogram与PaMO组合验证\实验结果\20261004_新梯度保留21体连续反馈\弯曲骨样体_04_交叉_e0_candidate_boolean\


 Compressing files in C:\Users\24848\Desktop\GraduationProject\初步实验\Geogram与PaMO组合验证\实验结果\20261004_新梯度保留21体连续反馈\弯曲骨样体_04_交叉_e0_candidate_input\


 Compressing files in C:\Users\24848\Desktop\GraduationProject\初步实验\Geogram与PaMO组合验证\实验结果\20261004_新梯度保留21体连续反馈\弯曲骨样体_04_交叉_e0_full_full\


 Compressing files in C:\Users\24848\Desktop\GraduationProject\初步实验\Geogram与PaMO组合验证\实验结果\20261004_新梯度保留21体连续反馈\弯曲骨样体_04_交叉_e0_full_input\


 Compressing files in C:\Users\24848\Desktop\GraduationProject\初步实验\Geogram与PaMO组合验证\实验结果\20261004_新梯度保留21体连续反馈\弯曲骨样体_04_交叉_e0_reference\


 Compressing files in C:\Users\24848\Desktop\GraduationProject\初步实验\Geogram与PaMO组合验证\实验结果\20261004_新梯度保留21体连续反馈\弯曲骨样体_04_交叉_e1_candidate_boolean\


 Compressing files in C:\Users\24848\Desktop\GraduationProject\初步实验\Geogram与PaMO组合验证\实验结果\20261004_新梯度保留21体连续反馈\弯曲骨样体_04_交叉_e1_candidate_input\


 Compressing files in C:\Users\24848\Desktop\GraduationProject\初步实验\Geogram与PaMO组合验证\实验结果\20261004_新梯度保留21体连续反馈\弯曲骨样体_04_交叉_e1_full_full\


 Compressing files in C:\Users\24848\Desktop\GraduationProject\初步实验\Geogram与PaMO组合验证\实验结果\20261004_新梯度保留21体连续反馈\弯曲骨样体_04_交叉_e1_full_input\


 Compressing files in C:\Users\24848\Desktop\GraduationProject\初步实验\Geogram与PaMO组合验证\实验结果\20261004_新梯度保留21体连续反馈\弯曲骨样体_04_交叉_e1_reference\


 Compressing files in C:\Users\24848\Desktop\GraduationProject\初步实验\Geogram与PaMO组合验证\实验结果\20261004_新梯度保留21体连续反馈\弯曲骨样体_04_交叉_e2_candidate_boolean\


 Compressing files in C:\Users\24848\Desktop\GraduationProject\初步实验\Geogram与PaMO组合验证\实验结果\20261004_新梯度保留21体连续反馈\弯曲骨样体_04_交叉_e2_candidate_input\


 Compressing files in C:\Users\24848\Desktop\GraduationProject\初步实验\Geogram与PaMO组合验证\实验结果\20261004_新梯度保留21体连续反馈\弯曲骨样体_04_交叉_e2_reference\


 Compressing files in C:\Users\24848\Desktop\GraduationProject\初步实验\Geogram与PaMO组合验证\实验结果\20261004_新梯度保留21体连续反馈\板体_02_交叉_e0_candidate_boolean\


 Compressing files in C:\Users\24848\Desktop\GraduationProject\初步实验\Geogram与PaMO组合验证\实验结果\20261004_新梯度保留21体连续反馈\板体_02_交叉_e0_candidate_input\


 Compressing files in C:\Users\24848\Desktop\GraduationProject\初步实验\Geogram与PaMO组合验证\实验结果\20261004_新梯度保留21体连续反馈\板体_02_交叉_e0_full_full\


 Compressing files in C:\Users\24848\Desktop\GraduationProject\初步实验\Geogram与PaMO组合验证\实验结果\20261004_新梯度保留21体连续反馈\板体_02_交叉_e0_full_input\


 Compressing files in C:\Users\24848\Desktop\GraduationProject\初步实验\Geogram与PaMO组合验证\实验结果\20261004_新梯度保留21体连续反馈\板体_02_交叉_e0_reference\


 Compressing files in C:\Users\24848\Desktop\GraduationProject\初步实验\Geogram与PaMO组合验证\实验结果\20261004_新梯度保留21体连续反馈\板体_02_交叉_e1_candidate_boolean\


 Compressing files in C:\Users\24848\Desktop\GraduationProject\初步实验\Geogram与PaMO组合验证\实验结果\20261004_新梯度保留21体连续反馈\板体_02_交叉_e1_candidate_input\


 Compressing files in C:\Users\24848\Desktop\GraduationProject\初步实验\Geogram与PaMO组合验证\实验结果\20261004_新梯度保留21体连续反馈\板体_02_交叉_e1_reference\


 Compressing files in C:\Users\24848\Desktop\GraduationProject\初步实验\Geogram与PaMO组合验证\实验结果\20261004_新梯度保留21体连续反馈\板体_02_交叉_e2_candidate_boolean\


 Compressing files in C:\Users\24848\Desktop\GraduationProject\初步实验\Geogram与PaMO组合验证\实验结果\20261004_新梯度保留21体连续反馈\板体_02_交叉_e2_candidate_input\


 Compressing files in C:\Users\24848\Desktop\GraduationProject\初步实验\Geogram与PaMO组合验证\实验结果\20261004_新梯度保留21体连续反馈\板体_02_交叉_e2_reference\


 Compressing files in C:\Users\24848\Desktop\GraduationProject\初步实验\Geogram与PaMO组合验证\实验结果\20261004_新梯度保留21体连续反馈\板体_03_交叉_e0_candidate_boolean\


 Compressing files in C:\Users\24848\Desktop\GraduationProject\初步实验\Geogram与PaMO组合验证\实验结果\20261004_新梯度保留21体连续反馈\板体_03_交叉_e0_candidate_input\


 Compressing files in C:\Users\24848\Desktop\GraduationProject\初步实验\Geogram与PaMO组合验证\实验结果\20261004_新梯度保留21体连续反馈\板体_03_交叉_e0_full_full\


 Compressing files in C:\Users\24848\Desktop\GraduationProject\初步实验\Geogram与PaMO组合验证\实验结果\20261004_新梯度保留21体连续反馈\板体_03_交叉_e0_full_input\


 Compressing files in C:\Users\24848\Desktop\GraduationProject\初步实验\Geogram与PaMO组合验证\实验结果\20261004_新梯度保留21体连续反馈\板体_03_交叉_e0_reference\


 Compressing files in C:\Users\24848\Desktop\GraduationProject\初步实验\Geogram与PaMO组合验证\实验结果\20261004_新梯度保留21体连续反馈\板体_03_交叉_e1_candidate_boolean\


 Compressing files in C:\Users\24848\Desktop\GraduationProject\初步实验\Geogram与PaMO组合验证\实验结果\20261004_新梯度保留21体连续反馈\板体_03_交叉_e1_candidate_input\


 Compressing files in C:\Users\24848\Desktop\GraduationProject\初步实验\Geogram与PaMO组合验证\实验结果\20261004_新梯度保留21体连续反馈\板体_03_交叉_e1_reference\


 Compressing files in C:\Users\24848\Desktop\GraduationProject\初步实验\Geogram与PaMO组合验证\实验结果\20261004_新梯度保留21体连续反馈\板体_03_交叉_e2_candidate_boolean\


 Compressing files in C:\Users\24848\Desktop\GraduationProject\初步实验\Geogram与PaMO组合验证\实验结果\20261004_新梯度保留21体连续反馈\板体_03_交叉_e2_candidate_input\


 Compressing files in C:\Users\24848\Desktop\GraduationProject\初步实验\Geogram与PaMO组合验证\实验结果\20261004_新梯度保留21体连续反馈\板体_03_交叉_e2_reference\


 Compressing files in C:\Users\24848\Desktop\GraduationProject\初步实验\Geogram与PaMO组合验证\实验结果\20261004_新梯度保留21体连续反馈\板体_04_交叉_e0_candidate_boolean\


 Compressing files in C:\Users\24848\Desktop\GraduationProject\初步实验\Geogram与PaMO组合验证\实验结果\20261004_新梯度保留21体连续反馈\板体_04_交叉_e0_candidate_input\


 Compressing files in C:\Users\24848\Desktop\GraduationProject\初步实验\Geogram与PaMO组合验证\实验结果\20261004_新梯度保留21体连续反馈\板体_04_交叉_e0_full_full\


 Compressing files in C:\Users\24848\Desktop\GraduationProject\初步实验\Geogram与PaMO组合验证\实验结果\20261004_新梯度保留21体连续反馈\板体_04_交叉_e0_full_input\


 Compressing files in C:\Users\24848\Desktop\GraduationProject\初步实验\Geogram与PaMO组合验证\实验结果\20261004_新梯度保留21体连续反馈\板体_04_交叉_e0_reference\


 Compressing files in C:\Users\24848\Desktop\GraduationProject\初步实验\Geogram与PaMO组合验证\实验结果\20261004_新梯度保留21体连续反馈\板体_04_交叉_e1_candidate_boolean\


 Compressing files in C:\Users\24848\Desktop\GraduationProject\初步实验\Geogram与PaMO组合验证\实验结果\20261004_新梯度保留21体连续反馈\板体_04_交叉_e1_candidate_input\


 Compressing files in C:\Users\24848\Desktop\GraduationProject\初步实验\Geogram与PaMO组合验证\实验结果\20261004_新梯度保留21体连续反馈\板体_04_交叉_e1_reference\


 Compressing files in C:\Users\24848\Desktop\GraduationProject\初步实验\Geogram与PaMO组合验证\实验结果\20261004_新梯度保留21体连续反馈\板体_04_交叉_e2_candidate_boolean\


 Compressing files in C:\Users\24848\Desktop\GraduationProject\初步实验\Geogram与PaMO组合验证\实验结果\20261004_新梯度保留21体连续反馈\板体_04_交叉_e2_candidate_input\


 Compressing files in C:\Users\24848\Desktop\GraduationProject\初步实验\Geogram与PaMO组合验证\实验结果\20261004_新梯度保留21体连续反馈\板体_04_交叉_e2_reference\


 Compressing files in C:\Users\24848\Desktop\GraduationProject\初步实验\Geogram与PaMO组合验证\实验结果\20261004_新梯度保留21体连续反馈\椭球_02_交叉_e0_candidate_boolean\


 Compressing files in C:\Users\24848\Desktop\GraduationProject\初步实验\Geogram与PaMO组合验证\实验结果\20261004_新梯度保留21体连续反馈\椭球_02_交叉_e0_candidate_input\


 Compressing files in C:\Users\24848\Desktop\GraduationProject\初步实验\Geogram与PaMO组合验证\实验结果\20261004_新梯度保留21体连续反馈\椭球_02_交叉_e0_full_full\


 Compressing files in C:\Users\24848\Desktop\GraduationProject\初步实验\Geogram与PaMO组合验证\实验结果\20261004_新梯度保留21体连续反馈\椭球_02_交叉_e0_full_input\


 Compressing files in C:\Users\24848\Desktop\GraduationProject\初步实验\Geogram与PaMO组合验证\实验结果\20261004_新梯度保留21体连续反馈\椭球_02_交叉_e0_reference\


 Compressing files in C:\Users\24848\Desktop\GraduationProject\初步实验\Geogram与PaMO组合验证\实验结果\20261004_新梯度保留21体连续反馈\椭球_02_交叉_e1_candidate_boolean\


 Compressing files in C:\Users\24848\Desktop\GraduationProject\初步实验\Geogram与PaMO组合验证\实验结果\20261004_新梯度保留21体连续反馈\椭球_02_交叉_e1_candidate_input\


 Compressing files in C:\Users\24848\Desktop\GraduationProject\初步实验\Geogram与PaMO组合验证\实验结果\20261004_新梯度保留21体连续反馈\椭球_02_交叉_e1_full_full\


 Compressing files in C:\Users\24848\Desktop\GraduationProject\初步实验\Geogram与PaMO组合验证\实验结果\20261004_新梯度保留21体连续反馈\椭球_02_交叉_e1_full_input\


 Compressing files in C:\Users\24848\Desktop\GraduationProject\初步实验\Geogram与PaMO组合验证\实验结果\20261004_新梯度保留21体连续反馈\椭球_02_交叉_e1_reference\


 Compressing files in C:\Users\24848\Desktop\GraduationProject\初步实验\Geogram与PaMO组合验证\实验结果\20261004_新梯度保留21体连续反馈\椭球_02_交叉_e2_candidate_boolean\


 Compressing files in C:\Users\24848\Desktop\GraduationProject\初步实验\Geogram与PaMO组合验证\实验结果\20261004_新梯度保留21体连续反馈\椭球_02_交叉_e2_candidate_input\


 Compressing files in C:\Users\24848\Desktop\GraduationProject\初步实验\Geogram与PaMO组合验证\实验结果\20261004_新梯度保留21体连续反馈\椭球_02_交叉_e2_reference\


 Compressing files in C:\Users\24848\Desktop\GraduationProject\初步实验\Geogram与PaMO组合验证\实验结果\20261004_新梯度保留21体连续反馈\椭球_03_交叉_e0_candidate_boolean\


 Compressing files in C:\Users\24848\Desktop\GraduationProject\初步实验\Geogram与PaMO组合验证\实验结果\20261004_新梯度保留21体连续反馈\椭球_03_交叉_e0_candidate_input\


 Compressing files in C:\Users\24848\Desktop\GraduationProject\初步实验\Geogram与PaMO组合验证\实验结果\20261004_新梯度保留21体连续反馈\椭球_03_交叉_e0_full_full\


 Compressing files in C:\Users\24848\Desktop\GraduationProject\初步实验\Geogram与PaMO组合验证\实验结果\20261004_新梯度保留21体连续反馈\椭球_03_交叉_e0_full_input\


 Compressing files in C:\Users\24848\Desktop\GraduationProject\初步实验\Geogram与PaMO组合验证\实验结果\20261004_新梯度保留21体连续反馈\椭球_03_交叉_e0_reference\


 Compressing files in C:\Users\24848\Desktop\GraduationProject\初步实验\Geogram与PaMO组合验证\实验结果\20261004_新梯度保留21体连续反馈\椭球_03_交叉_e1_candidate_boolean\


 Compressing files in C:\Users\24848\Desktop\GraduationProject\初步实验\Geogram与PaMO组合验证\实验结果\20261004_新梯度保留21体连续反馈\椭球_03_交叉_e1_candidate_input\


 Compressing files in C:\Users\24848\Desktop\GraduationProject\初步实验\Geogram与PaMO组合验证\实验结果\20261004_新梯度保留21体连续反馈\椭球_03_交叉_e1_full_full\


 Compressing files in C:\Users\24848\Desktop\GraduationProject\初步实验\Geogram与PaMO组合验证\实验结果\20261004_新梯度保留21体连续反馈\椭球_03_交叉_e1_full_input\


 Compressing files in C:\Users\24848\Desktop\GraduationProject\初步实验\Geogram与PaMO组合验证\实验结果\20261004_新梯度保留21体连续反馈\椭球_03_交叉_e1_reference\


 Compressing files in C:\Users\24848\Desktop\GraduationProject\初步实验\Geogram与PaMO组合验证\实验结果\20261004_新梯度保留21体连续反馈\椭球_03_交叉_e2_candidate_boolean\


 Compressing files in C:\Users\24848\Desktop\GraduationProject\初步实验\Geogram与PaMO组合验证\实验结果\20261004_新梯度保留21体连续反馈\椭球_03_交叉_e2_candidate_input\


 Compressing files in C:\Users\24848\Desktop\GraduationProject\初步实验\Geogram与PaMO组合验证\实验结果\20261004_新梯度保留21体连续反馈\椭球_03_交叉_e2_reference\


 Compressing files in C:\Users\24848\Desktop\GraduationProject\初步实验\Geogram与PaMO组合验证\实验结果\20261004_新梯度保留21体连续反馈\椭球_04_交叉_e0_candidate_boolean\


 Compressing files in C:\Users\24848\Desktop\GraduationProject\初步实验\Geogram与PaMO组合验证\实验结果\20261004_新梯度保留21体连续反馈\椭球_04_交叉_e0_candidate_input\


 Compressing files in C:\Users\24848\Desktop\GraduationProject\初步实验\Geogram与PaMO组合验证\实验结果\20261004_新梯度保留21体连续反馈\椭球_04_交叉_e0_full_full\


 Compressing files in C:\Users\24848\Desktop\GraduationProject\初步实验\Geogram与PaMO组合验证\实验结果\20261004_新梯度保留21体连续反馈\椭球_04_交叉_e0_full_input\


 Compressing files in C:\Users\24848\Desktop\GraduationProject\初步实验\Geogram与PaMO组合验证\实验结果\20261004_新梯度保留21体连续反馈\椭球_04_交叉_e0_reference\


 Compressing files in C:\Users\24848\Desktop\GraduationProject\初步实验\Geogram与PaMO组合验证\实验结果\20261004_新梯度保留21体连续反馈\椭球_04_交叉_e1_candidate_boolean\


 Compressing files in C:\Users\24848\Desktop\GraduationProject\初步实验\Geogram与PaMO组合验证\实验结果\20261004_新梯度保留21体连续反馈\椭球_04_交叉_e1_candidate_input\


 Compressing files in C:\Users\24848\Desktop\GraduationProject\初步实验\Geogram与PaMO组合验证\实验结果\20261004_新梯度保留21体连续反馈\椭球_04_交叉_e1_full_full\


 Compressing files in C:\Users\24848\Desktop\GraduationProject\初步实验\Geogram与PaMO组合验证\实验结果\20261004_新梯度保留21体连续反馈\椭球_04_交叉_e1_full_input\


 Compressing files in C:\Users\24848\Desktop\GraduationProject\初步实验\Geogram与PaMO组合验证\实验结果\20261004_新梯度保留21体连续反馈\椭球_04_交叉_e1_reference\


 Compressing files in C:\Users\24848\Desktop\GraduationProject\初步实验\Geogram与PaMO组合验证\实验结果\20261004_新梯度保留21体连续反馈\椭球_04_交叉_e2_candidate_boolean\


 Compressing files in C:\Users\24848\Desktop\GraduationProject\初步实验\Geogram与PaMO组合验证\实验结果\20261004_新梯度保留21体连续反馈\椭球_04_交叉_e2_candidate_input\


 Compressing files in C:\Users\24848\Desktop\GraduationProject\初步实验\Geogram与PaMO组合验证\实验结果\20261004_新梯度保留21体连续反馈\椭球_04_交叉_e2_reference\


 Compressing files in C:\Users\24848\Desktop\GraduationProject\初步实验\Geogram与PaMO组合验证\实验结果\20261004_新梯度保留21体连续反馈\球体_02_交叉_e0_candidate_boolean\


 Compressing files in C:\Users\24848\Desktop\GraduationProject\初步实验\Geogram与PaMO组合验证\实验结果\20261004_新梯度保留21体连续反馈\球体_02_交叉_e0_candidate_input\


 Compressing files in C:\Users\24848\Desktop\GraduationProject\初步实验\Geogram与PaMO组合验证\实验结果\20261004_新梯度保留21体连续反馈\球体_02_交叉_e0_full_full\


 Compressing files in C:\Users\24848\Desktop\GraduationProject\初步实验\Geogram与PaMO组合验证\实验结果\20261004_新梯度保留21体连续反馈\球体_02_交叉_e0_full_input\


 Compressing files in C:\Users\24848\Desktop\GraduationProject\初步实验\Geogram与PaMO组合验证\实验结果\20261004_新梯度保留21体连续反馈\球体_02_交叉_e0_reference\


 Compressing files in C:\Users\24848\Desktop\GraduationProject\初步实验\Geogram与PaMO组合验证\实验结果\20261004_新梯度保留21体连续反馈\球体_02_交叉_e1_candidate_boolean\


 Compressing files in C:\Users\24848\Desktop\GraduationProject\初步实验\Geogram与PaMO组合验证\实验结果\20261004_新梯度保留21体连续反馈\球体_02_交叉_e1_candidate_input\


 Compressing files in C:\Users\24848\Desktop\GraduationProject\初步实验\Geogram与PaMO组合验证\实验结果\20261004_新梯度保留21体连续反馈\球体_02_交叉_e1_full_full\


 Compressing files in C:\Users\24848\Desktop\GraduationProject\初步实验\Geogram与PaMO组合验证\实验结果\20261004_新梯度保留21体连续反馈\球体_02_交叉_e1_full_input\


 Compressing files in C:\Users\24848\Desktop\GraduationProject\初步实验\Geogram与PaMO组合验证\实验结果\20261004_新梯度保留21体连续反馈\球体_02_交叉_e1_reference\


 Compressing files in C:\Users\24848\Desktop\GraduationProject\初步实验\Geogram与PaMO组合验证\实验结果\20261004_新梯度保留21体连续反馈\球体_02_交叉_e2_candidate_boolean\


 Compressing files in C:\Users\24848\Desktop\GraduationProject\初步实验\Geogram与PaMO组合验证\实验结果\20261004_新梯度保留21体连续反馈\球体_02_交叉_e2_candidate_input\


 Compressing files in C:\Users\24848\Desktop\GraduationProject\初步实验\Geogram与PaMO组合验证\实验结果\20261004_新梯度保留21体连续反馈\球体_02_交叉_e2_full_full\


 Compressing files in C:\Users\24848\Desktop\GraduationProject\初步实验\Geogram与PaMO组合验证\实验结果\20261004_新梯度保留21体连续反馈\球体_02_交叉_e2_full_input\


 Compressing files in C:\Users\24848\Desktop\GraduationProject\初步实验\Geogram与PaMO组合验证\实验结果\20261004_新梯度保留21体连续反馈\球体_02_交叉_e2_reference\


 Compressing files in C:\Users\24848\Desktop\GraduationProject\初步实验\Geogram与PaMO组合验证\实验结果\20261004_新梯度保留21体连续反馈\球体_03_交叉_e0_candidate_boolean\


 Compressing files in C:\Users\24848\Desktop\GraduationProject\初步实验\Geogram与PaMO组合验证\实验结果\20261004_新梯度保留21体连续反馈\球体_03_交叉_e0_candidate_input\


 Compressing files in C:\Users\24848\Desktop\GraduationProject\初步实验\Geogram与PaMO组合验证\实验结果\20261004_新梯度保留21体连续反馈\球体_03_交叉_e0_full_full\


 Compressing files in C:\Users\24848\Desktop\GraduationProject\初步实验\Geogram与PaMO组合验证\实验结果\20261004_新梯度保留21体连续反馈\球体_03_交叉_e0_full_input\


 Compressing files in C:\Users\24848\Desktop\GraduationProject\初步实验\Geogram与PaMO组合验证\实验结果\20261004_新梯度保留21体连续反馈\球体_03_交叉_e0_reference\


 Compressing files in C:\Users\24848\Desktop\GraduationProject\初步实验\Geogram与PaMO组合验证\实验结果\20261004_新梯度保留21体连续反馈\球体_03_交叉_e1_candidate_boolean\


 Compressing files in C:\Users\24848\Desktop\GraduationProject\初步实验\Geogram与PaMO组合验证\实验结果\20261004_新梯度保留21体连续反馈\球体_03_交叉_e1_candidate_input\


 Compressing files in C:\Users\24848\Desktop\GraduationProject\初步实验\Geogram与PaMO组合验证\实验结果\20261004_新梯度保留21体连续反馈\球体_03_交叉_e1_reference\


 Compressing files in C:\Users\24848\Desktop\GraduationProject\初步实验\Geogram与PaMO组合验证\实验结果\20261004_新梯度保留21体连续反馈\球体_03_交叉_e2_candidate_boolean\


 Compressing files in C:\Users\24848\Desktop\GraduationProject\初步实验\Geogram与PaMO组合验证\实验结果\20261004_新梯度保留21体连续反馈\球体_03_交叉_e2_candidate_input\


 Compressing files in C:\Users\24848\Desktop\GraduationProject\初步实验\Geogram与PaMO组合验证\实验结果\20261004_新梯度保留21体连续反馈\球体_03_交叉_e2_reference\


 Compressing files in C:\Users\24848\Desktop\GraduationProject\初步实验\Geogram与PaMO组合验证\实验结果\20261004_新梯度保留21体连续反馈\球体_04_交叉_e0_candidate_boolean\


 Compressing files in C:\Users\24848\Desktop\GraduationProject\初步实验\Geogram与PaMO组合验证\实验结果\20261004_新梯度保留21体连续反馈\球体_04_交叉_e0_candidate_input\


 Compressing files in C:\Users\24848\Desktop\GraduationProject\初步实验\Geogram与PaMO组合验证\实验结果\20261004_新梯度保留21体连续反馈\球体_04_交叉_e0_full_full\


 Compressing files in C:\Users\24848\Desktop\GraduationProject\初步实验\Geogram与PaMO组合验证\实验结果\20261004_新梯度保留21体连续反馈\球体_04_交叉_e0_full_input\


 Compressing files in C:\Users\24848\Desktop\GraduationProject\初步实验\Geogram与PaMO组合验证\实验结果\20261004_新梯度保留21体连续反馈\球体_04_交叉_e0_reference\


 Compressing files in C:\Users\24848\Desktop\GraduationProject\初步实验\Geogram与PaMO组合验证\实验结果\20261004_新梯度保留21体连续反馈\球体_04_交叉_e1_candidate_boolean\


 Compressing files in C:\Users\24848\Desktop\GraduationProject\初步实验\Geogram与PaMO组合验证\实验结果\20261004_新梯度保留21体连续反馈\球体_04_交叉_e1_candidate_input\


 Compressing files in C:\Users\24848\Desktop\GraduationProject\初步实验\Geogram与PaMO组合验证\实验结果\20261004_新梯度保留21体连续反馈\球体_04_交叉_e1_full_full\


 Compressing files in C:\Users\24848\Desktop\GraduationProject\初步实验\Geogram与PaMO组合验证\实验结果\20261004_新梯度保留21体连续反馈\球体_04_交叉_e1_full_input\


 Compressing files in C:\Users\24848\Desktop\GraduationProject\初步实验\Geogram与PaMO组合验证\实验结果\20261004_新梯度保留21体连续反馈\球体_04_交叉_e1_reference\


 Compressing files in C:\Users\24848\Desktop\GraduationProject\初步实验\Geogram与PaMO组合验证\实验结果\20261004_新梯度保留21体连续反馈\球体_04_交叉_e2_candidate_boolean\


 Compressing files in C:\Users\24848\Desktop\GraduationProject\初步实验\Geogram与PaMO组合验证\实验结果\20261004_新梯度保留21体连续反馈\球体_04_交叉_e2_candidate_input\


 Compressing files in C:\Users\24848\Desktop\GraduationProject\初步实验\Geogram与PaMO组合验证\实验结果\20261004_新梯度保留21体连续反馈\球体_04_交叉_e2_reference\


 Compressing files in C:\Users\24848\Desktop\GraduationProject\初步实验\Geogram与PaMO组合验证\实验结果\20261004_新梯度保留21体连续反馈\窄缝_02_交叉_e0_candidate_boolean\


 Compressing files in C:\Users\24848\Desktop\GraduationProject\初步实验\Geogram与PaMO组合验证\实验结果\20261004_新梯度保留21体连续反馈\窄缝_02_交叉_e0_candidate_input\


 Compressing files in C:\Users\24848\Desktop\GraduationProject\初步实验\Geogram与PaMO组合验证\实验结果\20261004_新梯度保留21体连续反馈\窄缝_02_交叉_e0_full_full\


 Compressing files in C:\Users\24848\Desktop\GraduationProject\初步实验\Geogram与PaMO组合验证\实验结果\20261004_新梯度保留21体连续反馈\窄缝_02_交叉_e0_full_input\


 Compressing files in C:\Users\24848\Desktop\GraduationProject\初步实验\Geogram与PaMO组合验证\实验结果\20261004_新梯度保留21体连续反馈\窄缝_02_交叉_e0_reference\


 Compressing files in C:\Users\24848\Desktop\GraduationProject\初步实验\Geogram与PaMO组合验证\实验结果\20261004_新梯度保留21体连续反馈\窄缝_02_交叉_e1_candidate_boolean\


 Compressing files in C:\Users\24848\Desktop\GraduationProject\初步实验\Geogram与PaMO组合验证\实验结果\20261004_新梯度保留21体连续反馈\窄缝_02_交叉_e1_candidate_input\


 Compressing files in C:\Users\24848\Desktop\GraduationProject\初步实验\Geogram与PaMO组合验证\实验结果\20261004_新梯度保留21体连续反馈\窄缝_02_交叉_e1_reference\


 Compressing files in C:\Users\24848\Desktop\GraduationProject\初步实验\Geogram与PaMO组合验证\实验结果\20261004_新梯度保留21体连续反馈\窄缝_02_交叉_e2_candidate_boolean\


 Compressing files in C:\Users\24848\Desktop\GraduationProject\初步实验\Geogram与PaMO组合验证\实验结果\20261004_新梯度保留21体连续反馈\窄缝_02_交叉_e2_candidate_input\


 Compressing files in C:\Users\24848\Desktop\GraduationProject\初步实验\Geogram与PaMO组合验证\实验结果\20261004_新梯度保留21体连续反馈\窄缝_02_交叉_e2_reference\


 Compressing files in C:\Users\24848\Desktop\GraduationProject\初步实验\Geogram与PaMO组合验证\实验结果\20261004_新梯度保留21体连续反馈\窄缝_03_交叉_e0_candidate_boolean\


 Compressing files in C:\Users\24848\Desktop\GraduationProject\初步实验\Geogram与PaMO组合验证\实验结果\20261004_新梯度保留21体连续反馈\窄缝_03_交叉_e0_candidate_input\


 Compressing files in C:\Users\24848\Desktop\GraduationProject\初步实验\Geogram与PaMO组合验证\实验结果\20261004_新梯度保留21体连续反馈\窄缝_03_交叉_e0_full_full\


 Compressing files in C:\Users\24848\Desktop\GraduationProject\初步实验\Geogram与PaMO组合验证\实验结果\20261004_新梯度保留21体连续反馈\窄缝_03_交叉_e0_full_input\


 Compressing files in C:\Users\24848\Desktop\GraduationProject\初步实验\Geogram与PaMO组合验证\实验结果\20261004_新梯度保留21体连续反馈\窄缝_03_交叉_e0_reference\


 Compressing files in C:\Users\24848\Desktop\GraduationProject\初步实验\Geogram与PaMO组合验证\实验结果\20261004_新梯度保留21体连续反馈\窄缝_03_交叉_e1_candidate_boolean\


 Compressing files in C:\Users\24848\Desktop\GraduationProject\初步实验\Geogram与PaMO组合验证\实验结果\20261004_新梯度保留21体连续反馈\窄缝_03_交叉_e1_candidate_input\


 Compressing files in C:\Users\24848\Desktop\GraduationProject\初步实验\Geogram与PaMO组合验证\实验结果\20261004_新梯度保留21体连续反馈\窄缝_03_交叉_e1_reference\


 Compressing files in C:\Users\24848\Desktop\GraduationProject\初步实验\Geogram与PaMO组合验证\实验结果\20261004_新梯度保留21体连续反馈\窄缝_03_交叉_e2_candidate_boolean\


 Compressing files in C:\Users\24848\Desktop\GraduationProject\初步实验\Geogram与PaMO组合验证\实验结果\20261004_新梯度保留21体连续反馈\窄缝_03_交叉_e2_candidate_input\


 Compressing files in C:\Users\24848\Desktop\GraduationProject\初步实验\Geogram与PaMO组合验证\实验结果\20261004_新梯度保留21体连续反馈\窄缝_03_交叉_e2_reference\


 Compressing files in C:\Users\24848\Desktop\GraduationProject\初步实验\Geogram与PaMO组合验证\实验结果\20261004_新梯度保留21体连续反馈\窄缝_04_交叉_e0_candidate_boolean\


 Compressing files in C:\Users\24848\Desktop\GraduationProject\初步实验\Geogram与PaMO组合验证\实验结果\20261004_新梯度保留21体连续反馈\窄缝_04_交叉_e0_candidate_input\


 Compressing files in C:\Users\24848\Desktop\GraduationProject\初步实验\Geogram与PaMO组合验证\实验结果\20261004_新梯度保留21体连续反馈\窄缝_04_交叉_e0_full_full\


 Compressing files in C:\Users\24848\Desktop\GraduationProject\初步实验\Geogram与PaMO组合验证\实验结果\20261004_新梯度保留21体连续反馈\窄缝_04_交叉_e0_full_input\


 Compressing files in C:\Users\24848\Desktop\GraduationProject\初步实验\Geogram与PaMO组合验证\实验结果\20261004_新梯度保留21体连续反馈\窄缝_04_交叉_e0_reference\


 Compressing files in C:\Users\24848\Desktop\GraduationProject\初步实验\Geogram与PaMO组合验证\实验结果\20261004_新梯度保留21体连续反馈\窄缝_04_交叉_e1_candidate_boolean\


 Compressing files in C:\Users\24848\Desktop\GraduationProject\初步实验\Geogram与PaMO组合验证\实验结果\20261004_新梯度保留21体连续反馈\窄缝_04_交叉_e1_candidate_input\


 Compressing files in C:\Users\24848\Desktop\GraduationProject\初步实验\Geogram与PaMO组合验证\实验结果\20261004_新梯度保留21体连续反馈\窄缝_04_交叉_e1_reference\


 Compressing files in C:\Users\24848\Desktop\GraduationProject\初步实验\Geogram与PaMO组合验证\实验结果\20261004_新梯度保留21体连续反馈\窄缝_04_交叉_e2_candidate_boolean\


 Compressing files in C:\Users\24848\Desktop\GraduationProject\初步实验\Geogram与PaMO组合验证\实验结果\20261004_新梯度保留21体连续反馈\窄缝_04_交叉_e2_candidate_input\


 Compressing files in C:\Users\24848\Desktop\GraduationProject\初步实验\Geogram与PaMO组合验证\实验结果\20261004_新梯度保留21体连续反馈\窄缝_04_交叉_e2_reference\


 Compressing files in C:\Users\24848\Desktop\GraduationProject\初步实验\Geogram与PaMO组合验证\实验结果\20261004_新梯度保留21体连续反馈\薄壁_02_交叉_e0_candidate_boolean\


 Compressing files in C:\Users\24848\Desktop\GraduationProject\初步实验\Geogram与PaMO组合验证\实验结果\20261004_新梯度保留21体连续反馈\薄壁_02_交叉_e0_candidate_input\


 Compressing files in C:\Users\24848\Desktop\GraduationProject\初步实验\Geogram与PaMO组合验证\实验结果\20261004_新梯度保留21体连续反馈\薄壁_02_交叉_e0_full_full\


 Compressing files in C:\Users\24848\Desktop\GraduationProject\初步实验\Geogram与PaMO组合验证\实验结果\20261004_新梯度保留21体连续反馈\薄壁_02_交叉_e0_full_input\


 Compressing files in C:\Users\24848\Desktop\GraduationProject\初步实验\Geogram与PaMO组合验证\实验结果\20261004_新梯度保留21体连续反馈\薄壁_02_交叉_e0_reference\


 Compressing files in C:\Users\24848\Desktop\GraduationProject\初步实验\Geogram与PaMO组合验证\实验结果\20261004_新梯度保留21体连续反馈\薄壁_02_交叉_e1_candidate_boolean\


 Compressing files in C:\Users\24848\Desktop\GraduationProject\初步实验\Geogram与PaMO组合验证\实验结果\20261004_新梯度保留21体连续反馈\薄壁_02_交叉_e1_candidate_input\


 Compressing files in C:\Users\24848\Desktop\GraduationProject\初步实验\Geogram与PaMO组合验证\实验结果\20261004_新梯度保留21体连续反馈\薄壁_02_交叉_e1_reference\


 Compressing files in C:\Users\24848\Desktop\GraduationProject\初步实验\Geogram与PaMO组合验证\实验结果\20261004_新梯度保留21体连续反馈\薄壁_02_交叉_e2_candidate_boolean\


 Compressing files in C:\Users\24848\Desktop\GraduationProject\初步实验\Geogram与PaMO组合验证\实验结果\20261004_新梯度保留21体连续反馈\薄壁_02_交叉_e2_candidate_input\


 Compressing files in C:\Users\24848\Desktop\GraduationProject\初步实验\Geogram与PaMO组合验证\实验结果\20261004_新梯度保留21体连续反馈\薄壁_02_交叉_e2_reference\


 Compressing files in C:\Users\24848\Desktop\GraduationProject\初步实验\Geogram与PaMO组合验证\实验结果\20261004_新梯度保留21体连续反馈\薄壁_03_交叉_e0_candidate_boolean\


 Compressing files in C:\Users\24848\Desktop\GraduationProject\初步实验\Geogram与PaMO组合验证\实验结果\20261004_新梯度保留21体连续反馈\薄壁_03_交叉_e0_candidate_input\


 Compressing files in C:\Users\24848\Desktop\GraduationProject\初步实验\Geogram与PaMO组合验证\实验结果\20261004_新梯度保留21体连续反馈\薄壁_03_交叉_e0_full_full\


 Compressing files in C:\Users\24848\Desktop\GraduationProject\初步实验\Geogram与PaMO组合验证\实验结果\20261004_新梯度保留21体连续反馈\薄壁_03_交叉_e0_full_input\


 Compressing files in C:\Users\24848\Desktop\GraduationProject\初步实验\Geogram与PaMO组合验证\实验结果\20261004_新梯度保留21体连续反馈\薄壁_03_交叉_e0_reference\


 Compressing files in C:\Users\24848\Desktop\GraduationProject\初步实验\Geogram与PaMO组合验证\实验结果\20261004_新梯度保留21体连续反馈\薄壁_03_交叉_e1_candidate_boolean\


 Compressing files in C:\Users\24848\Desktop\GraduationProject\初步实验\Geogram与PaMO组合验证\实验结果\20261004_新梯度保留21体连续反馈\薄壁_03_交叉_e1_candidate_input\


 Compressing files in C:\Users\24848\Desktop\GraduationProject\初步实验\Geogram与PaMO组合验证\实验结果\20261004_新梯度保留21体连续反馈\薄壁_03_交叉_e1_reference\


 Compressing files in C:\Users\24848\Desktop\GraduationProject\初步实验\Geogram与PaMO组合验证\实验结果\20261004_新梯度保留21体连续反馈\薄壁_03_交叉_e2_candidate_boolean\


 Compressing files in C:\Users\24848\Desktop\GraduationProject\初步实验\Geogram与PaMO组合验证\实验结果\20261004_新梯度保留21体连续反馈\薄壁_03_交叉_e2_candidate_input\


 Compressing files in C:\Users\24848\Desktop\GraduationProject\初步实验\Geogram与PaMO组合验证\实验结果\20261004_新梯度保留21体连续反馈\薄壁_03_交叉_e2_reference\


 Compressing files in C:\Users\24848\Desktop\GraduationProject\初步实验\Geogram与PaMO组合验证\实验结果\20261004_新梯度保留21体连续反馈\薄壁_04_交叉_e0_candidate_boolean\


 Compressing files in C:\Users\24848\Desktop\GraduationProject\初步实验\Geogram与PaMO组合验证\实验结果\20261004_新梯度保留21体连续反馈\薄壁_04_交叉_e0_candidate_input\


 Compressing files in C:\Users\24848\Desktop\GraduationProject\初步实验\Geogram与PaMO组合验证\实验结果\20261004_新梯度保留21体连续反馈\薄壁_04_交叉_e0_full_full\


 Compressing files in C:\Users\24848\Desktop\GraduationProject\初步实验\Geogram与PaMO组合验证\实验结果\20261004_新梯度保留21体连续反馈\薄壁_04_交叉_e0_full_input\


 Compressing files in C:\Users\24848\Desktop\GraduationProject\初步实验\Geogram与PaMO组合验证\实验结果\20261004_新梯度保留21体连续反馈\薄壁_04_交叉_e0_reference\


 Compressing files in C:\Users\24848\Desktop\GraduationProject\初步实验\Geogram与PaMO组合验证\实验结果\20261004_新梯度保留21体连续反馈\薄壁_04_交叉_e1_candidate_boolean\


 Compressing files in C:\Users\24848\Desktop\GraduationProject\初步实验\Geogram与PaMO组合验证\实验结果\20261004_新梯度保留21体连续反馈\薄壁_04_交叉_e1_candidate_input\


 Compressing files in C:\Users\24848\Desktop\GraduationProject\初步实验\Geogram与PaMO组合验证\实验结果\20261004_新梯度保留21体连续反馈\薄壁_04_交叉_e1_reference\


 Compressing files in C:\Users\24848\Desktop\GraduationProject\初步实验\Geogram与PaMO组合验证\实验结果\20261004_新梯度保留21体连续反馈\薄壁_04_交叉_e2_candidate_boolean\


 Compressing files in C:\Users\24848\Desktop\GraduationProject\初步实验\Geogram与PaMO组合验证\实验结果\20261004_新梯度保留21体连续反馈\薄壁_04_交叉_e2_candidate_input\


 Compressing files in C:\Users\24848\Desktop\GraduationProject\初步实验\Geogram与PaMO组合验证\实验结果\20261004_新梯度保留21体连续反馈\薄壁_04_交叉_e2_reference\


 Compressing files in C:\Users\24848\Desktop\GraduationProject\初步实验\Geogram与PaMO组合验证\实验结果\20261004_新梯度保留21体连续反馈\贯通孔_02_交叉_e0_candidate_boolean\


 Compressing files in C:\Users\24848\Desktop\GraduationProject\初步实验\Geogram与PaMO组合验证\实验结果\20261004_新梯度保留21体连续反馈\贯通孔_02_交叉_e0_candidate_input\


 Compressing files in C:\Users\24848\Desktop\GraduationProject\初步实验\Geogram与PaMO组合验证\实验结果\20261004_新梯度保留21体连续反馈\贯通孔_02_交叉_e0_full_full\


 Compressing files in C:\Users\24848\Desktop\GraduationProject\初步实验\Geogram与PaMO组合验证\实验结果\20261004_新梯度保留21体连续反馈\贯通孔_02_交叉_e0_full_input\


 Compressing files in C:\Users\24848\Desktop\GraduationProject\初步实验\Geogram与PaMO组合验证\实验结果\20261004_新梯度保留21体连续反馈\贯通孔_02_交叉_e0_reference\


 Compressing files in C:\Users\24848\Desktop\GraduationProject\初步实验\Geogram与PaMO组合验证\实验结果\20261004_新梯度保留21体连续反馈\贯通孔_02_交叉_e1_candidate_boolean\


 Compressing files in C:\Users\24848\Desktop\GraduationProject\初步实验\Geogram与PaMO组合验证\实验结果\20261004_新梯度保留21体连续反馈\贯通孔_02_交叉_e1_candidate_input\


 Compressing files in C:\Users\24848\Desktop\GraduationProject\初步实验\Geogram与PaMO组合验证\实验结果\20261004_新梯度保留21体连续反馈\贯通孔_02_交叉_e1_full_full\


 Compressing files in C:\Users\24848\Desktop\GraduationProject\初步实验\Geogram与PaMO组合验证\实验结果\20261004_新梯度保留21体连续反馈\贯通孔_02_交叉_e1_full_input\


 Compressing files in C:\Users\24848\Desktop\GraduationProject\初步实验\Geogram与PaMO组合验证\实验结果\20261004_新梯度保留21体连续反馈\贯通孔_02_交叉_e1_reference\


 Compressing files in C:\Users\24848\Desktop\GraduationProject\初步实验\Geogram与PaMO组合验证\实验结果\20261004_新梯度保留21体连续反馈\贯通孔_02_交叉_e2_candidate_boolean\


 Compressing files in C:\Users\24848\Desktop\GraduationProject\初步实验\Geogram与PaMO组合验证\实验结果\20261004_新梯度保留21体连续反馈\贯通孔_02_交叉_e2_candidate_input\


 Compressing files in C:\Users\24848\Desktop\GraduationProject\初步实验\Geogram与PaMO组合验证\实验结果\20261004_新梯度保留21体连续反馈\贯通孔_02_交叉_e2_reference\


 Compressing files in C:\Users\24848\Desktop\GraduationProject\初步实验\Geogram与PaMO组合验证\实验结果\20261004_新梯度保留21体连续反馈\贯通孔_03_交叉_e0_candidate_boolean\


 Compressing files in C:\Users\24848\Desktop\GraduationProject\初步实验\Geogram与PaMO组合验证\实验结果\20261004_新梯度保留21体连续反馈\贯通孔_03_交叉_e0_candidate_input\


 Compressing files in C:\Users\24848\Desktop\GraduationProject\初步实验\Geogram与PaMO组合验证\实验结果\20261004_新梯度保留21体连续反馈\贯通孔_03_交叉_e0_full_full\


 Compressing files in C:\Users\24848\Desktop\GraduationProject\初步实验\Geogram与PaMO组合验证\实验结果\20261004_新梯度保留21体连续反馈\贯通孔_03_交叉_e0_full_input\


 Compressing files in C:\Users\24848\Desktop\GraduationProject\初步实验\Geogram与PaMO组合验证\实验结果\20261004_新梯度保留21体连续反馈\贯通孔_03_交叉_e0_reference\


 Compressing files in C:\Users\24848\Desktop\GraduationProject\初步实验\Geogram与PaMO组合验证\实验结果\20261004_新梯度保留21体连续反馈\贯通孔_03_交叉_e1_candidate_boolean\


 Compressing files in C:\Users\24848\Desktop\GraduationProject\初步实验\Geogram与PaMO组合验证\实验结果\20261004_新梯度保留21体连续反馈\贯通孔_03_交叉_e1_candidate_input\


 Compressing files in C:\Users\24848\Desktop\GraduationProject\初步实验\Geogram与PaMO组合验证\实验结果\20261004_新梯度保留21体连续反馈\贯通孔_03_交叉_e1_reference\


 Compressing files in C:\Users\24848\Desktop\GraduationProject\初步实验\Geogram与PaMO组合验证\实验结果\20261004_新梯度保留21体连续反馈\贯通孔_03_交叉_e2_candidate_boolean\


 Compressing files in C:\Users\24848\Desktop\GraduationProject\初步实验\Geogram与PaMO组合验证\实验结果\20261004_新梯度保留21体连续反馈\贯通孔_03_交叉_e2_candidate_input\


 Compressing files in C:\Users\24848\Desktop\GraduationProject\初步实验\Geogram与PaMO组合验证\实验结果\20261004_新梯度保留21体连续反馈\贯通孔_03_交叉_e2_reference\


 Compressing files in C:\Users\24848\Desktop\GraduationProject\初步实验\Geogram与PaMO组合验证\实验结果\20261004_新梯度保留21体连续反馈\贯通孔_04_交叉_e0_candidate_boolean\


 Compressing files in C:\Users\24848\Desktop\GraduationProject\初步实验\Geogram与PaMO组合验证\实验结果\20261004_新梯度保留21体连续反馈\贯通孔_04_交叉_e0_candidate_input\


 Compressing files in C:\Users\24848\Desktop\GraduationProject\初步实验\Geogram与PaMO组合验证\实验结果\20261004_新梯度保留21体连续反馈\贯通孔_04_交叉_e0_full_full\


 Compressing files in C:\Users\24848\Desktop\GraduationProject\初步实验\Geogram与PaMO组合验证\实验结果\20261004_新梯度保留21体连续反馈\贯通孔_04_交叉_e0_full_input\


 Compressing files in C:\Users\24848\Desktop\GraduationProject\初步实验\Geogram与PaMO组合验证\实验结果\20261004_新梯度保留21体连续反馈\贯通孔_04_交叉_e0_reference\


 Compressing files in C:\Users\24848\Desktop\GraduationProject\初步实验\Geogram与PaMO组合验证\实验结果\20261004_新梯度保留21体连续反馈\贯通孔_04_交叉_e1_candidate_boolean\


 Compressing files in C:\Users\24848\Desktop\GraduationProject\初步实验\Geogram与PaMO组合验证\实验结果\20261004_新梯度保留21体连续反馈\贯通孔_04_交叉_e1_candidate_input\


 Compressing files in C:\Users\24848\Desktop\GraduationProject\初步实验\Geogram与PaMO组合验证\实验结果\20261004_新梯度保留21体连续反馈\贯通孔_04_交叉_e1_reference\


 Compressing files in C:\Users\24848\Desktop\GraduationProject\初步实验\Geogram与PaMO组合验证\实验结果\20261004_新梯度保留21体连续反馈\贯通孔_04_交叉_e2_candidate_boolean\


 Compressing files in C:\Users\24848\Desktop\GraduationProject\初步实验\Geogram与PaMO组合验证\实验结果\20261004_新梯度保留21体连续反馈\贯通孔_04_交叉_e2_candidate_input\


 Compressing files in C:\Users\24848\Desktop\GraduationProject\初步实验\Geogram与PaMO组合验证\实验结果\20261004_新梯度保留21体连续反馈\贯通孔_04_交叉_e2_reference\


1267 files within 251 directories were compressed.
73,635,305 total bytes of data are stored in 27,079,936 bytes.
The compression ratio is 2.7 to 1.
