o-[Process     ] Max used threads = 4
o-[I/O         ] Loading file /tmp/geogram_native_quality_20261006_17/inputs/00_parent.obj...
o-[I/O         ] (FP64) nb_v:642 nb_e:0 nb_f:1280 nb_b:0 tri:1 dim:3
o-[I/O         ] Attributes on vertices: point[3]
o-[I/O         ] Loading file /tmp/geogram_native_quality_20261006_17/inputs/00_tool.obj...
o-[I/O         ] (FP64) nb_v:162 nb_e:0 nb_f:320 nb_b:0 tri:1 dim:3
o-[I/O         ] Attributes on vertices: point[3]
NATIVE_QUALITY_REGION {"group":1278,"boundary_attempt":false,"point_budget":64,"source_facets":8,"boundary_points":10,"new_points":6,"boundary_unchanged":true,"before_bad":6,"after_score_computed":true,"after_bad":2,"after_valid":true,"before_bad_area":0.0486432,"after_bad_area":0.0172292,"selected":true}
NATIVE_QUALITY_REGION {"group":1279,"boundary_attempt":false,"point_budget":64,"source_facets":42,"boundary_points":44,"new_points":12,"boundary_unchanged":true,"before_bad":39,"after_score_computed":true,"after_bad":27,"after_valid":true,"before_bad_area":0.076312,"after_bad_area":0.036411,"selected":true}
NATIVE_QUALITY_REGION {"group":1388,"boundary_attempt":false,"point_budget":64,"source_facets":2,"boundary_points":4,"new_points":0,"boundary_unchanged":true,"before_bad":1,"after_score_computed":true,"after_bad":1,"after_valid":true,"before_bad_area":0.000323149,"after_bad_area":0.000323149,"selected":false}
NATIVE_QUALITY_REGION {"group":1388,"boundary_attempt":true,"point_budget":128,"source_facets":2,"boundary_points":4,"new_points":3,"boundary_unchanged":true,"before_bad":1,"after_score_computed":true,"after_bad":0,"after_valid":true,"before_bad_area":0.000323149,"after_bad_area":0,"selected":true}
NATIVE_QUALITY_REGION {"group":1393,"boundary_attempt":false,"point_budget":64,"source_facets":2,"boundary_points":4,"new_points":0,"boundary_unchanged":true,"before_bad":1,"after_score_computed":true,"after_bad":1,"after_valid":true,"before_bad_area":3.19625e-05,"after_bad_area":3.19625e-05,"selected":false}
NATIVE_QUALITY_REGION {"group":1393,"boundary_attempt":true,"point_budget":128,"source_facets":2,"boundary_points":4,"new_points":9,"boundary_unchanged":true,"before_bad":1,"after_score_computed":true,"after_bad":0,"after_valid":true,"before_bad_area":3.19625e-05,"after_bad_area":0,"selected":true}
NATIVE_QUALITY_REGION {"group":1395,"boundary_attempt":false,"point_budget":64,"source_facets":2,"boundary_points":4,"new_points":0,"boundary_unchanged":true,"before_bad":1,"after_score_computed":true,"after_bad":1,"after_valid":true,"before_bad_area":0.00011879,"after_bad_area":0.00011879,"selected":false}
NATIVE_QUALITY_REGION {"group":1395,"boundary_attempt":true,"point_budget":128,"source_facets":2,"boundary_points":4,"new_points":5,"boundary_unchanged":true,"before_bad":1,"after_score_computed":true,"after_bad":0,"after_valid":true,"before_bad_area":0.00011879,"after_bad_area":0,"selected":true}
NATIVE_QUALITY_REGION {"group":1405,"boundary_attempt":false,"point_budget":64,"source_facets":2,"boundary_points":4,"new_points":1,"boundary_unchanged":true,"before_bad":1,"after_score_computed":true,"after_bad":0,"after_valid":true,"before_bad_area":0.000237478,"after_bad_area":0,"selected":true}
NATIVE_QUALITY_REGION {"group":1407,"boundary_attempt":false,"point_budget":64,"source_facets":2,"boundary_points":4,"new_points":0,"boundary_unchanged":true,"before_bad":1,"after_score_computed":true,"after_bad":1,"after_valid":true,"before_bad_area":1.47005e-05,"after_bad_area":1.47005e-05,"selected":false}
NATIVE_QUALITY_REGION {"group":1407,"boundary_attempt":true,"point_budget":128,"source_facets":2,"boundary_points":4,"new_points":11,"boundary_unchanged":true,"before_bad":1,"after_score_computed":true,"after_bad":0,"after_valid":true,"before_bad_area":1.47005e-05,"after_bad_area":0,"selected":true}
NATIVE_QUALITY_REGION {"group":1413,"boundary_attempt":false,"point_budget":64,"source_facets":3,"boundary_points":5,"new_points":1,"boundary_unchanged":true,"before_bad":2,"after_score_computed":true,"after_bad":0,"after_valid":true,"before_bad_area":0.000374982,"after_bad_area":0,"selected":true}
NATIVE_QUALITY_REGION {"group":1418,"boundary_attempt":false,"point_budget":64,"source_facets":2,"boundary_points":4,"new_points":0,"boundary_unchanged":true,"before_bad":1,"after_score_computed":true,"after_bad":1,"after_valid":true,"before_bad_area":0.000280716,"after_bad_area":0.000280716,"selected":false}
NATIVE_QUALITY_REGION {"group":1418,"boundary_attempt":true,"point_budget":128,"source_facets":2,"boundary_points":4,"new_points":4,"boundary_unchanged":true,"before_bad":1,"after_score_computed":true,"after_bad":0,"after_valid":true,"before_bad_area":0.000280716,"after_bad_area":0,"selected":true}
NATIVE_QUALITY_REGION {"group":1421,"boundary_attempt":false,"point_budget":64,"source_facets":2,"boundary_points":4,"new_points":0,"boundary_unchanged":true,"before_bad":1,"after_score_computed":true,"after_bad":1,"after_valid":true,"before_bad_area":1.48731e-05,"after_bad_area":1.48731e-05,"selected":false}
NATIVE_QUALITY_REGION {"group":1421,"boundary_attempt":true,"point_budget":128,"source_facets":2,"boundary_points":4,"new_points":8,"boundary_unchanged":true,"before_bad":1,"after_score_computed":true,"after_bad":0,"after_valid":true,"before_bad_area":1.48731e-05,"after_bad_area":0,"selected":true}
NATIVE_QUALITY_REGION {"group":1426,"boundary_attempt":false,"point_budget":64,"source_facets":2,"boundary_points":4,"new_points":0,"boundary_unchanged":true,"before_bad":1,"after_score_computed":true,"after_bad":1,"after_valid":true,"before_bad_area":0.000238993,"after_bad_area":0.000238993,"selected":false}
NATIVE_QUALITY_REGION {"group":1426,"boundary_attempt":true,"point_budget":128,"source_facets":2,"boundary_points":4,"new_points":2,"boundary_unchanged":true,"before_bad":1,"after_score_computed":true,"after_bad":0,"after_valid":true,"before_bad_area":0.000238993,"after_bad_area":0,"selected":true}
NATIVE_QUALITY_REGION {"group":1428,"boundary_attempt":false,"point_budget":64,"source_facets":2,"boundary_points":4,"new_points":0,"boundary_unchanged":true,"before_bad":1,"after_score_computed":true,"after_bad":1,"after_valid":true,"before_bad_area":0.000147797,"after_bad_area":0.000147797,"selected":false}
NATIVE_QUALITY_REGION {"group":1428,"boundary_attempt":true,"point_budget":128,"source_facets":2,"boundary_points":4,"new_points":6,"boundary_unchanged":true,"before_bad":1,"after_score_computed":true,"after_bad":0,"after_valid":true,"before_bad_area":0.000147797,"after_bad_area":0,"selected":true}
NATIVE_QUALITY_REGION {"group":1391,"boundary_attempt":false,"point_budget":128,"source_facets":22,"boundary_points":12,"new_points":8,"boundary_unchanged":true,"before_bad":8,"after_score_computed":true,"after_bad":2,"after_valid":true,"before_bad_area":0.0486432,"after_bad_area":0.00479097,"selected":true}
NATIVE_QUALITY_REGION {"group":1392,"boundary_attempt":false,"point_budget":128,"source_facets":89,"boundary_points":67,"new_points":16,"boundary_unchanged":true,"before_bad":64,"after_score_computed":true,"after_bad":42,"after_valid":true,"before_bad_area":0.0865144,"after_bad_area":0.0339154,"selected":true}
NATIVE_QUALITY_REGION {"group":1415,"boundary_attempt":false,"point_budget":128,"source_facets":8,"boundary_points":10,"new_points":3,"boundary_unchanged":true,"before_bad":8,"after_score_computed":true,"after_bad":2,"after_valid":true,"before_bad_area":0.0017798,"after_bad_area":0.000146445,"selected":true}
NATIVE_QUALITY_REGION {"group":1420,"boundary_attempt":false,"point_budget":128,"source_facets":6,"boundary_points":8,"new_points":0,"boundary_unchanged":true,"before_bad":4,"after_score_computed":true,"after_bad":4,"after_valid":true,"before_bad_area":0.000447238,"after_bad_area":0.000447238,"selected":false}
NATIVE_QUALITY_REGION {"group":1421,"boundary_attempt":false,"point_budget":128,"source_facets":7,"boundary_points":9,"new_points":0,"boundary_unchanged":true,"before_bad":5,"after_score_computed":true,"after_bad":5,"after_valid":true,"before_bad_area":0.000407252,"after_bad_area":0.000407252,"selected":false}
NATIVE_QUALITY_REGION {"group":1427,"boundary_attempt":false,"point_budget":128,"source_facets":4,"boundary_points":6,"new_points":0,"boundary_unchanged":true,"before_bad":1,"after_score_computed":true,"after_bad":1,"after_valid":true,"before_bad_area":0.000229212,"after_bad_area":0.000229212,"selected":false}
o-[QualityBoundary] shared_edges=0 before_bad=56 after_bad=56 before_area=0.0399366 after_area=0.0399366 accepted=1
o-[QualityBoundary] shared_edges=26 before_bad=41 after_bad=56 before_area=0.0555308 after_area=0.0399366 accepted=0
NATIVE_RESULT {"load_ms":1.271137,"boolean_ms":60.312455999999997,"save_ms":1.4147860000000001,"faces":1540,"vertices":772,"simplify":true}
