Warp 1.0.0-beta.2 initialized:
   CUDA Toolkit: 12.8, Driver: 13.2
   Devices:
     "cpu"    | x86_64
     "cuda:0" | NVIDIA GeForce RTX 4080 SUPER (sm_89)
   Kernel cache: /root/.cache/warp/1.0.0-beta.2
[33;20mWARNING - Triangle area is too small (min_area=2.1438446659062852e-13), may cause numerical instability (system.py:213)[0m
Module pamo_safe_project.kernels.geometry_kernels load on device 'cuda:0' took 27.23 ms
Module pamo_safe_project.kernels.energy_kernels.elastic_energy load on device 'cuda:0' took 20.80 ms
Module pamo_safe_project.kernels.energy_kernels.hinge_energy load on device 'cuda:0' took 51.20 ms
Module pamo_safe_project.kernels.energy_kernels.precision_contact_detection load on device 'cuda:0' took 28.75 ms
Module pamo_safe_project.kernels.energy_kernels.distance_energy load on device 'cuda:0' took 46.25 ms
Module pamo_safe_project.kernels.energy_kernels.preserved_collision_energy load on device 'cuda:0' took 135.86 ms
Module pamo_safe_project.kernels.utils_kernels load on device 'cuda:0' took 6.45 ms
Module tangent_plane_gpu load on device 'cuda:0' took 2.35 ms
Module locality_gpu load on device 'cuda:0' took 1.34 ms
Module pamo_safe_project.kernels.solver_kernels load on device 'cuda:0' took 5.19 ms
Module warp.utils load on device 'cuda:0' took 2.45 ms
Module pamo_safe_project.kernels.distance_kernels.grad_funcs load on device 'cuda:0' took 32.91 ms
Module pamo_safe_project.kernels.distance_kernels.hessian_funcs load on device 'cuda:0' took 144.83 ms
Module pamo_safe_project.kernels.distance_kernels.distance_kernels load on device 'cuda:0' took 200.32 ms
Module pamo_safe_project.kernels.distance_kernels.grad_funcs_struct load on device 'cuda:0' took 30.99 ms
Module pamo_safe_project.kernels.distance_kernels.distance_kernels_struct load on device 'cuda:0' took 33.63 ms
Module pamo_safe_project.kernels.energy_kernels.collision_energy load on device 'cuda:0' took 131.58 ms
Module pamo_safe_project.kernels.ccd_kernels load on device 'cuda:0' took 41.46 ms
Module pamo_safe_project.kernels.energy_kernels.lb_curvature_energy load on device 'cuda:0' took 5.38 ms
Module pamo_safe_project.kernels.energy_kernels.contact_detection load on device 'cuda:0' took 29.57 ms
Module tangent_preserved_gpu load on device 'cuda:0' took 2.27 ms
Module robust_pt_gpu load on device 'cuda:0' took 7.99 ms
Module pamo_safe_project.kernels.energy_kernels.precision_collision_energy load on device 'cuda:0' took 129.50 ms
Module pamo_safe_project.kernels.precision_ccd_kernels load on device 'cuda:0' took 38.47 ms
Module robust_pt_gradient_gpu load on device 'cuda:0' took 8.03 ms
Module pamo_safe_project.kernels.energy_kernels.precision_gradient_collision_energy load on device 'cuda:0' took 111.44 ms
Module fixed_geometry_gpu load on device 'cuda:0' took 8.98 ms
Module pamo_safe_project.kernels.preserved_ccd load on device 'cuda:0' took 46.08 ms
