Warp 1.0.0-beta.2 initialized:
   CUDA Toolkit: 12.8, Driver: 13.2
   Devices:
     "cpu"    | x86_64
     "cuda:0" | NVIDIA GeForce RTX 4080 SUPER (sm_89)
   Kernel cache: /root/.cache/warp/1.0.0-beta.2
[33;20mWARNING - Triangle area is too small (min_area=3.3411284183485265e-16), may cause numerical instability (system.py:213)[0m
Module pamo_safe_project.kernels.geometry_kernels load on device 'cuda:0' took 28.34 ms
Module pamo_safe_project.kernels.energy_kernels.elastic_energy load on device 'cuda:0' took 21.72 ms
Module pamo_safe_project.kernels.energy_kernels.hinge_energy load on device 'cuda:0' took 53.25 ms
Module pamo_safe_project.kernels.energy_kernels.precision_contact_detection load on device 'cuda:0' took 29.65 ms
Module pamo_safe_project.kernels.energy_kernels.distance_energy load on device 'cuda:0' took 41.78 ms
Module pamo_safe_project.kernels.energy_kernels.preserved_collision_energy load on device 'cuda:0' took 127.72 ms
Module pamo_safe_project.kernels.utils_kernels load on device 'cuda:0' took 6.43 ms
Module tangent_plane_gpu load on device 'cuda:0' took 2.52 ms
Module locality_gpu load on device 'cuda:0' took 1.40 ms
Traceback (most recent call last):
  File "/root/autodl-tmp/graduation_project/constrained_20261004_逐步独立参照固定几何完整反馈_784fba6ea64f/run_constrained_worker.py", line 92, in <module>
    main()
  File "/root/autodl-tmp/graduation_project/constrained_20261004_逐步独立参照固定几何完整反馈_784fba6ea64f/run_constrained_worker.py", line 64, in main
    result, projection = project_on_planes(source, mesh, fixed,
                         ^^^^^^^^^^^^^^^^^^^^^^^^^^^^^^^^^^^^^^
  File "/root/autodl-tmp/graduation_project/constrained_20261004_逐步独立参照固定几何完整反馈_784fba6ea64f/tangent_preserved_gpu.py", line 88, in project_on_planes
    points, faces = process(source.vertices, source.faces, mesh.vertices, mesh.faces, 5, system=system, config=config)
                    ^^^^^^^^^^^^^^^^^^^^^^^^^^^^^^^^^^^^^^^^^^^^^^^^^^^^^^^^^^^^^^^^^^^^^^^^^^^^^^^^^^^^^^^^^^^^^^^^^^
  File "/root/autodl-tmp/graduation_project/pamo_quality_20260927_015556_807159_retry3/venv/lib/python3.12/site-packages/pamo_safe_project/processing.py", line 87, in process
    system.step()
  File "/root/autodl-tmp/graduation_project/pamo_quality_20260927_015556_807159_retry3/venv/lib/python3.12/site-packages/pamo_safe_project/system.py", line 439, in step
    self._compute_diff()
  File "/root/autodl-tmp/graduation_project/constrained_20261004_逐步独立参照固定几何完整反馈_784fba6ea64f/preserved_geometry_system.py", line 44, in _compute_diff
    raise RuntimeError("原几何分支后完整总能量仍非有限")
RuntimeError: 原几何分支后完整总能量仍非有限
