Warp 1.0.0-beta.2 initialized:
   CUDA Toolkit: 12.8, Driver: 13.2
   Devices:
     "cpu"    | x86_64
     "cuda:0" | NVIDIA GeForce RTX 4090 (sm_89)
   Kernel cache: /root/.cache/warp/1.0.0-beta.2
Module pamo_safe_project.kernels.geometry_kernels load on device 'cuda:0' took 17.54 ms
Module pamo_safe_project.kernels.energy_kernels.elastic_energy load on device 'cuda:0' took 11.29 ms
Module pamo_safe_project.kernels.energy_kernels.hinge_energy load on device 'cuda:0' took 39.76 ms
Module pamo_safe_project.kernels.energy_kernels.contact_detection load on device 'cuda:0' took 91.27 ms
Module pamo_safe_project.kernels.energy_kernels.distance_energy load on device 'cuda:0' took 21.95 ms
Module pamo_safe_project.kernels.energy_kernels.collision_energy load on device 'cuda:0' took 87.20 ms
Module pamo_safe_project.kernels.utils_kernels load on device 'cuda:0' took 5.01 ms
Module locality_gpu load on device 'cuda:0' took 1.05 ms
Module pamo_safe_project.kernels.solver_kernels load on device 'cuda:0' took 3.24 ms
Module warp.utils load on device 'cuda:0' took 68.50 ms
Module pamo_safe_project.kernels.distance_kernels.grad_funcs load on device 'cuda:0' took 20.95 ms
Module pamo_safe_project.kernels.distance_kernels.hessian_funcs load on device 'cuda:0' took 74.04 ms
Module pamo_safe_project.kernels.distance_kernels.distance_kernels load on device 'cuda:0' took 169.52 ms
Module pamo_safe_project.kernels.distance_kernels.grad_funcs_struct load on device 'cuda:0' took 15.89 ms
Module pamo_safe_project.kernels.distance_kernels.distance_kernels_struct load on device 'cuda:0' took 20.11 ms
Module pamo_safe_project.kernels.ccd_kernels load on device 'cuda:0' took 21.48 ms
Module pamo_safe_project.kernels.energy_kernels.lb_curvature_energy load on device 'cuda:0' took 4.69 ms
