Stage1 :  True
Stage3 :  True
Warp 1.0.0-beta.2 initialized:
   CUDA Toolkit: 12.8, Driver: 13.2
   Devices:
     "cpu"    | x86_64
     "cuda:0" | NVIDIA GeForce RTX 4080 SUPER (sm_89)
   Kernel cache: /root/.cache/warp/1.0.0-beta.2
Target faces : 1880
Time for Remeshing: 0.09995388984680176 sec
Time for Simplification: 0.6103513240814209 sec
Module pamo_safe_project.kernels.geometry_kernels load on device 'cuda:0' took 22.97 ms
Module pamo_safe_project.kernels.energy_kernels.elastic_energy load on device 'cuda:0' took 21.26 ms
Module pamo_safe_project.kernels.energy_kernels.hinge_energy load on device 'cuda:0' took 52.06 ms
Module pamo_safe_project.kernels.energy_kernels.contact_detection load on device 'cuda:0' took 31.71 ms
Module pamo_safe_project.kernels.energy_kernels.distance_energy load on device 'cuda:0' took 137.45 ms
Module pamo_safe_project.kernels.energy_kernels.collision_energy load on device 'cuda:0' took 134.70 ms
Module pamo_safe_project.kernels.utils_kernels load on device 'cuda:0' took 5.86 ms
Module pamo_safe_project.kernels.solver_kernels load on device 'cuda:0' took 4.76 ms
Module warp.utils load on device 'cuda:0' took 2.41 ms
Module pamo_safe_project.kernels.distance_kernels.grad_funcs load on device 'cuda:0' took 33.17 ms
Module pamo_safe_project.kernels.distance_kernels.hessian_funcs load on device 'cuda:0' took 143.32 ms
Module pamo_safe_project.kernels.distance_kernels.distance_kernels load on device 'cuda:0' took 201.91 ms
Module pamo_safe_project.kernels.distance_kernels.grad_funcs_struct load on device 'cuda:0' took 30.83 ms
Module pamo_safe_project.kernels.distance_kernels.distance_kernels_struct load on device 'cuda:0' took 33.64 ms
Module pamo_safe_project.kernels.ccd_kernels load on device 'cuda:0' took 40.32 ms
Module pamo_safe_project.kernels.energy_kernels.lb_curvature_energy load on device 'cuda:0' took 5.67 ms
Module locality_gpu load on device 'cuda:0' took 1.30 ms
{"pamo_run_ms": 2686.4159731194377, "stage1": "original", "method": "full", "maintenance_ms": 4883.331127464771, "status": "pending_independent_audit"}
