Stage1 :  True
Stage3 :  True
Warp 1.0.0-beta.2 initialized:
   CUDA Toolkit: 12.8, Driver: 13.2
   Devices:
     "cpu"    | x86_64
     "cuda:0" | NVIDIA GeForce RTX 4090 (sm_89)
   Kernel cache: /root/.cache/warp/1.0.0-beta.2
Target faces : 4204
Time for Remeshing: 0.1621382236480713 sec
Time for Simplification: 0.11384820938110352 sec
Module pamo_safe_project.kernels.geometry_kernels load on device 'cuda:0' took 12.40 ms
Module pamo_safe_project.kernels.energy_kernels.elastic_energy load on device 'cuda:0' took 10.94 ms
Module pamo_safe_project.kernels.energy_kernels.hinge_energy load on device 'cuda:0' took 26.51 ms
Module pamo_safe_project.kernels.energy_kernels.contact_detection load on device 'cuda:0' took 24.33 ms
Module pamo_safe_project.kernels.energy_kernels.distance_energy load on device 'cuda:0' took 35.99 ms
Module pamo_safe_project.kernels.energy_kernels.collision_energy load on device 'cuda:0' took 140.33 ms
Module pamo_safe_project.kernels.utils_kernels load on device 'cuda:0' took 9.70 ms
Module pamo_safe_project.kernels.solver_kernels load on device 'cuda:0' took 2.64 ms
Module warp.utils load on device 'cuda:0' took 1.37 ms
Module pamo_safe_project.kernels.distance_kernels.grad_funcs load on device 'cuda:0' took 16.94 ms
Module pamo_safe_project.kernels.distance_kernels.hessian_funcs load on device 'cuda:0' took 150.15 ms
Module pamo_safe_project.kernels.distance_kernels.distance_kernels load on device 'cuda:0' took 204.70 ms
Module pamo_safe_project.kernels.distance_kernels.grad_funcs_struct load on device 'cuda:0' took 23.71 ms
Module pamo_safe_project.kernels.distance_kernels.distance_kernels_struct load on device 'cuda:0' took 17.33 ms
Module pamo_safe_project.kernels.ccd_kernels load on device 'cuda:0' took 21.36 ms
Module pamo_safe_project.kernels.energy_kernels.lb_curvature_energy load on device 'cuda:0' took 3.18 ms
Module locality_gpu load on device 'cuda:0' took 0.71 ms
