Warp 1.0.0-beta.2 initialized:
   CUDA Toolkit: 12.8, Driver: 13.2
   Devices:
     "cpu"    | x86_64
     "cuda:0" | NVIDIA GeForce RTX 4090 (sm_89)
   Kernel cache: /root/.cache/warp/1.0.0-beta.2
Module pamo_safe_project.kernels.geometry_kernels load on device 'cuda:0' took 82.10 ms
Module pamo_safe_project.kernels.energy_kernels.elastic_energy load on device 'cuda:0' took 11.15 ms
Module pamo_safe_project.kernels.energy_kernels.hinge_energy load on device 'cuda:0' took 89.88 ms
Module pamo_safe_project.kernels.energy_kernels.contact_detection load on device 'cuda:0' took 16.34 ms
Module pamo_safe_project.kernels.energy_kernels.distance_energy load on device 'cuda:0' took 88.43 ms
Module pamo_safe_project.kernels.energy_kernels.collision_energy load on device 'cuda:0' took 71.04 ms
Module pamo_safe_project.kernels.utils_kernels load on device 'cuda:0' took 3.16 ms
Module tangent_plane_gpu load on device 'cuda:0' took 1.27 ms
Module locality_gpu load on device 'cuda:0' took 0.73 ms
Module pamo_safe_project.kernels.solver_kernels load on device 'cuda:0' took 3.07 ms
Module warp.utils load on device 'cuda:0' took 1.71 ms
Module pamo_safe_project.kernels.distance_kernels.grad_funcs load on device 'cuda:0' took 17.00 ms
Module pamo_safe_project.kernels.distance_kernels.hessian_funcs load on device 'cuda:0' took 74.49 ms
Module pamo_safe_project.kernels.distance_kernels.distance_kernels load on device 'cuda:0' took 103.08 ms
Module pamo_safe_project.kernels.distance_kernels.grad_funcs_struct load on device 'cuda:0' took 15.97 ms
Module pamo_safe_project.kernels.distance_kernels.distance_kernels_struct load on device 'cuda:0' took 17.63 ms
Module pamo_safe_project.kernels.ccd_kernels load on device 'cuda:0' took 21.63 ms
Module pamo_safe_project.kernels.energy_kernels.lb_curvature_energy load on device 'cuda:0' took 4.62 ms
