Stage1 :  True
Stage3 :  True
Warp 1.0.0-beta.2 initialized:
   CUDA Toolkit: 12.8, Driver: 13.2
   Devices:
     "cpu"    | x86_64
     "cuda:0" | NVIDIA GeForce RTX 4090 (sm_89)
   Kernel cache: /root/.cache/warp/1.0.0-beta.2
Target faces : 1426
Time for Remeshing: 0.27419137954711914 sec
Time for Simplification: 1.12172269821167 sec
Module pamo_safe_project.kernels.geometry_kernels load on device 'cuda:0' took 79.27 ms
Module pamo_safe_project.kernels.energy_kernels.elastic_energy load on device 'cuda:0' took 10.84 ms
Module pamo_safe_project.kernels.energy_kernels.hinge_energy load on device 'cuda:0' took 93.39 ms
Module pamo_safe_project.kernels.energy_kernels.contact_detection load on device 'cuda:0' took 15.98 ms
Module pamo_safe_project.kernels.energy_kernels.distance_energy load on device 'cuda:0' took 88.08 ms
Module pamo_safe_project.kernels.energy_kernels.collision_energy load on device 'cuda:0' took 185.29 ms
Module pamo_safe_project.kernels.utils_kernels load on device 'cuda:0' took 3.12 ms
Module pamo_safe_project.kernels.solver_kernels load on device 'cuda:0' took 2.57 ms
Module warp.utils load on device 'cuda:0' took 1.35 ms
Module pamo_safe_project.kernels.distance_kernels.grad_funcs load on device 'cuda:0' took 16.76 ms
Module pamo_safe_project.kernels.distance_kernels.hessian_funcs load on device 'cuda:0' took 182.21 ms
Module pamo_safe_project.kernels.distance_kernels.distance_kernels load on device 'cuda:0' took 212.50 ms
Module pamo_safe_project.kernels.distance_kernels.grad_funcs_struct load on device 'cuda:0' took 82.83 ms
Module pamo_safe_project.kernels.distance_kernels.distance_kernels_struct load on device 'cuda:0' took 17.38 ms
Module pamo_safe_project.kernels.ccd_kernels load on device 'cuda:0' took 21.67 ms
Module pamo_safe_project.kernels.energy_kernels.lb_curvature_energy load on device 'cuda:0' took 3.11 ms
Module locality_gpu load on device 'cuda:0' took 0.71 ms
{"pamo_run_ms": 3570.5627473071218, "stage1": "original", "method": "full", "maintenance_ms": 8383.45250673592, "status": "pending_independent_audit"}
