Warp 1.0.0-beta.2 initialized:
   CUDA Toolkit: 12.8, Driver: 13.2
   Devices:
     "cpu"    | x86_64
     "cuda:0" | NVIDIA GeForce RTX 4080 SUPER (sm_89)
   Kernel cache: /root/.cache/warp/1.0.0-beta.2
[33;20mWARNING - Triangle area is too small (min_area=3.644253486530313e-12), may cause numerical instability (system.py:213)[0m
Module pamo_safe_project.kernels.geometry_kernels load on device 'cuda:0' took 26.02 ms
Module pamo_safe_project.kernels.energy_kernels.elastic_energy load on device 'cuda:0' took 20.38 ms
Module pamo_safe_project.kernels.energy_kernels.hinge_energy load on device 'cuda:0' took 51.56 ms
Module pamo_safe_project.kernels.energy_kernels.precision_contact_detection load on device 'cuda:0' took 28.06 ms
Module pamo_safe_project.kernels.energy_kernels.distance_energy load on device 'cuda:0' took 40.61 ms
Module pamo_safe_project.kernels.energy_kernels.precision_gradient_collision_energy load on device 'cuda:0' took 110.94 ms
Module pamo_safe_project.kernels.utils_kernels load on device 'cuda:0' took 5.56 ms
Module tangent_plane_gpu load on device 'cuda:0' took 2.05 ms
Module locality_gpu load on device 'cuda:0' took 1.14 ms
Module pamo_safe_project.kernels.solver_kernels load on device 'cuda:0' took 5.99 ms
Module warp.utils load on device 'cuda:0' took 2.33 ms
Module pamo_safe_project.kernels.distance_kernels.grad_funcs load on device 'cuda:0' took 32.25 ms
Module pamo_safe_project.kernels.distance_kernels.hessian_funcs load on device 'cuda:0' took 142.36 ms
Module pamo_safe_project.kernels.distance_kernels.distance_kernels load on device 'cuda:0' took 198.17 ms
Module pamo_safe_project.kernels.distance_kernels.grad_funcs_struct load on device 'cuda:0' took 30.09 ms
Module pamo_safe_project.kernels.distance_kernels.distance_kernels_struct load on device 'cuda:0' took 35.11 ms
Module pamo_safe_project.kernels.energy_kernels.collision_energy load on device 'cuda:0' took 133.69 ms
Module pamo_safe_project.kernels.ccd_kernels load on device 'cuda:0' took 40.75 ms
Module pamo_safe_project.kernels.energy_kernels.lb_curvature_energy load on device 'cuda:0' took 5.78 ms
Module pamo_safe_project.kernels.energy_kernels.contact_detection load on device 'cuda:0' took 29.82 ms
Module robust_pt_gpu load on device 'cuda:0' took 8.14 ms
Module pamo_safe_project.kernels.energy_kernels.precision_collision_energy load on device 'cuda:0' took 135.85 ms
Module pamo_safe_project.kernels.precision_ccd_kernels load on device 'cuda:0' took 40.16 ms
Module robust_pt_gradient_gpu load on device 'cuda:0' took 7.84 ms
