Warp 1.0.0-beta.2 initialized:
   CUDA Toolkit: 12.8, Driver: 13.2
   Devices:
     "cpu"    | x86_64
     "cuda:0" | NVIDIA GeForce RTX 4080 SUPER (sm_89)
   Kernel cache: /root/.cache/warp/1.0.0-beta.2
[33;20mWARNING - Triangle area is too small (min_area=3.0313372106771104e-16), may cause numerical instability (system.py:213)[0m
Module pamo_safe_project.kernels.geometry_kernels load on device 'cuda:0' took 26.47 ms
Module pamo_safe_project.kernels.energy_kernels.elastic_energy load on device 'cuda:0' took 20.78 ms
Module pamo_safe_project.kernels.energy_kernels.hinge_energy load on device 'cuda:0' took 50.79 ms
Module pamo_safe_project.kernels.energy_kernels.precision_contact_detection load on device 'cuda:0' took 28.16 ms
Module pamo_safe_project.kernels.energy_kernels.distance_energy load on device 'cuda:0' took 39.48 ms
Module pamo_safe_project.kernels.energy_kernels.preserved_collision_energy load on device 'cuda:0' took 120.20 ms
Module pamo_safe_project.kernels.utils_kernels load on device 'cuda:0' took 6.00 ms
Module tangent_plane_gpu load on device 'cuda:0' took 2.11 ms
Module locality_gpu load on device 'cuda:0' took 1.23 ms
Module pamo_safe_project.kernels.solver_kernels load on device 'cuda:0' took 5.23 ms
Module warp.utils load on device 'cuda:0' took 2.43 ms
Module pamo_safe_project.kernels.distance_kernels.grad_funcs load on device 'cuda:0' took 32.28 ms
Module pamo_safe_project.kernels.distance_kernels.hessian_funcs load on device 'cuda:0' took 142.56 ms
Module pamo_safe_project.kernels.distance_kernels.distance_kernels load on device 'cuda:0' took 195.54 ms
Module pamo_safe_project.kernels.distance_kernels.grad_funcs_struct load on device 'cuda:0' took 31.23 ms
Module pamo_safe_project.kernels.distance_kernels.distance_kernels_struct load on device 'cuda:0' took 33.28 ms
Module pamo_safe_project.kernels.energy_kernels.collision_energy load on device 'cuda:0' took 132.54 ms
Module pamo_safe_project.kernels.ccd_kernels load on device 'cuda:0' took 38.82 ms
Module pamo_safe_project.kernels.energy_kernels.lb_curvature_energy load on device 'cuda:0' took 5.38 ms
Module pamo_safe_project.kernels.energy_kernels.contact_detection load on device 'cuda:0' took 29.43 ms
Module tangent_preserved_gpu load on device 'cuda:0' took 2.00 ms
Module robust_pt_gpu load on device 'cuda:0' took 7.87 ms
Module pamo_safe_project.kernels.energy_kernels.precision_collision_energy load on device 'cuda:0' took 117.87 ms
Module pamo_safe_project.kernels.precision_ccd_kernels load on device 'cuda:0' took 27.15 ms
Module robust_pt_gradient_gpu load on device 'cuda:0' took 5.52 ms
Module pamo_safe_project.kernels.energy_kernels.precision_gradient_collision_energy load on device 'cuda:0' took 84.80 ms
Module fixed_geometry_gpu load on device 'cuda:0' took 6.11 ms
Module pamo_safe_project.kernels.preserved_ccd load on device 'cuda:0' took 31.66 ms
