Stage1 :  True
Stage3 :  True
Warp 1.0.0-beta.2 initialized:
   CUDA Toolkit: 12.8, Driver: 13.2
   Devices:
     "cpu"    | x86_64
     "cuda:0" | NVIDIA GeForce RTX 4090 (sm_89)
   Kernel cache: /root/.cache/warp/1.0.0-beta.2
Target faces : 656
Time for Remeshing: 0.17555904388427734 sec
Time for Simplification: 0.41250157356262207 sec
Module pamo_safe_project.kernels.geometry_kernels load on device 'cuda:0' took 12.31 ms
Module pamo_safe_project.kernels.energy_kernels.elastic_energy load on device 'cuda:0' took 53.88 ms
Module pamo_safe_project.kernels.energy_kernels.hinge_energy load on device 'cuda:0' took 26.20 ms
Module pamo_safe_project.kernels.energy_kernels.contact_detection load on device 'cuda:0' took 82.97 ms
Module pamo_safe_project.kernels.energy_kernels.distance_energy load on device 'cuda:0' took 21.59 ms
Module pamo_safe_project.kernels.energy_kernels.collision_energy load on device 'cuda:0' took 180.92 ms
Module pamo_safe_project.kernels.utils_kernels load on device 'cuda:0' took 3.22 ms
Module pamo_safe_project.kernels.solver_kernels load on device 'cuda:0' took 3.10 ms
Module warp.utils load on device 'cuda:0' took 2.20 ms
Module pamo_safe_project.kernels.distance_kernels.grad_funcs load on device 'cuda:0' took 16.79 ms
Module pamo_safe_project.kernels.distance_kernels.hessian_funcs load on device 'cuda:0' took 183.23 ms
Module pamo_safe_project.kernels.distance_kernels.distance_kernels load on device 'cuda:0' took 215.15 ms
Module pamo_safe_project.kernels.distance_kernels.grad_funcs_struct load on device 'cuda:0' took 59.42 ms
Module pamo_safe_project.kernels.distance_kernels.distance_kernels_struct load on device 'cuda:0' took 18.07 ms
Module pamo_safe_project.kernels.ccd_kernels load on device 'cuda:0' took 89.34 ms
Module pamo_safe_project.kernels.energy_kernels.lb_curvature_energy load on device 'cuda:0' took 3.36 ms
Module locality_gpu load on device 'cuda:0' took 0.77 ms
{"pamo_run_ms": 2722.3042203113437, "stage1": "original", "method": "full", "maintenance_ms": 7724.979585967958, "status": "pending_independent_audit"}
