o-[Process     ] Max used threads = 4
o-[I/O         ] Loading file /tmp/geogram_native_quality_20261006_18/inputs/01_parent.obj...
o-[I/O         ] (FP64) nb_v:642 nb_e:0 nb_f:1280 nb_b:0 tri:1 dim:3
o-[I/O         ] Attributes on vertices: point[3]
o-[I/O         ] Loading file /tmp/geogram_native_quality_20261006_18/inputs/01_tool.obj...
o-[I/O         ] (FP64) nb_v:162 nb_e:0 nb_f:320 nb_b:0 tri:1 dim:3
o-[I/O         ] Attributes on vertices: point[3]
NATIVE_QUALITY_REGION {"group":1276,"boundary_attempt":false,"point_budget":64,"source_facets":13,"boundary_points":15,"new_points":5,"boundary_unchanged":true,"before_bad":11,"after_score_computed":true,"after_bad":3,"after_valid":true,"before_bad_area":0.105154,"after_bad_area":0.040309,"selected":true}
NATIVE_QUALITY_REGION {"group":1277,"boundary_attempt":false,"point_budget":64,"source_facets":15,"boundary_points":17,"new_points":8,"boundary_unchanged":true,"before_bad":13,"after_score_computed":true,"after_bad":4,"after_valid":true,"before_bad_area":0.101336,"after_bad_area":0.0779616,"selected":true}
NATIVE_QUALITY_REGION {"group":1278,"boundary_attempt":false,"point_budget":64,"source_facets":13,"boundary_points":15,"new_points":7,"boundary_unchanged":true,"before_bad":11,"after_score_computed":true,"after_bad":3,"after_valid":true,"before_bad_area":0.100457,"after_bad_area":0.0535553,"selected":true}
NATIVE_QUALITY_REGION {"group":1279,"boundary_attempt":false,"point_budget":64,"source_facets":6,"boundary_points":8,"new_points":0,"boundary_unchanged":true,"before_bad":4,"after_score_computed":true,"after_bad":4,"after_valid":true,"before_bad_area":0.0049329,"after_bad_area":0.0049329,"selected":false}
NATIVE_QUALITY_REGION {"group":1280,"boundary_attempt":false,"point_budget":64,"source_facets":5,"boundary_points":7,"new_points":0,"boundary_unchanged":true,"before_bad":3,"after_score_computed":true,"after_bad":3,"after_valid":true,"before_bad_area":0.00149404,"after_bad_area":0.00149404,"selected":false}
NATIVE_QUALITY_REGION {"group":1281,"boundary_attempt":false,"point_budget":64,"source_facets":6,"boundary_points":8,"new_points":0,"boundary_unchanged":true,"before_bad":4,"after_score_computed":true,"after_bad":4,"after_valid":true,"before_bad_area":0.00845322,"after_bad_area":0.00845322,"selected":false}
NATIVE_QUALITY_REGION {"group":1392,"boundary_attempt":false,"point_budget":64,"source_facets":3,"boundary_points":5,"new_points":0,"boundary_unchanged":true,"before_bad":1,"after_score_computed":true,"after_bad":1,"after_valid":true,"before_bad_area":4.20181e-05,"after_bad_area":4.20181e-05,"selected":false}
NATIVE_QUALITY_REGION {"group":1394,"boundary_attempt":false,"point_budget":64,"source_facets":3,"boundary_points":5,"new_points":1,"boundary_unchanged":true,"before_bad":1,"after_score_computed":true,"after_bad":0,"after_valid":true,"before_bad_area":0.000282196,"after_bad_area":0,"selected":true}
NATIVE_QUALITY_REGION {"group":1416,"boundary_attempt":false,"point_budget":64,"source_facets":2,"boundary_points":4,"new_points":0,"boundary_unchanged":true,"before_bad":1,"after_score_computed":true,"after_bad":1,"after_valid":true,"before_bad_area":6.6668e-07,"after_bad_area":6.6668e-07,"selected":false}
NATIVE_QUALITY_REGION {"group":1416,"boundary_attempt":true,"point_budget":128,"source_facets":2,"boundary_points":4,"new_points":9,"boundary_unchanged":true,"before_bad":1,"after_score_computed":true,"after_bad":0,"after_valid":true,"before_bad_area":6.6668e-07,"after_bad_area":0,"selected":true}
NATIVE_QUALITY_REGION {"group":1394,"boundary_attempt":false,"point_budget":128,"source_facets":28,"boundary_points":20,"new_points":7,"boundary_unchanged":true,"before_bad":16,"after_score_computed":true,"after_bad":7,"after_valid":true,"before_bad_area":0.105154,"after_bad_area":0.00581426,"selected":true}
NATIVE_QUALITY_REGION {"group":1395,"boundary_attempt":false,"point_budget":128,"source_facets":40,"boundary_points":26,"new_points":13,"boundary_unchanged":true,"before_bad":22,"after_score_computed":true,"after_bad":9,"after_valid":true,"before_bad_area":0.101336,"after_bad_area":0.0934823,"selected":true}
NATIVE_QUALITY_REGION {"group":1396,"boundary_attempt":false,"point_budget":128,"source_facets":30,"boundary_points":18,"new_points":9,"boundary_unchanged":true,"before_bad":14,"after_score_computed":true,"after_bad":3,"after_valid":true,"before_bad_area":0.0890321,"after_bad_area":0.0147559,"selected":true}
NATIVE_QUALITY_REGION {"group":1398,"boundary_attempt":false,"point_budget":128,"source_facets":8,"boundary_points":10,"new_points":2,"boundary_unchanged":true,"before_bad":5,"after_score_computed":true,"after_bad":2,"after_valid":true,"before_bad_area":0.00402374,"after_bad_area":0.000330882,"selected":true}
NATIVE_QUALITY_REGION {"group":1409,"boundary_attempt":false,"point_budget":128,"source_facets":3,"boundary_points":5,"new_points":0,"boundary_unchanged":true,"before_bad":1,"after_score_computed":true,"after_bad":1,"after_valid":true,"before_bad_area":0.000606273,"after_bad_area":0.000606273,"selected":false}
NATIVE_QUALITY_REGION {"group":1415,"boundary_attempt":false,"point_budget":128,"source_facets":10,"boundary_points":12,"new_points":0,"boundary_unchanged":true,"before_bad":1,"after_score_computed":true,"after_bad":1,"after_valid":true,"before_bad_area":4.20595e-05,"after_bad_area":4.20595e-05,"selected":false}
NATIVE_QUALITY_REGION {"group":1426,"boundary_attempt":false,"point_budget":128,"source_facets":8,"boundary_points":10,"new_points":3,"boundary_unchanged":true,"before_bad":8,"after_score_computed":true,"after_bad":2,"after_valid":true,"before_bad_area":0.00519173,"after_bad_area":0.000530919,"selected":true}
NATIVE_QUALITY_REGION {"group":1428,"boundary_attempt":false,"point_budget":128,"source_facets":3,"boundary_points":5,"new_points":0,"boundary_unchanged":true,"before_bad":1,"after_score_computed":true,"after_bad":1,"after_valid":true,"before_bad_area":3.60458e-06,"after_bad_area":3.60458e-06,"selected":false}
o-[QualityBoundary] shared_edges=0 before_bad=35 after_bad=35 before_area=0.128994 after_area=0.128994 accepted=1
o-[QualityBoundary] shared_edges=15 before_bad=29 after_bad=35 before_area=0.189283 after_area=0.128994 accepted=0
NATIVE_RESULT {"load_ms":1.1763889999999999,"boolean_ms":54.871920000000003,"save_ms":2.4084560000000002,"faces":1552,"vertices":778,"simplify":true}
