o-[Process     ] Max used threads = 4
o-[I/O         ] Loading file /root/autodl-tmp/graduation_project/geometry_study_20261004_geometry_development_v4/inputs/development_long_slab_24_initial.obj...
o-[I/O         ] (FP64) nb_v:882 nb_e:0 nb_f:1760 nb_b:0 tri:1 dim:3
o-[I/O         ] Attributes on vertices: point[3]
o-[I/O         ] Loading file /root/autodl-tmp/graduation_project/geometry_study_20261004_geometry_development_v4/development_long_slab_24_e14/union.obj...
o-[I/O         ] (FP64) nb_v:1949 nb_e:0 nb_f:3920 nb_b:72 tri:1 dim:3
o-[I/O         ] Attributes on vertices: point[3]
(E)-[RadialSort] Both triangles in same half-plane
(E)-[RadialSort] Both triangles in same half-plane
(E)-[RadialSort] Both triangles in same half-plane
(E)-[RadialSort] Both triangles in same reference half-plane
(E)-[RadialSort] Both triangles in same half-plane

FATAL ERROR: Did not manage to sort a bundle in Polyline of length 1
(if you reached this point, you may need geogramplus, contact TESSAEL)

FATAL ERROR: Did not manage to sort a bundle in Polyline of length (E)-[RadialSort] Both triangles in same reference half-plane
1
(if you reached this point, you may need geogramplus, contact TESSAEL)
(E)-[RadialSort] Both triangles in same reference half-plane
(E)-[RadialSort] Both triangles in same reference half-plane

FATAL ERROR: Did not manage to sort a bundle in Polyline of length 1
(if you reached this point, you may need geogramplus, contact TESSAEL)
Abnormal program termination: Abnormal program termination: Abnormal program termination: function terminate() was calledfunction terminate() was called
function terminate() was called

Stacktrace: /root/autodl-tmp/graduation_project/followup_20260928_2344/geogram_src/build/followup-linux64-gcc-dynamic/lib/libgeogram.so.1.10.2(+0xf8620) [0x7f3d659b7620]
Stacktrace: /root/autodl-tmp/graduation_project/followup_20260928_2344/geogram_src/build/followup-linux64-gcc-dynamic/lib/libgeogram.so.1.10.2(+0xf882e) [0x7f3d659b782e]
Stacktrace: /usr/lib/x86_64-linux-gnu/libc.so.6(+0x42520) [0x7f3d6547c520]
Stacktrace: /usr/lib/x86_64-linux-gnu/libc.so.6(+0x453fc) [0x7f3d6547f3fc]
Stacktrace: /usr/lib/x86_64-linux-gnu/libc.so.6(on_exit+0) [0x7f3d6547f610]
Stacktrace: /root/autodl-tmp/graduation_project/followup_20260928_2344/geogram_src/build/followup-linux64-gcc-dynamic/lib/libgeogram.so.1.10.2(+0xf78f4) [0x7f3d659b68f4]
Stacktrace: /root/autodl-tmp/graduation_project/followup_20260928_2344/geogram_src/build/followup-linux64-gcc-dynamic/lib/libgeogram.so.1.10.2(+0xf7966) [0x7f3d659b6966]
Stacktrace: /usr/lib/x86_64-linux-gnu/libstdc++.so.6(+0xae20c) [0x7f3d6573120c]
Stacktrace: /usr/lib/x86_64-linux-gnu/libstdc++.so.6(+0xae277) [0x7f3d65731277]
Stacktrace: /usr/lib/x86_64-linux-gnu/libstdc++.so.6(+0xae4d8) [0x7f3d657314d8]
Stacktrace: /root/autodl-tmp/graduation_project/followup_20260928_2344/geogram_src/build/followup-linux64-gcc-dynamic/lib/libgeogram.so.1.10.2(+0x60b61) [0x7f3d6591fb61]
Stacktrace: /root/autodl-tmp/graduation_project/followup_20260928_2344/geogram_src/build/followup-linux64-gcc-dynamic/lib/libgeogram.so.1.10.2(+0x24703e) [0x7f3d65b0603e]
Stacktrace: /root/autodl-tmp/graduation_project/followup_20260928_2344/geogram_src/build/followup-linux64-gcc-dynamic/lib/libgeogram.so.1.10.2(+0xf177c) [0x7f3d659b077c]
Stacktrace: /root/autodl-tmp/graduation_project/followup_20260928_2344/geogram_src/build/followup-linux64-gcc-dynamic/lib/libgeogram.so.1.10.2(+0xf77f7) [0x7f3d659b67f7]
Stacktrace: /usr/lib/x86_64-linux-gnu/libc.so.6(+0x94ac3) [0x7f3d654ceac3]
Stacktrace: /usr/lib/x86_64-linux-gnu/libc.so.6(clone+0x44) [0x7f3d6555fa04]
Abnormal program termination: received signal 11 (Segmentation fault)
