o-[Process     ] Max used threads = 4
o-[I/O         ] Loading file /tmp/geogram_native_quality_20261006_07/inputs/10_parent.obj...
o-[I/O         ] (FP64) nb_v:24552 nb_e:0 nb_f:49100 nb_b:0 tri:1 dim:3
o-[I/O         ] Attributes on vertices: point[3]
o-[I/O         ] Loading file /tmp/geogram_native_quality_20261006_07/inputs/10_tool.obj...
o-[I/O         ] (FP64) nb_v:674 nb_e:0 nb_f:1344 nb_b:0 tri:1 dim:3
o-[I/O         ] Attributes on vertices: point[3]
NATIVE_QUALITY_REGION {"group":48038,"source_facets":2,"boundary_points":4,"new_points":8,"boundary_unchanged":true,"before_bad":1,"after_score_computed":true,"after_bad":0,"after_valid":true,"before_bad_area":0.00015145,"after_bad_area":0,"selected":true}
NATIVE_QUALITY_REGION {"group":48042,"source_facets":2,"boundary_points":3,"new_points":64,"boundary_unchanged":true,"before_bad":1,"after_score_computed":true,"after_bad":65,"after_valid":true,"before_bad_area":1.17001e-16,"after_bad_area":1.33571e-16,"selected":false}
NATIVE_QUALITY_REGION {"group":48049,"source_facets":2,"boundary_points":3,"new_points":64,"boundary_unchanged":true,"before_bad":1,"after_score_computed":true,"after_bad":15,"after_valid":false,"before_bad_area":5.07687e-17,"after_bad_area":4.58931e-17,"selected":false}
NATIVE_QUALITY_REGION {"group":48050,"source_facets":3,"boundary_points":4,"new_points":4,"boundary_unchanged":true,"before_bad":1,"after_score_computed":true,"after_bad":0,"after_valid":true,"before_bad_area":0.000147159,"after_bad_area":0,"selected":true}
NATIVE_QUALITY_REGION {"group":48051,"source_facets":3,"boundary_points":5,"new_points":13,"boundary_unchanged":true,"before_bad":1,"after_score_computed":true,"after_bad":0,"after_valid":true,"before_bad_area":1.07578e-05,"after_bad_area":0,"selected":true}
NATIVE_QUALITY_REGION {"group":48065,"source_facets":3,"boundary_points":5,"new_points":7,"boundary_unchanged":true,"before_bad":2,"after_score_computed":true,"after_bad":0,"after_valid":true,"before_bad_area":0.00210159,"after_bad_area":0,"selected":true}
NATIVE_QUALITY_REGION {"group":48066,"source_facets":2,"boundary_points":4,"new_points":5,"boundary_unchanged":true,"before_bad":1,"after_score_computed":true,"after_bad":0,"after_valid":true,"before_bad_area":0.000454949,"after_bad_area":0,"selected":true}
NATIVE_QUALITY_REGION {"group":48067,"source_facets":3,"boundary_points":4,"new_points":29,"boundary_unchanged":true,"before_bad":2,"after_score_computed":true,"after_bad":0,"after_valid":true,"before_bad_area":0.000249824,"after_bad_area":0,"selected":true}
NATIVE_QUALITY_REGION {"group":48072,"source_facets":3,"boundary_points":4,"new_points":9,"boundary_unchanged":true,"before_bad":2,"after_score_computed":true,"after_bad":0,"after_valid":true,"before_bad_area":7.07824e-05,"after_bad_area":0,"selected":true}
NATIVE_QUALITY_REGION {"group":48073,"source_facets":3,"boundary_points":5,"new_points":5,"boundary_unchanged":true,"before_bad":2,"after_score_computed":true,"after_bad":0,"after_valid":true,"before_bad_area":0.00409329,"after_bad_area":0,"selected":true}
NATIVE_QUALITY_REGION {"group":48077,"source_facets":2,"boundary_points":4,"new_points":2,"boundary_unchanged":true,"before_bad":1,"after_score_computed":true,"after_bad":0,"after_valid":true,"before_bad_area":0.003666,"after_bad_area":0,"selected":true}
NATIVE_QUALITY_REGION {"group":48082,"source_facets":3,"boundary_points":5,"new_points":8,"boundary_unchanged":true,"before_bad":1,"after_score_computed":true,"after_bad":0,"after_valid":true,"before_bad_area":1.71383e-06,"after_bad_area":0,"selected":true}
NATIVE_QUALITY_REGION {"group":48085,"source_facets":4,"boundary_points":6,"new_points":7,"boundary_unchanged":true,"before_bad":1,"after_score_computed":true,"after_bad":0,"after_valid":true,"before_bad_area":6.26473e-06,"after_bad_area":0,"selected":true}
NATIVE_QUALITY_REGION {"group":48086,"source_facets":4,"boundary_points":5,"new_points":6,"boundary_unchanged":true,"before_bad":3,"after_score_computed":true,"after_bad":0,"after_valid":true,"before_bad_area":0.0116518,"after_bad_area":0,"selected":true}
NATIVE_QUALITY_REGION {"group":48087,"source_facets":5,"boundary_points":7,"new_points":3,"boundary_unchanged":true,"before_bad":3,"after_score_computed":true,"after_bad":0,"after_valid":true,"before_bad_area":0.00034458,"after_bad_area":0,"selected":true}
NATIVE_QUALITY_REGION {"group":48088,"source_facets":3,"boundary_points":5,"new_points":6,"boundary_unchanged":true,"before_bad":1,"after_score_computed":true,"after_bad":0,"after_valid":true,"before_bad_area":0.00170962,"after_bad_area":0,"selected":true}
NATIVE_QUALITY_REGION {"group":48092,"source_facets":4,"boundary_points":6,"new_points":63,"boundary_unchanged":true,"before_bad":2,"after_score_computed":true,"after_bad":3,"after_valid":true,"before_bad_area":0.000102085,"after_bad_area":1.80976e-05,"selected":false}
NATIVE_QUALITY_REGION {"group":48093,"source_facets":2,"boundary_points":4,"new_points":3,"boundary_unchanged":true,"before_bad":1,"after_score_computed":true,"after_bad":0,"after_valid":true,"before_bad_area":0.0102247,"after_bad_area":0,"selected":true}
NATIVE_QUALITY_REGION {"group":48100,"source_facets":2,"boundary_points":4,"new_points":9,"boundary_unchanged":true,"before_bad":1,"after_score_computed":true,"after_bad":0,"after_valid":true,"before_bad_area":6.17054e-05,"after_bad_area":0,"selected":true}
NATIVE_QUALITY_REGION {"group":48106,"source_facets":2,"boundary_points":4,"new_points":3,"boundary_unchanged":true,"before_bad":1,"after_score_computed":true,"after_bad":0,"after_valid":true,"before_bad_area":0.000218774,"after_bad_area":0,"selected":true}
NATIVE_QUALITY_REGION {"group":48110,"source_facets":2,"boundary_points":4,"new_points":2,"boundary_unchanged":true,"before_bad":1,"after_score_computed":true,"after_bad":0,"after_valid":true,"before_bad_area":0.00287316,"after_bad_area":0,"selected":true}
NATIVE_QUALITY_REGION {"group":48113,"source_facets":2,"boundary_points":4,"new_points":3,"boundary_unchanged":true,"before_bad":1,"after_score_computed":true,"after_bad":0,"after_valid":true,"before_bad_area":0.000456772,"after_bad_area":0,"selected":true}
NATIVE_QUALITY_REGION {"group":48116,"source_facets":2,"boundary_points":4,"new_points":1,"boundary_unchanged":true,"before_bad":1,"after_score_computed":true,"after_bad":0,"after_valid":true,"before_bad_area":0.000555895,"after_bad_area":0,"selected":true}
NATIVE_QUALITY_REGION {"group":48117,"source_facets":2,"boundary_points":4,"new_points":3,"boundary_unchanged":true,"before_bad":1,"after_score_computed":true,"after_bad":0,"after_valid":true,"before_bad_area":0.00994025,"after_bad_area":0,"selected":true}
NATIVE_QUALITY_REGION {"group":48118,"source_facets":3,"boundary_points":4,"new_points":64,"boundary_unchanged":true,"before_bad":2,"after_score_computed":true,"after_bad":8,"after_valid":true,"before_bad_area":0.000128176,"after_bad_area":6.97915e-05,"selected":false}
NATIVE_QUALITY_REGION {"group":48119,"source_facets":2,"boundary_points":4,"new_points":3,"boundary_unchanged":true,"before_bad":1,"after_score_computed":true,"after_bad":0,"after_valid":true,"before_bad_area":0.000774416,"after_bad_area":0,"selected":true}
NATIVE_QUALITY_REGION {"group":48120,"source_facets":4,"boundary_points":6,"new_points":5,"boundary_unchanged":true,"before_bad":2,"after_score_computed":true,"after_bad":0,"after_valid":true,"before_bad_area":0.0074829,"after_bad_area":0,"selected":true}
NATIVE_QUALITY_REGION {"group":48121,"source_facets":2,"boundary_points":4,"new_points":3,"boundary_unchanged":true,"before_bad":1,"after_score_computed":true,"after_bad":0,"after_valid":true,"before_bad_area":0.0001352,"after_bad_area":0,"selected":true}
NATIVE_QUALITY_REGION {"group":48127,"source_facets":3,"boundary_points":5,"new_points":3,"boundary_unchanged":true,"before_bad":1,"after_score_computed":true,"after_bad":0,"after_valid":true,"before_bad_area":0.00531941,"after_bad_area":0,"selected":true}
NATIVE_QUALITY_REGION {"group":48132,"source_facets":2,"boundary_points":4,"new_points":6,"boundary_unchanged":true,"before_bad":1,"after_score_computed":true,"after_bad":0,"after_valid":true,"before_bad_area":0.00243758,"after_bad_area":0,"selected":true}
NATIVE_QUALITY_REGION {"group":48134,"source_facets":3,"boundary_points":4,"new_points":11,"boundary_unchanged":true,"before_bad":1,"after_score_computed":true,"after_bad":0,"after_valid":true,"before_bad_area":2.56246e-06,"after_bad_area":0,"selected":true}
NATIVE_QUALITY_REGION {"group":48139,"source_facets":2,"boundary_points":4,"new_points":3,"boundary_unchanged":true,"before_bad":1,"after_score_computed":true,"after_bad":0,"after_valid":true,"before_bad_area":0.000144734,"after_bad_area":0,"selected":true}
NATIVE_QUALITY_REGION {"group":48140,"source_facets":2,"boundary_points":4,"new_points":64,"boundary_unchanged":true,"before_bad":1,"after_score_computed":true,"after_bad":26,"after_valid":true,"before_bad_area":2.24329e-17,"after_bad_area":4.21355e-15,"selected":false}
NATIVE_QUALITY_REGION {"group":48142,"source_facets":2,"boundary_points":4,"new_points":2,"boundary_unchanged":true,"before_bad":1,"after_score_computed":true,"after_bad":0,"after_valid":true,"before_bad_area":0.000257272,"after_bad_area":0,"selected":true}
NATIVE_QUALITY_REGION {"group":48146,"source_facets":2,"boundary_points":4,"new_points":2,"boundary_unchanged":true,"before_bad":1,"after_score_computed":true,"after_bad":0,"after_valid":true,"before_bad_area":4.63798e-05,"after_bad_area":0,"selected":true}
NATIVE_QUALITY_REGION {"group":48154,"source_facets":2,"boundary_points":4,"new_points":13,"boundary_unchanged":true,"before_bad":2,"after_score_computed":true,"after_bad":1,"after_valid":true,"before_bad_area":0.000231534,"after_bad_area":3.15142e-05,"selected":true}
NATIVE_QUALITY_REGION {"group":48156,"source_facets":2,"boundary_points":4,"new_points":55,"boundary_unchanged":true,"before_bad":1,"after_score_computed":true,"after_bad":37,"after_valid":true,"before_bad_area":1.81663e-18,"after_bad_area":2.63287e-09,"selected":false}
NATIVE_QUALITY_REGION {"group":48159,"source_facets":3,"boundary_points":5,"new_points":64,"boundary_unchanged":true,"before_bad":2,"after_score_computed":true,"after_bad":64,"after_valid":true,"before_bad_area":2.29332e-05,"after_bad_area":0.000177066,"selected":false}
NATIVE_QUALITY_REGION {"group":48163,"source_facets":3,"boundary_points":5,"new_points":64,"boundary_unchanged":true,"before_bad":2,"after_score_computed":true,"after_bad":24,"after_valid":true,"before_bad_area":0.000776581,"after_bad_area":2.94751e-16,"selected":false}
NATIVE_QUALITY_REGION {"group":48164,"source_facets":3,"boundary_points":4,"new_points":14,"boundary_unchanged":true,"before_bad":1,"after_score_computed":true,"after_bad":0,"after_valid":true,"before_bad_area":1.98487e-05,"after_bad_area":0,"selected":true}
NATIVE_QUALITY_REGION {"group":48170,"source_facets":2,"boundary_points":4,"new_points":10,"boundary_unchanged":true,"before_bad":1,"after_score_computed":true,"after_bad":0,"after_valid":true,"before_bad_area":4.83121e-05,"after_bad_area":0,"selected":true}
NATIVE_QUALITY_REGION {"group":48171,"source_facets":2,"boundary_points":4,"new_points":32,"boundary_unchanged":true,"before_bad":1,"after_score_computed":true,"after_bad":32,"after_valid":true,"before_bad_area":5.62282e-18,"after_bad_area":0.000737359,"selected":false}
NATIVE_QUALITY_REGION {"group":48177,"source_facets":2,"boundary_points":4,"new_points":9,"boundary_unchanged":true,"before_bad":1,"after_score_computed":true,"after_bad":0,"after_valid":true,"before_bad_area":4.11442e-06,"after_bad_area":0,"selected":true}
NATIVE_QUALITY_REGION {"group":48180,"source_facets":3,"boundary_points":5,"new_points":1,"boundary_unchanged":true,"before_bad":1,"after_score_computed":true,"after_bad":0,"after_valid":true,"before_bad_area":0.00856499,"after_bad_area":0,"selected":true}
NATIVE_QUALITY_REGION {"group":48184,"source_facets":2,"boundary_points":4,"new_points":3,"boundary_unchanged":true,"before_bad":1,"after_score_computed":true,"after_bad":0,"after_valid":true,"before_bad_area":0.00611556,"after_bad_area":0,"selected":true}
NATIVE_QUALITY_REGION {"group":48186,"source_facets":2,"boundary_points":4,"new_points":6,"boundary_unchanged":true,"before_bad":1,"after_score_computed":true,"after_bad":0,"after_valid":true,"before_bad_area":0.00218364,"after_bad_area":0,"selected":true}
NATIVE_QUALITY_REGION {"group":48188,"source_facets":4,"boundary_points":6,"new_points":17,"boundary_unchanged":true,"before_bad":3,"after_score_computed":true,"after_bad":0,"after_valid":true,"before_bad_area":0.00590482,"after_bad_area":0,"selected":true}
NATIVE_QUALITY_REGION {"group":48189,"source_facets":3,"boundary_points":5,"new_points":4,"boundary_unchanged":true,"before_bad":1,"after_score_computed":true,"after_bad":0,"after_valid":true,"before_bad_area":0.00357517,"after_bad_area":0,"selected":true}
NATIVE_QUALITY_REGION {"group":48190,"source_facets":2,"boundary_points":4,"new_points":9,"boundary_unchanged":true,"before_bad":1,"after_score_computed":true,"after_bad":0,"after_valid":true,"before_bad_area":5.93027e-05,"after_bad_area":0,"selected":true}
NATIVE_QUALITY_REGION {"group":48192,"source_facets":2,"boundary_points":4,"new_points":3,"boundary_unchanged":true,"before_bad":1,"after_score_computed":true,"after_bad":0,"after_valid":true,"before_bad_area":0.00674507,"after_bad_area":0,"selected":true}
NATIVE_QUALITY_REGION {"group":48193,"source_facets":2,"boundary_points":4,"new_points":22,"boundary_unchanged":true,"before_bad":1,"after_score_computed":true,"after_bad":22,"after_valid":true,"before_bad_area":2.92658e-18,"after_bad_area":5.81948e-05,"selected":false}
NATIVE_QUALITY_REGION {"group":48194,"source_facets":2,"boundary_points":4,"new_points":5,"boundary_unchanged":true,"before_bad":1,"after_score_computed":true,"after_bad":0,"after_valid":true,"before_bad_area":0.000660398,"after_bad_area":0,"selected":true}
NATIVE_QUALITY_REGION {"group":48198,"source_facets":2,"boundary_points":4,"new_points":57,"boundary_unchanged":true,"before_bad":1,"after_score_computed":true,"after_bad":40,"after_valid":true,"before_bad_area":6.18786e-18,"after_bad_area":2.39022e-08,"selected":false}
NATIVE_QUALITY_REGION {"group":48200,"source_facets":2,"boundary_points":4,"new_points":2,"boundary_unchanged":true,"before_bad":1,"after_score_computed":true,"after_bad":0,"after_valid":true,"before_bad_area":0.00977712,"after_bad_area":0,"selected":true}
NATIVE_QUALITY_REGION {"group":48204,"source_facets":2,"boundary_points":4,"new_points":63,"boundary_unchanged":true,"before_bad":1,"after_score_computed":true,"after_bad":26,"after_valid":true,"before_bad_area":7.08342e-18,"after_bad_area":2.35443e-14,"selected":false}
NATIVE_QUALITY_REGION {"group":48207,"source_facets":2,"boundary_points":4,"new_points":1,"boundary_unchanged":true,"before_bad":1,"after_score_computed":true,"after_bad":0,"after_valid":true,"before_bad_area":0.00193742,"after_bad_area":0,"selected":true}
NATIVE_QUALITY_REGION {"group":48209,"source_facets":2,"boundary_points":4,"new_points":5,"boundary_unchanged":true,"before_bad":1,"after_score_computed":true,"after_bad":0,"after_valid":true,"before_bad_area":0.000304109,"after_bad_area":0,"selected":true}
NATIVE_QUALITY_REGION {"group":48211,"source_facets":2,"boundary_points":4,"new_points":2,"boundary_unchanged":true,"before_bad":1,"after_score_computed":true,"after_bad":0,"after_valid":true,"before_bad_area":9.68425e-06,"after_bad_area":0,"selected":true}
NATIVE_QUALITY_REGION {"group":48213,"source_facets":3,"boundary_points":5,"new_points":16,"boundary_unchanged":true,"before_bad":2,"after_score_computed":true,"after_bad":0,"after_valid":true,"before_bad_area":0.00181458,"after_bad_area":0,"selected":true}
NATIVE_QUALITY_REGION {"group":48220,"source_facets":2,"boundary_points":4,"new_points":8,"boundary_unchanged":true,"before_bad":1,"after_score_computed":true,"after_bad":0,"after_valid":true,"before_bad_area":7.31572e-06,"after_bad_area":0,"selected":true}
NATIVE_QUALITY_REGION {"group":48222,"source_facets":3,"boundary_points":5,"new_points":3,"boundary_unchanged":true,"before_bad":1,"after_score_computed":true,"after_bad":0,"after_valid":true,"before_bad_area":0.00984426,"after_bad_area":0,"selected":true}
NATIVE_QUALITY_REGION {"group":48223,"source_facets":2,"boundary_points":4,"new_points":1,"boundary_unchanged":true,"before_bad":1,"after_score_computed":true,"after_bad":0,"after_valid":true,"before_bad_area":2.48233e-05,"after_bad_area":0,"selected":true}
NATIVE_QUALITY_REGION {"group":48228,"source_facets":2,"boundary_points":4,"new_points":2,"boundary_unchanged":true,"before_bad":1,"after_score_computed":true,"after_bad":0,"after_valid":true,"before_bad_area":3.50789e-05,"after_bad_area":0,"selected":true}
NATIVE_QUALITY_REGION {"group":48236,"source_facets":2,"boundary_points":4,"new_points":3,"boundary_unchanged":true,"before_bad":1,"after_score_computed":true,"after_bad":0,"after_valid":true,"before_bad_area":4.56676e-06,"after_bad_area":0,"selected":true}
NATIVE_QUALITY_REGION {"group":48239,"source_facets":2,"boundary_points":4,"new_points":31,"boundary_unchanged":true,"before_bad":2,"after_score_computed":true,"after_bad":1,"after_valid":true,"before_bad_area":0.00040831,"after_bad_area":1.23802e-06,"selected":true}
NATIVE_QUALITY_REGION {"group":48240,"source_facets":2,"boundary_points":4,"new_points":3,"boundary_unchanged":true,"before_bad":1,"after_score_computed":true,"after_bad":0,"after_valid":true,"before_bad_area":2.86303e-05,"after_bad_area":0,"selected":true}
NATIVE_QUALITY_REGION {"group":48242,"source_facets":2,"boundary_points":4,"new_points":19,"boundary_unchanged":true,"before_bad":2,"after_score_computed":true,"after_bad":0,"after_valid":true,"before_bad_area":0.00117229,"after_bad_area":0,"selected":true}
NATIVE_QUALITY_REGION {"group":48243,"source_facets":3,"boundary_points":5,"new_points":3,"boundary_unchanged":true,"before_bad":1,"after_score_computed":true,"after_bad":0,"after_valid":true,"before_bad_area":0.000755692,"after_bad_area":0,"selected":true}
NATIVE_QUALITY_REGION {"group":48249,"source_facets":4,"boundary_points":5,"new_points":10,"boundary_unchanged":true,"before_bad":2,"after_score_computed":true,"after_bad":1,"after_valid":true,"before_bad_area":0.000142294,"after_bad_area":4.30463e-05,"selected":true}
NATIVE_QUALITY_REGION {"group":48253,"source_facets":2,"boundary_points":4,"new_points":4,"boundary_unchanged":true,"before_bad":1,"after_score_computed":true,"after_bad":0,"after_valid":true,"before_bad_area":0.000282065,"after_bad_area":0,"selected":true}
NATIVE_QUALITY_REGION {"group":48257,"source_facets":2,"boundary_points":4,"new_points":17,"boundary_unchanged":true,"before_bad":1,"after_score_computed":true,"after_bad":0,"after_valid":true,"before_bad_area":0.000206492,"after_bad_area":0,"selected":true}
NATIVE_QUALITY_REGION {"group":48260,"source_facets":3,"boundary_points":4,"new_points":3,"boundary_unchanged":true,"before_bad":1,"after_score_computed":true,"after_bad":0,"after_valid":true,"before_bad_area":0.00263818,"after_bad_area":0,"selected":true}
NATIVE_QUALITY_REGION {"group":48261,"source_facets":2,"boundary_points":4,"new_points":2,"boundary_unchanged":true,"before_bad":1,"after_score_computed":true,"after_bad":0,"after_valid":true,"before_bad_area":0.00218041,"after_bad_area":0,"selected":true}
NATIVE_QUALITY_REGION {"group":48264,"source_facets":2,"boundary_points":4,"new_points":4,"boundary_unchanged":true,"before_bad":1,"after_score_computed":true,"after_bad":0,"after_valid":true,"before_bad_area":0.000233687,"after_bad_area":0,"selected":true}
NATIVE_QUALITY_REGION {"group":48265,"source_facets":3,"boundary_points":5,"new_points":11,"boundary_unchanged":true,"before_bad":2,"after_score_computed":true,"after_bad":0,"after_valid":true,"before_bad_area":0.000906929,"after_bad_area":0,"selected":true}
NATIVE_QUALITY_REGION {"group":48275,"source_facets":4,"boundary_points":5,"new_points":64,"boundary_unchanged":true,"before_bad":1,"after_score_computed":true,"after_bad":64,"after_valid":true,"before_bad_area":5.80988e-07,"after_bad_area":5.76746e-07,"selected":false}
NATIVE_QUALITY_REGION {"group":48278,"source_facets":3,"boundary_points":5,"new_points":14,"boundary_unchanged":true,"before_bad":2,"after_score_computed":true,"after_bad":0,"after_valid":true,"before_bad_area":0.000721238,"after_bad_area":0,"selected":true}
NATIVE_QUALITY_REGION {"group":48279,"source_facets":2,"boundary_points":4,"new_points":7,"boundary_unchanged":true,"before_bad":1,"after_score_computed":true,"after_bad":0,"after_valid":true,"before_bad_area":7.09451e-05,"after_bad_area":0,"selected":true}
NATIVE_QUALITY_REGION {"group":48286,"source_facets":2,"boundary_points":4,"new_points":8,"boundary_unchanged":true,"before_bad":1,"after_score_computed":true,"after_bad":0,"after_valid":true,"before_bad_area":0.000138637,"after_bad_area":0,"selected":true}
NATIVE_QUALITY_REGION {"group":48297,"source_facets":2,"boundary_points":4,"new_points":2,"boundary_unchanged":true,"before_bad":1,"after_score_computed":true,"after_bad":0,"after_valid":true,"before_bad_area":0.000323553,"after_bad_area":0,"selected":true}
NATIVE_QUALITY_REGION {"group":48302,"source_facets":2,"boundary_points":4,"new_points":3,"boundary_unchanged":true,"before_bad":1,"after_score_computed":true,"after_bad":0,"after_valid":true,"before_bad_area":0.00018371,"after_bad_area":0,"selected":true}
NATIVE_QUALITY_REGION {"group":48307,"source_facets":3,"boundary_points":4,"new_points":2,"boundary_unchanged":true,"before_bad":1,"after_score_computed":true,"after_bad":0,"after_valid":true,"before_bad_area":0.000245043,"after_bad_area":0,"selected":true}
NATIVE_QUALITY_REGION {"group":48400,"source_facets":3,"boundary_points":5,"new_points":4,"boundary_unchanged":true,"before_bad":2,"after_score_computed":true,"after_bad":0,"after_valid":true,"before_bad_area":0.00981211,"after_bad_area":0,"selected":true}
NATIVE_QUALITY_REGION {"group":48401,"source_facets":5,"boundary_points":7,"new_points":4,"boundary_unchanged":true,"before_bad":2,"after_score_computed":true,"after_bad":0,"after_valid":true,"before_bad_area":0.00327587,"after_bad_area":0,"selected":true}
NATIVE_QUALITY_REGION {"group":48404,"source_facets":6,"boundary_points":8,"new_points":6,"boundary_unchanged":true,"before_bad":5,"after_score_computed":true,"after_bad":0,"after_valid":true,"before_bad_area":0.0108914,"after_bad_area":0,"selected":true}
NATIVE_QUALITY_REGION {"group":48406,"source_facets":4,"boundary_points":6,"new_points":7,"boundary_unchanged":true,"before_bad":3,"after_score_computed":true,"after_bad":0,"after_valid":true,"before_bad_area":0.0171689,"after_bad_area":0,"selected":true}
NATIVE_QUALITY_REGION {"group":48409,"source_facets":4,"boundary_points":6,"new_points":5,"boundary_unchanged":true,"before_bad":1,"after_score_computed":true,"after_bad":0,"after_valid":true,"before_bad_area":0.000302769,"after_bad_area":0,"selected":true}
NATIVE_QUALITY_REGION {"group":48410,"source_facets":10,"boundary_points":12,"new_points":7,"boundary_unchanged":true,"before_bad":9,"after_score_computed":true,"after_bad":0,"after_valid":true,"before_bad_area":0.0412084,"after_bad_area":0,"selected":true}
NATIVE_QUALITY_REGION {"group":48413,"source_facets":3,"boundary_points":5,"new_points":2,"boundary_unchanged":true,"before_bad":1,"after_score_computed":true,"after_bad":0,"after_valid":true,"before_bad_area":0.00701547,"after_bad_area":0,"selected":true}
NATIVE_QUALITY_REGION {"group":48414,"source_facets":3,"boundary_points":5,"new_points":9,"boundary_unchanged":true,"before_bad":1,"after_score_computed":true,"after_bad":0,"after_valid":true,"before_bad_area":0.00067829,"after_bad_area":0,"selected":true}
NATIVE_QUALITY_REGION {"group":48415,"source_facets":5,"boundary_points":7,"new_points":64,"boundary_unchanged":true,"before_bad":5,"after_score_computed":true,"after_bad":69,"after_valid":true,"before_bad_area":7.14433e-17,"after_bad_area":7.46512e-17,"selected":false}
NATIVE_QUALITY_REGION {"group":48416,"source_facets":2,"boundary_points":4,"new_points":4,"boundary_unchanged":true,"before_bad":1,"after_score_computed":true,"after_bad":0,"after_valid":true,"before_bad_area":9.96646e-05,"after_bad_area":0,"selected":true}
NATIVE_QUALITY_REGION {"group":48417,"source_facets":10,"boundary_points":12,"new_points":17,"boundary_unchanged":true,"before_bad":9,"after_score_computed":true,"after_bad":0,"after_valid":true,"before_bad_area":0.0331166,"after_bad_area":0,"selected":true}
NATIVE_QUALITY_REGION {"group":48418,"source_facets":11,"boundary_points":13,"new_points":16,"boundary_unchanged":true,"before_bad":8,"after_score_computed":true,"after_bad":0,"after_valid":true,"before_bad_area":0.0218613,"after_bad_area":0,"selected":true}
NATIVE_QUALITY_REGION {"group":48419,"source_facets":2,"boundary_points":4,"new_points":4,"boundary_unchanged":true,"before_bad":1,"after_score_computed":true,"after_bad":0,"after_valid":true,"before_bad_area":0.000342739,"after_bad_area":0,"selected":true}
NATIVE_QUALITY_REGION {"group":48421,"source_facets":4,"boundary_points":6,"new_points":4,"boundary_unchanged":true,"before_bad":1,"after_score_computed":true,"after_bad":0,"after_valid":true,"before_bad_area":6.06285e-05,"after_bad_area":0,"selected":true}
NATIVE_QUALITY_REGION {"group":48422,"source_facets":6,"boundary_points":8,"new_points":4,"boundary_unchanged":true,"before_bad":3,"after_score_computed":true,"after_bad":0,"after_valid":true,"before_bad_area":0.017467,"after_bad_area":0,"selected":true}
NATIVE_QUALITY_REGION {"group":48423,"source_facets":2,"boundary_points":4,"new_points":5,"boundary_unchanged":true,"before_bad":1,"after_score_computed":true,"after_bad":0,"after_valid":true,"before_bad_area":0.00872056,"after_bad_area":0,"selected":true}
NATIVE_QUALITY_REGION {"group":48424,"source_facets":3,"boundary_points":5,"new_points":5,"boundary_unchanged":true,"before_bad":1,"after_score_computed":true,"after_bad":0,"after_valid":true,"before_bad_area":0.0014006,"after_bad_area":0,"selected":true}
NATIVE_QUALITY_REGION {"group":48425,"source_facets":3,"boundary_points":5,"new_points":64,"boundary_unchanged":true,"before_bad":3,"after_score_computed":true,"after_bad":67,"after_valid":true,"before_bad_area":1.65441e-16,"after_bad_area":1.59651e-16,"selected":false}
NATIVE_QUALITY_REGION {"group":48426,"source_facets":4,"boundary_points":6,"new_points":64,"boundary_unchanged":true,"before_bad":4,"after_score_computed":true,"after_bad":68,"after_valid":true,"before_bad_area":2.12104e-16,"after_bad_area":1.95886e-16,"selected":false}
NATIVE_QUALITY_REGION {"group":48427,"source_facets":4,"boundary_points":6,"new_points":17,"boundary_unchanged":true,"before_bad":2,"after_score_computed":true,"after_bad":0,"after_valid":true,"before_bad_area":9.62415e-05,"after_bad_area":0,"selected":true}
NATIVE_QUALITY_REGION {"group":48428,"source_facets":2,"boundary_points":4,"new_points":64,"boundary_unchanged":true,"before_bad":2,"after_score_computed":true,"after_bad":66,"after_valid":true,"before_bad_area":8.2681e-18,"after_bad_area":7.76099e-18,"selected":false}
NATIVE_QUALITY_REGION {"group":48430,"source_facets":4,"boundary_points":6,"new_points":12,"boundary_unchanged":true,"before_bad":1,"after_score_computed":true,"after_bad":0,"after_valid":true,"before_bad_area":0.000128682,"after_bad_area":0,"selected":true}
NATIVE_QUALITY_REGION {"group":48431,"source_facets":5,"boundary_points":7,"new_points":5,"boundary_unchanged":true,"before_bad":2,"after_score_computed":true,"after_bad":0,"after_valid":true,"before_bad_area":0.00852881,"after_bad_area":0,"selected":true}
NATIVE_QUALITY_REGION {"group":48432,"source_facets":7,"boundary_points":9,"new_points":5,"boundary_unchanged":true,"before_bad":4,"after_score_computed":true,"after_bad":0,"after_valid":true,"before_bad_area":0.00425554,"after_bad_area":0,"selected":true}
NATIVE_QUALITY_REGION {"group":48433,"source_facets":5,"boundary_points":7,"new_points":2,"boundary_unchanged":true,"before_bad":2,"after_score_computed":true,"after_bad":0,"after_valid":true,"before_bad_area":0.0102181,"after_bad_area":0,"selected":true}
NATIVE_QUALITY_REGION {"group":48434,"source_facets":3,"boundary_points":5,"new_points":7,"boundary_unchanged":true,"before_bad":1,"after_score_computed":true,"after_bad":0,"after_valid":true,"before_bad_area":0.00689996,"after_bad_area":0,"selected":true}
NATIVE_QUALITY_REGION {"group":48436,"source_facets":4,"boundary_points":6,"new_points":3,"boundary_unchanged":true,"before_bad":1,"after_score_computed":true,"after_bad":0,"after_valid":true,"before_bad_area":0.00229089,"after_bad_area":0,"selected":true}
NATIVE_QUALITY_REGION {"group":48437,"source_facets":3,"boundary_points":5,"new_points":7,"boundary_unchanged":true,"before_bad":2,"after_score_computed":true,"after_bad":0,"after_valid":true,"before_bad_area":0.0142103,"after_bad_area":0,"selected":true}
NATIVE_QUALITY_REGION {"group":48438,"source_facets":4,"boundary_points":6,"new_points":64,"boundary_unchanged":true,"before_bad":4,"after_score_computed":true,"after_bad":68,"after_valid":true,"before_bad_area":4.30585e-18,"after_bad_area":5.09291e-18,"selected":false}
NATIVE_QUALITY_REGION {"group":48439,"source_facets":5,"boundary_points":7,"new_points":6,"boundary_unchanged":true,"before_bad":2,"after_score_computed":true,"after_bad":0,"after_valid":true,"before_bad_area":0.00561983,"after_bad_area":0,"selected":true}
NATIVE_QUALITY_REGION {"group":48440,"source_facets":5,"boundary_points":7,"new_points":9,"boundary_unchanged":true,"before_bad":2,"after_score_computed":true,"after_bad":0,"after_valid":true,"before_bad_area":0.00191568,"after_bad_area":0,"selected":true}
NATIVE_QUALITY_REGION {"group":48442,"source_facets":6,"boundary_points":8,"new_points":14,"boundary_unchanged":true,"before_bad":4,"after_score_computed":true,"after_bad":0,"after_valid":true,"before_bad_area":0.00853431,"after_bad_area":0,"selected":true}
NATIVE_QUALITY_REGION {"group":48443,"source_facets":5,"boundary_points":7,"new_points":4,"boundary_unchanged":true,"before_bad":1,"after_score_computed":true,"after_bad":0,"after_valid":true,"before_bad_area":0.000300308,"after_bad_area":0,"selected":true}
NATIVE_QUALITY_REGION {"group":48444,"source_facets":2,"boundary_points":4,"new_points":7,"boundary_unchanged":true,"before_bad":1,"after_score_computed":true,"after_bad":0,"after_valid":true,"before_bad_area":0.000133148,"after_bad_area":0,"selected":true}
NATIVE_QUALITY_REGION {"group":48447,"source_facets":4,"boundary_points":6,"new_points":7,"boundary_unchanged":true,"before_bad":1,"after_score_computed":true,"after_bad":1,"after_valid":true,"before_bad_area":0.00292037,"after_bad_area":0.00029312,"selected":true}
NATIVE_QUALITY_REGION {"group":48448,"source_facets":17,"boundary_points":17,"new_points":64,"boundary_unchanged":false,"before_bad":5,"after_score_computed":false,"after_bad":0,"after_valid":false,"before_bad_area":0.000108731,"after_bad_area":0,"selected":false}
NATIVE_QUALITY_REGION {"group":48449,"source_facets":5,"boundary_points":6,"new_points":32,"boundary_unchanged":true,"before_bad":1,"after_score_computed":true,"after_bad":34,"after_valid":true,"before_bad_area":1.08007e-17,"after_bad_area":0.00469584,"selected":false}
TRIANGLE_QUEUE_FAILURE {"key":0,"vertices":[[-0.48717625576300949,0.59605740789975759],[-0.48717625576300949,0.59605740789975759],[-0.48717625576300938,0.59605740789975747]]}
