Warp 1.0.0-beta.2 initialized:
   CUDA Toolkit: 12.8, Driver: 13.2
   Devices:
     "cpu"    | x86_64
     "cuda:0" | NVIDIA GeForce RTX 4080 SUPER (sm_89)
   Kernel cache: /root/.cache/warp/1.0.0-beta.2
[33;20mWARNING - Triangle area is too small (min_area=6.91657378076755e-09), may cause numerical instability (system.py:213)[0m
Module pamo_safe_project.kernels.geometry_kernels load on device 'cuda:0' took 27.13 ms
Module pamo_safe_project.kernels.energy_kernels.elastic_energy load on device 'cuda:0' took 21.14 ms
Module pamo_safe_project.kernels.energy_kernels.hinge_energy load on device 'cuda:0' took 51.96 ms
Module pamo_safe_project.kernels.energy_kernels.precision_contact_detection load on device 'cuda:0' took 31.51 ms
Module pamo_safe_project.kernels.energy_kernels.distance_energy load on device 'cuda:0' took 40.68 ms
Module pamo_safe_project.kernels.energy_kernels.precision_gradient_collision_energy load on device 'cuda:0' took 113.11 ms
Module pamo_safe_project.kernels.utils_kernels load on device 'cuda:0' took 5.83 ms
Module tangent_plane_gpu load on device 'cuda:0' took 2.20 ms
Module locality_gpu load on device 'cuda:0' took 1.41 ms
Module pamo_safe_project.kernels.solver_kernels load on device 'cuda:0' took 3.93 ms
Module warp.utils load on device 'cuda:0' took 1.99 ms
Module pamo_safe_project.kernels.distance_kernels.grad_funcs load on device 'cuda:0' took 26.34 ms
Module pamo_safe_project.kernels.distance_kernels.hessian_funcs load on device 'cuda:0' took 99.87 ms
Module pamo_safe_project.kernels.distance_kernels.distance_kernels load on device 'cuda:0' took 121.86 ms
Module pamo_safe_project.kernels.distance_kernels.grad_funcs_struct load on device 'cuda:0' took 18.84 ms
Module pamo_safe_project.kernels.distance_kernels.distance_kernels_struct load on device 'cuda:0' took 22.25 ms
Module pamo_safe_project.kernels.energy_kernels.collision_energy load on device 'cuda:0' took 87.45 ms
Module pamo_safe_project.kernels.ccd_kernels load on device 'cuda:0' took 25.18 ms
Module pamo_safe_project.kernels.energy_kernels.lb_curvature_energy load on device 'cuda:0' took 3.74 ms
Module pamo_safe_project.kernels.energy_kernels.contact_detection load on device 'cuda:0' took 19.93 ms
Module robust_pt_gpu load on device 'cuda:0' took 5.22 ms
Module pamo_safe_project.kernels.energy_kernels.precision_collision_energy load on device 'cuda:0' took 88.04 ms
Module pamo_safe_project.kernels.precision_ccd_kernels load on device 'cuda:0' took 25.74 ms
Module robust_pt_gradient_gpu load on device 'cuda:0' took 4.83 ms
