Stage1 :  True
Stage3 :  True
{"original_config_sha256": "df1eb24db57394c32e31f6d67a58cd7ef6c25febc11aff39c5e9503ee82d6390", "max_blocks": 67108864}
Warp 1.0.0-beta.2 initialized:
   CUDA Toolkit: 12.8, Driver: 13.2
   Devices:
     "cpu"    | x86_64
     "cuda:0" | NVIDIA GeForce RTX 4080 SUPER (sm_89)
   Kernel cache: /root/.cache/warp/1.0.0-beta.2
Target faces : 61328
Time for Remeshing: 0.07712650299072266 sec
Time for Simplification: 0.025529861450195312 sec
Module pamo_safe_project.kernels.geometry_kernels load on device 'cuda:0' took 20.36 ms
Module pamo_safe_project.kernels.energy_kernels.elastic_energy load on device 'cuda:0' took 82.87 ms
Module pamo_safe_project.kernels.energy_kernels.hinge_energy load on device 'cuda:0' took 39.51 ms
Module pamo_safe_project.kernels.energy_kernels.contact_detection load on device 'cuda:0' took 23.88 ms
Module pamo_safe_project.kernels.energy_kernels.distance_energy load on device 'cuda:0' took 32.57 ms
Module pamo_safe_project.kernels.energy_kernels.collision_energy load on device 'cuda:0' took 100.71 ms
Module pamo_safe_project.kernels.utils_kernels load on device 'cuda:0' took 4.43 ms
Module pamo_safe_project.kernels.solver_kernels load on device 'cuda:0' took 4.92 ms
Module warp.utils load on device 'cuda:0' took 1.93 ms
Module pamo_safe_project.kernels.distance_kernels.grad_funcs load on device 'cuda:0' took 24.17 ms
Module pamo_safe_project.kernels.distance_kernels.hessian_funcs load on device 'cuda:0' took 109.48 ms
Module pamo_safe_project.kernels.distance_kernels.distance_kernels load on device 'cuda:0' took 151.65 ms
Module pamo_safe_project.kernels.distance_kernels.grad_funcs_struct load on device 'cuda:0' took 23.74 ms
Module pamo_safe_project.kernels.distance_kernels.distance_kernels_struct load on device 'cuda:0' took 26.62 ms
Module pamo_safe_project.kernels.ccd_kernels load on device 'cuda:0' took 31.70 ms
Module pamo_safe_project.kernels.energy_kernels.lb_curvature_energy load on device 'cuda:0' took 4.42 ms
Module locality_gpu load on device 'cuda:0' took 1.01 ms
{"pamo_run_ms": 3945.450972765684, "stage1": "original", "method": "full", "maintenance_ms": 4513.013484887779, "status": "pending_independent_audit"}
