Warp 1.0.0-beta.2 initialized:
   CUDA Toolkit: 12.8, Driver: 13.2
   Devices:
     "cpu"    | x86_64
     "cuda:0" | NVIDIA GeForce RTX 4090 (sm_89)
   Kernel cache: /root/.cache/warp/1.0.0-beta.2
[33;20mWARNING - Triangle area is too small (min_area=6.601581175431362e-10), may cause numerical instability (system.py:213)[0m
Module pamo_safe_project.kernels.geometry_kernels load on device 'cuda:0' took 17.83 ms
Module pamo_safe_project.kernels.energy_kernels.elastic_energy load on device 'cuda:0' took 10.67 ms
Module pamo_safe_project.kernels.energy_kernels.hinge_energy load on device 'cuda:0' took 26.44 ms
Module pamo_safe_project.kernels.energy_kernels.contact_detection load on device 'cuda:0' took 15.98 ms
Module pamo_safe_project.kernels.energy_kernels.distance_energy load on device 'cuda:0' took 21.07 ms
Module pamo_safe_project.kernels.energy_kernels.collision_energy load on device 'cuda:0' took 71.33 ms
Module pamo_safe_project.kernels.utils_kernels load on device 'cuda:0' took 3.07 ms
Module locality_gpu load on device 'cuda:0' took 0.75 ms
Module pamo_safe_project.kernels.solver_kernels load on device 'cuda:0' took 2.50 ms
Module warp.utils load on device 'cuda:0' took 1.35 ms
Module pamo_safe_project.kernels.distance_kernels.grad_funcs load on device 'cuda:0' took 16.78 ms
Module pamo_safe_project.kernels.distance_kernels.hessian_funcs load on device 'cuda:0' took 72.05 ms
Module pamo_safe_project.kernels.distance_kernels.distance_kernels load on device 'cuda:0' took 102.02 ms
Module pamo_safe_project.kernels.distance_kernels.grad_funcs_struct load on device 'cuda:0' took 15.81 ms
Module pamo_safe_project.kernels.distance_kernels.distance_kernels_struct load on device 'cuda:0' took 17.79 ms
Module pamo_safe_project.kernels.ccd_kernels load on device 'cuda:0' took 21.53 ms
Module pamo_safe_project.kernels.energy_kernels.lb_curvature_energy load on device 'cuda:0' took 3.16 ms
{"quality_generation_ms": 20.172186195850372, "requested_edge_length_mm": 0.09765685226149556, "actual_edge_length_mm": 0.45367642153513155, "max_protected_edge_mm": 0.5969426599146468, "active_fraction": 0.3218707015130674, "input_faces": 1454, "output_faces": 1284, "fp64_restoration_max_mm": 0.0, "iterations": 3, "fixed_contract_before_projection": {"passed": true, "external_faces": 986, "external_faces_retained": 986, "missing_fixed_vertices": 0}, "safe_projection_ms": 879.103533923626, "projection_fp64_restoration_max_mm": 1.2647242599305333e-07, "collision_scope": "whole_mesh_author_energy_and_ccd", "fixed_contract": {"passed": true, "external_faces": 986, "external_faces_retained": 986, "missing_fixed_vertices": 0}, "method": "no_transition", "maintenance_ms": 2620.4608557745814, "status": "pending_independent_audit"}
