Stage1 :  True
Stage3 :  True
Warp 1.0.0-beta.2 initialized:
   CUDA Toolkit: 12.8, Driver: 13.2
   Devices:
     "cpu"    | x86_64
     "cuda:0" | NVIDIA GeForce RTX 4090 (sm_89)
   Kernel cache: /root/.cache/warp/1.0.0-beta.2
Target faces : 1912
Time for Remeshing: 0.09043264389038086 sec
Time for Simplification: 0.3086738586425781 sec
Module pamo_safe_project.kernels.geometry_kernels load on device 'cuda:0' took 12.39 ms
Module pamo_safe_project.kernels.energy_kernels.elastic_energy load on device 'cuda:0' took 10.99 ms
Module pamo_safe_project.kernels.energy_kernels.hinge_energy load on device 'cuda:0' took 26.79 ms
Module pamo_safe_project.kernels.energy_kernels.contact_detection load on device 'cuda:0' took 16.25 ms
Module pamo_safe_project.kernels.energy_kernels.distance_energy load on device 'cuda:0' took 21.39 ms
Module pamo_safe_project.kernels.energy_kernels.collision_energy load on device 'cuda:0' took 76.08 ms
Module pamo_safe_project.kernels.utils_kernels load on device 'cuda:0' took 3.31 ms
Module pamo_safe_project.kernels.solver_kernels load on device 'cuda:0' took 2.67 ms
Module warp.utils load on device 'cuda:0' took 1.41 ms
Module pamo_safe_project.kernels.distance_kernels.grad_funcs load on device 'cuda:0' took 17.22 ms
Module pamo_safe_project.kernels.distance_kernels.hessian_funcs load on device 'cuda:0' took 74.09 ms
Module pamo_safe_project.kernels.distance_kernels.distance_kernels load on device 'cuda:0' took 104.78 ms
Module pamo_safe_project.kernels.distance_kernels.grad_funcs_struct load on device 'cuda:0' took 16.14 ms
Module pamo_safe_project.kernels.distance_kernels.distance_kernels_struct load on device 'cuda:0' took 17.92 ms
Module pamo_safe_project.kernels.ccd_kernels load on device 'cuda:0' took 21.77 ms
Module pamo_safe_project.kernels.energy_kernels.lb_curvature_energy load on device 'cuda:0' took 3.18 ms
Module locality_gpu load on device 'cuda:0' took 0.73 ms
