only got 10808/16384 samples!
Warp 1.0.0-beta.2 initialized:
   CUDA Toolkit: 12.8, Driver: 13.2
   Devices:
     "cpu"    | x86_64
     "cuda:0" | NVIDIA GeForce RTX 4090 (sm_89)
   Kernel cache: /root/.cache/warp/1.0.0-beta.2
[33;20mWARNING - Triangle area is too small (min_area=1.0410132949841938e-13), may cause numerical instability (system.py:213)[0m
Module pamo_safe_project.kernels.geometry_kernels load on device 'cuda:0' took 19.17 ms
Module pamo_safe_project.kernels.energy_kernels.elastic_energy load on device 'cuda:0' took 12.54 ms
Module pamo_safe_project.kernels.energy_kernels.hinge_energy load on device 'cuda:0' took 27.42 ms
Module pamo_safe_project.kernels.energy_kernels.contact_detection load on device 'cuda:0' took 16.13 ms
Module pamo_safe_project.kernels.energy_kernels.distance_energy load on device 'cuda:0' took 21.24 ms
Module pamo_safe_project.kernels.energy_kernels.collision_energy load on device 'cuda:0' took 71.41 ms
Module pamo_safe_project.kernels.utils_kernels load on device 'cuda:0' took 5.03 ms
Module tangent_plane_gpu load on device 'cuda:0' took 2.86 ms
Module locality_gpu load on device 'cuda:0' took 2.16 ms
Module pamo_safe_project.kernels.solver_kernels load on device 'cuda:0' took 4.46 ms
Module warp.utils load on device 'cuda:0' took 2.24 ms
Module pamo_safe_project.kernels.distance_kernels.grad_funcs load on device 'cuda:0' took 16.95 ms
Module pamo_safe_project.kernels.distance_kernels.hessian_funcs load on device 'cuda:0' took 73.62 ms
Module pamo_safe_project.kernels.distance_kernels.distance_kernels load on device 'cuda:0' took 102.41 ms
Module pamo_safe_project.kernels.distance_kernels.grad_funcs_struct load on device 'cuda:0' took 16.07 ms
Module pamo_safe_project.kernels.distance_kernels.distance_kernels_struct load on device 'cuda:0' took 19.04 ms
Module pamo_safe_project.kernels.ccd_kernels load on device 'cuda:0' took 23.26 ms
Module pamo_safe_project.kernels.energy_kernels.lb_curvature_energy load on device 'cuda:0' took 4.35 ms
