Warp 1.0.0-beta.2 initialized:
   CUDA Toolkit: 12.8, Driver: 13.2
   Devices:
     "cpu"    | x86_64
     "cuda:0" | NVIDIA GeForce RTX 4090 (sm_89)
   Kernel cache: /root/.cache/warp/1.0.0-beta.2
[33;20mWARNING - Triangle area is too small (min_area=1.8211208365967457e-20), may cause numerical instability (system.py:213)[0m
Module pamo_safe_project.kernels.geometry_kernels load on device 'cuda:0' took 28.06 ms
Module pamo_safe_project.kernels.energy_kernels.elastic_energy load on device 'cuda:0' took 12.58 ms
Module pamo_safe_project.kernels.energy_kernels.hinge_energy load on device 'cuda:0' took 30.17 ms
Module pamo_safe_project.kernels.energy_kernels.contact_detection load on device 'cuda:0' took 17.00 ms
Module pamo_safe_project.kernels.energy_kernels.distance_energy load on device 'cuda:0' took 21.65 ms
Module pamo_safe_project.kernels.energy_kernels.collision_energy load on device 'cuda:0' took 88.26 ms
Module pamo_safe_project.kernels.utils_kernels load on device 'cuda:0' took 3.60 ms
Module locality_gpu load on device 'cuda:0' took 0.82 ms
Module pamo_safe_project.kernels.solver_kernels load on device 'cuda:0' took 2.64 ms
Module warp.utils load on device 'cuda:0' took 1.48 ms
Module pamo_safe_project.kernels.distance_kernels.grad_funcs load on device 'cuda:0' took 17.09 ms
Module pamo_safe_project.kernels.distance_kernels.hessian_funcs load on device 'cuda:0' took 91.96 ms
Module pamo_safe_project.kernels.distance_kernels.distance_kernels load on device 'cuda:0' took 119.22 ms
Module pamo_safe_project.kernels.distance_kernels.grad_funcs_struct load on device 'cuda:0' took 18.31 ms
Module pamo_safe_project.kernels.distance_kernels.distance_kernels_struct load on device 'cuda:0' took 22.68 ms
Module pamo_safe_project.kernels.ccd_kernels load on device 'cuda:0' took 23.08 ms
Module pamo_safe_project.kernels.energy_kernels.lb_curvature_energy load on device 'cuda:0' took 3.33 ms
Traceback (most recent call last):
  File "/root/autodl-tmp/graduation_project/constrained_20261004_统一来源清理六路线反馈_a5d101f7efdc/run_constrained_worker.py", line 56, in <module>
    main()
  File "/root/autodl-tmp/graduation_project/constrained_20261004_统一来源清理六路线反馈_a5d101f7efdc/run_constrained_worker.py", line 47, in main
    raise RuntimeError("非有限或退化输出")
RuntimeError: 非有限或退化输出
