Stage1 :  True
Stage3 :  True
Warp 1.0.0-beta.2 initialized:
   CUDA Toolkit: 12.8, Driver: 13.2
   Devices:
     "cpu"    | x86_64
     "cuda:0" | NVIDIA GeForce RTX 4080 SUPER (sm_89)
   Kernel cache: /root/.cache/warp/1.0.0-beta.2
Target faces : 44694
Time for Remeshing: 0.16169118881225586 sec
Time for Simplification: 0.2696719169616699 sec
Module pamo_safe_project.kernels.geometry_kernels load on device 'cuda:0' took 25.19 ms
Module pamo_safe_project.kernels.energy_kernels.elastic_energy load on device 'cuda:0' took 23.16 ms
Module pamo_safe_project.kernels.energy_kernels.hinge_energy load on device 'cuda:0' took 54.62 ms
Module pamo_safe_project.kernels.energy_kernels.contact_detection load on device 'cuda:0' took 32.47 ms
Module pamo_safe_project.kernels.energy_kernels.distance_energy load on device 'cuda:0' took 41.16 ms
Module pamo_safe_project.kernels.energy_kernels.collision_energy load on device 'cuda:0' took 146.48 ms
Module pamo_safe_project.kernels.utils_kernels load on device 'cuda:0' took 6.20 ms
Module pamo_safe_project.kernels.solver_kernels load on device 'cuda:0' took 5.83 ms
Module warp.utils load on device 'cuda:0' took 3.23 ms
Module pamo_safe_project.kernels.distance_kernels.grad_funcs load on device 'cuda:0' took 33.63 ms
Module pamo_safe_project.kernels.distance_kernels.hessian_funcs load on device 'cuda:0' took 157.30 ms
Module pamo_safe_project.kernels.distance_kernels.distance_kernels load on device 'cuda:0' took 231.48 ms
Module pamo_safe_project.kernels.distance_kernels.grad_funcs_struct load on device 'cuda:0' took 33.50 ms
Module pamo_safe_project.kernels.distance_kernels.distance_kernels_struct load on device 'cuda:0' took 39.40 ms
Module pamo_safe_project.kernels.ccd_kernels load on device 'cuda:0' took 41.40 ms
Module pamo_safe_project.kernels.energy_kernels.lb_curvature_energy load on device 'cuda:0' took 6.74 ms
Module locality_gpu load on device 'cuda:0' took 1.52 ms
