Warp 1.0.0-beta.2 initialized:
   CUDA Toolkit: 12.8, Driver: 13.2
   Devices:
     "cpu"    | x86_64
     "cuda:0" | NVIDIA GeForce RTX 4080 SUPER (sm_89)
   Kernel cache: /root/.cache/warp/1.0.0-beta.2
[33;20mWARNING - Triangle area is too small (min_area=6.433328415707173e-16), may cause numerical instability (system.py:213)[0m
Module pamo_safe_project.kernels.geometry_kernels load on device 'cuda:0' took 27.41 ms
Module pamo_safe_project.kernels.energy_kernels.elastic_energy load on device 'cuda:0' took 21.53 ms
Module pamo_safe_project.kernels.energy_kernels.hinge_energy load on device 'cuda:0' took 52.32 ms
Module pamo_safe_project.kernels.energy_kernels.precision_contact_detection load on device 'cuda:0' took 32.27 ms
Module pamo_safe_project.kernels.energy_kernels.distance_energy load on device 'cuda:0' took 40.74 ms
Module pamo_safe_project.kernels.energy_kernels.preserved_collision_energy load on device 'cuda:0' took 129.98 ms
Module pamo_safe_project.kernels.utils_kernels load on device 'cuda:0' took 6.33 ms
Module tangent_plane_gpu load on device 'cuda:0' took 2.28 ms
Module locality_gpu load on device 'cuda:0' took 1.32 ms
Module pamo_safe_project.kernels.solver_kernels load on device 'cuda:0' took 6.10 ms
Module warp.utils load on device 'cuda:0' took 2.71 ms
Module pamo_safe_project.kernels.distance_kernels.grad_funcs load on device 'cuda:0' took 26.88 ms
Module pamo_safe_project.kernels.distance_kernels.hessian_funcs load on device 'cuda:0' took 91.50 ms
Module pamo_safe_project.kernels.distance_kernels.distance_kernels load on device 'cuda:0' took 117.30 ms
Module pamo_safe_project.kernels.distance_kernels.grad_funcs_struct load on device 'cuda:0' took 18.01 ms
Module pamo_safe_project.kernels.distance_kernels.distance_kernels_struct load on device 'cuda:0' took 22.69 ms
Module pamo_safe_project.kernels.energy_kernels.collision_energy load on device 'cuda:0' took 82.27 ms
Module pamo_safe_project.kernels.ccd_kernels load on device 'cuda:0' took 25.91 ms
Module pamo_safe_project.kernels.energy_kernels.lb_curvature_energy load on device 'cuda:0' took 3.77 ms
Module pamo_safe_project.kernels.energy_kernels.contact_detection load on device 'cuda:0' took 18.73 ms
Module tangent_preserved_gpu load on device 'cuda:0' took 1.30 ms
Module robust_pt_gpu load on device 'cuda:0' took 4.71 ms
Module pamo_safe_project.kernels.energy_kernels.precision_collision_energy load on device 'cuda:0' took 82.94 ms
Module pamo_safe_project.kernels.precision_ccd_kernels load on device 'cuda:0' took 23.54 ms
Module robust_pt_gradient_gpu load on device 'cuda:0' took 5.27 ms
Module pamo_safe_project.kernels.energy_kernels.precision_gradient_collision_energy load on device 'cuda:0' took 70.50 ms
Module fixed_geometry_gpu load on device 'cuda:0' took 5.44 ms
Module pamo_safe_project.kernels.preserved_ccd load on device 'cuda:0' took 29.68 ms
