Warp 1.0.0-beta.2 initialized:
   CUDA Toolkit: 12.8, Driver: 13.2
   Devices:
     "cpu"    | x86_64
     "cuda:0" | NVIDIA GeForce RTX 4080 SUPER (sm_89)
   Kernel cache: /root/.cache/warp/1.0.0-beta.2
[33;20mWARNING - Triangle area is too small (min_area=1.434739936326928e-10), may cause numerical instability (system.py:213)[0m
Module pamo_safe_project.kernels.geometry_kernels load on device 'cuda:0' took 22.50 ms
Module pamo_safe_project.kernels.energy_kernels.elastic_energy load on device 'cuda:0' took 17.14 ms
Module pamo_safe_project.kernels.energy_kernels.hinge_energy load on device 'cuda:0' took 42.68 ms
Module pamo_safe_project.kernels.energy_kernels.precision_contact_detection load on device 'cuda:0' took 23.75 ms
Module pamo_safe_project.kernels.energy_kernels.distance_energy load on device 'cuda:0' took 34.53 ms
Module pamo_safe_project.kernels.energy_kernels.precision_collision_energy load on device 'cuda:0' took 106.68 ms
Module pamo_safe_project.kernels.utils_kernels load on device 'cuda:0' took 4.48 ms
Module tangent_plane_gpu load on device 'cuda:0' took 1.62 ms
Module locality_gpu load on device 'cuda:0' took 0.98 ms
Module pamo_safe_project.kernels.solver_kernels load on device 'cuda:0' took 3.77 ms
Module warp.utils load on device 'cuda:0' took 2.03 ms
Module pamo_safe_project.kernels.distance_kernels.grad_funcs load on device 'cuda:0' took 24.86 ms
Module pamo_safe_project.kernels.distance_kernels.hessian_funcs load on device 'cuda:0' took 114.35 ms
Module pamo_safe_project.kernels.distance_kernels.distance_kernels load on device 'cuda:0' took 427.14 ms
Module pamo_safe_project.kernels.distance_kernels.grad_funcs_struct load on device 'cuda:0' took 38.25 ms
Module pamo_safe_project.kernels.distance_kernels.distance_kernels_struct load on device 'cuda:0' took 24.47 ms
Module pamo_safe_project.kernels.energy_kernels.collision_energy load on device 'cuda:0' took 196.34 ms
Module pamo_safe_project.kernels.ccd_kernels load on device 'cuda:0' took 28.00 ms
Module pamo_safe_project.kernels.energy_kernels.lb_curvature_energy load on device 'cuda:0' took 6.94 ms
Module pamo_safe_project.kernels.energy_kernels.contact_detection load on device 'cuda:0' took 120.03 ms
Module robust_pt_gpu load on device 'cuda:0' took 91.14 ms
Module pamo_safe_project.kernels.precision_ccd_kernels load on device 'cuda:0' took 43.08 ms
