Warp 1.0.0-beta.2 initialized:
   CUDA Toolkit: 12.8, Driver: 13.2
   Devices:
     "cpu"    | x86_64
     "cuda:0" | NVIDIA GeForce RTX 4080 SUPER (sm_89)
   Kernel cache: /root/.cache/warp/1.0.0-beta.2
[33;20mWARNING - Triangle area is too small (min_area=3.230302890381602e-10), may cause numerical instability (system.py:213)[0m
Module pamo_safe_project.kernels.geometry_kernels load on device 'cuda:0' took 27.45 ms
Module pamo_safe_project.kernels.energy_kernels.elastic_energy load on device 'cuda:0' took 21.62 ms
Module pamo_safe_project.kernels.energy_kernels.hinge_energy load on device 'cuda:0' took 52.13 ms
Module pamo_safe_project.kernels.energy_kernels.precision_contact_detection load on device 'cuda:0' took 32.02 ms
Module pamo_safe_project.kernels.energy_kernels.distance_energy load on device 'cuda:0' took 40.88 ms
Module pamo_safe_project.kernels.energy_kernels.precision_gradient_collision_energy load on device 'cuda:0' took 114.04 ms
Module pamo_safe_project.kernels.utils_kernels load on device 'cuda:0' took 5.99 ms
Module tangent_plane_gpu load on device 'cuda:0' took 2.27 ms
Module locality_gpu load on device 'cuda:0' took 1.35 ms
Module pamo_safe_project.kernels.solver_kernels load on device 'cuda:0' took 3.48 ms
Module warp.utils load on device 'cuda:0' took 1.72 ms
Module pamo_safe_project.kernels.distance_kernels.grad_funcs load on device 'cuda:0' took 22.87 ms
Module pamo_safe_project.kernels.distance_kernels.hessian_funcs load on device 'cuda:0' took 107.31 ms
Module pamo_safe_project.kernels.distance_kernels.distance_kernels load on device 'cuda:0' took 146.39 ms
Module pamo_safe_project.kernels.distance_kernels.grad_funcs_struct load on device 'cuda:0' took 24.78 ms
Module pamo_safe_project.kernels.distance_kernels.distance_kernels_struct load on device 'cuda:0' took 116.99 ms
Module pamo_safe_project.kernels.energy_kernels.collision_energy load on device 'cuda:0' took 102.40 ms
Module pamo_safe_project.kernels.ccd_kernels load on device 'cuda:0' took 30.62 ms
Module pamo_safe_project.kernels.energy_kernels.lb_curvature_energy load on device 'cuda:0' took 4.33 ms
Module pamo_safe_project.kernels.energy_kernels.contact_detection load on device 'cuda:0' took 21.71 ms
Module robust_pt_gpu load on device 'cuda:0' took 6.03 ms
Module pamo_safe_project.kernels.energy_kernels.precision_collision_energy load on device 'cuda:0' took 92.92 ms
Module pamo_safe_project.kernels.precision_ccd_kernels load on device 'cuda:0' took 28.87 ms
Module robust_pt_gradient_gpu load on device 'cuda:0' took 5.52 ms
