Warp 1.0.0-beta.2 initialized:
   CUDA Toolkit: 12.8, Driver: 13.2
   Devices:
     "cpu"    | x86_64
     "cuda:0" | NVIDIA GeForce RTX 4080 SUPER (sm_89)
   Kernel cache: /root/.cache/warp/1.0.0-beta.2
[33;20mWARNING - Triangle area is too small (min_area=1.3796129477981032e-10), may cause numerical instability (system.py:213)[0m
Module pamo_safe_project.kernels.geometry_kernels load on device 'cuda:0' took 31.53 ms
Module pamo_safe_project.kernels.energy_kernels.elastic_energy load on device 'cuda:0' took 21.44 ms
Module pamo_safe_project.kernels.energy_kernels.hinge_energy load on device 'cuda:0' took 50.95 ms
Module pamo_safe_project.kernels.energy_kernels.precision_contact_detection load on device 'cuda:0' took 35.47 ms
Module pamo_safe_project.kernels.energy_kernels.distance_energy load on device 'cuda:0' took 40.00 ms
Module pamo_safe_project.kernels.energy_kernels.precision_gradient_collision_energy load on device 'cuda:0' took 119.72 ms
Module pamo_safe_project.kernels.utils_kernels load on device 'cuda:0' took 6.66 ms
Module tangent_plane_gpu load on device 'cuda:0' took 2.22 ms
Module locality_gpu load on device 'cuda:0' took 2.10 ms
Module pamo_safe_project.kernels.solver_kernels load on device 'cuda:0' took 6.44 ms
Module warp.utils load on device 'cuda:0' took 4.25 ms
Module pamo_safe_project.kernels.distance_kernels.grad_funcs load on device 'cuda:0' took 32.85 ms
Module pamo_safe_project.kernels.distance_kernels.hessian_funcs load on device 'cuda:0' took 145.90 ms
Module pamo_safe_project.kernels.distance_kernels.distance_kernels load on device 'cuda:0' took 211.72 ms
Module pamo_safe_project.kernels.distance_kernels.grad_funcs_struct load on device 'cuda:0' took 35.58 ms
Module pamo_safe_project.kernels.distance_kernels.distance_kernels_struct load on device 'cuda:0' took 33.66 ms
Module pamo_safe_project.kernels.energy_kernels.collision_energy load on device 'cuda:0' took 142.67 ms
Module pamo_safe_project.kernels.ccd_kernels load on device 'cuda:0' took 39.73 ms
Module pamo_safe_project.kernels.energy_kernels.lb_curvature_energy load on device 'cuda:0' took 6.43 ms
Module pamo_safe_project.kernels.energy_kernels.contact_detection load on device 'cuda:0' took 32.67 ms
Module robust_pt_gpu load on device 'cuda:0' took 10.73 ms
Module pamo_safe_project.kernels.energy_kernels.precision_collision_energy load on device 'cuda:0' took 771.18 ms
Module pamo_safe_project.kernels.precision_ccd_kernels load on device 'cuda:0' took 414.95 ms
Module robust_pt_gradient_gpu load on device 'cuda:0' took 94.34 ms
