Stage1 :  True
Stage3 :  True
Warp 1.0.0-beta.2 initialized:
   CUDA Toolkit: 12.8, Driver: 13.2
   Devices:
     "cpu"    | x86_64
     "cuda:0" | NVIDIA GeForce RTX 4080 SUPER (sm_89)
   Kernel cache: /root/.cache/warp/1.0.0-beta.2
Target faces : 1872
Time for Remeshing: 0.12972474098205566 sec
Time for Simplification: 0.6542196273803711 sec
Module pamo_safe_project.kernels.geometry_kernels load on device 'cuda:0' took 25.39 ms
Module pamo_safe_project.kernels.energy_kernels.elastic_energy load on device 'cuda:0' took 20.60 ms
Module pamo_safe_project.kernels.energy_kernels.hinge_energy load on device 'cuda:0' took 51.90 ms
Module pamo_safe_project.kernels.energy_kernels.contact_detection load on device 'cuda:0' took 30.42 ms
Module pamo_safe_project.kernels.energy_kernels.distance_energy load on device 'cuda:0' took 41.22 ms
Module pamo_safe_project.kernels.energy_kernels.collision_energy load on device 'cuda:0' took 135.92 ms
Module pamo_safe_project.kernels.utils_kernels load on device 'cuda:0' took 6.57 ms
Module pamo_safe_project.kernels.solver_kernels load on device 'cuda:0' took 4.56 ms
Module warp.utils load on device 'cuda:0' took 2.25 ms
Module pamo_safe_project.kernels.distance_kernels.grad_funcs load on device 'cuda:0' took 33.63 ms
Module pamo_safe_project.kernels.distance_kernels.hessian_funcs load on device 'cuda:0' took 146.42 ms
Module pamo_safe_project.kernels.distance_kernels.distance_kernels load on device 'cuda:0' took 212.13 ms
Module pamo_safe_project.kernels.distance_kernels.grad_funcs_struct load on device 'cuda:0' took 31.15 ms
Module pamo_safe_project.kernels.distance_kernels.distance_kernels_struct load on device 'cuda:0' took 33.52 ms
Module pamo_safe_project.kernels.ccd_kernels load on device 'cuda:0' took 44.97 ms
Module pamo_safe_project.kernels.energy_kernels.lb_curvature_energy load on device 'cuda:0' took 5.37 ms
Module locality_gpu load on device 'cuda:0' took 1.19 ms
{"pamo_run_ms": 2210.4759346693754, "stage1": "original", "method": "full", "maintenance_ms": 4733.123296871781, "status": "pending_independent_audit"}
