Stage1 :  True
Stage3 :  True
{"original_config_sha256": "df1eb24db57394c32e31f6d67a58cd7ef6c25febc11aff39c5e9503ee82d6390", "max_blocks": 67108864}
Warp 1.0.0-beta.2 initialized:
   CUDA Toolkit: 12.8, Driver: 13.2
   Devices:
     "cpu"    | x86_64
     "cuda:0" | NVIDIA GeForce RTX 4080 SUPER (sm_89)
   Kernel cache: /root/.cache/warp/1.0.0-beta.2
Target faces : 38028
Time for Remeshing: 0.07019472122192383 sec
Time for Simplification: 0.03539848327636719 sec
Module pamo_safe_project.kernels.geometry_kernels load on device 'cuda:0' took 23.81 ms
Module pamo_safe_project.kernels.energy_kernels.elastic_energy load on device 'cuda:0' took 20.56 ms
Module pamo_safe_project.kernels.energy_kernels.hinge_energy load on device 'cuda:0' took 50.71 ms
Module pamo_safe_project.kernels.energy_kernels.contact_detection load on device 'cuda:0' took 29.27 ms
Module pamo_safe_project.kernels.energy_kernels.distance_energy load on device 'cuda:0' took 39.57 ms
Module pamo_safe_project.kernels.energy_kernels.collision_energy load on device 'cuda:0' took 132.08 ms
Module pamo_safe_project.kernels.utils_kernels load on device 'cuda:0' took 5.61 ms
Module pamo_safe_project.kernels.solver_kernels load on device 'cuda:0' took 4.61 ms
Module warp.utils load on device 'cuda:0' took 2.34 ms
Module pamo_safe_project.kernels.distance_kernels.grad_funcs load on device 'cuda:0' took 99.43 ms
Module pamo_safe_project.kernels.distance_kernels.hessian_funcs load on device 'cuda:0' took 104.17 ms
Module pamo_safe_project.kernels.distance_kernels.distance_kernels load on device 'cuda:0' took 142.12 ms
Module pamo_safe_project.kernels.distance_kernels.grad_funcs_struct load on device 'cuda:0' took 20.90 ms
Module pamo_safe_project.kernels.distance_kernels.distance_kernels_struct load on device 'cuda:0' took 22.85 ms
Module pamo_safe_project.kernels.ccd_kernels load on device 'cuda:0' took 27.56 ms
Module pamo_safe_project.kernels.energy_kernels.lb_curvature_energy load on device 'cuda:0' took 3.84 ms
Module locality_gpu load on device 'cuda:0' took 0.85 ms
{"pamo_run_ms": 3102.9222710058093, "stage1": "original", "method": "full", "maintenance_ms": 3570.8564464002848, "status": "pending_independent_audit"}
