o-[Process     ] Max used threads = 4
o-[I/O         ] Loading file /tmp/geogram_native_quality_20261006_04/inputs/01_parent.obj...
o-[I/O         ] (FP64) nb_v:642 nb_e:0 nb_f:1280 nb_b:0 tri:1 dim:3
o-[I/O         ] Attributes on vertices: point[3]
o-[I/O         ] Loading file /tmp/geogram_native_quality_20261006_04/inputs/01_tool.obj...
o-[I/O         ] (FP64) nb_v:162 nb_e:0 nb_f:320 nb_b:0 tri:1 dim:3
o-[I/O         ] Attributes on vertices: point[3]
NATIVE_QUALITY_REGION {"group":1276,"source_facets":13,"boundary_points":15,"new_points":5,"boundary_unchanged":true,"before_bad":11,"after_score_computed":true,"after_bad":3,"after_valid":true,"before_bad_area":0.105154,"after_bad_area":0.040309,"selected":true}
NATIVE_QUALITY_REGION {"group":1277,"source_facets":15,"boundary_points":17,"new_points":8,"boundary_unchanged":true,"before_bad":13,"after_score_computed":true,"after_bad":4,"after_valid":true,"before_bad_area":0.101336,"after_bad_area":0.0779616,"selected":true}
NATIVE_QUALITY_REGION {"group":1278,"source_facets":13,"boundary_points":15,"new_points":7,"boundary_unchanged":true,"before_bad":11,"after_score_computed":true,"after_bad":3,"after_valid":true,"before_bad_area":0.100457,"after_bad_area":0.0535553,"selected":true}
NATIVE_QUALITY_REGION {"group":1279,"source_facets":6,"boundary_points":8,"new_points":0,"boundary_unchanged":true,"before_bad":4,"after_score_computed":true,"after_bad":4,"after_valid":true,"before_bad_area":0.0049329,"after_bad_area":0.0049329,"selected":false}
NATIVE_QUALITY_REGION {"group":1280,"source_facets":5,"boundary_points":7,"new_points":0,"boundary_unchanged":true,"before_bad":3,"after_score_computed":true,"after_bad":3,"after_valid":true,"before_bad_area":0.00149404,"after_bad_area":0.00149404,"selected":false}
NATIVE_QUALITY_REGION {"group":1281,"source_facets":6,"boundary_points":8,"new_points":0,"boundary_unchanged":true,"before_bad":4,"after_score_computed":true,"after_bad":4,"after_valid":true,"before_bad_area":0.00845322,"after_bad_area":0.00845322,"selected":false}
NATIVE_QUALITY_REGION {"group":1388,"source_facets":2,"boundary_points":4,"new_points":0,"boundary_unchanged":true,"before_bad":1,"after_score_computed":true,"after_bad":1,"after_valid":true,"before_bad_area":0.000346059,"after_bad_area":0.000346059,"selected":false}
NATIVE_QUALITY_REGION {"group":1392,"source_facets":2,"boundary_points":4,"new_points":0,"boundary_unchanged":true,"before_bad":1,"after_score_computed":true,"after_bad":1,"after_valid":true,"before_bad_area":0.000271857,"after_bad_area":0.000271857,"selected":false}
NATIVE_QUALITY_REGION {"group":1394,"source_facets":3,"boundary_points":5,"new_points":0,"boundary_unchanged":true,"before_bad":1,"after_score_computed":true,"after_bad":1,"after_valid":true,"before_bad_area":4.20181e-05,"after_bad_area":4.20181e-05,"selected":false}
NATIVE_QUALITY_REGION {"group":1395,"source_facets":3,"boundary_points":5,"new_points":1,"boundary_unchanged":true,"before_bad":1,"after_score_computed":true,"after_bad":0,"after_valid":true,"before_bad_area":0.000282196,"after_bad_area":0,"selected":true}
NATIVE_QUALITY_REGION {"group":1400,"source_facets":2,"boundary_points":4,"new_points":0,"boundary_unchanged":true,"before_bad":1,"after_score_computed":true,"after_bad":1,"after_valid":true,"before_bad_area":5.10811e-05,"after_bad_area":5.10811e-05,"selected":false}
NATIVE_QUALITY_REGION {"group":1408,"source_facets":2,"boundary_points":4,"new_points":0,"boundary_unchanged":true,"before_bad":1,"after_score_computed":true,"after_bad":1,"after_valid":true,"before_bad_area":0.00052098,"after_bad_area":0.00052098,"selected":false}
NATIVE_QUALITY_REGION {"group":1413,"source_facets":2,"boundary_points":4,"new_points":0,"boundary_unchanged":true,"before_bad":1,"after_score_computed":true,"after_bad":1,"after_valid":true,"before_bad_area":0.000507031,"after_bad_area":0.000507031,"selected":false}
NATIVE_QUALITY_REGION {"group":1416,"source_facets":2,"boundary_points":4,"new_points":0,"boundary_unchanged":true,"before_bad":1,"after_score_computed":true,"after_bad":1,"after_valid":true,"before_bad_area":6.6668e-07,"after_bad_area":6.6668e-07,"selected":false}
NATIVE_QUALITY_REGION {"group":1427,"source_facets":2,"boundary_points":4,"new_points":0,"boundary_unchanged":true,"before_bad":1,"after_score_computed":true,"after_bad":1,"after_valid":true,"before_bad_area":0.00083712,"after_bad_area":0.00083712,"selected":false}
NATIVE_RESULT {"load_ms":2.58256,"boolean_ms":38.590176,"save_ms":3.4134350000000002,"faces":1552,"vertices":778,"simplify":true}
