Stage1 :  True
Stage3 :  True
Warp 1.0.0-beta.2 initialized:
   CUDA Toolkit: 12.8, Driver: 13.2
   Devices:
     "cpu"    | x86_64
     "cuda:0" | NVIDIA GeForce RTX 4080 SUPER (sm_89)
   Kernel cache: /root/.cache/warp/1.0.0-beta.2
Target faces : 656
Time for Remeshing: 0.09490680694580078 sec
Time for Simplification: 0.24332642555236816 sec
Module pamo_safe_project.kernels.geometry_kernels load on device 'cuda:0' took 22.27 ms
Module pamo_safe_project.kernels.energy_kernels.elastic_energy load on device 'cuda:0' took 20.75 ms
Module pamo_safe_project.kernels.energy_kernels.hinge_energy load on device 'cuda:0' took 55.96 ms
Module pamo_safe_project.kernels.energy_kernels.contact_detection load on device 'cuda:0' took 29.94 ms
Module pamo_safe_project.kernels.energy_kernels.distance_energy load on device 'cuda:0' took 41.22 ms
Module pamo_safe_project.kernels.energy_kernels.collision_energy load on device 'cuda:0' took 141.70 ms
Module pamo_safe_project.kernels.utils_kernels load on device 'cuda:0' took 5.70 ms
Module pamo_safe_project.kernels.solver_kernels load on device 'cuda:0' took 4.53 ms
Module warp.utils load on device 'cuda:0' took 2.30 ms
Module pamo_safe_project.kernels.distance_kernels.grad_funcs load on device 'cuda:0' took 38.28 ms
Module pamo_safe_project.kernels.distance_kernels.hessian_funcs load on device 'cuda:0' took 147.36 ms
Module pamo_safe_project.kernels.distance_kernels.distance_kernels load on device 'cuda:0' took 250.50 ms
Module pamo_safe_project.kernels.distance_kernels.grad_funcs_struct load on device 'cuda:0' took 30.76 ms
Module pamo_safe_project.kernels.distance_kernels.distance_kernels_struct load on device 'cuda:0' took 33.33 ms
Module pamo_safe_project.kernels.ccd_kernels load on device 'cuda:0' took 44.94 ms
Module pamo_safe_project.kernels.energy_kernels.lb_curvature_energy load on device 'cuda:0' took 5.50 ms
Module locality_gpu load on device 'cuda:0' took 1.20 ms
{"pamo_run_ms": 1789.093722589314, "stage1": "original", "method": "full", "maintenance_ms": 4511.462606489658, "status": "pending_independent_audit"}
