Warp 1.0.0-beta.2 initialized:
   CUDA Toolkit: 12.8, Driver: 13.2
   Devices:
     "cpu"    | x86_64
     "cuda:0" | NVIDIA GeForce RTX 4080 SUPER (sm_89)
   Kernel cache: /root/.cache/warp/1.0.0-beta.2
[33;20mWARNING - Triangle area is too small (min_area=5.564957728694124e-11), may cause numerical instability (system.py:213)[0m
Module pamo_safe_project.kernels.geometry_kernels load on device 'cuda:0' took 25.91 ms
Module pamo_safe_project.kernels.energy_kernels.elastic_energy load on device 'cuda:0' took 20.64 ms
Module pamo_safe_project.kernels.energy_kernels.hinge_energy load on device 'cuda:0' took 52.26 ms
Module pamo_safe_project.kernels.energy_kernels.precision_contact_detection load on device 'cuda:0' took 28.14 ms
Module pamo_safe_project.kernels.energy_kernels.distance_energy load on device 'cuda:0' took 39.53 ms
Module pamo_safe_project.kernels.energy_kernels.preserved_collision_energy load on device 'cuda:0' took 118.99 ms
Module pamo_safe_project.kernels.utils_kernels load on device 'cuda:0' took 5.94 ms
Module tangent_plane_gpu load on device 'cuda:0' took 2.13 ms
Module locality_gpu load on device 'cuda:0' took 1.20 ms
Module pamo_safe_project.kernels.solver_kernels load on device 'cuda:0' took 4.11 ms
Module warp.utils load on device 'cuda:0' took 1.90 ms
Module pamo_safe_project.kernels.distance_kernels.grad_funcs load on device 'cuda:0' took 26.70 ms
Module pamo_safe_project.kernels.distance_kernels.hessian_funcs load on device 'cuda:0' took 109.83 ms
Module pamo_safe_project.kernels.distance_kernels.distance_kernels load on device 'cuda:0' took 151.90 ms
Module pamo_safe_project.kernels.distance_kernels.grad_funcs_struct load on device 'cuda:0' took 22.69 ms
Module pamo_safe_project.kernels.distance_kernels.distance_kernels_struct load on device 'cuda:0' took 25.36 ms
Module pamo_safe_project.kernels.energy_kernels.collision_energy load on device 'cuda:0' took 98.86 ms
Module pamo_safe_project.kernels.ccd_kernels load on device 'cuda:0' took 30.71 ms
Module pamo_safe_project.kernels.energy_kernels.lb_curvature_energy load on device 'cuda:0' took 4.50 ms
Module pamo_safe_project.kernels.energy_kernels.contact_detection load on device 'cuda:0' took 22.92 ms
Module tangent_preserved_gpu load on device 'cuda:0' took 1.63 ms
Module robust_pt_gpu load on device 'cuda:0' took 6.38 ms
Module pamo_safe_project.kernels.energy_kernels.precision_collision_energy load on device 'cuda:0' took 102.57 ms
Module pamo_safe_project.kernels.precision_ccd_kernels load on device 'cuda:0' took 31.04 ms
Module robust_pt_gradient_gpu load on device 'cuda:0' took 6.37 ms
Module pamo_safe_project.kernels.energy_kernels.precision_gradient_collision_energy load on device 'cuda:0' took 89.82 ms
Module fixed_geometry_gpu load on device 'cuda:0' took 7.11 ms
Module pamo_safe_project.kernels.preserved_ccd load on device 'cuda:0' took 33.79 ms
