Warp 1.0.0-beta.2 initialized:
   CUDA Toolkit: 12.8, Driver: 13.2
   Devices:
     "cpu"    | x86_64
     "cuda:0" | NVIDIA GeForce RTX 4080 SUPER (sm_89)
   Kernel cache: /root/.cache/warp/1.0.0-beta.2
[33;20mWARNING - Triangle area is too small (min_area=3.997501642497201e-13), may cause numerical instability (system.py:213)[0m
Module pamo_safe_project.kernels.geometry_kernels load on device 'cuda:0' took 30.98 ms
Module pamo_safe_project.kernels.energy_kernels.elastic_energy load on device 'cuda:0' took 21.06 ms
Module pamo_safe_project.kernels.energy_kernels.hinge_energy load on device 'cuda:0' took 51.79 ms
Module pamo_safe_project.kernels.energy_kernels.precision_contact_detection load on device 'cuda:0' took 28.94 ms
Module pamo_safe_project.kernels.energy_kernels.distance_energy load on device 'cuda:0' took 40.60 ms
Module pamo_safe_project.kernels.energy_kernels.preserved_collision_energy load on device 'cuda:0' took 124.01 ms
Module pamo_safe_project.kernels.utils_kernels load on device 'cuda:0' took 6.02 ms
Module tangent_plane_gpu load on device 'cuda:0' took 2.18 ms
Module locality_gpu load on device 'cuda:0' took 1.26 ms
Module pamo_safe_project.kernels.solver_kernels load on device 'cuda:0' took 5.25 ms
Module warp.utils load on device 'cuda:0' took 2.36 ms
Module pamo_safe_project.kernels.distance_kernels.grad_funcs load on device 'cuda:0' took 32.99 ms
Module pamo_safe_project.kernels.distance_kernels.hessian_funcs load on device 'cuda:0' took 144.61 ms
Module pamo_safe_project.kernels.distance_kernels.distance_kernels load on device 'cuda:0' took 200.24 ms
Module pamo_safe_project.kernels.distance_kernels.grad_funcs_struct load on device 'cuda:0' took 31.00 ms
Module pamo_safe_project.kernels.distance_kernels.distance_kernels_struct load on device 'cuda:0' took 34.33 ms
Module pamo_safe_project.kernels.energy_kernels.collision_energy load on device 'cuda:0' took 134.54 ms
Module pamo_safe_project.kernels.ccd_kernels load on device 'cuda:0' took 39.48 ms
Module pamo_safe_project.kernels.energy_kernels.lb_curvature_energy load on device 'cuda:0' took 5.41 ms
Module pamo_safe_project.kernels.energy_kernels.contact_detection load on device 'cuda:0' took 29.58 ms
Module tangent_preserved_gpu load on device 'cuda:0' took 2.06 ms
Module robust_pt_gpu load on device 'cuda:0' took 8.76 ms
Module pamo_safe_project.kernels.energy_kernels.precision_collision_energy load on device 'cuda:0' took 132.99 ms
Module pamo_safe_project.kernels.precision_ccd_kernels load on device 'cuda:0' took 40.32 ms
Module robust_pt_gradient_gpu load on device 'cuda:0' took 8.08 ms
Module pamo_safe_project.kernels.energy_kernels.precision_gradient_collision_energy load on device 'cuda:0' took 115.40 ms
Module fixed_geometry_gpu load on device 'cuda:0' took 9.22 ms
Module pamo_safe_project.kernels.preserved_ccd load on device 'cuda:0' took 46.37 ms
