Warp 1.0.0-beta.2 initialized:
   CUDA Toolkit: 12.8, Driver: 13.2
   Devices:
     "cpu"    | x86_64
     "cuda:0" | NVIDIA GeForce RTX 4080 SUPER (sm_89)
   Kernel cache: /root/.cache/warp/1.0.0-beta.2
[33;20mWARNING - Triangle area is too small (min_area=7.175109185501301e-16), may cause numerical instability (system.py:213)[0m
Module pamo_safe_project.kernels.geometry_kernels load on device 'cuda:0' took 27.30 ms
Module pamo_safe_project.kernels.energy_kernels.elastic_energy load on device 'cuda:0' took 21.57 ms
Module pamo_safe_project.kernels.energy_kernels.hinge_energy load on device 'cuda:0' took 52.04 ms
Module pamo_safe_project.kernels.energy_kernels.precision_contact_detection load on device 'cuda:0' took 44.75 ms
Module pamo_safe_project.kernels.energy_kernels.distance_energy load on device 'cuda:0' took 40.74 ms
Module pamo_safe_project.kernels.energy_kernels.preserved_collision_energy load on device 'cuda:0' took 128.35 ms
Module pamo_safe_project.kernels.utils_kernels load on device 'cuda:0' took 6.55 ms
Module tangent_plane_gpu load on device 'cuda:0' took 2.52 ms
Module locality_gpu load on device 'cuda:0' took 1.46 ms
Module pamo_safe_project.kernels.solver_kernels load on device 'cuda:0' took 6.57 ms
Module warp.utils load on device 'cuda:0' took 2.85 ms
Module pamo_safe_project.kernels.distance_kernels.grad_funcs load on device 'cuda:0' took 32.98 ms
Module pamo_safe_project.kernels.distance_kernels.hessian_funcs load on device 'cuda:0' took 145.07 ms
Module pamo_safe_project.kernels.distance_kernels.distance_kernels load on device 'cuda:0' took 199.17 ms
Module pamo_safe_project.kernels.distance_kernels.grad_funcs_struct load on device 'cuda:0' took 30.82 ms
Module pamo_safe_project.kernels.distance_kernels.distance_kernels_struct load on device 'cuda:0' took 33.93 ms
Module pamo_safe_project.kernels.energy_kernels.collision_energy load on device 'cuda:0' took 138.14 ms
Module pamo_safe_project.kernels.ccd_kernels load on device 'cuda:0' took 40.41 ms
Module pamo_safe_project.kernels.energy_kernels.lb_curvature_energy load on device 'cuda:0' took 5.72 ms
Module pamo_safe_project.kernels.energy_kernels.contact_detection load on device 'cuda:0' took 30.42 ms
Module tangent_preserved_gpu load on device 'cuda:0' took 2.36 ms
Module robust_pt_gpu load on device 'cuda:0' took 8.33 ms
Module pamo_safe_project.kernels.energy_kernels.precision_collision_energy load on device 'cuda:0' took 135.72 ms
Module pamo_safe_project.kernels.precision_ccd_kernels load on device 'cuda:0' took 38.86 ms
Module robust_pt_gradient_gpu load on device 'cuda:0' took 8.34 ms
Module pamo_safe_project.kernels.energy_kernels.precision_gradient_collision_energy load on device 'cuda:0' took 117.87 ms
Module fixed_geometry_gpu load on device 'cuda:0' took 9.10 ms
Module pamo_safe_project.kernels.preserved_ccd load on device 'cuda:0' took 46.86 ms
