Warp 1.0.0-beta.2 initialized:
   CUDA Toolkit: 12.8, Driver: 13.2
   Devices:
     "cpu"    | x86_64
     "cuda:0" | NVIDIA GeForce RTX 4080 SUPER (sm_89)
   Kernel cache: /root/.cache/warp/1.0.0-beta.2
[33;20mWARNING - Triangle area is too small (min_area=3.0104959779151547e-16), may cause numerical instability (system.py:213)[0m
Module pamo_safe_project.kernels.geometry_kernels load on device 'cuda:0' took 22.58 ms
Module pamo_safe_project.kernels.energy_kernels.elastic_energy load on device 'cuda:0' took 14.38 ms
Module pamo_safe_project.kernels.energy_kernels.hinge_energy load on device 'cuda:0' took 35.52 ms
Module pamo_safe_project.kernels.energy_kernels.precision_contact_detection load on device 'cuda:0' took 19.71 ms
Module pamo_safe_project.kernels.energy_kernels.distance_energy load on device 'cuda:0' took 27.20 ms
Module pamo_safe_project.kernels.energy_kernels.preserved_collision_energy load on device 'cuda:0' took 93.49 ms
Module pamo_safe_project.kernels.utils_kernels load on device 'cuda:0' took 4.21 ms
Module tangent_plane_gpu load on device 'cuda:0' took 1.86 ms
Module locality_gpu load on device 'cuda:0' took 0.77 ms
Module pamo_safe_project.kernels.solver_kernels load on device 'cuda:0' took 3.85 ms
Module warp.utils load on device 'cuda:0' took 1.87 ms
Module pamo_safe_project.kernels.distance_kernels.grad_funcs load on device 'cuda:0' took 24.46 ms
Module pamo_safe_project.kernels.distance_kernels.hessian_funcs load on device 'cuda:0' took 103.73 ms
Module pamo_safe_project.kernels.distance_kernels.distance_kernels load on device 'cuda:0' took 141.88 ms
Module pamo_safe_project.kernels.distance_kernels.grad_funcs_struct load on device 'cuda:0' took 20.85 ms
Module pamo_safe_project.kernels.distance_kernels.distance_kernels_struct load on device 'cuda:0' took 24.00 ms
Module pamo_safe_project.kernels.energy_kernels.collision_energy load on device 'cuda:0' took 95.10 ms
Module pamo_safe_project.kernels.ccd_kernels load on device 'cuda:0' took 28.67 ms
Module pamo_safe_project.kernels.energy_kernels.lb_curvature_energy load on device 'cuda:0' took 3.74 ms
Module pamo_safe_project.kernels.energy_kernels.contact_detection load on device 'cuda:0' took 21.87 ms
Module tangent_preserved_gpu load on device 'cuda:0' took 1.72 ms
Module robust_pt_gpu load on device 'cuda:0' took 6.23 ms
Module pamo_safe_project.kernels.energy_kernels.precision_collision_energy load on device 'cuda:0' took 93.59 ms
Module pamo_safe_project.kernels.precision_ccd_kernels load on device 'cuda:0' took 26.23 ms
Module robust_pt_gradient_gpu load on device 'cuda:0' took 5.45 ms
Module pamo_safe_project.kernels.energy_kernels.precision_gradient_collision_energy load on device 'cuda:0' took 81.13 ms
Module fixed_geometry_gpu load on device 'cuda:0' took 6.99 ms
Module pamo_safe_project.kernels.preserved_ccd load on device 'cuda:0' took 34.03 ms
