Stage1 :  True
Stage3 :  True
Warp 1.0.0-beta.2 initialized:
   CUDA Toolkit: 12.8, Driver: 13.2
   Devices:
     "cpu"    | x86_64
     "cuda:0" | NVIDIA GeForce RTX 4090 (sm_89)
   Kernel cache: /root/.cache/warp/1.0.0-beta.2
Target faces : 660
Time for Remeshing: 0.29514622688293457 sec
Time for Simplification: 0.4356999397277832 sec
Module pamo_safe_project.kernels.geometry_kernels load on device 'cuda:0' took 84.89 ms
Module pamo_safe_project.kernels.energy_kernels.elastic_energy load on device 'cuda:0' took 14.48 ms
Module pamo_safe_project.kernels.energy_kernels.hinge_energy load on device 'cuda:0' took 26.43 ms
Module pamo_safe_project.kernels.energy_kernels.contact_detection load on device 'cuda:0' took 43.35 ms
Module pamo_safe_project.kernels.energy_kernels.distance_energy load on device 'cuda:0' took 21.30 ms
Module pamo_safe_project.kernels.energy_kernels.collision_energy load on device 'cuda:0' took 198.83 ms
Module pamo_safe_project.kernels.utils_kernels load on device 'cuda:0' took 3.20 ms
Module pamo_safe_project.kernels.solver_kernels load on device 'cuda:0' took 2.62 ms
Module warp.utils load on device 'cuda:0' took 1.39 ms
Module pamo_safe_project.kernels.distance_kernels.grad_funcs load on device 'cuda:0' took 84.03 ms
Module pamo_safe_project.kernels.distance_kernels.hessian_funcs load on device 'cuda:0' took 207.49 ms
Module pamo_safe_project.kernels.distance_kernels.distance_kernels load on device 'cuda:0' took 281.00 ms
Module pamo_safe_project.kernels.distance_kernels.grad_funcs_struct load on device 'cuda:0' took 15.97 ms
Module pamo_safe_project.kernels.distance_kernels.distance_kernels_struct load on device 'cuda:0' took 84.34 ms
Module pamo_safe_project.kernels.ccd_kernels load on device 'cuda:0' took 21.66 ms
Module pamo_safe_project.kernels.energy_kernels.lb_curvature_energy load on device 'cuda:0' took 3.20 ms
Module locality_gpu load on device 'cuda:0' took 0.77 ms
{"pamo_run_ms": 3100.154128856957, "stage1": "original", "method": "full", "maintenance_ms": 7288.703890517354, "status": "pending_independent_audit"}
