Stage1 :  True
Stage3 :  True
{"original_config_sha256": "df1eb24db57394c32e31f6d67a58cd7ef6c25febc11aff39c5e9503ee82d6390", "max_blocks": 67108864}
Warp 1.0.0-beta.2 initialized:
   CUDA Toolkit: 12.8, Driver: 13.2
   Devices:
     "cpu"    | x86_64
     "cuda:0" | NVIDIA GeForce RTX 4080 SUPER (sm_89)
   Kernel cache: /root/.cache/warp/1.0.0-beta.2
Target faces : 4204
Time for Remeshing: 0.5394613742828369 sec
Time for Simplification: 0.17331218719482422 sec
Module pamo_safe_project.kernels.geometry_kernels load on device 'cuda:0' took 91.26 ms
Module pamo_safe_project.kernels.energy_kernels.elastic_energy load on device 'cuda:0' took 15.40 ms
Module pamo_safe_project.kernels.energy_kernels.hinge_energy load on device 'cuda:0' took 39.20 ms
Module pamo_safe_project.kernels.energy_kernels.contact_detection load on device 'cuda:0' took 24.07 ms
Module pamo_safe_project.kernels.energy_kernels.distance_energy load on device 'cuda:0' took 31.76 ms
Module pamo_safe_project.kernels.energy_kernels.collision_energy load on device 'cuda:0' took 95.01 ms
Module pamo_safe_project.kernels.utils_kernels load on device 'cuda:0' took 4.55 ms
Module pamo_safe_project.kernels.solver_kernels load on device 'cuda:0' took 3.54 ms
Module warp.utils load on device 'cuda:0' took 1.74 ms
Module pamo_safe_project.kernels.distance_kernels.grad_funcs load on device 'cuda:0' took 24.97 ms
Module pamo_safe_project.kernels.distance_kernels.hessian_funcs load on device 'cuda:0' took 104.42 ms
Module pamo_safe_project.kernels.distance_kernels.distance_kernels load on device 'cuda:0' took 146.18 ms
Module pamo_safe_project.kernels.distance_kernels.grad_funcs_struct load on device 'cuda:0' took 23.72 ms
Module pamo_safe_project.kernels.distance_kernels.distance_kernels_struct load on device 'cuda:0' took 26.92 ms
Module pamo_safe_project.kernels.ccd_kernels load on device 'cuda:0' took 29.92 ms
Module pamo_safe_project.kernels.energy_kernels.lb_curvature_energy load on device 'cuda:0' took 4.11 ms
Module locality_gpu load on device 'cuda:0' took 0.98 ms
{"pamo_run_ms": 2161.5374805405736, "stage1": "original", "method": "full", "maintenance_ms": 2445.7302996888757, "status": "pending_independent_audit"}
