Warp 1.0.0-beta.2 initialized:
   CUDA Toolkit: 12.8, Driver: 13.2
   Devices:
     "cpu"    | x86_64
     "cuda:0" | NVIDIA GeForce RTX 4080 SUPER (sm_89)
   Kernel cache: /root/.cache/warp/1.0.0-beta.2
[33;20mWARNING - Triangle area is too small (min_area=9.283209191315406e-11), may cause numerical instability (system.py:213)[0m
Module pamo_safe_project.kernels.geometry_kernels load on device 'cuda:0' took 26.05 ms
Module pamo_safe_project.kernels.energy_kernels.elastic_energy load on device 'cuda:0' took 20.70 ms
Module pamo_safe_project.kernels.energy_kernels.hinge_energy load on device 'cuda:0' took 51.01 ms
Module pamo_safe_project.kernels.energy_kernels.precision_contact_detection load on device 'cuda:0' took 28.31 ms
Module pamo_safe_project.kernels.energy_kernels.distance_energy load on device 'cuda:0' took 39.73 ms
Module pamo_safe_project.kernels.energy_kernels.preserved_collision_energy load on device 'cuda:0' took 121.09 ms
Module pamo_safe_project.kernels.utils_kernels load on device 'cuda:0' took 5.96 ms
Module tangent_plane_gpu load on device 'cuda:0' took 2.10 ms
Module locality_gpu load on device 'cuda:0' took 1.21 ms
Module pamo_safe_project.kernels.solver_kernels load on device 'cuda:0' took 5.03 ms
Module warp.utils load on device 'cuda:0' took 2.41 ms
Module pamo_safe_project.kernels.distance_kernels.grad_funcs load on device 'cuda:0' took 32.43 ms
Module pamo_safe_project.kernels.distance_kernels.hessian_funcs load on device 'cuda:0' took 310.80 ms
Module pamo_safe_project.kernels.distance_kernels.distance_kernels load on device 'cuda:0' took 281.85 ms
Module pamo_safe_project.kernels.distance_kernels.grad_funcs_struct load on device 'cuda:0' took 30.81 ms
Module pamo_safe_project.kernels.distance_kernels.distance_kernels_struct load on device 'cuda:0' took 49.55 ms
Module pamo_safe_project.kernels.energy_kernels.collision_energy load on device 'cuda:0' took 133.04 ms
Module pamo_safe_project.kernels.ccd_kernels load on device 'cuda:0' took 41.39 ms
Module pamo_safe_project.kernels.energy_kernels.lb_curvature_energy load on device 'cuda:0' took 5.41 ms
Module pamo_safe_project.kernels.energy_kernels.contact_detection load on device 'cuda:0' took 28.97 ms
Module tangent_preserved_gpu load on device 'cuda:0' took 2.23 ms
Module robust_pt_gpu load on device 'cuda:0' took 7.83 ms
Module pamo_safe_project.kernels.energy_kernels.precision_collision_energy load on device 'cuda:0' took 131.55 ms
Module pamo_safe_project.kernels.precision_ccd_kernels load on device 'cuda:0' took 38.07 ms
Module robust_pt_gradient_gpu load on device 'cuda:0' took 7.92 ms
Module pamo_safe_project.kernels.energy_kernels.precision_gradient_collision_energy load on device 'cuda:0' took 112.74 ms
Module fixed_geometry_gpu load on device 'cuda:0' took 8.90 ms
Module pamo_safe_project.kernels.preserved_ccd load on device 'cuda:0' took 46.16 ms
