Stage1 :  True
Stage3 :  True
Warp 1.0.0-beta.2 initialized:
   CUDA Toolkit: 12.8, Driver: 13.2
   Devices:
     "cpu"    | x86_64
     "cuda:0" | NVIDIA GeForce RTX 4080 SUPER (sm_89)
   Kernel cache: /root/.cache/warp/1.0.0-beta.2
Target faces : 2492
Time for Remeshing: 0.12349915504455566 sec
Time for Simplification: 1.2219784259796143 sec
Module pamo_safe_project.kernels.geometry_kernels load on device 'cuda:0' took 23.89 ms
Module pamo_safe_project.kernels.energy_kernels.elastic_energy load on device 'cuda:0' took 22.70 ms
Module pamo_safe_project.kernels.energy_kernels.hinge_energy load on device 'cuda:0' took 55.11 ms
Module pamo_safe_project.kernels.energy_kernels.contact_detection load on device 'cuda:0' took 30.91 ms
Module pamo_safe_project.kernels.energy_kernels.distance_energy load on device 'cuda:0' took 40.14 ms
Module pamo_safe_project.kernels.energy_kernels.collision_energy load on device 'cuda:0' took 138.30 ms
Module pamo_safe_project.kernels.utils_kernels load on device 'cuda:0' took 6.54 ms
Module pamo_safe_project.kernels.solver_kernels load on device 'cuda:0' took 6.55 ms
Module warp.utils load on device 'cuda:0' took 4.26 ms
Module pamo_safe_project.kernels.distance_kernels.grad_funcs load on device 'cuda:0' took 32.67 ms
Module pamo_safe_project.kernels.distance_kernels.hessian_funcs load on device 'cuda:0' took 152.13 ms
Module pamo_safe_project.kernels.distance_kernels.distance_kernels load on device 'cuda:0' took 1582.72 ms
Module pamo_safe_project.kernels.distance_kernels.grad_funcs_struct load on device 'cuda:0' took 33.64 ms
Module pamo_safe_project.kernels.distance_kernels.distance_kernels_struct load on device 'cuda:0' took 33.70 ms
Module pamo_safe_project.kernels.ccd_kernels load on device 'cuda:0' took 44.14 ms
Module pamo_safe_project.kernels.energy_kernels.lb_curvature_energy load on device 'cuda:0' took 6.46 ms
Module locality_gpu load on device 'cuda:0' took 2.02 ms
{"pamo_run_ms": 4465.251913294196, "stage1": "original", "method": "full", "maintenance_ms": 7471.811858937144, "status": "pending_independent_audit"}
