Stage1 :  True
Stage3 :  True
Warp 1.0.0-beta.2 initialized:
   CUDA Toolkit: 12.8, Driver: 13.2
   Devices:
     "cpu"    | x86_64
     "cuda:0" | NVIDIA GeForce RTX 4080 SUPER (sm_89)
   Kernel cache: /root/.cache/warp/1.0.0-beta.2
Target faces : 1874
Time for Remeshing: 0.22678112983703613 sec
Time for Simplification: 1.0267574787139893 sec
Module pamo_safe_project.kernels.geometry_kernels load on device 'cuda:0' took 21.97 ms
Module pamo_safe_project.kernels.energy_kernels.elastic_energy load on device 'cuda:0' took 24.61 ms
Module pamo_safe_project.kernels.energy_kernels.hinge_energy load on device 'cuda:0' took 55.29 ms
Module pamo_safe_project.kernels.energy_kernels.contact_detection load on device 'cuda:0' took 29.41 ms
Module pamo_safe_project.kernels.energy_kernels.distance_energy load on device 'cuda:0' took 44.32 ms
Module pamo_safe_project.kernels.energy_kernels.collision_energy load on device 'cuda:0' took 301.36 ms
Module pamo_safe_project.kernels.utils_kernels load on device 'cuda:0' took 6.46 ms
Module pamo_safe_project.kernels.solver_kernels load on device 'cuda:0' took 4.61 ms
Module warp.utils load on device 'cuda:0' took 2.29 ms
Module pamo_safe_project.kernels.distance_kernels.grad_funcs load on device 'cuda:0' took 32.74 ms
Module pamo_safe_project.kernels.distance_kernels.hessian_funcs load on device 'cuda:0' took 154.15 ms
Module pamo_safe_project.kernels.distance_kernels.distance_kernels load on device 'cuda:0' took 207.46 ms
Module pamo_safe_project.kernels.distance_kernels.grad_funcs_struct load on device 'cuda:0' took 30.22 ms
Module pamo_safe_project.kernels.distance_kernels.distance_kernels_struct load on device 'cuda:0' took 36.04 ms
Module pamo_safe_project.kernels.ccd_kernels load on device 'cuda:0' took 41.98 ms
Module pamo_safe_project.kernels.energy_kernels.lb_curvature_energy load on device 'cuda:0' took 5.49 ms
Module locality_gpu load on device 'cuda:0' took 1.14 ms
{"pamo_run_ms": 2939.8733377456665, "stage1": "original", "method": "full", "maintenance_ms": 5773.890236392617, "status": "pending_independent_audit"}
