Stage1 :  True
Stage3 :  True
Warp 1.0.0-beta.2 initialized:
   CUDA Toolkit: 12.8, Driver: 13.2
   Devices:
     "cpu"    | x86_64
     "cuda:0" | NVIDIA GeForce RTX 4080 SUPER (sm_89)
   Kernel cache: /root/.cache/warp/1.0.0-beta.2
Target faces : 2232
Time for Remeshing: 0.08006072044372559 sec
Time for Simplification: 0.26308536529541016 sec
Module pamo_safe_project.kernels.geometry_kernels load on device 'cuda:0' took 18.37 ms
Module pamo_safe_project.kernels.energy_kernels.elastic_energy load on device 'cuda:0' took 17.18 ms
Module pamo_safe_project.kernels.energy_kernels.hinge_energy load on device 'cuda:0' took 42.37 ms
Module pamo_safe_project.kernels.energy_kernels.contact_detection load on device 'cuda:0' took 23.56 ms
Module pamo_safe_project.kernels.energy_kernels.distance_energy load on device 'cuda:0' took 28.33 ms
Module pamo_safe_project.kernels.energy_kernels.collision_energy load on device 'cuda:0' took 98.08 ms
Module pamo_safe_project.kernels.utils_kernels load on device 'cuda:0' took 3.54 ms
Module pamo_safe_project.kernels.solver_kernels load on device 'cuda:0' took 3.22 ms
Module warp.utils load on device 'cuda:0' took 1.61 ms
Module pamo_safe_project.kernels.distance_kernels.grad_funcs load on device 'cuda:0' took 23.48 ms
Module pamo_safe_project.kernels.distance_kernels.hessian_funcs load on device 'cuda:0' took 222.71 ms
Module pamo_safe_project.kernels.distance_kernels.distance_kernels load on device 'cuda:0' took 201.35 ms
Module pamo_safe_project.kernels.distance_kernels.grad_funcs_struct load on device 'cuda:0' took 31.17 ms
Module pamo_safe_project.kernels.distance_kernels.distance_kernels_struct load on device 'cuda:0' took 143.10 ms
Module pamo_safe_project.kernels.ccd_kernels load on device 'cuda:0' took 48.62 ms
Module pamo_safe_project.kernels.energy_kernels.lb_curvature_energy load on device 'cuda:0' took 5.88 ms
Module locality_gpu load on device 'cuda:0' took 1.35 ms
{"pamo_run_ms": 1820.470355451107, "stage1": "original", "method": "full", "maintenance_ms": 3900.8413292467594, "status": "pending_independent_audit"}
