Stage1 :  True
Stage3 :  True
Warp 1.0.0-beta.2 initialized:
   CUDA Toolkit: 12.8, Driver: 13.2
   Devices:
     "cpu"    | x86_64
     "cuda:0" | NVIDIA GeForce RTX 4090 (sm_89)
   Kernel cache: /root/.cache/warp/1.0.0-beta.2
Target faces : 5412
Time for Remeshing: 0.0942230224609375 sec
Time for Simplification: 0.3880763053894043 sec
Module pamo_safe_project.kernels.geometry_kernels load on device 'cuda:0' took 12.28 ms
Module pamo_safe_project.kernels.energy_kernels.elastic_energy load on device 'cuda:0' took 10.92 ms
Module pamo_safe_project.kernels.energy_kernels.hinge_energy load on device 'cuda:0' took 26.36 ms
Module pamo_safe_project.kernels.energy_kernels.contact_detection load on device 'cuda:0' took 15.98 ms
Module pamo_safe_project.kernels.energy_kernels.distance_energy load on device 'cuda:0' took 21.00 ms
Module pamo_safe_project.kernels.energy_kernels.collision_energy load on device 'cuda:0' took 76.75 ms
Module pamo_safe_project.kernels.utils_kernels load on device 'cuda:0' took 3.18 ms
Module pamo_safe_project.kernels.solver_kernels load on device 'cuda:0' took 2.59 ms
Module warp.utils load on device 'cuda:0' took 1.41 ms
Module pamo_safe_project.kernels.distance_kernels.grad_funcs load on device 'cuda:0' took 16.78 ms
Module pamo_safe_project.kernels.distance_kernels.hessian_funcs load on device 'cuda:0' took 72.44 ms
Module pamo_safe_project.kernels.distance_kernels.distance_kernels load on device 'cuda:0' took 111.75 ms
Module pamo_safe_project.kernels.distance_kernels.grad_funcs_struct load on device 'cuda:0' took 15.76 ms
Module pamo_safe_project.kernels.distance_kernels.distance_kernels_struct load on device 'cuda:0' took 17.29 ms
Module pamo_safe_project.kernels.ccd_kernels load on device 'cuda:0' took 21.23 ms
Module pamo_safe_project.kernels.energy_kernels.lb_curvature_energy load on device 'cuda:0' took 3.17 ms
Module locality_gpu load on device 'cuda:0' took 0.75 ms
{"pamo_run_ms": 1466.7434906587005, "stage1": "original", "method": "full", "maintenance_ms": 3106.773652136326, "status": "pending_independent_audit"}
