Warp 1.0.0-beta.2 initialized:
   CUDA Toolkit: 12.8, Driver: 13.2
   Devices:
     "cpu"    | x86_64
     "cuda:0" | NVIDIA GeForce RTX 4080 SUPER (sm_89)
   Kernel cache: /root/.cache/warp/1.0.0-beta.2
[33;20mWARNING - Triangle area is too small (min_area=2.1438446659062852e-13), may cause numerical instability (system.py:213)[0m
Module pamo_safe_project.kernels.geometry_kernels load on device 'cuda:0' took 26.37 ms
Module pamo_safe_project.kernels.energy_kernels.elastic_energy load on device 'cuda:0' took 20.94 ms
Module pamo_safe_project.kernels.energy_kernels.hinge_energy load on device 'cuda:0' took 51.51 ms
Module pamo_safe_project.kernels.energy_kernels.precision_contact_detection load on device 'cuda:0' took 28.64 ms
Module pamo_safe_project.kernels.energy_kernels.distance_energy load on device 'cuda:0' took 40.25 ms
Module pamo_safe_project.kernels.energy_kernels.preserved_collision_energy load on device 'cuda:0' took 123.10 ms
Module pamo_safe_project.kernels.utils_kernels load on device 'cuda:0' took 6.06 ms
Module tangent_plane_gpu load on device 'cuda:0' took 2.26 ms
Module locality_gpu load on device 'cuda:0' took 1.27 ms
Module pamo_safe_project.kernels.solver_kernels load on device 'cuda:0' took 5.40 ms
Module warp.utils load on device 'cuda:0' took 2.35 ms
Module pamo_safe_project.kernels.distance_kernels.grad_funcs load on device 'cuda:0' took 32.81 ms
Module pamo_safe_project.kernels.distance_kernels.hessian_funcs load on device 'cuda:0' took 145.14 ms
Module pamo_safe_project.kernels.distance_kernels.distance_kernels load on device 'cuda:0' took 199.00 ms
Module pamo_safe_project.kernels.distance_kernels.grad_funcs_struct load on device 'cuda:0' took 30.81 ms
Module pamo_safe_project.kernels.distance_kernels.distance_kernels_struct load on device 'cuda:0' took 33.96 ms
Module pamo_safe_project.kernels.energy_kernels.collision_energy load on device 'cuda:0' took 114.96 ms
Module pamo_safe_project.kernels.ccd_kernels load on device 'cuda:0' took 27.63 ms
Module pamo_safe_project.kernels.energy_kernels.lb_curvature_energy load on device 'cuda:0' took 3.74 ms
Module pamo_safe_project.kernels.energy_kernels.contact_detection load on device 'cuda:0' took 22.58 ms
Module tangent_preserved_gpu load on device 'cuda:0' took 1.64 ms
Module robust_pt_gpu load on device 'cuda:0' took 5.65 ms
Module pamo_safe_project.kernels.energy_kernels.precision_collision_energy load on device 'cuda:0' took 96.82 ms
Module pamo_safe_project.kernels.precision_ccd_kernels load on device 'cuda:0' took 28.94 ms
Module robust_pt_gradient_gpu load on device 'cuda:0' took 6.34 ms
Module pamo_safe_project.kernels.energy_kernels.precision_gradient_collision_energy load on device 'cuda:0' took 87.28 ms
Module fixed_geometry_gpu load on device 'cuda:0' took 6.12 ms
Module pamo_safe_project.kernels.preserved_ccd load on device 'cuda:0' took 32.71 ms
