Stage1 :  True
Stage3 :  True
Warp 1.0.0-beta.2 initialized:
   CUDA Toolkit: 12.8, Driver: 13.2
   Devices:
     "cpu"    | x86_64
     "cuda:0" | NVIDIA GeForce RTX 4090 (sm_89)
   Kernel cache: /root/.cache/warp/1.0.0-beta.2
Target faces : 2690
Time for Remeshing: 0.07176446914672852 sec
Time for Simplification: 0.36769628524780273 sec
Module pamo_safe_project.kernels.geometry_kernels load on device 'cuda:0' took 12.03 ms
Module pamo_safe_project.kernels.energy_kernels.elastic_energy load on device 'cuda:0' took 10.72 ms
Module pamo_safe_project.kernels.energy_kernels.hinge_energy load on device 'cuda:0' took 26.49 ms
Module pamo_safe_project.kernels.energy_kernels.contact_detection load on device 'cuda:0' took 16.00 ms
Module pamo_safe_project.kernels.energy_kernels.distance_energy load on device 'cuda:0' took 20.79 ms
Module pamo_safe_project.kernels.energy_kernels.collision_energy load on device 'cuda:0' took 69.23 ms
Module pamo_safe_project.kernels.utils_kernels load on device 'cuda:0' took 3.08 ms
Module pamo_safe_project.kernels.solver_kernels load on device 'cuda:0' took 2.51 ms
Module warp.utils load on device 'cuda:0' took 1.34 ms
Module pamo_safe_project.kernels.distance_kernels.grad_funcs load on device 'cuda:0' took 16.66 ms
Module pamo_safe_project.kernels.distance_kernels.hessian_funcs load on device 'cuda:0' took 71.09 ms
Module pamo_safe_project.kernels.distance_kernels.distance_kernels load on device 'cuda:0' took 101.09 ms
Module pamo_safe_project.kernels.distance_kernels.grad_funcs_struct load on device 'cuda:0' took 15.58 ms
Module pamo_safe_project.kernels.distance_kernels.distance_kernels_struct load on device 'cuda:0' took 17.10 ms
Module pamo_safe_project.kernels.ccd_kernels load on device 'cuda:0' took 21.08 ms
Module pamo_safe_project.kernels.energy_kernels.lb_curvature_energy load on device 'cuda:0' took 3.14 ms
Module locality_gpu load on device 'cuda:0' took 0.72 ms
{"pamo_run_ms": 1370.122798718512, "stage1": "original", "method": "full", "maintenance_ms": 3001.2734113261104, "status": "pending_independent_audit"}
