Stage1 :  True
Stage3 :  True
Warp 1.0.0-beta.2 initialized:
   CUDA Toolkit: 12.8, Driver: 13.2
   Devices:
     "cpu"    | x86_64
     "cuda:0" | NVIDIA GeForce RTX 4090 (sm_89)
   Kernel cache: /root/.cache/warp/1.0.0-beta.2
Target faces : 1466
Time for Remeshing: 0.28711462020874023 sec
Time for Simplification: 2.0986316204071045 sec
Module pamo_safe_project.kernels.geometry_kernels load on device 'cuda:0' took 19.00 ms
Module pamo_safe_project.kernels.energy_kernels.elastic_energy load on device 'cuda:0' took 53.55 ms
Module pamo_safe_project.kernels.energy_kernels.hinge_energy load on device 'cuda:0' took 98.51 ms
Module pamo_safe_project.kernels.energy_kernels.contact_detection load on device 'cuda:0' took 17.78 ms
Module pamo_safe_project.kernels.energy_kernels.distance_energy load on device 'cuda:0' took 77.52 ms
Module pamo_safe_project.kernels.energy_kernels.collision_energy load on device 'cuda:0' took 190.49 ms
Module pamo_safe_project.kernels.utils_kernels load on device 'cuda:0' took 4.95 ms
Module pamo_safe_project.kernels.solver_kernels load on device 'cuda:0' took 3.91 ms
Module warp.utils load on device 'cuda:0' took 1.89 ms
Module pamo_safe_project.kernels.distance_kernels.grad_funcs load on device 'cuda:0' took 89.35 ms
Module pamo_safe_project.kernels.distance_kernels.hessian_funcs load on device 'cuda:0' took 207.10 ms
Module pamo_safe_project.kernels.distance_kernels.distance_kernels load on device 'cuda:0' took 237.53 ms
Module pamo_safe_project.kernels.distance_kernels.grad_funcs_struct load on device 'cuda:0' took 50.90 ms
Module pamo_safe_project.kernels.distance_kernels.distance_kernels_struct load on device 'cuda:0' took 17.71 ms
Module pamo_safe_project.kernels.ccd_kernels load on device 'cuda:0' took 88.80 ms
Module pamo_safe_project.kernels.energy_kernels.lb_curvature_energy load on device 'cuda:0' took 3.22 ms
Module locality_gpu load on device 'cuda:0' took 0.73 ms
{"pamo_run_ms": 4780.047823674977, "stage1": "original", "method": "full", "maintenance_ms": 9300.957386381924, "status": "pending_independent_audit"}
