o-[Process     ] Max used threads = 4
o-[I/O         ] Loading file /tmp/geogram_native_quality_20261006_17/inputs/09_parent.obj...
o-[I/O         ] (FP64) nb_v:22429 nb_e:0 nb_f:44694 nb_b:0 tri:1 dim:3
o-[I/O         ] Attributes on vertices: point[3]
o-[I/O         ] Loading file /tmp/geogram_native_quality_20261006_17/inputs/09_tool.obj...
o-[I/O         ] (FP64) nb_v:674 nb_e:0 nb_f:1344 nb_b:0 tri:1 dim:3
o-[I/O         ] Attributes on vertices: point[3]
NATIVE_QUALITY_REGION {"group":40017,"boundary_attempt":false,"point_budget":64,"source_facets":7,"boundary_points":8,"new_points":1,"boundary_unchanged":true,"before_bad":1,"after_score_computed":true,"after_bad":0,"after_valid":true,"before_bad_area":0.00182786,"after_bad_area":0,"selected":true}
NATIVE_QUALITY_REGION {"group":40029,"boundary_attempt":false,"point_budget":64,"source_facets":4,"boundary_points":6,"new_points":0,"boundary_unchanged":true,"before_bad":1,"after_score_computed":true,"after_bad":1,"after_valid":true,"before_bad_area":0.000746336,"after_bad_area":0.000746336,"selected":false}
NATIVE_QUALITY_REGION {"group":40345,"boundary_attempt":false,"point_budget":64,"source_facets":4,"boundary_points":6,"new_points":1,"boundary_unchanged":true,"before_bad":1,"after_score_computed":true,"after_bad":0,"after_valid":true,"before_bad_area":0.000415405,"after_bad_area":0,"selected":true}
NATIVE_QUALITY_REGION {"group":40346,"boundary_attempt":false,"point_budget":64,"source_facets":3,"boundary_points":5,"new_points":1,"boundary_unchanged":true,"before_bad":1,"after_score_computed":true,"after_bad":0,"after_valid":true,"before_bad_area":0.00188188,"after_bad_area":0,"selected":true}
NATIVE_QUALITY_REGION {"group":40486,"boundary_attempt":false,"point_budget":64,"source_facets":5,"boundary_points":7,"new_points":1,"boundary_unchanged":true,"before_bad":2,"after_score_computed":true,"after_bad":3,"after_valid":true,"before_bad_area":0.00101952,"after_bad_area":0.00138029,"selected":false}
NATIVE_QUALITY_REGION {"group":40555,"boundary_attempt":false,"point_budget":64,"source_facets":4,"boundary_points":5,"new_points":2,"boundary_unchanged":true,"before_bad":2,"after_score_computed":true,"after_bad":4,"after_valid":true,"before_bad_area":0.000432143,"after_bad_area":0.00174226,"selected":false}
NATIVE_QUALITY_REGION {"group":40614,"boundary_attempt":false,"point_budget":64,"source_facets":5,"boundary_points":7,"new_points":1,"boundary_unchanged":true,"before_bad":1,"after_score_computed":true,"after_bad":0,"after_valid":true,"before_bad_area":0.00257952,"after_bad_area":0,"selected":true}
NATIVE_QUALITY_REGION {"group":40749,"boundary_attempt":false,"point_budget":64,"source_facets":4,"boundary_points":6,"new_points":2,"boundary_unchanged":true,"before_bad":1,"after_score_computed":true,"after_bad":1,"after_valid":true,"before_bad_area":0.00241978,"after_bad_area":0.00162933,"selected":true}
NATIVE_QUALITY_REGION {"group":40750,"boundary_attempt":false,"point_budget":64,"source_facets":3,"boundary_points":5,"new_points":1,"boundary_unchanged":true,"before_bad":1,"after_score_computed":true,"after_bad":0,"after_valid":true,"before_bad_area":0.00130116,"after_bad_area":0,"selected":true}
NATIVE_QUALITY_REGION {"group":40889,"boundary_attempt":false,"point_budget":64,"source_facets":5,"boundary_points":6,"new_points":2,"boundary_unchanged":true,"before_bad":1,"after_score_computed":true,"after_bad":1,"after_valid":true,"before_bad_area":0.000991014,"after_bad_area":0.00257074,"selected":false}
NATIVE_QUALITY_REGION {"group":40904,"boundary_attempt":false,"point_budget":64,"source_facets":3,"boundary_points":5,"new_points":1,"boundary_unchanged":true,"before_bad":1,"after_score_computed":true,"after_bad":0,"after_valid":true,"before_bad_area":0.00142076,"after_bad_area":0,"selected":true}
NATIVE_QUALITY_REGION {"group":41385,"boundary_attempt":false,"point_budget":64,"source_facets":4,"boundary_points":6,"new_points":1,"boundary_unchanged":true,"before_bad":1,"after_score_computed":true,"after_bad":0,"after_valid":true,"before_bad_area":0.00184506,"after_bad_area":0,"selected":true}
NATIVE_QUALITY_REGION {"group":41387,"boundary_attempt":false,"point_budget":64,"source_facets":6,"boundary_points":6,"new_points":0,"boundary_unchanged":true,"before_bad":1,"after_score_computed":true,"after_bad":1,"after_valid":true,"before_bad_area":0.000229803,"after_bad_area":0.000229803,"selected":false}
NATIVE_QUALITY_REGION {"group":41420,"boundary_attempt":false,"point_budget":64,"source_facets":9,"boundary_points":10,"new_points":6,"boundary_unchanged":true,"before_bad":2,"after_score_computed":true,"after_bad":2,"after_valid":true,"before_bad_area":0.000969797,"after_bad_area":0.0074342,"selected":false}
NATIVE_QUALITY_REGION {"group":41426,"boundary_attempt":false,"point_budget":64,"source_facets":4,"boundary_points":6,"new_points":1,"boundary_unchanged":true,"before_bad":1,"after_score_computed":true,"after_bad":0,"after_valid":true,"before_bad_area":0.00202442,"after_bad_area":0,"selected":true}
NATIVE_QUALITY_REGION {"group":42621,"boundary_attempt":false,"point_budget":64,"source_facets":2,"boundary_points":4,"new_points":1,"boundary_unchanged":true,"before_bad":1,"after_score_computed":true,"after_bad":0,"after_valid":true,"before_bad_area":0.00130482,"after_bad_area":0,"selected":true}
NATIVE_QUALITY_REGION {"group":42623,"boundary_attempt":false,"point_budget":64,"source_facets":3,"boundary_points":5,"new_points":0,"boundary_unchanged":true,"before_bad":1,"after_score_computed":true,"after_bad":1,"after_valid":true,"before_bad_area":0.00142008,"after_bad_area":0.00142008,"selected":false}
NATIVE_QUALITY_REGION {"group":42624,"boundary_attempt":false,"point_budget":64,"source_facets":4,"boundary_points":5,"new_points":1,"boundary_unchanged":true,"before_bad":1,"after_score_computed":true,"after_bad":1,"after_valid":true,"before_bad_area":0.000570835,"after_bad_area":0.00179768,"selected":false}
NATIVE_QUALITY_REGION {"group":42629,"boundary_attempt":false,"point_budget":64,"source_facets":5,"boundary_points":7,"new_points":1,"boundary_unchanged":true,"before_bad":1,"after_score_computed":true,"after_bad":2,"after_valid":true,"before_bad_area":9.14896e-05,"after_bad_area":0.000348895,"selected":false}
NATIVE_QUALITY_REGION {"group":42630,"boundary_attempt":false,"point_budget":64,"source_facets":4,"boundary_points":6,"new_points":2,"boundary_unchanged":true,"before_bad":1,"after_score_computed":true,"after_bad":0,"after_valid":true,"before_bad_area":0.000628767,"after_bad_area":0,"selected":true}
NATIVE_QUALITY_REGION {"group":42637,"boundary_attempt":false,"point_budget":64,"source_facets":5,"boundary_points":7,"new_points":5,"boundary_unchanged":true,"before_bad":1,"after_score_computed":true,"after_bad":0,"after_valid":true,"before_bad_area":0.000360759,"after_bad_area":0,"selected":true}
NATIVE_QUALITY_REGION {"group":42642,"boundary_attempt":false,"point_budget":64,"source_facets":3,"boundary_points":5,"new_points":0,"boundary_unchanged":true,"before_bad":1,"after_score_computed":true,"after_bad":1,"after_valid":true,"before_bad_area":0.000502915,"after_bad_area":0.000502915,"selected":false}
NATIVE_QUALITY_REGION {"group":42643,"boundary_attempt":false,"point_budget":64,"source_facets":5,"boundary_points":7,"new_points":2,"boundary_unchanged":true,"before_bad":2,"after_score_computed":true,"after_bad":1,"after_valid":true,"before_bad_area":0.00173296,"after_bad_area":0.00168339,"selected":true}
NATIVE_QUALITY_REGION {"group":42647,"boundary_attempt":false,"point_budget":64,"source_facets":3,"boundary_points":5,"new_points":0,"boundary_unchanged":true,"before_bad":1,"after_score_computed":true,"after_bad":1,"after_valid":true,"before_bad_area":0.000435939,"after_bad_area":0.000435939,"selected":false}
NATIVE_QUALITY_REGION {"group":42648,"boundary_attempt":false,"point_budget":64,"source_facets":4,"boundary_points":6,"new_points":0,"boundary_unchanged":true,"before_bad":2,"after_score_computed":true,"after_bad":2,"after_valid":true,"before_bad_area":0.00121641,"after_bad_area":0.00121641,"selected":false}
NATIVE_QUALITY_REGION {"group":42650,"boundary_attempt":false,"point_budget":64,"source_facets":3,"boundary_points":5,"new_points":0,"boundary_unchanged":true,"before_bad":1,"after_score_computed":true,"after_bad":1,"after_valid":true,"before_bad_area":0.000530097,"after_bad_area":0.000530097,"selected":false}
NATIVE_QUALITY_REGION {"group":42657,"boundary_attempt":false,"point_budget":64,"source_facets":5,"boundary_points":7,"new_points":1,"boundary_unchanged":true,"before_bad":1,"after_score_computed":true,"after_bad":0,"after_valid":true,"before_bad_area":0.000963233,"after_bad_area":0,"selected":true}
NATIVE_QUALITY_REGION {"group":42661,"boundary_attempt":false,"point_budget":64,"source_facets":5,"boundary_points":7,"new_points":0,"boundary_unchanged":true,"before_bad":3,"after_score_computed":true,"after_bad":3,"after_valid":true,"before_bad_area":0.00167941,"after_bad_area":0.00167941,"selected":false}
NATIVE_QUALITY_REGION {"group":42665,"boundary_attempt":false,"point_budget":64,"source_facets":3,"boundary_points":5,"new_points":0,"boundary_unchanged":true,"before_bad":1,"after_score_computed":true,"after_bad":1,"after_valid":true,"before_bad_area":0.000244416,"after_bad_area":0.000244416,"selected":false}
NATIVE_QUALITY_REGION {"group":42667,"boundary_attempt":false,"point_budget":64,"source_facets":3,"boundary_points":5,"new_points":0,"boundary_unchanged":true,"before_bad":2,"after_score_computed":true,"after_bad":2,"after_valid":true,"before_bad_area":0.00212742,"after_bad_area":0.00212742,"selected":false}
NATIVE_QUALITY_REGION {"group":42679,"boundary_attempt":false,"point_budget":64,"source_facets":3,"boundary_points":5,"new_points":0,"boundary_unchanged":true,"before_bad":1,"after_score_computed":true,"after_bad":1,"after_valid":true,"before_bad_area":6.24741e-05,"after_bad_area":6.24741e-05,"selected":false}
NATIVE_QUALITY_REGION {"group":42687,"boundary_attempt":false,"point_budget":64,"source_facets":6,"boundary_points":6,"new_points":0,"boundary_unchanged":true,"before_bad":1,"after_score_computed":true,"after_bad":1,"after_valid":true,"before_bad_area":0.000437738,"after_bad_area":0.000437738,"selected":false}
NATIVE_QUALITY_REGION {"group":42693,"boundary_attempt":false,"point_budget":64,"source_facets":7,"boundary_points":6,"new_points":0,"boundary_unchanged":true,"before_bad":1,"after_score_computed":true,"after_bad":1,"after_valid":true,"before_bad_area":0.00761981,"after_bad_area":0.00761981,"selected":false}
NATIVE_QUALITY_REGION {"group":42694,"boundary_attempt":false,"point_budget":64,"source_facets":2,"boundary_points":4,"new_points":0,"boundary_unchanged":true,"before_bad":1,"after_score_computed":true,"after_bad":1,"after_valid":true,"before_bad_area":6.50535e-05,"after_bad_area":6.50535e-05,"selected":false}
NATIVE_QUALITY_REGION {"group":42694,"boundary_attempt":true,"point_budget":128,"source_facets":2,"boundary_points":4,"new_points":1,"boundary_unchanged":true,"before_bad":1,"after_score_computed":true,"after_bad":0,"after_valid":true,"before_bad_area":6.50535e-05,"after_bad_area":0,"selected":true}
NATIVE_QUALITY_REGION {"group":42700,"boundary_attempt":false,"point_budget":64,"source_facets":4,"boundary_points":6,"new_points":0,"boundary_unchanged":true,"before_bad":3,"after_score_computed":true,"after_bad":3,"after_valid":true,"before_bad_area":0.00165863,"after_bad_area":0.00165863,"selected":false}
NATIVE_QUALITY_REGION {"group":42705,"boundary_attempt":false,"point_budget":64,"source_facets":2,"boundary_points":4,"new_points":1,"boundary_unchanged":true,"before_bad":1,"after_score_computed":true,"after_bad":0,"after_valid":true,"before_bad_area":0.00138017,"after_bad_area":0,"selected":true}
NATIVE_QUALITY_REGION {"group":42711,"boundary_attempt":false,"point_budget":64,"source_facets":5,"boundary_points":6,"new_points":2,"boundary_unchanged":true,"before_bad":2,"after_score_computed":true,"after_bad":4,"after_valid":true,"before_bad_area":0.000796457,"after_bad_area":0.00382036,"selected":false}
NATIVE_QUALITY_REGION {"group":42717,"boundary_attempt":false,"point_budget":64,"source_facets":5,"boundary_points":7,"new_points":4,"boundary_unchanged":true,"before_bad":1,"after_score_computed":true,"after_bad":1,"after_valid":true,"before_bad_area":0.000233421,"after_bad_area":0.000743346,"selected":false}
NATIVE_QUALITY_REGION {"group":42719,"boundary_attempt":false,"point_budget":64,"source_facets":4,"boundary_points":6,"new_points":1,"boundary_unchanged":true,"before_bad":2,"after_score_computed":true,"after_bad":1,"after_valid":true,"before_bad_area":0.00128139,"after_bad_area":6.78492e-05,"selected":true}
NATIVE_QUALITY_REGION {"group":42721,"boundary_attempt":false,"point_budget":64,"source_facets":4,"boundary_points":5,"new_points":2,"boundary_unchanged":true,"before_bad":1,"after_score_computed":true,"after_bad":0,"after_valid":true,"before_bad_area":0.0012524,"after_bad_area":0,"selected":true}
NATIVE_QUALITY_REGION {"group":42725,"boundary_attempt":false,"point_budget":64,"source_facets":3,"boundary_points":5,"new_points":0,"boundary_unchanged":true,"before_bad":1,"after_score_computed":true,"after_bad":1,"after_valid":true,"before_bad_area":0.000749542,"after_bad_area":0.000749542,"selected":false}
NATIVE_QUALITY_REGION {"group":42726,"boundary_attempt":false,"point_budget":64,"source_facets":2,"boundary_points":4,"new_points":0,"boundary_unchanged":true,"before_bad":1,"after_score_computed":true,"after_bad":1,"after_valid":true,"before_bad_area":0.000372589,"after_bad_area":0.000372589,"selected":false}
NATIVE_QUALITY_REGION {"group":42726,"boundary_attempt":true,"point_budget":128,"source_facets":2,"boundary_points":4,"new_points":5,"boundary_unchanged":true,"before_bad":1,"after_score_computed":true,"after_bad":0,"after_valid":true,"before_bad_area":0.000372589,"after_bad_area":0,"selected":true}
NATIVE_QUALITY_REGION {"group":42741,"boundary_attempt":false,"point_budget":64,"source_facets":3,"boundary_points":5,"new_points":0,"boundary_unchanged":true,"before_bad":1,"after_score_computed":true,"after_bad":1,"after_valid":true,"before_bad_area":0.00083399,"after_bad_area":0.00083399,"selected":false}
NATIVE_QUALITY_REGION {"group":42743,"boundary_attempt":false,"point_budget":64,"source_facets":3,"boundary_points":5,"new_points":1,"boundary_unchanged":true,"before_bad":1,"after_score_computed":true,"after_bad":1,"after_valid":true,"before_bad_area":0.000530427,"after_bad_area":0.00111403,"selected":false}
NATIVE_QUALITY_REGION {"group":42746,"boundary_attempt":false,"point_budget":64,"source_facets":3,"boundary_points":5,"new_points":1,"boundary_unchanged":true,"before_bad":1,"after_score_computed":true,"after_bad":1,"after_valid":true,"before_bad_area":0.000102824,"after_bad_area":0.000654305,"selected":false}
NATIVE_QUALITY_REGION {"group":42750,"boundary_attempt":false,"point_budget":64,"source_facets":3,"boundary_points":5,"new_points":0,"boundary_unchanged":true,"before_bad":1,"after_score_computed":true,"after_bad":1,"after_valid":true,"before_bad_area":0.000262687,"after_bad_area":0.000262687,"selected":false}
NATIVE_QUALITY_REGION {"group":42752,"boundary_attempt":false,"point_budget":64,"source_facets":2,"boundary_points":4,"new_points":0,"boundary_unchanged":true,"before_bad":1,"after_score_computed":true,"after_bad":1,"after_valid":true,"before_bad_area":0.00150022,"after_bad_area":0.00150022,"selected":false}
NATIVE_QUALITY_REGION {"group":42752,"boundary_attempt":true,"point_budget":128,"source_facets":2,"boundary_points":4,"new_points":3,"boundary_unchanged":true,"before_bad":1,"after_score_computed":true,"after_bad":0,"after_valid":true,"before_bad_area":0.00150022,"after_bad_area":0,"selected":true}
NATIVE_QUALITY_REGION {"group":42754,"boundary_attempt":false,"point_budget":64,"source_facets":6,"boundary_points":8,"new_points":1,"boundary_unchanged":true,"before_bad":2,"after_score_computed":true,"after_bad":1,"after_valid":true,"before_bad_area":0.000888487,"after_bad_area":0.000462131,"selected":true}
NATIVE_QUALITY_REGION {"group":42757,"boundary_attempt":false,"point_budget":64,"source_facets":2,"boundary_points":4,"new_points":0,"boundary_unchanged":true,"before_bad":1,"after_score_computed":true,"after_bad":1,"after_valid":true,"before_bad_area":7.99624e-05,"after_bad_area":7.99624e-05,"selected":false}
NATIVE_QUALITY_REGION {"group":42757,"boundary_attempt":true,"point_budget":128,"source_facets":2,"boundary_points":4,"new_points":11,"boundary_unchanged":true,"before_bad":1,"after_score_computed":true,"after_bad":0,"after_valid":true,"before_bad_area":7.99624e-05,"after_bad_area":0,"selected":true}
NATIVE_QUALITY_REGION {"group":42760,"boundary_attempt":false,"point_budget":64,"source_facets":2,"boundary_points":4,"new_points":0,"boundary_unchanged":true,"before_bad":1,"after_score_computed":true,"after_bad":1,"after_valid":true,"before_bad_area":6.4206e-05,"after_bad_area":6.4206e-05,"selected":false}
NATIVE_QUALITY_REGION {"group":42760,"boundary_attempt":true,"point_budget":128,"source_facets":2,"boundary_points":4,"new_points":11,"boundary_unchanged":true,"before_bad":1,"after_score_computed":true,"after_bad":0,"after_valid":true,"before_bad_area":6.4206e-05,"after_bad_area":0,"selected":true}
NATIVE_QUALITY_REGION {"group":42984,"boundary_attempt":false,"point_budget":64,"source_facets":3,"boundary_points":5,"new_points":0,"boundary_unchanged":true,"before_bad":1,"after_score_computed":true,"after_bad":1,"after_valid":true,"before_bad_area":0.000709117,"after_bad_area":0.000709117,"selected":false}
NATIVE_QUALITY_REGION {"group":42986,"boundary_attempt":false,"point_budget":64,"source_facets":7,"boundary_points":7,"new_points":1,"boundary_unchanged":true,"before_bad":1,"after_score_computed":true,"after_bad":2,"after_valid":true,"before_bad_area":0.000230757,"after_bad_area":0.00189978,"selected":false}
NATIVE_QUALITY_REGION {"group":42987,"boundary_attempt":false,"point_budget":64,"source_facets":3,"boundary_points":5,"new_points":0,"boundary_unchanged":true,"before_bad":2,"after_score_computed":true,"after_bad":2,"after_valid":true,"before_bad_area":0.00342954,"after_bad_area":0.00342954,"selected":false}
NATIVE_QUALITY_REGION {"group":42988,"boundary_attempt":false,"point_budget":64,"source_facets":5,"boundary_points":7,"new_points":3,"boundary_unchanged":true,"before_bad":2,"after_score_computed":true,"after_bad":3,"after_valid":true,"before_bad_area":0.00129249,"after_bad_area":0.0149651,"selected":false}
NATIVE_QUALITY_REGION {"group":42991,"boundary_attempt":false,"point_budget":64,"source_facets":4,"boundary_points":6,"new_points":1,"boundary_unchanged":true,"before_bad":3,"after_score_computed":true,"after_bad":1,"after_valid":true,"before_bad_area":0.0176018,"after_bad_area":0.000113323,"selected":true}
NATIVE_QUALITY_REGION {"group":42992,"boundary_attempt":false,"point_budget":64,"source_facets":5,"boundary_points":7,"new_points":2,"boundary_unchanged":true,"before_bad":3,"after_score_computed":true,"after_bad":1,"after_valid":true,"before_bad_area":0.0129898,"after_bad_area":0.00121324,"selected":true}
NATIVE_QUALITY_REGION {"group":42993,"boundary_attempt":false,"point_budget":64,"source_facets":5,"boundary_points":6,"new_points":2,"boundary_unchanged":true,"before_bad":3,"after_score_computed":true,"after_bad":3,"after_valid":true,"before_bad_area":0.00499212,"after_bad_area":0.00585952,"selected":false}
NATIVE_QUALITY_REGION {"group":42996,"boundary_attempt":false,"point_budget":64,"source_facets":4,"boundary_points":6,"new_points":0,"boundary_unchanged":true,"before_bad":3,"after_score_computed":true,"after_bad":3,"after_valid":true,"before_bad_area":0.000352811,"after_bad_area":0.000352811,"selected":false}
NATIVE_QUALITY_REGION {"group":42998,"boundary_attempt":false,"point_budget":64,"source_facets":3,"boundary_points":5,"new_points":1,"boundary_unchanged":true,"before_bad":2,"after_score_computed":true,"after_bad":0,"after_valid":true,"before_bad_area":0.0207497,"after_bad_area":0,"selected":true}
NATIVE_QUALITY_REGION {"group":42999,"boundary_attempt":false,"point_budget":64,"source_facets":5,"boundary_points":7,"new_points":0,"boundary_unchanged":true,"before_bad":2,"after_score_computed":true,"after_bad":2,"after_valid":true,"before_bad_area":0.00735464,"after_bad_area":0.00735464,"selected":false}
NATIVE_QUALITY_REGION {"group":43000,"boundary_attempt":false,"point_budget":64,"source_facets":4,"boundary_points":6,"new_points":0,"boundary_unchanged":true,"before_bad":2,"after_score_computed":true,"after_bad":2,"after_valid":true,"before_bad_area":0.00844719,"after_bad_area":0.00844719,"selected":false}
NATIVE_QUALITY_REGION {"group":43002,"boundary_attempt":false,"point_budget":64,"source_facets":4,"boundary_points":6,"new_points":2,"boundary_unchanged":true,"before_bad":3,"after_score_computed":true,"after_bad":0,"after_valid":true,"before_bad_area":0.0164683,"after_bad_area":0,"selected":true}
NATIVE_QUALITY_REGION {"group":43003,"boundary_attempt":false,"point_budget":64,"source_facets":5,"boundary_points":7,"new_points":1,"boundary_unchanged":true,"before_bad":3,"after_score_computed":true,"after_bad":3,"after_valid":true,"before_bad_area":0.0135179,"after_bad_area":0.0141331,"selected":false}
NATIVE_QUALITY_REGION {"group":43004,"boundary_attempt":false,"point_budget":64,"source_facets":5,"boundary_points":7,"new_points":1,"boundary_unchanged":true,"before_bad":3,"after_score_computed":true,"after_bad":2,"after_valid":true,"before_bad_area":0.00522105,"after_bad_area":0.00356814,"selected":true}
NATIVE_QUALITY_REGION {"group":43006,"boundary_attempt":false,"point_budget":64,"source_facets":5,"boundary_points":7,"new_points":2,"boundary_unchanged":true,"before_bad":2,"after_score_computed":true,"after_bad":0,"after_valid":true,"before_bad_area":0.00913231,"after_bad_area":0,"selected":true}
NATIVE_QUALITY_REGION {"group":43007,"boundary_attempt":false,"point_budget":64,"source_facets":3,"boundary_points":5,"new_points":0,"boundary_unchanged":true,"before_bad":1,"after_score_computed":true,"after_bad":1,"after_valid":true,"before_bad_area":7.43027e-05,"after_bad_area":7.43027e-05,"selected":false}
NATIVE_QUALITY_REGION {"group":43009,"boundary_attempt":false,"point_budget":64,"source_facets":7,"boundary_points":9,"new_points":0,"boundary_unchanged":true,"before_bad":2,"after_score_computed":true,"after_bad":2,"after_valid":true,"before_bad_area":0.00567335,"after_bad_area":0.00567335,"selected":false}
NATIVE_QUALITY_REGION {"group":43011,"boundary_attempt":false,"point_budget":64,"source_facets":4,"boundary_points":5,"new_points":1,"boundary_unchanged":true,"before_bad":1,"after_score_computed":true,"after_bad":1,"after_valid":true,"before_bad_area":0.000446171,"after_bad_area":0.00147999,"selected":false}
NATIVE_QUALITY_REGION {"group":43012,"boundary_attempt":false,"point_budget":64,"source_facets":6,"boundary_points":8,"new_points":0,"boundary_unchanged":true,"before_bad":4,"after_score_computed":true,"after_bad":4,"after_valid":true,"before_bad_area":0.0229883,"after_bad_area":0.0229883,"selected":false}
NATIVE_QUALITY_REGION {"group":43013,"boundary_attempt":false,"point_budget":64,"source_facets":4,"boundary_points":6,"new_points":1,"boundary_unchanged":true,"before_bad":2,"after_score_computed":true,"after_bad":0,"after_valid":true,"before_bad_area":0.0132591,"after_bad_area":0,"selected":true}
NATIVE_QUALITY_REGION {"group":43014,"boundary_attempt":false,"point_budget":64,"source_facets":5,"boundary_points":6,"new_points":0,"boundary_unchanged":true,"before_bad":2,"after_score_computed":true,"after_bad":2,"after_valid":true,"before_bad_area":0.0031086,"after_bad_area":0.0031086,"selected":false}
NATIVE_QUALITY_REGION {"group":43016,"boundary_attempt":false,"point_budget":64,"source_facets":4,"boundary_points":6,"new_points":0,"boundary_unchanged":true,"before_bad":3,"after_score_computed":true,"after_bad":3,"after_valid":true,"before_bad_area":0.0277101,"after_bad_area":0.0277101,"selected":false}
NATIVE_QUALITY_REGION {"group":43017,"boundary_attempt":false,"point_budget":64,"source_facets":5,"boundary_points":7,"new_points":2,"boundary_unchanged":true,"before_bad":3,"after_score_computed":true,"after_bad":2,"after_valid":true,"before_bad_area":0.0136371,"after_bad_area":0.0126332,"selected":true}
NATIVE_QUALITY_REGION {"group":43018,"boundary_attempt":false,"point_budget":64,"source_facets":6,"boundary_points":8,"new_points":1,"boundary_unchanged":true,"before_bad":3,"after_score_computed":true,"after_bad":4,"after_valid":true,"before_bad_area":0.0151375,"after_bad_area":0.0159397,"selected":false}
NATIVE_QUALITY_REGION {"group":43019,"boundary_attempt":false,"point_budget":64,"source_facets":3,"boundary_points":5,"new_points":1,"boundary_unchanged":true,"before_bad":2,"after_score_computed":true,"after_bad":2,"after_valid":true,"before_bad_area":0.00741441,"after_bad_area":0.0164001,"selected":false}
NATIVE_QUALITY_REGION {"group":43020,"boundary_attempt":false,"point_budget":64,"source_facets":5,"boundary_points":7,"new_points":0,"boundary_unchanged":true,"before_bad":3,"after_score_computed":true,"after_bad":3,"after_valid":true,"before_bad_area":0.00626359,"after_bad_area":0.00626359,"selected":false}
NATIVE_QUALITY_REGION {"group":43021,"boundary_attempt":false,"point_budget":64,"source_facets":3,"boundary_points":5,"new_points":1,"boundary_unchanged":true,"before_bad":2,"after_score_computed":true,"after_bad":0,"after_valid":true,"before_bad_area":0.0147085,"after_bad_area":0,"selected":true}
NATIVE_QUALITY_REGION {"group":43022,"boundary_attempt":false,"point_budget":64,"source_facets":6,"boundary_points":8,"new_points":3,"boundary_unchanged":true,"before_bad":3,"after_score_computed":true,"after_bad":4,"after_valid":true,"before_bad_area":0.00122728,"after_bad_area":0.00266765,"selected":false}
NATIVE_QUALITY_REGION {"group":43023,"boundary_attempt":false,"point_budget":64,"source_facets":4,"boundary_points":6,"new_points":1,"boundary_unchanged":true,"before_bad":2,"after_score_computed":true,"after_bad":1,"after_valid":true,"before_bad_area":0.0191767,"after_bad_area":0.00309089,"selected":true}
NATIVE_QUALITY_REGION {"group":43024,"boundary_attempt":false,"point_budget":64,"source_facets":6,"boundary_points":7,"new_points":0,"boundary_unchanged":true,"before_bad":3,"after_score_computed":true,"after_bad":3,"after_valid":true,"before_bad_area":0.0174797,"after_bad_area":0.0174797,"selected":false}
NATIVE_QUALITY_REGION {"group":43025,"boundary_attempt":false,"point_budget":64,"source_facets":7,"boundary_points":9,"new_points":3,"boundary_unchanged":true,"before_bad":4,"after_score_computed":true,"after_bad":3,"after_valid":true,"before_bad_area":0.00971246,"after_bad_area":0.00926303,"selected":true}
NATIVE_QUALITY_REGION {"group":43027,"boundary_attempt":false,"point_budget":64,"source_facets":6,"boundary_points":8,"new_points":0,"boundary_unchanged":true,"before_bad":2,"after_score_computed":true,"after_bad":2,"after_valid":true,"before_bad_area":0.00428816,"after_bad_area":0.00428816,"selected":false}
NATIVE_QUALITY_REGION {"group":43028,"boundary_attempt":false,"point_budget":64,"source_facets":5,"boundary_points":7,"new_points":0,"boundary_unchanged":true,"before_bad":1,"after_score_computed":true,"after_bad":1,"after_valid":true,"before_bad_area":0.00467107,"after_bad_area":0.00467107,"selected":false}
NATIVE_QUALITY_REGION {"group":43029,"boundary_attempt":false,"point_budget":64,"source_facets":4,"boundary_points":6,"new_points":1,"boundary_unchanged":true,"before_bad":1,"after_score_computed":true,"after_bad":1,"after_valid":true,"before_bad_area":0.00208117,"after_bad_area":0.00392212,"selected":false}
NATIVE_QUALITY_REGION {"group":43030,"boundary_attempt":false,"point_budget":64,"source_facets":5,"boundary_points":7,"new_points":2,"boundary_unchanged":true,"before_bad":2,"after_score_computed":true,"after_bad":0,"after_valid":true,"before_bad_area":0.00523715,"after_bad_area":0,"selected":true}
NATIVE_QUALITY_REGION {"group":43031,"boundary_attempt":false,"point_budget":64,"source_facets":4,"boundary_points":5,"new_points":0,"boundary_unchanged":true,"before_bad":1,"after_score_computed":true,"after_bad":1,"after_valid":true,"before_bad_area":0.00294236,"after_bad_area":0.00294236,"selected":false}
NATIVE_QUALITY_REGION {"group":43032,"boundary_attempt":false,"point_budget":64,"source_facets":4,"boundary_points":6,"new_points":2,"boundary_unchanged":true,"before_bad":3,"after_score_computed":true,"after_bad":1,"after_valid":true,"before_bad_area":0.0146019,"after_bad_area":0.00571139,"selected":true}
NATIVE_QUALITY_REGION {"group":43035,"boundary_attempt":false,"point_budget":64,"source_facets":8,"boundary_points":7,"new_points":0,"boundary_unchanged":true,"before_bad":2,"after_score_computed":true,"after_bad":2,"after_valid":true,"before_bad_area":0.00170412,"after_bad_area":0.00170412,"selected":false}
NATIVE_QUALITY_REGION {"group":43036,"boundary_attempt":false,"point_budget":64,"source_facets":5,"boundary_points":7,"new_points":3,"boundary_unchanged":true,"before_bad":3,"after_score_computed":true,"after_bad":3,"after_valid":true,"before_bad_area":0.00798681,"after_bad_area":0.00607934,"selected":true}
NATIVE_QUALITY_REGION {"group":43037,"boundary_attempt":false,"point_budget":64,"source_facets":5,"boundary_points":6,"new_points":0,"boundary_unchanged":true,"before_bad":1,"after_score_computed":true,"after_bad":1,"after_valid":true,"before_bad_area":0.00530931,"after_bad_area":0.00530931,"selected":false}
NATIVE_QUALITY_REGION {"group":43038,"boundary_attempt":false,"point_budget":64,"source_facets":4,"boundary_points":6,"new_points":0,"boundary_unchanged":true,"before_bad":2,"after_score_computed":true,"after_bad":2,"after_valid":true,"before_bad_area":0.00273457,"after_bad_area":0.00273457,"selected":false}
NATIVE_QUALITY_REGION {"group":43041,"boundary_attempt":false,"point_budget":64,"source_facets":3,"boundary_points":5,"new_points":0,"boundary_unchanged":true,"before_bad":1,"after_score_computed":true,"after_bad":1,"after_valid":true,"before_bad_area":0.00165311,"after_bad_area":0.00165311,"selected":false}
NATIVE_QUALITY_REGION {"group":43042,"boundary_attempt":false,"point_budget":64,"source_facets":5,"boundary_points":7,"new_points":1,"boundary_unchanged":true,"before_bad":3,"after_score_computed":true,"after_bad":2,"after_valid":true,"before_bad_area":0.00688227,"after_bad_area":0.00363937,"selected":true}
NATIVE_QUALITY_REGION {"group":43043,"boundary_attempt":false,"point_budget":64,"source_facets":4,"boundary_points":6,"new_points":0,"boundary_unchanged":true,"before_bad":2,"after_score_computed":true,"after_bad":2,"after_valid":true,"before_bad_area":0.00380438,"after_bad_area":0.00380438,"selected":false}
NATIVE_QUALITY_REGION {"group":43044,"boundary_attempt":false,"point_budget":64,"source_facets":6,"boundary_points":6,"new_points":0,"boundary_unchanged":true,"before_bad":2,"after_score_computed":true,"after_bad":2,"after_valid":true,"before_bad_area":0.00267859,"after_bad_area":0.00267859,"selected":false}
NATIVE_QUALITY_REGION {"group":43047,"boundary_attempt":false,"point_budget":64,"source_facets":6,"boundary_points":7,"new_points":3,"boundary_unchanged":true,"before_bad":3,"after_score_computed":true,"after_bad":1,"after_valid":true,"before_bad_area":0.00626599,"after_bad_area":0.00325141,"selected":true}
NATIVE_QUALITY_REGION {"group":43048,"boundary_attempt":false,"point_budget":64,"source_facets":4,"boundary_points":6,"new_points":0,"boundary_unchanged":true,"before_bad":1,"after_score_computed":true,"after_bad":1,"after_valid":true,"before_bad_area":0.000772345,"after_bad_area":0.000772345,"selected":false}
NATIVE_QUALITY_REGION {"group":43049,"boundary_attempt":false,"point_budget":64,"source_facets":5,"boundary_points":7,"new_points":2,"boundary_unchanged":true,"before_bad":3,"after_score_computed":true,"after_bad":2,"after_valid":true,"before_bad_area":0.00735745,"after_bad_area":0.00255643,"selected":true}
NATIVE_QUALITY_REGION {"group":43050,"boundary_attempt":false,"point_budget":64,"source_facets":6,"boundary_points":8,"new_points":0,"boundary_unchanged":true,"before_bad":1,"after_score_computed":true,"after_bad":1,"after_valid":true,"before_bad_area":0.00249336,"after_bad_area":0.00249336,"selected":false}
NATIVE_QUALITY_REGION {"group":43051,"boundary_attempt":false,"point_budget":64,"source_facets":3,"boundary_points":5,"new_points":0,"boundary_unchanged":true,"before_bad":1,"after_score_computed":true,"after_bad":1,"after_valid":true,"before_bad_area":0.000629623,"after_bad_area":0.000629623,"selected":false}
NATIVE_QUALITY_REGION {"group":43052,"boundary_attempt":false,"point_budget":64,"source_facets":5,"boundary_points":7,"new_points":2,"boundary_unchanged":true,"before_bad":2,"after_score_computed":true,"after_bad":2,"after_valid":true,"before_bad_area":0.00512042,"after_bad_area":0.00372509,"selected":true}
NATIVE_QUALITY_REGION {"group":43053,"boundary_attempt":false,"point_budget":64,"source_facets":6,"boundary_points":7,"new_points":1,"boundary_unchanged":true,"before_bad":4,"after_score_computed":true,"after_bad":5,"after_valid":true,"before_bad_area":0.00416296,"after_bad_area":0.00422238,"selected":false}
NATIVE_QUALITY_REGION {"group":43054,"boundary_attempt":false,"point_budget":64,"source_facets":9,"boundary_points":9,"new_points":1,"boundary_unchanged":true,"before_bad":2,"after_score_computed":true,"after_bad":2,"after_valid":true,"before_bad_area":0.004644,"after_bad_area":0.004644,"selected":false}
NATIVE_QUALITY_REGION {"group":43055,"boundary_attempt":false,"point_budget":64,"source_facets":10,"boundary_points":10,"new_points":1,"boundary_unchanged":true,"before_bad":4,"after_score_computed":true,"after_bad":4,"after_valid":true,"before_bad_area":0.00294762,"after_bad_area":0.00463943,"selected":false}
NATIVE_QUALITY_REGION {"group":42930,"boundary_attempt":false,"point_budget":128,"source_facets":3,"boundary_points":5,"new_points":0,"boundary_unchanged":true,"before_bad":2,"after_score_computed":true,"after_bad":2,"after_valid":true,"before_bad_area":0.00247865,"after_bad_area":0.00247865,"selected":false}
NATIVE_QUALITY_REGION {"group":42939,"boundary_attempt":false,"point_budget":128,"source_facets":6,"boundary_points":8,"new_points":5,"boundary_unchanged":true,"before_bad":3,"after_score_computed":true,"after_bad":2,"after_valid":true,"before_bad_area":0.00134414,"after_bad_area":0.00146969,"selected":false}
NATIVE_QUALITY_REGION {"group":42948,"boundary_attempt":false,"point_budget":128,"source_facets":4,"boundary_points":6,"new_points":2,"boundary_unchanged":true,"before_bad":2,"after_score_computed":true,"after_bad":0,"after_valid":true,"before_bad_area":0.00147971,"after_bad_area":0,"selected":true}
NATIVE_QUALITY_REGION {"group":42955,"boundary_attempt":false,"point_budget":128,"source_facets":4,"boundary_points":6,"new_points":1,"boundary_unchanged":true,"before_bad":1,"after_score_computed":true,"after_bad":1,"after_valid":true,"before_bad_area":0.000209215,"after_bad_area":0.00111403,"selected":false}
NATIVE_QUALITY_REGION {"group":42964,"boundary_attempt":false,"point_budget":128,"source_facets":13,"boundary_points":13,"new_points":1,"boundary_unchanged":true,"before_bad":6,"after_score_computed":true,"after_bad":5,"after_valid":true,"before_bad_area":0.00215594,"after_bad_area":0.00172958,"selected":true}
NATIVE_QUALITY_REGION {"group":42998,"boundary_attempt":false,"point_budget":128,"source_facets":6,"boundary_points":8,"new_points":1,"boundary_unchanged":true,"before_bad":3,"after_score_computed":true,"after_bad":3,"after_valid":true,"before_bad_area":0.0135179,"after_bad_area":0.0141331,"selected":false}
NATIVE_QUALITY_REGION {"group":42999,"boundary_attempt":false,"point_budget":128,"source_facets":13,"boundary_points":13,"new_points":1,"boundary_unchanged":true,"before_bad":3,"after_score_computed":true,"after_bad":2,"after_valid":true,"before_bad_area":0.00212415,"after_bad_area":0.00088895,"selected":true}
NATIVE_QUALITY_REGION {"group":43008,"boundary_attempt":false,"point_budget":128,"source_facets":11,"boundary_points":13,"new_points":0,"boundary_unchanged":true,"before_bad":10,"after_score_computed":true,"after_bad":10,"after_valid":true,"before_bad_area":0.00961029,"after_bad_area":0.00961029,"selected":false}
NATIVE_QUALITY_REGION {"group":43037,"boundary_attempt":false,"point_budget":128,"source_facets":5,"boundary_points":7,"new_points":0,"boundary_unchanged":true,"before_bad":3,"after_score_computed":true,"after_bad":3,"after_valid":true,"before_bad_area":0.00267859,"after_bad_area":0.00267859,"selected":false}
NATIVE_QUALITY_REGION {"group":43044,"boundary_attempt":false,"point_budget":128,"source_facets":4,"boundary_points":6,"new_points":0,"boundary_unchanged":true,"before_bad":1,"after_score_computed":true,"after_bad":1,"after_valid":true,"before_bad_area":0.000629623,"after_bad_area":0.000629623,"selected":false}
NATIVE_QUALITY_REGION {"group":43050,"boundary_attempt":false,"point_budget":128,"source_facets":8,"boundary_points":10,"new_points":3,"boundary_unchanged":true,"before_bad":8,"after_score_computed":true,"after_bad":2,"after_valid":true,"before_bad_area":0.0125066,"after_bad_area":0.00115455,"selected":true}
NATIVE_QUALITY_REGION {"group":43053,"boundary_attempt":false,"point_budget":128,"source_facets":6,"boundary_points":8,"new_points":0,"boundary_unchanged":true,"before_bad":4,"after_score_computed":true,"after_bad":4,"after_valid":true,"before_bad_area":0.00172134,"after_bad_area":0.00172134,"selected":false}
o-[QualityBoundary] shared_edges=0 before_bad=764 after_bad=764 before_area=337.118 after_area=337.118 accepted=1
o-[QualityBoundary] shared_edges=20 before_bad=755 after_bad=764 before_area=337.139 after_area=337.118 accepted=0
NATIVE_RESULT {"load_ms":35.014994999999999,"boolean_ms":1108.3408159999999,"save_ms":51.802957999999997,"faces":43998,"vertices":22001,"simplify":true}
