Warp 1.0.0-beta.2 initialized:
   CUDA Toolkit: 12.8, Driver: 13.2
   Devices:
     "cpu"    | x86_64
     "cuda:0" | NVIDIA GeForce RTX 4080 SUPER (sm_89)
   Kernel cache: /root/.cache/warp/1.0.0-beta.2
[33;20mWARNING - Triangle area is too small (min_area=3.997501642319945e-13), may cause numerical instability (system.py:213)[0m
Module pamo_safe_project.kernels.geometry_kernels load on device 'cuda:0' took 31.54 ms
Module pamo_safe_project.kernels.energy_kernels.elastic_energy load on device 'cuda:0' took 29.58 ms
Module pamo_safe_project.kernels.energy_kernels.hinge_energy load on device 'cuda:0' took 52.49 ms
Module pamo_safe_project.kernels.energy_kernels.precision_contact_detection load on device 'cuda:0' took 30.50 ms
Module pamo_safe_project.kernels.energy_kernels.distance_energy load on device 'cuda:0' took 47.59 ms
Module pamo_safe_project.kernels.energy_kernels.precision_gradient_collision_energy load on device 'cuda:0' took 120.53 ms
Module pamo_safe_project.kernels.utils_kernels load on device 'cuda:0' took 12.24 ms
Module tangent_plane_gpu load on device 'cuda:0' took 6.68 ms
Module locality_gpu load on device 'cuda:0' took 5.91 ms
Module pamo_safe_project.kernels.solver_kernels load on device 'cuda:0' took 6.71 ms
Module warp.utils load on device 'cuda:0' took 4.43 ms
Module pamo_safe_project.kernels.distance_kernels.grad_funcs load on device 'cuda:0' took 34.32 ms
Module pamo_safe_project.kernels.distance_kernels.hessian_funcs load on device 'cuda:0' took 170.78 ms
Module pamo_safe_project.kernels.distance_kernels.distance_kernels load on device 'cuda:0' took 215.32 ms
Module pamo_safe_project.kernels.distance_kernels.grad_funcs_struct load on device 'cuda:0' took 38.30 ms
Module pamo_safe_project.kernels.distance_kernels.distance_kernels_struct load on device 'cuda:0' took 38.11 ms
Module pamo_safe_project.kernels.energy_kernels.collision_energy load on device 'cuda:0' took 148.14 ms
Module pamo_safe_project.kernels.ccd_kernels load on device 'cuda:0' took 48.25 ms
Module pamo_safe_project.kernels.energy_kernels.lb_curvature_energy load on device 'cuda:0' took 8.77 ms
Module pamo_safe_project.kernels.energy_kernels.contact_detection load on device 'cuda:0' took 34.92 ms
Module robust_pt_gpu load on device 'cuda:0' took 8.71 ms
Module pamo_safe_project.kernels.energy_kernels.precision_collision_energy load on device 'cuda:0' took 147.16 ms
Module pamo_safe_project.kernels.precision_ccd_kernels load on device 'cuda:0' took 39.60 ms
Module robust_pt_gradient_gpu load on device 'cuda:0' took 13.23 ms
