Stage1 :  True
Stage3 :  True
{"original_config_sha256": "df1eb24db57394c32e31f6d67a58cd7ef6c25febc11aff39c5e9503ee82d6390", "max_blocks": 67108864}
Warp 1.0.0-beta.2 initialized:
   CUDA Toolkit: 12.8, Driver: 13.2
   Devices:
     "cpu"    | x86_64
     "cuda:0" | NVIDIA GeForce RTX 4080 SUPER (sm_89)
   Kernel cache: /root/.cache/warp/1.0.0-beta.2
Target faces : 53856
Time for Remeshing: 0.11356282234191895 sec
Time for Simplification: 0.09545516967773438 sec
Module pamo_safe_project.kernels.geometry_kernels load on device 'cuda:0' took 21.29 ms
Module pamo_safe_project.kernels.energy_kernels.elastic_energy load on device 'cuda:0' took 83.85 ms
Module pamo_safe_project.kernels.energy_kernels.hinge_energy load on device 'cuda:0' took 42.76 ms
Module pamo_safe_project.kernels.energy_kernels.contact_detection load on device 'cuda:0' took 25.44 ms
Module pamo_safe_project.kernels.energy_kernels.distance_energy load on device 'cuda:0' took 33.72 ms
Module pamo_safe_project.kernels.energy_kernels.collision_energy load on device 'cuda:0' took 107.12 ms
Module pamo_safe_project.kernels.utils_kernels load on device 'cuda:0' took 6.13 ms
Module pamo_safe_project.kernels.solver_kernels load on device 'cuda:0' took 6.20 ms
Module warp.utils load on device 'cuda:0' took 2.21 ms
Module pamo_safe_project.kernels.distance_kernels.grad_funcs load on device 'cuda:0' took 26.99 ms
Module pamo_safe_project.kernels.distance_kernels.hessian_funcs load on device 'cuda:0' took 115.51 ms
Module pamo_safe_project.kernels.distance_kernels.distance_kernels load on device 'cuda:0' took 155.60 ms
Module pamo_safe_project.kernels.distance_kernels.grad_funcs_struct load on device 'cuda:0' took 25.31 ms
Module pamo_safe_project.kernels.distance_kernels.distance_kernels_struct load on device 'cuda:0' took 27.41 ms
Module pamo_safe_project.kernels.ccd_kernels load on device 'cuda:0' took 31.61 ms
Module pamo_safe_project.kernels.energy_kernels.lb_curvature_energy load on device 'cuda:0' took 4.31 ms
Module locality_gpu load on device 'cuda:0' took 2.20 ms
{"pamo_run_ms": 6812.598924152553, "stage1": "original", "method": "full", "maintenance_ms": 7333.828095346689, "status": "pending_independent_audit"}
