Stage1 :  True
Stage3 :  True
Warp 1.0.0-beta.2 initialized:
   CUDA Toolkit: 12.8, Driver: 13.2
   Devices:
     "cpu"    | x86_64
     "cuda:0" | NVIDIA GeForce RTX 4080 SUPER (sm_89)
   Kernel cache: /root/.cache/warp/1.0.0-beta.2
Target faces : 1738
Time for Remeshing: 0.11431574821472168 sec
Time for Simplification: 0.4372291564941406 sec
Module pamo_safe_project.kernels.geometry_kernels load on device 'cuda:0' took 22.47 ms
Module pamo_safe_project.kernels.energy_kernels.elastic_energy load on device 'cuda:0' took 23.67 ms
Module pamo_safe_project.kernels.energy_kernels.hinge_energy load on device 'cuda:0' took 61.11 ms
Module pamo_safe_project.kernels.energy_kernels.contact_detection load on device 'cuda:0' took 152.39 ms
Module pamo_safe_project.kernels.energy_kernels.distance_energy load on device 'cuda:0' took 45.29 ms
Module pamo_safe_project.kernels.energy_kernels.collision_energy load on device 'cuda:0' took 140.16 ms
Module pamo_safe_project.kernels.utils_kernels load on device 'cuda:0' took 6.46 ms
Module pamo_safe_project.kernels.solver_kernels load on device 'cuda:0' took 4.67 ms
Module warp.utils load on device 'cuda:0' took 2.30 ms
Module pamo_safe_project.kernels.distance_kernels.grad_funcs load on device 'cuda:0' took 34.46 ms
Module pamo_safe_project.kernels.distance_kernels.hessian_funcs load on device 'cuda:0' took 258.53 ms
Module pamo_safe_project.kernels.distance_kernels.distance_kernels load on device 'cuda:0' took 470.11 ms
Module pamo_safe_project.kernels.distance_kernels.grad_funcs_struct load on device 'cuda:0' took 34.17 ms
Module pamo_safe_project.kernels.distance_kernels.distance_kernels_struct load on device 'cuda:0' took 36.72 ms
Module pamo_safe_project.kernels.ccd_kernels load on device 'cuda:0' took 40.37 ms
Module pamo_safe_project.kernels.energy_kernels.lb_curvature_energy load on device 'cuda:0' took 6.38 ms
Module locality_gpu load on device 'cuda:0' took 1.37 ms
{"pamo_run_ms": 2675.580609589815, "stage1": "original", "method": "full", "maintenance_ms": 5319.839907810092, "status": "pending_independent_audit"}
