Warp 1.0.0-beta.2 initialized:
   CUDA Toolkit: 12.8, Driver: 13.2
   Devices:
     "cpu"    | x86_64
     "cuda:0" | NVIDIA GeForce RTX 4080 SUPER (sm_89)
   Kernel cache: /root/.cache/warp/1.0.0-beta.2
[33;20mWARNING - Triangle area is too small (min_area=7.175352201538675e-16), may cause numerical instability (system.py:213)[0m
Module pamo_safe_project.kernels.geometry_kernels load on device 'cuda:0' took 26.21 ms
Module pamo_safe_project.kernels.energy_kernels.elastic_energy load on device 'cuda:0' took 20.73 ms
Module pamo_safe_project.kernels.energy_kernels.hinge_energy load on device 'cuda:0' took 50.71 ms
Module pamo_safe_project.kernels.energy_kernels.precision_contact_detection load on device 'cuda:0' took 30.35 ms
Module pamo_safe_project.kernels.energy_kernels.distance_energy load on device 'cuda:0' took 39.60 ms
Module pamo_safe_project.kernels.energy_kernels.preserved_collision_energy load on device 'cuda:0' took 12239.82 ms
Module pamo_safe_project.kernels.utils_kernels load on device 'cuda:0' took 5.11 ms
Module tangent_plane_gpu load on device 'cuda:0' took 2.65 ms
Module locality_gpu load on device 'cuda:0' took 1.03 ms
Module pamo_safe_project.kernels.solver_kernels load on device 'cuda:0' took 4.69 ms
Module warp.utils load on device 'cuda:0' took 2.13 ms
Module pamo_safe_project.kernels.distance_kernels.grad_funcs load on device 'cuda:0' took 26.05 ms
Module pamo_safe_project.kernels.distance_kernels.hessian_funcs load on device 'cuda:0' took 112.82 ms
Module pamo_safe_project.kernels.distance_kernels.distance_kernels load on device 'cuda:0' took 154.18 ms
Module pamo_safe_project.kernels.distance_kernels.grad_funcs_struct load on device 'cuda:0' took 25.25 ms
Module pamo_safe_project.kernels.distance_kernels.distance_kernels_struct load on device 'cuda:0' took 27.49 ms
Module pamo_safe_project.kernels.energy_kernels.collision_energy load on device 'cuda:0' took 110.11 ms
Module pamo_safe_project.kernels.ccd_kernels load on device 'cuda:0' took 30.45 ms
Module pamo_safe_project.kernels.energy_kernels.lb_curvature_energy load on device 'cuda:0' took 4.02 ms
Module pamo_safe_project.kernels.energy_kernels.contact_detection load on device 'cuda:0' took 22.71 ms
Module tangent_preserved_gpu load on device 'cuda:0' took 260.08 ms
Module robust_pt_gpu load on device 'cuda:0' took 7.53 ms
Module pamo_safe_project.kernels.energy_kernels.precision_collision_energy load on device 'cuda:0' took 103.72 ms
Module pamo_safe_project.kernels.precision_ccd_kernels load on device 'cuda:0' took 31.17 ms
Module robust_pt_gradient_gpu load on device 'cuda:0' took 6.86 ms
Module pamo_safe_project.kernels.energy_kernels.precision_gradient_collision_energy load on device 'cuda:0' took 87.22 ms
Module fixed_geometry_gpu load on device 'cuda:0' took 483.80 ms
Module pamo_safe_project.kernels.preserved_ccd load on device 'cuda:0' took 5403.18 ms
