Stage1 :  True
Stage3 :  True
Warp 1.0.0-beta.2 initialized:
   CUDA Toolkit: 12.8, Driver: 13.2
   Devices:
     "cpu"    | x86_64
     "cuda:0" | NVIDIA GeForce RTX 4090 (sm_89)
   Kernel cache: /root/.cache/warp/1.0.0-beta.2
Target faces : 1280
Time for Remeshing: 0.1897900104522705 sec
Time for Simplification: 0.7366313934326172 sec
Module pamo_safe_project.kernels.geometry_kernels load on device 'cuda:0' took 12.09 ms
Module pamo_safe_project.kernels.energy_kernels.elastic_energy load on device 'cuda:0' took 10.74 ms
Module pamo_safe_project.kernels.energy_kernels.hinge_energy load on device 'cuda:0' took 77.31 ms
Module pamo_safe_project.kernels.energy_kernels.contact_detection load on device 'cuda:0' took 15.94 ms
Module pamo_safe_project.kernels.energy_kernels.distance_energy load on device 'cuda:0' took 88.08 ms
Module pamo_safe_project.kernels.energy_kernels.collision_energy load on device 'cuda:0' took 196.03 ms
Module pamo_safe_project.kernels.utils_kernels load on device 'cuda:0' took 3.12 ms
Module pamo_safe_project.kernels.solver_kernels load on device 'cuda:0' took 2.64 ms
Module warp.utils load on device 'cuda:0' took 1.33 ms
Module pamo_safe_project.kernels.distance_kernels.grad_funcs load on device 'cuda:0' took 16.70 ms
Module pamo_safe_project.kernels.distance_kernels.hessian_funcs load on device 'cuda:0' took 180.62 ms
Module pamo_safe_project.kernels.distance_kernels.distance_kernels load on device 'cuda:0' took 196.55 ms
Module pamo_safe_project.kernels.distance_kernels.grad_funcs_struct load on device 'cuda:0' took 15.79 ms
Module pamo_safe_project.kernels.distance_kernels.distance_kernels_struct load on device 'cuda:0' took 17.43 ms
Module pamo_safe_project.kernels.ccd_kernels load on device 'cuda:0' took 21.55 ms
Module pamo_safe_project.kernels.energy_kernels.lb_curvature_energy load on device 'cuda:0' took 3.14 ms
Module locality_gpu load on device 'cuda:0' took 27.72 ms
{"pamo_run_ms": 2937.0161332190037, "stage1": "original", "method": "full", "maintenance_ms": 7600.174866616726, "status": "pending_independent_audit"}
