Stage1 :  True
Stage3 :  True
{"original_config_sha256": "df1eb24db57394c32e31f6d67a58cd7ef6c25febc11aff39c5e9503ee82d6390", "max_blocks": 67108864}
Warp 1.0.0-beta.2 initialized:
   CUDA Toolkit: 12.8, Driver: 13.2
   Devices:
     "cpu"    | x86_64
     "cuda:0" | NVIDIA GeForce RTX 4080 SUPER (sm_89)
   Kernel cache: /root/.cache/warp/1.0.0-beta.2
Target faces : 34128
Time for Remeshing: 0.08592653274536133 sec
Time for Simplification: 0.04162144660949707 sec
Module pamo_safe_project.kernels.geometry_kernels load on device 'cuda:0' took 23.12 ms
Module pamo_safe_project.kernels.energy_kernels.elastic_energy load on device 'cuda:0' took 89.03 ms
Module pamo_safe_project.kernels.energy_kernels.hinge_energy load on device 'cuda:0' took 50.99 ms
Module pamo_safe_project.kernels.energy_kernels.contact_detection load on device 'cuda:0' took 29.31 ms
Module pamo_safe_project.kernels.energy_kernels.distance_energy load on device 'cuda:0' took 39.25 ms
Module pamo_safe_project.kernels.energy_kernels.collision_energy load on device 'cuda:0' took 130.38 ms
Module pamo_safe_project.kernels.utils_kernels load on device 'cuda:0' took 5.76 ms
Module pamo_safe_project.kernels.solver_kernels load on device 'cuda:0' took 5.81 ms
Module warp.utils load on device 'cuda:0' took 2.26 ms
Module pamo_safe_project.kernels.distance_kernels.grad_funcs load on device 'cuda:0' took 31.94 ms
Module pamo_safe_project.kernels.distance_kernels.hessian_funcs load on device 'cuda:0' took 139.73 ms
Module pamo_safe_project.kernels.distance_kernels.distance_kernels load on device 'cuda:0' took 196.08 ms
Module pamo_safe_project.kernels.distance_kernels.grad_funcs_struct load on device 'cuda:0' took 30.05 ms
Module pamo_safe_project.kernels.distance_kernels.distance_kernels_struct load on device 'cuda:0' took 32.96 ms
Module pamo_safe_project.kernels.ccd_kernels load on device 'cuda:0' took 38.82 ms
Module pamo_safe_project.kernels.energy_kernels.lb_curvature_energy load on device 'cuda:0' took 5.40 ms
Module locality_gpu load on device 'cuda:0' took 1.27 ms
{"pamo_run_ms": 3041.457537561655, "stage1": "original", "method": "full", "maintenance_ms": 3525.6748106330633, "status": "pending_independent_audit"}
