Warp 1.0.0-beta.2 initialized:
   CUDA Toolkit: 12.8, Driver: 13.2
   Devices:
     "cpu"    | x86_64
     "cuda:0" | NVIDIA GeForce RTX 4080 SUPER (sm_89)
   Kernel cache: /root/.cache/warp/1.0.0-beta.2
[33;20mWARNING - Triangle area is too small (min_area=7.133492887348512e-16), may cause numerical instability (system.py:213)[0m
Module pamo_safe_project.kernels.geometry_kernels load on device 'cuda:0' took 27.72 ms
Module pamo_safe_project.kernels.energy_kernels.elastic_energy load on device 'cuda:0' took 21.38 ms
Module pamo_safe_project.kernels.energy_kernels.hinge_energy load on device 'cuda:0' took 51.93 ms
Module pamo_safe_project.kernels.energy_kernels.precision_contact_detection load on device 'cuda:0' took 29.30 ms
Module pamo_safe_project.kernels.energy_kernels.distance_energy load on device 'cuda:0' took 40.69 ms
Module pamo_safe_project.kernels.energy_kernels.preserved_collision_energy load on device 'cuda:0' took 133.31 ms
Module pamo_safe_project.kernels.utils_kernels load on device 'cuda:0' took 6.50 ms
Module tangent_plane_gpu load on device 'cuda:0' took 2.45 ms
Module locality_gpu load on device 'cuda:0' took 1.41 ms
Module pamo_safe_project.kernels.solver_kernels load on device 'cuda:0' took 3.75 ms
Module warp.utils load on device 'cuda:0' took 1.98 ms
Module pamo_safe_project.kernels.distance_kernels.grad_funcs load on device 'cuda:0' took 25.05 ms
Module pamo_safe_project.kernels.distance_kernels.hessian_funcs load on device 'cuda:0' took 109.70 ms
Module pamo_safe_project.kernels.distance_kernels.distance_kernels load on device 'cuda:0' took 142.59 ms
Module pamo_safe_project.kernels.distance_kernels.grad_funcs_struct load on device 'cuda:0' took 23.11 ms
Module pamo_safe_project.kernels.distance_kernels.distance_kernels_struct load on device 'cuda:0' took 27.50 ms
Module pamo_safe_project.kernels.energy_kernels.collision_energy load on device 'cuda:0' took 107.30 ms
Module pamo_safe_project.kernels.ccd_kernels load on device 'cuda:0' took 32.02 ms
Module pamo_safe_project.kernels.energy_kernels.lb_curvature_energy load on device 'cuda:0' took 4.58 ms
Module pamo_safe_project.kernels.energy_kernels.contact_detection load on device 'cuda:0' took 23.56 ms
Module tangent_preserved_gpu load on device 'cuda:0' took 1.63 ms
Module robust_pt_gpu load on device 'cuda:0' took 6.29 ms
Module pamo_safe_project.kernels.energy_kernels.precision_collision_energy load on device 'cuda:0' took 99.77 ms
Module pamo_safe_project.kernels.precision_ccd_kernels load on device 'cuda:0' took 26.94 ms
Module robust_pt_gradient_gpu load on device 'cuda:0' took 6.05 ms
Module pamo_safe_project.kernels.energy_kernels.precision_gradient_collision_energy load on device 'cuda:0' took 82.87 ms
Module fixed_geometry_gpu load on device 'cuda:0' took 6.22 ms
Module pamo_safe_project.kernels.preserved_ccd load on device 'cuda:0' took 34.13 ms
