Warp 1.0.0-beta.2 initialized:
   CUDA Toolkit: 12.8, Driver: 13.2
   Devices:
     "cpu"    | x86_64
     "cuda:0" | NVIDIA GeForce RTX 4080 SUPER (sm_89)
   Kernel cache: /root/.cache/warp/1.0.0-beta.2
[33;20mWARNING - Triangle area is too small (min_area=7.437200140402214e-15), may cause numerical instability (system.py:213)[0m
Module pamo_safe_project.kernels.geometry_kernels load on device 'cuda:0' took 25.99 ms
Module pamo_safe_project.kernels.energy_kernels.elastic_energy load on device 'cuda:0' took 20.56 ms
Module pamo_safe_project.kernels.energy_kernels.hinge_energy load on device 'cuda:0' took 50.73 ms
Module pamo_safe_project.kernels.energy_kernels.precision_contact_detection load on device 'cuda:0' took 28.02 ms
Module pamo_safe_project.kernels.energy_kernels.distance_energy load on device 'cuda:0' took 40.84 ms
Module pamo_safe_project.kernels.energy_kernels.preserved_collision_energy load on device 'cuda:0' took 118.51 ms
Module pamo_safe_project.kernels.utils_kernels load on device 'cuda:0' took 5.90 ms
Module tangent_plane_gpu load on device 'cuda:0' took 2.16 ms
Module locality_gpu load on device 'cuda:0' took 1.19 ms
Module pamo_safe_project.kernels.solver_kernels load on device 'cuda:0' took 5.00 ms
Module warp.utils load on device 'cuda:0' took 2.32 ms
Module pamo_safe_project.kernels.distance_kernels.grad_funcs load on device 'cuda:0' took 32.09 ms
Module pamo_safe_project.kernels.distance_kernels.hessian_funcs load on device 'cuda:0' took 140.37 ms
Module pamo_safe_project.kernels.distance_kernels.distance_kernels load on device 'cuda:0' took 194.38 ms
Module pamo_safe_project.kernels.distance_kernels.grad_funcs_struct load on device 'cuda:0' took 30.21 ms
Module pamo_safe_project.kernels.distance_kernels.distance_kernels_struct load on device 'cuda:0' took 34.35 ms
Module pamo_safe_project.kernels.energy_kernels.collision_energy load on device 'cuda:0' took 129.56 ms
Module pamo_safe_project.kernels.ccd_kernels load on device 'cuda:0' took 38.92 ms
Module pamo_safe_project.kernels.energy_kernels.lb_curvature_energy load on device 'cuda:0' took 5.39 ms
Module pamo_safe_project.kernels.energy_kernels.contact_detection load on device 'cuda:0' took 28.93 ms
Module tangent_preserved_gpu load on device 'cuda:0' took 1.99 ms
Module robust_pt_gpu load on device 'cuda:0' took 7.76 ms
Module pamo_safe_project.kernels.energy_kernels.precision_collision_energy load on device 'cuda:0' took 129.38 ms
Module pamo_safe_project.kernels.precision_ccd_kernels load on device 'cuda:0' took 38.85 ms
Module robust_pt_gradient_gpu load on device 'cuda:0' took 7.78 ms
Module pamo_safe_project.kernels.energy_kernels.precision_gradient_collision_energy load on device 'cuda:0' took 110.40 ms
Module fixed_geometry_gpu load on device 'cuda:0' took 8.67 ms
Module pamo_safe_project.kernels.preserved_ccd load on device 'cuda:0' took 45.03 ms
