Warp 1.0.0-beta.2 initialized:
   CUDA Toolkit: 12.8, Driver: 13.2
   Devices:
     "cpu"    | x86_64
     "cuda:0" | NVIDIA GeForce RTX 4090 (sm_89)
   Kernel cache: /root/.cache/warp/1.0.0-beta.2
Module pamo_safe_project.kernels.geometry_kernels load on device 'cuda:0' took 18.32 ms
Module pamo_safe_project.kernels.energy_kernels.elastic_energy load on device 'cuda:0' took 11.07 ms
Module pamo_safe_project.kernels.energy_kernels.hinge_energy load on device 'cuda:0' took 26.75 ms
Module pamo_safe_project.kernels.energy_kernels.contact_detection load on device 'cuda:0' took 16.41 ms
Module pamo_safe_project.kernels.energy_kernels.distance_energy load on device 'cuda:0' took 21.48 ms
Module pamo_safe_project.kernels.energy_kernels.collision_energy load on device 'cuda:0' took 71.90 ms
Module pamo_safe_project.kernels.utils_kernels load on device 'cuda:0' took 3.16 ms
Module locality_gpu load on device 'cuda:0' took 0.80 ms
Module pamo_safe_project.kernels.solver_kernels load on device 'cuda:0' took 2.56 ms
Module warp.utils load on device 'cuda:0' took 1.41 ms
Module pamo_safe_project.kernels.distance_kernels.grad_funcs load on device 'cuda:0' took 17.12 ms
Module pamo_safe_project.kernels.distance_kernels.hessian_funcs load on device 'cuda:0' took 73.74 ms
Module pamo_safe_project.kernels.distance_kernels.distance_kernels load on device 'cuda:0' took 105.36 ms
Module pamo_safe_project.kernels.distance_kernels.grad_funcs_struct load on device 'cuda:0' took 16.17 ms
Module pamo_safe_project.kernels.distance_kernels.distance_kernels_struct load on device 'cuda:0' took 17.76 ms
Module pamo_safe_project.kernels.ccd_kernels load on device 'cuda:0' took 21.78 ms
Module pamo_safe_project.kernels.energy_kernels.lb_curvature_energy load on device 'cuda:0' took 3.25 ms
{"quality_generation_ms": 30.012826435267925, "requested_edge_length_mm": 0.1001723031151933, "actual_edge_length_mm": 0.1001723031151933, "max_protected_edge_mm": 0.09339450965502812, "active_fraction": 0.18768046198267566, "input_faces": 2078, "output_faces": 2318, "fp64_restoration_max_mm": 0.0, "iterations": 3, "fixed_contract_before_projection": {"passed": false, "external_faces": 1688, "external_faces_retained": 1663, "missing_fixed_vertices": 0}, "safe_projection_ms": 900.2797864377499, "projection_fp64_restoration_max_mm": 1.2571969299570243e-07, "collision_scope": "whole_mesh_author_energy_and_ccd", "fixed_contract": {"passed": false, "external_faces": 1688, "external_faces_retained": 1621, "missing_fixed_vertices": 36}, "method": "no_boundary", "maintenance_ms": 2700.6869316101074, "status": "pending_independent_audit"}
