Stage1 :  True
Stage3 :  True
Warp 1.0.0-beta.2 initialized:
   CUDA Toolkit: 12.8, Driver: 13.2
   Devices:
     "cpu"    | x86_64
     "cuda:0" | NVIDIA GeForce RTX 4090 (sm_89)
   Kernel cache: /root/.cache/warp/1.0.0-beta.2
Target faces : 4204
Time for Remeshing: 0.09014248847961426 sec
Time for Simplification: 0.19810819625854492 sec
Module pamo_safe_project.kernels.geometry_kernels load on device 'cuda:0' took 12.49 ms
Module pamo_safe_project.kernels.energy_kernels.elastic_energy load on device 'cuda:0' took 10.97 ms
Module pamo_safe_project.kernels.energy_kernels.hinge_energy load on device 'cuda:0' took 31.68 ms
Module pamo_safe_project.kernels.energy_kernels.contact_detection load on device 'cuda:0' took 23.77 ms
Module pamo_safe_project.kernels.energy_kernels.distance_energy load on device 'cuda:0' took 98.76 ms
Module pamo_safe_project.kernels.energy_kernels.collision_energy load on device 'cuda:0' took 79.95 ms
Module pamo_safe_project.kernels.utils_kernels load on device 'cuda:0' took 4.43 ms
Module pamo_safe_project.kernels.solver_kernels load on device 'cuda:0' took 14.29 ms
Module warp.utils load on device 'cuda:0' took 1.85 ms
Module pamo_safe_project.kernels.distance_kernels.grad_funcs load on device 'cuda:0' took 27.25 ms
Module pamo_safe_project.kernels.distance_kernels.hessian_funcs load on device 'cuda:0' took 153.17 ms
Module pamo_safe_project.kernels.distance_kernels.distance_kernels load on device 'cuda:0' took 222.62 ms
Module pamo_safe_project.kernels.distance_kernels.grad_funcs_struct load on device 'cuda:0' took 25.23 ms
Module pamo_safe_project.kernels.distance_kernels.distance_kernels_struct load on device 'cuda:0' took 84.79 ms
Module pamo_safe_project.kernels.ccd_kernels load on device 'cuda:0' took 23.34 ms
Module pamo_safe_project.kernels.energy_kernels.lb_curvature_energy load on device 'cuda:0' took 4.12 ms
Module locality_gpu load on device 'cuda:0' took 2.22 ms
