# of input verts : 864
# of input faces : 1724
Stage1 :  True
Stage3 :  True
Warp 1.0.0-beta.2 initialized:
   CUDA Toolkit: 12.8, Driver: 13.2
   Devices:
     "cpu"    | x86_64
     "cuda:0" | NVIDIA GeForce RTX 4080 SUPER (sm_89)
   Kernel cache: /root/.cache/warp/1.0.0-beta.2
Target faces : 1724
Time for Remeshing: 0.08188772201538086 sec
Time for Simplification: 0.48237013816833496 sec
Module pamo_safe_project.kernels.geometry_kernels load on device 'cuda:0' took 133.42 ms
Module pamo_safe_project.kernels.energy_kernels.elastic_energy load on device 'cuda:0' took 19.81 ms
Module pamo_safe_project.kernels.energy_kernels.hinge_energy load on device 'cuda:0' took 48.76 ms
Module pamo_safe_project.kernels.energy_kernels.contact_detection load on device 'cuda:0' took 27.88 ms
Module pamo_safe_project.kernels.energy_kernels.distance_energy load on device 'cuda:0' took 37.43 ms
Module pamo_safe_project.kernels.energy_kernels.collision_energy load on device 'cuda:0' took 125.88 ms
Module pamo_safe_project.kernels.utils_kernels load on device 'cuda:0' took 5.46 ms
Module pamo_safe_project.kernels.solver_kernels load on device 'cuda:0' took 4.32 ms
Module warp.utils load on device 'cuda:0' took 2.16 ms
Module pamo_safe_project.kernels.distance_kernels.grad_funcs load on device 'cuda:0' took 30.69 ms
Module pamo_safe_project.kernels.distance_kernels.hessian_funcs load on device 'cuda:0' took 133.68 ms
Module pamo_safe_project.kernels.distance_kernels.distance_kernels load on device 'cuda:0' took 190.51 ms
Module pamo_safe_project.kernels.distance_kernels.grad_funcs_struct load on device 'cuda:0' took 29.14 ms
Module pamo_safe_project.kernels.distance_kernels.distance_kernels_struct load on device 'cuda:0' took 31.72 ms
Module pamo_safe_project.kernels.ccd_kernels load on device 'cuda:0' took 37.96 ms
Module pamo_safe_project.kernels.energy_kernels.lb_curvature_energy load on device 'cuda:0' took 5.20 ms
Total time:  2.000887155532837
# of output verts : 819
# of output faces : 1634
