Stage1 :  True
Stage3 :  True
{"original_config_sha256": "df1eb24db57394c32e31f6d67a58cd7ef6c25febc11aff39c5e9503ee82d6390", "max_blocks": 67108864}
Warp 1.0.0-beta.2 initialized:
   CUDA Toolkit: 12.8, Driver: 13.2
   Devices:
     "cpu"    | x86_64
     "cuda:0" | NVIDIA GeForce RTX 4080 SUPER (sm_89)
   Kernel cache: /root/.cache/warp/1.0.0-beta.2
Target faces : 4204
Time for Remeshing: 0.7543680667877197 sec
Time for Simplification: 5.620943307876587 sec
Module pamo_safe_project.kernels.geometry_kernels load on device 'cuda:0' took 19.00 ms
Module pamo_safe_project.kernels.energy_kernels.elastic_energy load on device 'cuda:0' took 17.45 ms
Module pamo_safe_project.kernels.energy_kernels.hinge_energy load on device 'cuda:0' took 36.44 ms
Module pamo_safe_project.kernels.energy_kernels.contact_detection load on device 'cuda:0' took 18.86 ms
Module pamo_safe_project.kernels.energy_kernels.distance_energy load on device 'cuda:0' took 23.78 ms
Module pamo_safe_project.kernels.energy_kernels.collision_energy load on device 'cuda:0' took 88.19 ms
Module pamo_safe_project.kernels.utils_kernels load on device 'cuda:0' took 3.70 ms
Module pamo_safe_project.kernels.solver_kernels load on device 'cuda:0' took 3.08 ms
Module warp.utils load on device 'cuda:0' took 1.62 ms
Module pamo_safe_project.kernels.distance_kernels.grad_funcs load on device 'cuda:0' took 22.77 ms
Module pamo_safe_project.kernels.distance_kernels.hessian_funcs load on device 'cuda:0' took 100.32 ms
Module pamo_safe_project.kernels.distance_kernels.distance_kernels load on device 'cuda:0' took 117.79 ms
Module pamo_safe_project.kernels.distance_kernels.grad_funcs_struct load on device 'cuda:0' took 17.77 ms
Module pamo_safe_project.kernels.distance_kernels.distance_kernels_struct load on device 'cuda:0' took 19.81 ms
Module pamo_safe_project.kernels.ccd_kernels load on device 'cuda:0' took 23.00 ms
Module pamo_safe_project.kernels.energy_kernels.lb_curvature_energy load on device 'cuda:0' took 3.31 ms
Module locality_gpu load on device 'cuda:0' took 0.76 ms
{"pamo_run_ms": 7683.5635444149375, "stage1": "original", "method": "full", "maintenance_ms": 8028.422695584595, "status": "pending_independent_audit"}
