Warp 1.0.0-beta.2 initialized:
   CUDA Toolkit: 12.8, Driver: 13.2
   Devices:
     "cpu"    | x86_64
     "cuda:0" | NVIDIA GeForce RTX 4090 (sm_89)
   Kernel cache: /root/.cache/warp/1.0.0-beta.2
Module pamo_safe_project.kernels.geometry_kernels load on device 'cuda:0' took 17.14 ms
Module pamo_safe_project.kernels.energy_kernels.elastic_energy load on device 'cuda:0' took 11.02 ms
Module pamo_safe_project.kernels.energy_kernels.hinge_energy load on device 'cuda:0' took 27.19 ms
Module pamo_safe_project.kernels.energy_kernels.contact_detection load on device 'cuda:0' took 16.50 ms
Module pamo_safe_project.kernels.energy_kernels.distance_energy load on device 'cuda:0' took 22.72 ms
Module pamo_safe_project.kernels.energy_kernels.collision_energy load on device 'cuda:0' took 72.51 ms
Module pamo_safe_project.kernels.utils_kernels load on device 'cuda:0' took 3.31 ms
Module locality_gpu load on device 'cuda:0' took 0.75 ms
Module pamo_safe_project.kernels.solver_kernels load on device 'cuda:0' took 2.62 ms
Module warp.utils load on device 'cuda:0' took 1.38 ms
Module pamo_safe_project.kernels.distance_kernels.grad_funcs load on device 'cuda:0' took 17.23 ms
Module pamo_safe_project.kernels.distance_kernels.hessian_funcs load on device 'cuda:0' took 74.61 ms
Module pamo_safe_project.kernels.distance_kernels.distance_kernels load on device 'cuda:0' took 103.19 ms
Module pamo_safe_project.kernels.distance_kernels.grad_funcs_struct load on device 'cuda:0' took 16.19 ms
Module pamo_safe_project.kernels.distance_kernels.distance_kernels_struct load on device 'cuda:0' took 19.59 ms
Module pamo_safe_project.kernels.ccd_kernels load on device 'cuda:0' took 23.18 ms
Module pamo_safe_project.kernels.energy_kernels.lb_curvature_energy load on device 'cuda:0' took 3.19 ms
{"quality_generation_ms": 23.48300814628601, "requested_edge_length_mm": 0.10017230311519328, "actual_edge_length_mm": 0.37039822907892334, "max_protected_edge_mm": 0.48736609089332017, "active_fraction": 0.20359628770301624, "input_faces": 1724, "output_faces": 1574, "fp64_restoration_max_mm": 0.0, "iterations": 3, "fixed_contract_before_projection": {"passed": true, "external_faces": 1373, "external_faces_retained": 1373, "missing_fixed_vertices": 0}, "safe_projection_ms": 888.9542985707521, "projection_fp64_restoration_max_mm": 1.2489773373544543e-07, "collision_scope": "whole_mesh_author_energy_and_ccd", "fixed_contract": {"passed": true, "external_faces": 1373, "external_faces_retained": 1373, "missing_fixed_vertices": 0}, "method": "boolean", "maintenance_ms": 2594.9175003916025, "status": "pending_independent_audit"}
