Stage1 :  True
Stage3 :  True
Warp 1.0.0-beta.2 initialized:
   CUDA Toolkit: 12.8, Driver: 13.2
   Devices:
     "cpu"    | x86_64
     "cuda:0" | NVIDIA GeForce RTX 4080 SUPER (sm_89)
   Kernel cache: /root/.cache/warp/1.0.0-beta.2
Target faces : 1438
Time for Remeshing: 0.1159355640411377 sec
Time for Simplification: 0.5495457649230957 sec
Module pamo_safe_project.kernels.geometry_kernels load on device 'cuda:0' took 21.87 ms
Module pamo_safe_project.kernels.energy_kernels.elastic_energy load on device 'cuda:0' took 20.32 ms
Module pamo_safe_project.kernels.energy_kernels.hinge_energy load on device 'cuda:0' took 50.33 ms
Module pamo_safe_project.kernels.energy_kernels.contact_detection load on device 'cuda:0' took 28.74 ms
Module pamo_safe_project.kernels.energy_kernels.distance_energy load on device 'cuda:0' took 38.99 ms
Module pamo_safe_project.kernels.energy_kernels.collision_energy load on device 'cuda:0' took 128.91 ms
Module pamo_safe_project.kernels.utils_kernels load on device 'cuda:0' took 5.62 ms
Module pamo_safe_project.kernels.solver_kernels load on device 'cuda:0' took 4.52 ms
Module warp.utils load on device 'cuda:0' took 2.22 ms
Module pamo_safe_project.kernels.distance_kernels.grad_funcs load on device 'cuda:0' took 31.98 ms
Module pamo_safe_project.kernels.distance_kernels.hessian_funcs load on device 'cuda:0' took 139.57 ms
Module pamo_safe_project.kernels.distance_kernels.distance_kernels load on device 'cuda:0' took 194.33 ms
Module pamo_safe_project.kernels.distance_kernels.grad_funcs_struct load on device 'cuda:0' took 27.36 ms
Module pamo_safe_project.kernels.distance_kernels.distance_kernels_struct load on device 'cuda:0' took 24.91 ms
Module pamo_safe_project.kernels.ccd_kernels load on device 'cuda:0' took 26.29 ms
Module pamo_safe_project.kernels.energy_kernels.lb_curvature_energy load on device 'cuda:0' took 3.90 ms
Module locality_gpu load on device 'cuda:0' took 0.83 ms
