o-[Process     ] Max used threads = 4
o-[I/O         ] Loading file /tmp/geogram_native_quality_20261006_11/inputs/03_parent.obj...
o-[I/O         ] (FP64) nb_v:8 nb_e:0 nb_f:12 nb_b:0 tri:1 dim:3
o-[I/O         ] Attributes on vertices: point[3]
o-[I/O         ] Loading file /tmp/geogram_native_quality_20261006_11/inputs/03_tool.obj...
o-[I/O         ] (FP64) nb_v:642 nb_e:0 nb_f:1280 nb_b:0 tri:1 dim:3
o-[I/O         ] Attributes on vertices: point[3]
NATIVE_QUALITY_REGION {"group":0,"boundary_attempt":false,"point_budget":64,"source_facets":2,"boundary_points":4,"new_points":0,"boundary_unchanged":true,"before_bad":2,"after_score_computed":true,"after_bad":2,"after_valid":true,"before_bad_area":0.036,"after_bad_area":0.036,"selected":false}
NATIVE_QUALITY_REGION {"group":0,"boundary_attempt":true,"point_budget":128,"source_facets":2,"boundary_points":4,"new_points":126,"boundary_unchanged":true,"before_bad":2,"after_score_computed":true,"after_bad":0,"after_valid":true,"before_bad_area":0.036,"after_bad_area":0,"selected":true}
NATIVE_QUALITY_REGION {"group":1,"boundary_attempt":false,"point_budget":64,"source_facets":2,"boundary_points":4,"new_points":0,"boundary_unchanged":true,"before_bad":2,"after_score_computed":true,"after_bad":2,"after_valid":true,"before_bad_area":0.036,"after_bad_area":0.036,"selected":false}
NATIVE_QUALITY_REGION {"group":1,"boundary_attempt":true,"point_budget":128,"source_facets":2,"boundary_points":4,"new_points":126,"boundary_unchanged":true,"before_bad":2,"after_score_computed":true,"after_bad":0,"after_valid":true,"before_bad_area":0.036,"after_bad_area":0,"selected":true}
NATIVE_QUALITY_REGION {"group":3,"boundary_attempt":false,"point_budget":64,"source_facets":46,"boundary_points":46,"new_points":60,"boundary_unchanged":true,"before_bad":42,"after_score_computed":true,"after_bad":0,"after_valid":true,"before_bad_area":0.06736,"after_bad_area":0,"selected":true}
NATIVE_QUALITY_REGION {"group":4,"boundary_attempt":false,"point_budget":64,"source_facets":2,"boundary_points":4,"new_points":0,"boundary_unchanged":true,"before_bad":2,"after_score_computed":true,"after_bad":2,"after_valid":true,"before_bad_area":0.036,"after_bad_area":0.036,"selected":false}
NATIVE_QUALITY_REGION {"group":4,"boundary_attempt":true,"point_budget":128,"source_facets":2,"boundary_points":4,"new_points":126,"boundary_unchanged":true,"before_bad":2,"after_score_computed":true,"after_bad":0,"after_valid":true,"before_bad_area":0.036,"after_bad_area":0,"selected":true}
NATIVE_QUALITY_REGION {"group":5,"boundary_attempt":false,"point_budget":64,"source_facets":2,"boundary_points":4,"new_points":0,"boundary_unchanged":true,"before_bad":2,"after_score_computed":true,"after_bad":2,"after_valid":true,"before_bad_area":0.036,"after_bad_area":0.036,"selected":false}
NATIVE_QUALITY_REGION {"group":5,"boundary_attempt":true,"point_budget":128,"source_facets":2,"boundary_points":4,"new_points":126,"boundary_unchanged":true,"before_bad":2,"after_score_computed":true,"after_bad":0,"after_valid":true,"before_bad_area":0.036,"after_bad_area":0,"selected":true}
NATIVE_QUALITY_REGION {"group":72,"boundary_attempt":false,"point_budget":128,"source_facets":418,"boundary_points":298,"new_points":128,"boundary_unchanged":true,"before_bad":274,"after_score_computed":true,"after_bad":48,"after_valid":true,"before_bad_area":2.34313,"after_bad_area":1.12418,"selected":true}
NATIVE_QUALITY_REGION {"group":93,"boundary_attempt":false,"point_budget":128,"source_facets":254,"boundary_points":256,"new_points":128,"boundary_unchanged":true,"before_bad":232,"after_score_computed":true,"after_bad":35,"after_valid":true,"before_bad_area":1.98242,"after_bad_area":1.1007,"selected":true}
o-[QualityBoundary] shared_edges=0 before_bad=83 after_bad=83 before_area=2.22488 after_area=2.22488 accepted=1
o-[QualityBoundary] shared_edges=8 before_bad=8 after_bad=83 before_area=0.144 after_area=2.22488 accepted=0
NATIVE_RESULT {"load_ms":0.97163200000000005,"boolean_ms":97.101285000000004,"save_ms":0.52224999999999999,"faces":282,"vertices":143,"simplify":true}
