Stage1 :  True
Stage3 :  True
Warp 1.0.0-beta.2 initialized:
   CUDA Toolkit: 12.8, Driver: 13.2
   Devices:
     "cpu"    | x86_64
     "cuda:0" | NVIDIA GeForce RTX 4080 SUPER (sm_89)
   Kernel cache: /root/.cache/warp/1.0.0-beta.2
Target faces : 1470
Time for Remeshing: 0.15012121200561523 sec
Time for Simplification: 1.5469872951507568 sec
Module pamo_safe_project.kernels.geometry_kernels load on device 'cuda:0' took 21.89 ms
Module pamo_safe_project.kernels.energy_kernels.elastic_energy load on device 'cuda:0' took 20.45 ms
Module pamo_safe_project.kernels.energy_kernels.hinge_energy load on device 'cuda:0' took 50.77 ms
Module pamo_safe_project.kernels.energy_kernels.contact_detection load on device 'cuda:0' took 29.24 ms
Module pamo_safe_project.kernels.energy_kernels.distance_energy load on device 'cuda:0' took 39.57 ms
Module pamo_safe_project.kernels.energy_kernels.collision_energy load on device 'cuda:0' took 129.72 ms
Module pamo_safe_project.kernels.utils_kernels load on device 'cuda:0' took 5.58 ms
Module pamo_safe_project.kernels.solver_kernels load on device 'cuda:0' took 4.47 ms
Module warp.utils load on device 'cuda:0' took 2.22 ms
Module pamo_safe_project.kernels.distance_kernels.grad_funcs load on device 'cuda:0' took 32.14 ms
Module pamo_safe_project.kernels.distance_kernels.hessian_funcs load on device 'cuda:0' took 140.03 ms
Module pamo_safe_project.kernels.distance_kernels.distance_kernels load on device 'cuda:0' took 196.79 ms
Module pamo_safe_project.kernels.distance_kernels.grad_funcs_struct load on device 'cuda:0' took 280.37 ms
Module pamo_safe_project.kernels.distance_kernels.distance_kernels_struct load on device 'cuda:0' took 40.28 ms
Module pamo_safe_project.kernels.ccd_kernels load on device 'cuda:0' took 39.66 ms
Module pamo_safe_project.kernels.energy_kernels.lb_curvature_energy load on device 'cuda:0' took 5.59 ms
Module locality_gpu load on device 'cuda:0' took 1.15 ms
