Warp 1.0.0-beta.2 initialized:
   CUDA Toolkit: 12.8, Driver: 13.2
   Devices:
     "cpu"    | x86_64
     "cuda:0" | NVIDIA GeForce RTX 4090 (sm_89)
   Kernel cache: /root/.cache/warp/1.0.0-beta.2
[33;20mWARNING - Triangle area is too small (min_area=5.912396046444654e-12), may cause numerical instability (system.py:213)[0m
Module pamo_safe_project.kernels.geometry_kernels load on device 'cuda:0' took 16.87 ms
Module pamo_safe_project.kernels.energy_kernels.elastic_energy load on device 'cuda:0' took 10.84 ms
Module pamo_safe_project.kernels.energy_kernels.hinge_energy load on device 'cuda:0' took 26.33 ms
Module pamo_safe_project.kernels.energy_kernels.contact_detection load on device 'cuda:0' took 17.13 ms
Module pamo_safe_project.kernels.energy_kernels.distance_energy load on device 'cuda:0' took 20.92 ms
Module pamo_safe_project.kernels.energy_kernels.collision_energy load on device 'cuda:0' took 71.42 ms
Module pamo_safe_project.kernels.utils_kernels load on device 'cuda:0' took 5.10 ms
Module locality_gpu load on device 'cuda:0' took 2.48 ms
Module pamo_safe_project.kernels.solver_kernels load on device 'cuda:0' took 4.55 ms
Module warp.utils load on device 'cuda:0' took 1.81 ms
Module pamo_safe_project.kernels.distance_kernels.grad_funcs load on device 'cuda:0' took 18.23 ms
Module pamo_safe_project.kernels.distance_kernels.hessian_funcs load on device 'cuda:0' took 72.90 ms
Module pamo_safe_project.kernels.distance_kernels.distance_kernels load on device 'cuda:0' took 102.55 ms
Module pamo_safe_project.kernels.distance_kernels.grad_funcs_struct load on device 'cuda:0' took 17.67 ms
Module pamo_safe_project.kernels.distance_kernels.distance_kernels_struct load on device 'cuda:0' took 18.17 ms
Module pamo_safe_project.kernels.ccd_kernels load on device 'cuda:0' took 23.27 ms
Module pamo_safe_project.kernels.energy_kernels.lb_curvature_energy load on device 'cuda:0' took 4.83 ms
{"quality_generation_ms": 120.73582503944635, "requested_edge_length_mm": 0.14316344377893875, "actual_edge_length_mm": 0.231490051574383, "max_protected_edge_mm": 0.3045921731241881, "active_fraction": 0.10209613299602457, "input_faces": 5534, "output_faces": 5408, "fp64_restoration_max_mm": 0.0, "iterations": 3, "fixed_contract_before_projection": {"passed": true, "external_faces": 4969, "external_faces_retained": 4969, "missing_fixed_vertices": 0}, "safe_projection_ms": 935.262474231422, "projection_fp64_restoration_max_mm": 1.4820293529519188e-07, "collision_scope": "whole_mesh_author_energy_and_ccd", "fixed_contract": {"passed": true, "external_faces": 4969, "external_faces_retained": 4969, "missing_fixed_vertices": 0}, "method": "spatial", "maintenance_ms": 3074.456616304815, "status": "pending_independent_audit"}
