
 Setting the directory C:\Users\24848\Desktop\GraduationProject\初步实验\Geogram与PaMO组合验证\实验结果\20261004_原固定几何CT真实父反馈\ to compress new files 
 Compressing files in C:\Users\24848\Desktop\GraduationProject\初步实验\Geogram与PaMO组合验证\实验结果\20261004_原固定几何CT真实父反馈\


 Compressing files in C:\Users\24848\Desktop\GraduationProject\初步实验\Geogram与PaMO组合验证\实验结果\20261004_原固定几何CT真实父反馈\application_ct_16_e0_candidate_boolean\


 Compressing files in C:\Users\24848\Desktop\GraduationProject\初步实验\Geogram与PaMO组合验证\实验结果\20261004_原固定几何CT真实父反馈\application_ct_16_e0_candidate_boolean\full_geometry_checks\


 Compressing files in C:\Users\24848\Desktop\GraduationProject\初步实验\Geogram与PaMO组合验证\实验结果\20261004_原固定几何CT真实父反馈\application_ct_16_e0_candidate_input\


 Compressing files in C:\Users\24848\Desktop\GraduationProject\初步实验\Geogram与PaMO组合验证\实验结果\20261004_原固定几何CT真实父反馈\application_ct_16_e0_candidate_input\full_geometry_checks\


 Compressing files in C:\Users\24848\Desktop\GraduationProject\初步实验\Geogram与PaMO组合验证\实验结果\20261004_原固定几何CT真实父反馈\application_ct_16_e0_full_full\


 Compressing files in C:\Users\24848\Desktop\GraduationProject\初步实验\Geogram与PaMO组合验证\实验结果\20261004_原固定几何CT真实父反馈\application_ct_16_e0_full_full\full_geometry_checks\


 Compressing files in C:\Users\24848\Desktop\GraduationProject\初步实验\Geogram与PaMO组合验证\实验结果\20261004_原固定几何CT真实父反馈\application_ct_16_e0_full_input\


 Compressing files in C:\Users\24848\Desktop\GraduationProject\初步实验\Geogram与PaMO组合验证\实验结果\20261004_原固定几何CT真实父反馈\application_ct_16_e0_full_input\full_geometry_checks\


 Compressing files in C:\Users\24848\Desktop\GraduationProject\初步实验\Geogram与PaMO组合验证\实验结果\20261004_原固定几何CT真实父反馈\application_ct_16_e0_reference\


 Compressing files in C:\Users\24848\Desktop\GraduationProject\初步实验\Geogram与PaMO组合验证\实验结果\20261004_原固定几何CT真实父反馈\application_ct_16_e0_reference\full_geometry_checks\


 Compressing files in C:\Users\24848\Desktop\GraduationProject\初步实验\Geogram与PaMO组合验证\实验结果\20261004_原固定几何CT真实父反馈\application_ct_16_e10_candidate_boolean\


 Compressing files in C:\Users\24848\Desktop\GraduationProject\初步实验\Geogram与PaMO组合验证\实验结果\20261004_原固定几何CT真实父反馈\application_ct_16_e10_candidate_boolean\full_geometry_checks\


 Compressing files in C:\Users\24848\Desktop\GraduationProject\初步实验\Geogram与PaMO组合验证\实验结果\20261004_原固定几何CT真实父反馈\application_ct_16_e10_candidate_input\


 Compressing files in C:\Users\24848\Desktop\GraduationProject\初步实验\Geogram与PaMO组合验证\实验结果\20261004_原固定几何CT真实父反馈\application_ct_16_e10_candidate_input\full_geometry_checks\


 Compressing files in C:\Users\24848\Desktop\GraduationProject\初步实验\Geogram与PaMO组合验证\实验结果\20261004_原固定几何CT真实父反馈\application_ct_16_e10_reference\


 Compressing files in C:\Users\24848\Desktop\GraduationProject\初步实验\Geogram与PaMO组合验证\实验结果\20261004_原固定几何CT真实父反馈\application_ct_16_e10_reference\full_geometry_checks\


 Compressing files in C:\Users\24848\Desktop\GraduationProject\初步实验\Geogram与PaMO组合验证\实验结果\20261004_原固定几何CT真实父反馈\application_ct_16_e11_candidate_boolean\


 Compressing files in C:\Users\24848\Desktop\GraduationProject\初步实验\Geogram与PaMO组合验证\实验结果\20261004_原固定几何CT真实父反馈\application_ct_16_e11_candidate_boolean\full_geometry_checks\


 Compressing files in C:\Users\24848\Desktop\GraduationProject\初步实验\Geogram与PaMO组合验证\实验结果\20261004_原固定几何CT真实父反馈\application_ct_16_e11_candidate_input\


 Compressing files in C:\Users\24848\Desktop\GraduationProject\初步实验\Geogram与PaMO组合验证\实验结果\20261004_原固定几何CT真实父反馈\application_ct_16_e11_candidate_input\full_geometry_checks\


 Compressing files in C:\Users\24848\Desktop\GraduationProject\初步实验\Geogram与PaMO组合验证\实验结果\20261004_原固定几何CT真实父反馈\application_ct_16_e11_reference\


 Compressing files in C:\Users\24848\Desktop\GraduationProject\初步实验\Geogram与PaMO组合验证\实验结果\20261004_原固定几何CT真实父反馈\application_ct_16_e11_reference\full_geometry_checks\


 Compressing files in C:\Users\24848\Desktop\GraduationProject\初步实验\Geogram与PaMO组合验证\实验结果\20261004_原固定几何CT真实父反馈\application_ct_16_e12_candidate_boolean\


 Compressing files in C:\Users\24848\Desktop\GraduationProject\初步实验\Geogram与PaMO组合验证\实验结果\20261004_原固定几何CT真实父反馈\application_ct_16_e12_candidate_boolean\full_geometry_checks\


 Compressing files in C:\Users\24848\Desktop\GraduationProject\初步实验\Geogram与PaMO组合验证\实验结果\20261004_原固定几何CT真实父反馈\application_ct_16_e12_candidate_input\


 Compressing files in C:\Users\24848\Desktop\GraduationProject\初步实验\Geogram与PaMO组合验证\实验结果\20261004_原固定几何CT真实父反馈\application_ct_16_e12_candidate_input\full_geometry_checks\


 Compressing files in C:\Users\24848\Desktop\GraduationProject\初步实验\Geogram与PaMO组合验证\实验结果\20261004_原固定几何CT真实父反馈\application_ct_16_e12_reference\


 Compressing files in C:\Users\24848\Desktop\GraduationProject\初步实验\Geogram与PaMO组合验证\实验结果\20261004_原固定几何CT真实父反馈\application_ct_16_e12_reference\full_geometry_checks\


 Compressing files in C:\Users\24848\Desktop\GraduationProject\初步实验\Geogram与PaMO组合验证\实验结果\20261004_原固定几何CT真实父反馈\application_ct_16_e13_candidate_boolean\


 Compressing files in C:\Users\24848\Desktop\GraduationProject\初步实验\Geogram与PaMO组合验证\实验结果\20261004_原固定几何CT真实父反馈\application_ct_16_e13_candidate_boolean\full_geometry_checks\


 Compressing files in C:\Users\24848\Desktop\GraduationProject\初步实验\Geogram与PaMO组合验证\实验结果\20261004_原固定几何CT真实父反馈\application_ct_16_e13_candidate_input\


 Compressing files in C:\Users\24848\Desktop\GraduationProject\初步实验\Geogram与PaMO组合验证\实验结果\20261004_原固定几何CT真实父反馈\application_ct_16_e13_candidate_input\full_geometry_checks\


 Compressing files in C:\Users\24848\Desktop\GraduationProject\初步实验\Geogram与PaMO组合验证\实验结果\20261004_原固定几何CT真实父反馈\application_ct_16_e13_reference\


 Compressing files in C:\Users\24848\Desktop\GraduationProject\初步实验\Geogram与PaMO组合验证\实验结果\20261004_原固定几何CT真实父反馈\application_ct_16_e13_reference\full_geometry_checks\


 Compressing files in C:\Users\24848\Desktop\GraduationProject\初步实验\Geogram与PaMO组合验证\实验结果\20261004_原固定几何CT真实父反馈\application_ct_16_e14_candidate_boolean\


 Compressing files in C:\Users\24848\Desktop\GraduationProject\初步实验\Geogram与PaMO组合验证\实验结果\20261004_原固定几何CT真实父反馈\application_ct_16_e14_candidate_boolean\full_geometry_checks\


 Compressing files in C:\Users\24848\Desktop\GraduationProject\初步实验\Geogram与PaMO组合验证\实验结果\20261004_原固定几何CT真实父反馈\application_ct_16_e14_candidate_input\


 Compressing files in C:\Users\24848\Desktop\GraduationProject\初步实验\Geogram与PaMO组合验证\实验结果\20261004_原固定几何CT真实父反馈\application_ct_16_e14_candidate_input\full_geometry_checks\


 Compressing files in C:\Users\24848\Desktop\GraduationProject\初步实验\Geogram与PaMO组合验证\实验结果\20261004_原固定几何CT真实父反馈\application_ct_16_e14_reference\


 Compressing files in C:\Users\24848\Desktop\GraduationProject\初步实验\Geogram与PaMO组合验证\实验结果\20261004_原固定几何CT真实父反馈\application_ct_16_e14_reference\full_geometry_checks\


 Compressing files in C:\Users\24848\Desktop\GraduationProject\初步实验\Geogram与PaMO组合验证\实验结果\20261004_原固定几何CT真实父反馈\application_ct_16_e15_candidate_boolean\


 Compressing files in C:\Users\24848\Desktop\GraduationProject\初步实验\Geogram与PaMO组合验证\实验结果\20261004_原固定几何CT真实父反馈\application_ct_16_e15_candidate_boolean\full_geometry_checks\


 Compressing files in C:\Users\24848\Desktop\GraduationProject\初步实验\Geogram与PaMO组合验证\实验结果\20261004_原固定几何CT真实父反馈\application_ct_16_e15_candidate_input\


 Compressing files in C:\Users\24848\Desktop\GraduationProject\初步实验\Geogram与PaMO组合验证\实验结果\20261004_原固定几何CT真实父反馈\application_ct_16_e15_candidate_input\full_geometry_checks\


 Compressing files in C:\Users\24848\Desktop\GraduationProject\初步实验\Geogram与PaMO组合验证\实验结果\20261004_原固定几何CT真实父反馈\application_ct_16_e15_reference\


 Compressing files in C:\Users\24848\Desktop\GraduationProject\初步实验\Geogram与PaMO组合验证\实验结果\20261004_原固定几何CT真实父反馈\application_ct_16_e15_reference\full_geometry_checks\


 Compressing files in C:\Users\24848\Desktop\GraduationProject\初步实验\Geogram与PaMO组合验证\实验结果\20261004_原固定几何CT真实父反馈\application_ct_16_e1_candidate_boolean\


 Compressing files in C:\Users\24848\Desktop\GraduationProject\初步实验\Geogram与PaMO组合验证\实验结果\20261004_原固定几何CT真实父反馈\application_ct_16_e1_candidate_boolean\full_geometry_checks\


 Compressing files in C:\Users\24848\Desktop\GraduationProject\初步实验\Geogram与PaMO组合验证\实验结果\20261004_原固定几何CT真实父反馈\application_ct_16_e1_candidate_input\


 Compressing files in C:\Users\24848\Desktop\GraduationProject\初步实验\Geogram与PaMO组合验证\实验结果\20261004_原固定几何CT真实父反馈\application_ct_16_e1_candidate_input\full_geometry_checks\


 Compressing files in C:\Users\24848\Desktop\GraduationProject\初步实验\Geogram与PaMO组合验证\实验结果\20261004_原固定几何CT真实父反馈\application_ct_16_e1_reference\


 Compressing files in C:\Users\24848\Desktop\GraduationProject\初步实验\Geogram与PaMO组合验证\实验结果\20261004_原固定几何CT真实父反馈\application_ct_16_e1_reference\full_geometry_checks\


 Compressing files in C:\Users\24848\Desktop\GraduationProject\初步实验\Geogram与PaMO组合验证\实验结果\20261004_原固定几何CT真实父反馈\application_ct_16_e2_candidate_boolean\


 Compressing files in C:\Users\24848\Desktop\GraduationProject\初步实验\Geogram与PaMO组合验证\实验结果\20261004_原固定几何CT真实父反馈\application_ct_16_e2_candidate_boolean\full_geometry_checks\


 Compressing files in C:\Users\24848\Desktop\GraduationProject\初步实验\Geogram与PaMO组合验证\实验结果\20261004_原固定几何CT真实父反馈\application_ct_16_e2_candidate_input\


 Compressing files in C:\Users\24848\Desktop\GraduationProject\初步实验\Geogram与PaMO组合验证\实验结果\20261004_原固定几何CT真实父反馈\application_ct_16_e2_candidate_input\full_geometry_checks\


 Compressing files in C:\Users\24848\Desktop\GraduationProject\初步实验\Geogram与PaMO组合验证\实验结果\20261004_原固定几何CT真实父反馈\application_ct_16_e2_reference\


 Compressing files in C:\Users\24848\Desktop\GraduationProject\初步实验\Geogram与PaMO组合验证\实验结果\20261004_原固定几何CT真实父反馈\application_ct_16_e2_reference\full_geometry_checks\


 Compressing files in C:\Users\24848\Desktop\GraduationProject\初步实验\Geogram与PaMO组合验证\实验结果\20261004_原固定几何CT真实父反馈\application_ct_16_e3_candidate_boolean\


 Compressing files in C:\Users\24848\Desktop\GraduationProject\初步实验\Geogram与PaMO组合验证\实验结果\20261004_原固定几何CT真实父反馈\application_ct_16_e3_candidate_boolean\full_geometry_checks\


 Compressing files in C:\Users\24848\Desktop\GraduationProject\初步实验\Geogram与PaMO组合验证\实验结果\20261004_原固定几何CT真实父反馈\application_ct_16_e3_candidate_input\


 Compressing files in C:\Users\24848\Desktop\GraduationProject\初步实验\Geogram与PaMO组合验证\实验结果\20261004_原固定几何CT真实父反馈\application_ct_16_e3_candidate_input\full_geometry_checks\


 Compressing files in C:\Users\24848\Desktop\GraduationProject\初步实验\Geogram与PaMO组合验证\实验结果\20261004_原固定几何CT真实父反馈\application_ct_16_e3_reference\


 Compressing files in C:\Users\24848\Desktop\GraduationProject\初步实验\Geogram与PaMO组合验证\实验结果\20261004_原固定几何CT真实父反馈\application_ct_16_e3_reference\full_geometry_checks\


 Compressing files in C:\Users\24848\Desktop\GraduationProject\初步实验\Geogram与PaMO组合验证\实验结果\20261004_原固定几何CT真实父反馈\application_ct_16_e4_candidate_boolean\


 Compressing files in C:\Users\24848\Desktop\GraduationProject\初步实验\Geogram与PaMO组合验证\实验结果\20261004_原固定几何CT真实父反馈\application_ct_16_e4_candidate_boolean\full_geometry_checks\


 Compressing files in C:\Users\24848\Desktop\GraduationProject\初步实验\Geogram与PaMO组合验证\实验结果\20261004_原固定几何CT真实父反馈\application_ct_16_e4_candidate_input\


 Compressing files in C:\Users\24848\Desktop\GraduationProject\初步实验\Geogram与PaMO组合验证\实验结果\20261004_原固定几何CT真实父反馈\application_ct_16_e4_candidate_input\full_geometry_checks\


 Compressing files in C:\Users\24848\Desktop\GraduationProject\初步实验\Geogram与PaMO组合验证\实验结果\20261004_原固定几何CT真实父反馈\application_ct_16_e4_reference\


 Compressing files in C:\Users\24848\Desktop\GraduationProject\初步实验\Geogram与PaMO组合验证\实验结果\20261004_原固定几何CT真实父反馈\application_ct_16_e4_reference\full_geometry_checks\


 Compressing files in C:\Users\24848\Desktop\GraduationProject\初步实验\Geogram与PaMO组合验证\实验结果\20261004_原固定几何CT真实父反馈\application_ct_16_e5_candidate_boolean\


 Compressing files in C:\Users\24848\Desktop\GraduationProject\初步实验\Geogram与PaMO组合验证\实验结果\20261004_原固定几何CT真实父反馈\application_ct_16_e5_candidate_boolean\full_geometry_checks\


 Compressing files in C:\Users\24848\Desktop\GraduationProject\初步实验\Geogram与PaMO组合验证\实验结果\20261004_原固定几何CT真实父反馈\application_ct_16_e5_candidate_input\


 Compressing files in C:\Users\24848\Desktop\GraduationProject\初步实验\Geogram与PaMO组合验证\实验结果\20261004_原固定几何CT真实父反馈\application_ct_16_e5_candidate_input\full_geometry_checks\


 Compressing files in C:\Users\24848\Desktop\GraduationProject\初步实验\Geogram与PaMO组合验证\实验结果\20261004_原固定几何CT真实父反馈\application_ct_16_e5_reference\


 Compressing files in C:\Users\24848\Desktop\GraduationProject\初步实验\Geogram与PaMO组合验证\实验结果\20261004_原固定几何CT真实父反馈\application_ct_16_e5_reference\full_geometry_checks\


 Compressing files in C:\Users\24848\Desktop\GraduationProject\初步实验\Geogram与PaMO组合验证\实验结果\20261004_原固定几何CT真实父反馈\application_ct_16_e6_candidate_boolean\


 Compressing files in C:\Users\24848\Desktop\GraduationProject\初步实验\Geogram与PaMO组合验证\实验结果\20261004_原固定几何CT真实父反馈\application_ct_16_e6_candidate_boolean\full_geometry_checks\


 Compressing files in C:\Users\24848\Desktop\GraduationProject\初步实验\Geogram与PaMO组合验证\实验结果\20261004_原固定几何CT真实父反馈\application_ct_16_e6_candidate_input\


 Compressing files in C:\Users\24848\Desktop\GraduationProject\初步实验\Geogram与PaMO组合验证\实验结果\20261004_原固定几何CT真实父反馈\application_ct_16_e6_candidate_input\full_geometry_checks\


 Compressing files in C:\Users\24848\Desktop\GraduationProject\初步实验\Geogram与PaMO组合验证\实验结果\20261004_原固定几何CT真实父反馈\application_ct_16_e6_reference\


 Compressing files in C:\Users\24848\Desktop\GraduationProject\初步实验\Geogram与PaMO组合验证\实验结果\20261004_原固定几何CT真实父反馈\application_ct_16_e6_reference\full_geometry_checks\


 Compressing files in C:\Users\24848\Desktop\GraduationProject\初步实验\Geogram与PaMO组合验证\实验结果\20261004_原固定几何CT真实父反馈\application_ct_16_e7_candidate_boolean\


 Compressing files in C:\Users\24848\Desktop\GraduationProject\初步实验\Geogram与PaMO组合验证\实验结果\20261004_原固定几何CT真实父反馈\application_ct_16_e7_candidate_boolean\full_geometry_checks\


 Compressing files in C:\Users\24848\Desktop\GraduationProject\初步实验\Geogram与PaMO组合验证\实验结果\20261004_原固定几何CT真实父反馈\application_ct_16_e7_candidate_input\


 Compressing files in C:\Users\24848\Desktop\GraduationProject\初步实验\Geogram与PaMO组合验证\实验结果\20261004_原固定几何CT真实父反馈\application_ct_16_e7_candidate_input\full_geometry_checks\


 Compressing files in C:\Users\24848\Desktop\GraduationProject\初步实验\Geogram与PaMO组合验证\实验结果\20261004_原固定几何CT真实父反馈\application_ct_16_e7_reference\


 Compressing files in C:\Users\24848\Desktop\GraduationProject\初步实验\Geogram与PaMO组合验证\实验结果\20261004_原固定几何CT真实父反馈\application_ct_16_e7_reference\full_geometry_checks\


 Compressing files in C:\Users\24848\Desktop\GraduationProject\初步实验\Geogram与PaMO组合验证\实验结果\20261004_原固定几何CT真实父反馈\application_ct_16_e8_candidate_boolean\


 Compressing files in C:\Users\24848\Desktop\GraduationProject\初步实验\Geogram与PaMO组合验证\实验结果\20261004_原固定几何CT真实父反馈\application_ct_16_e8_candidate_boolean\full_geometry_checks\


 Compressing files in C:\Users\24848\Desktop\GraduationProject\初步实验\Geogram与PaMO组合验证\实验结果\20261004_原固定几何CT真实父反馈\application_ct_16_e8_candidate_input\


 Compressing files in C:\Users\24848\Desktop\GraduationProject\初步实验\Geogram与PaMO组合验证\实验结果\20261004_原固定几何CT真实父反馈\application_ct_16_e8_candidate_input\full_geometry_checks\


 Compressing files in C:\Users\24848\Desktop\GraduationProject\初步实验\Geogram与PaMO组合验证\实验结果\20261004_原固定几何CT真实父反馈\application_ct_16_e8_reference\


 Compressing files in C:\Users\24848\Desktop\GraduationProject\初步实验\Geogram与PaMO组合验证\实验结果\20261004_原固定几何CT真实父反馈\application_ct_16_e8_reference\full_geometry_checks\


 Compressing files in C:\Users\24848\Desktop\GraduationProject\初步实验\Geogram与PaMO组合验证\实验结果\20261004_原固定几何CT真实父反馈\application_ct_16_e9_candidate_boolean\


 Compressing files in C:\Users\24848\Desktop\GraduationProject\初步实验\Geogram与PaMO组合验证\实验结果\20261004_原固定几何CT真实父反馈\application_ct_16_e9_candidate_boolean\full_geometry_checks\


 Compressing files in C:\Users\24848\Desktop\GraduationProject\初步实验\Geogram与PaMO组合验证\实验结果\20261004_原固定几何CT真实父反馈\application_ct_16_e9_candidate_input\


 Compressing files in C:\Users\24848\Desktop\GraduationProject\初步实验\Geogram与PaMO组合验证\实验结果\20261004_原固定几何CT真实父反馈\application_ct_16_e9_candidate_input\full_geometry_checks\


 Compressing files in C:\Users\24848\Desktop\GraduationProject\初步实验\Geogram与PaMO组合验证\实验结果\20261004_原固定几何CT真实父反馈\application_ct_16_e9_reference\


 Compressing files in C:\Users\24848\Desktop\GraduationProject\初步实验\Geogram与PaMO组合验证\实验结果\20261004_原固定几何CT真实父反馈\application_ct_16_e9_reference\full_geometry_checks\


 Compressing files in C:\Users\24848\Desktop\GraduationProject\初步实验\Geogram与PaMO组合验证\实验结果\20261004_原固定几何CT真实父反馈\application_ct_original138_e0_candidate_boolean\


 Compressing files in C:\Users\24848\Desktop\GraduationProject\初步实验\Geogram与PaMO组合验证\实验结果\20261004_原固定几何CT真实父反馈\application_ct_original138_e0_candidate_boolean\full_geometry_checks\


 Compressing files in C:\Users\24848\Desktop\GraduationProject\初步实验\Geogram与PaMO组合验证\实验结果\20261004_原固定几何CT真实父反馈\application_ct_original138_e0_candidate_input\


 Compressing files in C:\Users\24848\Desktop\GraduationProject\初步实验\Geogram与PaMO组合验证\实验结果\20261004_原固定几何CT真实父反馈\application_ct_original138_e0_candidate_input\full_geometry_checks\


 Compressing files in C:\Users\24848\Desktop\GraduationProject\初步实验\Geogram与PaMO组合验证\实验结果\20261004_原固定几何CT真实父反馈\application_ct_original138_e0_full_full\


 Compressing files in C:\Users\24848\Desktop\GraduationProject\初步实验\Geogram与PaMO组合验证\实验结果\20261004_原固定几何CT真实父反馈\application_ct_original138_e0_full_full\full_geometry_checks\


 Compressing files in C:\Users\24848\Desktop\GraduationProject\初步实验\Geogram与PaMO组合验证\实验结果\20261004_原固定几何CT真实父反馈\application_ct_original138_e0_full_input\


 Compressing files in C:\Users\24848\Desktop\GraduationProject\初步实验\Geogram与PaMO组合验证\实验结果\20261004_原固定几何CT真实父反馈\application_ct_original138_e0_full_input\full_geometry_checks\


 Compressing files in C:\Users\24848\Desktop\GraduationProject\初步实验\Geogram与PaMO组合验证\实验结果\20261004_原固定几何CT真实父反馈\application_ct_original138_e0_reference\


 Compressing files in C:\Users\24848\Desktop\GraduationProject\初步实验\Geogram与PaMO组合验证\实验结果\20261004_原固定几何CT真实父反馈\application_ct_original138_e0_reference\full_geometry_checks\


 Compressing files in C:\Users\24848\Desktop\GraduationProject\初步实验\Geogram与PaMO组合验证\实验结果\20261004_原固定几何CT真实父反馈\application_ct_original138_e100_reference\


 Compressing files in C:\Users\24848\Desktop\GraduationProject\初步实验\Geogram与PaMO组合验证\实验结果\20261004_原固定几何CT真实父反馈\application_ct_original138_e101_reference\


 Compressing files in C:\Users\24848\Desktop\GraduationProject\初步实验\Geogram与PaMO组合验证\实验结果\20261004_原固定几何CT真实父反馈\application_ct_original138_e102_reference\


 Compressing files in C:\Users\24848\Desktop\GraduationProject\初步实验\Geogram与PaMO组合验证\实验结果\20261004_原固定几何CT真实父反馈\application_ct_original138_e103_reference\


 Compressing files in C:\Users\24848\Desktop\GraduationProject\初步实验\Geogram与PaMO组合验证\实验结果\20261004_原固定几何CT真实父反馈\application_ct_original138_e104_reference\


 Compressing files in C:\Users\24848\Desktop\GraduationProject\初步实验\Geogram与PaMO组合验证\实验结果\20261004_原固定几何CT真实父反馈\application_ct_original138_e105_reference\


 Compressing files in C:\Users\24848\Desktop\GraduationProject\初步实验\Geogram与PaMO组合验证\实验结果\20261004_原固定几何CT真实父反馈\application_ct_original138_e106_reference\


 Compressing files in C:\Users\24848\Desktop\GraduationProject\初步实验\Geogram与PaMO组合验证\实验结果\20261004_原固定几何CT真实父反馈\application_ct_original138_e107_reference\


 Compressing files in C:\Users\24848\Desktop\GraduationProject\初步实验\Geogram与PaMO组合验证\实验结果\20261004_原固定几何CT真实父反馈\application_ct_original138_e108_reference\


 Compressing files in C:\Users\24848\Desktop\GraduationProject\初步实验\Geogram与PaMO组合验证\实验结果\20261004_原固定几何CT真实父反馈\application_ct_original138_e109_reference\


 Compressing files in C:\Users\24848\Desktop\GraduationProject\初步实验\Geogram与PaMO组合验证\实验结果\20261004_原固定几何CT真实父反馈\application_ct_original138_e10_candidate_boolean\


 Compressing files in C:\Users\24848\Desktop\GraduationProject\初步实验\Geogram与PaMO组合验证\实验结果\20261004_原固定几何CT真实父反馈\application_ct_original138_e10_candidate_boolean\full_geometry_checks\


 Compressing files in C:\Users\24848\Desktop\GraduationProject\初步实验\Geogram与PaMO组合验证\实验结果\20261004_原固定几何CT真实父反馈\application_ct_original138_e10_candidate_input\


 Compressing files in C:\Users\24848\Desktop\GraduationProject\初步实验\Geogram与PaMO组合验证\实验结果\20261004_原固定几何CT真实父反馈\application_ct_original138_e10_candidate_input\full_geometry_checks\


 Compressing files in C:\Users\24848\Desktop\GraduationProject\初步实验\Geogram与PaMO组合验证\实验结果\20261004_原固定几何CT真实父反馈\application_ct_original138_e10_reference\


 Compressing files in C:\Users\24848\Desktop\GraduationProject\初步实验\Geogram与PaMO组合验证\实验结果\20261004_原固定几何CT真实父反馈\application_ct_original138_e10_reference\full_geometry_checks\


 Compressing files in C:\Users\24848\Desktop\GraduationProject\初步实验\Geogram与PaMO组合验证\实验结果\20261004_原固定几何CT真实父反馈\application_ct_original138_e110_reference\


 Compressing files in C:\Users\24848\Desktop\GraduationProject\初步实验\Geogram与PaMO组合验证\实验结果\20261004_原固定几何CT真实父反馈\application_ct_original138_e111_reference\


 Compressing files in C:\Users\24848\Desktop\GraduationProject\初步实验\Geogram与PaMO组合验证\实验结果\20261004_原固定几何CT真实父反馈\application_ct_original138_e112_reference\


 Compressing files in C:\Users\24848\Desktop\GraduationProject\初步实验\Geogram与PaMO组合验证\实验结果\20261004_原固定几何CT真实父反馈\application_ct_original138_e113_reference\


 Compressing files in C:\Users\24848\Desktop\GraduationProject\初步实验\Geogram与PaMO组合验证\实验结果\20261004_原固定几何CT真实父反馈\application_ct_original138_e114_reference\


 Compressing files in C:\Users\24848\Desktop\GraduationProject\初步实验\Geogram与PaMO组合验证\实验结果\20261004_原固定几何CT真实父反馈\application_ct_original138_e115_reference\


 Compressing files in C:\Users\24848\Desktop\GraduationProject\初步实验\Geogram与PaMO组合验证\实验结果\20261004_原固定几何CT真实父反馈\application_ct_original138_e116_reference\


 Compressing files in C:\Users\24848\Desktop\GraduationProject\初步实验\Geogram与PaMO组合验证\实验结果\20261004_原固定几何CT真实父反馈\application_ct_original138_e117_reference\


 Compressing files in C:\Users\24848\Desktop\GraduationProject\初步实验\Geogram与PaMO组合验证\实验结果\20261004_原固定几何CT真实父反馈\application_ct_original138_e118_reference\


 Compressing files in C:\Users\24848\Desktop\GraduationProject\初步实验\Geogram与PaMO组合验证\实验结果\20261004_原固定几何CT真实父反馈\application_ct_original138_e119_reference\


 Compressing files in C:\Users\24848\Desktop\GraduationProject\初步实验\Geogram与PaMO组合验证\实验结果\20261004_原固定几何CT真实父反馈\application_ct_original138_e11_candidate_boolean\


 Compressing files in C:\Users\24848\Desktop\GraduationProject\初步实验\Geogram与PaMO组合验证\实验结果\20261004_原固定几何CT真实父反馈\application_ct_original138_e11_candidate_boolean\full_geometry_checks\


 Compressing files in C:\Users\24848\Desktop\GraduationProject\初步实验\Geogram与PaMO组合验证\实验结果\20261004_原固定几何CT真实父反馈\application_ct_original138_e11_candidate_expanded\


 Compressing files in C:\Users\24848\Desktop\GraduationProject\初步实验\Geogram与PaMO组合验证\实验结果\20261004_原固定几何CT真实父反馈\application_ct_original138_e11_candidate_expanded\full_geometry_checks\


 Compressing files in C:\Users\24848\Desktop\GraduationProject\初步实验\Geogram与PaMO组合验证\实验结果\20261004_原固定几何CT真实父反馈\application_ct_original138_e11_candidate_input\


 Compressing files in C:\Users\24848\Desktop\GraduationProject\初步实验\Geogram与PaMO组合验证\实验结果\20261004_原固定几何CT真实父反馈\application_ct_original138_e11_candidate_input\full_geometry_checks\


 Compressing files in C:\Users\24848\Desktop\GraduationProject\初步实验\Geogram与PaMO组合验证\实验结果\20261004_原固定几何CT真实父反馈\application_ct_original138_e11_reference\


 Compressing files in C:\Users\24848\Desktop\GraduationProject\初步实验\Geogram与PaMO组合验证\实验结果\20261004_原固定几何CT真实父反馈\application_ct_original138_e120_reference\


 Compressing files in C:\Users\24848\Desktop\GraduationProject\初步实验\Geogram与PaMO组合验证\实验结果\20261004_原固定几何CT真实父反馈\application_ct_original138_e121_reference\


 Compressing files in C:\Users\24848\Desktop\GraduationProject\初步实验\Geogram与PaMO组合验证\实验结果\20261004_原固定几何CT真实父反馈\application_ct_original138_e122_reference\


 Compressing files in C:\Users\24848\Desktop\GraduationProject\初步实验\Geogram与PaMO组合验证\实验结果\20261004_原固定几何CT真实父反馈\application_ct_original138_e123_reference\


 Compressing files in C:\Users\24848\Desktop\GraduationProject\初步实验\Geogram与PaMO组合验证\实验结果\20261004_原固定几何CT真实父反馈\application_ct_original138_e124_reference\


 Compressing files in C:\Users\24848\Desktop\GraduationProject\初步实验\Geogram与PaMO组合验证\实验结果\20261004_原固定几何CT真实父反馈\application_ct_original138_e125_reference\


 Compressing files in C:\Users\24848\Desktop\GraduationProject\初步实验\Geogram与PaMO组合验证\实验结果\20261004_原固定几何CT真实父反馈\application_ct_original138_e126_reference\


 Compressing files in C:\Users\24848\Desktop\GraduationProject\初步实验\Geogram与PaMO组合验证\实验结果\20261004_原固定几何CT真实父反馈\application_ct_original138_e127_reference\


 Compressing files in C:\Users\24848\Desktop\GraduationProject\初步实验\Geogram与PaMO组合验证\实验结果\20261004_原固定几何CT真实父反馈\application_ct_original138_e128_reference\


 Compressing files in C:\Users\24848\Desktop\GraduationProject\初步实验\Geogram与PaMO组合验证\实验结果\20261004_原固定几何CT真实父反馈\application_ct_original138_e129_reference\


 Compressing files in C:\Users\24848\Desktop\GraduationProject\初步实验\Geogram与PaMO组合验证\实验结果\20261004_原固定几何CT真实父反馈\application_ct_original138_e12_reference\


 Compressing files in C:\Users\24848\Desktop\GraduationProject\初步实验\Geogram与PaMO组合验证\实验结果\20261004_原固定几何CT真实父反馈\application_ct_original138_e130_reference\


 Compressing files in C:\Users\24848\Desktop\GraduationProject\初步实验\Geogram与PaMO组合验证\实验结果\20261004_原固定几何CT真实父反馈\application_ct_original138_e131_reference\


 Compressing files in C:\Users\24848\Desktop\GraduationProject\初步实验\Geogram与PaMO组合验证\实验结果\20261004_原固定几何CT真实父反馈\application_ct_original138_e132_reference\


 Compressing files in C:\Users\24848\Desktop\GraduationProject\初步实验\Geogram与PaMO组合验证\实验结果\20261004_原固定几何CT真实父反馈\application_ct_original138_e133_reference\


 Compressing files in C:\Users\24848\Desktop\GraduationProject\初步实验\Geogram与PaMO组合验证\实验结果\20261004_原固定几何CT真实父反馈\application_ct_original138_e134_reference\


 Compressing files in C:\Users\24848\Desktop\GraduationProject\初步实验\Geogram与PaMO组合验证\实验结果\20261004_原固定几何CT真实父反馈\application_ct_original138_e135_reference\


 Compressing files in C:\Users\24848\Desktop\GraduationProject\初步实验\Geogram与PaMO组合验证\实验结果\20261004_原固定几何CT真实父反馈\application_ct_original138_e136_reference\


 Compressing files in C:\Users\24848\Desktop\GraduationProject\初步实验\Geogram与PaMO组合验证\实验结果\20261004_原固定几何CT真实父反馈\application_ct_original138_e137_reference\


 Compressing files in C:\Users\24848\Desktop\GraduationProject\初步实验\Geogram与PaMO组合验证\实验结果\20261004_原固定几何CT真实父反馈\application_ct_original138_e13_reference\


 Compressing files in C:\Users\24848\Desktop\GraduationProject\初步实验\Geogram与PaMO组合验证\实验结果\20261004_原固定几何CT真实父反馈\application_ct_original138_e14_reference\


 Compressing files in C:\Users\24848\Desktop\GraduationProject\初步实验\Geogram与PaMO组合验证\实验结果\20261004_原固定几何CT真实父反馈\application_ct_original138_e15_reference\


 Compressing files in C:\Users\24848\Desktop\GraduationProject\初步实验\Geogram与PaMO组合验证\实验结果\20261004_原固定几何CT真实父反馈\application_ct_original138_e16_reference\


 Compressing files in C:\Users\24848\Desktop\GraduationProject\初步实验\Geogram与PaMO组合验证\实验结果\20261004_原固定几何CT真实父反馈\application_ct_original138_e17_reference\


 Compressing files in C:\Users\24848\Desktop\GraduationProject\初步实验\Geogram与PaMO组合验证\实验结果\20261004_原固定几何CT真实父反馈\application_ct_original138_e18_reference\


 Compressing files in C:\Users\24848\Desktop\GraduationProject\初步实验\Geogram与PaMO组合验证\实验结果\20261004_原固定几何CT真实父反馈\application_ct_original138_e19_reference\


 Compressing files in C:\Users\24848\Desktop\GraduationProject\初步实验\Geogram与PaMO组合验证\实验结果\20261004_原固定几何CT真实父反馈\application_ct_original138_e1_candidate_boolean\


 Compressing files in C:\Users\24848\Desktop\GraduationProject\初步实验\Geogram与PaMO组合验证\实验结果\20261004_原固定几何CT真实父反馈\application_ct_original138_e1_candidate_boolean\full_geometry_checks\


 Compressing files in C:\Users\24848\Desktop\GraduationProject\初步实验\Geogram与PaMO组合验证\实验结果\20261004_原固定几何CT真实父反馈\application_ct_original138_e1_candidate_input\


 Compressing files in C:\Users\24848\Desktop\GraduationProject\初步实验\Geogram与PaMO组合验证\实验结果\20261004_原固定几何CT真实父反馈\application_ct_original138_e1_candidate_input\full_geometry_checks\


 Compressing files in C:\Users\24848\Desktop\GraduationProject\初步实验\Geogram与PaMO组合验证\实验结果\20261004_原固定几何CT真实父反馈\application_ct_original138_e1_reference\


 Compressing files in C:\Users\24848\Desktop\GraduationProject\初步实验\Geogram与PaMO组合验证\实验结果\20261004_原固定几何CT真实父反馈\application_ct_original138_e1_reference\full_geometry_checks\


 Compressing files in C:\Users\24848\Desktop\GraduationProject\初步实验\Geogram与PaMO组合验证\实验结果\20261004_原固定几何CT真实父反馈\application_ct_original138_e20_reference\


 Compressing files in C:\Users\24848\Desktop\GraduationProject\初步实验\Geogram与PaMO组合验证\实验结果\20261004_原固定几何CT真实父反馈\application_ct_original138_e21_reference\


 Compressing files in C:\Users\24848\Desktop\GraduationProject\初步实验\Geogram与PaMO组合验证\实验结果\20261004_原固定几何CT真实父反馈\application_ct_original138_e22_reference\


 Compressing files in C:\Users\24848\Desktop\GraduationProject\初步实验\Geogram与PaMO组合验证\实验结果\20261004_原固定几何CT真实父反馈\application_ct_original138_e23_reference\


 Compressing files in C:\Users\24848\Desktop\GraduationProject\初步实验\Geogram与PaMO组合验证\实验结果\20261004_原固定几何CT真实父反馈\application_ct_original138_e24_reference\


 Compressing files in C:\Users\24848\Desktop\GraduationProject\初步实验\Geogram与PaMO组合验证\实验结果\20261004_原固定几何CT真实父反馈\application_ct_original138_e25_reference\


 Compressing files in C:\Users\24848\Desktop\GraduationProject\初步实验\Geogram与PaMO组合验证\实验结果\20261004_原固定几何CT真实父反馈\application_ct_original138_e26_reference\


 Compressing files in C:\Users\24848\Desktop\GraduationProject\初步实验\Geogram与PaMO组合验证\实验结果\20261004_原固定几何CT真实父反馈\application_ct_original138_e27_reference\


 Compressing files in C:\Users\24848\Desktop\GraduationProject\初步实验\Geogram与PaMO组合验证\实验结果\20261004_原固定几何CT真实父反馈\application_ct_original138_e28_reference\


 Compressing files in C:\Users\24848\Desktop\GraduationProject\初步实验\Geogram与PaMO组合验证\实验结果\20261004_原固定几何CT真实父反馈\application_ct_original138_e29_reference\


 Compressing files in C:\Users\24848\Desktop\GraduationProject\初步实验\Geogram与PaMO组合验证\实验结果\20261004_原固定几何CT真实父反馈\application_ct_original138_e2_candidate_boolean\


 Compressing files in C:\Users\24848\Desktop\GraduationProject\初步实验\Geogram与PaMO组合验证\实验结果\20261004_原固定几何CT真实父反馈\application_ct_original138_e2_candidate_boolean\full_geometry_checks\


 Compressing files in C:\Users\24848\Desktop\GraduationProject\初步实验\Geogram与PaMO组合验证\实验结果\20261004_原固定几何CT真实父反馈\application_ct_original138_e2_candidate_input\


 Compressing files in C:\Users\24848\Desktop\GraduationProject\初步实验\Geogram与PaMO组合验证\实验结果\20261004_原固定几何CT真实父反馈\application_ct_original138_e2_candidate_input\full_geometry_checks\


 Compressing files in C:\Users\24848\Desktop\GraduationProject\初步实验\Geogram与PaMO组合验证\实验结果\20261004_原固定几何CT真实父反馈\application_ct_original138_e2_reference\


 Compressing files in C:\Users\24848\Desktop\GraduationProject\初步实验\Geogram与PaMO组合验证\实验结果\20261004_原固定几何CT真实父反馈\application_ct_original138_e2_reference\full_geometry_checks\


 Compressing files in C:\Users\24848\Desktop\GraduationProject\初步实验\Geogram与PaMO组合验证\实验结果\20261004_原固定几何CT真实父反馈\application_ct_original138_e30_reference\


 Compressing files in C:\Users\24848\Desktop\GraduationProject\初步实验\Geogram与PaMO组合验证\实验结果\20261004_原固定几何CT真实父反馈\application_ct_original138_e31_reference\


 Compressing files in C:\Users\24848\Desktop\GraduationProject\初步实验\Geogram与PaMO组合验证\实验结果\20261004_原固定几何CT真实父反馈\application_ct_original138_e32_reference\


 Compressing files in C:\Users\24848\Desktop\GraduationProject\初步实验\Geogram与PaMO组合验证\实验结果\20261004_原固定几何CT真实父反馈\application_ct_original138_e33_reference\


 Compressing files in C:\Users\24848\Desktop\GraduationProject\初步实验\Geogram与PaMO组合验证\实验结果\20261004_原固定几何CT真实父反馈\application_ct_original138_e34_reference\


 Compressing files in C:\Users\24848\Desktop\GraduationProject\初步实验\Geogram与PaMO组合验证\实验结果\20261004_原固定几何CT真实父反馈\application_ct_original138_e35_reference\


 Compressing files in C:\Users\24848\Desktop\GraduationProject\初步实验\Geogram与PaMO组合验证\实验结果\20261004_原固定几何CT真实父反馈\application_ct_original138_e36_reference\


 Compressing files in C:\Users\24848\Desktop\GraduationProject\初步实验\Geogram与PaMO组合验证\实验结果\20261004_原固定几何CT真实父反馈\application_ct_original138_e37_reference\


 Compressing files in C:\Users\24848\Desktop\GraduationProject\初步实验\Geogram与PaMO组合验证\实验结果\20261004_原固定几何CT真实父反馈\application_ct_original138_e38_reference\


 Compressing files in C:\Users\24848\Desktop\GraduationProject\初步实验\Geogram与PaMO组合验证\实验结果\20261004_原固定几何CT真实父反馈\application_ct_original138_e39_reference\


 Compressing files in C:\Users\24848\Desktop\GraduationProject\初步实验\Geogram与PaMO组合验证\实验结果\20261004_原固定几何CT真实父反馈\application_ct_original138_e3_candidate_boolean\


 Compressing files in C:\Users\24848\Desktop\GraduationProject\初步实验\Geogram与PaMO组合验证\实验结果\20261004_原固定几何CT真实父反馈\application_ct_original138_e3_candidate_boolean\full_geometry_checks\


 Compressing files in C:\Users\24848\Desktop\GraduationProject\初步实验\Geogram与PaMO组合验证\实验结果\20261004_原固定几何CT真实父反馈\application_ct_original138_e3_candidate_input\


 Compressing files in C:\Users\24848\Desktop\GraduationProject\初步实验\Geogram与PaMO组合验证\实验结果\20261004_原固定几何CT真实父反馈\application_ct_original138_e3_candidate_input\full_geometry_checks\


 Compressing files in C:\Users\24848\Desktop\GraduationProject\初步实验\Geogram与PaMO组合验证\实验结果\20261004_原固定几何CT真实父反馈\application_ct_original138_e3_reference\


 Compressing files in C:\Users\24848\Desktop\GraduationProject\初步实验\Geogram与PaMO组合验证\实验结果\20261004_原固定几何CT真实父反馈\application_ct_original138_e3_reference\full_geometry_checks\


 Compressing files in C:\Users\24848\Desktop\GraduationProject\初步实验\Geogram与PaMO组合验证\实验结果\20261004_原固定几何CT真实父反馈\application_ct_original138_e40_reference\


 Compressing files in C:\Users\24848\Desktop\GraduationProject\初步实验\Geogram与PaMO组合验证\实验结果\20261004_原固定几何CT真实父反馈\application_ct_original138_e41_reference\


 Compressing files in C:\Users\24848\Desktop\GraduationProject\初步实验\Geogram与PaMO组合验证\实验结果\20261004_原固定几何CT真实父反馈\application_ct_original138_e42_reference\


 Compressing files in C:\Users\24848\Desktop\GraduationProject\初步实验\Geogram与PaMO组合验证\实验结果\20261004_原固定几何CT真实父反馈\application_ct_original138_e43_reference\


 Compressing files in C:\Users\24848\Desktop\GraduationProject\初步实验\Geogram与PaMO组合验证\实验结果\20261004_原固定几何CT真实父反馈\application_ct_original138_e44_reference\


 Compressing files in C:\Users\24848\Desktop\GraduationProject\初步实验\Geogram与PaMO组合验证\实验结果\20261004_原固定几何CT真实父反馈\application_ct_original138_e45_reference\


 Compressing files in C:\Users\24848\Desktop\GraduationProject\初步实验\Geogram与PaMO组合验证\实验结果\20261004_原固定几何CT真实父反馈\application_ct_original138_e46_reference\


 Compressing files in C:\Users\24848\Desktop\GraduationProject\初步实验\Geogram与PaMO组合验证\实验结果\20261004_原固定几何CT真实父反馈\application_ct_original138_e47_reference\


 Compressing files in C:\Users\24848\Desktop\GraduationProject\初步实验\Geogram与PaMO组合验证\实验结果\20261004_原固定几何CT真实父反馈\application_ct_original138_e48_reference\


 Compressing files in C:\Users\24848\Desktop\GraduationProject\初步实验\Geogram与PaMO组合验证\实验结果\20261004_原固定几何CT真实父反馈\application_ct_original138_e49_reference\


 Compressing files in C:\Users\24848\Desktop\GraduationProject\初步实验\Geogram与PaMO组合验证\实验结果\20261004_原固定几何CT真实父反馈\application_ct_original138_e4_candidate_boolean\


 Compressing files in C:\Users\24848\Desktop\GraduationProject\初步实验\Geogram与PaMO组合验证\实验结果\20261004_原固定几何CT真实父反馈\application_ct_original138_e4_candidate_boolean\full_geometry_checks\


 Compressing files in C:\Users\24848\Desktop\GraduationProject\初步实验\Geogram与PaMO组合验证\实验结果\20261004_原固定几何CT真实父反馈\application_ct_original138_e4_candidate_input\


 Compressing files in C:\Users\24848\Desktop\GraduationProject\初步实验\Geogram与PaMO组合验证\实验结果\20261004_原固定几何CT真实父反馈\application_ct_original138_e4_candidate_input\full_geometry_checks\


 Compressing files in C:\Users\24848\Desktop\GraduationProject\初步实验\Geogram与PaMO组合验证\实验结果\20261004_原固定几何CT真实父反馈\application_ct_original138_e4_reference\


 Compressing files in C:\Users\24848\Desktop\GraduationProject\初步实验\Geogram与PaMO组合验证\实验结果\20261004_原固定几何CT真实父反馈\application_ct_original138_e4_reference\full_geometry_checks\


 Compressing files in C:\Users\24848\Desktop\GraduationProject\初步实验\Geogram与PaMO组合验证\实验结果\20261004_原固定几何CT真实父反馈\application_ct_original138_e50_reference\


 Compressing files in C:\Users\24848\Desktop\GraduationProject\初步实验\Geogram与PaMO组合验证\实验结果\20261004_原固定几何CT真实父反馈\application_ct_original138_e51_reference\


 Compressing files in C:\Users\24848\Desktop\GraduationProject\初步实验\Geogram与PaMO组合验证\实验结果\20261004_原固定几何CT真实父反馈\application_ct_original138_e52_reference\


 Compressing files in C:\Users\24848\Desktop\GraduationProject\初步实验\Geogram与PaMO组合验证\实验结果\20261004_原固定几何CT真实父反馈\application_ct_original138_e53_reference\


 Compressing files in C:\Users\24848\Desktop\GraduationProject\初步实验\Geogram与PaMO组合验证\实验结果\20261004_原固定几何CT真实父反馈\application_ct_original138_e54_reference\


 Compressing files in C:\Users\24848\Desktop\GraduationProject\初步实验\Geogram与PaMO组合验证\实验结果\20261004_原固定几何CT真实父反馈\application_ct_original138_e55_reference\


 Compressing files in C:\Users\24848\Desktop\GraduationProject\初步实验\Geogram与PaMO组合验证\实验结果\20261004_原固定几何CT真实父反馈\application_ct_original138_e56_reference\


 Compressing files in C:\Users\24848\Desktop\GraduationProject\初步实验\Geogram与PaMO组合验证\实验结果\20261004_原固定几何CT真实父反馈\application_ct_original138_e57_reference\


 Compressing files in C:\Users\24848\Desktop\GraduationProject\初步实验\Geogram与PaMO组合验证\实验结果\20261004_原固定几何CT真实父反馈\application_ct_original138_e58_reference\


 Compressing files in C:\Users\24848\Desktop\GraduationProject\初步实验\Geogram与PaMO组合验证\实验结果\20261004_原固定几何CT真实父反馈\application_ct_original138_e59_reference\


 Compressing files in C:\Users\24848\Desktop\GraduationProject\初步实验\Geogram与PaMO组合验证\实验结果\20261004_原固定几何CT真实父反馈\application_ct_original138_e5_candidate_boolean\


 Compressing files in C:\Users\24848\Desktop\GraduationProject\初步实验\Geogram与PaMO组合验证\实验结果\20261004_原固定几何CT真实父反馈\application_ct_original138_e5_candidate_boolean\full_geometry_checks\


 Compressing files in C:\Users\24848\Desktop\GraduationProject\初步实验\Geogram与PaMO组合验证\实验结果\20261004_原固定几何CT真实父反馈\application_ct_original138_e5_candidate_input\


 Compressing files in C:\Users\24848\Desktop\GraduationProject\初步实验\Geogram与PaMO组合验证\实验结果\20261004_原固定几何CT真实父反馈\application_ct_original138_e5_candidate_input\full_geometry_checks\


 Compressing files in C:\Users\24848\Desktop\GraduationProject\初步实验\Geogram与PaMO组合验证\实验结果\20261004_原固定几何CT真实父反馈\application_ct_original138_e5_reference\


 Compressing files in C:\Users\24848\Desktop\GraduationProject\初步实验\Geogram与PaMO组合验证\实验结果\20261004_原固定几何CT真实父反馈\application_ct_original138_e5_reference\full_geometry_checks\


 Compressing files in C:\Users\24848\Desktop\GraduationProject\初步实验\Geogram与PaMO组合验证\实验结果\20261004_原固定几何CT真实父反馈\application_ct_original138_e60_reference\


 Compressing files in C:\Users\24848\Desktop\GraduationProject\初步实验\Geogram与PaMO组合验证\实验结果\20261004_原固定几何CT真实父反馈\application_ct_original138_e61_reference\


 Compressing files in C:\Users\24848\Desktop\GraduationProject\初步实验\Geogram与PaMO组合验证\实验结果\20261004_原固定几何CT真实父反馈\application_ct_original138_e62_reference\


 Compressing files in C:\Users\24848\Desktop\GraduationProject\初步实验\Geogram与PaMO组合验证\实验结果\20261004_原固定几何CT真实父反馈\application_ct_original138_e63_reference\


 Compressing files in C:\Users\24848\Desktop\GraduationProject\初步实验\Geogram与PaMO组合验证\实验结果\20261004_原固定几何CT真实父反馈\application_ct_original138_e64_reference\


 Compressing files in C:\Users\24848\Desktop\GraduationProject\初步实验\Geogram与PaMO组合验证\实验结果\20261004_原固定几何CT真实父反馈\application_ct_original138_e65_reference\


 Compressing files in C:\Users\24848\Desktop\GraduationProject\初步实验\Geogram与PaMO组合验证\实验结果\20261004_原固定几何CT真实父反馈\application_ct_original138_e66_reference\


 Compressing files in C:\Users\24848\Desktop\GraduationProject\初步实验\Geogram与PaMO组合验证\实验结果\20261004_原固定几何CT真实父反馈\application_ct_original138_e67_reference\


 Compressing files in C:\Users\24848\Desktop\GraduationProject\初步实验\Geogram与PaMO组合验证\实验结果\20261004_原固定几何CT真实父反馈\application_ct_original138_e68_reference\


 Compressing files in C:\Users\24848\Desktop\GraduationProject\初步实验\Geogram与PaMO组合验证\实验结果\20261004_原固定几何CT真实父反馈\application_ct_original138_e69_reference\


 Compressing files in C:\Users\24848\Desktop\GraduationProject\初步实验\Geogram与PaMO组合验证\实验结果\20261004_原固定几何CT真实父反馈\application_ct_original138_e6_candidate_boolean\


 Compressing files in C:\Users\24848\Desktop\GraduationProject\初步实验\Geogram与PaMO组合验证\实验结果\20261004_原固定几何CT真实父反馈\application_ct_original138_e6_candidate_boolean\full_geometry_checks\


 Compressing files in C:\Users\24848\Desktop\GraduationProject\初步实验\Geogram与PaMO组合验证\实验结果\20261004_原固定几何CT真实父反馈\application_ct_original138_e6_candidate_input\


 Compressing files in C:\Users\24848\Desktop\GraduationProject\初步实验\Geogram与PaMO组合验证\实验结果\20261004_原固定几何CT真实父反馈\application_ct_original138_e6_candidate_input\full_geometry_checks\


 Compressing files in C:\Users\24848\Desktop\GraduationProject\初步实验\Geogram与PaMO组合验证\实验结果\20261004_原固定几何CT真实父反馈\application_ct_original138_e6_reference\


 Compressing files in C:\Users\24848\Desktop\GraduationProject\初步实验\Geogram与PaMO组合验证\实验结果\20261004_原固定几何CT真实父反馈\application_ct_original138_e6_reference\full_geometry_checks\


 Compressing files in C:\Users\24848\Desktop\GraduationProject\初步实验\Geogram与PaMO组合验证\实验结果\20261004_原固定几何CT真实父反馈\application_ct_original138_e70_reference\


 Compressing files in C:\Users\24848\Desktop\GraduationProject\初步实验\Geogram与PaMO组合验证\实验结果\20261004_原固定几何CT真实父反馈\application_ct_original138_e71_reference\


 Compressing files in C:\Users\24848\Desktop\GraduationProject\初步实验\Geogram与PaMO组合验证\实验结果\20261004_原固定几何CT真实父反馈\application_ct_original138_e72_reference\


 Compressing files in C:\Users\24848\Desktop\GraduationProject\初步实验\Geogram与PaMO组合验证\实验结果\20261004_原固定几何CT真实父反馈\application_ct_original138_e73_reference\


 Compressing files in C:\Users\24848\Desktop\GraduationProject\初步实验\Geogram与PaMO组合验证\实验结果\20261004_原固定几何CT真实父反馈\application_ct_original138_e74_reference\


 Compressing files in C:\Users\24848\Desktop\GraduationProject\初步实验\Geogram与PaMO组合验证\实验结果\20261004_原固定几何CT真实父反馈\application_ct_original138_e75_reference\


 Compressing files in C:\Users\24848\Desktop\GraduationProject\初步实验\Geogram与PaMO组合验证\实验结果\20261004_原固定几何CT真实父反馈\application_ct_original138_e76_reference\


 Compressing files in C:\Users\24848\Desktop\GraduationProject\初步实验\Geogram与PaMO组合验证\实验结果\20261004_原固定几何CT真实父反馈\application_ct_original138_e77_reference\


 Compressing files in C:\Users\24848\Desktop\GraduationProject\初步实验\Geogram与PaMO组合验证\实验结果\20261004_原固定几何CT真实父反馈\application_ct_original138_e78_reference\


 Compressing files in C:\Users\24848\Desktop\GraduationProject\初步实验\Geogram与PaMO组合验证\实验结果\20261004_原固定几何CT真实父反馈\application_ct_original138_e79_reference\


 Compressing files in C:\Users\24848\Desktop\GraduationProject\初步实验\Geogram与PaMO组合验证\实验结果\20261004_原固定几何CT真实父反馈\application_ct_original138_e7_candidate_boolean\


 Compressing files in C:\Users\24848\Desktop\GraduationProject\初步实验\Geogram与PaMO组合验证\实验结果\20261004_原固定几何CT真实父反馈\application_ct_original138_e7_candidate_boolean\full_geometry_checks\


 Compressing files in C:\Users\24848\Desktop\GraduationProject\初步实验\Geogram与PaMO组合验证\实验结果\20261004_原固定几何CT真实父反馈\application_ct_original138_e7_candidate_input\


 Compressing files in C:\Users\24848\Desktop\GraduationProject\初步实验\Geogram与PaMO组合验证\实验结果\20261004_原固定几何CT真实父反馈\application_ct_original138_e7_candidate_input\full_geometry_checks\


 Compressing files in C:\Users\24848\Desktop\GraduationProject\初步实验\Geogram与PaMO组合验证\实验结果\20261004_原固定几何CT真实父反馈\application_ct_original138_e7_reference\


 Compressing files in C:\Users\24848\Desktop\GraduationProject\初步实验\Geogram与PaMO组合验证\实验结果\20261004_原固定几何CT真实父反馈\application_ct_original138_e7_reference\full_geometry_checks\


 Compressing files in C:\Users\24848\Desktop\GraduationProject\初步实验\Geogram与PaMO组合验证\实验结果\20261004_原固定几何CT真实父反馈\application_ct_original138_e80_reference\


 Compressing files in C:\Users\24848\Desktop\GraduationProject\初步实验\Geogram与PaMO组合验证\实验结果\20261004_原固定几何CT真实父反馈\application_ct_original138_e81_reference\


 Compressing files in C:\Users\24848\Desktop\GraduationProject\初步实验\Geogram与PaMO组合验证\实验结果\20261004_原固定几何CT真实父反馈\application_ct_original138_e82_reference\


 Compressing files in C:\Users\24848\Desktop\GraduationProject\初步实验\Geogram与PaMO组合验证\实验结果\20261004_原固定几何CT真实父反馈\application_ct_original138_e83_reference\


 Compressing files in C:\Users\24848\Desktop\GraduationProject\初步实验\Geogram与PaMO组合验证\实验结果\20261004_原固定几何CT真实父反馈\application_ct_original138_e84_reference\


 Compressing files in C:\Users\24848\Desktop\GraduationProject\初步实验\Geogram与PaMO组合验证\实验结果\20261004_原固定几何CT真实父反馈\application_ct_original138_e85_reference\


 Compressing files in C:\Users\24848\Desktop\GraduationProject\初步实验\Geogram与PaMO组合验证\实验结果\20261004_原固定几何CT真实父反馈\application_ct_original138_e86_reference\


 Compressing files in C:\Users\24848\Desktop\GraduationProject\初步实验\Geogram与PaMO组合验证\实验结果\20261004_原固定几何CT真实父反馈\application_ct_original138_e87_reference\


 Compressing files in C:\Users\24848\Desktop\GraduationProject\初步实验\Geogram与PaMO组合验证\实验结果\20261004_原固定几何CT真实父反馈\application_ct_original138_e88_reference\


 Compressing files in C:\Users\24848\Desktop\GraduationProject\初步实验\Geogram与PaMO组合验证\实验结果\20261004_原固定几何CT真实父反馈\application_ct_original138_e89_reference\


 Compressing files in C:\Users\24848\Desktop\GraduationProject\初步实验\Geogram与PaMO组合验证\实验结果\20261004_原固定几何CT真实父反馈\application_ct_original138_e8_candidate_boolean\


 Compressing files in C:\Users\24848\Desktop\GraduationProject\初步实验\Geogram与PaMO组合验证\实验结果\20261004_原固定几何CT真实父反馈\application_ct_original138_e8_candidate_boolean\full_geometry_checks\


 Compressing files in C:\Users\24848\Desktop\GraduationProject\初步实验\Geogram与PaMO组合验证\实验结果\20261004_原固定几何CT真实父反馈\application_ct_original138_e8_candidate_input\


 Compressing files in C:\Users\24848\Desktop\GraduationProject\初步实验\Geogram与PaMO组合验证\实验结果\20261004_原固定几何CT真实父反馈\application_ct_original138_e8_candidate_input\full_geometry_checks\


 Compressing files in C:\Users\24848\Desktop\GraduationProject\初步实验\Geogram与PaMO组合验证\实验结果\20261004_原固定几何CT真实父反馈\application_ct_original138_e8_reference\


 Compressing files in C:\Users\24848\Desktop\GraduationProject\初步实验\Geogram与PaMO组合验证\实验结果\20261004_原固定几何CT真实父反馈\application_ct_original138_e8_reference\full_geometry_checks\


 Compressing files in C:\Users\24848\Desktop\GraduationProject\初步实验\Geogram与PaMO组合验证\实验结果\20261004_原固定几何CT真实父反馈\application_ct_original138_e90_reference\


 Compressing files in C:\Users\24848\Desktop\GraduationProject\初步实验\Geogram与PaMO组合验证\实验结果\20261004_原固定几何CT真实父反馈\application_ct_original138_e91_reference\


 Compressing files in C:\Users\24848\Desktop\GraduationProject\初步实验\Geogram与PaMO组合验证\实验结果\20261004_原固定几何CT真实父反馈\application_ct_original138_e92_reference\


 Compressing files in C:\Users\24848\Desktop\GraduationProject\初步实验\Geogram与PaMO组合验证\实验结果\20261004_原固定几何CT真实父反馈\application_ct_original138_e93_reference\


 Compressing files in C:\Users\24848\Desktop\GraduationProject\初步实验\Geogram与PaMO组合验证\实验结果\20261004_原固定几何CT真实父反馈\application_ct_original138_e94_reference\


 Compressing files in C:\Users\24848\Desktop\GraduationProject\初步实验\Geogram与PaMO组合验证\实验结果\20261004_原固定几何CT真实父反馈\application_ct_original138_e95_reference\


 Compressing files in C:\Users\24848\Desktop\GraduationProject\初步实验\Geogram与PaMO组合验证\实验结果\20261004_原固定几何CT真实父反馈\application_ct_original138_e96_reference\


 Compressing files in C:\Users\24848\Desktop\GraduationProject\初步实验\Geogram与PaMO组合验证\实验结果\20261004_原固定几何CT真实父反馈\application_ct_original138_e97_reference\


 Compressing files in C:\Users\24848\Desktop\GraduationProject\初步实验\Geogram与PaMO组合验证\实验结果\20261004_原固定几何CT真实父反馈\application_ct_original138_e98_reference\


 Compressing files in C:\Users\24848\Desktop\GraduationProject\初步实验\Geogram与PaMO组合验证\实验结果\20261004_原固定几何CT真实父反馈\application_ct_original138_e99_reference\


 Compressing files in C:\Users\24848\Desktop\GraduationProject\初步实验\Geogram与PaMO组合验证\实验结果\20261004_原固定几何CT真实父反馈\application_ct_original138_e9_candidate_boolean\


 Compressing files in C:\Users\24848\Desktop\GraduationProject\初步实验\Geogram与PaMO组合验证\实验结果\20261004_原固定几何CT真实父反馈\application_ct_original138_e9_candidate_boolean\full_geometry_checks\


 Compressing files in C:\Users\24848\Desktop\GraduationProject\初步实验\Geogram与PaMO组合验证\实验结果\20261004_原固定几何CT真实父反馈\application_ct_original138_e9_candidate_input\


 Compressing files in C:\Users\24848\Desktop\GraduationProject\初步实验\Geogram与PaMO组合验证\实验结果\20261004_原固定几何CT真实父反馈\application_ct_original138_e9_candidate_input\full_geometry_checks\


 Compressing files in C:\Users\24848\Desktop\GraduationProject\初步实验\Geogram与PaMO组合验证\实验结果\20261004_原固定几何CT真实父反馈\application_ct_original138_e9_reference\


 Compressing files in C:\Users\24848\Desktop\GraduationProject\初步实验\Geogram与PaMO组合验证\实验结果\20261004_原固定几何CT真实父反馈\application_ct_original138_e9_reference\full_geometry_checks\


 Compressing files in C:\Users\24848\Desktop\GraduationProject\初步实验\Geogram与PaMO组合验证\实验结果\20261004_原固定几何CT真实父反馈\full_geometry_checks\


1047 files within 306 directories were compressed.
624,473,615 total bytes of data are stored in 372,402,343 bytes.
The compression ratio is 1.7 to 1.
